D:\Dissertação\dissertation-bopo_introduction\venv\Lib\site-packages\torch\jit\_script.py:1485: FutureWarning: `torch.jit.script` is not supported in Python 3.14+ and may break. Please switch to `torch.compile` or `torch.export`.
  warnings.warn(
============================================================
[TRAIN] Training started at: 2026-09-23 09:42:04
[TRAIN] Hyperparams | max_steps=400 | new_freq=200
[TRAIN]             | n_cases=30 | B=32 | K=10 | use_greedy=True | lr=0.0005 (decaying to 1.00e-04)
[TRAIN]             | warm_start_steps=200 | checkpoint_smooth_window=3 | seed=42
[TRAIN]             | hidden_channels=128 | num_layers=3 | heads=3
[TRAIN] Representation | ojm | GNN | transformer
[TRAIN] Problem size | jobs=[8,10] | machines=[5,10] | ops_per_job=[5,6] | max_proc=100
============================================================
[TRAIN] Output run folder: results\ablation_ojm_transformer_layers3
[TRAIN] Validation config | every=25 steps | instances=40 (representative subset)
[TRAIN] Warm-start (behavior cloning vs. dispatch heuristic) | 200 step(s)...
[TRAIN][WARMSTART] step 10/200 | instance=5 | bc_loss=1.5358 | decisions=51
[TRAIN][WARMSTART] step 20/200 | instance=17 | bc_loss=1.1970 | decisions=51
[TRAIN][WARMSTART] step 30/200 | instance=6 | bc_loss=1.0803 | decisions=48
[TRAIN][WARMSTART] step 40/200 | instance=20 | bc_loss=1.4233 | decisions=51
[TRAIN][WARMSTART] step 50/200 | instance=3 | bc_loss=1.2009 | decisions=46
[TRAIN][WARMSTART] step 60/200 | instance=24 | bc_loss=1.0210 | decisions=44
[TRAIN][WARMSTART] step 70/200 | instance=20 | bc_loss=1.0594 | decisions=51
[TRAIN][WARMSTART] step 80/200 | instance=0 | bc_loss=0.9473 | decisions=49
[TRAIN][WARMSTART] step 90/200 | instance=0 | bc_loss=0.9566 | decisions=49
[TRAIN][WARMSTART] step 100/200 | instance=4 | bc_loss=0.8887 | decisions=47
[TRAIN][WARMSTART] step 110/200 | instance=0 | bc_loss=0.9467 | decisions=49
[TRAIN][WARMSTART] step 120/200 | instance=13 | bc_loss=0.8174 | decisions=53
[TRAIN][WARMSTART] step 130/200 | instance=12 | bc_loss=0.8032 | decisions=41
[TRAIN][WARMSTART] step 140/200 | instance=10 | bc_loss=0.9635 | decisions=54
[TRAIN][WARMSTART] step 150/200 | instance=2 | bc_loss=0.8246 | decisions=55
[TRAIN][WARMSTART] step 160/200 | instance=25 | bc_loss=1.0950 | decisions=52
[TRAIN][WARMSTART] step 170/200 | instance=22 | bc_loss=0.8103 | decisions=43
[TRAIN][WARMSTART] step 180/200 | instance=18 | bc_loss=0.7100 | decisions=41
[TRAIN][WARMSTART] step 190/200 | instance=10 | bc_loss=0.8582 | decisions=54
[TRAIN][WARMSTART] step 200/200 | instance=3 | bc_loss=0.9870 | decisions=46
[TRAIN] Warm-start complete, switching to BOPO preference optimization.
------------------------------------------------------------
[TRAIN] BOPO agent ready. Starting training loop for 400 step(s)...
------------------------------------------------------------
[TRAIN] Step 1/400 | 10:13:29
[TRAIN] Step 1 | Loss=16.082417 | Best makespan in group=426.00
[TRAIN] Step 2/400 | 10:16:06
[TRAIN] Step 2 | Loss=14.824395 | Best makespan in group=536.00
[TRAIN] Step 3/400 | 10:17:31
[TRAIN] Step 3 | Loss=2.241751 | Best makespan in group=535.00
[TRAIN] Step 4/400 | 10:19:30
[TRAIN] Step 4 | Loss=0.980412 | Best makespan in group=485.00
[TRAIN] Step 5/400 | 10:21:29
[TRAIN] Step 5 | Loss=15.992591 | Best makespan in group=394.00
[TRAIN] Step 6/400 | 10:23:37
[TRAIN] Step 6 | Loss=0.120733 | Best makespan in group=521.00
[TRAIN] Step 7/400 | 10:24:36
[TRAIN] Step 7 | Loss=0.031433 | Best makespan in group=594.00
[TRAIN] Step 8/400 | 10:27:21
[TRAIN] Step 8 | Loss=5.889729 | Best makespan in group=426.00
[TRAIN] Step 9/400 | 10:30:15
[TRAIN] Step 9 | Loss=0.007207 | Best makespan in group=626.00
[TRAIN] Step 10/400 | 10:31:13
[TRAIN] Step 10 | Loss=1.843534 | Best makespan in group=358.00
[TRAIN] Step 11/400 | 10:33:17
[TRAIN] Step 11 | Loss=0.599891 | Best makespan in group=533.00
[TRAIN] Step 12/400 | 10:34:53
[TRAIN] Step 12 | Loss=8.136854 | Best makespan in group=411.00
[TRAIN] Step 13/400 | 10:36:17
[TRAIN] Step 13 | Loss=0.019828 | Best makespan in group=462.00
[TRAIN] Step 14/400 | 10:38:16
[TRAIN] Step 14 | Loss=6.642457 | Best makespan in group=509.00
[TRAIN] Step 15/400 | 10:39:33
[TRAIN] Step 15 | Loss=0.001068 | Best makespan in group=562.00
[TRAIN] Step 16/400 | 10:40:40
[TRAIN] Step 16 | Loss=0.006795 | Best makespan in group=462.00
[TRAIN] Step 17/400 | 10:42:17
[TRAIN] Step 17 | Loss=0.003031 | Best makespan in group=385.00
[TRAIN] Step 18/400 | 10:43:55
[TRAIN] Step 18 | Loss=0.067071 | Best makespan in group=342.00
[TRAIN] Step 19/400 | 10:45:09
[TRAIN] Step 19 | Loss=0.238122 | Best makespan in group=342.00
[TRAIN] Step 20/400 | 10:46:36
[TRAIN] Step 20 | Loss=0.000192 | Best makespan in group=557.00
[TRAIN] Step 21/400 | 10:47:50
[TRAIN] Step 21 | Loss=0.352167 | Best makespan in group=460.00
[TRAIN] Step 22/400 | 10:49:49
[TRAIN] Step 22 | Loss=0.000001 | Best makespan in group=416.00
[TRAIN] Step 23/400 | 10:51:31
[TRAIN] Step 23 | Loss=0.000002 | Best makespan in group=411.00
[TRAIN] Step 24/400 | 10:52:20
[TRAIN] Step 24 | Loss=0.000006 | Best makespan in group=407.00
[TRAIN] Step 25/400 | 10:53:25
[TRAIN] Step 25 | Loss=0.621164 | Best makespan in group=399.00
[TRAIN][VAL][ep 25] avg_gap=0.1043 | std_gap=0.0510 | q80_gap=0.1319 | n=40
[TRAIN] Validation improved | smoothed_avg_gap=0.1043 (raw=0.1043) | saving candidate: 805477118142142.pth
[TRAIN] Step 26/400 | 10:59:48
[TRAIN] Step 26 | Loss=0.000008 | Best makespan in group=384.00
[TRAIN] Step 27/400 | 11:00:52
[TRAIN] Step 27 | Loss=0.402704 | Best makespan in group=454.00
[TRAIN] Step 28/400 | 11:02:00
[TRAIN] Step 28 | Loss=0.000000 | Best makespan in group=431.00
[TRAIN] Step 29/400 | 11:02:51
[TRAIN] Step 29 | Loss=0.679458 | Best makespan in group=447.00
[TRAIN] Step 30/400 | 11:03:52
[TRAIN] Step 30 | Loss=0.000003 | Best makespan in group=448.00
[TRAIN] Step 31/400 | 11:04:52
[TRAIN] Step 31 | Loss=0.052271 | Best makespan in group=474.00
[TRAIN] Step 32/400 | 11:06:35
[TRAIN] Step 32 | Loss=0.000001 | Best makespan in group=354.00
[TRAIN] Step 33/400 | 11:09:50
[TRAIN] Step 33 | Loss=1.462883 | Best makespan in group=395.00
[TRAIN] Step 34/400 | 11:10:58
[TRAIN] Step 34 | Loss=0.000019 | Best makespan in group=423.00
[TRAIN] Step 35/400 | 11:13:13
[TRAIN] Step 35 | Loss=0.022381 | Best makespan in group=503.00
[TRAIN] Step 36/400 | 11:14:28
[TRAIN] Step 36 | Loss=0.010704 | Best makespan in group=393.00
[TRAIN] Step 37/400 | 11:19:01
[TRAIN] Step 37 | Loss=0.009130 | Best makespan in group=379.00
[TRAIN] Step 38/400 | 11:20:57
[TRAIN] Step 38 | Loss=0.029249 | Best makespan in group=408.00
[TRAIN] Step 39/400 | 11:22:25
[TRAIN] Step 39 | Loss=0.000927 | Best makespan in group=434.00
[TRAIN] Step 40/400 | 11:23:49
[TRAIN] Step 40 | Loss=0.019551 | Best makespan in group=336.00
[TRAIN] Step 41/400 | 11:25:21
[TRAIN] Step 41 | Loss=0.001415 | Best makespan in group=346.00
[TRAIN] Step 42/400 | 11:29:28
[TRAIN] Step 42 | Loss=0.000185 | Best makespan in group=463.00
[TRAIN] Step 43/400 | 11:31:15
[TRAIN] Step 43 | Loss=0.017746 | Best makespan in group=376.00
[TRAIN] Step 44/400 | 11:34:40
[TRAIN] Step 44 | Loss=0.000004 | Best makespan in group=360.00
[TRAIN] Step 45/400 | 11:35:53
[TRAIN] Step 45 | Loss=0.000014 | Best makespan in group=559.00
[TRAIN] Step 46/400 | 11:37:07
[TRAIN] Step 46 | Loss=0.000029 | Best makespan in group=493.00
[TRAIN] Step 47/400 | 11:38:33
[TRAIN] Step 47 | Loss=0.231952 | Best makespan in group=440.00
[TRAIN] Step 48/400 | 11:39:29
[TRAIN] Step 48 | Loss=0.000072 | Best makespan in group=614.00
[TRAIN] Step 49/400 | 11:40:24
[TRAIN] Step 49 | Loss=0.000000 | Best makespan in group=497.00
[TRAIN] Step 50/400 | 11:41:41
[TRAIN] Step 50 | Loss=0.000002 | Best makespan in group=515.00
[TRAIN][VAL][ep 50] avg_gap=0.0939 | std_gap=0.0413 | q80_gap=0.1293 | n=40
[TRAIN] Validation improved | smoothed_avg_gap=0.0991 (raw=0.0939) | saving candidate: 841947596035221.pth
[TRAIN] Step 51/400 | 11:52:21
[TRAIN] Step 51 | Loss=0.000001 | Best makespan in group=371.00
[TRAIN] Step 52/400 | 11:53:59
[TRAIN] Step 52 | Loss=0.000002 | Best makespan in group=419.00
[TRAIN] Step 53/400 | 11:55:05
[TRAIN] Step 53 | Loss=0.000005 | Best makespan in group=433.00
[TRAIN] Step 54/400 | 11:57:16
[TRAIN] Step 54 | Loss=0.000006 | Best makespan in group=540.00
[TRAIN] Step 55/400 | 11:58:42
[TRAIN] Step 55 | Loss=0.038528 | Best makespan in group=351.00
[TRAIN] Step 56/400 | 12:01:07
[TRAIN] Step 56 | Loss=0.000020 | Best makespan in group=350.00
[TRAIN] Step 57/400 | 12:02:30
[TRAIN] Step 57 | Loss=0.000000 | Best makespan in group=477.00
[TRAIN] Step 58/400 | 12:05:03
[TRAIN] Step 58 | Loss=-0.000000 | Best makespan in group=450.00
[TRAIN] Step 59/400 | 12:06:23
[TRAIN] Step 59 | Loss=0.000000 | Best makespan in group=454.00
[TRAIN] Step 60/400 | 12:08:23
[TRAIN] Step 60 | Loss=0.000001 | Best makespan in group=385.00
[TRAIN] Step 61/400 | 12:09:45
[TRAIN] Step 61 | Loss=1.528098 | Best makespan in group=334.00
[TRAIN] Step 62/400 | 12:10:46
[TRAIN] Step 62 | Loss=1.817498 | Best makespan in group=455.00
[TRAIN] Step 63/400 | 12:12:08
[TRAIN] Step 63 | Loss=0.000001 | Best makespan in group=394.00
[TRAIN] Step 64/400 | 12:13:21
[TRAIN] Step 64 | Loss=0.000006 | Best makespan in group=464.00
[TRAIN] Step 65/400 | 12:14:33
[TRAIN] Step 65 | Loss=0.000047 | Best makespan in group=430.00
[TRAIN] Step 66/400 | 12:15:35
[TRAIN] Step 66 | Loss=0.525056 | Best makespan in group=464.00
[TRAIN] Step 67/400 | 12:16:42
[TRAIN] Step 67 | Loss=0.000003 | Best makespan in group=398.00
[TRAIN] Step 68/400 | 12:17:19
[TRAIN] Step 68 | Loss=-0.000000 | Best makespan in group=501.00
[TRAIN] Step 69/400 | 12:18:04
[TRAIN] Step 69 | Loss=0.000002 | Best makespan in group=391.00
[TRAIN] Step 70/400 | 12:19:02
[TRAIN] Step 70 | Loss=-0.000000 | Best makespan in group=525.00
[TRAIN] Step 71/400 | 12:19:54
[TRAIN] Step 71 | Loss=-0.000000 | Best makespan in group=547.00
[TRAIN] Step 72/400 | 12:20:39
[TRAIN] Step 72 | Loss=0.000000 | Best makespan in group=553.00
[TRAIN] Step 73/400 | 12:21:43
[TRAIN] Step 73 | Loss=0.000001 | Best makespan in group=412.00
[TRAIN] Step 74/400 | 12:22:52
[TRAIN] Step 74 | Loss=3.318967 | Best makespan in group=425.00
[TRAIN] Step 75/400 | 12:24:14
[TRAIN] Step 75 | Loss=-0.000000 | Best makespan in group=322.00
[TRAIN][VAL][ep 75] avg_gap=0.0950 | std_gap=0.0524 | q80_gap=0.1333 | n=40
[TRAIN] Validation improved | smoothed_avg_gap=0.0978 (raw=0.0950) | saving candidate: 822038697065339.pth
[TRAIN] Step 76/400 | 12:29:44
[TRAIN] Step 76 | Loss=-0.000000 | Best makespan in group=366.00
[TRAIN] Step 77/400 | 12:31:01
[TRAIN] Step 77 | Loss=0.032916 | Best makespan in group=342.00
[TRAIN] Step 78/400 | 12:32:14
[TRAIN] Step 78 | Loss=-0.000000 | Best makespan in group=442.00
[TRAIN] Step 79/400 | 12:32:53
[TRAIN] Step 79 | Loss=0.000000 | Best makespan in group=467.00
[TRAIN] Step 80/400 | 12:33:41
[TRAIN] Step 80 | Loss=0.000031 | Best makespan in group=379.00
[TRAIN] Step 81/400 | 12:34:42
[TRAIN] Step 81 | Loss=0.100676 | Best makespan in group=473.00
[TRAIN] Step 82/400 | 12:35:24
[TRAIN] Step 82 | Loss=0.000000 | Best makespan in group=364.00
[TRAIN] Step 83/400 | 12:36:25
[TRAIN] Step 83 | Loss=-0.000000 | Best makespan in group=520.00
[TRAIN] Step 84/400 | 12:37:07
[TRAIN] Step 84 | Loss=0.000003 | Best makespan in group=384.00
[TRAIN] Step 85/400 | 12:37:56
[TRAIN] Step 85 | Loss=-0.000000 | Best makespan in group=374.00
[TRAIN] Step 86/400 | 12:39:18
[TRAIN] Step 86 | Loss=0.000001 | Best makespan in group=447.00
[TRAIN] Step 87/400 | 12:40:28
[TRAIN] Step 87 | Loss=0.853616 | Best makespan in group=456.00
[TRAIN] Step 88/400 | 12:41:15
[TRAIN] Step 88 | Loss=0.006235 | Best makespan in group=475.00
[TRAIN] Step 89/400 | 12:42:03
[TRAIN] Step 89 | Loss=-0.000000 | Best makespan in group=357.00
[TRAIN] Step 90/400 | 12:42:51
[TRAIN] Step 90 | Loss=3.598635 | Best makespan in group=395.00
[TRAIN] Step 91/400 | 12:43:36
[TRAIN] Step 91 | Loss=0.607831 | Best makespan in group=410.00
[TRAIN] Step 92/400 | 12:44:10
[TRAIN] Step 92 | Loss=1.060239 | Best makespan in group=556.00
[TRAIN] Step 93/400 | 12:44:54
[TRAIN] Step 93 | Loss=6.372246 | Best makespan in group=395.00
[TRAIN] Step 94/400 | 12:45:36
[TRAIN] Step 94 | Loss=0.000640 | Best makespan in group=422.00
[TRAIN] Step 95/400 | 12:46:16
[TRAIN] Step 95 | Loss=0.062530 | Best makespan in group=418.00
[TRAIN] Step 96/400 | 12:47:09
[TRAIN] Step 96 | Loss=0.311835 | Best makespan in group=326.00
[TRAIN] Step 97/400 | 12:47:51
[TRAIN] Step 97 | Loss=0.063887 | Best makespan in group=565.00
[TRAIN] Step 98/400 | 12:48:40
[TRAIN] Step 98 | Loss=0.062566 | Best makespan in group=404.00
[TRAIN] Step 99/400 | 12:49:55
[TRAIN] Step 99 | Loss=0.043037 | Best makespan in group=364.00
[TRAIN] Step 100/400 | 12:50:50
[TRAIN] Step 100 | Loss=0.012527 | Best makespan in group=371.00
[TRAIN][VAL][ep 100] avg_gap=0.0990 | std_gap=0.0504 | q80_gap=0.1177 | n=40
[TRAIN] Validation improved | smoothed_avg_gap=0.0960 (raw=0.0990) | saving candidate: 92938296932586.pth
[TRAIN] Step 101/400 | 12:55:29
[TRAIN] Step 101 | Loss=0.474561 | Best makespan in group=471.00
[TRAIN] Step 102/400 | 12:56:09
[TRAIN] Step 102 | Loss=0.000164 | Best makespan in group=374.00
[TRAIN] Step 103/400 | 12:57:19
[TRAIN] Step 103 | Loss=0.080532 | Best makespan in group=477.00
[TRAIN] Step 104/400 | 12:57:57
[TRAIN] Step 104 | Loss=0.835442 | Best makespan in group=408.00
[TRAIN] Step 105/400 | 12:59:21
[TRAIN] Step 105 | Loss=0.000000 | Best makespan in group=428.00
[TRAIN] Step 106/400 | 13:01:10
[TRAIN] Step 106 | Loss=0.000018 | Best makespan in group=335.00
[TRAIN] Step 107/400 | 13:02:11
[TRAIN] Step 107 | Loss=-0.000000 | Best makespan in group=454.00
[TRAIN] Step 108/400 | 13:03:41
[TRAIN] Step 108 | Loss=0.000000 | Best makespan in group=437.00
[TRAIN] Step 109/400 | 13:05:17
[TRAIN] Step 109 | Loss=0.000006 | Best makespan in group=358.00
[TRAIN] Step 110/400 | 13:06:33
[TRAIN] Step 110 | Loss=0.133348 | Best makespan in group=335.00
[TRAIN] Step 111/400 | 13:07:58
[TRAIN] Step 111 | Loss=0.418420 | Best makespan in group=420.00
[TRAIN] Step 112/400 | 13:08:46
[TRAIN] Step 112 | Loss=-0.000000 | Best makespan in group=473.00
[TRAIN] Step 113/400 | 13:09:37
[TRAIN] Step 113 | Loss=0.000001 | Best makespan in group=478.00
[TRAIN] Step 114/400 | 13:10:33
[TRAIN] Step 114 | Loss=-0.000000 | Best makespan in group=390.00
[TRAIN] Step 115/400 | 13:11:35
[TRAIN] Step 115 | Loss=-0.000000 | Best makespan in group=466.00
[TRAIN] Step 116/400 | 13:12:34
[TRAIN] Step 116 | Loss=-0.000000 | Best makespan in group=509.00
[TRAIN] Step 117/400 | 13:13:13
[TRAIN] Step 117 | Loss=0.000000 | Best makespan in group=525.00
[TRAIN] Step 118/400 | 13:13:53
[TRAIN] Step 118 | Loss=0.435562 | Best makespan in group=459.00
[TRAIN] Step 119/400 | 13:14:26
[TRAIN] Step 119 | Loss=-0.000000 | Best makespan in group=531.00
[TRAIN] Step 120/400 | 13:14:59
[TRAIN] Step 120 | Loss=-0.000000 | Best makespan in group=364.00
[TRAIN] Step 121/400 | 13:15:52
[TRAIN] Step 121 | Loss=-0.000000 | Best makespan in group=374.00
[TRAIN] Step 122/400 | 13:16:49
[TRAIN] Step 122 | Loss=0.703245 | Best makespan in group=406.00
[TRAIN] Step 123/400 | 13:17:19
[TRAIN] Step 123 | Loss=0.096291 | Best makespan in group=376.00
[TRAIN] Step 124/400 | 13:17:59
[TRAIN] Step 124 | Loss=0.025122 | Best makespan in group=467.00
[TRAIN] Step 125/400 | 13:18:36
[TRAIN] Step 125 | Loss=1.016553 | Best makespan in group=402.00
[TRAIN][VAL][ep 125] avg_gap=0.0927 | std_gap=0.0430 | q80_gap=0.1230 | n=40
[TRAIN] Validation improved | smoothed_avg_gap=0.0956 (raw=0.0927) | saving candidate: 371002041087021.pth
[TRAIN] Step 126/400 | 13:22:19
[TRAIN] Step 126 | Loss=0.000011 | Best makespan in group=515.00
[TRAIN] Step 127/400 | 13:23:05
[TRAIN] Step 127 | Loss=0.000026 | Best makespan in group=451.00
[TRAIN] Step 128/400 | 13:24:10
[TRAIN] Step 128 | Loss=0.000001 | Best makespan in group=525.00
[TRAIN] Step 129/400 | 13:25:03
[TRAIN] Step 129 | Loss=1.189233 | Best makespan in group=456.00
[TRAIN] Step 130/400 | 13:25:52
[TRAIN] Step 130 | Loss=0.000000 | Best makespan in group=523.00
[TRAIN] Step 131/400 | 13:26:40
[TRAIN] Step 131 | Loss=0.000002 | Best makespan in group=539.00
[TRAIN] Step 132/400 | 13:27:31
[TRAIN] Step 132 | Loss=-0.000000 | Best makespan in group=408.00
[TRAIN] Step 133/400 | 13:28:42
[TRAIN] Step 133 | Loss=-0.000000 | Best makespan in group=360.00
[TRAIN] Step 134/400 | 13:29:58
[TRAIN] Step 134 | Loss=0.167432 | Best makespan in group=343.00
[TRAIN] Step 135/400 | 13:31:45
[TRAIN] Step 135 | Loss=-0.000000 | Best makespan in group=370.00
[TRAIN] Step 136/400 | 13:33:56
[TRAIN] Step 136 | Loss=-0.000000 | Best makespan in group=430.00
[TRAIN] Step 137/400 | 13:35:43
[TRAIN] Step 137 | Loss=-0.000000 | Best makespan in group=473.00
[TRAIN] Step 138/400 | 13:36:38
[TRAIN] Step 138 | Loss=2.581377 | Best makespan in group=395.00
[TRAIN] Step 139/400 | 13:37:40
[TRAIN] Step 139 | Loss=0.256416 | Best makespan in group=457.00
[TRAIN] Step 140/400 | 13:38:25
[TRAIN] Step 140 | Loss=0.000000 | Best makespan in group=426.00
[TRAIN] Step 141/400 | 13:39:05
[TRAIN] Step 141 | Loss=0.509875 | Best makespan in group=350.00
[TRAIN] Step 142/400 | 13:39:49
[TRAIN] Step 142 | Loss=0.000023 | Best makespan in group=344.00
[TRAIN] Step 143/400 | 13:40:37
[TRAIN] Step 143 | Loss=0.050737 | Best makespan in group=361.00
[TRAIN] Step 144/400 | 13:41:27
[TRAIN] Step 144 | Loss=0.000001 | Best makespan in group=465.00
[TRAIN] Step 145/400 | 13:42:09
[TRAIN] Step 145 | Loss=0.704986 | Best makespan in group=492.00
[TRAIN] Step 146/400 | 13:42:59
[TRAIN] Step 146 | Loss=0.000005 | Best makespan in group=389.00
[TRAIN] Step 147/400 | 13:44:10
[TRAIN] Step 147 | Loss=0.000023 | Best makespan in group=388.00
[TRAIN] Step 148/400 | 13:44:57
[TRAIN] Step 148 | Loss=0.000018 | Best makespan in group=407.00
[TRAIN] Step 149/400 | 13:45:55
[TRAIN] Step 149 | Loss=0.000129 | Best makespan in group=463.00
[TRAIN] Step 150/400 | 13:46:55
[TRAIN] Step 150 | Loss=0.547905 | Best makespan in group=578.00
[TRAIN][VAL][ep 150] avg_gap=0.1006 | std_gap=0.0597 | q80_gap=0.1269 | n=40
[TRAIN] Step 151/400 | 13:52:17
[TRAIN] Step 151 | Loss=0.000006 | Best makespan in group=442.00
[TRAIN] Step 152/400 | 13:53:09
[TRAIN] Step 152 | Loss=-0.000000 | Best makespan in group=371.00
[TRAIN] Step 153/400 | 13:54:25
[TRAIN] Step 153 | Loss=0.000002 | Best makespan in group=460.00
[TRAIN] Step 154/400 | 13:55:13
[TRAIN] Step 154 | Loss=-0.000000 | Best makespan in group=420.00
[TRAIN] Step 155/400 | 13:56:27
[TRAIN] Step 155 | Loss=0.094613 | Best makespan in group=379.00
[TRAIN] Step 156/400 | 13:57:11
[TRAIN] Step 156 | Loss=0.024244 | Best makespan in group=426.00
[TRAIN] Step 157/400 | 13:58:15
[TRAIN] Step 157 | Loss=-0.000000 | Best makespan in group=532.00
[TRAIN] Step 158/400 | 13:58:53
[TRAIN] Step 158 | Loss=0.591175 | Best makespan in group=338.00
[TRAIN] Step 159/400 | 14:00:09
[TRAIN] Step 159 | Loss=0.000000 | Best makespan in group=344.00
[TRAIN] Step 160/400 | 14:00:55
[TRAIN] Step 160 | Loss=-0.000000 | Best makespan in group=441.00
[TRAIN] Step 161/400 | 14:01:47
[TRAIN] Step 161 | Loss=0.000011 | Best makespan in group=431.00
[TRAIN] Step 162/400 | 14:02:31
[TRAIN] Step 162 | Loss=0.163785 | Best makespan in group=472.00
[TRAIN] Step 163/400 | 14:03:07
[TRAIN] Step 163 | Loss=0.000049 | Best makespan in group=515.00
[TRAIN] Step 164/400 | 14:03:50
[TRAIN] Step 164 | Loss=0.912707 | Best makespan in group=365.00
[TRAIN] Step 165/400 | 14:04:29
[TRAIN] Step 165 | Loss=0.000004 | Best makespan in group=379.00
[TRAIN] Step 166/400 | 14:05:43
[TRAIN] Step 166 | Loss=0.000006 | Best makespan in group=372.00
[TRAIN] Step 167/400 | 14:06:36
[TRAIN] Step 167 | Loss=0.077893 | Best makespan in group=419.00
[TRAIN] Step 168/400 | 14:07:28
[TRAIN] Step 168 | Loss=0.154426 | Best makespan in group=470.00
[TRAIN] Step 169/400 | 14:08:08
[TRAIN] Step 169 | Loss=0.000009 | Best makespan in group=516.00
[TRAIN] Step 170/400 | 14:09:30
[TRAIN] Step 170 | Loss=0.378739 | Best makespan in group=506.00
[TRAIN] Step 171/400 | 14:10:52
[TRAIN] Step 171 | Loss=0.623296 | Best makespan in group=395.00
[TRAIN] Step 172/400 | 14:12:10
[TRAIN] Step 172 | Loss=0.030874 | Best makespan in group=357.00
[TRAIN] Step 173/400 | 14:14:14
[TRAIN] Step 173 | Loss=-0.000000 | Best makespan in group=452.00
[TRAIN] Step 174/400 | 14:15:25
[TRAIN] Step 174 | Loss=-0.000000 | Best makespan in group=453.00
[TRAIN] Step 175/400 | 14:16:16
[TRAIN] Step 175 | Loss=0.057964 | Best makespan in group=542.00
[TRAIN][VAL][ep 175] avg_gap=0.0973 | std_gap=0.0508 | q80_gap=0.1411 | n=40
[TRAIN] Step 176/400 | 14:20:09
[TRAIN] Step 176 | Loss=0.322253 | Best makespan in group=574.00
[TRAIN] Step 177/400 | 14:20:53
[TRAIN] Step 177 | Loss=0.000000 | Best makespan in group=419.00
[TRAIN] Step 178/400 | 14:21:33
[TRAIN] Step 178 | Loss=0.000007 | Best makespan in group=373.00
[TRAIN] Step 179/400 | 14:22:20
[TRAIN] Step 179 | Loss=0.028661 | Best makespan in group=377.00
[TRAIN] Step 180/400 | 14:23:01
[TRAIN] Step 180 | Loss=-0.000000 | Best makespan in group=533.00
[TRAIN] Step 181/400 | 14:23:38
[TRAIN] Step 181 | Loss=-0.000000 | Best makespan in group=468.00
[TRAIN] Step 182/400 | 14:24:23
[TRAIN] Step 182 | Loss=-0.000000 | Best makespan in group=498.00
[TRAIN] Step 183/400 | 14:24:58
[TRAIN] Step 183 | Loss=0.000001 | Best makespan in group=441.00
[TRAIN] Step 184/400 | 14:25:35
[TRAIN] Step 184 | Loss=-0.000000 | Best makespan in group=533.00
[TRAIN] Step 185/400 | 14:26:13
[TRAIN] Step 185 | Loss=0.204888 | Best makespan in group=462.00
[TRAIN] Step 186/400 | 14:27:06
[TRAIN] Step 186 | Loss=0.000000 | Best makespan in group=415.00
[TRAIN] Step 187/400 | 14:27:54
[TRAIN] Step 187 | Loss=0.239958 | Best makespan in group=335.00
[TRAIN] Step 188/400 | 14:28:51
[TRAIN] Step 188 | Loss=-0.000000 | Best makespan in group=368.00
[TRAIN] Step 189/400 | 14:29:48
[TRAIN] Step 189 | Loss=0.000002 | Best makespan in group=474.00
[TRAIN] Step 190/400 | 14:30:28
[TRAIN] Step 190 | Loss=-0.000000 | Best makespan in group=371.00
[TRAIN] Step 191/400 | 14:31:16
[TRAIN] Step 191 | Loss=-0.000000 | Best makespan in group=420.00
[TRAIN] Step 192/400 | 14:32:11
[TRAIN] Step 192 | Loss=1.219246 | Best makespan in group=374.00
[TRAIN] Step 193/400 | 14:32:54
[TRAIN] Step 193 | Loss=0.149360 | Best makespan in group=585.00
[TRAIN] Step 194/400 | 14:33:29
[TRAIN] Step 194 | Loss=0.186295 | Best makespan in group=395.00
[TRAIN] Step 195/400 | 14:34:09
[TRAIN] Step 195 | Loss=-0.000000 | Best makespan in group=419.00
[TRAIN] Step 196/400 | 14:34:44
[TRAIN] Step 196 | Loss=0.000001 | Best makespan in group=454.00
[TRAIN] Step 197/400 | 14:35:20
[TRAIN] Step 197 | Loss=0.000000 | Best makespan in group=442.00
[TRAIN] Step 198/400 | 14:35:51
[TRAIN] Step 198 | Loss=0.000000 | Best makespan in group=575.00
[TRAIN] Step 199/400 | 14:36:31
[TRAIN] Step 199 | Loss=0.464489 | Best makespan in group=387.00
[TRAIN] Step 200/400 | 14:37:31
[TRAIN] Step 200 | Loss=0.038475 | Best makespan in group=456.00
[TRAIN] Refreshing training instances (step 200)...
[TRAIN][VAL][ep 200] avg_gap=0.0945 | std_gap=0.0571 | q80_gap=0.1236 | n=40
[TRAIN] Step 201/400 | 14:40:40
[TRAIN] Step 201 | Loss=0.218068 | Best makespan in group=510.00
[TRAIN] Step 202/400 | 14:41:10
[TRAIN] Step 202 | Loss=0.000004 | Best makespan in group=437.00
[TRAIN] Step 203/400 | 14:41:39
[TRAIN] Step 203 | Loss=-0.000000 | Best makespan in group=609.00
[TRAIN] Step 204/400 | 14:42:15
[TRAIN] Step 204 | Loss=0.000457 | Best makespan in group=382.00
[TRAIN] Step 205/400 | 14:42:59
[TRAIN] Step 205 | Loss=-0.000000 | Best makespan in group=427.00
[TRAIN] Step 206/400 | 14:43:38
[TRAIN] Step 206 | Loss=-0.000000 | Best makespan in group=460.00
[TRAIN] Step 207/400 | 14:44:17
[TRAIN] Step 207 | Loss=0.000014 | Best makespan in group=360.00
[TRAIN] Step 208/400 | 14:44:47
[TRAIN] Step 208 | Loss=-0.000000 | Best makespan in group=384.00
[TRAIN] Step 209/400 | 14:45:31
[TRAIN] Step 209 | Loss=0.000000 | Best makespan in group=364.00
[TRAIN] Step 210/400 | 14:46:18
[TRAIN] Step 210 | Loss=1.923634 | Best makespan in group=361.00
[TRAIN] Step 211/400 | 14:47:07
[TRAIN] Step 211 | Loss=-0.000000 | Best makespan in group=445.00
[TRAIN] Step 212/400 | 14:47:41
[TRAIN] Step 212 | Loss=0.000001 | Best makespan in group=363.00
[TRAIN] Step 213/400 | 14:48:12
[TRAIN] Step 213 | Loss=0.000000 | Best makespan in group=407.00
[TRAIN] Step 214/400 | 14:48:46
[TRAIN] Step 214 | Loss=0.000677 | Best makespan in group=367.00
[TRAIN] Step 215/400 | 14:49:25
[TRAIN] Step 215 | Loss=-0.000000 | Best makespan in group=400.00
[TRAIN] Step 216/400 | 14:50:12
[TRAIN] Step 216 | Loss=0.000022 | Best makespan in group=462.00
[TRAIN] Step 217/400 | 14:50:38
[TRAIN] Step 217 | Loss=0.065950 | Best makespan in group=328.00
[TRAIN] Step 218/400 | 14:51:11
[TRAIN] Step 218 | Loss=0.990662 | Best makespan in group=493.00
[TRAIN] Step 219/400 | 14:51:44
[TRAIN] Step 219 | Loss=0.005084 | Best makespan in group=353.00
[TRAIN] Step 220/400 | 14:52:27
[TRAIN] Step 220 | Loss=-0.000000 | Best makespan in group=471.00
[TRAIN] Step 221/400 | 14:53:05
[TRAIN] Step 221 | Loss=-0.000000 | Best makespan in group=359.00
[TRAIN] Step 222/400 | 14:53:58
[TRAIN] Step 222 | Loss=0.233213 | Best makespan in group=339.00
[TRAIN] Step 223/400 | 14:54:29
[TRAIN] Step 223 | Loss=-0.000000 | Best makespan in group=532.00
[TRAIN] Step 224/400 | 14:54:59
[TRAIN] Step 224 | Loss=0.000001 | Best makespan in group=341.00
[TRAIN] Step 225/400 | 14:55:41
[TRAIN] Step 225 | Loss=0.000000 | Best makespan in group=524.00
[TRAIN][VAL][ep 225] avg_gap=0.0888 | std_gap=0.0430 | q80_gap=0.1171 | n=40
[TRAIN] Validation improved | smoothed_avg_gap=0.0936 (raw=0.0888) | saving candidate: 109742766735700.pth
[TRAIN] Step 226/400 | 14:58:28
[TRAIN] Step 226 | Loss=-0.000000 | Best makespan in group=324.00
[TRAIN] Step 227/400 | 14:59:05
[TRAIN] Step 227 | Loss=-0.000000 | Best makespan in group=572.00
[TRAIN] Step 228/400 | 14:59:42
[TRAIN] Step 228 | Loss=0.000001 | Best makespan in group=462.00
[TRAIN] Step 229/400 | 15:00:11
[TRAIN] Step 229 | Loss=0.041220 | Best makespan in group=397.00
[TRAIN] Step 230/400 | 15:00:42
[TRAIN] Step 230 | Loss=0.000000 | Best makespan in group=541.00
[TRAIN] Step 231/400 | 15:01:17
[TRAIN] Step 231 | Loss=-0.000000 | Best makespan in group=359.00
[TRAIN] Step 232/400 | 15:02:10
[TRAIN] Step 232 | Loss=0.000054 | Best makespan in group=363.00
[TRAIN] Step 233/400 | 15:02:43
[TRAIN] Step 233 | Loss=-0.000000 | Best makespan in group=572.00
[TRAIN] Step 234/400 | 15:03:19
[TRAIN] Step 234 | Loss=-0.000000 | Best makespan in group=460.00
[TRAIN] Step 235/400 | 15:03:58
[TRAIN] Step 235 | Loss=0.213201 | Best makespan in group=534.00
[TRAIN] Step 236/400 | 15:04:34
[TRAIN] Step 236 | Loss=2.183911 | Best makespan in group=408.00
[TRAIN] Step 237/400 | 15:05:05
[TRAIN] Step 237 | Loss=0.000001 | Best makespan in group=330.00
[TRAIN] Step 238/400 | 15:05:51
[TRAIN] Step 238 | Loss=0.000004 | Best makespan in group=338.00
[TRAIN] Step 239/400 | 15:07:00
[TRAIN] Step 239 | Loss=0.000000 | Best makespan in group=471.00
[TRAIN] Step 240/400 | 15:07:53
[TRAIN] Step 240 | Loss=0.055191 | Best makespan in group=381.00
[TRAIN] Step 241/400 | 15:08:55
[TRAIN] Step 241 | Loss=0.100344 | Best makespan in group=466.00
[TRAIN] Step 242/400 | 15:09:34
[TRAIN] Step 242 | Loss=0.000000 | Best makespan in group=598.00
[TRAIN] Step 243/400 | 15:10:30
[TRAIN] Step 243 | Loss=0.000014 | Best makespan in group=397.00
[TRAIN] Step 244/400 | 15:11:29
[TRAIN] Step 244 | Loss=0.268146 | Best makespan in group=360.00
[TRAIN] Step 245/400 | 15:12:06
[TRAIN] Step 245 | Loss=0.391763 | Best makespan in group=396.00
[TRAIN] Step 246/400 | 15:12:49
[TRAIN] Step 246 | Loss=0.000010 | Best makespan in group=522.00
[TRAIN] Step 247/400 | 15:13:20
[TRAIN] Step 247 | Loss=0.000005 | Best makespan in group=352.00
[TRAIN] Step 248/400 | 15:14:23
[TRAIN] Step 248 | Loss=0.506069 | Best makespan in group=332.00
[TRAIN] Step 249/400 | 15:15:02
[TRAIN] Step 249 | Loss=0.000077 | Best makespan in group=452.00
[TRAIN] Step 250/400 | 15:15:38
[TRAIN] Step 250 | Loss=0.814987 | Best makespan in group=541.00
[TRAIN][VAL][ep 250] avg_gap=0.1063 | std_gap=0.0544 | q80_gap=0.1361 | n=40
[TRAIN] Step 251/400 | 15:19:13
[TRAIN] Step 251 | Loss=0.012036 | Best makespan in group=471.00
[TRAIN] Step 252/400 | 15:19:58
[TRAIN] Step 252 | Loss=0.000011 | Best makespan in group=487.00
[TRAIN] Step 253/400 | 15:20:36
[TRAIN] Step 253 | Loss=0.000000 | Best makespan in group=331.00
[TRAIN] Step 254/400 | 15:21:25
[TRAIN] Step 254 | Loss=2.007541 | Best makespan in group=405.00
[TRAIN] Step 255/400 | 15:22:11
[TRAIN] Step 255 | Loss=0.000001 | Best makespan in group=353.00
[TRAIN] Step 256/400 | 15:23:01
[TRAIN] Step 256 | Loss=-0.000000 | Best makespan in group=330.00
[TRAIN] Step 257/400 | 15:23:39
[TRAIN] Step 257 | Loss=0.000017 | Best makespan in group=456.00
[TRAIN] Step 258/400 | 15:24:10
[TRAIN] Step 258 | Loss=0.000023 | Best makespan in group=347.00
[TRAIN] Step 259/400 | 15:24:54
[TRAIN] Step 259 | Loss=0.000092 | Best makespan in group=412.00
[TRAIN] Step 260/400 | 15:25:33
[TRAIN] Step 260 | Loss=0.000009 | Best makespan in group=519.00
[TRAIN] Step 261/400 | 15:26:13
[TRAIN] Step 261 | Loss=0.000791 | Best makespan in group=362.00
[TRAIN] Step 262/400 | 15:27:03
[TRAIN] Step 262 | Loss=0.020322 | Best makespan in group=528.00
[TRAIN] Step 263/400 | 15:27:38
[TRAIN] Step 263 | Loss=0.000042 | Best makespan in group=330.00
[TRAIN] Step 264/400 | 15:28:18
[TRAIN] Step 264 | Loss=0.113635 | Best makespan in group=373.00
[TRAIN] Step 265/400 | 15:28:56
[TRAIN] Step 265 | Loss=0.000308 | Best makespan in group=360.00
[TRAIN] Step 266/400 | 15:29:50
[TRAIN] Step 266 | Loss=0.753177 | Best makespan in group=358.00
[TRAIN] Step 267/400 | 15:30:37
[TRAIN] Step 267 | Loss=0.000536 | Best makespan in group=441.00
[TRAIN] Step 268/400 | 15:31:07
[TRAIN] Step 268 | Loss=0.000201 | Best makespan in group=445.00
[TRAIN] Step 269/400 | 15:31:34
[TRAIN] Step 269 | Loss=0.000004 | Best makespan in group=471.00
[TRAIN] Step 270/400 | 15:32:17
[TRAIN] Step 270 | Loss=0.000006 | Best makespan in group=519.00
[TRAIN] Step 271/400 | 15:32:59
[TRAIN] Step 271 | Loss=0.011509 | Best makespan in group=368.00
[TRAIN] Step 272/400 | 15:33:37
[TRAIN] Step 272 | Loss=0.000000 | Best makespan in group=360.00
[TRAIN] Step 273/400 | 15:34:31
[TRAIN] Step 273 | Loss=0.000051 | Best makespan in group=339.00
[TRAIN] Step 274/400 | 15:35:14
[TRAIN] Step 274 | Loss=0.000001 | Best makespan in group=541.00
[TRAIN] Step 275/400 | 15:35:44
[TRAIN] Step 275 | Loss=0.000016 | Best makespan in group=565.00
[TRAIN][VAL][ep 275] avg_gap=0.1077 | std_gap=0.0537 | q80_gap=0.1532 | n=40
[TRAIN] Step 276/400 | 15:38:27
[TRAIN] Step 276 | Loss=0.000002 | Best makespan in group=415.00
[TRAIN] Step 277/400 | 15:39:15
[TRAIN] Step 277 | Loss=0.000295 | Best makespan in group=396.00
[TRAIN] Step 278/400 | 15:39:49
[TRAIN] Step 278 | Loss=0.000000 | Best makespan in group=463.00
[TRAIN] Step 279/400 | 15:40:30
[TRAIN] Step 279 | Loss=0.000011 | Best makespan in group=462.00
[TRAIN] Step 280/400 | 15:41:03
[TRAIN] Step 280 | Loss=0.000006 | Best makespan in group=395.00
[TRAIN] Step 281/400 | 15:41:45
[TRAIN] Step 281 | Loss=0.000006 | Best makespan in group=369.00
[TRAIN] Step 282/400 | 15:42:20
[TRAIN] Step 282 | Loss=0.000000 | Best makespan in group=412.00
[TRAIN] Step 283/400 | 15:42:56
[TRAIN] Step 283 | Loss=0.719164 | Best makespan in group=332.00
[TRAIN] Step 284/400 | 15:43:28
[TRAIN] Step 284 | Loss=0.000006 | Best makespan in group=502.00
[TRAIN] Step 285/400 | 15:43:59
[TRAIN] Step 285 | Loss=0.000005 | Best makespan in group=551.00
[TRAIN] Step 286/400 | 15:44:31
[TRAIN] Step 286 | Loss=0.118052 | Best makespan in group=328.00
[TRAIN] Step 287/400 | 15:45:08
[TRAIN] Step 287 | Loss=0.000001 | Best makespan in group=463.00
[TRAIN] Step 288/400 | 15:45:39
[TRAIN] Step 288 | Loss=0.000000 | Best makespan in group=411.00
[TRAIN] Step 289/400 | 15:46:21
[TRAIN] Step 289 | Loss=-0.000000 | Best makespan in group=592.00
[TRAIN] Step 290/400 | 15:47:00
[TRAIN] Step 290 | Loss=0.000001 | Best makespan in group=382.00
[TRAIN] Step 291/400 | 15:47:47
[TRAIN] Step 291 | Loss=-0.000000 | Best makespan in group=592.00
[TRAIN] Step 292/400 | 15:48:34
[TRAIN] Step 292 | Loss=0.014003 | Best makespan in group=431.00
[TRAIN] Step 293/400 | 15:49:11
[TRAIN] Step 293 | Loss=-0.000000 | Best makespan in group=462.00
[TRAIN] Step 294/400 | 15:50:02
[TRAIN] Step 294 | Loss=0.000000 | Best makespan in group=463.00
[TRAIN] Step 295/400 | 15:50:37
[TRAIN] Step 295 | Loss=0.686517 | Best makespan in group=346.00
[TRAIN] Step 296/400 | 15:51:28
[TRAIN] Step 296 | Loss=0.089313 | Best makespan in group=518.00
[TRAIN] Step 297/400 | 15:52:12
[TRAIN] Step 297 | Loss=-0.000000 | Best makespan in group=519.00
[TRAIN] Step 298/400 | 15:53:11
[TRAIN] Step 298 | Loss=0.000001 | Best makespan in group=471.00
[TRAIN] Step 299/400 | 15:54:02
[TRAIN] Step 299 | Loss=0.395164 | Best makespan in group=387.00
[TRAIN] Step 300/400 | 15:54:54
[TRAIN] Step 300 | Loss=0.041804 | Best makespan in group=367.00
[TRAIN][VAL][ep 300] avg_gap=0.1057 | std_gap=0.0549 | q80_gap=0.1407 | n=40
[TRAIN] Step 301/400 | 15:58:30
[TRAIN] Step 301 | Loss=-0.000000 | Best makespan in group=330.00
[TRAIN] Step 302/400 | 15:59:21
[TRAIN] Step 302 | Loss=-0.000000 | Best makespan in group=503.00
[TRAIN] Step 303/400 | 16:00:04
[TRAIN] Step 303 | Loss=0.000007 | Best makespan in group=396.00
[TRAIN] Step 304/400 | 16:01:06
[TRAIN] Step 304 | Loss=0.000004 | Best makespan in group=508.00
[TRAIN] Step 305/400 | 16:01:43
[TRAIN] Step 305 | Loss=0.000001 | Best makespan in group=353.00
[TRAIN] Step 306/400 | 16:02:47
[TRAIN] Step 306 | Loss=-0.000000 | Best makespan in group=352.00
[TRAIN] Step 307/400 | 16:03:42
[TRAIN] Step 307 | Loss=0.525733 | Best makespan in group=366.00
[TRAIN] Step 308/400 | 16:04:18
[TRAIN] Step 308 | Loss=1.954626 | Best makespan in group=332.00
[TRAIN] Step 309/400 | 16:04:53
[TRAIN] Step 309 | Loss=0.000001 | Best makespan in group=462.00
[TRAIN] Step 310/400 | 16:05:31
[TRAIN] Step 310 | Loss=0.043768 | Best makespan in group=384.00
[TRAIN] Step 311/400 | 16:06:07
[TRAIN] Step 311 | Loss=0.000000 | Best makespan in group=374.00
[TRAIN] Step 312/400 | 16:06:50
[TRAIN] Step 312 | Loss=1.000572 | Best makespan in group=424.00
[TRAIN] Step 313/400 | 16:07:38
[TRAIN] Step 313 | Loss=0.073349 | Best makespan in group=328.00
[TRAIN] Step 314/400 | 16:08:16
[TRAIN] Step 314 | Loss=0.009038 | Best makespan in group=537.00
[TRAIN] Step 315/400 | 16:08:50
[TRAIN] Step 315 | Loss=0.000000 | Best makespan in group=412.00
[TRAIN] Step 316/400 | 16:09:30
[TRAIN] Step 316 | Loss=0.085396 | Best makespan in group=336.00
[TRAIN] Step 317/400 | 16:10:18
[TRAIN] Step 317 | Loss=0.255049 | Best makespan in group=452.00
[TRAIN] Step 318/400 | 16:10:50
[TRAIN] Step 318 | Loss=-0.000000 | Best makespan in group=365.00
[TRAIN] Step 319/400 | 16:12:15
[TRAIN] Step 319 | Loss=0.000002 | Best makespan in group=414.00
[TRAIN] Step 320/400 | 16:13:08
[TRAIN] Step 320 | Loss=0.000002 | Best makespan in group=560.00
[TRAIN] Step 321/400 | 16:13:58
[TRAIN] Step 321 | Loss=-0.000000 | Best makespan in group=365.00
[TRAIN] Step 322/400 | 16:15:23
[TRAIN] Step 322 | Loss=0.226914 | Best makespan in group=528.00
[TRAIN] Step 323/400 | 16:16:17
[TRAIN] Step 323 | Loss=0.000004 | Best makespan in group=361.00
[TRAIN] Step 324/400 | 16:17:29
[TRAIN] Step 324 | Loss=0.000001 | Best makespan in group=439.00
[TRAIN] Step 325/400 | 16:18:17
[TRAIN] Step 325 | Loss=0.000000 | Best makespan in group=452.00
[TRAIN][VAL][ep 325] avg_gap=0.1027 | std_gap=0.0466 | q80_gap=0.1391 | n=40
[TRAIN] Step 326/400 | 16:22:32
[TRAIN] Step 326 | Loss=-0.000000 | Best makespan in group=596.00
[TRAIN] Step 327/400 | 16:23:25
[TRAIN] Step 327 | Loss=0.580772 | Best makespan in group=338.00
[TRAIN] Step 328/400 | 16:24:10
[TRAIN] Step 328 | Loss=0.290369 | Best makespan in group=413.00
[TRAIN] Step 329/400 | 16:25:14
[TRAIN] Step 329 | Loss=0.060985 | Best makespan in group=479.00
[TRAIN] Step 330/400 | 16:25:59
[TRAIN] Step 330 | Loss=0.000006 | Best makespan in group=330.00
[TRAIN] Step 331/400 | 16:26:57
[TRAIN] Step 331 | Loss=0.519239 | Best makespan in group=360.00
[TRAIN] Step 332/400 | 16:27:46
[TRAIN] Step 332 | Loss=0.109948 | Best makespan in group=531.00
[TRAIN] Step 333/400 | 16:28:45
[TRAIN] Step 333 | Loss=-0.000000 | Best makespan in group=568.00
[TRAIN] Step 334/400 | 16:29:40
[TRAIN] Step 334 | Loss=0.000001 | Best makespan in group=352.00
[TRAIN] Step 335/400 | 16:30:29
[TRAIN] Step 335 | Loss=0.000000 | Best makespan in group=414.00
[TRAIN] Step 336/400 | 16:31:20
[TRAIN] Step 336 | Loss=0.000004 | Best makespan in group=448.00
[TRAIN] Step 337/400 | 16:32:08
[TRAIN] Step 337 | Loss=0.277627 | Best makespan in group=392.00
[TRAIN] Step 338/400 | 16:32:54
[TRAIN] Step 338 | Loss=0.230884 | Best makespan in group=377.00
[TRAIN] Step 339/400 | 16:34:08
[TRAIN] Step 339 | Loss=0.000000 | Best makespan in group=409.00
[TRAIN] Step 340/400 | 16:35:02
[TRAIN] Step 340 | Loss=0.000010 | Best makespan in group=361.00
[TRAIN] Step 341/400 | 16:35:53
[TRAIN] Step 341 | Loss=0.000003 | Best makespan in group=508.00
[TRAIN] Step 342/400 | 16:36:46
[TRAIN] Step 342 | Loss=0.000030 | Best makespan in group=438.00
[TRAIN] Step 343/400 | 16:37:37
[TRAIN] Step 343 | Loss=0.005475 | Best makespan in group=538.00
[TRAIN] Step 344/400 | 16:38:28
[TRAIN] Step 344 | Loss=0.147950 | Best makespan in group=514.00
[TRAIN] Step 345/400 | 16:39:39
[TRAIN] Step 345 | Loss=0.607769 | Best makespan in group=326.00
[TRAIN] Step 346/400 | 16:41:06
[TRAIN] Step 346 | Loss=0.000000 | Best makespan in group=389.00
[TRAIN] Step 347/400 | 16:42:19
[TRAIN] Step 347 | Loss=-0.000000 | Best makespan in group=338.00
[TRAIN] Step 348/400 | 16:43:24
[TRAIN] Step 348 | Loss=0.005799 | Best makespan in group=351.00
[TRAIN] Step 349/400 | 16:44:47
[TRAIN] Step 349 | Loss=0.000000 | Best makespan in group=455.00
[TRAIN] Step 350/400 | 16:45:53
[TRAIN] Step 350 | Loss=0.119797 | Best makespan in group=337.00
[TRAIN][VAL][ep 350] avg_gap=0.1035 | std_gap=0.0513 | q80_gap=0.1389 | n=40
[TRAIN] Step 351/400 | 16:53:32
[TRAIN] Step 351 | Loss=-0.000000 | Best makespan in group=357.00
[TRAIN] Step 352/400 | 16:54:18
[TRAIN] Step 352 | Loss=0.037479 | Best makespan in group=332.00
[TRAIN] Step 353/400 | 16:54:57
[TRAIN] Step 353 | Loss=0.000000 | Best makespan in group=462.00
[TRAIN] Step 354/400 | 16:55:38
[TRAIN] Step 354 | Loss=0.074737 | Best makespan in group=497.00
[TRAIN] Step 355/400 | 16:56:17
[TRAIN] Step 355 | Loss=0.000000 | Best makespan in group=352.00
[TRAIN] Step 356/400 | 16:57:18
[TRAIN] Step 356 | Loss=0.000001 | Best makespan in group=404.00
[TRAIN] Step 357/400 | 16:57:58
[TRAIN] Step 357 | Loss=0.000001 | Best makespan in group=373.00
[TRAIN] Step 358/400 | 16:58:58
[TRAIN] Step 358 | Loss=0.000002 | Best makespan in group=362.00
[TRAIN] Step 359/400 | 16:59:45
[TRAIN] Step 359 | Loss=0.575754 | Best makespan in group=547.00
[TRAIN] Step 360/400 | 17:00:28
[TRAIN] Step 360 | Loss=1.263982 | Best makespan in group=406.00
[TRAIN] Step 361/400 | 17:01:20
[TRAIN] Step 361 | Loss=2.465306 | Best makespan in group=336.00
[TRAIN] Step 362/400 | 17:02:14
[TRAIN] Step 362 | Loss=0.019530 | Best makespan in group=380.00
[TRAIN] Step 363/400 | 17:03:09
[TRAIN] Step 363 | Loss=0.000000 | Best makespan in group=367.00
[TRAIN] Step 364/400 | 17:04:15
[TRAIN] Step 364 | Loss=3.610904 | Best makespan in group=350.00
[TRAIN] Step 365/400 | 17:05:04
[TRAIN] Step 365 | Loss=0.080638 | Best makespan in group=360.00
[TRAIN] Step 366/400 | 17:05:43
[TRAIN] Step 366 | Loss=0.000030 | Best makespan in group=483.00
[TRAIN] Step 367/400 | 17:06:17
[TRAIN] Step 367 | Loss=0.000225 | Best makespan in group=322.00
[TRAIN] Step 368/400 | 17:07:13
[TRAIN] Step 368 | Loss=0.000195 | Best makespan in group=553.00
[TRAIN] Step 369/400 | 17:07:53
[TRAIN] Step 369 | Loss=0.000053 | Best makespan in group=445.00
[TRAIN] Step 370/400 | 17:08:46
[TRAIN] Step 370 | Loss=0.000505 | Best makespan in group=596.00
[TRAIN] Step 371/400 | 17:09:34
[TRAIN] Step 371 | Loss=0.000633 | Best makespan in group=442.00
[TRAIN] Step 372/400 | 17:10:22
[TRAIN] Step 372 | Loss=0.001857 | Best makespan in group=352.00
[TRAIN] Step 373/400 | 17:11:22
[TRAIN] Step 373 | Loss=0.000738 | Best makespan in group=413.00
[TRAIN] Step 374/400 | 17:12:10
[TRAIN] Step 374 | Loss=0.017697 | Best makespan in group=330.00
[TRAIN] Step 375/400 | 17:12:54
[TRAIN] Step 375 | Loss=0.000460 | Best makespan in group=569.00
[TRAIN][VAL][ep 375] avg_gap=0.1089 | std_gap=0.0581 | q80_gap=0.1536 | n=40
[TRAIN] Step 376/400 | 17:16:43
[TRAIN] Step 376 | Loss=0.005716 | Best makespan in group=417.00
[TRAIN] Step 377/400 | 17:17:19
[TRAIN] Step 377 | Loss=1.208342 | Best makespan in group=409.00
[TRAIN] Step 378/400 | 17:17:59
[TRAIN] Step 378 | Loss=0.011766 | Best makespan in group=462.00
[TRAIN] Step 379/400 | 17:18:35
[TRAIN] Step 379 | Loss=0.000125 | Best makespan in group=537.00
[TRAIN] Step 380/400 | 17:19:15
[TRAIN] Step 380 | Loss=0.001843 | Best makespan in group=517.00
[TRAIN] Step 381/400 | 17:20:02
[TRAIN] Step 381 | Loss=0.000054 | Best makespan in group=537.00
[TRAIN] Step 382/400 | 17:20:58
[TRAIN] Step 382 | Loss=0.000479 | Best makespan in group=529.00
[TRAIN] Step 383/400 | 17:21:46
[TRAIN] Step 383 | Loss=0.000165 | Best makespan in group=409.00
[TRAIN] Step 384/400 | 17:22:29
[TRAIN] Step 384 | Loss=0.000002 | Best makespan in group=443.00
[TRAIN] Step 385/400 | 17:23:18
[TRAIN] Step 385 | Loss=0.000403 | Best makespan in group=551.00
[TRAIN] Step 386/400 | 17:24:53
[TRAIN] Step 386 | Loss=0.660473 | Best makespan in group=477.00
[TRAIN] Step 387/400 | 17:26:26
[TRAIN] Step 387 | Loss=0.474735 | Best makespan in group=392.00
[TRAIN] Step 388/400 | 17:28:05
[TRAIN] Step 388 | Loss=0.000078 | Best makespan in group=330.00
[TRAIN] Step 389/400 | 17:28:55
[TRAIN] Step 389 | Loss=0.000001 | Best makespan in group=571.00
[TRAIN] Step 390/400 | 17:29:59
[TRAIN] Step 390 | Loss=0.000004 | Best makespan in group=486.00
[TRAIN] Step 391/400 | 17:31:01
[TRAIN] Step 391 | Loss=0.000007 | Best makespan in group=413.00
[TRAIN] Step 392/400 | 17:31:56
[TRAIN] Step 392 | Loss=0.290990 | Best makespan in group=377.00
[TRAIN] Step 393/400 | 17:32:40
[TRAIN] Step 393 | Loss=0.000002 | Best makespan in group=404.00
[TRAIN] Step 394/400 | 17:33:56
[TRAIN] Step 394 | Loss=0.924394 | Best makespan in group=344.00
[TRAIN] Step 395/400 | 17:34:54
[TRAIN] Step 395 | Loss=0.000025 | Best makespan in group=441.00
[TRAIN] Step 396/400 | 17:35:35
[TRAIN] Step 396 | Loss=0.000001 | Best makespan in group=601.00
[TRAIN] Step 397/400 | 17:36:28
[TRAIN] Step 397 | Loss=0.188599 | Best makespan in group=336.00
[TRAIN] Step 398/400 | 17:37:12
[TRAIN] Step 398 | Loss=0.392427 | Best makespan in group=389.00
[TRAIN] Step 399/400 | 17:38:14
[TRAIN] Step 399 | Loss=0.000000 | Best makespan in group=333.00
[TRAIN] Step 400/400 | 17:39:22
[TRAIN] Step 400 | Loss=0.015747 | Best makespan in group=467.00
[TRAIN] Refreshing training instances (step 400)...
[TRAIN][VAL][ep 400] avg_gap=0.0999 | std_gap=0.0485 | q80_gap=0.1369 | n=40
[TRAIN] Evaluating best checkpoint (candidate_models/109742766735700.pth) on the held-out test split...
[TRAIN][TEST] avg_gap=0.0944 | std_gap=0.0441 | q80_gap=0.1243 | n=40
[TRAIN][17:46:41] Training ended. Validation history and plots updated.
