D:\Dissertação\dissertation-bopo_introduction\venv\Lib\site-packages\torch\jit\_script.py:1485: FutureWarning: `torch.jit.script` is not supported in Python 3.14+ and may break. Please switch to `torch.compile` or `torch.export`.
  warnings.warn(
============================================================
[TRAIN] Training started at: 2026-09-21 18:24:31
[TRAIN] Hyperparams | max_steps=400 | new_freq=200
[TRAIN]             | n_cases=30 | B=32 | K=10 | use_greedy=True | lr=0.0005 (decaying to 1.00e-04)
[TRAIN]             | warm_start_steps=200 | checkpoint_smooth_window=3 | seed=42
[TRAIN]             | hidden_channels=128 | num_layers=3 | heads=3
[TRAIN] Representation | ojm | GNN | gat
[TRAIN] Problem size | jobs=[8,10] | machines=[5,10] | ops_per_job=[5,6] | max_proc=100
============================================================
[TRAIN] Output run folder: results\ablation_ojm_gat_layers3
[TRAIN] Validation config | every=25 steps | instances=40 (representative subset)
[TRAIN] Warm-start (behavior cloning vs. dispatch heuristic) | 200 step(s)...
[TRAIN][WARMSTART] step 10/200 | instance=5 | bc_loss=1.9418 | decisions=51
[TRAIN][WARMSTART] step 20/200 | instance=17 | bc_loss=1.9696 | decisions=51
[TRAIN][WARMSTART] step 30/200 | instance=6 | bc_loss=1.8725 | decisions=48
[TRAIN][WARMSTART] step 40/200 | instance=20 | bc_loss=1.9547 | decisions=51
[TRAIN][WARMSTART] step 50/200 | instance=3 | bc_loss=1.7016 | decisions=46
[TRAIN][WARMSTART] step 60/200 | instance=24 | bc_loss=1.7384 | decisions=44
[TRAIN][WARMSTART] step 70/200 | instance=20 | bc_loss=1.9239 | decisions=51
[TRAIN][WARMSTART] step 80/200 | instance=0 | bc_loss=1.7453 | decisions=49
[TRAIN][WARMSTART] step 90/200 | instance=0 | bc_loss=1.7389 | decisions=49
[TRAIN][WARMSTART] step 100/200 | instance=4 | bc_loss=1.7177 | decisions=47
[TRAIN][WARMSTART] step 110/200 | instance=0 | bc_loss=1.7187 | decisions=49
[TRAIN][WARMSTART] step 120/200 | instance=13 | bc_loss=1.5692 | decisions=53
[TRAIN][WARMSTART] step 130/200 | instance=12 | bc_loss=1.5262 | decisions=41
[TRAIN][WARMSTART] step 140/200 | instance=10 | bc_loss=1.9908 | decisions=54
[TRAIN][WARMSTART] step 150/200 | instance=2 | bc_loss=1.9650 | decisions=55
[TRAIN][WARMSTART] step 160/200 | instance=25 | bc_loss=1.7975 | decisions=52
[TRAIN][WARMSTART] step 170/200 | instance=22 | bc_loss=1.5741 | decisions=43
[TRAIN][WARMSTART] step 180/200 | instance=18 | bc_loss=1.6424 | decisions=41
[TRAIN][WARMSTART] step 190/200 | instance=10 | bc_loss=1.9304 | decisions=54
[TRAIN][WARMSTART] step 200/200 | instance=3 | bc_loss=1.6014 | decisions=46
[TRAIN] Warm-start complete, switching to BOPO preference optimization.
------------------------------------------------------------
[TRAIN] BOPO agent ready. Starting training loop for 400 step(s)...
------------------------------------------------------------
[TRAIN] Step 1/400 | 18:30:20
[TRAIN] Step 1 | Loss=11.496941 | Best makespan in group=475.00
[TRAIN] Step 2/400 | 18:30:47
[TRAIN] Step 2 | Loss=10.025249 | Best makespan in group=562.00
[TRAIN] Step 3/400 | 18:31:07
[TRAIN] Step 3 | Loss=9.329580 | Best makespan in group=610.00
[TRAIN] Step 4/400 | 18:31:24
[TRAIN] Step 4 | Loss=10.660474 | Best makespan in group=487.00
[TRAIN] Step 5/400 | 18:31:49
[TRAIN] Step 5 | Loss=6.057156 | Best makespan in group=430.00
[TRAIN] Step 6/400 | 18:32:09
[TRAIN] Step 6 | Loss=8.179436 | Best makespan in group=569.00
[TRAIN] Step 7/400 | 18:32:25
[TRAIN] Step 7 | Loss=1.462500 | Best makespan in group=611.00
[TRAIN] Step 8/400 | 18:32:48
[TRAIN] Step 8 | Loss=0.516793 | Best makespan in group=425.00
[TRAIN] Step 9/400 | 18:33:04
[TRAIN] Step 9 | Loss=8.480468 | Best makespan in group=615.00
[TRAIN] Step 10/400 | 18:33:20
[TRAIN] Step 10 | Loss=8.789062 | Best makespan in group=353.00
[TRAIN] Step 11/400 | 18:33:51
[TRAIN] Step 11 | Loss=7.681620 | Best makespan in group=562.00
[TRAIN] Step 12/400 | 18:34:11
[TRAIN] Step 12 | Loss=6.814816 | Best makespan in group=431.00
[TRAIN] Step 13/400 | 18:34:38
[TRAIN] Step 13 | Loss=4.864084 | Best makespan in group=436.00
[TRAIN] Step 14/400 | 18:35:04
[TRAIN] Step 14 | Loss=0.682356 | Best makespan in group=458.00
[TRAIN] Step 15/400 | 18:35:24
[TRAIN] Step 15 | Loss=1.077539 | Best makespan in group=561.00
[TRAIN] Step 16/400 | 18:35:39
[TRAIN] Step 16 | Loss=10.331626 | Best makespan in group=460.00
[TRAIN] Step 17/400 | 18:35:54
[TRAIN] Step 17 | Loss=3.637487 | Best makespan in group=405.00
[TRAIN] Step 18/400 | 18:36:23
[TRAIN] Step 18 | Loss=3.193812 | Best makespan in group=376.00
[TRAIN] Step 19/400 | 18:36:44
[TRAIN] Step 19 | Loss=3.009204 | Best makespan in group=362.00
[TRAIN] Step 20/400 | 18:37:01
[TRAIN] Step 20 | Loss=4.216547 | Best makespan in group=605.00
[TRAIN] Step 21/400 | 18:37:19
[TRAIN] Step 21 | Loss=9.911755 | Best makespan in group=448.00
[TRAIN] Step 22/400 | 18:37:35
[TRAIN] Step 22 | Loss=2.696893 | Best makespan in group=492.00
[TRAIN] Step 23/400 | 18:38:00
[TRAIN] Step 23 | Loss=0.168206 | Best makespan in group=424.00
[TRAIN] Step 24/400 | 18:38:15
[TRAIN] Step 24 | Loss=0.000010 | Best makespan in group=459.00
[TRAIN] Step 25/400 | 18:38:42
[TRAIN] Step 25 | Loss=0.000030 | Best makespan in group=395.00
[TRAIN][VAL][ep 25] avg_gap=0.2080 | std_gap=0.1094 | q80_gap=0.2807 | n=40
[TRAIN] Validation improved | smoothed_avg_gap=0.2080 (raw=0.2080) | saving candidate: 712592735486650.pth
[TRAIN] Step 26/400 | 18:40:08
[TRAIN] Step 26 | Loss=1.914481 | Best makespan in group=401.00
[TRAIN] Step 27/400 | 18:40:29
[TRAIN] Step 27 | Loss=2.960809 | Best makespan in group=462.00
[TRAIN] Step 28/400 | 18:40:44
[TRAIN] Step 28 | Loss=0.004494 | Best makespan in group=481.00
[TRAIN] Step 29/400 | 18:41:00
[TRAIN] Step 29 | Loss=1.615456 | Best makespan in group=490.00
[TRAIN] Step 30/400 | 18:41:23
[TRAIN] Step 30 | Loss=0.000616 | Best makespan in group=504.00
[TRAIN] Step 31/400 | 18:41:47
[TRAIN] Step 31 | Loss=1.544909 | Best makespan in group=425.00
[TRAIN] Step 32/400 | 18:42:13
[TRAIN] Step 32 | Loss=0.054255 | Best makespan in group=424.00
[TRAIN] Step 33/400 | 18:42:34
[TRAIN] Step 33 | Loss=4.149195 | Best makespan in group=394.00
[TRAIN] Step 34/400 | 18:42:55
[TRAIN] Step 34 | Loss=2.907394 | Best makespan in group=361.00
[TRAIN] Step 35/400 | 18:43:25
[TRAIN] Step 35 | Loss=0.868618 | Best makespan in group=482.00
[TRAIN] Step 36/400 | 18:43:51
[TRAIN] Step 36 | Loss=4.591638 | Best makespan in group=491.00
[TRAIN] Step 37/400 | 18:44:05
[TRAIN] Step 37 | Loss=0.059103 | Best makespan in group=403.00
[TRAIN] Step 38/400 | 18:44:21
[TRAIN] Step 38 | Loss=1.172228 | Best makespan in group=436.00
[TRAIN] Step 39/400 | 18:44:37
[TRAIN] Step 39 | Loss=0.282121 | Best makespan in group=533.00
[TRAIN] Step 40/400 | 18:44:57
[TRAIN] Step 40 | Loss=1.163749 | Best makespan in group=375.00
[TRAIN] Step 41/400 | 18:45:14
[TRAIN] Step 41 | Loss=1.661648 | Best makespan in group=397.00
[TRAIN] Step 42/400 | 18:45:43
[TRAIN] Step 42 | Loss=1.979450 | Best makespan in group=420.00
[TRAIN] Step 43/400 | 18:46:04
[TRAIN] Step 43 | Loss=3.421137 | Best makespan in group=510.00
[TRAIN] Step 44/400 | 18:46:19
[TRAIN] Step 44 | Loss=0.200127 | Best makespan in group=594.00
[TRAIN] Step 45/400 | 18:46:34
[TRAIN] Step 45 | Loss=1.443532 | Best makespan in group=606.00
[TRAIN] Step 46/400 | 18:46:54
[TRAIN] Step 46 | Loss=1.079331 | Best makespan in group=534.00
[TRAIN] Step 47/400 | 18:47:09
[TRAIN] Step 47 | Loss=1.789685 | Best makespan in group=430.00
[TRAIN] Step 48/400 | 18:47:36
[TRAIN] Step 48 | Loss=0.427296 | Best makespan in group=468.00
[TRAIN] Step 49/400 | 18:47:52
[TRAIN] Step 49 | Loss=0.000352 | Best makespan in group=570.00
[TRAIN] Step 50/400 | 18:48:07
[TRAIN] Step 50 | Loss=3.399953 | Best makespan in group=351.00
[TRAIN][VAL][ep 50] avg_gap=0.1630 | std_gap=0.0873 | q80_gap=0.2201 | n=40
[TRAIN] Validation improved | smoothed_avg_gap=0.1855 (raw=0.1630) | saving candidate: 66343312762759.pth
[TRAIN] Step 51/400 | 18:49:34
[TRAIN] Step 51 | Loss=0.583073 | Best makespan in group=419.00
[TRAIN] Step 52/400 | 18:49:59
[TRAIN] Step 52 | Loss=0.000062 | Best makespan in group=472.00
[TRAIN] Step 53/400 | 18:50:18
[TRAIN] Step 53 | Loss=0.582345 | Best makespan in group=560.00
[TRAIN] Step 54/400 | 18:50:36
[TRAIN] Step 54 | Loss=1.760853 | Best makespan in group=477.00
[TRAIN] Step 55/400 | 18:51:00
[TRAIN] Step 55 | Loss=0.021931 | Best makespan in group=451.00
[TRAIN] Step 56/400 | 18:51:15
[TRAIN] Step 56 | Loss=0.000006 | Best makespan in group=430.00
[TRAIN] Step 57/400 | 18:51:39
[TRAIN] Step 57 | Loss=0.001889 | Best makespan in group=501.00
[TRAIN] Step 58/400 | 18:51:59
[TRAIN] Step 58 | Loss=2.334043 | Best makespan in group=461.00
[TRAIN] Step 59/400 | 18:52:23
[TRAIN] Step 59 | Loss=2.518947 | Best makespan in group=567.00
[TRAIN] Step 60/400 | 18:52:41
[TRAIN] Step 60 | Loss=2.687659 | Best makespan in group=463.00
[TRAIN] Step 61/400 | 18:53:06
[TRAIN] Step 61 | Loss=0.817580 | Best makespan in group=554.00
[TRAIN] Step 62/400 | 18:53:26
[TRAIN] Step 62 | Loss=0.984447 | Best makespan in group=504.00
[TRAIN] Step 63/400 | 18:53:42
[TRAIN] Step 63 | Loss=1.537419 | Best makespan in group=486.00
[TRAIN] Step 64/400 | 18:54:07
[TRAIN] Step 64 | Loss=0.728000 | Best makespan in group=596.00
[TRAIN] Step 65/400 | 18:54:24
[TRAIN] Step 65 | Loss=1.431758 | Best makespan in group=477.00
[TRAIN] Step 66/400 | 18:54:51
[TRAIN] Step 66 | Loss=0.468794 | Best makespan in group=407.00
[TRAIN] Step 67/400 | 18:55:23
[TRAIN] Step 67 | Loss=1.308598 | Best makespan in group=515.00
[TRAIN] Step 68/400 | 18:55:47
[TRAIN] Step 68 | Loss=2.199428 | Best makespan in group=580.00
[TRAIN] Step 69/400 | 18:56:09
[TRAIN] Step 69 | Loss=2.448715 | Best makespan in group=404.00
[TRAIN] Step 70/400 | 18:56:33
[TRAIN] Step 70 | Loss=0.003876 | Best makespan in group=443.00
[TRAIN] Step 71/400 | 18:56:51
[TRAIN] Step 71 | Loss=0.518670 | Best makespan in group=540.00
[TRAIN] Step 72/400 | 18:57:13
[TRAIN] Step 72 | Loss=4.248007 | Best makespan in group=382.00
[TRAIN] Step 73/400 | 18:57:33
[TRAIN] Step 73 | Loss=0.510373 | Best makespan in group=427.00
[TRAIN] Step 74/400 | 18:57:58
[TRAIN] Step 74 | Loss=0.012108 | Best makespan in group=413.00
[TRAIN] Step 75/400 | 18:58:27
[TRAIN] Step 75 | Loss=0.039851 | Best makespan in group=444.00
[TRAIN][VAL][ep 75] avg_gap=0.1415 | std_gap=0.0711 | q80_gap=0.2024 | n=40
[TRAIN] Validation improved | smoothed_avg_gap=0.1708 (raw=0.1415) | saving candidate: 206341383518949.pth
[TRAIN] Step 76/400 | 19:00:06
[TRAIN] Step 76 | Loss=0.001241 | Best makespan in group=551.00
[TRAIN] Step 77/400 | 19:00:28
[TRAIN] Step 77 | Loss=0.000628 | Best makespan in group=403.00
[TRAIN] Step 78/400 | 19:00:59
[TRAIN] Step 78 | Loss=0.683066 | Best makespan in group=411.00
[TRAIN] Step 79/400 | 19:01:34
[TRAIN] Step 79 | Loss=0.021434 | Best makespan in group=466.00
[TRAIN] Step 80/400 | 19:01:52
[TRAIN] Step 80 | Loss=0.688524 | Best makespan in group=449.00
[TRAIN] Step 81/400 | 19:02:21
[TRAIN] Step 81 | Loss=0.000320 | Best makespan in group=478.00
[TRAIN] Step 82/400 | 19:02:49
[TRAIN] Step 82 | Loss=0.091483 | Best makespan in group=422.00
[TRAIN] Step 83/400 | 19:03:07
[TRAIN] Step 83 | Loss=0.001863 | Best makespan in group=543.00
[TRAIN] Step 84/400 | 19:03:26
[TRAIN] Step 84 | Loss=0.001506 | Best makespan in group=392.00
[TRAIN] Step 85/400 | 19:03:49
[TRAIN] Step 85 | Loss=0.830170 | Best makespan in group=592.00
[TRAIN] Step 86/400 | 19:04:12
[TRAIN] Step 86 | Loss=0.000246 | Best makespan in group=449.00
[TRAIN] Step 87/400 | 19:04:34
[TRAIN] Step 87 | Loss=1.793940 | Best makespan in group=350.00
[TRAIN] Step 88/400 | 19:05:10
[TRAIN] Step 88 | Loss=0.302680 | Best makespan in group=390.00
[TRAIN] Step 89/400 | 19:05:33
[TRAIN] Step 89 | Loss=1.952053 | Best makespan in group=408.00
[TRAIN] Step 90/400 | 19:06:02
[TRAIN] Step 90 | Loss=0.681111 | Best makespan in group=438.00
[TRAIN] Step 91/400 | 19:06:20
[TRAIN] Step 91 | Loss=1.728893 | Best makespan in group=568.00
[TRAIN] Step 92/400 | 19:06:37
[TRAIN] Step 92 | Loss=1.081784 | Best makespan in group=464.00
[TRAIN] Step 93/400 | 19:07:05
[TRAIN] Step 93 | Loss=5.380649 | Best makespan in group=391.00
[TRAIN] Step 94/400 | 19:07:41
[TRAIN] Step 94 | Loss=0.000002 | Best makespan in group=428.00
[TRAIN] Step 95/400 | 19:08:03
[TRAIN] Step 95 | Loss=0.892356 | Best makespan in group=409.00
[TRAIN] Step 96/400 | 19:08:31
[TRAIN] Step 96 | Loss=2.226122 | Best makespan in group=413.00
[TRAIN] Step 97/400 | 19:09:03
[TRAIN] Step 97 | Loss=2.117656 | Best makespan in group=489.00
[TRAIN] Step 98/400 | 19:09:20
[TRAIN] Step 98 | Loss=0.012644 | Best makespan in group=497.00
[TRAIN] Step 99/400 | 19:09:38
[TRAIN] Step 99 | Loss=0.000318 | Best makespan in group=457.00
[TRAIN] Step 100/400 | 19:09:57
[TRAIN] Step 100 | Loss=0.000176 | Best makespan in group=593.00
[TRAIN][VAL][ep 100] avg_gap=0.1831 | std_gap=0.0885 | q80_gap=0.2673 | n=40
[TRAIN] Validation improved | smoothed_avg_gap=0.1625 (raw=0.1831) | saving candidate: 975009584882048.pth
[TRAIN] Step 101/400 | 19:11:36
[TRAIN] Step 101 | Loss=0.362619 | Best makespan in group=397.00
[TRAIN] Step 102/400 | 19:12:00
[TRAIN] Step 102 | Loss=1.273465 | Best makespan in group=376.00
[TRAIN] Step 103/400 | 19:12:25
[TRAIN] Step 103 | Loss=2.987219 | Best makespan in group=467.00
[TRAIN] Step 104/400 | 19:12:54
[TRAIN] Step 104 | Loss=6.392080 | Best makespan in group=344.00
[TRAIN] Step 105/400 | 19:13:30
[TRAIN] Step 105 | Loss=1.672339 | Best makespan in group=364.00
[TRAIN] Step 106/400 | 19:13:50
[TRAIN] Step 106 | Loss=0.314651 | Best makespan in group=393.00
[TRAIN] Step 107/400 | 19:14:13
[TRAIN] Step 107 | Loss=0.753379 | Best makespan in group=490.00
[TRAIN] Step 108/400 | 19:14:41
[TRAIN] Step 108 | Loss=5.532897 | Best makespan in group=585.00
[TRAIN] Step 109/400 | 19:15:03
[TRAIN] Step 109 | Loss=0.119267 | Best makespan in group=519.00
[TRAIN] Step 110/400 | 19:15:28
[TRAIN] Step 110 | Loss=0.026676 | Best makespan in group=394.00
[TRAIN] Step 111/400 | 19:15:46
[TRAIN] Step 111 | Loss=0.000237 | Best makespan in group=549.00
[TRAIN] Step 112/400 | 19:16:08
[TRAIN] Step 112 | Loss=0.000049 | Best makespan in group=477.00
[TRAIN] Step 113/400 | 19:16:38
[TRAIN] Step 113 | Loss=2.202257 | Best makespan in group=539.00
[TRAIN] Step 114/400 | 19:17:01
[TRAIN] Step 114 | Loss=1.902367 | Best makespan in group=413.00
[TRAIN] Step 115/400 | 19:17:30
[TRAIN] Step 115 | Loss=0.010414 | Best makespan in group=395.00
[TRAIN] Step 116/400 | 19:17:53
[TRAIN] Step 116 | Loss=0.039415 | Best makespan in group=423.00
[TRAIN] Step 117/400 | 19:18:11
[TRAIN] Step 117 | Loss=1.208758 | Best makespan in group=576.00
[TRAIN] Step 118/400 | 19:18:35
[TRAIN] Step 118 | Loss=1.440452 | Best makespan in group=495.00
[TRAIN] Step 119/400 | 19:18:52
[TRAIN] Step 119 | Loss=0.004442 | Best makespan in group=445.00
[TRAIN] Step 120/400 | 19:19:09
[TRAIN] Step 120 | Loss=0.040509 | Best makespan in group=415.00
[TRAIN] Step 121/400 | 19:19:41
[TRAIN] Step 121 | Loss=0.089062 | Best makespan in group=400.00
[TRAIN] Step 122/400 | 19:20:05
[TRAIN] Step 122 | Loss=0.360920 | Best makespan in group=477.00
[TRAIN] Step 123/400 | 19:20:37
[TRAIN] Step 123 | Loss=1.817090 | Best makespan in group=439.00
[TRAIN] Step 124/400 | 19:21:08
[TRAIN] Step 124 | Loss=0.000048 | Best makespan in group=450.00
[TRAIN] Step 125/400 | 19:21:26
[TRAIN] Step 125 | Loss=0.004981 | Best makespan in group=444.00
[TRAIN][VAL][ep 125] avg_gap=0.1348 | std_gap=0.0647 | q80_gap=0.1880 | n=40
[TRAIN] Validation improved | smoothed_avg_gap=0.1531 (raw=0.1348) | saving candidate: 700197604676181.pth
[TRAIN] Step 126/400 | 19:23:05
[TRAIN] Step 126 | Loss=0.069722 | Best makespan in group=420.00
[TRAIN] Step 127/400 | 19:23:39
[TRAIN] Step 127 | Loss=0.000975 | Best makespan in group=395.00
[TRAIN] Step 128/400 | 19:24:03
[TRAIN] Step 128 | Loss=0.000111 | Best makespan in group=402.00
[TRAIN] Step 129/400 | 19:24:22
[TRAIN] Step 129 | Loss=0.895077 | Best makespan in group=385.00
[TRAIN] Step 130/400 | 19:24:54
[TRAIN] Step 130 | Loss=9.006973 | Best makespan in group=467.00
[TRAIN] Step 131/400 | 19:25:24
[TRAIN] Step 131 | Loss=0.595973 | Best makespan in group=448.00
[TRAIN] Step 132/400 | 19:25:41
[TRAIN] Step 132 | Loss=1.302226 | Best makespan in group=501.00
[TRAIN] Step 133/400 | 19:26:04
[TRAIN] Step 133 | Loss=1.080528 | Best makespan in group=411.00
[TRAIN] Step 134/400 | 19:26:39
[TRAIN] Step 134 | Loss=2.107013 | Best makespan in group=468.00
[TRAIN] Step 135/400 | 19:26:57
[TRAIN] Step 135 | Loss=0.000417 | Best makespan in group=568.00
[TRAIN] Step 136/400 | 19:27:19
[TRAIN] Step 136 | Loss=0.000230 | Best makespan in group=454.00
[TRAIN] Step 137/400 | 19:27:48
[TRAIN] Step 137 | Loss=1.140290 | Best makespan in group=523.00
[TRAIN] Step 138/400 | 19:28:05
[TRAIN] Step 138 | Loss=4.278043 | Best makespan in group=425.00
[TRAIN] Step 139/400 | 19:28:36
[TRAIN] Step 139 | Loss=1.093926 | Best makespan in group=588.00
[TRAIN] Step 140/400 | 19:29:00
[TRAIN] Step 140 | Loss=0.785163 | Best makespan in group=417.00
[TRAIN] Step 141/400 | 19:29:26
[TRAIN] Step 141 | Loss=1.769615 | Best makespan in group=607.00
[TRAIN] Step 142/400 | 19:29:46
[TRAIN] Step 142 | Loss=0.214932 | Best makespan in group=386.00
[TRAIN] Step 143/400 | 19:30:06
[TRAIN] Step 143 | Loss=0.001902 | Best makespan in group=440.00
[TRAIN] Step 144/400 | 19:30:24
[TRAIN] Step 144 | Loss=0.017133 | Best makespan in group=520.00
[TRAIN] Step 145/400 | 19:30:47
[TRAIN] Step 145 | Loss=0.662380 | Best makespan in group=332.00
[TRAIN] Step 146/400 | 19:31:28
[TRAIN] Step 146 | Loss=0.242893 | Best makespan in group=419.00
[TRAIN] Step 147/400 | 19:31:57
[TRAIN] Step 147 | Loss=0.000287 | Best makespan in group=546.00
[TRAIN] Step 148/400 | 19:32:18
[TRAIN] Step 148 | Loss=0.122504 | Best makespan in group=494.00
[TRAIN] Step 149/400 | 19:32:37
[TRAIN] Step 149 | Loss=1.350106 | Best makespan in group=563.00
[TRAIN] Step 150/400 | 19:32:56
[TRAIN] Step 150 | Loss=0.084771 | Best makespan in group=345.00
[TRAIN][VAL][ep 150] avg_gap=0.1966 | std_gap=0.0914 | q80_gap=0.2634 | n=40
[TRAIN] Step 151/400 | 19:34:41
[TRAIN] Step 151 | Loss=0.023159 | Best makespan in group=426.00
[TRAIN] Step 152/400 | 19:35:10
[TRAIN] Step 152 | Loss=0.242071 | Best makespan in group=462.00
[TRAIN] Step 153/400 | 19:35:37
[TRAIN] Step 153 | Loss=0.645745 | Best makespan in group=554.00
[TRAIN] Step 154/400 | 19:35:54
[TRAIN] Step 154 | Loss=0.016103 | Best makespan in group=423.00
[TRAIN] Step 155/400 | 19:36:15
[TRAIN] Step 155 | Loss=0.522204 | Best makespan in group=502.00
[TRAIN] Step 156/400 | 19:36:37
[TRAIN] Step 156 | Loss=1.205557 | Best makespan in group=397.00
[TRAIN] Step 157/400 | 19:36:59
[TRAIN] Step 157 | Loss=0.003339 | Best makespan in group=585.00
[TRAIN] Step 158/400 | 19:37:22
[TRAIN] Step 158 | Loss=0.249220 | Best makespan in group=422.00
[TRAIN] Step 159/400 | 19:37:44
[TRAIN] Step 159 | Loss=1.641569 | Best makespan in group=341.00
[TRAIN] Step 160/400 | 19:38:15
[TRAIN] Step 160 | Loss=0.541710 | Best makespan in group=577.00
[TRAIN] Step 161/400 | 19:38:35
[TRAIN] Step 161 | Loss=0.742747 | Best makespan in group=551.00
[TRAIN] Step 162/400 | 19:38:53
[TRAIN] Step 162 | Loss=0.001638 | Best makespan in group=403.00
[TRAIN] Step 163/400 | 19:39:10
[TRAIN] Step 163 | Loss=0.002836 | Best makespan in group=437.00
[TRAIN] Step 164/400 | 19:39:25
[TRAIN] Step 164 | Loss=2.208492 | Best makespan in group=493.00
[TRAIN] Step 165/400 | 19:39:50
[TRAIN] Step 165 | Loss=0.032512 | Best makespan in group=463.00
[TRAIN] Step 166/400 | 19:40:16
[TRAIN] Step 166 | Loss=3.514778 | Best makespan in group=440.00
[TRAIN] Step 167/400 | 19:40:42
[TRAIN] Step 167 | Loss=0.001059 | Best makespan in group=499.00
[TRAIN] Step 168/400 | 19:40:58
[TRAIN] Step 168 | Loss=0.824500 | Best makespan in group=492.00
[TRAIN] Step 169/400 | 19:41:15
[TRAIN] Step 169 | Loss=0.012873 | Best makespan in group=362.00
[TRAIN] Step 170/400 | 19:41:33
[TRAIN] Step 170 | Loss=0.002933 | Best makespan in group=359.00
[TRAIN] Step 171/400 | 19:41:54
[TRAIN] Step 171 | Loss=5.941514 | Best makespan in group=449.00
[TRAIN] Step 172/400 | 19:42:10
[TRAIN] Step 172 | Loss=0.018449 | Best makespan in group=511.00
[TRAIN] Step 173/400 | 19:42:30
[TRAIN] Step 173 | Loss=0.000159 | Best makespan in group=380.00
[TRAIN] Step 174/400 | 19:43:01
[TRAIN] Step 174 | Loss=0.000020 | Best makespan in group=384.00
[TRAIN] Step 175/400 | 19:43:28
[TRAIN] Step 175 | Loss=0.000039 | Best makespan in group=339.00
[TRAIN][VAL][ep 175] avg_gap=0.1512 | std_gap=0.0769 | q80_gap=0.1974 | n=40
[TRAIN] Step 176/400 | 19:45:01
[TRAIN] Step 176 | Loss=0.000526 | Best makespan in group=481.00
[TRAIN] Step 177/400 | 19:45:16
[TRAIN] Step 177 | Loss=0.000077 | Best makespan in group=444.00
[TRAIN] Step 178/400 | 19:45:33
[TRAIN] Step 178 | Loss=0.992308 | Best makespan in group=413.00
[TRAIN] Step 179/400 | 19:45:58
[TRAIN] Step 179 | Loss=0.613787 | Best makespan in group=582.00
[TRAIN] Step 180/400 | 19:46:15
[TRAIN] Step 180 | Loss=0.000129 | Best makespan in group=399.00
[TRAIN] Step 181/400 | 19:46:42
[TRAIN] Step 181 | Loss=0.017189 | Best makespan in group=507.00
[TRAIN] Step 182/400 | 19:47:03
[TRAIN] Step 182 | Loss=0.172009 | Best makespan in group=583.00
[TRAIN] Step 183/400 | 19:47:19
[TRAIN] Step 183 | Loss=0.362406 | Best makespan in group=495.00
[TRAIN] Step 184/400 | 19:47:35
[TRAIN] Step 184 | Loss=0.000212 | Best makespan in group=415.00
[TRAIN] Step 185/400 | 19:47:55
[TRAIN] Step 185 | Loss=2.040745 | Best makespan in group=555.00
[TRAIN] Step 186/400 | 19:48:10
[TRAIN] Step 186 | Loss=0.578985 | Best makespan in group=532.00
[TRAIN] Step 187/400 | 19:48:31
[TRAIN] Step 187 | Loss=2.124801 | Best makespan in group=570.00
[TRAIN] Step 188/400 | 19:48:51
[TRAIN] Step 188 | Loss=0.000053 | Best makespan in group=346.00
[TRAIN] Step 189/400 | 19:49:13
[TRAIN] Step 189 | Loss=0.005717 | Best makespan in group=395.00
[TRAIN] Step 190/400 | 19:49:34
[TRAIN] Step 190 | Loss=0.199369 | Best makespan in group=395.00
[TRAIN] Step 191/400 | 19:50:02
[TRAIN] Step 191 | Loss=0.096622 | Best makespan in group=368.00
[TRAIN] Step 192/400 | 19:50:20
[TRAIN] Step 192 | Loss=0.015559 | Best makespan in group=359.00
[TRAIN] Step 193/400 | 19:50:41
[TRAIN] Step 193 | Loss=0.119514 | Best makespan in group=378.00
[TRAIN] Step 194/400 | 19:51:13
[TRAIN] Step 194 | Loss=0.000906 | Best makespan in group=450.00
[TRAIN] Step 195/400 | 19:51:29
[TRAIN] Step 195 | Loss=0.000233 | Best makespan in group=437.00
[TRAIN] Step 196/400 | 19:51:53
[TRAIN] Step 196 | Loss=2.229392 | Best makespan in group=469.00
[TRAIN] Step 197/400 | 19:52:20
[TRAIN] Step 197 | Loss=1.974598 | Best makespan in group=581.00
[TRAIN] Step 198/400 | 19:52:41
[TRAIN] Step 198 | Loss=0.001038 | Best makespan in group=499.00
[TRAIN] Step 199/400 | 19:52:56
[TRAIN] Step 199 | Loss=1.426745 | Best makespan in group=403.00
[TRAIN] Step 200/400 | 19:53:24
[TRAIN] Step 200 | Loss=0.000290 | Best makespan in group=407.00
[TRAIN] Refreshing training instances (step 200)...
[TRAIN][VAL][ep 200] avg_gap=0.1457 | std_gap=0.0843 | q80_gap=0.1842 | n=40
[TRAIN] Step 201/400 | 19:54:55
[TRAIN] Step 201 | Loss=0.186800 | Best makespan in group=391.00
[TRAIN] Step 202/400 | 19:55:19
[TRAIN] Step 202 | Loss=0.001207 | Best makespan in group=504.00
[TRAIN] Step 203/400 | 19:55:37
[TRAIN] Step 203 | Loss=0.039024 | Best makespan in group=450.00
[TRAIN] Step 204/400 | 19:55:56
[TRAIN] Step 204 | Loss=0.932677 | Best makespan in group=417.00
[TRAIN] Step 205/400 | 19:56:16
[TRAIN] Step 205 | Loss=0.000075 | Best makespan in group=351.00
[TRAIN] Step 206/400 | 19:56:39
[TRAIN] Step 206 | Loss=0.000008 | Best makespan in group=457.00
[TRAIN] Step 207/400 | 19:56:59
[TRAIN] Step 207 | Loss=0.341920 | Best makespan in group=327.00
[TRAIN] Step 208/400 | 19:57:20
[TRAIN] Step 208 | Loss=0.228096 | Best makespan in group=360.00
[TRAIN] Step 209/400 | 19:57:48
[TRAIN] Step 209 | Loss=1.247101 | Best makespan in group=386.00
[TRAIN] Step 210/400 | 19:58:16
[TRAIN] Step 210 | Loss=1.279466 | Best makespan in group=372.00
[TRAIN] Step 211/400 | 19:58:48
[TRAIN] Step 211 | Loss=0.486882 | Best makespan in group=597.00
[TRAIN] Step 212/400 | 19:59:14
[TRAIN] Step 212 | Loss=0.571164 | Best makespan in group=340.00
[TRAIN] Step 213/400 | 19:59:41
[TRAIN] Step 213 | Loss=0.000005 | Best makespan in group=406.00
[TRAIN] Step 214/400 | 20:00:08
[TRAIN] Step 214 | Loss=0.000007 | Best makespan in group=368.00
[TRAIN] Step 215/400 | 20:00:33
[TRAIN] Step 215 | Loss=0.000027 | Best makespan in group=349.00
[TRAIN] Step 216/400 | 20:01:06
[TRAIN] Step 216 | Loss=0.000636 | Best makespan in group=302.00
[TRAIN] Step 217/400 | 20:01:29
[TRAIN] Step 217 | Loss=0.002850 | Best makespan in group=402.00
[TRAIN] Step 218/400 | 20:01:53
[TRAIN] Step 218 | Loss=0.410364 | Best makespan in group=608.00
[TRAIN] Step 219/400 | 20:02:09
[TRAIN] Step 219 | Loss=0.376984 | Best makespan in group=401.00
[TRAIN] Step 220/400 | 20:02:33
[TRAIN] Step 220 | Loss=0.196528 | Best makespan in group=442.00
[TRAIN] Step 221/400 | 20:02:50
[TRAIN] Step 221 | Loss=0.001062 | Best makespan in group=324.00
[TRAIN] Step 222/400 | 20:03:18
[TRAIN] Step 222 | Loss=0.000052 | Best makespan in group=443.00
[TRAIN] Step 223/400 | 20:03:41
[TRAIN] Step 223 | Loss=0.605513 | Best makespan in group=404.00
[TRAIN] Step 224/400 | 20:04:05
[TRAIN] Step 224 | Loss=1.226783 | Best makespan in group=438.00
[TRAIN] Step 225/400 | 20:04:29
[TRAIN] Step 225 | Loss=0.000544 | Best makespan in group=379.00
[TRAIN][VAL][ep 225] avg_gap=0.1423 | std_gap=0.0654 | q80_gap=0.1960 | n=40
[TRAIN] Validation improved | smoothed_avg_gap=0.1464 (raw=0.1423) | saving candidate: 54610843120721.pth
[TRAIN] Step 226/400 | 20:06:04
[TRAIN] Step 226 | Loss=0.000195 | Best makespan in group=491.00
[TRAIN] Step 227/400 | 20:06:37
[TRAIN] Step 227 | Loss=0.008199 | Best makespan in group=409.00
[TRAIN] Step 228/400 | 20:07:00
[TRAIN] Step 228 | Loss=0.000220 | Best makespan in group=382.00
[TRAIN] Step 229/400 | 20:07:32
[TRAIN] Step 229 | Loss=0.000261 | Best makespan in group=384.00
[TRAIN] Step 230/400 | 20:07:57
[TRAIN] Step 230 | Loss=0.240817 | Best makespan in group=487.00
[TRAIN] Step 231/400 | 20:08:13
[TRAIN] Step 231 | Loss=0.551323 | Best makespan in group=381.00
[TRAIN] Step 232/400 | 20:08:38
[TRAIN] Step 232 | Loss=0.941280 | Best makespan in group=344.00
[TRAIN] Step 233/400 | 20:09:04
[TRAIN] Step 233 | Loss=0.095090 | Best makespan in group=398.00
[TRAIN] Step 234/400 | 20:09:33
[TRAIN] Step 234 | Loss=3.587583 | Best makespan in group=450.00
[TRAIN] Step 235/400 | 20:09:51
[TRAIN] Step 235 | Loss=1.110119 | Best makespan in group=375.00
[TRAIN] Step 236/400 | 20:10:19
[TRAIN] Step 236 | Loss=0.000775 | Best makespan in group=404.00
[TRAIN] Step 237/400 | 20:10:46
[TRAIN] Step 237 | Loss=0.493874 | Best makespan in group=380.00
[TRAIN] Step 238/400 | 20:11:12
[TRAIN] Step 238 | Loss=0.092677 | Best makespan in group=430.00
[TRAIN] Step 239/400 | 20:11:35
[TRAIN] Step 239 | Loss=0.000135 | Best makespan in group=428.00
[TRAIN] Step 240/400 | 20:11:51
[TRAIN] Step 240 | Loss=0.732502 | Best makespan in group=614.00
[TRAIN] Step 241/400 | 20:12:07
[TRAIN] Step 241 | Loss=0.000036 | Best makespan in group=464.00
[TRAIN] Step 242/400 | 20:12:27
[TRAIN] Step 242 | Loss=0.000687 | Best makespan in group=336.00
[TRAIN] Step 243/400 | 20:12:53
[TRAIN] Step 243 | Loss=0.000073 | Best makespan in group=385.00
[TRAIN] Step 244/400 | 20:13:18
[TRAIN] Step 244 | Loss=3.050092 | Best makespan in group=598.00
[TRAIN] Step 245/400 | 20:13:45
[TRAIN] Step 245 | Loss=2.107824 | Best makespan in group=346.00
[TRAIN] Step 246/400 | 20:14:07
[TRAIN] Step 246 | Loss=0.002503 | Best makespan in group=302.00
[TRAIN] Step 247/400 | 20:14:30
[TRAIN] Step 247 | Loss=0.001305 | Best makespan in group=353.00
[TRAIN] Step 248/400 | 20:15:02
[TRAIN] Step 248 | Loss=0.340453 | Best makespan in group=438.00
[TRAIN] Step 249/400 | 20:15:25
[TRAIN] Step 249 | Loss=0.626365 | Best makespan in group=426.00
[TRAIN] Step 250/400 | 20:15:48
[TRAIN] Step 250 | Loss=0.581068 | Best makespan in group=413.00
[TRAIN][VAL][ep 250] avg_gap=0.1350 | std_gap=0.0773 | q80_gap=0.1986 | n=40
[TRAIN] Validation improved | smoothed_avg_gap=0.1410 (raw=0.1350) | saving candidate: 167473623899358.pth
[TRAIN] Step 251/400 | 20:17:17
[TRAIN] Step 251 | Loss=0.058284 | Best makespan in group=374.00
[TRAIN] Step 252/400 | 20:17:38
[TRAIN] Step 252 | Loss=1.423637 | Best makespan in group=525.00
[TRAIN] Step 253/400 | 20:17:56
[TRAIN] Step 253 | Loss=0.549713 | Best makespan in group=443.00
[TRAIN] Step 254/400 | 20:18:19
[TRAIN] Step 254 | Loss=0.018104 | Best makespan in group=376.00
[TRAIN] Step 255/400 | 20:18:42
[TRAIN] Step 255 | Loss=0.000938 | Best makespan in group=443.00
[TRAIN] Step 256/400 | 20:19:03
[TRAIN] Step 256 | Loss=0.000892 | Best makespan in group=459.00
[TRAIN] Step 257/400 | 20:19:35
[TRAIN] Step 257 | Loss=0.208441 | Best makespan in group=492.00
[TRAIN] Step 258/400 | 20:19:52
[TRAIN] Step 258 | Loss=0.958722 | Best makespan in group=374.00
[TRAIN] Step 259/400 | 20:20:23
[TRAIN] Step 259 | Loss=0.000288 | Best makespan in group=396.00
[TRAIN] Step 260/400 | 20:20:46
[TRAIN] Step 260 | Loss=0.002559 | Best makespan in group=340.00
[TRAIN] Step 261/400 | 20:21:18
[TRAIN] Step 261 | Loss=0.947944 | Best makespan in group=446.00
[TRAIN] Step 262/400 | 20:21:42
[TRAIN] Step 262 | Loss=0.001173 | Best makespan in group=340.00
[TRAIN] Step 263/400 | 20:22:14
[TRAIN] Step 263 | Loss=0.025159 | Best makespan in group=406.00
[TRAIN] Step 264/400 | 20:22:40
[TRAIN] Step 264 | Loss=0.363920 | Best makespan in group=372.00
[TRAIN] Step 265/400 | 20:23:00
[TRAIN] Step 265 | Loss=1.478399 | Best makespan in group=599.00
[TRAIN] Step 266/400 | 20:23:16
[TRAIN] Step 266 | Loss=1.830342 | Best makespan in group=576.00
[TRAIN] Step 267/400 | 20:23:42
[TRAIN] Step 267 | Loss=0.000629 | Best makespan in group=490.00
[TRAIN] Step 268/400 | 20:24:12
[TRAIN] Step 268 | Loss=0.002665 | Best makespan in group=425.00
[TRAIN] Step 269/400 | 20:24:35
[TRAIN] Step 269 | Loss=0.017066 | Best makespan in group=397.00
[TRAIN] Step 270/400 | 20:25:04
[TRAIN] Step 270 | Loss=2.319268 | Best makespan in group=423.00
[TRAIN] Step 271/400 | 20:25:26
[TRAIN] Step 271 | Loss=0.000626 | Best makespan in group=302.00
[TRAIN] Step 272/400 | 20:25:49
[TRAIN] Step 272 | Loss=0.720488 | Best makespan in group=377.00
[TRAIN] Step 273/400 | 20:26:15
[TRAIN] Step 273 | Loss=0.705777 | Best makespan in group=534.00
[TRAIN] Step 274/400 | 20:26:34
[TRAIN] Step 274 | Loss=0.528022 | Best makespan in group=404.00
[TRAIN] Step 275/400 | 20:26:56
[TRAIN] Step 275 | Loss=0.222809 | Best makespan in group=326.00
[TRAIN][VAL][ep 275] avg_gap=0.1364 | std_gap=0.0716 | q80_gap=0.1805 | n=40
[TRAIN] Validation improved | smoothed_avg_gap=0.1379 (raw=0.1364) | saving candidate: 487862637463653.pth
[TRAIN] Step 276/400 | 20:28:32
[TRAIN] Step 276 | Loss=0.000085 | Best makespan in group=356.00
[TRAIN] Step 277/400 | 20:28:59
[TRAIN] Step 277 | Loss=0.006837 | Best makespan in group=347.00
[TRAIN] Step 278/400 | 20:29:27
[TRAIN] Step 278 | Loss=1.916562 | Best makespan in group=438.00
[TRAIN] Step 279/400 | 20:29:51
[TRAIN] Step 279 | Loss=1.852085 | Best makespan in group=325.00
[TRAIN] Step 280/400 | 20:30:15
[TRAIN] Step 280 | Loss=0.275935 | Best makespan in group=378.00
[TRAIN] Step 281/400 | 20:30:45
[TRAIN] Step 281 | Loss=0.000006 | Best makespan in group=448.00
[TRAIN] Step 282/400 | 20:31:06
[TRAIN] Step 282 | Loss=0.000405 | Best makespan in group=345.00
[TRAIN] Step 283/400 | 20:31:40
[TRAIN] Step 283 | Loss=0.002137 | Best makespan in group=443.00
[TRAIN] Step 284/400 | 20:32:03
[TRAIN] Step 284 | Loss=0.838390 | Best makespan in group=425.00
[TRAIN] Step 285/400 | 20:32:23
[TRAIN] Step 285 | Loss=0.000210 | Best makespan in group=376.00
[TRAIN] Step 286/400 | 20:32:56
[TRAIN] Step 286 | Loss=0.002177 | Best makespan in group=378.00
[TRAIN] Step 287/400 | 20:33:22
[TRAIN] Step 287 | Loss=0.487293 | Best makespan in group=493.00
[TRAIN] Step 288/400 | 20:33:39
[TRAIN] Step 288 | Loss=0.000157 | Best makespan in group=396.00
[TRAIN] Step 289/400 | 20:34:02
[TRAIN] Step 289 | Loss=2.350425 | Best makespan in group=439.00
[TRAIN] Step 290/400 | 20:34:18
[TRAIN] Step 290 | Loss=0.088172 | Best makespan in group=325.00
[TRAIN] Step 291/400 | 20:34:44
[TRAIN] Step 291 | Loss=0.181993 | Best makespan in group=443.00
[TRAIN] Step 292/400 | 20:35:02
[TRAIN] Step 292 | Loss=0.000080 | Best makespan in group=379.00
[TRAIN] Step 293/400 | 20:35:22
[TRAIN] Step 293 | Loss=0.410457 | Best makespan in group=367.00
[TRAIN] Step 294/400 | 20:35:46
[TRAIN] Step 294 | Loss=0.547908 | Best makespan in group=526.00
[TRAIN] Step 295/400 | 20:36:03
[TRAIN] Step 295 | Loss=0.000062 | Best makespan in group=396.00
[TRAIN] Step 296/400 | 20:36:26
[TRAIN] Step 296 | Loss=0.000103 | Best makespan in group=501.00
[TRAIN] Step 297/400 | 20:36:57
[TRAIN] Step 297 | Loss=0.003833 | Best makespan in group=345.00
[TRAIN] Step 298/400 | 20:37:29
[TRAIN] Step 298 | Loss=0.000687 | Best makespan in group=347.00
[TRAIN] Step 299/400 | 20:37:56
[TRAIN] Step 299 | Loss=1.993997 | Best makespan in group=411.00
[TRAIN] Step 300/400 | 20:38:19
[TRAIN] Step 300 | Loss=0.000153 | Best makespan in group=406.00
[TRAIN][VAL][ep 300] avg_gap=0.1281 | std_gap=0.0739 | q80_gap=0.1646 | n=40
[TRAIN] Validation improved | smoothed_avg_gap=0.1332 (raw=0.1281) | saving candidate: 840195583891788.pth
[TRAIN] Step 301/400 | 20:39:54
[TRAIN] Step 301 | Loss=0.000569 | Best makespan in group=378.00
[TRAIN] Step 302/400 | 20:40:26
[TRAIN] Step 302 | Loss=0.000024 | Best makespan in group=448.00
[TRAIN] Step 303/400 | 20:40:45
[TRAIN] Step 303 | Loss=0.011283 | Best makespan in group=438.00
[TRAIN] Step 304/400 | 20:41:07
[TRAIN] Step 304 | Loss=0.044075 | Best makespan in group=404.00
[TRAIN] Step 305/400 | 20:41:32
[TRAIN] Step 305 | Loss=0.985756 | Best makespan in group=438.00
[TRAIN] Step 306/400 | 20:41:56
[TRAIN] Step 306 | Loss=0.723358 | Best makespan in group=384.00
[TRAIN] Step 307/400 | 20:42:25
[TRAIN] Step 307 | Loss=0.000185 | Best makespan in group=343.00
[TRAIN] Step 308/400 | 20:42:55
[TRAIN] Step 308 | Loss=0.002090 | Best makespan in group=302.00
[TRAIN] Step 309/400 | 20:43:19
[TRAIN] Step 309 | Loss=0.001101 | Best makespan in group=422.00
[TRAIN] Step 310/400 | 20:43:41
[TRAIN] Step 310 | Loss=0.000196 | Best makespan in group=345.00
[TRAIN] Step 311/400 | 20:44:13
[TRAIN] Step 311 | Loss=0.123598 | Best makespan in group=575.00
[TRAIN] Step 312/400 | 20:44:39
[TRAIN] Step 312 | Loss=0.000031 | Best makespan in group=356.00
[TRAIN] Step 313/400 | 20:45:04
[TRAIN] Step 313 | Loss=0.141371 | Best makespan in group=349.00
[TRAIN] Step 314/400 | 20:45:25
[TRAIN] Step 314 | Loss=0.444730 | Best makespan in group=468.00
[TRAIN] Step 315/400 | 20:45:42
[TRAIN] Step 315 | Loss=0.002696 | Best makespan in group=610.00
[TRAIN] Step 316/400 | 20:45:57
[TRAIN] Step 316 | Loss=0.000017 | Best makespan in group=348.00
[TRAIN] Step 317/400 | 20:46:20
[TRAIN] Step 317 | Loss=0.004009 | Best makespan in group=331.00
[TRAIN] Step 318/400 | 20:46:46
[TRAIN] Step 318 | Loss=0.186564 | Best makespan in group=427.00
[TRAIN] Step 319/400 | 20:47:02
[TRAIN] Step 319 | Loss=0.195227 | Best makespan in group=364.00
[TRAIN] Step 320/400 | 20:47:27
[TRAIN] Step 320 | Loss=0.101988 | Best makespan in group=396.00
[TRAIN] Step 321/400 | 20:47:50
[TRAIN] Step 321 | Loss=0.820796 | Best makespan in group=405.00
[TRAIN] Step 322/400 | 20:48:13
[TRAIN] Step 322 | Loss=0.000387 | Best makespan in group=422.00
[TRAIN] Step 323/400 | 20:48:33
[TRAIN] Step 323 | Loss=0.661591 | Best makespan in group=400.00
[TRAIN] Step 324/400 | 20:48:52
[TRAIN] Step 324 | Loss=0.756774 | Best makespan in group=492.00
[TRAIN] Step 325/400 | 20:49:08
[TRAIN] Step 325 | Loss=0.336894 | Best makespan in group=342.00
[TRAIN][VAL][ep 325] avg_gap=0.1343 | std_gap=0.0741 | q80_gap=0.1698 | n=40
[TRAIN] Validation improved | smoothed_avg_gap=0.1329 (raw=0.1343) | saving candidate: 768048841900759.pth
[TRAIN] Step 326/400 | 20:50:40
[TRAIN] Step 326 | Loss=0.000052 | Best makespan in group=396.00
[TRAIN] Step 327/400 | 20:51:07
[TRAIN] Step 327 | Loss=0.000576 | Best makespan in group=392.00
[TRAIN] Step 328/400 | 20:51:30
[TRAIN] Step 328 | Loss=0.000070 | Best makespan in group=406.00
[TRAIN] Step 329/400 | 20:51:57
[TRAIN] Step 329 | Loss=0.005411 | Best makespan in group=343.00
[TRAIN] Step 330/400 | 20:52:25
[TRAIN] Step 330 | Loss=1.080341 | Best makespan in group=491.00
[TRAIN] Step 331/400 | 20:52:56
[TRAIN] Step 331 | Loss=0.010211 | Best makespan in group=374.00
[TRAIN] Step 332/400 | 20:53:16
[TRAIN] Step 332 | Loss=2.611323 | Best makespan in group=446.00
[TRAIN] Step 333/400 | 20:53:32
[TRAIN] Step 333 | Loss=0.000329 | Best makespan in group=434.00
[TRAIN] Step 334/400 | 20:53:55
[TRAIN] Step 334 | Loss=0.682253 | Best makespan in group=358.00
[TRAIN] Step 335/400 | 20:54:27
[TRAIN] Step 335 | Loss=0.000017 | Best makespan in group=364.00
[TRAIN] Step 336/400 | 20:54:52
[TRAIN] Step 336 | Loss=0.001838 | Best makespan in group=336.00
[TRAIN] Step 337/400 | 20:55:18
[TRAIN] Step 337 | Loss=2.298873 | Best makespan in group=425.00
[TRAIN] Step 338/400 | 20:55:41
[TRAIN] Step 338 | Loss=3.973465 | Best makespan in group=341.00
[TRAIN] Step 339/400 | 20:56:03
[TRAIN] Step 339 | Loss=0.216597 | Best makespan in group=513.00
[TRAIN] Step 340/400 | 20:56:21
[TRAIN] Step 340 | Loss=2.351630 | Best makespan in group=448.00
[TRAIN] Step 341/400 | 20:56:43
[TRAIN] Step 341 | Loss=1.503524 | Best makespan in group=602.00
[TRAIN] Step 342/400 | 20:57:00
[TRAIN] Step 342 | Loss=0.149301 | Best makespan in group=579.00
[TRAIN] Step 343/400 | 20:57:27
[TRAIN] Step 343 | Loss=0.229697 | Best makespan in group=344.00
[TRAIN] Step 344/400 | 20:58:01
[TRAIN] Step 344 | Loss=0.609742 | Best makespan in group=411.00
[TRAIN] Step 345/400 | 20:58:27
[TRAIN] Step 345 | Loss=1.822200 | Best makespan in group=302.00
[TRAIN] Step 346/400 | 20:58:51
[TRAIN] Step 346 | Loss=0.000070 | Best makespan in group=478.00
[TRAIN] Step 347/400 | 20:59:12
[TRAIN] Step 347 | Loss=0.000427 | Best makespan in group=372.00
[TRAIN] Step 348/400 | 20:59:46
[TRAIN] Step 348 | Loss=0.168061 | Best makespan in group=345.00
[TRAIN] Step 349/400 | 21:00:14
[TRAIN] Step 349 | Loss=1.077257 | Best makespan in group=438.00
[TRAIN] Step 350/400 | 21:00:38
[TRAIN] Step 350 | Loss=0.019406 | Best makespan in group=377.00
[TRAIN][VAL][ep 350] avg_gap=0.1292 | std_gap=0.0656 | q80_gap=0.1746 | n=40
[TRAIN] Validation improved | smoothed_avg_gap=0.1305 (raw=0.1292) | saving candidate: 500738111385484.pth
[TRAIN] Step 351/400 | 21:02:17
[TRAIN] Step 351 | Loss=0.109042 | Best makespan in group=377.00
[TRAIN] Step 352/400 | 21:02:43
[TRAIN] Step 352 | Loss=0.000560 | Best makespan in group=433.00
[TRAIN] Step 353/400 | 21:03:02
[TRAIN] Step 353 | Loss=0.461855 | Best makespan in group=583.00
[TRAIN] Step 354/400 | 21:03:19
[TRAIN] Step 354 | Loss=0.030323 | Best makespan in group=346.00
[TRAIN] Step 355/400 | 21:03:52
[TRAIN] Step 355 | Loss=0.013861 | Best makespan in group=402.00
[TRAIN] Step 356/400 | 21:04:16
[TRAIN] Step 356 | Loss=0.000857 | Best makespan in group=464.00
[TRAIN] Step 357/400 | 21:04:37
[TRAIN] Step 357 | Loss=0.254089 | Best makespan in group=547.00
[TRAIN] Step 358/400 | 21:04:55
[TRAIN] Step 358 | Loss=1.490160 | Best makespan in group=326.00
[TRAIN] Step 359/400 | 21:05:18
[TRAIN] Step 359 | Loss=0.008092 | Best makespan in group=480.00
[TRAIN] Step 360/400 | 21:05:36
[TRAIN] Step 360 | Loss=1.244333 | Best makespan in group=406.00
[TRAIN] Step 361/400 | 21:06:00
[TRAIN] Step 361 | Loss=0.432072 | Best makespan in group=446.00
[TRAIN] Step 362/400 | 21:06:25
[TRAIN] Step 362 | Loss=0.000852 | Best makespan in group=379.00
[TRAIN] Step 363/400 | 21:06:45
[TRAIN] Step 363 | Loss=0.483372 | Best makespan in group=583.00
[TRAIN] Step 364/400 | 21:07:11
[TRAIN] Step 364 | Loss=0.663133 | Best makespan in group=368.00
[TRAIN] Step 365/400 | 21:07:39
[TRAIN] Step 365 | Loss=0.000451 | Best makespan in group=332.00
[TRAIN] Step 366/400 | 21:08:02
[TRAIN] Step 366 | Loss=0.678252 | Best makespan in group=345.00
[TRAIN] Step 367/400 | 21:08:33
[TRAIN] Step 367 | Loss=0.913028 | Best makespan in group=424.00
[TRAIN] Step 368/400 | 21:08:49
[TRAIN] Step 368 | Loss=0.672412 | Best makespan in group=334.00
[TRAIN] Step 369/400 | 21:09:15
[TRAIN] Step 369 | Loss=0.003364 | Best makespan in group=422.00
[TRAIN] Step 370/400 | 21:09:36
[TRAIN] Step 370 | Loss=2.006247 | Best makespan in group=302.00
[TRAIN] Step 371/400 | 21:09:58
[TRAIN] Step 371 | Loss=0.013995 | Best makespan in group=404.00
[TRAIN] Step 372/400 | 21:10:25
[TRAIN] Step 372 | Loss=0.000235 | Best makespan in group=473.00
[TRAIN] Step 373/400 | 21:10:56
[TRAIN] Step 373 | Loss=0.009424 | Best makespan in group=343.00
[TRAIN] Step 374/400 | 21:11:24
[TRAIN] Step 374 | Loss=1.398178 | Best makespan in group=438.00
[TRAIN] Step 375/400 | 21:11:48
[TRAIN] Step 375 | Loss=1.289269 | Best makespan in group=324.00
[TRAIN][VAL][ep 375] avg_gap=0.1392 | std_gap=0.0752 | q80_gap=0.1821 | n=40
[TRAIN] Step 376/400 | 21:13:28
[TRAIN] Step 376 | Loss=1.090180 | Best makespan in group=368.00
[TRAIN] Step 377/400 | 21:13:54
[TRAIN] Step 377 | Loss=0.000071 | Best makespan in group=368.00
[TRAIN] Step 378/400 | 21:14:20
[TRAIN] Step 378 | Loss=0.000693 | Best makespan in group=392.00
[TRAIN] Step 379/400 | 21:14:44
[TRAIN] Step 379 | Loss=0.037838 | Best makespan in group=462.00
[TRAIN] Step 380/400 | 21:15:07
[TRAIN] Step 380 | Loss=0.511704 | Best makespan in group=351.00
[TRAIN] Step 381/400 | 21:15:40
[TRAIN] Step 381 | Loss=0.352456 | Best makespan in group=422.00
[TRAIN] Step 382/400 | 21:16:00
[TRAIN] Step 382 | Loss=0.000128 | Best makespan in group=473.00
[TRAIN] Step 383/400 | 21:16:32
[TRAIN] Step 383 | Loss=0.000466 | Best makespan in group=359.00
[TRAIN] Step 384/400 | 21:17:06
[TRAIN] Step 384 | Loss=0.001132 | Best makespan in group=404.00
[TRAIN] Step 385/400 | 21:17:31
[TRAIN] Step 385 | Loss=0.010052 | Best makespan in group=302.00
[TRAIN] Step 386/400 | 21:17:55
[TRAIN] Step 386 | Loss=0.003147 | Best makespan in group=578.00
[TRAIN] Step 387/400 | 21:18:11
[TRAIN] Step 387 | Loss=0.002885 | Best makespan in group=402.00
[TRAIN] Step 388/400 | 21:18:35
[TRAIN] Step 388 | Loss=0.003955 | Best makespan in group=340.00
[TRAIN] Step 389/400 | 21:19:03
[TRAIN] Step 389 | Loss=2.607824 | Best makespan in group=361.00
[TRAIN] Step 390/400 | 21:19:36
[TRAIN] Step 390 | Loss=0.911224 | Best makespan in group=379.00
[TRAIN] Step 391/400 | 21:20:04
[TRAIN] Step 391 | Loss=0.279855 | Best makespan in group=377.00
[TRAIN] Step 392/400 | 21:20:24
[TRAIN] Step 392 | Loss=0.016842 | Best makespan in group=443.00
[TRAIN] Step 393/400 | 21:20:45
[TRAIN] Step 393 | Loss=0.498637 | Best makespan in group=373.00
[TRAIN] Step 394/400 | 21:21:09
[TRAIN] Step 394 | Loss=1.250624 | Best makespan in group=415.00
[TRAIN] Step 395/400 | 21:21:32
[TRAIN] Step 395 | Loss=0.003017 | Best makespan in group=336.00
[TRAIN] Step 396/400 | 21:21:55
[TRAIN] Step 396 | Loss=0.670546 | Best makespan in group=396.00
[TRAIN] Step 397/400 | 21:22:23
[TRAIN] Step 397 | Loss=0.047298 | Best makespan in group=356.00
[TRAIN] Step 398/400 | 21:22:55
[TRAIN] Step 398 | Loss=1.296696 | Best makespan in group=522.00
[TRAIN] Step 399/400 | 21:23:13
[TRAIN] Step 399 | Loss=0.282654 | Best makespan in group=441.00
[TRAIN] Step 400/400 | 21:23:36
[TRAIN] Step 400 | Loss=0.001550 | Best makespan in group=329.00
[TRAIN] Refreshing training instances (step 400)...
[TRAIN][VAL][ep 400] avg_gap=0.1344 | std_gap=0.0784 | q80_gap=0.1874 | n=40
[TRAIN] Evaluating best checkpoint (candidate_models/500738111385484.pth) on the held-out test split...
[TRAIN][TEST] avg_gap=0.1296 | std_gap=0.0715 | q80_gap=0.1610 | n=40
[TRAIN][21:26:22] Training ended. Validation history and plots updated.
