D:\Dissertação\dissertation-bopo_introduction\venv\Lib\site-packages\torch\jit\_script.py:1485: FutureWarning: `torch.jit.script` is not supported in Python 3.14+ and may break. Please switch to `torch.compile` or `torch.export`.
  warnings.warn(
============================================================
[TRAIN] Training started at: 2026-09-22 14:25:58
[TRAIN] Hyperparams | max_steps=400 | new_freq=200
[TRAIN]             | n_cases=30 | B=32 | K=10 | use_greedy=True | lr=0.0005 (decaying to 1.00e-04)
[TRAIN]             | warm_start_steps=200 | checkpoint_smooth_window=3 | seed=42
[TRAIN]             | hidden_channels=128 | num_layers=3 | heads=3
[TRAIN] Representation | ojm | GNN | gin
[TRAIN] Problem size | jobs=[8,10] | machines=[5,10] | ops_per_job=[5,6] | max_proc=100
============================================================
[TRAIN] Output run folder: results\ablation_ojm_gin_layers3_20260922_142558
[TRAIN] Validation config | every=25 steps | instances=40 (representative subset)
[TRAIN] Warm-start (behavior cloning vs. dispatch heuristic) | 200 step(s)...
[TRAIN][WARMSTART] step 10/200 | instance=5 | bc_loss=1.8149 | decisions=51
[TRAIN][WARMSTART] step 20/200 | instance=17 | bc_loss=1.4330 | decisions=51
[TRAIN][WARMSTART] step 30/200 | instance=6 | bc_loss=1.5788 | decisions=48
[TRAIN][WARMSTART] step 40/200 | instance=20 | bc_loss=1.4190 | decisions=51
[TRAIN][WARMSTART] step 50/200 | instance=3 | bc_loss=1.6268 | decisions=46
[TRAIN][WARMSTART] step 60/200 | instance=24 | bc_loss=1.0705 | decisions=44
[TRAIN][WARMSTART] step 70/200 | instance=20 | bc_loss=1.2554 | decisions=51
[TRAIN][WARMSTART] step 80/200 | instance=0 | bc_loss=1.1383 | decisions=49
[TRAIN][WARMSTART] step 90/200 | instance=0 | bc_loss=1.0912 | decisions=49
[TRAIN][WARMSTART] step 100/200 | instance=4 | bc_loss=1.2631 | decisions=47
[TRAIN][WARMSTART] step 110/200 | instance=0 | bc_loss=1.0853 | decisions=49
[TRAIN][WARMSTART] step 120/200 | instance=13 | bc_loss=0.9673 | decisions=53
[TRAIN][WARMSTART] step 130/200 | instance=12 | bc_loss=0.9811 | decisions=41
[TRAIN][WARMSTART] step 140/200 | instance=10 | bc_loss=1.1201 | decisions=54
[TRAIN][WARMSTART] step 150/200 | instance=2 | bc_loss=1.2817 | decisions=55
[TRAIN][WARMSTART] step 160/200 | instance=25 | bc_loss=1.1890 | decisions=52
[TRAIN][WARMSTART] step 170/200 | instance=22 | bc_loss=0.8145 | decisions=43
[TRAIN][WARMSTART] step 180/200 | instance=18 | bc_loss=0.9696 | decisions=41
[TRAIN][WARMSTART] step 190/200 | instance=10 | bc_loss=1.0883 | decisions=54
[TRAIN][WARMSTART] step 200/200 | instance=3 | bc_loss=1.1730 | decisions=46
[TRAIN] Warm-start complete, switching to BOPO preference optimization.
------------------------------------------------------------
[TRAIN] BOPO agent ready. Starting training loop for 400 step(s)...
------------------------------------------------------------
[TRAIN] Step 1/400 | 14:33:56
[TRAIN] Step 1 | Loss=15.751953 | Best makespan in group=439.00
[TRAIN] Step 2/400 | 14:34:19
[TRAIN] Step 2 | Loss=1.373780 | Best makespan in group=536.00
[TRAIN] Step 3/400 | 14:34:37
[TRAIN] Step 3 | Loss=7.279672 | Best makespan in group=563.00
[TRAIN] Step 4/400 | 14:34:54
[TRAIN] Step 4 | Loss=8.857947 | Best makespan in group=445.00
[TRAIN] Step 5/400 | 14:35:15
[TRAIN] Step 5 | Loss=1.463283 | Best makespan in group=391.00
[TRAIN] Step 6/400 | 14:35:35
[TRAIN] Step 6 | Loss=1.179650 | Best makespan in group=479.00
[TRAIN] Step 7/400 | 14:35:50
[TRAIN] Step 7 | Loss=0.029078 | Best makespan in group=610.00
[TRAIN] Step 8/400 | 14:36:10
[TRAIN] Step 8 | Loss=0.000473 | Best makespan in group=409.00
[TRAIN] Step 9/400 | 14:36:25
[TRAIN] Step 9 | Loss=0.062618 | Best makespan in group=598.00
[TRAIN] Step 10/400 | 14:36:40
[TRAIN] Step 10 | Loss=3.808031 | Best makespan in group=345.00
[TRAIN] Step 11/400 | 14:37:06
[TRAIN] Step 11 | Loss=0.000005 | Best makespan in group=520.00
[TRAIN] Step 12/400 | 14:37:26
[TRAIN] Step 12 | Loss=2.621584 | Best makespan in group=404.00
[TRAIN] Step 13/400 | 14:37:49
[TRAIN] Step 13 | Loss=13.940102 | Best makespan in group=441.00
[TRAIN] Step 14/400 | 14:38:11
[TRAIN] Step 14 | Loss=4.456355 | Best makespan in group=489.00
[TRAIN] Step 15/400 | 14:38:28
[TRAIN] Step 15 | Loss=2.374991 | Best makespan in group=568.00
[TRAIN] Step 16/400 | 14:38:43
[TRAIN] Step 16 | Loss=8.411069 | Best makespan in group=471.00
[TRAIN] Step 17/400 | 14:38:56
[TRAIN] Step 17 | Loss=0.000005 | Best makespan in group=385.00
[TRAIN] Step 18/400 | 14:39:20
[TRAIN] Step 18 | Loss=0.092519 | Best makespan in group=373.00
[TRAIN] Step 19/400 | 14:39:37
[TRAIN] Step 19 | Loss=0.000196 | Best makespan in group=347.00
[TRAIN] Step 20/400 | 14:39:52
[TRAIN] Step 20 | Loss=1.563268 | Best makespan in group=551.00
[TRAIN] Step 21/400 | 14:40:07
[TRAIN] Step 21 | Loss=0.948326 | Best makespan in group=447.00
[TRAIN] Step 22/400 | 14:40:20
[TRAIN] Step 22 | Loss=1.934055 | Best makespan in group=475.00
[TRAIN] Step 23/400 | 14:40:40
[TRAIN] Step 23 | Loss=1.422252 | Best makespan in group=425.00
[TRAIN] Step 24/400 | 14:40:53
[TRAIN] Step 24 | Loss=0.000617 | Best makespan in group=404.00
[TRAIN] Step 25/400 | 14:41:14
[TRAIN] Step 25 | Loss=2.719853 | Best makespan in group=395.00
[TRAIN][VAL][ep 25] avg_gap=0.1668 | std_gap=0.0551 | q80_gap=0.2162 | n=40
[TRAIN] Validation improved | smoothed_avg_gap=0.1668 (raw=0.1668) | saving candidate: 303247446390230.pth
[TRAIN] Step 26/400 | 14:42:25
[TRAIN] Step 26 | Loss=0.774262 | Best makespan in group=381.00
[TRAIN] Step 27/400 | 14:42:43
[TRAIN] Step 27 | Loss=1.098006 | Best makespan in group=496.00
[TRAIN] Step 28/400 | 14:42:56
[TRAIN] Step 28 | Loss=5.734505 | Best makespan in group=478.00
[TRAIN] Step 29/400 | 14:43:09
[TRAIN] Step 29 | Loss=1.587419 | Best makespan in group=457.00
[TRAIN] Step 30/400 | 14:43:28
[TRAIN] Step 30 | Loss=0.025437 | Best makespan in group=465.00
[TRAIN] Step 31/400 | 14:43:47
[TRAIN] Step 31 | Loss=0.009871 | Best makespan in group=398.00
[TRAIN] Step 32/400 | 14:44:08
[TRAIN] Step 32 | Loss=1.138475 | Best makespan in group=413.00
[TRAIN] Step 33/400 | 14:44:29
[TRAIN] Step 33 | Loss=1.222914 | Best makespan in group=441.00
[TRAIN] Step 34/400 | 14:44:42
[TRAIN] Step 34 | Loss=0.123897 | Best makespan in group=423.00
[TRAIN] Step 35/400 | 14:44:55
[TRAIN] Step 35 | Loss=0.000613 | Best makespan in group=479.00
[TRAIN] Step 36/400 | 14:45:08
[TRAIN] Step 36 | Loss=0.000208 | Best makespan in group=558.00
[TRAIN] Step 37/400 | 14:45:24
[TRAIN] Step 37 | Loss=0.003732 | Best makespan in group=422.00
[TRAIN] Step 38/400 | 14:45:44
[TRAIN] Step 38 | Loss=0.012555 | Best makespan in group=409.00
[TRAIN] Step 39/400 | 14:45:59
[TRAIN] Step 39 | Loss=0.002199 | Best makespan in group=333.00
[TRAIN] Step 40/400 | 14:46:19
[TRAIN] Step 40 | Loss=0.002583 | Best makespan in group=522.00
[TRAIN] Step 41/400 | 14:46:37
[TRAIN] Step 41 | Loss=0.000718 | Best makespan in group=486.00
[TRAIN] Step 42/400 | 14:47:00
[TRAIN] Step 42 | Loss=2.080417 | Best makespan in group=395.00
[TRAIN] Step 43/400 | 14:47:21
[TRAIN] Step 43 | Loss=0.000568 | Best makespan in group=383.00
[TRAIN] Step 44/400 | 14:47:50
[TRAIN] Step 44 | Loss=0.689446 | Best makespan in group=443.00
[TRAIN] Step 45/400 | 14:48:09
[TRAIN] Step 45 | Loss=0.811339 | Best makespan in group=379.00
[TRAIN] Step 46/400 | 14:48:30
[TRAIN] Step 46 | Loss=0.247721 | Best makespan in group=598.00
[TRAIN] Step 47/400 | 14:48:46
[TRAIN] Step 47 | Loss=0.061025 | Best makespan in group=398.00
[TRAIN] Step 48/400 | 14:49:05
[TRAIN] Step 48 | Loss=1.119963 | Best makespan in group=367.00
[TRAIN] Step 49/400 | 14:49:24
[TRAIN] Step 49 | Loss=0.000143 | Best makespan in group=464.00
[TRAIN] Step 50/400 | 14:49:45
[TRAIN] Step 50 | Loss=0.000049 | Best makespan in group=466.00
[TRAIN][VAL][ep 50] avg_gap=0.1606 | std_gap=0.0625 | q80_gap=0.2033 | n=40
[TRAIN] Validation improved | smoothed_avg_gap=0.1637 (raw=0.1606) | saving candidate: 127430840865394.pth
[TRAIN] Step 51/400 | 14:51:12
[TRAIN] Step 51 | Loss=0.000325 | Best makespan in group=500.00
[TRAIN] Step 52/400 | 14:51:30
[TRAIN] Step 52 | Loss=0.817274 | Best makespan in group=443.00
[TRAIN] Step 53/400 | 14:51:56
[TRAIN] Step 53 | Loss=1.620647 | Best makespan in group=418.00
[TRAIN] Step 54/400 | 14:52:22
[TRAIN] Step 54 | Loss=0.000183 | Best makespan in group=517.00
[TRAIN] Step 55/400 | 14:52:41
[TRAIN] Step 55 | Loss=0.025931 | Best makespan in group=485.00
[TRAIN] Step 56/400 | 14:52:58
[TRAIN] Step 56 | Loss=0.577707 | Best makespan in group=504.00
[TRAIN] Step 57/400 | 14:53:19
[TRAIN] Step 57 | Loss=0.000030 | Best makespan in group=435.00
[TRAIN] Step 58/400 | 14:53:43
[TRAIN] Step 58 | Loss=0.000033 | Best makespan in group=532.00
[TRAIN] Step 59/400 | 14:54:00
[TRAIN] Step 59 | Loss=0.000047 | Best makespan in group=456.00
[TRAIN] Step 60/400 | 14:54:13
[TRAIN] Step 60 | Loss=0.000016 | Best makespan in group=345.00
[TRAIN] Step 61/400 | 14:54:38
[TRAIN] Step 61 | Loss=1.337884 | Best makespan in group=466.00
[TRAIN] Step 62/400 | 14:54:52
[TRAIN] Step 62 | Loss=0.406825 | Best makespan in group=388.00
[TRAIN] Step 63/400 | 14:55:09
[TRAIN] Step 63 | Loss=0.000027 | Best makespan in group=564.00
[TRAIN] Step 64/400 | 14:55:24
[TRAIN] Step 64 | Loss=0.609301 | Best makespan in group=345.00
[TRAIN] Step 65/400 | 14:55:50
[TRAIN] Step 65 | Loss=0.000005 | Best makespan in group=429.00
[TRAIN] Step 66/400 | 14:56:11
[TRAIN] Step 66 | Loss=0.185716 | Best makespan in group=548.00
[TRAIN] Step 67/400 | 14:56:28
[TRAIN] Step 67 | Loss=1.253294 | Best makespan in group=400.00
[TRAIN] Step 68/400 | 14:56:46
[TRAIN] Step 68 | Loss=1.697512 | Best makespan in group=443.00
[TRAIN] Step 69/400 | 14:57:08
[TRAIN] Step 69 | Loss=0.939851 | Best makespan in group=465.00
[TRAIN] Step 70/400 | 14:57:30
[TRAIN] Step 70 | Loss=0.000024 | Best makespan in group=348.00
[TRAIN] Step 71/400 | 14:57:47
[TRAIN] Step 71 | Loss=0.111963 | Best makespan in group=369.00
[TRAIN] Step 72/400 | 14:58:08
[TRAIN] Step 72 | Loss=0.000048 | Best makespan in group=531.00
[TRAIN] Step 73/400 | 14:58:22
[TRAIN] Step 73 | Loss=0.000712 | Best makespan in group=416.00
[TRAIN] Step 74/400 | 14:58:36
[TRAIN] Step 74 | Loss=0.031407 | Best makespan in group=478.00
[TRAIN] Step 75/400 | 14:58:51
[TRAIN] Step 75 | Loss=0.277453 | Best makespan in group=446.00
[TRAIN][VAL][ep 75] avg_gap=0.1590 | std_gap=0.0680 | q80_gap=0.2006 | n=40
[TRAIN] Validation improved | smoothed_avg_gap=0.1621 (raw=0.1590) | saving candidate: 732621611499227.pth
[TRAIN] Step 76/400 | 15:00:05
[TRAIN] Step 76 | Loss=0.073546 | Best makespan in group=495.00
[TRAIN] Step 77/400 | 15:00:27
[TRAIN] Step 77 | Loss=0.000175 | Best makespan in group=423.00
[TRAIN] Step 78/400 | 15:00:55
[TRAIN] Step 78 | Loss=0.002011 | Best makespan in group=480.00
[TRAIN] Step 79/400 | 15:01:11
[TRAIN] Step 79 | Loss=0.001287 | Best makespan in group=467.00
[TRAIN] Step 80/400 | 15:01:28
[TRAIN] Step 80 | Loss=1.054492 | Best makespan in group=457.00
[TRAIN] Step 81/400 | 15:01:48
[TRAIN] Step 81 | Loss=0.000039 | Best makespan in group=446.00
[TRAIN] Step 82/400 | 15:02:12
[TRAIN] Step 82 | Loss=0.004231 | Best makespan in group=395.00
[TRAIN] Step 83/400 | 15:02:34
[TRAIN] Step 83 | Loss=0.228261 | Best makespan in group=408.00
[TRAIN] Step 84/400 | 15:02:54
[TRAIN] Step 84 | Loss=0.000111 | Best makespan in group=578.00
[TRAIN] Step 85/400 | 15:03:20
[TRAIN] Step 85 | Loss=0.000297 | Best makespan in group=407.00
[TRAIN] Step 86/400 | 15:03:49
[TRAIN] Step 86 | Loss=0.000427 | Best makespan in group=533.00
[TRAIN] Step 87/400 | 15:04:11
[TRAIN] Step 87 | Loss=0.001074 | Best makespan in group=348.00
[TRAIN] Step 88/400 | 15:04:35
[TRAIN] Step 88 | Loss=0.436951 | Best makespan in group=404.00
[TRAIN] Step 89/400 | 15:05:07
[TRAIN] Step 89 | Loss=0.000451 | Best makespan in group=501.00
[TRAIN] Step 90/400 | 15:05:32
[TRAIN] Step 90 | Loss=0.000601 | Best makespan in group=372.00
[TRAIN] Step 91/400 | 15:06:04
[TRAIN] Step 91 | Loss=0.278789 | Best makespan in group=411.00
[TRAIN] Step 92/400 | 15:06:32
[TRAIN] Step 92 | Loss=0.000177 | Best makespan in group=434.00
[TRAIN] Step 93/400 | 15:06:52
[TRAIN] Step 93 | Loss=0.562998 | Best makespan in group=373.00
[TRAIN] Step 94/400 | 15:07:12
[TRAIN] Step 94 | Loss=0.000479 | Best makespan in group=449.00
[TRAIN] Step 95/400 | 15:07:41
[TRAIN] Step 95 | Loss=0.000377 | Best makespan in group=404.00
[TRAIN] Step 96/400 | 15:08:00
[TRAIN] Step 96 | Loss=0.001132 | Best makespan in group=348.00
[TRAIN] Step 97/400 | 15:08:22
[TRAIN] Step 97 | Loss=0.018385 | Best makespan in group=401.00
[TRAIN] Step 98/400 | 15:08:45
[TRAIN] Step 98 | Loss=0.000504 | Best makespan in group=407.00
[TRAIN] Step 99/400 | 15:09:12
[TRAIN] Step 99 | Loss=0.001315 | Best makespan in group=473.00
[TRAIN] Step 100/400 | 15:09:28
[TRAIN] Step 100 | Loss=0.283848 | Best makespan in group=496.00
[TRAIN][VAL][ep 100] avg_gap=0.1397 | std_gap=0.0544 | q80_gap=0.1710 | n=40
[TRAIN] Validation improved | smoothed_avg_gap=0.1531 (raw=0.1397) | saving candidate: 633952679164337.pth
[TRAIN] Step 101/400 | 15:11:01
[TRAIN] Step 101 | Loss=0.000141 | Best makespan in group=460.00
[TRAIN] Step 102/400 | 15:11:29
[TRAIN] Step 102 | Loss=0.001359 | Best makespan in group=431.00
[TRAIN] Step 103/400 | 15:11:52
[TRAIN] Step 103 | Loss=0.002836 | Best makespan in group=554.00
[TRAIN] Step 104/400 | 15:12:11
[TRAIN] Step 104 | Loss=3.262500 | Best makespan in group=474.00
[TRAIN] Step 105/400 | 15:12:31
[TRAIN] Step 105 | Loss=0.000413 | Best makespan in group=523.00
[TRAIN] Step 106/400 | 15:12:54
[TRAIN] Step 106 | Loss=0.000110 | Best makespan in group=372.00
[TRAIN] Step 107/400 | 15:13:36
[TRAIN] Step 107 | Loss=0.000092 | Best makespan in group=455.00
[TRAIN] Step 108/400 | 15:14:15
[TRAIN] Step 108 | Loss=0.000093 | Best makespan in group=538.00
[TRAIN] Step 109/400 | 15:15:25
[TRAIN] Step 109 | Loss=0.002062 | Best makespan in group=384.00
[TRAIN] Step 110/400 | 15:16:23
[TRAIN] Step 110 | Loss=0.000385 | Best makespan in group=526.00
[TRAIN] Step 111/400 | 15:17:24
[TRAIN] Step 111 | Loss=0.000346 | Best makespan in group=574.00
[TRAIN] Step 112/400 | 15:18:16
[TRAIN] Step 112 | Loss=0.000519 | Best makespan in group=535.00
[TRAIN] Step 113/400 | 15:19:12
[TRAIN] Step 113 | Loss=0.009281 | Best makespan in group=395.00
[TRAIN] Step 114/400 | 15:20:44
[TRAIN] Step 114 | Loss=0.000569 | Best makespan in group=347.00
[TRAIN] Step 115/400 | 15:21:26
[TRAIN] Step 115 | Loss=0.002773 | Best makespan in group=405.00
[TRAIN] Step 116/400 | 15:22:01
[TRAIN] Step 116 | Loss=0.901991 | Best makespan in group=450.00
[TRAIN] Step 117/400 | 15:22:36
[TRAIN] Step 117 | Loss=1.026725 | Best makespan in group=433.00
[TRAIN] Step 118/400 | 15:23:16
[TRAIN] Step 118 | Loss=0.117673 | Best makespan in group=473.00
[TRAIN] Step 119/400 | 15:23:40
[TRAIN] Step 119 | Loss=0.001444 | Best makespan in group=482.00
[TRAIN] Step 120/400 | 15:24:05
[TRAIN] Step 120 | Loss=0.500693 | Best makespan in group=411.00
[TRAIN] Step 121/400 | 15:24:37
[TRAIN] Step 121 | Loss=0.000261 | Best makespan in group=508.00
[TRAIN] Step 122/400 | 15:25:15
[TRAIN] Step 122 | Loss=0.967368 | Best makespan in group=525.00
[TRAIN] Step 123/400 | 15:25:45
[TRAIN] Step 123 | Loss=0.002538 | Best makespan in group=558.00
[TRAIN] Step 124/400 | 15:26:10
[TRAIN] Step 124 | Loss=0.000707 | Best makespan in group=488.00
[TRAIN] Step 125/400 | 15:26:34
[TRAIN] Step 125 | Loss=0.347669 | Best makespan in group=377.00
[TRAIN][VAL][ep 125] avg_gap=0.1445 | std_gap=0.0558 | q80_gap=0.1845 | n=40
[TRAIN] Validation improved | smoothed_avg_gap=0.1477 (raw=0.1445) | saving candidate: 422487935528823.pth
[TRAIN] Step 126/400 | 15:29:13
[TRAIN] Step 126 | Loss=0.001381 | Best makespan in group=435.00
[TRAIN] Step 127/400 | 15:29:45
[TRAIN] Step 127 | Loss=0.000460 | Best makespan in group=463.00
[TRAIN] Step 128/400 | 15:30:21
[TRAIN] Step 128 | Loss=0.127054 | Best makespan in group=459.00
[TRAIN] Step 129/400 | 15:31:00
[TRAIN] Step 129 | Loss=0.000601 | Best makespan in group=525.00
[TRAIN] Step 130/400 | 15:31:28
[TRAIN] Step 130 | Loss=0.139033 | Best makespan in group=448.00
[TRAIN] Step 131/400 | 15:32:04
[TRAIN] Step 131 | Loss=0.000805 | Best makespan in group=417.00
[TRAIN] Step 132/400 | 15:32:41
[TRAIN] Step 132 | Loss=0.317801 | Best makespan in group=550.00
[TRAIN] Step 133/400 | 15:33:10
[TRAIN] Step 133 | Loss=0.605200 | Best makespan in group=395.00
[TRAIN] Step 134/400 | 15:33:40
[TRAIN] Step 134 | Loss=0.001551 | Best makespan in group=391.00
[TRAIN] Step 135/400 | 15:34:05
[TRAIN] Step 135 | Loss=1.525267 | Best makespan in group=451.00
[TRAIN] Step 136/400 | 15:34:56
[TRAIN] Step 136 | Loss=0.649360 | Best makespan in group=381.00
[TRAIN] Step 137/400 | 15:35:29
[TRAIN] Step 137 | Loss=0.091702 | Best makespan in group=576.00
[TRAIN] Step 138/400 | 15:36:06
[TRAIN] Step 138 | Loss=0.000022 | Best makespan in group=379.00
[TRAIN] Step 139/400 | 15:37:04
[TRAIN] Step 139 | Loss=0.614039 | Best makespan in group=496.00
[TRAIN] Step 140/400 | 15:37:34
[TRAIN] Step 140 | Loss=1.242951 | Best makespan in group=358.00
[TRAIN] Step 141/400 | 15:38:02
[TRAIN] Step 141 | Loss=0.222501 | Best makespan in group=420.00
[TRAIN] Step 142/400 | 15:38:30
[TRAIN] Step 142 | Loss=0.117117 | Best makespan in group=497.00
[TRAIN] Step 143/400 | 15:39:01
[TRAIN] Step 143 | Loss=0.000043 | Best makespan in group=437.00
[TRAIN] Step 144/400 | 15:40:23
[TRAIN] Step 144 | Loss=0.133070 | Best makespan in group=442.00
[TRAIN] Step 145/400 | 15:41:31
[TRAIN] Step 145 | Loss=0.210076 | Best makespan in group=351.00
[TRAIN] Step 146/400 | 15:43:16
[TRAIN] Step 146 | Loss=0.000063 | Best makespan in group=565.00
[TRAIN] Step 147/400 | 15:44:19
[TRAIN] Step 147 | Loss=0.000060 | Best makespan in group=378.00
[TRAIN] Step 148/400 | 15:46:10
[TRAIN] Step 148 | Loss=0.000315 | Best makespan in group=408.00
[TRAIN] Step 149/400 | 15:46:50
[TRAIN] Step 149 | Loss=0.000049 | Best makespan in group=457.00
[TRAIN] Step 150/400 | 15:47:17
[TRAIN] Step 150 | Loss=0.000029 | Best makespan in group=405.00
[TRAIN][VAL][ep 150] avg_gap=0.1318 | std_gap=0.0559 | q80_gap=0.1809 | n=40
[TRAIN] Validation improved | smoothed_avg_gap=0.1387 (raw=0.1318) | saving candidate: 708832635376404.pth
[TRAIN] Step 151/400 | 15:50:08
[TRAIN] Step 151 | Loss=0.788668 | Best makespan in group=483.00
[TRAIN] Step 152/400 | 15:50:34
[TRAIN] Step 152 | Loss=0.809473 | Best makespan in group=394.00
[TRAIN] Step 153/400 | 15:50:59
[TRAIN] Step 153 | Loss=0.089957 | Best makespan in group=385.00
[TRAIN] Step 154/400 | 15:51:38
[TRAIN] Step 154 | Loss=0.000031 | Best makespan in group=437.00
[TRAIN] Step 155/400 | 15:52:13
[TRAIN] Step 155 | Loss=0.000001 | Best makespan in group=372.00
[TRAIN] Step 156/400 | 15:52:53
[TRAIN] Step 156 | Loss=0.009446 | Best makespan in group=430.00
[TRAIN] Step 157/400 | 15:53:32
[TRAIN] Step 157 | Loss=0.001175 | Best makespan in group=395.00
[TRAIN] Step 158/400 | 15:54:10
[TRAIN] Step 158 | Loss=0.000015 | Best makespan in group=562.00
[TRAIN] Step 159/400 | 15:54:41
[TRAIN] Step 159 | Loss=0.210020 | Best makespan in group=498.00
[TRAIN] Step 160/400 | 15:55:17
[TRAIN] Step 160 | Loss=0.000049 | Best makespan in group=426.00
[TRAIN] Step 161/400 | 15:55:56
[TRAIN] Step 161 | Loss=0.000117 | Best makespan in group=457.00
[TRAIN] Step 162/400 | 15:56:20
[TRAIN] Step 162 | Loss=0.000185 | Best makespan in group=481.00
[TRAIN] Step 163/400 | 15:56:46
[TRAIN] Step 163 | Loss=0.103707 | Best makespan in group=390.00
[TRAIN] Step 164/400 | 15:57:22
[TRAIN] Step 164 | Loss=0.000311 | Best makespan in group=348.00
[TRAIN] Step 165/400 | 15:57:56
[TRAIN] Step 165 | Loss=0.298104 | Best makespan in group=342.00
[TRAIN] Step 166/400 | 15:58:44
[TRAIN] Step 166 | Loss=0.000055 | Best makespan in group=509.00
[TRAIN] Step 167/400 | 15:59:18
[TRAIN] Step 167 | Loss=0.000026 | Best makespan in group=405.00
[TRAIN] Step 168/400 | 15:59:59
[TRAIN] Step 168 | Loss=0.115468 | Best makespan in group=377.00
[TRAIN] Step 169/400 | 16:00:32
[TRAIN] Step 169 | Loss=0.000167 | Best makespan in group=420.00
[TRAIN] Step 170/400 | 16:01:09
[TRAIN] Step 170 | Loss=0.016284 | Best makespan in group=407.00
[TRAIN] Step 171/400 | 16:01:36
[TRAIN] Step 171 | Loss=0.000022 | Best makespan in group=432.00
[TRAIN] Step 172/400 | 16:02:18
[TRAIN] Step 172 | Loss=0.000234 | Best makespan in group=431.00
[TRAIN] Step 173/400 | 16:02:49
[TRAIN] Step 173 | Loss=0.636916 | Best makespan in group=532.00
[TRAIN] Step 174/400 | 16:03:58
[TRAIN] Step 174 | Loss=0.000542 | Best makespan in group=562.00
[TRAIN] Step 175/400 | 16:05:49
[TRAIN] Step 175 | Loss=0.000018 | Best makespan in group=529.00
[TRAIN][VAL][ep 175] avg_gap=0.1253 | std_gap=0.0556 | q80_gap=0.1711 | n=40
[TRAIN] Validation improved | smoothed_avg_gap=0.1339 (raw=0.1253) | saving candidate: 234995453141876.pth
[TRAIN] Step 176/400 | 16:16:40
[TRAIN] Step 176 | Loss=0.075047 | Best makespan in group=429.00
[TRAIN] Step 177/400 | 16:17:05
[TRAIN] Step 177 | Loss=0.039699 | Best makespan in group=467.00
[TRAIN] Step 178/400 | 16:17:29
[TRAIN] Step 178 | Loss=0.059165 | Best makespan in group=350.00
[TRAIN] Step 179/400 | 16:17:56
[TRAIN] Step 179 | Loss=0.000381 | Best makespan in group=550.00
[TRAIN] Step 180/400 | 16:18:22
[TRAIN] Step 180 | Loss=0.000087 | Best makespan in group=390.00
[TRAIN] Step 181/400 | 16:18:55
[TRAIN] Step 181 | Loss=0.081516 | Best makespan in group=342.00
[TRAIN] Step 182/400 | 16:19:51
[TRAIN] Step 182 | Loss=0.000031 | Best makespan in group=557.00
[TRAIN] Step 183/400 | 16:20:29
[TRAIN] Step 183 | Loss=0.000144 | Best makespan in group=391.00
[TRAIN] Step 184/400 | 16:21:01
[TRAIN] Step 184 | Loss=0.629665 | Best makespan in group=529.00
[TRAIN] Step 185/400 | 16:21:32
[TRAIN] Step 185 | Loss=0.467934 | Best makespan in group=402.00
[TRAIN] Step 186/400 | 16:22:08
[TRAIN] Step 186 | Loss=0.000108 | Best makespan in group=431.00
[TRAIN] Step 187/400 | 16:22:30
[TRAIN] Step 187 | Loss=0.000397 | Best makespan in group=379.00
[TRAIN] Step 188/400 | 16:22:58
[TRAIN] Step 188 | Loss=0.000027 | Best makespan in group=436.00
[TRAIN] Step 189/400 | 16:23:37
[TRAIN] Step 189 | Loss=0.000076 | Best makespan in group=448.00
[TRAIN] Step 190/400 | 16:24:13
[TRAIN] Step 190 | Loss=0.112647 | Best makespan in group=448.00
[TRAIN] Step 191/400 | 16:24:39
[TRAIN] Step 191 | Loss=0.000066 | Best makespan in group=565.00
[TRAIN] Step 192/400 | 16:25:03
[TRAIN] Step 192 | Loss=0.000024 | Best makespan in group=510.00
[TRAIN] Step 193/400 | 16:25:28
[TRAIN] Step 193 | Loss=0.000109 | Best makespan in group=426.00
[TRAIN] Step 194/400 | 16:26:02
[TRAIN] Step 194 | Loss=1.335384 | Best makespan in group=404.00
[TRAIN] Step 195/400 | 16:26:42
[TRAIN] Step 195 | Loss=0.000115 | Best makespan in group=388.00
[TRAIN] Step 196/400 | 16:27:15
[TRAIN] Step 196 | Loss=0.002219 | Best makespan in group=394.00
[TRAIN] Step 197/400 | 16:27:37
[TRAIN] Step 197 | Loss=0.725448 | Best makespan in group=546.00
[TRAIN] Step 198/400 | 16:28:04
[TRAIN] Step 198 | Loss=0.131328 | Best makespan in group=452.00
[TRAIN] Step 199/400 | 16:28:37
[TRAIN] Step 199 | Loss=0.000651 | Best makespan in group=451.00
[TRAIN] Step 200/400 | 16:29:00
[TRAIN] Step 200 | Loss=1.739915 | Best makespan in group=395.00
[TRAIN] Refreshing training instances (step 200)...
[TRAIN][VAL][ep 200] avg_gap=0.1199 | std_gap=0.0510 | q80_gap=0.1552 | n=40
[TRAIN] Validation improved | smoothed_avg_gap=0.1257 (raw=0.1199) | saving candidate: 423968435349410.pth
[TRAIN] Step 201/400 | 16:31:33
[TRAIN] Step 201 | Loss=0.000128 | Best makespan in group=486.00
[TRAIN] Step 202/400 | 16:32:06
[TRAIN] Step 202 | Loss=0.000559 | Best makespan in group=415.00
[TRAIN] Step 203/400 | 16:32:44
[TRAIN] Step 203 | Loss=0.000103 | Best makespan in group=524.00
[TRAIN] Step 204/400 | 16:33:15
[TRAIN] Step 204 | Loss=0.000130 | Best makespan in group=483.00
[TRAIN] Step 205/400 | 16:33:49
[TRAIN] Step 205 | Loss=0.001678 | Best makespan in group=400.00
[TRAIN] Step 206/400 | 16:34:34
[TRAIN] Step 206 | Loss=0.002552 | Best makespan in group=412.00
[TRAIN] Step 207/400 | 16:35:11
[TRAIN] Step 207 | Loss=0.251304 | Best makespan in group=536.00
[TRAIN] Step 208/400 | 16:35:45
[TRAIN] Step 208 | Loss=0.205656 | Best makespan in group=535.00
[TRAIN] Step 209/400 | 16:36:19
[TRAIN] Step 209 | Loss=0.044753 | Best makespan in group=346.00
[TRAIN] Step 210/400 | 16:36:46
[TRAIN] Step 210 | Loss=0.000028 | Best makespan in group=524.00
[TRAIN] Step 211/400 | 16:37:11
[TRAIN] Step 211 | Loss=0.428622 | Best makespan in group=461.00
[TRAIN] Step 212/400 | 16:37:51
[TRAIN] Step 212 | Loss=0.048533 | Best makespan in group=450.00
[TRAIN] Step 213/400 | 16:38:13
[TRAIN] Step 213 | Loss=0.684114 | Best makespan in group=363.00
[TRAIN] Step 214/400 | 16:38:39
[TRAIN] Step 214 | Loss=0.000330 | Best makespan in group=416.00
[TRAIN] Step 215/400 | 16:39:08
[TRAIN] Step 215 | Loss=0.001065 | Best makespan in group=408.00
[TRAIN] Step 216/400 | 16:39:29
[TRAIN] Step 216 | Loss=0.081075 | Best makespan in group=485.00
[TRAIN] Step 217/400 | 16:39:52
[TRAIN] Step 217 | Loss=1.925488 | Best makespan in group=399.00
[TRAIN] Step 218/400 | 16:40:20
[TRAIN] Step 218 | Loss=0.192062 | Best makespan in group=351.00
[TRAIN] Step 219/400 | 16:40:49
[TRAIN] Step 219 | Loss=0.105031 | Best makespan in group=471.00
[TRAIN] Step 220/400 | 16:41:41
[TRAIN] Step 220 | Loss=0.111523 | Best makespan in group=411.00
[TRAIN] Step 221/400 | 16:42:23
[TRAIN] Step 221 | Loss=0.165997 | Best makespan in group=369.00
[TRAIN] Step 222/400 | 16:42:50
[TRAIN] Step 222 | Loss=0.000188 | Best makespan in group=359.00
[TRAIN] Step 223/400 | 16:43:19
[TRAIN] Step 223 | Loss=0.000272 | Best makespan in group=423.00
[TRAIN] Step 224/400 | 16:44:06
[TRAIN] Step 224 | Loss=0.000556 | Best makespan in group=354.00
[TRAIN] Step 225/400 | 16:44:39
[TRAIN] Step 225 | Loss=0.000256 | Best makespan in group=436.00
[TRAIN][VAL][ep 225] avg_gap=0.1179 | std_gap=0.0488 | q80_gap=0.1538 | n=40
[TRAIN] Validation improved | smoothed_avg_gap=0.1211 (raw=0.1179) | saving candidate: 5731518593994.pth
[TRAIN] Step 226/400 | 16:47:00
[TRAIN] Step 226 | Loss=0.142450 | Best makespan in group=365.00
[TRAIN] Step 227/400 | 16:47:34
[TRAIN] Step 227 | Loss=0.000024 | Best makespan in group=443.00
[TRAIN] Step 228/400 | 16:48:11
[TRAIN] Step 228 | Loss=1.944888 | Best makespan in group=371.00
[TRAIN] Step 229/400 | 16:48:41
[TRAIN] Step 229 | Loss=0.025774 | Best makespan in group=402.00
[TRAIN] Step 230/400 | 16:49:05
[TRAIN] Step 230 | Loss=0.147541 | Best makespan in group=464.00
[TRAIN] Step 231/400 | 16:49:29
[TRAIN] Step 231 | Loss=0.000021 | Best makespan in group=513.00
[TRAIN] Step 232/400 | 16:49:59
[TRAIN] Step 232 | Loss=0.000512 | Best makespan in group=416.00
[TRAIN] Step 233/400 | 16:50:29
[TRAIN] Step 233 | Loss=0.000034 | Best makespan in group=382.00
[TRAIN] Step 234/400 | 16:51:18
[TRAIN] Step 234 | Loss=0.727951 | Best makespan in group=371.00
[TRAIN] Step 235/400 | 16:51:48
[TRAIN] Step 235 | Loss=1.113310 | Best makespan in group=395.00
[TRAIN] Step 236/400 | 16:52:17
[TRAIN] Step 236 | Loss=0.000047 | Best makespan in group=427.00
[TRAIN] Step 237/400 | 16:53:00
[TRAIN] Step 237 | Loss=0.036530 | Best makespan in group=362.00
[TRAIN] Step 238/400 | 16:53:28
[TRAIN] Step 238 | Loss=0.000001 | Best makespan in group=501.00
[TRAIN] Step 239/400 | 16:54:03
[TRAIN] Step 239 | Loss=0.160971 | Best makespan in group=369.00
[TRAIN] Step 240/400 | 16:54:36
[TRAIN] Step 240 | Loss=0.000193 | Best makespan in group=491.00
[TRAIN] Step 241/400 | 16:55:03
[TRAIN] Step 241 | Loss=0.000062 | Best makespan in group=443.00
[TRAIN] Step 242/400 | 16:55:37
[TRAIN] Step 242 | Loss=0.000715 | Best makespan in group=354.00
[TRAIN] Step 243/400 | 16:56:09
[TRAIN] Step 243 | Loss=0.000023 | Best makespan in group=441.00
[TRAIN] Step 244/400 | 16:56:43
[TRAIN] Step 244 | Loss=0.000148 | Best makespan in group=408.00
[TRAIN] Step 245/400 | 16:57:05
[TRAIN] Step 245 | Loss=0.000419 | Best makespan in group=449.00
[TRAIN] Step 246/400 | 16:57:41
[TRAIN] Step 246 | Loss=0.000050 | Best makespan in group=406.00
[TRAIN] Step 247/400 | 16:58:22
[TRAIN] Step 247 | Loss=0.000023 | Best makespan in group=452.00
[TRAIN] Step 248/400 | 16:58:58
[TRAIN] Step 248 | Loss=0.000105 | Best makespan in group=449.00
[TRAIN] Step 249/400 | 16:59:22
[TRAIN] Step 249 | Loss=0.613950 | Best makespan in group=428.00
[TRAIN] Step 250/400 | 16:59:45
[TRAIN] Step 250 | Loss=0.000012 | Best makespan in group=375.00
[TRAIN][VAL][ep 250] avg_gap=0.1274 | std_gap=0.0532 | q80_gap=0.1747 | n=40
[TRAIN] Step 251/400 | 17:02:10
[TRAIN] Step 251 | Loss=0.141388 | Best makespan in group=364.00
[TRAIN] Step 252/400 | 17:02:43
[TRAIN] Step 252 | Loss=0.031306 | Best makespan in group=351.00
[TRAIN] Step 253/400 | 17:03:10
[TRAIN] Step 253 | Loss=0.000005 | Best makespan in group=507.00
[TRAIN] Step 254/400 | 17:03:53
[TRAIN] Step 254 | Loss=0.000082 | Best makespan in group=388.00
[TRAIN] Step 255/400 | 17:04:32
[TRAIN] Step 255 | Loss=0.504598 | Best makespan in group=323.00
[TRAIN] Step 256/400 | 17:04:58
[TRAIN] Step 256 | Loss=0.000079 | Best makespan in group=335.00
[TRAIN] Step 257/400 | 17:05:22
[TRAIN] Step 257 | Loss=0.000026 | Best makespan in group=483.00
[TRAIN] Step 258/400 | 17:05:53
[TRAIN] Step 258 | Loss=0.000065 | Best makespan in group=525.00
[TRAIN] Step 259/400 | 17:06:15
[TRAIN] Step 259 | Loss=0.227244 | Best makespan in group=406.00
[TRAIN] Step 260/400 | 17:06:36
[TRAIN] Step 260 | Loss=0.248813 | Best makespan in group=419.00
[TRAIN] Step 261/400 | 17:07:09
[TRAIN] Step 261 | Loss=0.000014 | Best makespan in group=452.00
[TRAIN] Step 262/400 | 17:07:39
[TRAIN] Step 262 | Loss=0.000981 | Best makespan in group=453.00
[TRAIN] Step 263/400 | 17:08:02
[TRAIN] Step 263 | Loss=0.000020 | Best makespan in group=388.00
[TRAIN] Step 264/400 | 17:08:32
[TRAIN] Step 264 | Loss=0.000184 | Best makespan in group=449.00
[TRAIN] Step 265/400 | 17:08:53
[TRAIN] Step 265 | Loss=0.000092 | Best makespan in group=436.00
[TRAIN] Step 266/400 | 17:09:31
[TRAIN] Step 266 | Loss=0.000020 | Best makespan in group=509.00
[TRAIN] Step 267/400 | 17:10:11
[TRAIN] Step 267 | Loss=0.000007 | Best makespan in group=399.00
[TRAIN] Step 268/400 | 17:10:48
[TRAIN] Step 268 | Loss=0.036756 | Best makespan in group=444.00
[TRAIN] Step 269/400 | 17:11:08
[TRAIN] Step 269 | Loss=0.000198 | Best makespan in group=335.00
[TRAIN] Step 270/400 | 17:11:34
[TRAIN] Step 270 | Loss=0.002755 | Best makespan in group=418.00
[TRAIN] Step 271/400 | 17:12:09
[TRAIN] Step 271 | Loss=0.073177 | Best makespan in group=331.00
[TRAIN] Step 272/400 | 17:12:34
[TRAIN] Step 272 | Loss=0.000031 | Best makespan in group=441.00
[TRAIN] Step 273/400 | 17:13:22
[TRAIN] Step 273 | Loss=0.228188 | Best makespan in group=416.00
[TRAIN] Step 274/400 | 17:14:17
[TRAIN] Step 274 | Loss=0.000080 | Best makespan in group=525.00
[TRAIN] Step 275/400 | 17:14:48
[TRAIN] Step 275 | Loss=0.000043 | Best makespan in group=485.00
[TRAIN][VAL][ep 275] avg_gap=0.1283 | std_gap=0.0524 | q80_gap=0.1752 | n=40
[TRAIN] Step 276/400 | 17:17:27
[TRAIN] Step 276 | Loss=0.000015 | Best makespan in group=375.00
[TRAIN] Step 277/400 | 17:18:09
[TRAIN] Step 277 | Loss=0.000059 | Best makespan in group=362.00
[TRAIN] Step 278/400 | 17:18:41
[TRAIN] Step 278 | Loss=0.000049 | Best makespan in group=341.00
[TRAIN] Step 279/400 | 17:19:18
[TRAIN] Step 279 | Loss=0.000183 | Best makespan in group=354.00
[TRAIN] Step 280/400 | 17:19:55
[TRAIN] Step 280 | Loss=0.000085 | Best makespan in group=391.00
[TRAIN] Step 281/400 | 17:20:29
[TRAIN] Step 281 | Loss=0.057337 | Best makespan in group=369.00
[TRAIN] Step 282/400 | 17:21:06
[TRAIN] Step 282 | Loss=0.000002 | Best makespan in group=406.00
[TRAIN] Step 283/400 | 17:21:55
[TRAIN] Step 283 | Loss=0.000025 | Best makespan in group=349.00
[TRAIN] Step 284/400 | 17:22:34
[TRAIN] Step 284 | Loss=2.782566 | Best makespan in group=400.00
[TRAIN] Step 285/400 | 17:23:07
[TRAIN] Step 285 | Loss=0.000002 | Best makespan in group=493.00
[TRAIN] Step 286/400 | 17:23:52
[TRAIN] Step 286 | Loss=0.000004 | Best makespan in group=501.00
[TRAIN] Step 287/400 | 17:24:28
[TRAIN] Step 287 | Loss=1.240278 | Best makespan in group=371.00
[TRAIN] Step 288/400 | 17:24:57
[TRAIN] Step 288 | Loss=1.106416 | Best makespan in group=428.00
[TRAIN] Step 289/400 | 17:25:18
[TRAIN] Step 289 | Loss=0.139428 | Best makespan in group=402.00
[TRAIN] Step 290/400 | 17:25:44
[TRAIN] Step 290 | Loss=0.000131 | Best makespan in group=562.00
[TRAIN] Step 291/400 | 17:26:16
[TRAIN] Step 291 | Loss=0.520469 | Best makespan in group=371.00
[TRAIN] Step 292/400 | 17:26:47
[TRAIN] Step 292 | Loss=0.000045 | Best makespan in group=406.00
[TRAIN] Step 293/400 | 17:27:34
[TRAIN] Step 293 | Loss=0.000219 | Best makespan in group=471.00
[TRAIN] Step 294/400 | 17:28:08
[TRAIN] Step 294 | Loss=0.001941 | Best makespan in group=454.00
[TRAIN] Step 295/400 | 17:28:30
[TRAIN] Step 295 | Loss=0.000077 | Best makespan in group=362.00
[TRAIN] Step 296/400 | 17:28:58
[TRAIN] Step 296 | Loss=0.001461 | Best makespan in group=449.00
[TRAIN] Step 297/400 | 17:29:22
[TRAIN] Step 297 | Loss=2.737291 | Best makespan in group=369.00
[TRAIN] Step 298/400 | 17:29:46
[TRAIN] Step 298 | Loss=0.000120 | Best makespan in group=521.00
[TRAIN] Step 299/400 | 17:30:19
[TRAIN] Step 299 | Loss=0.000681 | Best makespan in group=449.00
[TRAIN] Step 300/400 | 17:31:01
[TRAIN] Step 300 | Loss=0.005063 | Best makespan in group=412.00
[TRAIN][VAL][ep 300] avg_gap=0.1201 | std_gap=0.0520 | q80_gap=0.1650 | n=40
[TRAIN] Step 301/400 | 17:33:13
[TRAIN] Step 301 | Loss=0.000707 | Best makespan in group=427.00
[TRAIN] Step 302/400 | 17:34:09
[TRAIN] Step 302 | Loss=0.000630 | Best makespan in group=386.00
[TRAIN] Step 303/400 | 17:34:47
[TRAIN] Step 303 | Loss=0.001569 | Best makespan in group=463.00
[TRAIN] Step 304/400 | 17:35:12
[TRAIN] Step 304 | Loss=0.000991 | Best makespan in group=394.00
[TRAIN] Step 305/400 | 17:35:44
[TRAIN] Step 305 | Loss=1.083377 | Best makespan in group=394.00
[TRAIN] Step 306/400 | 17:36:12
[TRAIN] Step 306 | Loss=0.001576 | Best makespan in group=491.00
[TRAIN] Step 307/400 | 17:36:44
[TRAIN] Step 307 | Loss=0.005858 | Best makespan in group=385.00
[TRAIN] Step 308/400 | 17:37:10
[TRAIN] Step 308 | Loss=0.000545 | Best makespan in group=375.00
[TRAIN] Step 309/400 | 17:37:59
[TRAIN] Step 309 | Loss=0.015208 | Best makespan in group=354.00
[TRAIN] Step 310/400 | 17:38:29
[TRAIN] Step 310 | Loss=0.157997 | Best makespan in group=332.00
[TRAIN] Step 311/400 | 17:38:57
[TRAIN] Step 311 | Loss=0.003356 | Best makespan in group=527.00
[TRAIN] Step 312/400 | 17:39:30
[TRAIN] Step 312 | Loss=0.772131 | Best makespan in group=405.00
[TRAIN] Step 313/400 | 17:40:07
[TRAIN] Step 313 | Loss=0.008473 | Best makespan in group=342.00
[TRAIN] Step 314/400 | 17:40:33
[TRAIN] Step 314 | Loss=0.121710 | Best makespan in group=467.00
[TRAIN] Step 315/400 | 17:40:55
[TRAIN] Step 315 | Loss=0.002906 | Best makespan in group=396.00
[TRAIN] Step 316/400 | 17:41:29
[TRAIN] Step 316 | Loss=0.480991 | Best makespan in group=358.00
[TRAIN] Step 317/400 | 17:42:00
[TRAIN] Step 317 | Loss=0.000588 | Best makespan in group=480.00
[TRAIN] Step 318/400 | 17:42:38
[TRAIN] Step 318 | Loss=0.319432 | Best makespan in group=465.00
[TRAIN] Step 319/400 | 17:43:13
[TRAIN] Step 319 | Loss=0.086401 | Best makespan in group=556.00
[TRAIN] Step 320/400 | 17:43:39
[TRAIN] Step 320 | Loss=0.003308 | Best makespan in group=345.00
[TRAIN] Step 321/400 | 17:44:05
[TRAIN] Step 321 | Loss=0.065973 | Best makespan in group=432.00
[TRAIN] Step 322/400 | 17:44:43
[TRAIN] Step 322 | Loss=0.004876 | Best makespan in group=345.00
[TRAIN] Step 323/400 | 17:45:10
[TRAIN] Step 323 | Loss=0.839209 | Best makespan in group=451.00
[TRAIN] Step 324/400 | 17:45:31
[TRAIN] Step 324 | Loss=0.018686 | Best makespan in group=354.00
[TRAIN] Step 325/400 | 17:45:59
[TRAIN] Step 325 | Loss=0.004191 | Best makespan in group=369.00
[TRAIN][VAL][ep 325] avg_gap=0.1191 | std_gap=0.0456 | q80_gap=0.1443 | n=40
[TRAIN] Step 326/400 | 17:48:08
[TRAIN] Step 326 | Loss=0.050216 | Best makespan in group=460.00
[TRAIN] Step 327/400 | 17:48:40
[TRAIN] Step 327 | Loss=0.629454 | Best makespan in group=369.00
[TRAIN] Step 328/400 | 17:49:04
[TRAIN] Step 328 | Loss=0.001709 | Best makespan in group=375.00
[TRAIN] Step 329/400 | 17:49:43
[TRAIN] Step 329 | Loss=0.438682 | Best makespan in group=398.00
[TRAIN] Step 330/400 | 17:50:11
[TRAIN] Step 330 | Loss=0.000902 | Best makespan in group=512.00
[TRAIN] Step 331/400 | 17:50:42
[TRAIN] Step 331 | Loss=0.052010 | Best makespan in group=452.00
[TRAIN] Step 332/400 | 17:51:14
[TRAIN] Step 332 | Loss=0.206339 | Best makespan in group=424.00
[TRAIN] Step 333/400 | 17:51:39
[TRAIN] Step 333 | Loss=0.001023 | Best makespan in group=464.00
[TRAIN] Step 334/400 | 17:52:10
[TRAIN] Step 334 | Loss=0.000680 | Best makespan in group=461.00
[TRAIN] Step 335/400 | 17:52:33
[TRAIN] Step 335 | Loss=0.001381 | Best makespan in group=356.00
[TRAIN] Step 336/400 | 17:52:58
[TRAIN] Step 336 | Loss=0.001761 | Best makespan in group=335.00
[TRAIN] Step 337/400 | 17:53:32
[TRAIN] Step 337 | Loss=0.000317 | Best makespan in group=528.00
[TRAIN] Step 338/400 | 17:54:01
[TRAIN] Step 338 | Loss=0.003067 | Best makespan in group=432.00
[TRAIN] Step 339/400 | 17:54:23
[TRAIN] Step 339 | Loss=0.000425 | Best makespan in group=431.00
[TRAIN] Step 340/400 | 17:54:53
[TRAIN] Step 340 | Loss=1.506719 | Best makespan in group=371.00
[TRAIN] Step 341/400 | 17:55:19
[TRAIN] Step 341 | Loss=0.101220 | Best makespan in group=417.00
[TRAIN] Step 342/400 | 17:55:53
[TRAIN] Step 342 | Loss=0.000152 | Best makespan in group=490.00
[TRAIN] Step 343/400 | 17:56:24
[TRAIN] Step 343 | Loss=0.003060 | Best makespan in group=403.00
[TRAIN] Step 344/400 | 17:56:43
[TRAIN] Step 344 | Loss=0.000107 | Best makespan in group=478.00
[TRAIN] Step 345/400 | 17:57:17
[TRAIN] Step 345 | Loss=0.000847 | Best makespan in group=354.00
[TRAIN] Step 346/400 | 17:57:40
[TRAIN] Step 346 | Loss=0.001795 | Best makespan in group=421.00
[TRAIN] Step 347/400 | 17:58:21
[TRAIN] Step 347 | Loss=0.002139 | Best makespan in group=449.00
[TRAIN] Step 348/400 | 17:58:50
[TRAIN] Step 348 | Loss=0.012714 | Best makespan in group=406.00
[TRAIN] Step 349/400 | 17:59:13
[TRAIN] Step 349 | Loss=0.000276 | Best makespan in group=468.00
[TRAIN] Step 350/400 | 17:59:45
[TRAIN] Step 350 | Loss=0.072894 | Best makespan in group=414.00
[TRAIN][VAL][ep 350] avg_gap=0.1124 | std_gap=0.0472 | q80_gap=0.1450 | n=40
[TRAIN] Validation improved | smoothed_avg_gap=0.1172 (raw=0.1124) | saving candidate: 93243532925147.pth
[TRAIN] Step 351/400 | 18:02:14
[TRAIN] Step 351 | Loss=0.027747 | Best makespan in group=360.00
[TRAIN] Step 352/400 | 18:02:39
[TRAIN] Step 352 | Loss=0.001174 | Best makespan in group=490.00
[TRAIN] Step 353/400 | 18:03:13
[TRAIN] Step 353 | Loss=0.002080 | Best makespan in group=447.00
[TRAIN] Step 354/400 | 18:03:53
[TRAIN] Step 354 | Loss=0.173400 | Best makespan in group=413.00
[TRAIN] Step 355/400 | 18:04:26
[TRAIN] Step 355 | Loss=0.008554 | Best makespan in group=347.00
[TRAIN] Step 356/400 | 18:04:52
[TRAIN] Step 356 | Loss=0.032721 | Best makespan in group=423.00
[TRAIN] Step 357/400 | 18:05:14
[TRAIN] Step 357 | Loss=0.147915 | Best makespan in group=354.00
[TRAIN] Step 358/400 | 18:05:44
[TRAIN] Step 358 | Loss=0.000180 | Best makespan in group=534.00
[TRAIN] Step 359/400 | 18:06:30
[TRAIN] Step 359 | Loss=0.888406 | Best makespan in group=405.00
[TRAIN] Step 360/400 | 18:06:57
[TRAIN] Step 360 | Loss=0.000056 | Best makespan in group=514.00
[TRAIN] Step 361/400 | 18:07:31
[TRAIN] Step 361 | Loss=0.000178 | Best makespan in group=467.00
[TRAIN] Step 362/400 | 18:08:10
[TRAIN] Step 362 | Loss=0.329719 | Best makespan in group=369.00
[TRAIN] Step 363/400 | 18:08:37
[TRAIN] Step 363 | Loss=0.000721 | Best makespan in group=416.00
[TRAIN] Step 364/400 | 18:09:16
[TRAIN] Step 364 | Loss=0.000108 | Best makespan in group=490.00
[TRAIN] Step 365/400 | 18:10:03
[TRAIN] Step 365 | Loss=0.045781 | Best makespan in group=426.00
[TRAIN] Step 366/400 | 18:10:39
[TRAIN] Step 366 | Loss=0.160353 | Best makespan in group=459.00
[TRAIN] Step 367/400 | 18:11:29
[TRAIN] Step 367 | Loss=0.000401 | Best makespan in group=436.00
[TRAIN] Step 368/400 | 18:12:09
[TRAIN] Step 368 | Loss=0.001604 | Best makespan in group=425.00
[TRAIN] Step 369/400 | 18:12:37
[TRAIN] Step 369 | Loss=0.116888 | Best makespan in group=379.00
[TRAIN] Step 370/400 | 18:12:57
[TRAIN] Step 370 | Loss=0.001913 | Best makespan in group=449.00
[TRAIN] Step 371/400 | 18:13:19
[TRAIN] Step 371 | Loss=0.000174 | Best makespan in group=456.00
[TRAIN] Step 372/400 | 18:13:42
[TRAIN] Step 372 | Loss=0.000267 | Best makespan in group=421.00
[TRAIN] Step 373/400 | 18:14:16
[TRAIN] Step 373 | Loss=0.000841 | Best makespan in group=429.00
[TRAIN] Step 374/400 | 18:14:38
[TRAIN] Step 374 | Loss=0.000381 | Best makespan in group=354.00
[TRAIN] Step 375/400 | 18:15:14
[TRAIN] Step 375 | Loss=0.000213 | Best makespan in group=369.00
[TRAIN][VAL][ep 375] avg_gap=0.1015 | std_gap=0.0449 | q80_gap=0.1377 | n=40
[TRAIN] Validation improved | smoothed_avg_gap=0.1110 (raw=0.1015) | saving candidate: 332975121673058.pth
[TRAIN] Step 376/400 | 18:17:44
[TRAIN] Step 376 | Loss=0.075829 | Best makespan in group=337.00
[TRAIN] Step 377/400 | 18:18:13
[TRAIN] Step 377 | Loss=0.000074 | Best makespan in group=537.00
[TRAIN] Step 378/400 | 18:18:46
[TRAIN] Step 378 | Loss=0.427102 | Best makespan in group=412.00
[TRAIN] Step 379/400 | 18:19:10
[TRAIN] Step 379 | Loss=0.111511 | Best makespan in group=371.00
[TRAIN] Step 380/400 | 18:19:43
[TRAIN] Step 380 | Loss=0.000275 | Best makespan in group=379.00
[TRAIN] Step 381/400 | 18:20:31
[TRAIN] Step 381 | Loss=0.000641 | Best makespan in group=425.00
[TRAIN] Step 382/400 | 18:21:00
[TRAIN] Step 382 | Loss=0.061161 | Best makespan in group=396.00
[TRAIN] Step 383/400 | 18:21:34
[TRAIN] Step 383 | Loss=0.352018 | Best makespan in group=369.00
[TRAIN] Step 384/400 | 18:21:56
[TRAIN] Step 384 | Loss=0.035496 | Best makespan in group=382.00
[TRAIN] Step 385/400 | 18:22:16
[TRAIN] Step 385 | Loss=0.274270 | Best makespan in group=408.00
[TRAIN] Step 386/400 | 18:22:51
[TRAIN] Step 386 | Loss=0.001672 | Best makespan in group=403.00
[TRAIN] Step 387/400 | 18:23:09
[TRAIN] Step 387 | Loss=0.231812 | Best makespan in group=414.00
[TRAIN] Step 388/400 | 18:23:37
[TRAIN] Step 388 | Loss=0.165389 | Best makespan in group=403.00
[TRAIN] Step 389/400 | 18:24:00
[TRAIN] Step 389 | Loss=0.000006 | Best makespan in group=487.00
[TRAIN] Step 390/400 | 18:24:29
[TRAIN] Step 390 | Loss=0.000514 | Best makespan in group=354.00
[TRAIN] Step 391/400 | 18:24:52
[TRAIN] Step 391 | Loss=0.000591 | Best makespan in group=473.00
[TRAIN] Step 392/400 | 18:25:22
[TRAIN] Step 392 | Loss=0.000022 | Best makespan in group=543.00
[TRAIN] Step 393/400 | 18:25:45
[TRAIN] Step 393 | Loss=0.000453 | Best makespan in group=419.00
[TRAIN] Step 394/400 | 18:26:12
[TRAIN] Step 394 | Loss=0.200818 | Best makespan in group=354.00
[TRAIN] Step 395/400 | 18:26:44
[TRAIN] Step 395 | Loss=0.000248 | Best makespan in group=345.00
[TRAIN] Step 396/400 | 18:27:11
[TRAIN] Step 396 | Loss=0.461079 | Best makespan in group=450.00
[TRAIN] Step 397/400 | 18:27:44
[TRAIN] Step 397 | Loss=0.429636 | Best makespan in group=361.00
[TRAIN] Step 398/400 | 18:28:17
[TRAIN] Step 398 | Loss=0.112782 | Best makespan in group=402.00
[TRAIN] Step 399/400 | 18:28:55
[TRAIN] Step 399 | Loss=0.125876 | Best makespan in group=459.00
[TRAIN] Step 400/400 | 18:29:16
[TRAIN] Step 400 | Loss=0.000040 | Best makespan in group=471.00
[TRAIN] Refreshing training instances (step 400)...
[TRAIN][VAL][ep 400] avg_gap=0.1092 | std_gap=0.0493 | q80_gap=0.1538 | n=40
[TRAIN] Validation improved | smoothed_avg_gap=0.1077 (raw=0.1092) | saving candidate: 57247572655695.pth
[TRAIN] Evaluating best checkpoint (candidate_models/57247572655695.pth) on the held-out test split...
[TRAIN][TEST] avg_gap=0.1202 | std_gap=0.0502 | q80_gap=0.1635 | n=40
[TRAIN][18:33:28] Training ended. Validation history and plots updated.
