D:\Dissertação\dissertation-bopo_introduction\venv\Lib\site-packages\torch\jit\_script.py:1485: FutureWarning: `torch.jit.script` is not supported in Python 3.14+ and may break. Please switch to `torch.compile` or `torch.export`.
  warnings.warn(
============================================================
[TRAIN] Training started at: 2026-09-30 12:56:12
[TRAIN] Hyperparams | max_steps=350 | new_freq=200
[TRAIN]             | n_cases=30 | B=32 | K=10 | use_greedy=True | lr=0.0047 (decaying to 9.40e-04)
[TRAIN]             | warm_start_steps=200 | checkpoint_smooth_window=3 | seed=42
[TRAIN]             | hidden_channels=128 | num_layers=3 | heads=3
[TRAIN]             | logp_norm=mean | exclude_greedy_from_loss=True
[TRAIN] Representation | ojmb_base_v2 | GNN | gin | jm_design | edges
[TRAIN] Device | cuda:0 (NVIDIA GeForce GTX 1650 Ti)
[TRAIN] Problem size | jobs=[8,10] | machines=[5,10] | ops_per_job=[5,6] | max_proc=100
============================================================
[TRAIN] Output run folder: results\batching_gin_L3_k5_ojmb_base_v2_s42_steps
[TRAIN] Validation config | every=25 steps | instances=20 (representative subset)
[TRAIN][TEACHER] validation avg_gap=0.5123 | q80_gap=0.6532 || test avg_gap=0.3786 | q80_gap=0.5063
[TRAIN] Step metrics | every step on 4 validation instance(s) (bat001, bat003, bat005, bat007) -> results\batching_gin_L3_k5_ojmb_base_v2_s42_steps\step_metrics.json
[TRAIN] Warm-start (behavior cloning vs. dispatch heuristic) | 200 step(s)...
[TRAIN][WARMSTART] step 10/200 | instance=25 | bc_loss=2.7248 | decisions=44
[TRAIN][WARMSTART] step 20/200 | instance=25 | bc_loss=2.1259 | decisions=44
[TRAIN][WARMSTART] step 30/200 | instance=12 | bc_loss=1.3217 | decisions=43
[TRAIN][WARMSTART] step 40/200 | instance=12 | bc_loss=1.2614 | decisions=43
[TRAIN][WARMSTART] step 50/200 | instance=4 | bc_loss=1.5652 | decisions=47
[TRAIN][WARMSTART] step 60/200 | instance=1 | bc_loss=1.0795 | decisions=38
[TRAIN][WARMSTART] step 70/200 | instance=2 | bc_loss=1.3839 | decisions=45
[TRAIN][WARMSTART] step 80/200 | instance=16 | bc_loss=1.2114 | decisions=47
[TRAIN][WARMSTART] step 90/200 | instance=14 | bc_loss=0.8940 | decisions=50
[TRAIN][WARMSTART] step 100/200 | instance=2 | bc_loss=1.3208 | decisions=45
[TRAIN][WARMSTART] step 110/200 | instance=6 | bc_loss=1.7079 | decisions=46
[TRAIN][WARMSTART] step 120/200 | instance=0 | bc_loss=1.2318 | decisions=49
[TRAIN][WARMSTART] step 130/200 | instance=3 | bc_loss=1.1181 | decisions=50
[TRAIN][WARMSTART] step 140/200 | instance=28 | bc_loss=0.9969 | decisions=42
[TRAIN][WARMSTART] step 150/200 | instance=13 | bc_loss=1.1487 | decisions=44
[TRAIN][WARMSTART] step 160/200 | instance=3 | bc_loss=0.8926 | decisions=50
[TRAIN][WARMSTART] step 170/200 | instance=22 | bc_loss=1.1535 | decisions=52
[TRAIN][WARMSTART] step 180/200 | instance=19 | bc_loss=0.8501 | decisions=46
[TRAIN][WARMSTART] step 190/200 | instance=10 | bc_loss=0.5029 | decisions=42
[TRAIN][WARMSTART] step 200/200 | instance=9 | bc_loss=0.4060 | decisions=44
[TRAIN] Warm-start complete, switching to BOPO preference optimization.
------------------------------------------------------------
[TRAIN] BOPO agent ready. Starting training loop for 350 step(s)...
------------------------------------------------------------
[TRAIN] Step 1/350 | 13:04:08
[TRAIN] Step 1 | Loss=0.682012 | Best makespan in group=395.00
[TRAIN] Step 2/350 | 13:04:47
[TRAIN] Step 2 | Loss=0.807119 | Best makespan in group=382.00
[TRAIN] Step 3/350 | 13:05:17
[TRAIN] Step 3 | Loss=0.563153 | Best makespan in group=468.00
[TRAIN] Step 4/350 | 13:05:49
[TRAIN] Step 4 | Loss=0.715668 | Best makespan in group=465.00
[TRAIN] Step 5/350 | 13:06:26
[TRAIN] Step 5 | Loss=0.660542 | Best makespan in group=469.00
[TRAIN] Step 6/350 | 13:06:54
[TRAIN] Step 6 | Loss=0.728648 | Best makespan in group=404.00
[TRAIN] Step 7/350 | 13:07:25
[TRAIN] Step 7 | Loss=0.939076 | Best makespan in group=407.00
[TRAIN] Step 8/350 | 13:07:53
[TRAIN] Step 8 | Loss=0.581510 | Best makespan in group=456.00
[TRAIN] Step 9/350 | 13:08:27
[TRAIN] Step 9 | Loss=0.677885 | Best makespan in group=478.00
[TRAIN] Step 10/350 | 13:09:01
[TRAIN] Step 10 | Loss=0.789297 | Best makespan in group=580.00
[TRAIN] Step 11/350 | 13:09:30
[TRAIN] Step 11 | Loss=0.670403 | Best makespan in group=390.00
[TRAIN] Step 12/350 | 13:10:02
[TRAIN] Step 12 | Loss=0.637495 | Best makespan in group=366.00
[TRAIN] Step 13/350 | 13:10:36
[TRAIN] Step 13 | Loss=0.913420 | Best makespan in group=474.00
[TRAIN] Step 14/350 | 13:11:10
[TRAIN] Step 14 | Loss=0.583389 | Best makespan in group=335.00
[TRAIN] Step 15/350 | 13:11:42
[TRAIN] Step 15 | Loss=0.602752 | Best makespan in group=340.00
[TRAIN] Step 16/350 | 13:12:17
[TRAIN] Step 16 | Loss=0.710854 | Best makespan in group=403.00
[TRAIN] Step 17/350 | 13:12:47
[TRAIN] Step 17 | Loss=0.773349 | Best makespan in group=348.00
[TRAIN] Step 18/350 | 13:13:21
[TRAIN] Step 18 | Loss=0.765009 | Best makespan in group=331.00
[TRAIN] Step 19/350 | 13:13:52
[TRAIN] Step 19 | Loss=0.712862 | Best makespan in group=469.00
[TRAIN] Step 20/350 | 13:14:25
[TRAIN] Step 20 | Loss=0.572660 | Best makespan in group=440.00
[TRAIN] Step 21/350 | 13:14:51
[TRAIN] Step 21 | Loss=0.853836 | Best makespan in group=510.00
[TRAIN] Step 22/350 | 13:15:24
[TRAIN] Step 22 | Loss=0.531560 | Best makespan in group=346.00
[TRAIN] Step 23/350 | 13:15:52
[TRAIN] Step 23 | Loss=0.589211 | Best makespan in group=355.00
[TRAIN] Step 24/350 | 13:16:24
[TRAIN] Step 24 | Loss=0.549804 | Best makespan in group=407.00
[TRAIN] Step 25/350 | 13:16:56
[TRAIN] Step 25 | Loss=0.973025 | Best makespan in group=385.00
[TRAIN][VAL][ep 25] avg_gap=0.2691 | std_gap=0.0978 | q80_gap=0.3588 | n=20
[TRAIN] Validation improved | smoothed_avg_gap=0.2691 (raw=0.2691) | saving candidate: 169030941846971.pth
[TRAIN] Step 26/350 | 13:18:02
[TRAIN] Step 26 | Loss=0.860258 | Best makespan in group=460.00
[TRAIN] Step 27/350 | 13:18:33
[TRAIN] Step 27 | Loss=0.653272 | Best makespan in group=434.00
[TRAIN] Step 28/350 | 13:19:06
[TRAIN] Step 28 | Loss=0.928056 | Best makespan in group=371.00
[TRAIN] Step 29/350 | 13:19:37
[TRAIN] Step 29 | Loss=0.744726 | Best makespan in group=405.00
[TRAIN] Step 30/350 | 13:20:07
[TRAIN] Step 30 | Loss=0.762575 | Best makespan in group=399.00
[TRAIN] Step 31/350 | 13:20:38
[TRAIN] Step 31 | Loss=0.770926 | Best makespan in group=325.00
[TRAIN] Step 32/350 | 13:21:09
[TRAIN] Step 32 | Loss=0.578358 | Best makespan in group=328.00
[TRAIN] Step 33/350 | 13:21:40
[TRAIN] Step 33 | Loss=0.616937 | Best makespan in group=491.00
[TRAIN] Step 34/350 | 13:22:13
[TRAIN] Step 34 | Loss=0.512962 | Best makespan in group=336.00
[TRAIN] Step 35/350 | 13:22:47
[TRAIN] Step 35 | Loss=0.823709 | Best makespan in group=358.00
[TRAIN] Step 36/350 | 13:23:17
[TRAIN] Step 36 | Loss=0.571986 | Best makespan in group=433.00
[TRAIN] Step 37/350 | 13:23:51
[TRAIN] Step 37 | Loss=0.644012 | Best makespan in group=395.00
[TRAIN] Step 38/350 | 13:24:22
[TRAIN] Step 38 | Loss=0.646544 | Best makespan in group=441.00
[TRAIN] Step 39/350 | 13:24:55
[TRAIN] Step 39 | Loss=0.687465 | Best makespan in group=409.00
[TRAIN] Step 40/350 | 13:25:29
[TRAIN] Step 40 | Loss=0.646461 | Best makespan in group=390.00
[TRAIN] Step 41/350 | 13:26:00
[TRAIN] Step 41 | Loss=0.630784 | Best makespan in group=403.00
[TRAIN] Step 42/350 | 13:26:28
[TRAIN] Step 42 | Loss=0.577816 | Best makespan in group=383.00
[TRAIN] Step 43/350 | 13:27:00
[TRAIN] Step 43 | Loss=0.621375 | Best makespan in group=396.00
[TRAIN] Step 44/350 | 13:27:30
[TRAIN] Step 44 | Loss=0.760403 | Best makespan in group=323.00
[TRAIN] Step 45/350 | 13:28:01
[TRAIN] Step 45 | Loss=0.623157 | Best makespan in group=328.00
[TRAIN] Step 46/350 | 13:28:29
[TRAIN] Step 46 | Loss=0.732519 | Best makespan in group=478.00
[TRAIN] Step 47/350 | 13:29:01
[TRAIN] Step 47 | Loss=0.696271 | Best makespan in group=505.00
[TRAIN] Step 48/350 | 13:29:29
[TRAIN] Step 48 | Loss=0.809812 | Best makespan in group=436.00
[TRAIN] Step 49/350 | 13:29:59
[TRAIN] Step 49 | Loss=0.679606 | Best makespan in group=421.00
[TRAIN] Step 50/350 | 13:30:34
[TRAIN] Step 50 | Loss=0.792544 | Best makespan in group=376.00
[TRAIN][VAL][ep 50] avg_gap=0.2228 | std_gap=0.0830 | q80_gap=0.2905 | n=20
[TRAIN] Validation improved | smoothed_avg_gap=0.2459 (raw=0.2228) | saving candidate: 3067363105781.pth
[TRAIN] Step 51/350 | 13:31:32
[TRAIN] Step 51 | Loss=0.550427 | Best makespan in group=423.00
[TRAIN] Step 52/350 | 13:32:03
[TRAIN] Step 52 | Loss=0.668661 | Best makespan in group=440.00
[TRAIN] Step 53/350 | 13:32:34
[TRAIN] Step 53 | Loss=0.696916 | Best makespan in group=407.00
[TRAIN] Step 54/350 | 13:33:01
[TRAIN] Step 54 | Loss=0.661137 | Best makespan in group=348.00
[TRAIN] Step 55/350 | 13:33:31
[TRAIN] Step 55 | Loss=0.689757 | Best makespan in group=321.00
[TRAIN] Step 56/350 | 13:34:02
[TRAIN] Step 56 | Loss=0.637865 | Best makespan in group=364.00
[TRAIN] Step 57/350 | 13:34:34
[TRAIN] Step 57 | Loss=0.811770 | Best makespan in group=428.00
[TRAIN] Step 58/350 | 13:35:00
[TRAIN] Step 58 | Loss=0.863630 | Best makespan in group=371.00
[TRAIN] Step 59/350 | 13:35:29
[TRAIN] Step 59 | Loss=0.678807 | Best makespan in group=345.00
[TRAIN] Step 60/350 | 13:36:02
[TRAIN] Step 60 | Loss=0.575688 | Best makespan in group=375.00
[TRAIN] Step 61/350 | 13:36:30
[TRAIN] Step 61 | Loss=0.539954 | Best makespan in group=326.00
[TRAIN] Step 62/350 | 13:37:01
[TRAIN] Step 62 | Loss=0.673958 | Best makespan in group=438.00
[TRAIN] Step 63/350 | 13:37:34
[TRAIN] Step 63 | Loss=0.658974 | Best makespan in group=350.00
[TRAIN] Step 64/350 | 13:38:06
[TRAIN] Step 64 | Loss=0.551906 | Best makespan in group=465.00
[TRAIN] Step 65/350 | 13:38:39
[TRAIN] Step 65 | Loss=0.566223 | Best makespan in group=383.00
[TRAIN] Step 66/350 | 13:39:07
[TRAIN] Step 66 | Loss=0.586444 | Best makespan in group=384.00
[TRAIN] Step 67/350 | 13:39:37
[TRAIN] Step 67 | Loss=0.663459 | Best makespan in group=355.00
[TRAIN] Step 68/350 | 13:40:07
[TRAIN] Step 68 | Loss=0.669397 | Best makespan in group=335.00
[TRAIN] Step 69/350 | 13:40:39
[TRAIN] Step 69 | Loss=0.736196 | Best makespan in group=341.00
[TRAIN] Step 70/350 | 13:41:12
[TRAIN] Step 70 | Loss=0.745736 | Best makespan in group=414.00
[TRAIN] Step 71/350 | 13:41:45
[TRAIN] Step 71 | Loss=0.589168 | Best makespan in group=444.00
[TRAIN] Step 72/350 | 13:42:15
[TRAIN] Step 72 | Loss=0.735720 | Best makespan in group=518.00
[TRAIN] Step 73/350 | 13:42:42
[TRAIN] Step 73 | Loss=0.492986 | Best makespan in group=425.00
[TRAIN] Step 74/350 | 13:43:13
[TRAIN] Step 74 | Loss=0.788993 | Best makespan in group=437.00
[TRAIN] Step 75/350 | 13:43:46
[TRAIN] Step 75 | Loss=0.746850 | Best makespan in group=322.00
[TRAIN][VAL][ep 75] avg_gap=0.1784 | std_gap=0.0593 | q80_gap=0.2130 | n=20
[TRAIN] Validation improved | smoothed_avg_gap=0.2234 (raw=0.1784) | saving candidate: 796603833816652.pth
[TRAIN] Step 76/350 | 13:44:45
[TRAIN] Step 76 | Loss=0.696741 | Best makespan in group=393.00
[TRAIN] Step 77/350 | 13:45:14
[TRAIN] Step 77 | Loss=0.522377 | Best makespan in group=422.00
[TRAIN] Step 78/350 | 13:45:45
[TRAIN] Step 78 | Loss=0.664386 | Best makespan in group=394.00
[TRAIN] Step 79/350 | 13:46:15
[TRAIN] Step 79 | Loss=0.803998 | Best makespan in group=332.00
[TRAIN] Step 80/350 | 13:46:43
[TRAIN] Step 80 | Loss=0.488512 | Best makespan in group=407.00
[TRAIN] Step 81/350 | 13:47:10
[TRAIN] Step 81 | Loss=0.763278 | Best makespan in group=334.00
[TRAIN] Step 82/350 | 13:47:43
[TRAIN] Step 82 | Loss=0.506057 | Best makespan in group=393.00
[TRAIN] Step 83/350 | 13:48:10
[TRAIN] Step 83 | Loss=0.816656 | Best makespan in group=381.00
[TRAIN] Step 84/350 | 13:48:42
[TRAIN] Step 84 | Loss=0.692756 | Best makespan in group=328.00
[TRAIN] Step 85/350 | 13:49:13
[TRAIN] Step 85 | Loss=0.639837 | Best makespan in group=430.00
[TRAIN] Step 86/350 | 13:49:39
[TRAIN] Step 86 | Loss=0.608064 | Best makespan in group=389.00
[TRAIN] Step 87/350 | 13:50:10
[TRAIN] Step 87 | Loss=0.564180 | Best makespan in group=385.00
[TRAIN] Step 88/350 | 13:50:40
[TRAIN] Step 88 | Loss=0.739867 | Best makespan in group=476.00
[TRAIN] Step 89/350 | 13:51:11
[TRAIN] Step 89 | Loss=0.628457 | Best makespan in group=409.00
[TRAIN] Step 90/350 | 13:51:45
[TRAIN] Step 90 | Loss=0.566501 | Best makespan in group=363.00
[TRAIN] Step 91/350 | 13:52:14
[TRAIN] Step 91 | Loss=0.501801 | Best makespan in group=347.00
[TRAIN] Step 92/350 | 13:52:42
[TRAIN] Step 92 | Loss=0.566343 | Best makespan in group=383.00
[TRAIN] Step 93/350 | 13:53:10
[TRAIN] Step 93 | Loss=0.898634 | Best makespan in group=424.00
[TRAIN] Step 94/350 | 13:53:45
[TRAIN] Step 94 | Loss=0.585070 | Best makespan in group=406.00
[TRAIN] Step 95/350 | 13:54:16
[TRAIN] Step 95 | Loss=0.602978 | Best makespan in group=391.00
[TRAIN] Step 96/350 | 13:54:49
[TRAIN] Step 96 | Loss=0.575604 | Best makespan in group=414.00
[TRAIN] Step 97/350 | 13:55:24
[TRAIN] Step 97 | Loss=0.762782 | Best makespan in group=377.00
[TRAIN] Step 98/350 | 13:55:55
[TRAIN] Step 98 | Loss=0.600411 | Best makespan in group=414.00
[TRAIN] Step 99/350 | 13:56:24
[TRAIN] Step 99 | Loss=0.780995 | Best makespan in group=358.00
[TRAIN] Step 100/350 | 13:56:56
[TRAIN] Step 100 | Loss=0.738909 | Best makespan in group=431.00
[TRAIN][VAL][ep 100] avg_gap=0.2981 | std_gap=0.1061 | q80_gap=0.3987 | n=20
[TRAIN] Step 101/350 | 13:57:52
[TRAIN] Step 101 | Loss=0.707628 | Best makespan in group=402.00
[TRAIN] Step 102/350 | 13:58:21
[TRAIN] Step 102 | Loss=0.878689 | Best makespan in group=560.00
[TRAIN] Step 103/350 | 13:58:50
[TRAIN] Step 103 | Loss=0.694760 | Best makespan in group=454.00
[TRAIN] Step 104/350 | 13:59:23
[TRAIN] Step 104 | Loss=0.548997 | Best makespan in group=321.00
[TRAIN] Step 105/350 | 13:59:55
[TRAIN] Step 105 | Loss=0.625971 | Best makespan in group=378.00
[TRAIN] Step 106/350 | 14:00:28
[TRAIN] Step 106 | Loss=0.700321 | Best makespan in group=385.00
[TRAIN] Step 107/350 | 14:00:59
[TRAIN] Step 107 | Loss=0.636865 | Best makespan in group=342.00
[TRAIN] Step 108/350 | 14:01:33
[TRAIN] Step 108 | Loss=0.501384 | Best makespan in group=337.00
[TRAIN] Step 109/350 | 14:02:06
[TRAIN] Step 109 | Loss=0.532047 | Best makespan in group=467.00
[TRAIN] Step 110/350 | 14:02:39
[TRAIN] Step 110 | Loss=0.777138 | Best makespan in group=428.00
[TRAIN] Step 111/350 | 14:03:11
[TRAIN] Step 111 | Loss=0.600488 | Best makespan in group=368.00
[TRAIN] Step 112/350 | 14:03:43
[TRAIN] Step 112 | Loss=0.533688 | Best makespan in group=436.00
[TRAIN] Step 113/350 | 14:04:13
[TRAIN] Step 113 | Loss=0.661935 | Best makespan in group=350.00
[TRAIN] Step 114/350 | 14:04:46
[TRAIN] Step 114 | Loss=0.667242 | Best makespan in group=510.00
[TRAIN] Step 115/350 | 14:05:18
[TRAIN] Step 115 | Loss=0.735194 | Best makespan in group=398.00
[TRAIN] Step 116/350 | 14:05:48
[TRAIN] Step 116 | Loss=0.635395 | Best makespan in group=447.00
[TRAIN] Step 117/350 | 14:06:21
[TRAIN] Step 117 | Loss=0.545944 | Best makespan in group=431.00
[TRAIN] Step 118/350 | 14:06:52
[TRAIN] Step 118 | Loss=0.535338 | Best makespan in group=347.00
[TRAIN] Step 119/350 | 14:07:26
[TRAIN] Step 119 | Loss=0.773732 | Best makespan in group=337.00
[TRAIN] Step 120/350 | 14:07:59
[TRAIN] Step 120 | Loss=0.822254 | Best makespan in group=319.00
[TRAIN] Step 121/350 | 14:08:29
[TRAIN] Step 121 | Loss=0.658396 | Best makespan in group=363.00
[TRAIN] Step 122/350 | 14:09:00
[TRAIN] Step 122 | Loss=0.507978 | Best makespan in group=408.00
[TRAIN] Step 123/350 | 14:09:33
[TRAIN] Step 123 | Loss=0.505599 | Best makespan in group=462.00
[TRAIN] Step 124/350 | 14:10:07
[TRAIN] Step 124 | Loss=0.689944 | Best makespan in group=334.00
[TRAIN] Step 125/350 | 14:10:40
[TRAIN] Step 125 | Loss=0.734567 | Best makespan in group=456.00
[TRAIN][VAL][ep 125] avg_gap=0.2168 | std_gap=0.1090 | q80_gap=0.3061 | n=20
[TRAIN] Step 126/350 | 14:11:33
[TRAIN] Step 126 | Loss=0.877304 | Best makespan in group=323.00
[TRAIN] Step 127/350 | 14:12:03
[TRAIN] Step 127 | Loss=0.505715 | Best makespan in group=456.00
[TRAIN] Step 128/350 | 14:12:33
[TRAIN] Step 128 | Loss=0.689140 | Best makespan in group=410.00
[TRAIN] Step 129/350 | 14:13:03
[TRAIN] Step 129 | Loss=0.618841 | Best makespan in group=407.00
[TRAIN] Step 130/350 | 14:13:31
[TRAIN] Step 130 | Loss=0.604776 | Best makespan in group=434.00
[TRAIN] Step 131/350 | 14:14:03
[TRAIN] Step 131 | Loss=0.578875 | Best makespan in group=564.00
[TRAIN] Step 132/350 | 14:14:31
[TRAIN] Step 132 | Loss=0.496217 | Best makespan in group=382.00
[TRAIN] Step 133/350 | 14:15:00
[TRAIN] Step 133 | Loss=0.609208 | Best makespan in group=442.00
[TRAIN] Step 134/350 | 14:15:31
[TRAIN] Step 134 | Loss=0.527942 | Best makespan in group=404.00
[TRAIN] Step 135/350 | 14:16:00
[TRAIN] Step 135 | Loss=0.859913 | Best makespan in group=505.00
[TRAIN] Step 136/350 | 14:16:34
[TRAIN] Step 136 | Loss=0.488411 | Best makespan in group=392.00
[TRAIN] Step 137/350 | 14:17:05
[TRAIN] Step 137 | Loss=0.483761 | Best makespan in group=466.00
[TRAIN] Step 138/350 | 14:17:34
[TRAIN] Step 138 | Loss=0.583421 | Best makespan in group=394.00
[TRAIN] Step 139/350 | 14:18:03
[TRAIN] Step 139 | Loss=0.869241 | Best makespan in group=612.00
[TRAIN] Step 140/350 | 14:18:36
[TRAIN] Step 140 | Loss=0.791926 | Best makespan in group=468.00
[TRAIN] Step 141/350 | 14:19:11
[TRAIN] Step 141 | Loss=0.715046 | Best makespan in group=380.00
[TRAIN] Step 142/350 | 14:19:44
[TRAIN] Step 142 | Loss=0.753411 | Best makespan in group=386.00
[TRAIN] Step 143/350 | 14:20:15
[TRAIN] Step 143 | Loss=0.653351 | Best makespan in group=544.00
[TRAIN] Step 144/350 | 14:20:48
[TRAIN] Step 144 | Loss=0.552656 | Best makespan in group=441.00
[TRAIN] Step 145/350 | 14:21:20
[TRAIN] Step 145 | Loss=0.702953 | Best makespan in group=341.00
[TRAIN] Step 146/350 | 14:21:52
[TRAIN] Step 146 | Loss=0.816169 | Best makespan in group=367.00
[TRAIN] Step 147/350 | 14:22:21
[TRAIN] Step 147 | Loss=0.740968 | Best makespan in group=420.00
[TRAIN] Step 148/350 | 14:22:51
[TRAIN] Step 148 | Loss=0.549495 | Best makespan in group=490.00
[TRAIN] Step 149/350 | 14:23:23
[TRAIN] Step 149 | Loss=0.985264 | Best makespan in group=400.00
[TRAIN] Step 150/350 | 14:23:56
[TRAIN] Step 150 | Loss=0.829548 | Best makespan in group=396.00
[TRAIN][VAL][ep 150] avg_gap=0.2869 | std_gap=0.1256 | q80_gap=0.3783 | n=20
[TRAIN] Step 151/350 | 14:24:52
[TRAIN] Step 151 | Loss=0.752712 | Best makespan in group=505.00
[TRAIN] Step 152/350 | 14:25:25
[TRAIN] Step 152 | Loss=0.695714 | Best makespan in group=412.00
[TRAIN] Step 153/350 | 14:25:55
[TRAIN] Step 153 | Loss=0.561969 | Best makespan in group=377.00
[TRAIN] Step 154/350 | 14:26:28
[TRAIN] Step 154 | Loss=0.973131 | Best makespan in group=348.00
[TRAIN] Step 155/350 | 14:26:59
[TRAIN] Step 155 | Loss=0.591404 | Best makespan in group=370.00
[TRAIN] Step 156/350 | 14:27:33
[TRAIN] Step 156 | Loss=0.699948 | Best makespan in group=549.00
[TRAIN] Step 157/350 | 14:28:01
[TRAIN] Step 157 | Loss=0.560018 | Best makespan in group=432.00
[TRAIN] Step 158/350 | 14:28:32
[TRAIN] Step 158 | Loss=0.721406 | Best makespan in group=485.00
[TRAIN] Step 159/350 | 14:29:05
[TRAIN] Step 159 | Loss=0.637620 | Best makespan in group=336.00
[TRAIN] Step 160/350 | 14:29:38
[TRAIN] Step 160 | Loss=0.688042 | Best makespan in group=365.00
[TRAIN] Step 161/350 | 14:30:10
[TRAIN] Step 161 | Loss=0.485642 | Best makespan in group=354.00
[TRAIN] Step 162/350 | 14:30:39
[TRAIN] Step 162 | Loss=0.613287 | Best makespan in group=407.00
[TRAIN] Step 163/350 | 14:31:07
[TRAIN] Step 163 | Loss=0.594719 | Best makespan in group=320.00
[TRAIN] Step 164/350 | 14:31:39
[TRAIN] Step 164 | Loss=0.710866 | Best makespan in group=420.00
[TRAIN] Step 165/350 | 14:32:14
[TRAIN] Step 165 | Loss=0.460512 | Best makespan in group=393.00
[TRAIN] Step 166/350 | 14:32:42
[TRAIN] Step 166 | Loss=0.669395 | Best makespan in group=389.00
[TRAIN] Step 167/350 | 14:33:14
[TRAIN] Step 167 | Loss=0.646828 | Best makespan in group=378.00
[TRAIN] Step 168/350 | 14:33:43
[TRAIN] Step 168 | Loss=0.761348 | Best makespan in group=415.00
[TRAIN] Step 169/350 | 14:34:18
[TRAIN] Step 169 | Loss=0.673098 | Best makespan in group=390.00
[TRAIN] Step 170/350 | 14:34:48
[TRAIN] Step 170 | Loss=0.717601 | Best makespan in group=356.00
[TRAIN] Step 171/350 | 14:35:18
[TRAIN] Step 171 | Loss=0.584549 | Best makespan in group=394.00
[TRAIN] Step 172/350 | 14:35:50
[TRAIN] Step 172 | Loss=0.663952 | Best makespan in group=345.00
[TRAIN] Step 173/350 | 14:36:20
[TRAIN] Step 173 | Loss=0.589907 | Best makespan in group=447.00
[TRAIN] Step 174/350 | 14:36:51
[TRAIN] Step 174 | Loss=0.665283 | Best makespan in group=488.00
[TRAIN] Step 175/350 | 14:37:24
[TRAIN] Step 175 | Loss=0.739306 | Best makespan in group=449.00
[TRAIN][VAL][ep 175] avg_gap=0.2181 | std_gap=0.0633 | q80_gap=0.2504 | n=20
[TRAIN] Step 176/350 | 14:38:17
[TRAIN] Step 176 | Loss=0.710642 | Best makespan in group=394.00
[TRAIN] Step 177/350 | 14:38:48
[TRAIN] Step 177 | Loss=0.778661 | Best makespan in group=344.00
[TRAIN] Step 178/350 | 14:39:20
[TRAIN] Step 178 | Loss=0.647170 | Best makespan in group=380.00
[TRAIN] Step 179/350 | 14:39:51
[TRAIN] Step 179 | Loss=0.662525 | Best makespan in group=450.00
[TRAIN] Step 180/350 | 14:40:23
[TRAIN] Step 180 | Loss=0.547631 | Best makespan in group=438.00
[TRAIN] Step 181/350 | 14:40:57
[TRAIN] Step 181 | Loss=0.583244 | Best makespan in group=425.00
[TRAIN] Step 182/350 | 14:41:32
[TRAIN] Step 182 | Loss=0.683308 | Best makespan in group=318.00
[TRAIN] Step 183/350 | 14:42:03
[TRAIN] Step 183 | Loss=0.481106 | Best makespan in group=323.00
[TRAIN] Step 184/350 | 14:42:33
[TRAIN] Step 184 | Loss=0.755578 | Best makespan in group=346.00
[TRAIN] Step 185/350 | 14:43:04
[TRAIN] Step 185 | Loss=0.648565 | Best makespan in group=432.00
[TRAIN] Step 186/350 | 14:43:35
[TRAIN] Step 186 | Loss=0.682001 | Best makespan in group=389.00
[TRAIN] Step 187/350 | 14:44:07
[TRAIN] Step 187 | Loss=0.643936 | Best makespan in group=480.00
[TRAIN] Step 188/350 | 14:44:39
[TRAIN] Step 188 | Loss=0.782613 | Best makespan in group=396.00
[TRAIN] Step 189/350 | 14:45:09
[TRAIN] Step 189 | Loss=0.624995 | Best makespan in group=341.00
[TRAIN] Step 190/350 | 14:45:43
[TRAIN] Step 190 | Loss=0.702985 | Best makespan in group=468.00
[TRAIN] Step 191/350 | 14:46:14
[TRAIN] Step 191 | Loss=1.055416 | Best makespan in group=425.00
[TRAIN] Step 192/350 | 14:46:47
[TRAIN] Step 192 | Loss=0.676863 | Best makespan in group=480.00
[TRAIN] Step 193/350 | 14:47:20
[TRAIN] Step 193 | Loss=1.007690 | Best makespan in group=447.00
[TRAIN] Step 194/350 | 14:47:52
[TRAIN] Step 194 | Loss=0.640983 | Best makespan in group=314.00
[TRAIN] Step 195/350 | 14:48:23
[TRAIN] Step 195 | Loss=0.725969 | Best makespan in group=407.00
[TRAIN] Step 196/350 | 14:48:51
[TRAIN] Step 196 | Loss=0.674047 | Best makespan in group=388.00
[TRAIN] Step 197/350 | 14:49:19
[TRAIN] Step 197 | Loss=0.641144 | Best makespan in group=334.00
[TRAIN] Step 198/350 | 14:49:51
[TRAIN] Step 198 | Loss=0.575625 | Best makespan in group=401.00
[TRAIN] Step 199/350 | 14:50:26
[TRAIN] Step 199 | Loss=0.827100 | Best makespan in group=392.00
[TRAIN] Step 200/350 | 14:50:57
[TRAIN] Step 200 | Loss=0.655687 | Best makespan in group=356.00
[TRAIN] Refreshing training instances (step 200)...
[TRAIN][VAL][ep 200] avg_gap=0.2667 | std_gap=0.0945 | q80_gap=0.3748 | n=20
[TRAIN] Step 201/350 | 14:51:57
[TRAIN] Step 201 | Loss=0.704572 | Best makespan in group=393.00
[TRAIN] Step 202/350 | 14:52:29
[TRAIN] Step 202 | Loss=0.962436 | Best makespan in group=448.00
[TRAIN] Step 203/350 | 14:52:55
[TRAIN] Step 203 | Loss=0.820250 | Best makespan in group=428.00
[TRAIN] Step 204/350 | 14:53:28
[TRAIN] Step 204 | Loss=0.832988 | Best makespan in group=445.00
[TRAIN] Step 205/350 | 14:54:01
[TRAIN] Step 205 | Loss=0.544631 | Best makespan in group=387.00
[TRAIN] Step 206/350 | 14:54:28
[TRAIN] Step 206 | Loss=0.849256 | Best makespan in group=500.00
[TRAIN] Step 207/350 | 14:54:57
[TRAIN] Step 207 | Loss=0.615246 | Best makespan in group=408.00
[TRAIN] Step 208/350 | 14:55:25
[TRAIN] Step 208 | Loss=0.625581 | Best makespan in group=426.00
[TRAIN] Step 209/350 | 14:55:53
[TRAIN] Step 209 | Loss=0.981630 | Best makespan in group=428.00
[TRAIN] Step 210/350 | 14:56:25
[TRAIN] Step 210 | Loss=0.885863 | Best makespan in group=270.00
[TRAIN] Step 211/350 | 14:56:53
[TRAIN] Step 211 | Loss=1.262964 | Best makespan in group=447.00
[TRAIN] Step 212/350 | 14:57:26
[TRAIN] Step 212 | Loss=0.664095 | Best makespan in group=476.00
[TRAIN] Step 213/350 | 14:57:56
[TRAIN] Step 213 | Loss=0.722195 | Best makespan in group=403.00
[TRAIN] Step 214/350 | 14:58:25
[TRAIN] Step 214 | Loss=0.794255 | Best makespan in group=462.00
[TRAIN] Step 215/350 | 14:58:53
[TRAIN] Step 215 | Loss=0.508104 | Best makespan in group=434.00
[TRAIN] Step 216/350 | 14:59:25
[TRAIN] Step 216 | Loss=0.767814 | Best makespan in group=297.00
[TRAIN] Step 217/350 | 14:59:58
[TRAIN] Step 217 | Loss=0.720576 | Best makespan in group=517.00
[TRAIN] Step 218/350 | 15:00:30
[TRAIN] Step 218 | Loss=0.630789 | Best makespan in group=362.00
[TRAIN] Step 219/350 | 15:00:59
[TRAIN] Step 219 | Loss=0.757321 | Best makespan in group=350.00
[TRAIN] Step 220/350 | 15:01:30
[TRAIN] Step 220 | Loss=0.616870 | Best makespan in group=512.00
[TRAIN] Step 221/350 | 15:02:03
[TRAIN] Step 221 | Loss=0.935379 | Best makespan in group=345.00
[TRAIN] Step 222/350 | 15:02:34
[TRAIN] Step 222 | Loss=0.871259 | Best makespan in group=407.00
[TRAIN] Step 223/350 | 15:03:07
[TRAIN] Step 223 | Loss=0.685622 | Best makespan in group=379.00
[TRAIN] Step 224/350 | 15:03:38
[TRAIN] Step 224 | Loss=0.536454 | Best makespan in group=440.00
[TRAIN] Step 225/350 | 15:04:06
[TRAIN] Step 225 | Loss=0.685057 | Best makespan in group=407.00
[TRAIN][VAL][ep 225] avg_gap=0.2229 | std_gap=0.0954 | q80_gap=0.2972 | n=20
[TRAIN] Step 226/350 | 15:05:06
[TRAIN] Step 226 | Loss=0.615761 | Best makespan in group=466.00
[TRAIN] Step 227/350 | 15:05:36
[TRAIN] Step 227 | Loss=0.715444 | Best makespan in group=423.00
[TRAIN] Step 228/350 | 15:06:05
[TRAIN] Step 228 | Loss=0.726231 | Best makespan in group=504.00
[TRAIN] Step 229/350 | 15:06:38
[TRAIN] Step 229 | Loss=0.700055 | Best makespan in group=395.00
[TRAIN] Step 230/350 | 15:07:06
[TRAIN] Step 230 | Loss=0.811404 | Best makespan in group=583.00
[TRAIN] Step 231/350 | 15:07:37
[TRAIN] Step 231 | Loss=0.596137 | Best makespan in group=525.00
[TRAIN] Step 232/350 | 15:08:09
[TRAIN] Step 232 | Loss=0.735869 | Best makespan in group=480.00
[TRAIN] Step 233/350 | 15:08:42
[TRAIN] Step 233 | Loss=0.794972 | Best makespan in group=400.00
[TRAIN] Step 234/350 | 15:09:16
[TRAIN] Step 234 | Loss=0.593354 | Best makespan in group=446.00
[TRAIN] Step 235/350 | 15:09:43
[TRAIN] Step 235 | Loss=0.723070 | Best makespan in group=432.00
[TRAIN] Step 236/350 | 15:10:16
[TRAIN] Step 236 | Loss=0.623856 | Best makespan in group=403.00
[TRAIN] Step 237/350 | 15:10:44
[TRAIN] Step 237 | Loss=0.786464 | Best makespan in group=384.00
[TRAIN] Step 238/350 | 15:11:12
[TRAIN] Step 238 | Loss=0.660201 | Best makespan in group=408.00
[TRAIN] Step 239/350 | 15:11:45
[TRAIN] Step 239 | Loss=0.759818 | Best makespan in group=444.00
[TRAIN] Step 240/350 | 15:12:12
[TRAIN] Step 240 | Loss=0.802651 | Best makespan in group=491.00
[TRAIN] Step 241/350 | 15:12:41
[TRAIN] Step 241 | Loss=0.568411 | Best makespan in group=563.00
[TRAIN] Step 242/350 | 15:13:11
[TRAIN] Step 242 | Loss=0.767402 | Best makespan in group=427.00
[TRAIN] Step 243/350 | 15:13:40
[TRAIN] Step 243 | Loss=0.613933 | Best makespan in group=357.00
[TRAIN] Step 244/350 | 15:14:12
[TRAIN] Step 244 | Loss=0.894026 | Best makespan in group=407.00
[TRAIN] Step 245/350 | 15:14:43
[TRAIN] Step 245 | Loss=0.500456 | Best makespan in group=286.00
[TRAIN] Step 246/350 | 15:15:16
[TRAIN] Step 246 | Loss=0.862809 | Best makespan in group=269.00
[TRAIN] Step 247/350 | 15:15:44
[TRAIN] Step 247 | Loss=0.617653 | Best makespan in group=399.00
[TRAIN] Step 248/350 | 15:16:19
[TRAIN] Step 248 | Loss=0.643833 | Best makespan in group=462.00
[TRAIN] Step 249/350 | 15:16:46
[TRAIN] Step 249 | Loss=0.776633 | Best makespan in group=393.00
[TRAIN] Step 250/350 | 15:17:16
[TRAIN] Step 250 | Loss=0.871514 | Best makespan in group=491.00
[TRAIN][VAL][ep 250] avg_gap=0.1998 | std_gap=0.0857 | q80_gap=0.2832 | n=20
[TRAIN] Step 251/350 | 15:18:15
[TRAIN] Step 251 | Loss=0.499971 | Best makespan in group=383.00
[TRAIN] Step 252/350 | 15:18:43
[TRAIN] Step 252 | Loss=0.707010 | Best makespan in group=366.00
[TRAIN] Step 253/350 | 15:19:11
[TRAIN] Step 253 | Loss=0.737052 | Best makespan in group=451.00
[TRAIN] Step 254/350 | 15:19:38
[TRAIN] Step 254 | Loss=0.731829 | Best makespan in group=342.00
[TRAIN] Step 255/350 | 15:20:10
[TRAIN] Step 255 | Loss=0.622163 | Best makespan in group=381.00
[TRAIN] Step 256/350 | 15:20:42
[TRAIN] Step 256 | Loss=0.597957 | Best makespan in group=400.00
[TRAIN] Step 257/350 | 15:21:07
[TRAIN] Step 257 | Loss=0.682376 | Best makespan in group=317.00
[TRAIN] Step 258/350 | 15:21:37
[TRAIN] Step 258 | Loss=0.766175 | Best makespan in group=443.00
[TRAIN] Step 259/350 | 15:22:07
[TRAIN] Step 259 | Loss=0.686222 | Best makespan in group=397.00
[TRAIN] Step 260/350 | 15:22:40
[TRAIN] Step 260 | Loss=0.716241 | Best makespan in group=426.00
[TRAIN] Step 261/350 | 15:23:12
[TRAIN] Step 261 | Loss=0.911578 | Best makespan in group=440.00
[TRAIN] Step 262/350 | 15:23:41
[TRAIN] Step 262 | Loss=0.586049 | Best makespan in group=347.00
[TRAIN] Step 263/350 | 15:24:12
[TRAIN] Step 263 | Loss=0.649567 | Best makespan in group=448.00
[TRAIN] Step 264/350 | 15:24:39
[TRAIN] Step 264 | Loss=0.612654 | Best makespan in group=405.00
[TRAIN] Step 265/350 | 15:25:12
[TRAIN] Step 265 | Loss=0.813609 | Best makespan in group=367.00
[TRAIN] Step 266/350 | 15:25:43
[TRAIN] Step 266 | Loss=0.592522 | Best makespan in group=384.00
[TRAIN] Step 267/350 | 15:26:11
[TRAIN] Step 267 | Loss=0.897466 | Best makespan in group=486.00
[TRAIN] Step 268/350 | 15:26:40
[TRAIN] Step 268 | Loss=0.579155 | Best makespan in group=290.00
[TRAIN] Step 269/350 | 15:27:14
[TRAIN] Step 269 | Loss=0.570389 | Best makespan in group=269.00
[TRAIN] Step 270/350 | 15:27:42
[TRAIN] Step 270 | Loss=0.709970 | Best makespan in group=426.00
[TRAIN] Step 271/350 | 15:28:12
[TRAIN] Step 271 | Loss=0.771389 | Best makespan in group=430.00
[TRAIN] Step 272/350 | 15:28:44
[TRAIN] Step 272 | Loss=0.668325 | Best makespan in group=534.00
[TRAIN] Step 273/350 | 15:29:17
[TRAIN] Step 273 | Loss=0.848634 | Best makespan in group=482.00
[TRAIN] Step 274/350 | 15:29:48
[TRAIN] Step 274 | Loss=0.662694 | Best makespan in group=367.00
[TRAIN] Step 275/350 | 15:30:17
[TRAIN] Step 275 | Loss=0.530636 | Best makespan in group=456.00
[TRAIN][VAL][ep 275] avg_gap=0.1983 | std_gap=0.0886 | q80_gap=0.2900 | n=20
[TRAIN] Validation improved | smoothed_avg_gap=0.2070 (raw=0.1983) | saving candidate: 528394418882774.pth
[TRAIN] Step 276/350 | 15:31:20
[TRAIN] Step 276 | Loss=0.618707 | Best makespan in group=571.00
[TRAIN] Step 277/350 | 15:31:49
[TRAIN] Step 277 | Loss=0.683740 | Best makespan in group=407.00
[TRAIN] Step 278/350 | 15:32:24
[TRAIN] Step 278 | Loss=0.642328 | Best makespan in group=391.00
[TRAIN] Step 279/350 | 15:32:52
[TRAIN] Step 279 | Loss=0.744533 | Best makespan in group=412.00
[TRAIN] Step 280/350 | 15:33:25
[TRAIN] Step 280 | Loss=0.552903 | Best makespan in group=408.00
[TRAIN] Step 281/350 | 15:33:59
[TRAIN] Step 281 | Loss=0.672220 | Best makespan in group=368.00
[TRAIN] Step 282/350 | 15:34:31
[TRAIN] Step 282 | Loss=0.672602 | Best makespan in group=486.00
[TRAIN] Step 283/350 | 15:35:04
[TRAIN] Step 283 | Loss=0.610689 | Best makespan in group=315.00
[TRAIN] Step 284/350 | 15:35:34
[TRAIN] Step 284 | Loss=0.582992 | Best makespan in group=420.00
[TRAIN] Step 285/350 | 15:35:59
[TRAIN] Step 285 | Loss=0.590145 | Best makespan in group=392.00
[TRAIN] Step 286/350 | 15:36:30
[TRAIN] Step 286 | Loss=0.674385 | Best makespan in group=468.00
[TRAIN] Step 287/350 | 15:36:58
[TRAIN] Step 287 | Loss=0.624646 | Best makespan in group=394.00
[TRAIN] Step 288/350 | 15:37:30
[TRAIN] Step 288 | Loss=0.658726 | Best makespan in group=442.00
[TRAIN] Step 289/350 | 15:37:58
[TRAIN] Step 289 | Loss=0.545140 | Best makespan in group=402.00
[TRAIN] Step 290/350 | 15:38:29
[TRAIN] Step 290 | Loss=0.599910 | Best makespan in group=395.00
[TRAIN] Step 291/350 | 15:38:57
[TRAIN] Step 291 | Loss=0.655978 | Best makespan in group=427.00
[TRAIN] Step 292/350 | 15:39:30
[TRAIN] Step 292 | Loss=0.641137 | Best makespan in group=390.00
[TRAIN] Step 293/350 | 15:40:03
[TRAIN] Step 293 | Loss=0.679928 | Best makespan in group=445.00
[TRAIN] Step 294/350 | 15:40:30
[TRAIN] Step 294 | Loss=0.768995 | Best makespan in group=392.00
[TRAIN] Step 295/350 | 15:41:00
[TRAIN] Step 295 | Loss=0.499933 | Best makespan in group=308.00
[TRAIN] Step 296/350 | 15:41:29
[TRAIN] Step 296 | Loss=0.590055 | Best makespan in group=374.00
[TRAIN] Step 297/350 | 15:41:57
[TRAIN] Step 297 | Loss=0.782184 | Best makespan in group=394.00
[TRAIN] Step 298/350 | 15:42:22
[TRAIN] Step 298 | Loss=0.682260 | Best makespan in group=435.00
[TRAIN] Step 299/350 | 15:42:54
[TRAIN] Step 299 | Loss=0.704920 | Best makespan in group=415.00
[TRAIN] Step 300/350 | 15:43:23
[TRAIN] Step 300 | Loss=0.870927 | Best makespan in group=440.00
[TRAIN][VAL][ep 300] avg_gap=0.1756 | std_gap=0.0592 | q80_gap=0.2341 | n=20
[TRAIN] Validation improved | smoothed_avg_gap=0.1912 (raw=0.1756) | saving candidate: 262283090481585.pth
[TRAIN] Step 301/350 | 15:44:20
[TRAIN] Step 301 | Loss=0.572257 | Best makespan in group=483.00
[TRAIN] Step 302/350 | 15:44:49
[TRAIN] Step 302 | Loss=0.813264 | Best makespan in group=401.00
[TRAIN] Step 303/350 | 15:45:22
[TRAIN] Step 303 | Loss=0.611048 | Best makespan in group=495.00
[TRAIN] Step 304/350 | 15:45:53
[TRAIN] Step 304 | Loss=0.598594 | Best makespan in group=562.00
[TRAIN] Step 305/350 | 15:46:22
[TRAIN] Step 305 | Loss=0.630407 | Best makespan in group=401.00
[TRAIN] Step 306/350 | 15:46:56
[TRAIN] Step 306 | Loss=0.718178 | Best makespan in group=382.00
[TRAIN] Step 307/350 | 15:47:28
[TRAIN] Step 307 | Loss=0.688609 | Best makespan in group=293.00
[TRAIN] Step 308/350 | 15:48:01
[TRAIN] Step 308 | Loss=0.736198 | Best makespan in group=443.00
[TRAIN] Step 309/350 | 15:48:31
[TRAIN] Step 309 | Loss=0.623894 | Best makespan in group=277.00
[TRAIN] Step 310/350 | 15:48:58
[TRAIN] Step 310 | Loss=0.578485 | Best makespan in group=404.00
[TRAIN] Step 311/350 | 15:49:31
[TRAIN] Step 311 | Loss=0.698078 | Best makespan in group=363.00
[TRAIN] Step 312/350 | 15:50:02
[TRAIN] Step 312 | Loss=0.758540 | Best makespan in group=351.00
[TRAIN] Step 313/350 | 15:50:33
[TRAIN] Step 313 | Loss=0.686883 | Best makespan in group=400.00
[TRAIN] Step 314/350 | 15:51:01
[TRAIN] Step 314 | Loss=0.769667 | Best makespan in group=416.00
[TRAIN] Step 315/350 | 15:51:33
[TRAIN] Step 315 | Loss=0.739495 | Best makespan in group=524.00
[TRAIN] Step 316/350 | 15:52:05
[TRAIN] Step 316 | Loss=0.586789 | Best makespan in group=473.00
[TRAIN] Step 317/350 | 15:52:39
[TRAIN] Step 317 | Loss=0.749913 | Best makespan in group=346.00
[TRAIN] Step 318/350 | 15:53:08
[TRAIN] Step 318 | Loss=0.610393 | Best makespan in group=451.00
[TRAIN] Step 319/350 | 15:53:35
[TRAIN] Step 319 | Loss=0.605034 | Best makespan in group=374.00
[TRAIN] Step 320/350 | 15:54:03
[TRAIN] Step 320 | Loss=0.619102 | Best makespan in group=442.00
[TRAIN] Step 321/350 | 15:54:30
[TRAIN] Step 321 | Loss=0.543770 | Best makespan in group=348.00
[TRAIN] Step 322/350 | 15:55:02
[TRAIN] Step 322 | Loss=0.559416 | Best makespan in group=278.00
[TRAIN] Step 323/350 | 15:55:30
[TRAIN] Step 323 | Loss=0.674470 | Best makespan in group=552.00
[TRAIN] Step 324/350 | 15:56:00
[TRAIN] Step 324 | Loss=0.692682 | Best makespan in group=469.00
[TRAIN] Step 325/350 | 15:56:30
[TRAIN] Step 325 | Loss=0.698299 | Best makespan in group=398.00
[TRAIN][VAL][ep 325] avg_gap=0.1804 | std_gap=0.0712 | q80_gap=0.2600 | n=20
[TRAIN] Validation improved | smoothed_avg_gap=0.1848 (raw=0.1804) | saving candidate: 572691836355682.pth
[TRAIN] Step 326/350 | 15:57:33
[TRAIN] Step 326 | Loss=0.670467 | Best makespan in group=345.00
[TRAIN] Step 327/350 | 15:58:02
[TRAIN] Step 327 | Loss=0.825288 | Best makespan in group=395.00
[TRAIN] Step 328/350 | 15:58:32
[TRAIN] Step 328 | Loss=0.686735 | Best makespan in group=386.00
[TRAIN] Step 329/350 | 15:59:00
[TRAIN] Step 329 | Loss=0.698102 | Best makespan in group=437.00
[TRAIN] Step 330/350 | 15:59:26
[TRAIN] Step 330 | Loss=0.564896 | Best makespan in group=412.00
[TRAIN] Step 331/350 | 15:59:59
[TRAIN] Step 331 | Loss=0.742082 | Best makespan in group=405.00
[TRAIN] Step 332/350 | 16:00:32
[TRAIN] Step 332 | Loss=0.580786 | Best makespan in group=468.00
[TRAIN] Step 333/350 | 16:01:05
[TRAIN] Step 333 | Loss=0.592402 | Best makespan in group=414.00
[TRAIN] Step 334/350 | 16:01:38
[TRAIN] Step 334 | Loss=0.694203 | Best makespan in group=479.00
[TRAIN] Step 335/350 | 16:02:09
[TRAIN] Step 335 | Loss=0.697177 | Best makespan in group=434.00
[TRAIN] Step 336/350 | 16:02:36
[TRAIN] Step 336 | Loss=0.739335 | Best makespan in group=423.00
[TRAIN] Step 337/350 | 16:03:06
[TRAIN] Step 337 | Loss=0.694539 | Best makespan in group=399.00
[TRAIN] Step 338/350 | 16:03:37
[TRAIN] Step 338 | Loss=0.733695 | Best makespan in group=404.00
[TRAIN] Step 339/350 | 16:04:02
[TRAIN] Step 339 | Loss=0.645220 | Best makespan in group=441.00
[TRAIN] Step 340/350 | 16:04:30
[TRAIN] Step 340 | Loss=0.806624 | Best makespan in group=392.00
[TRAIN] Step 341/350 | 16:04:56
[TRAIN] Step 341 | Loss=0.725033 | Best makespan in group=293.00
[TRAIN] Step 342/350 | 16:05:30
[TRAIN] Step 342 | Loss=0.626007 | Best makespan in group=398.00
[TRAIN] Step 343/350 | 16:05:58
[TRAIN] Step 343 | Loss=0.593298 | Best makespan in group=320.00
[TRAIN] Step 344/350 | 16:06:27
[TRAIN] Step 344 | Loss=0.758411 | Best makespan in group=376.00
[TRAIN] Step 345/350 | 16:06:58
[TRAIN] Step 345 | Loss=0.775967 | Best makespan in group=445.00
[TRAIN] Step 346/350 | 16:07:28
[TRAIN] Step 346 | Loss=0.612152 | Best makespan in group=358.00
[TRAIN] Step 347/350 | 16:08:00
[TRAIN] Step 347 | Loss=0.718021 | Best makespan in group=426.00
[TRAIN] Step 348/350 | 16:08:32
[TRAIN] Step 348 | Loss=0.705883 | Best makespan in group=465.00
[TRAIN] Step 349/350 | 16:08:59
[TRAIN] Step 349 | Loss=0.561895 | Best makespan in group=516.00
[TRAIN] Step 350/350 | 16:09:32
[TRAIN] Step 350 | Loss=0.677121 | Best makespan in group=403.00
[TRAIN][VAL][ep 350] avg_gap=0.1687 | std_gap=0.0566 | q80_gap=0.2245 | n=20
[TRAIN] Validation improved | smoothed_avg_gap=0.1749 (raw=0.1687) | saving candidate: 839658720056486.pth
[TRAIN] Evaluating best checkpoint (candidate_models/839658720056486.pth) on the held-out test split...
[TRAIN][TEST] avg_gap=0.1542 | std_gap=0.0748 | q80_gap=0.2171 | n=20
[TRAIN][16:11:02] Training ended. Validation history and plots updated.
