D:\Dissertação\dissertation-bopo_introduction\venv\Lib\site-packages\torch\jit\_script.py:1485: FutureWarning: `torch.jit.script` is not supported in Python 3.14+ and may break. Please switch to `torch.compile` or `torch.export`.
  warnings.warn(
============================================================
[TRAIN] Training started at: 2026-09-27 23:27:24
[TRAIN] Hyperparams | max_steps=350 | new_freq=200
[TRAIN]             | n_cases=30 | B=32 | K=10 | use_greedy=True | lr=0.0047 (decaying to 9.40e-04)
[TRAIN]             | warm_start_steps=200 | checkpoint_smooth_window=3 | seed=42
[TRAIN]             | hidden_channels=128 | num_layers=2 | heads=3
[TRAIN]             | logp_norm=mean | exclude_greedy_from_loss=True
[TRAIN] Representation | ojmb_node | GNN | gat | jm_design | edges
[TRAIN] Device | cuda:0 (NVIDIA GeForce GTX 1650 Ti)
[TRAIN] Problem size | jobs=[8,10] | machines=[5,10] | ops_per_job=[5,6] | max_proc=100
============================================================
[TRAIN] Output run folder: results\batching_gat_L2_ojmb_node_s42
[TRAIN] Validation config | every=25 steps | instances=20 (representative subset)
[TRAIN][TEACHER] validation avg_gap=0.5023 | q80_gap=0.6593 || test avg_gap=0.4129 | q80_gap=0.6096
[TRAIN] Warm-start (behavior cloning vs. dispatch heuristic) | 200 step(s)...
[TRAIN][WARMSTART] step 10/200 | instance=2 | bc_loss=1.6565 | decisions=46
[TRAIN][WARMSTART] step 20/200 | instance=4 | bc_loss=1.3731 | decisions=49
[TRAIN][WARMSTART] step 30/200 | instance=9 | bc_loss=1.1650 | decisions=41
[TRAIN][WARMSTART] step 40/200 | instance=24 | bc_loss=1.7364 | decisions=50
[TRAIN][WARMSTART] step 50/200 | instance=18 | bc_loss=1.4237 | decisions=46
[TRAIN][WARMSTART] step 60/200 | instance=27 | bc_loss=0.9784 | decisions=44
[TRAIN][WARMSTART] step 70/200 | instance=26 | bc_loss=1.0488 | decisions=40
[TRAIN][WARMSTART] step 80/200 | instance=10 | bc_loss=1.3772 | decisions=41
[TRAIN][WARMSTART] step 90/200 | instance=2 | bc_loss=1.1333 | decisions=46
[TRAIN][WARMSTART] step 100/200 | instance=10 | bc_loss=1.2448 | decisions=41
[TRAIN][WARMSTART] step 110/200 | instance=19 | bc_loss=0.9400 | decisions=42
[TRAIN][WARMSTART] step 120/200 | instance=1 | bc_loss=0.7399 | decisions=44
[TRAIN][WARMSTART] step 130/200 | instance=1 | bc_loss=0.8850 | decisions=44
[TRAIN][WARMSTART] step 140/200 | instance=8 | bc_loss=1.0643 | decisions=35
[TRAIN][WARMSTART] step 150/200 | instance=1 | bc_loss=0.8724 | decisions=44
[TRAIN][WARMSTART] step 160/200 | instance=0 | bc_loss=1.0448 | decisions=47
[TRAIN][WARMSTART] step 170/200 | instance=4 | bc_loss=0.9474 | decisions=49
[TRAIN][WARMSTART] step 180/200 | instance=16 | bc_loss=0.9680 | decisions=53
[TRAIN][WARMSTART] step 190/200 | instance=27 | bc_loss=0.9832 | decisions=44
[TRAIN][WARMSTART] step 200/200 | instance=23 | bc_loss=0.8685 | decisions=43
[TRAIN] Warm-start complete, switching to BOPO preference optimization.
------------------------------------------------------------
[TRAIN] BOPO agent ready. Starting training loop for 350 step(s)...
------------------------------------------------------------
[TRAIN] Step 1/350 | 23:39:11
[TRAIN] Step 1 | Loss=0.662199 | Best makespan in group=287.00
[TRAIN] Step 2/350 | 23:39:28
[TRAIN] Step 2 | Loss=0.614873 | Best makespan in group=460.00
[TRAIN] Step 3/350 | 23:39:46
[TRAIN] Step 3 | Loss=0.727882 | Best makespan in group=396.00
[TRAIN] Step 4/350 | 23:40:04
[TRAIN] Step 4 | Loss=0.684182 | Best makespan in group=444.00
[TRAIN] Step 5/350 | 23:40:22
[TRAIN] Step 5 | Loss=0.871899 | Best makespan in group=449.00
[TRAIN] Step 6/350 | 23:40:43
[TRAIN] Step 6 | Loss=0.811689 | Best makespan in group=398.00
[TRAIN] Step 7/350 | 23:41:03
[TRAIN] Step 7 | Loss=0.691147 | Best makespan in group=472.00
[TRAIN] Step 8/350 | 23:41:21
[TRAIN] Step 8 | Loss=0.735728 | Best makespan in group=547.00
[TRAIN] Step 9/350 | 23:41:43
[TRAIN] Step 9 | Loss=0.875954 | Best makespan in group=558.00
[TRAIN] Step 10/350 | 23:42:01
[TRAIN] Step 10 | Loss=0.698316 | Best makespan in group=443.00
[TRAIN] Step 11/350 | 23:42:24
[TRAIN] Step 11 | Loss=0.759601 | Best makespan in group=403.00
[TRAIN] Step 12/350 | 23:42:43
[TRAIN] Step 12 | Loss=0.628299 | Best makespan in group=353.00
[TRAIN] Step 13/350 | 23:43:04
[TRAIN] Step 13 | Loss=0.583048 | Best makespan in group=318.00
[TRAIN] Step 14/350 | 23:43:21
[TRAIN] Step 14 | Loss=0.715003 | Best makespan in group=394.00
[TRAIN] Step 15/350 | 23:43:40
[TRAIN] Step 15 | Loss=0.883306 | Best makespan in group=309.00
[TRAIN] Step 16/350 | 23:43:59
[TRAIN] Step 16 | Loss=0.715029 | Best makespan in group=459.00
[TRAIN] Step 17/350 | 23:44:18
[TRAIN] Step 17 | Loss=0.869874 | Best makespan in group=413.00
[TRAIN] Step 18/350 | 23:44:36
[TRAIN] Step 18 | Loss=0.617180 | Best makespan in group=325.00
[TRAIN] Step 19/350 | 23:44:56
[TRAIN] Step 19 | Loss=0.686556 | Best makespan in group=377.00
[TRAIN] Step 20/350 | 23:45:15
[TRAIN] Step 20 | Loss=0.723897 | Best makespan in group=321.00
[TRAIN] Step 21/350 | 23:45:35
[TRAIN] Step 21 | Loss=0.600753 | Best makespan in group=371.00
[TRAIN] Step 22/350 | 23:45:54
[TRAIN] Step 22 | Loss=0.742019 | Best makespan in group=309.00
[TRAIN] Step 23/350 | 23:46:12
[TRAIN] Step 23 | Loss=0.543622 | Best makespan in group=310.00
[TRAIN] Step 24/350 | 23:46:30
[TRAIN] Step 24 | Loss=0.763292 | Best makespan in group=379.00
[TRAIN] Step 25/350 | 23:46:54
[TRAIN] Step 25 | Loss=0.688469 | Best makespan in group=371.00
[TRAIN][VAL][ep 25] avg_gap=0.2034 | std_gap=0.1158 | q80_gap=0.2802 | n=20
[TRAIN] Validation improved | smoothed_avg_gap=0.2034 (raw=0.2034) | saving candidate: 177332979684013.pth
[TRAIN] Step 26/350 | 23:47:50
[TRAIN] Step 26 | Loss=0.630301 | Best makespan in group=334.00
[TRAIN] Step 27/350 | 23:48:06
[TRAIN] Step 27 | Loss=0.748457 | Best makespan in group=430.00
[TRAIN] Step 28/350 | 23:48:29
[TRAIN] Step 28 | Loss=0.618617 | Best makespan in group=409.00
[TRAIN] Step 29/350 | 23:48:48
[TRAIN] Step 29 | Loss=0.632619 | Best makespan in group=370.00
[TRAIN] Step 30/350 | 23:49:10
[TRAIN] Step 30 | Loss=0.614182 | Best makespan in group=322.00
[TRAIN] Step 31/350 | 23:49:26
[TRAIN] Step 31 | Loss=0.684909 | Best makespan in group=318.00
[TRAIN] Step 32/350 | 23:49:45
[TRAIN] Step 32 | Loss=0.544828 | Best makespan in group=372.00
[TRAIN] Step 33/350 | 23:50:11
[TRAIN] Step 33 | Loss=0.648444 | Best makespan in group=331.00
[TRAIN] Step 34/350 | 23:50:33
[TRAIN] Step 34 | Loss=0.611448 | Best makespan in group=372.00
[TRAIN] Step 35/350 | 23:50:52
[TRAIN] Step 35 | Loss=0.767643 | Best makespan in group=474.00
[TRAIN] Step 36/350 | 23:51:11
[TRAIN] Step 36 | Loss=0.619056 | Best makespan in group=366.00
[TRAIN] Step 37/350 | 23:51:33
[TRAIN] Step 37 | Loss=0.630620 | Best makespan in group=253.00
[TRAIN] Step 38/350 | 23:51:50
[TRAIN] Step 38 | Loss=0.662693 | Best makespan in group=379.00
[TRAIN] Step 39/350 | 23:52:08
[TRAIN] Step 39 | Loss=0.747370 | Best makespan in group=390.00
[TRAIN] Step 40/350 | 23:52:26
[TRAIN] Step 40 | Loss=0.741336 | Best makespan in group=391.00
[TRAIN] Step 41/350 | 23:52:40
[TRAIN] Step 41 | Loss=0.703635 | Best makespan in group=394.00
[TRAIN] Step 42/350 | 23:52:59
[TRAIN] Step 42 | Loss=0.645091 | Best makespan in group=368.00
[TRAIN] Step 43/350 | 23:53:18
[TRAIN] Step 43 | Loss=0.696178 | Best makespan in group=285.00
[TRAIN] Step 44/350 | 23:53:36
[TRAIN] Step 44 | Loss=0.763095 | Best makespan in group=355.00
[TRAIN] Step 45/350 | 23:53:52
[TRAIN] Step 45 | Loss=0.584037 | Best makespan in group=288.00
[TRAIN] Step 46/350 | 23:54:11
[TRAIN] Step 46 | Loss=0.666299 | Best makespan in group=320.00
[TRAIN] Step 47/350 | 23:54:27
[TRAIN] Step 47 | Loss=0.608083 | Best makespan in group=373.00
[TRAIN] Step 48/350 | 23:54:46
[TRAIN] Step 48 | Loss=0.684907 | Best makespan in group=317.00
[TRAIN] Step 49/350 | 23:55:05
[TRAIN] Step 49 | Loss=0.868861 | Best makespan in group=394.00
[TRAIN] Step 50/350 | 23:55:26
[TRAIN] Step 50 | Loss=0.659195 | Best makespan in group=345.00
[TRAIN][VAL][ep 50] avg_gap=0.1586 | std_gap=0.0870 | q80_gap=0.2290 | n=20
[TRAIN] Validation improved | smoothed_avg_gap=0.1810 (raw=0.1586) | saving candidate: 242524210616936.pth
[TRAIN] Step 51/350 | 23:56:27
[TRAIN] Step 51 | Loss=0.664838 | Best makespan in group=475.00
[TRAIN] Step 52/350 | 23:56:49
[TRAIN] Step 52 | Loss=0.536277 | Best makespan in group=344.00
[TRAIN] Step 53/350 | 23:57:08
[TRAIN] Step 53 | Loss=0.590037 | Best makespan in group=355.00
[TRAIN] Step 54/350 | 23:57:27
[TRAIN] Step 54 | Loss=0.685650 | Best makespan in group=402.00
[TRAIN] Step 55/350 | 23:57:44
[TRAIN] Step 55 | Loss=0.642015 | Best makespan in group=434.00
[TRAIN] Step 56/350 | 23:58:06
[TRAIN] Step 56 | Loss=0.560805 | Best makespan in group=307.00
[TRAIN] Step 57/350 | 23:58:24
[TRAIN] Step 57 | Loss=0.594471 | Best makespan in group=365.00
[TRAIN] Step 58/350 | 23:58:44
[TRAIN] Step 58 | Loss=0.735074 | Best makespan in group=334.00
[TRAIN] Step 59/350 | 23:59:00
[TRAIN] Step 59 | Loss=0.705514 | Best makespan in group=301.00
[TRAIN] Step 60/350 | 23:59:17
[TRAIN] Step 60 | Loss=0.632212 | Best makespan in group=444.00
[TRAIN] Step 61/350 | 23:59:36
[TRAIN] Step 61 | Loss=0.766285 | Best makespan in group=430.00
[TRAIN] Step 62/350 | 23:59:58
[TRAIN] Step 62 | Loss=0.549645 | Best makespan in group=406.00
[TRAIN] Step 63/350 | 00:00:19
[TRAIN] Step 63 | Loss=0.615855 | Best makespan in group=462.00
[TRAIN] Step 64/350 | 00:00:38
[TRAIN] Step 64 | Loss=0.833137 | Best makespan in group=335.00
[TRAIN] Step 65/350 | 00:00:54
[TRAIN] Step 65 | Loss=0.633348 | Best makespan in group=393.00
[TRAIN] Step 66/350 | 00:01:16
[TRAIN] Step 66 | Loss=0.584621 | Best makespan in group=422.00
[TRAIN] Step 67/350 | 00:01:35
[TRAIN] Step 67 | Loss=0.634869 | Best makespan in group=319.00
[TRAIN] Step 68/350 | 00:01:51
[TRAIN] Step 68 | Loss=0.725108 | Best makespan in group=381.00
[TRAIN] Step 69/350 | 00:02:08
[TRAIN] Step 69 | Loss=0.584124 | Best makespan in group=329.00
[TRAIN] Step 70/350 | 00:02:30
[TRAIN] Step 70 | Loss=0.719861 | Best makespan in group=396.00
[TRAIN] Step 71/350 | 00:02:48
[TRAIN] Step 71 | Loss=0.552940 | Best makespan in group=307.00
[TRAIN] Step 72/350 | 00:03:07
[TRAIN] Step 72 | Loss=0.600276 | Best makespan in group=345.00
[TRAIN] Step 73/350 | 00:03:28
[TRAIN] Step 73 | Loss=0.679283 | Best makespan in group=325.00
[TRAIN] Step 74/350 | 00:03:48
[TRAIN] Step 74 | Loss=0.671276 | Best makespan in group=392.00
[TRAIN] Step 75/350 | 00:04:05
[TRAIN] Step 75 | Loss=0.613820 | Best makespan in group=349.00
[TRAIN][VAL][ep 75] avg_gap=0.1477 | std_gap=0.0697 | q80_gap=0.2060 | n=20
[TRAIN] Validation improved | smoothed_avg_gap=0.1699 (raw=0.1477) | saving candidate: 625275804683208.pth
[TRAIN] Step 76/350 | 00:05:04
[TRAIN] Step 76 | Loss=0.661476 | Best makespan in group=361.00
[TRAIN] Step 77/350 | 00:05:23
[TRAIN] Step 77 | Loss=0.592004 | Best makespan in group=301.00
[TRAIN] Step 78/350 | 00:05:40
[TRAIN] Step 78 | Loss=0.638809 | Best makespan in group=378.00
[TRAIN] Step 79/350 | 00:06:04
[TRAIN] Step 79 | Loss=0.652596 | Best makespan in group=337.00
[TRAIN] Step 80/350 | 00:06:24
[TRAIN] Step 80 | Loss=0.616652 | Best makespan in group=376.00
[TRAIN] Step 81/350 | 00:06:38
[TRAIN] Step 81 | Loss=0.574246 | Best makespan in group=371.00
[TRAIN] Step 82/350 | 00:06:58
[TRAIN] Step 82 | Loss=0.662512 | Best makespan in group=254.00
[TRAIN] Step 83/350 | 00:07:15
[TRAIN] Step 83 | Loss=0.773852 | Best makespan in group=355.00
[TRAIN] Step 84/350 | 00:07:31
[TRAIN] Step 84 | Loss=0.616154 | Best makespan in group=359.00
[TRAIN] Step 85/350 | 00:07:50
[TRAIN] Step 85 | Loss=0.658138 | Best makespan in group=450.00
[TRAIN] Step 86/350 | 00:08:12
[TRAIN] Step 86 | Loss=0.657061 | Best makespan in group=283.00
[TRAIN] Step 87/350 | 00:08:29
[TRAIN] Step 87 | Loss=0.710510 | Best makespan in group=289.00
[TRAIN] Step 88/350 | 00:08:48
[TRAIN] Step 88 | Loss=0.741859 | Best makespan in group=433.00
[TRAIN] Step 89/350 | 00:09:08
[TRAIN] Step 89 | Loss=0.804582 | Best makespan in group=372.00
[TRAIN] Step 90/350 | 00:09:28
[TRAIN] Step 90 | Loss=0.625545 | Best makespan in group=302.00
[TRAIN] Step 91/350 | 00:09:45
[TRAIN] Step 91 | Loss=0.685131 | Best makespan in group=328.00
[TRAIN] Step 92/350 | 00:10:06
[TRAIN] Step 92 | Loss=0.578690 | Best makespan in group=286.00
[TRAIN] Step 93/350 | 00:10:23
[TRAIN] Step 93 | Loss=0.536312 | Best makespan in group=459.00
[TRAIN] Step 94/350 | 00:10:42
[TRAIN] Step 94 | Loss=0.673111 | Best makespan in group=430.00
[TRAIN] Step 95/350 | 00:11:04
[TRAIN] Step 95 | Loss=0.509491 | Best makespan in group=255.00
[TRAIN] Step 96/350 | 00:11:21
[TRAIN] Step 96 | Loss=0.729066 | Best makespan in group=384.00
[TRAIN] Step 97/350 | 00:11:36
[TRAIN] Step 97 | Loss=0.585690 | Best makespan in group=364.00
[TRAIN] Step 98/350 | 00:11:55
[TRAIN] Step 98 | Loss=0.604217 | Best makespan in group=375.00
[TRAIN] Step 99/350 | 00:12:13
[TRAIN] Step 99 | Loss=0.713770 | Best makespan in group=353.00
[TRAIN] Step 100/350 | 00:12:31
[TRAIN] Step 100 | Loss=0.631555 | Best makespan in group=301.00
[TRAIN][VAL][ep 100] avg_gap=0.1647 | std_gap=0.0884 | q80_gap=0.2465 | n=20
[TRAIN] Validation improved | smoothed_avg_gap=0.1570 (raw=0.1647) | saving candidate: 401278653531083.pth
[TRAIN] Step 101/350 | 00:13:29
[TRAIN] Step 101 | Loss=0.629340 | Best makespan in group=303.00
[TRAIN] Step 102/350 | 00:13:48
[TRAIN] Step 102 | Loss=0.796837 | Best makespan in group=316.00
[TRAIN] Step 103/350 | 00:14:04
[TRAIN] Step 103 | Loss=0.564075 | Best makespan in group=390.00
[TRAIN] Step 104/350 | 00:14:21
[TRAIN] Step 104 | Loss=0.733165 | Best makespan in group=397.00
[TRAIN] Step 105/350 | 00:14:40
[TRAIN] Step 105 | Loss=0.744551 | Best makespan in group=406.00
[TRAIN] Step 106/350 | 00:15:01
[TRAIN] Step 106 | Loss=0.633009 | Best makespan in group=372.00
[TRAIN] Step 107/350 | 00:15:19
[TRAIN] Step 107 | Loss=0.688245 | Best makespan in group=356.00
[TRAIN] Step 108/350 | 00:15:35
[TRAIN] Step 108 | Loss=0.695952 | Best makespan in group=398.00
[TRAIN] Step 109/350 | 00:15:53
[TRAIN] Step 109 | Loss=0.691675 | Best makespan in group=293.00
[TRAIN] Step 110/350 | 00:16:13
[TRAIN] Step 110 | Loss=0.633740 | Best makespan in group=378.00
[TRAIN] Step 111/350 | 00:16:32
[TRAIN] Step 111 | Loss=0.651826 | Best makespan in group=305.00
[TRAIN] Step 112/350 | 00:16:50
[TRAIN] Step 112 | Loss=0.554838 | Best makespan in group=369.00
[TRAIN] Step 113/350 | 00:17:13
[TRAIN] Step 113 | Loss=0.605123 | Best makespan in group=343.00
[TRAIN] Step 114/350 | 00:17:34
[TRAIN] Step 114 | Loss=0.600618 | Best makespan in group=344.00
[TRAIN] Step 115/350 | 00:17:53
[TRAIN] Step 115 | Loss=0.641724 | Best makespan in group=366.00
[TRAIN] Step 116/350 | 00:18:17
[TRAIN] Step 116 | Loss=0.791059 | Best makespan in group=325.00
[TRAIN] Step 117/350 | 00:18:33
[TRAIN] Step 117 | Loss=0.632305 | Best makespan in group=362.00
[TRAIN] Step 118/350 | 00:18:53
[TRAIN] Step 118 | Loss=0.762984 | Best makespan in group=468.00
[TRAIN] Step 119/350 | 00:19:12
[TRAIN] Step 119 | Loss=0.636321 | Best makespan in group=307.00
[TRAIN] Step 120/350 | 00:19:31
[TRAIN] Step 120 | Loss=0.629527 | Best makespan in group=465.00
[TRAIN] Step 121/350 | 00:19:53
[TRAIN] Step 121 | Loss=0.667534 | Best makespan in group=364.00
[TRAIN] Step 122/350 | 00:20:11
[TRAIN] Step 122 | Loss=0.663042 | Best makespan in group=462.00
[TRAIN] Step 123/350 | 00:20:33
[TRAIN] Step 123 | Loss=0.729944 | Best makespan in group=303.00
[TRAIN] Step 124/350 | 00:20:50
[TRAIN] Step 124 | Loss=0.657125 | Best makespan in group=286.00
[TRAIN] Step 125/350 | 00:21:10
[TRAIN] Step 125 | Loss=0.700878 | Best makespan in group=323.00
[TRAIN][VAL][ep 125] avg_gap=0.1596 | std_gap=0.0772 | q80_gap=0.2190 | n=20
[TRAIN] Step 126/350 | 00:22:04
[TRAIN] Step 126 | Loss=0.707668 | Best makespan in group=398.00
[TRAIN] Step 127/350 | 00:22:23
[TRAIN] Step 127 | Loss=0.636338 | Best makespan in group=376.00
[TRAIN] Step 128/350 | 00:22:43
[TRAIN] Step 128 | Loss=0.629994 | Best makespan in group=355.00
[TRAIN] Step 129/350 | 00:23:00
[TRAIN] Step 129 | Loss=0.712510 | Best makespan in group=323.00
[TRAIN] Step 130/350 | 00:23:21
[TRAIN] Step 130 | Loss=0.742516 | Best makespan in group=430.00
[TRAIN] Step 131/350 | 00:23:44
[TRAIN] Step 131 | Loss=0.689960 | Best makespan in group=363.00
[TRAIN] Step 132/350 | 00:24:03
[TRAIN] Step 132 | Loss=0.642461 | Best makespan in group=389.00
[TRAIN] Step 133/350 | 00:24:24
[TRAIN] Step 133 | Loss=0.712788 | Best makespan in group=305.00
[TRAIN] Step 134/350 | 00:24:43
[TRAIN] Step 134 | Loss=0.644200 | Best makespan in group=367.00
[TRAIN] Step 135/350 | 00:25:05
[TRAIN] Step 135 | Loss=0.565127 | Best makespan in group=376.00
[TRAIN] Step 136/350 | 00:25:19
[TRAIN] Step 136 | Loss=0.839255 | Best makespan in group=351.00
[TRAIN] Step 137/350 | 00:25:40
[TRAIN] Step 137 | Loss=0.633175 | Best makespan in group=397.00
[TRAIN] Step 138/350 | 00:25:58
[TRAIN] Step 138 | Loss=0.699126 | Best makespan in group=392.00
[TRAIN] Step 139/350 | 00:26:15
[TRAIN] Step 139 | Loss=0.666744 | Best makespan in group=372.00
[TRAIN] Step 140/350 | 00:26:35
[TRAIN] Step 140 | Loss=0.839747 | Best makespan in group=343.00
[TRAIN] Step 141/350 | 00:26:53
[TRAIN] Step 141 | Loss=0.674253 | Best makespan in group=385.00
[TRAIN] Step 142/350 | 00:27:12
[TRAIN] Step 142 | Loss=0.632586 | Best makespan in group=303.00
[TRAIN] Step 143/350 | 00:27:29
[TRAIN] Step 143 | Loss=0.631334 | Best makespan in group=378.00
[TRAIN] Step 144/350 | 00:27:53
[TRAIN] Step 144 | Loss=0.589287 | Best makespan in group=479.00
[TRAIN] Step 145/350 | 00:28:11
[TRAIN] Step 145 | Loss=0.606832 | Best makespan in group=324.00
[TRAIN] Step 146/350 | 00:28:28
[TRAIN] Step 146 | Loss=0.609356 | Best makespan in group=253.00
[TRAIN] Step 147/350 | 00:28:45
[TRAIN] Step 147 | Loss=0.683746 | Best makespan in group=439.00
[TRAIN] Step 148/350 | 00:29:05
[TRAIN] Step 148 | Loss=0.606192 | Best makespan in group=315.00
[TRAIN] Step 149/350 | 00:29:25
[TRAIN] Step 149 | Loss=0.731164 | Best makespan in group=378.00
[TRAIN] Step 150/350 | 00:29:43
[TRAIN] Step 150 | Loss=0.651025 | Best makespan in group=285.00
[TRAIN][VAL][ep 150] avg_gap=0.1380 | std_gap=0.0659 | q80_gap=0.1883 | n=20
[TRAIN] Validation improved | smoothed_avg_gap=0.1541 (raw=0.1380) | saving candidate: 589698109969626.pth
[TRAIN] Step 151/350 | 00:30:40
[TRAIN] Step 151 | Loss=0.591845 | Best makespan in group=357.00
[TRAIN] Step 152/350 | 00:30:57
[TRAIN] Step 152 | Loss=0.633035 | Best makespan in group=391.00
[TRAIN] Step 153/350 | 00:31:18
[TRAIN] Step 153 | Loss=0.657485 | Best makespan in group=295.00
[TRAIN] Step 154/350 | 00:31:35
[TRAIN] Step 154 | Loss=0.644033 | Best makespan in group=471.00
[TRAIN] Step 155/350 | 00:31:53
[TRAIN] Step 155 | Loss=0.678639 | Best makespan in group=390.00
[TRAIN] Step 156/350 | 00:32:12
[TRAIN] Step 156 | Loss=0.734073 | Best makespan in group=433.00
[TRAIN] Step 157/350 | 00:32:31
[TRAIN] Step 157 | Loss=0.585323 | Best makespan in group=303.00
[TRAIN] Step 158/350 | 00:32:49
[TRAIN] Step 158 | Loss=0.706722 | Best makespan in group=379.00
[TRAIN] Step 159/350 | 00:33:09
[TRAIN] Step 159 | Loss=0.664425 | Best makespan in group=363.00
[TRAIN] Step 160/350 | 00:33:28
[TRAIN] Step 160 | Loss=0.605253 | Best makespan in group=309.00
[TRAIN] Step 161/350 | 00:33:47
[TRAIN] Step 161 | Loss=0.624446 | Best makespan in group=352.00
[TRAIN] Step 162/350 | 00:34:08
[TRAIN] Step 162 | Loss=0.742543 | Best makespan in group=430.00
[TRAIN] Step 163/350 | 00:34:31
[TRAIN] Step 163 | Loss=0.569625 | Best makespan in group=332.00
[TRAIN] Step 164/350 | 00:34:47
[TRAIN] Step 164 | Loss=0.691131 | Best makespan in group=450.00
[TRAIN] Step 165/350 | 00:35:08
[TRAIN] Step 165 | Loss=0.561267 | Best makespan in group=365.00
[TRAIN] Step 166/350 | 00:35:22
[TRAIN] Step 166 | Loss=0.834769 | Best makespan in group=320.00
[TRAIN] Step 167/350 | 00:35:38
[TRAIN] Step 167 | Loss=0.635251 | Best makespan in group=384.00
[TRAIN] Step 168/350 | 00:35:56
[TRAIN] Step 168 | Loss=0.648358 | Best makespan in group=253.00
[TRAIN] Step 169/350 | 00:36:13
[TRAIN] Step 169 | Loss=0.680721 | Best makespan in group=391.00
[TRAIN] Step 170/350 | 00:36:29
[TRAIN] Step 170 | Loss=0.694741 | Best makespan in group=360.00
[TRAIN] Step 171/350 | 00:36:49
[TRAIN] Step 171 | Loss=0.667915 | Best makespan in group=375.00
[TRAIN] Step 172/350 | 00:37:13
[TRAIN] Step 172 | Loss=0.751863 | Best makespan in group=284.00
[TRAIN] Step 173/350 | 00:37:29
[TRAIN] Step 173 | Loss=0.779474 | Best makespan in group=383.00
[TRAIN] Step 174/350 | 00:37:48
[TRAIN] Step 174 | Loss=0.638246 | Best makespan in group=369.00
[TRAIN] Step 175/350 | 00:38:10
[TRAIN] Step 175 | Loss=0.700958 | Best makespan in group=358.00
[TRAIN][VAL][ep 175] avg_gap=0.1419 | std_gap=0.0814 | q80_gap=0.1883 | n=20
[TRAIN] Validation improved | smoothed_avg_gap=0.1465 (raw=0.1419) | saving candidate: 733944869062459.pth
[TRAIN] Step 176/350 | 00:39:10
[TRAIN] Step 176 | Loss=0.628804 | Best makespan in group=336.00
[TRAIN] Step 177/350 | 00:39:29
[TRAIN] Step 177 | Loss=0.779745 | Best makespan in group=373.00
[TRAIN] Step 178/350 | 00:39:49
[TRAIN] Step 178 | Loss=0.672227 | Best makespan in group=307.00
[TRAIN] Step 179/350 | 00:40:08
[TRAIN] Step 179 | Loss=0.621185 | Best makespan in group=316.00
[TRAIN] Step 180/350 | 00:40:29
[TRAIN] Step 180 | Loss=0.586778 | Best makespan in group=293.00
[TRAIN] Step 181/350 | 00:40:49
[TRAIN] Step 181 | Loss=0.555139 | Best makespan in group=365.00
[TRAIN] Step 182/350 | 00:41:08
[TRAIN] Step 182 | Loss=0.623554 | Best makespan in group=396.00
[TRAIN] Step 183/350 | 00:41:26
[TRAIN] Step 183 | Loss=0.669064 | Best makespan in group=367.00
[TRAIN] Step 184/350 | 00:41:49
[TRAIN] Step 184 | Loss=0.661092 | Best makespan in group=385.00
[TRAIN] Step 185/350 | 00:42:07
[TRAIN] Step 185 | Loss=0.741416 | Best makespan in group=368.00
[TRAIN] Step 186/350 | 00:42:27
[TRAIN] Step 186 | Loss=0.722820 | Best makespan in group=383.00
[TRAIN] Step 187/350 | 00:42:45
[TRAIN] Step 187 | Loss=0.739499 | Best makespan in group=307.00
[TRAIN] Step 188/350 | 00:43:04
[TRAIN] Step 188 | Loss=0.663235 | Best makespan in group=455.00
[TRAIN] Step 189/350 | 00:43:26
[TRAIN] Step 189 | Loss=0.712146 | Best makespan in group=378.00
[TRAIN] Step 190/350 | 00:43:42
[TRAIN] Step 190 | Loss=0.679695 | Best makespan in group=303.00
[TRAIN] Step 191/350 | 00:44:01
[TRAIN] Step 191 | Loss=0.685137 | Best makespan in group=273.00
[TRAIN] Step 192/350 | 00:44:19
[TRAIN] Step 192 | Loss=0.686536 | Best makespan in group=313.00
[TRAIN] Step 193/350 | 00:44:39
[TRAIN] Step 193 | Loss=0.671330 | Best makespan in group=334.00
[TRAIN] Step 194/350 | 00:44:59
[TRAIN] Step 194 | Loss=0.671197 | Best makespan in group=253.00
[TRAIN] Step 195/350 | 00:45:18
[TRAIN] Step 195 | Loss=0.726938 | Best makespan in group=295.00
[TRAIN] Step 196/350 | 00:45:35
[TRAIN] Step 196 | Loss=0.620210 | Best makespan in group=323.00
[TRAIN] Step 197/350 | 00:45:52
[TRAIN] Step 197 | Loss=0.687642 | Best makespan in group=462.00
[TRAIN] Step 198/350 | 00:46:12
[TRAIN] Step 198 | Loss=0.606594 | Best makespan in group=324.00
[TRAIN] Step 199/350 | 00:46:34
[TRAIN] Step 199 | Loss=0.600242 | Best makespan in group=301.00
[TRAIN] Step 200/350 | 00:46:54
[TRAIN] Step 200 | Loss=0.674339 | Best makespan in group=349.00
[TRAIN] Refreshing training instances (step 200)...
[TRAIN][VAL][ep 200] avg_gap=0.1650 | std_gap=0.0938 | q80_gap=0.2449 | n=20
[TRAIN] Step 201/350 | 00:47:56
[TRAIN] Step 201 | Loss=0.551367 | Best makespan in group=427.00
[TRAIN] Step 202/350 | 00:48:18
[TRAIN] Step 202 | Loss=0.920866 | Best makespan in group=367.00
[TRAIN] Step 203/350 | 00:48:36
[TRAIN] Step 203 | Loss=0.665298 | Best makespan in group=330.00
[TRAIN] Step 204/350 | 00:48:56
[TRAIN] Step 204 | Loss=0.675320 | Best makespan in group=335.00
[TRAIN] Step 205/350 | 00:49:12
[TRAIN] Step 205 | Loss=0.808297 | Best makespan in group=336.00
[TRAIN] Step 206/350 | 00:49:32
[TRAIN] Step 206 | Loss=0.636708 | Best makespan in group=467.00
[TRAIN] Step 207/350 | 00:50:02
[TRAIN] Step 207 | Loss=0.610537 | Best makespan in group=408.00
[TRAIN] Step 208/350 | 00:50:30
[TRAIN] Step 208 | Loss=0.825634 | Best makespan in group=349.00
[TRAIN] Step 209/350 | 00:50:55
[TRAIN] Step 209 | Loss=0.618995 | Best makespan in group=293.00
[TRAIN] Step 210/350 | 00:51:27
[TRAIN] Step 210 | Loss=0.604237 | Best makespan in group=364.00
[TRAIN] Step 211/350 | 00:51:50
[TRAIN] Step 211 | Loss=0.587646 | Best makespan in group=320.00
[TRAIN] Step 212/350 | 00:52:16
[TRAIN] Step 212 | Loss=0.676501 | Best makespan in group=293.00
[TRAIN] Step 213/350 | 00:52:41
[TRAIN] Step 213 | Loss=0.641639 | Best makespan in group=278.00
[TRAIN] Step 214/350 | 00:53:06
[TRAIN] Step 214 | Loss=0.776655 | Best makespan in group=336.00
[TRAIN] Step 215/350 | 00:53:30
[TRAIN] Step 215 | Loss=0.619386 | Best makespan in group=352.00
[TRAIN] Step 216/350 | 00:53:53
[TRAIN] Step 216 | Loss=0.645463 | Best makespan in group=372.00
[TRAIN] Step 217/350 | 00:54:22
[TRAIN] Step 217 | Loss=0.539343 | Best makespan in group=430.00
[TRAIN] Step 218/350 | 00:54:45
[TRAIN] Step 218 | Loss=0.647511 | Best makespan in group=371.00
[TRAIN] Step 219/350 | 00:55:14
[TRAIN] Step 219 | Loss=0.676621 | Best makespan in group=300.00
[TRAIN] Step 220/350 | 00:55:36
[TRAIN] Step 220 | Loss=0.715985 | Best makespan in group=323.00
[TRAIN] Step 221/350 | 00:56:04
[TRAIN] Step 221 | Loss=0.656250 | Best makespan in group=336.00
[TRAIN] Step 222/350 | 00:56:28
[TRAIN] Step 222 | Loss=0.627785 | Best makespan in group=385.00
[TRAIN] Step 223/350 | 00:56:48
[TRAIN] Step 223 | Loss=0.614875 | Best makespan in group=510.00
[TRAIN] Step 224/350 | 00:57:07
[TRAIN] Step 224 | Loss=0.663899 | Best makespan in group=420.00
[TRAIN] Step 225/350 | 00:57:29
[TRAIN] Step 225 | Loss=0.631812 | Best makespan in group=253.00
[TRAIN][VAL][ep 225] avg_gap=0.1491 | std_gap=0.0696 | q80_gap=0.2085 | n=20
[TRAIN] Step 226/350 | 00:58:42
[TRAIN] Step 226 | Loss=0.685464 | Best makespan in group=335.00
[TRAIN] Step 227/350 | 00:59:02
[TRAIN] Step 227 | Loss=0.721190 | Best makespan in group=415.00
[TRAIN] Step 228/350 | 00:59:22
[TRAIN] Step 228 | Loss=0.742483 | Best makespan in group=471.00
[TRAIN] Step 229/350 | 00:59:45
[TRAIN] Step 229 | Loss=0.604663 | Best makespan in group=383.00
[TRAIN] Step 230/350 | 01:00:08
[TRAIN] Step 230 | Loss=0.727662 | Best makespan in group=400.00
[TRAIN] Step 231/350 | 01:00:30
[TRAIN] Step 231 | Loss=0.667912 | Best makespan in group=295.00
[TRAIN] Step 232/350 | 01:00:57
[TRAIN] Step 232 | Loss=0.644646 | Best makespan in group=336.00
[TRAIN] Step 233/350 | 01:01:19
[TRAIN] Step 233 | Loss=0.737652 | Best makespan in group=507.00
[TRAIN] Step 234/350 | 01:01:36
[TRAIN] Step 234 | Loss=0.683648 | Best makespan in group=345.00
[TRAIN] Step 235/350 | 01:01:57
[TRAIN] Step 235 | Loss=0.623789 | Best makespan in group=413.00
[TRAIN] Step 236/350 | 01:02:17
[TRAIN] Step 236 | Loss=0.649227 | Best makespan in group=323.00
[TRAIN] Step 237/350 | 01:02:43
[TRAIN] Step 237 | Loss=0.541949 | Best makespan in group=389.00
[TRAIN] Step 238/350 | 01:03:08
[TRAIN] Step 238 | Loss=0.827268 | Best makespan in group=346.00
[TRAIN] Step 239/350 | 01:03:29
[TRAIN] Step 239 | Loss=0.600932 | Best makespan in group=379.00
[TRAIN] Step 240/350 | 01:03:51
[TRAIN] Step 240 | Loss=0.771091 | Best makespan in group=328.00
[TRAIN] Step 241/350 | 01:04:13
[TRAIN] Step 241 | Loss=0.702012 | Best makespan in group=275.00
[TRAIN] Step 242/350 | 01:04:37
[TRAIN] Step 242 | Loss=0.743742 | Best makespan in group=320.00
[TRAIN] Step 243/350 | 01:05:03
[TRAIN] Step 243 | Loss=0.650126 | Best makespan in group=441.00
[TRAIN] Step 244/350 | 01:05:22
[TRAIN] Step 244 | Loss=0.547251 | Best makespan in group=295.00
[TRAIN] Step 245/350 | 01:05:40
[TRAIN] Step 245 | Loss=0.710674 | Best makespan in group=412.00
[TRAIN] Step 246/350 | 01:05:57
[TRAIN] Step 246 | Loss=0.678484 | Best makespan in group=329.00
[TRAIN] Step 247/350 | 01:06:17
[TRAIN] Step 247 | Loss=0.658517 | Best makespan in group=364.00
[TRAIN] Step 248/350 | 01:06:32
[TRAIN] Step 248 | Loss=0.760199 | Best makespan in group=347.00
[TRAIN] Step 249/350 | 01:06:49
[TRAIN] Step 249 | Loss=0.774845 | Best makespan in group=352.00
[TRAIN] Step 250/350 | 01:07:13
[TRAIN] Step 250 | Loss=0.575941 | Best makespan in group=467.00
[TRAIN][VAL][ep 250] avg_gap=0.1458 | std_gap=0.0774 | q80_gap=0.1930 | n=20
[TRAIN] Step 251/350 | 01:08:11
[TRAIN] Step 251 | Loss=0.664269 | Best makespan in group=410.00
[TRAIN] Step 252/350 | 01:08:31
[TRAIN] Step 252 | Loss=0.651534 | Best makespan in group=367.00
[TRAIN] Step 253/350 | 01:08:49
[TRAIN] Step 253 | Loss=0.724748 | Best makespan in group=394.00
[TRAIN] Step 254/350 | 01:09:06
[TRAIN] Step 254 | Loss=0.630221 | Best makespan in group=337.00
[TRAIN] Step 255/350 | 01:09:22
[TRAIN] Step 255 | Loss=0.632132 | Best makespan in group=298.00
[TRAIN] Step 256/350 | 01:09:39
[TRAIN] Step 256 | Loss=0.625554 | Best makespan in group=249.00
[TRAIN] Step 257/350 | 01:09:59
[TRAIN] Step 257 | Loss=0.689020 | Best makespan in group=483.00
[TRAIN] Step 258/350 | 01:10:18
[TRAIN] Step 258 | Loss=0.668962 | Best makespan in group=301.00
[TRAIN] Step 259/350 | 01:10:35
[TRAIN] Step 259 | Loss=0.717513 | Best makespan in group=362.00
[TRAIN] Step 260/350 | 01:10:55
[TRAIN] Step 260 | Loss=0.643987 | Best makespan in group=330.00
[TRAIN] Step 261/350 | 01:11:12
[TRAIN] Step 261 | Loss=0.745509 | Best makespan in group=416.00
[TRAIN] Step 262/350 | 01:11:33
[TRAIN] Step 262 | Loss=0.587955 | Best makespan in group=417.00
[TRAIN] Step 263/350 | 01:11:49
[TRAIN] Step 263 | Loss=0.609784 | Best makespan in group=336.00
[TRAIN] Step 264/350 | 01:12:07
[TRAIN] Step 264 | Loss=0.622651 | Best makespan in group=367.00
[TRAIN] Step 265/350 | 01:12:24
[TRAIN] Step 265 | Loss=0.669986 | Best makespan in group=421.00
[TRAIN] Step 266/350 | 01:12:41
[TRAIN] Step 266 | Loss=0.639730 | Best makespan in group=253.00
[TRAIN] Step 267/350 | 01:13:01
[TRAIN] Step 267 | Loss=0.600592 | Best makespan in group=276.00
[TRAIN] Step 268/350 | 01:13:20
[TRAIN] Step 268 | Loss=0.570272 | Best makespan in group=327.00
[TRAIN] Step 269/350 | 01:13:39
[TRAIN] Step 269 | Loss=0.554429 | Best makespan in group=367.00
[TRAIN] Step 270/350 | 01:13:55
[TRAIN] Step 270 | Loss=0.630181 | Best makespan in group=363.00
[TRAIN] Step 271/350 | 01:14:18
[TRAIN] Step 271 | Loss=0.778445 | Best makespan in group=503.00
[TRAIN] Step 272/350 | 01:14:33
[TRAIN] Step 272 | Loss=0.640466 | Best makespan in group=360.00
[TRAIN] Step 273/350 | 01:14:54
[TRAIN] Step 273 | Loss=0.716362 | Best makespan in group=342.00
[TRAIN] Step 274/350 | 01:15:10
[TRAIN] Step 274 | Loss=0.618691 | Best makespan in group=293.00
[TRAIN] Step 275/350 | 01:15:28
[TRAIN] Step 275 | Loss=0.645645 | Best makespan in group=332.00
[TRAIN][VAL][ep 275] avg_gap=0.1361 | std_gap=0.0858 | q80_gap=0.2035 | n=20
[TRAIN] Validation improved | smoothed_avg_gap=0.1437 (raw=0.1361) | saving candidate: 594415268118644.pth
[TRAIN] Step 276/350 | 01:16:22
[TRAIN] Step 276 | Loss=0.706256 | Best makespan in group=335.00
[TRAIN] Step 277/350 | 01:16:37
[TRAIN] Step 277 | Loss=0.601595 | Best makespan in group=317.00
[TRAIN] Step 278/350 | 01:16:57
[TRAIN] Step 278 | Loss=0.598786 | Best makespan in group=382.00
[TRAIN] Step 279/350 | 01:17:15
[TRAIN] Step 279 | Loss=0.627435 | Best makespan in group=405.00
[TRAIN] Step 280/350 | 01:17:35
[TRAIN] Step 280 | Loss=0.574520 | Best makespan in group=319.00
[TRAIN] Step 281/350 | 01:17:51
[TRAIN] Step 281 | Loss=0.669838 | Best makespan in group=355.00
[TRAIN] Step 282/350 | 01:18:08
[TRAIN] Step 282 | Loss=0.611720 | Best makespan in group=323.00
[TRAIN] Step 283/350 | 01:18:24
[TRAIN] Step 283 | Loss=0.603126 | Best makespan in group=315.00
[TRAIN] Step 284/350 | 01:18:40
[TRAIN] Step 284 | Loss=0.730158 | Best makespan in group=294.00
[TRAIN] Step 285/350 | 01:18:55
[TRAIN] Step 285 | Loss=0.612324 | Best makespan in group=295.00
[TRAIN] Step 286/350 | 01:19:17
[TRAIN] Step 286 | Loss=0.601848 | Best makespan in group=324.00
[TRAIN] Step 287/350 | 01:19:38
[TRAIN] Step 287 | Loss=0.670934 | Best makespan in group=465.00
[TRAIN] Step 288/350 | 01:19:58
[TRAIN] Step 288 | Loss=0.700294 | Best makespan in group=417.00
[TRAIN] Step 289/350 | 01:20:14
[TRAIN] Step 289 | Loss=0.615561 | Best makespan in group=379.00
[TRAIN] Step 290/350 | 01:20:33
[TRAIN] Step 290 | Loss=0.611089 | Best makespan in group=474.00
[TRAIN] Step 291/350 | 01:20:50
[TRAIN] Step 291 | Loss=0.764599 | Best makespan in group=319.00
[TRAIN] Step 292/350 | 01:21:09
[TRAIN] Step 292 | Loss=0.652101 | Best makespan in group=367.00
[TRAIN] Step 293/350 | 01:21:26
[TRAIN] Step 293 | Loss=0.764273 | Best makespan in group=330.00
[TRAIN] Step 294/350 | 01:21:41
[TRAIN] Step 294 | Loss=0.584998 | Best makespan in group=306.00
[TRAIN] Step 295/350 | 01:21:56
[TRAIN] Step 295 | Loss=0.630024 | Best makespan in group=292.00
[TRAIN] Step 296/350 | 01:22:13
[TRAIN] Step 296 | Loss=0.630941 | Best makespan in group=468.00
[TRAIN] Step 297/350 | 01:22:33
[TRAIN] Step 297 | Loss=0.671231 | Best makespan in group=412.00
[TRAIN] Step 298/350 | 01:22:52
[TRAIN] Step 298 | Loss=0.589412 | Best makespan in group=406.00
[TRAIN] Step 299/350 | 01:23:12
[TRAIN] Step 299 | Loss=0.615761 | Best makespan in group=323.00
[TRAIN] Step 300/350 | 01:23:32
[TRAIN] Step 300 | Loss=0.683316 | Best makespan in group=336.00
[TRAIN][VAL][ep 300] avg_gap=0.1409 | std_gap=0.0712 | q80_gap=0.1951 | n=20
[TRAIN] Validation improved | smoothed_avg_gap=0.1409 (raw=0.1409) | saving candidate: 477356094558498.pth
[TRAIN] Step 301/350 | 01:24:28
[TRAIN] Step 301 | Loss=0.574785 | Best makespan in group=249.00
[TRAIN] Step 302/350 | 01:24:46
[TRAIN] Step 302 | Loss=0.661685 | Best makespan in group=352.00
[TRAIN] Step 303/350 | 01:25:07
[TRAIN] Step 303 | Loss=0.827885 | Best makespan in group=343.00
[TRAIN] Step 304/350 | 01:25:23
[TRAIN] Step 304 | Loss=0.600709 | Best makespan in group=478.00
[TRAIN] Step 305/350 | 01:25:41
[TRAIN] Step 305 | Loss=0.598451 | Best makespan in group=412.00
[TRAIN] Step 306/350 | 01:25:56
[TRAIN] Step 306 | Loss=0.557774 | Best makespan in group=353.00
[TRAIN] Step 307/350 | 01:26:17
[TRAIN] Step 307 | Loss=0.725234 | Best makespan in group=273.00
[TRAIN] Step 308/350 | 01:26:35
[TRAIN] Step 308 | Loss=0.741254 | Best makespan in group=379.00
[TRAIN] Step 309/350 | 01:26:52
[TRAIN] Step 309 | Loss=0.671453 | Best makespan in group=337.00
[TRAIN] Step 310/350 | 01:27:07
[TRAIN] Step 310 | Loss=0.651218 | Best makespan in group=379.00
[TRAIN] Step 311/350 | 01:27:26
[TRAIN] Step 311 | Loss=0.554003 | Best makespan in group=323.00
[TRAIN] Step 312/350 | 01:27:41
[TRAIN] Step 312 | Loss=0.649925 | Best makespan in group=327.00
[TRAIN] Step 313/350 | 01:27:59
[TRAIN] Step 313 | Loss=0.556003 | Best makespan in group=339.00
[TRAIN] Step 314/350 | 01:28:15
[TRAIN] Step 314 | Loss=0.687513 | Best makespan in group=295.00
[TRAIN] Step 315/350 | 01:28:37
[TRAIN] Step 315 | Loss=0.794140 | Best makespan in group=330.00
[TRAIN] Step 316/350 | 01:28:53
[TRAIN] Step 316 | Loss=0.729246 | Best makespan in group=368.00
[TRAIN] Step 317/350 | 01:29:08
[TRAIN] Step 317 | Loss=0.561629 | Best makespan in group=434.00
[TRAIN] Step 318/350 | 01:29:23
[TRAIN] Step 318 | Loss=0.624432 | Best makespan in group=513.00
[TRAIN] Step 319/350 | 01:29:37
[TRAIN] Step 319 | Loss=0.853723 | Best makespan in group=351.00
[TRAIN] Step 320/350 | 01:29:54
[TRAIN] Step 320 | Loss=0.706982 | Best makespan in group=415.00
[TRAIN] Step 321/350 | 01:30:10
[TRAIN] Step 321 | Loss=0.725080 | Best makespan in group=368.00
[TRAIN] Step 322/350 | 01:30:26
[TRAIN] Step 322 | Loss=0.725853 | Best makespan in group=252.00
[TRAIN] Step 323/350 | 01:30:46
[TRAIN] Step 323 | Loss=0.649537 | Best makespan in group=323.00
[TRAIN] Step 324/350 | 01:31:01
[TRAIN] Step 324 | Loss=0.693450 | Best makespan in group=274.00
[TRAIN] Step 325/350 | 01:31:18
[TRAIN] Step 325 | Loss=0.547509 | Best makespan in group=416.00
[TRAIN][VAL][ep 325] avg_gap=0.1533 | std_gap=0.0863 | q80_gap=0.2223 | n=20
[TRAIN] Step 326/350 | 01:32:12
[TRAIN] Step 326 | Loss=0.613795 | Best makespan in group=336.00
[TRAIN] Step 327/350 | 01:32:30
[TRAIN] Step 327 | Loss=0.666340 | Best makespan in group=352.00
[TRAIN] Step 328/350 | 01:32:50
[TRAIN] Step 328 | Loss=0.631431 | Best makespan in group=356.00
[TRAIN] Step 329/350 | 01:33:12
[TRAIN] Step 329 | Loss=0.758625 | Best makespan in group=341.00
[TRAIN] Step 330/350 | 01:33:29
[TRAIN] Step 330 | Loss=0.590896 | Best makespan in group=378.00
[TRAIN] Step 331/350 | 01:33:47
[TRAIN] Step 331 | Loss=0.588445 | Best makespan in group=427.00
[TRAIN] Step 332/350 | 01:34:03
[TRAIN] Step 332 | Loss=0.617946 | Best makespan in group=467.00
[TRAIN] Step 333/350 | 01:34:21
[TRAIN] Step 333 | Loss=0.674958 | Best makespan in group=295.00
[TRAIN] Step 334/350 | 01:34:42
[TRAIN] Step 334 | Loss=0.746429 | Best makespan in group=427.00
[TRAIN] Step 335/350 | 01:34:58
[TRAIN] Step 335 | Loss=0.614581 | Best makespan in group=502.00
[TRAIN] Step 336/350 | 01:35:13
[TRAIN] Step 336 | Loss=0.656523 | Best makespan in group=350.00
[TRAIN] Step 337/350 | 01:35:28
[TRAIN] Step 337 | Loss=0.615721 | Best makespan in group=318.00
[TRAIN] Step 338/350 | 01:35:48
[TRAIN] Step 338 | Loss=0.798477 | Best makespan in group=330.00
[TRAIN] Step 339/350 | 01:36:06
[TRAIN] Step 339 | Loss=0.631566 | Best makespan in group=421.00
[TRAIN] Step 340/350 | 01:36:22
[TRAIN] Step 340 | Loss=0.610229 | Best makespan in group=332.00
[TRAIN] Step 341/350 | 01:36:38
[TRAIN] Step 341 | Loss=0.674392 | Best makespan in group=292.00
[TRAIN] Step 342/350 | 01:36:54
[TRAIN] Step 342 | Loss=0.544976 | Best makespan in group=337.00
[TRAIN] Step 343/350 | 01:37:09
[TRAIN] Step 343 | Loss=0.788850 | Best makespan in group=317.00
[TRAIN] Step 344/350 | 01:37:25
[TRAIN] Step 344 | Loss=0.609642 | Best makespan in group=361.00
[TRAIN] Step 345/350 | 01:37:41
[TRAIN] Step 345 | Loss=0.592174 | Best makespan in group=323.00
[TRAIN] Step 346/350 | 01:38:02
[TRAIN] Step 346 | Loss=0.660519 | Best makespan in group=406.00
[TRAIN] Step 347/350 | 01:38:22
[TRAIN] Step 347 | Loss=0.621905 | Best makespan in group=366.00
[TRAIN] Step 348/350 | 01:38:37
[TRAIN] Step 348 | Loss=0.666748 | Best makespan in group=466.00
[TRAIN] Step 349/350 | 01:38:57
[TRAIN] Step 349 | Loss=0.683994 | Best makespan in group=330.00
[TRAIN] Step 350/350 | 01:39:14
[TRAIN] Step 350 | Loss=0.720114 | Best makespan in group=381.00
[TRAIN][VAL][ep 350] avg_gap=0.1450 | std_gap=0.0806 | q80_gap=0.2150 | n=20
[TRAIN] Evaluating best checkpoint (candidate_models/477356094558498.pth) on the held-out test split...
[TRAIN][TEST] avg_gap=0.1204 | std_gap=0.0880 | q80_gap=0.1948 | n=20
[TRAIN][01:40:44] Training ended. Validation history and plots updated.
