D:\Dissertação\dissertation-bopo_introduction\venv\Lib\site-packages\torch\jit\_script.py:1485: FutureWarning: `torch.jit.script` is not supported in Python 3.14+ and may break. Please switch to `torch.compile` or `torch.export`.
  warnings.warn(
============================================================
[TRAIN] Training started at: 2026-09-29 22:34:13
[TRAIN] Hyperparams | max_steps=350 | new_freq=200
[TRAIN]             | n_cases=30 | B=32 | K=10 | use_greedy=True | lr=0.0047 (decaying to 9.40e-04)
[TRAIN]             | warm_start_steps=200 | checkpoint_smooth_window=3 | seed=42
[TRAIN]             | hidden_channels=128 | num_layers=2 | heads=3
[TRAIN]             | logp_norm=mean | exclude_greedy_from_loss=True
[TRAIN] Representation | ojmb_base_v2 | GNN | gat | jm_design | edges
[TRAIN] Device | cuda:0 (NVIDIA GeForce GTX 1650 Ti)
[TRAIN] Problem size | jobs=[8,10] | machines=[5,10] | ops_per_job=[5,6] | max_proc=100
============================================================
[TRAIN] Output run folder: results\batching_gat_L2_ojmb_base_v2_s42_steps
[TRAIN] Validation config | every=25 steps | instances=20 (representative subset)
[TRAIN][TEACHER] validation avg_gap=0.5137 | q80_gap=0.6460 || test avg_gap=0.4065 | q80_gap=0.4992
[TRAIN] Step metrics | every step on 4 validation instance(s) (bat001, bat003, bat005, bat007) -> results\batching_gat_L2_ojmb_base_v2_s42_steps\step_metrics.json
[TRAIN] Warm-start (behavior cloning vs. dispatch heuristic) | 200 step(s)...
[TRAIN][WARMSTART] step 10/200 | instance=3 | bc_loss=2.0082 | decisions=45
[TRAIN][WARMSTART] step 20/200 | instance=10 | bc_loss=1.7458 | decisions=45
[TRAIN][WARMSTART] step 30/200 | instance=26 | bc_loss=1.6989 | decisions=56
[TRAIN][WARMSTART] step 40/200 | instance=16 | bc_loss=1.3377 | decisions=47
[TRAIN][WARMSTART] step 50/200 | instance=5 | bc_loss=1.1271 | decisions=41
[TRAIN][WARMSTART] step 60/200 | instance=20 | bc_loss=1.1027 | decisions=39
[TRAIN][WARMSTART] step 70/200 | instance=27 | bc_loss=1.4778 | decisions=44
[TRAIN][WARMSTART] step 80/200 | instance=28 | bc_loss=1.3680 | decisions=54
[TRAIN][WARMSTART] step 90/200 | instance=2 | bc_loss=1.0923 | decisions=40
[TRAIN][WARMSTART] step 100/200 | instance=17 | bc_loss=1.2214 | decisions=40
[TRAIN][WARMSTART] step 110/200 | instance=21 | bc_loss=0.7483 | decisions=41
[TRAIN][WARMSTART] step 120/200 | instance=16 | bc_loss=1.1549 | decisions=47
[TRAIN][WARMSTART] step 130/200 | instance=23 | bc_loss=0.9435 | decisions=49
[TRAIN][WARMSTART] step 140/200 | instance=0 | bc_loss=1.0562 | decisions=55
[TRAIN][WARMSTART] step 150/200 | instance=15 | bc_loss=1.2131 | decisions=46
[TRAIN][WARMSTART] step 160/200 | instance=23 | bc_loss=1.0103 | decisions=49
[TRAIN][WARMSTART] step 170/200 | instance=22 | bc_loss=1.2768 | decisions=48
[TRAIN][WARMSTART] step 180/200 | instance=25 | bc_loss=1.0554 | decisions=51
[TRAIN][WARMSTART] step 190/200 | instance=3 | bc_loss=0.9454 | decisions=45
[TRAIN][WARMSTART] step 200/200 | instance=18 | bc_loss=1.1307 | decisions=46
[TRAIN] Warm-start complete, switching to BOPO preference optimization.
------------------------------------------------------------
[TRAIN] BOPO agent ready. Starting training loop for 350 step(s)...
------------------------------------------------------------
[TRAIN] Step 1/350 | 22:42:48
[TRAIN] Step 1 | Loss=0.797910 | Best makespan in group=431.00
[TRAIN] Step 2/350 | 22:43:24
[TRAIN] Step 2 | Loss=0.683371 | Best makespan in group=388.00
[TRAIN] Step 3/350 | 22:43:54
[TRAIN] Step 3 | Loss=0.641314 | Best makespan in group=505.00
[TRAIN] Step 4/350 | 22:44:24
[TRAIN] Step 4 | Loss=0.689481 | Best makespan in group=382.00
[TRAIN] Step 5/350 | 22:44:57
[TRAIN] Step 5 | Loss=0.800772 | Best makespan in group=555.00
[TRAIN] Step 6/350 | 22:45:30
[TRAIN] Step 6 | Loss=0.559874 | Best makespan in group=337.00
[TRAIN] Step 7/350 | 22:46:01
[TRAIN] Step 7 | Loss=0.669030 | Best makespan in group=359.00
[TRAIN] Step 8/350 | 22:46:30
[TRAIN] Step 8 | Loss=0.853216 | Best makespan in group=377.00
[TRAIN] Step 9/350 | 22:46:59
[TRAIN] Step 9 | Loss=0.676502 | Best makespan in group=451.00
[TRAIN] Step 10/350 | 22:47:34
[TRAIN] Step 10 | Loss=0.590019 | Best makespan in group=384.00
[TRAIN] Step 11/350 | 22:48:11
[TRAIN] Step 11 | Loss=0.531278 | Best makespan in group=420.00
[TRAIN] Step 12/350 | 22:48:41
[TRAIN] Step 12 | Loss=0.661159 | Best makespan in group=525.00
[TRAIN] Step 13/350 | 22:49:14
[TRAIN] Step 13 | Loss=0.614417 | Best makespan in group=349.00
[TRAIN] Step 14/350 | 22:49:46
[TRAIN] Step 14 | Loss=0.899453 | Best makespan in group=344.00
[TRAIN] Step 15/350 | 22:50:15
[TRAIN] Step 15 | Loss=0.570450 | Best makespan in group=468.00
[TRAIN] Step 16/350 | 22:50:46
[TRAIN] Step 16 | Loss=0.639204 | Best makespan in group=407.00
[TRAIN] Step 17/350 | 22:51:14
[TRAIN] Step 17 | Loss=0.598541 | Best makespan in group=445.00
[TRAIN] Step 18/350 | 22:51:44
[TRAIN] Step 18 | Loss=0.661200 | Best makespan in group=387.00
[TRAIN] Step 19/350 | 22:52:13
[TRAIN] Step 19 | Loss=0.568527 | Best makespan in group=403.00
[TRAIN] Step 20/350 | 22:52:48
[TRAIN] Step 20 | Loss=0.514089 | Best makespan in group=363.00
[TRAIN] Step 21/350 | 22:53:18
[TRAIN] Step 21 | Loss=0.625603 | Best makespan in group=346.00
[TRAIN] Step 22/350 | 22:53:47
[TRAIN] Step 22 | Loss=0.674559 | Best makespan in group=302.00
[TRAIN] Step 23/350 | 22:54:15
[TRAIN] Step 23 | Loss=0.606690 | Best makespan in group=345.00
[TRAIN] Step 24/350 | 22:54:46
[TRAIN] Step 24 | Loss=0.761916 | Best makespan in group=349.00
[TRAIN] Step 25/350 | 22:55:19
[TRAIN] Step 25 | Loss=0.609280 | Best makespan in group=409.00
[TRAIN][VAL][ep 25] avg_gap=0.1926 | std_gap=0.1077 | q80_gap=0.2766 | n=20
[TRAIN] Validation improved | smoothed_avg_gap=0.1926 (raw=0.1926) | saving candidate: 986493252792551.pth
[TRAIN] Step 26/350 | 22:56:24
[TRAIN] Step 26 | Loss=0.617707 | Best makespan in group=304.00
[TRAIN] Step 27/350 | 22:56:52
[TRAIN] Step 27 | Loss=0.744251 | Best makespan in group=445.00
[TRAIN] Step 28/350 | 22:57:23
[TRAIN] Step 28 | Loss=0.629018 | Best makespan in group=343.00
[TRAIN] Step 29/350 | 22:57:57
[TRAIN] Step 29 | Loss=0.747806 | Best makespan in group=300.00
[TRAIN] Step 30/350 | 22:58:26
[TRAIN] Step 30 | Loss=0.508809 | Best makespan in group=348.00
[TRAIN] Step 31/350 | 22:58:58
[TRAIN] Step 31 | Loss=0.907207 | Best makespan in group=318.00
[TRAIN] Step 32/350 | 22:59:29
[TRAIN] Step 32 | Loss=0.695967 | Best makespan in group=346.00
[TRAIN] Step 33/350 | 22:59:57
[TRAIN] Step 33 | Loss=0.626236 | Best makespan in group=294.00
[TRAIN] Step 34/350 | 23:00:26
[TRAIN] Step 34 | Loss=0.575926 | Best makespan in group=385.00
[TRAIN] Step 35/350 | 23:00:54
[TRAIN] Step 35 | Loss=0.557860 | Best makespan in group=348.00
[TRAIN] Step 36/350 | 23:01:26
[TRAIN] Step 36 | Loss=0.592458 | Best makespan in group=424.00
[TRAIN] Step 37/350 | 23:02:01
[TRAIN] Step 37 | Loss=0.665528 | Best makespan in group=327.00
[TRAIN] Step 38/350 | 23:02:29
[TRAIN] Step 38 | Loss=0.685104 | Best makespan in group=357.00
[TRAIN] Step 39/350 | 23:03:04
[TRAIN] Step 39 | Loss=0.771575 | Best makespan in group=350.00
[TRAIN] Step 40/350 | 23:03:32
[TRAIN] Step 40 | Loss=0.614757 | Best makespan in group=388.00
[TRAIN] Step 41/350 | 23:04:00
[TRAIN] Step 41 | Loss=0.644726 | Best makespan in group=436.00
[TRAIN] Step 42/350 | 23:04:30
[TRAIN] Step 42 | Loss=0.644493 | Best makespan in group=304.00
[TRAIN] Step 43/350 | 23:04:57
[TRAIN] Step 43 | Loss=0.707430 | Best makespan in group=348.00
[TRAIN] Step 44/350 | 23:05:31
[TRAIN] Step 44 | Loss=0.811473 | Best makespan in group=383.00
[TRAIN] Step 45/350 | 23:06:02
[TRAIN] Step 45 | Loss=0.688153 | Best makespan in group=395.00
[TRAIN] Step 46/350 | 23:06:37
[TRAIN] Step 46 | Loss=0.741780 | Best makespan in group=335.00
[TRAIN] Step 47/350 | 23:07:12
[TRAIN] Step 47 | Loss=0.740110 | Best makespan in group=345.00
[TRAIN] Step 48/350 | 23:07:39
[TRAIN] Step 48 | Loss=0.863782 | Best makespan in group=306.00
[TRAIN] Step 49/350 | 23:08:07
[TRAIN] Step 49 | Loss=0.646869 | Best makespan in group=373.00
[TRAIN] Step 50/350 | 23:08:35
[TRAIN] Step 50 | Loss=0.767890 | Best makespan in group=349.00
[TRAIN][VAL][ep 50] avg_gap=0.1724 | std_gap=0.1066 | q80_gap=0.2456 | n=20
[TRAIN] Validation improved | smoothed_avg_gap=0.1825 (raw=0.1724) | saving candidate: 866584866455834.pth
[TRAIN] Step 51/350 | 23:09:38
[TRAIN] Step 51 | Loss=0.674881 | Best makespan in group=485.00
[TRAIN] Step 52/350 | 23:10:09
[TRAIN] Step 52 | Loss=0.696782 | Best makespan in group=465.00
[TRAIN] Step 53/350 | 23:10:43
[TRAIN] Step 53 | Loss=0.789252 | Best makespan in group=495.00
[TRAIN] Step 54/350 | 23:11:15
[TRAIN] Step 54 | Loss=0.623766 | Best makespan in group=336.00
[TRAIN] Step 55/350 | 23:11:46
[TRAIN] Step 55 | Loss=0.610329 | Best makespan in group=354.00
[TRAIN] Step 56/350 | 23:12:16
[TRAIN] Step 56 | Loss=0.738800 | Best makespan in group=431.00
[TRAIN] Step 57/350 | 23:12:46
[TRAIN] Step 57 | Loss=0.654346 | Best makespan in group=432.00
[TRAIN] Step 58/350 | 23:13:15
[TRAIN] Step 58 | Loss=0.677720 | Best makespan in group=354.00
[TRAIN] Step 59/350 | 23:13:44
[TRAIN] Step 59 | Loss=0.648307 | Best makespan in group=349.00
[TRAIN] Step 60/350 | 23:14:17
[TRAIN] Step 60 | Loss=0.666294 | Best makespan in group=394.00
[TRAIN] Step 61/350 | 23:14:52
[TRAIN] Step 61 | Loss=0.531528 | Best makespan in group=295.00
[TRAIN] Step 62/350 | 23:15:21
[TRAIN] Step 62 | Loss=0.582171 | Best makespan in group=374.00
[TRAIN] Step 63/350 | 23:15:54
[TRAIN] Step 63 | Loss=0.766756 | Best makespan in group=447.00
[TRAIN] Step 64/350 | 23:16:24
[TRAIN] Step 64 | Loss=0.658686 | Best makespan in group=360.00
[TRAIN] Step 65/350 | 23:16:58
[TRAIN] Step 65 | Loss=0.732315 | Best makespan in group=339.00
[TRAIN] Step 66/350 | 23:17:27
[TRAIN] Step 66 | Loss=0.607352 | Best makespan in group=384.00
[TRAIN] Step 67/350 | 23:17:55
[TRAIN] Step 67 | Loss=0.668380 | Best makespan in group=404.00
[TRAIN] Step 68/350 | 23:18:32
[TRAIN] Step 68 | Loss=0.698571 | Best makespan in group=411.00
[TRAIN] Step 69/350 | 23:19:00
[TRAIN] Step 69 | Loss=0.558566 | Best makespan in group=475.00
[TRAIN] Step 70/350 | 23:19:32
[TRAIN] Step 70 | Loss=0.658131 | Best makespan in group=299.00
[TRAIN] Step 71/350 | 23:20:00
[TRAIN] Step 71 | Loss=0.628702 | Best makespan in group=355.00
[TRAIN] Step 72/350 | 23:20:28
[TRAIN] Step 72 | Loss=0.729843 | Best makespan in group=442.00
[TRAIN] Step 73/350 | 23:20:58
[TRAIN] Step 73 | Loss=0.659546 | Best makespan in group=403.00
[TRAIN] Step 74/350 | 23:21:33
[TRAIN] Step 74 | Loss=0.652150 | Best makespan in group=349.00
[TRAIN] Step 75/350 | 23:22:07
[TRAIN] Step 75 | Loss=0.601358 | Best makespan in group=356.00
[TRAIN][VAL][ep 75] avg_gap=0.2794 | std_gap=0.1367 | q80_gap=0.3926 | n=20
[TRAIN] Step 76/350 | 23:23:07
[TRAIN] Step 76 | Loss=0.670197 | Best makespan in group=388.00
[TRAIN] Step 77/350 | 23:23:41
[TRAIN] Step 77 | Loss=0.709872 | Best makespan in group=392.00
[TRAIN] Step 78/350 | 23:24:08
[TRAIN] Step 78 | Loss=0.728571 | Best makespan in group=344.00
[TRAIN] Step 79/350 | 23:24:42
[TRAIN] Step 79 | Loss=0.745275 | Best makespan in group=501.00
[TRAIN] Step 80/350 | 23:25:13
[TRAIN] Step 80 | Loss=0.573970 | Best makespan in group=348.00
[TRAIN] Step 81/350 | 23:25:41
[TRAIN] Step 81 | Loss=0.698020 | Best makespan in group=357.00
[TRAIN] Step 82/350 | 23:26:09
[TRAIN] Step 82 | Loss=0.832820 | Best makespan in group=460.00
[TRAIN] Step 83/350 | 23:26:41
[TRAIN] Step 83 | Loss=0.679975 | Best makespan in group=352.00
[TRAIN] Step 84/350 | 23:27:13
[TRAIN] Step 84 | Loss=0.788637 | Best makespan in group=304.00
[TRAIN] Step 85/350 | 23:27:40
[TRAIN] Step 85 | Loss=0.706132 | Best makespan in group=366.00
[TRAIN] Step 86/350 | 23:28:08
[TRAIN] Step 86 | Loss=0.709660 | Best makespan in group=375.00
[TRAIN] Step 87/350 | 23:28:38
[TRAIN] Step 87 | Loss=0.875812 | Best makespan in group=433.00
[TRAIN] Step 88/350 | 23:29:12
[TRAIN] Step 88 | Loss=0.627253 | Best makespan in group=405.00
[TRAIN] Step 89/350 | 23:29:44
[TRAIN] Step 89 | Loss=0.635097 | Best makespan in group=312.00
[TRAIN] Step 90/350 | 23:30:15
[TRAIN] Step 90 | Loss=0.711636 | Best makespan in group=498.00
[TRAIN] Step 91/350 | 23:30:48
[TRAIN] Step 91 | Loss=0.593802 | Best makespan in group=364.00
[TRAIN] Step 92/350 | 23:31:18
[TRAIN] Step 92 | Loss=0.873749 | Best makespan in group=430.00
[TRAIN] Step 93/350 | 23:31:53
[TRAIN] Step 93 | Loss=0.643295 | Best makespan in group=304.00
[TRAIN] Step 94/350 | 23:32:20
[TRAIN] Step 94 | Loss=0.636108 | Best makespan in group=308.00
[TRAIN] Step 95/350 | 23:32:51
[TRAIN] Step 95 | Loss=0.791063 | Best makespan in group=421.00
[TRAIN] Step 96/350 | 23:33:21
[TRAIN] Step 96 | Loss=0.607551 | Best makespan in group=341.00
[TRAIN] Step 97/350 | 23:33:51
[TRAIN] Step 97 | Loss=0.803551 | Best makespan in group=359.00
[TRAIN] Step 98/350 | 23:34:26
[TRAIN] Step 98 | Loss=0.586629 | Best makespan in group=346.00
[TRAIN] Step 99/350 | 23:34:54
[TRAIN] Step 99 | Loss=0.690181 | Best makespan in group=367.00
[TRAIN] Step 100/350 | 23:35:27
[TRAIN] Step 100 | Loss=0.549539 | Best makespan in group=351.00
[TRAIN][VAL][ep 100] avg_gap=0.2474 | std_gap=0.1138 | q80_gap=0.3394 | n=20
[TRAIN] Step 101/350 | 23:36:30
[TRAIN] Step 101 | Loss=0.840335 | Best makespan in group=390.00
[TRAIN] Step 102/350 | 23:36:58
[TRAIN] Step 102 | Loss=0.675552 | Best makespan in group=350.00
[TRAIN] Step 103/350 | 23:37:31
[TRAIN] Step 103 | Loss=0.673615 | Best makespan in group=387.00
[TRAIN] Step 104/350 | 23:38:07
[TRAIN] Step 104 | Loss=0.671144 | Best makespan in group=353.00
[TRAIN] Step 105/350 | 23:38:40
[TRAIN] Step 105 | Loss=0.655244 | Best makespan in group=408.00
[TRAIN] Step 106/350 | 23:39:15
[TRAIN] Step 106 | Loss=0.612899 | Best makespan in group=387.00
[TRAIN] Step 107/350 | 23:39:46
[TRAIN] Step 107 | Loss=0.548588 | Best makespan in group=446.00
[TRAIN] Step 108/350 | 23:40:19
[TRAIN] Step 108 | Loss=0.606423 | Best makespan in group=384.00
[TRAIN] Step 109/350 | 23:40:47
[TRAIN] Step 109 | Loss=0.692267 | Best makespan in group=348.00
[TRAIN] Step 110/350 | 23:41:14
[TRAIN] Step 110 | Loss=0.623211 | Best makespan in group=460.00
[TRAIN] Step 111/350 | 23:41:44
[TRAIN] Step 111 | Loss=0.713896 | Best makespan in group=350.00
[TRAIN] Step 112/350 | 23:42:12
[TRAIN] Step 112 | Loss=0.642760 | Best makespan in group=449.00
[TRAIN] Step 113/350 | 23:42:43
[TRAIN] Step 113 | Loss=0.648556 | Best makespan in group=434.00
[TRAIN] Step 114/350 | 23:43:13
[TRAIN] Step 114 | Loss=0.544036 | Best makespan in group=335.00
[TRAIN] Step 115/350 | 23:43:41
[TRAIN] Step 115 | Loss=0.652479 | Best makespan in group=294.00
[TRAIN] Step 116/350 | 23:44:11
[TRAIN] Step 116 | Loss=0.817203 | Best makespan in group=419.00
[TRAIN] Step 117/350 | 23:44:38
[TRAIN] Step 117 | Loss=0.579065 | Best makespan in group=494.00
[TRAIN] Step 118/350 | 23:45:10
[TRAIN] Step 118 | Loss=0.634505 | Best makespan in group=287.00
[TRAIN] Step 119/350 | 23:45:38
[TRAIN] Step 119 | Loss=0.779443 | Best makespan in group=349.00
[TRAIN] Step 120/350 | 23:46:11
[TRAIN] Step 120 | Loss=0.585596 | Best makespan in group=360.00
[TRAIN] Step 121/350 | 23:46:39
[TRAIN] Step 121 | Loss=0.616439 | Best makespan in group=384.00
[TRAIN] Step 122/350 | 23:47:07
[TRAIN] Step 122 | Loss=0.629024 | Best makespan in group=341.00
[TRAIN] Step 123/350 | 23:47:41
[TRAIN] Step 123 | Loss=0.790212 | Best makespan in group=443.00
[TRAIN] Step 124/350 | 23:48:13
[TRAIN] Step 124 | Loss=0.623041 | Best makespan in group=475.00
[TRAIN] Step 125/350 | 23:48:46
[TRAIN] Step 125 | Loss=0.653770 | Best makespan in group=378.00
[TRAIN][VAL][ep 125] avg_gap=0.1633 | std_gap=0.0940 | q80_gap=0.2208 | n=20
[TRAIN] Step 126/350 | 23:49:50
[TRAIN] Step 126 | Loss=0.646918 | Best makespan in group=393.00
[TRAIN] Step 127/350 | 23:50:17
[TRAIN] Step 127 | Loss=0.605863 | Best makespan in group=346.00
[TRAIN] Step 128/350 | 23:50:43
[TRAIN] Step 128 | Loss=0.636997 | Best makespan in group=344.00
[TRAIN] Step 129/350 | 23:51:10
[TRAIN] Step 129 | Loss=0.819470 | Best makespan in group=403.00
[TRAIN] Step 130/350 | 23:51:37
[TRAIN] Step 130 | Loss=0.826373 | Best makespan in group=355.00
[TRAIN] Step 131/350 | 23:52:09
[TRAIN] Step 131 | Loss=0.575909 | Best makespan in group=333.00
[TRAIN] Step 132/350 | 23:52:38
[TRAIN] Step 132 | Loss=0.760702 | Best makespan in group=346.00
[TRAIN] Step 133/350 | 23:53:08
[TRAIN] Step 133 | Loss=0.654944 | Best makespan in group=343.00
[TRAIN] Step 134/350 | 23:53:41
[TRAIN] Step 134 | Loss=0.539265 | Best makespan in group=305.00
[TRAIN] Step 135/350 | 23:54:10
[TRAIN] Step 135 | Loss=0.702537 | Best makespan in group=343.00
[TRAIN] Step 136/350 | 23:54:37
[TRAIN] Step 136 | Loss=0.712333 | Best makespan in group=421.00
[TRAIN] Step 137/350 | 23:55:05
[TRAIN] Step 137 | Loss=0.737994 | Best makespan in group=384.00
[TRAIN] Step 138/350 | 23:55:34
[TRAIN] Step 138 | Loss=0.645447 | Best makespan in group=417.00
[TRAIN] Step 139/350 | 23:56:06
[TRAIN] Step 139 | Loss=0.593745 | Best makespan in group=395.00
[TRAIN] Step 140/350 | 23:56:39
[TRAIN] Step 140 | Loss=0.712355 | Best makespan in group=495.00
[TRAIN] Step 141/350 | 23:57:10
[TRAIN] Step 141 | Loss=0.682968 | Best makespan in group=405.00
[TRAIN] Step 142/350 | 23:57:38
[TRAIN] Step 142 | Loss=0.790256 | Best makespan in group=304.00
[TRAIN] Step 143/350 | 23:58:04
[TRAIN] Step 143 | Loss=0.696598 | Best makespan in group=346.00
[TRAIN] Step 144/350 | 23:58:30
[TRAIN] Step 144 | Loss=0.640705 | Best makespan in group=348.00
[TRAIN] Step 145/350 | 23:59:02
[TRAIN] Step 145 | Loss=0.686267 | Best makespan in group=349.00
[TRAIN] Step 146/350 | 23:59:34
[TRAIN] Step 146 | Loss=0.695778 | Best makespan in group=482.00
[TRAIN] Step 147/350 | 00:00:03
[TRAIN] Step 147 | Loss=0.701404 | Best makespan in group=292.00
[TRAIN] Step 148/350 | 00:00:31
[TRAIN] Step 148 | Loss=0.749645 | Best makespan in group=339.00
[TRAIN] Step 149/350 | 00:01:01
[TRAIN] Step 149 | Loss=0.648588 | Best makespan in group=303.00
[TRAIN] Step 150/350 | 00:01:28
[TRAIN] Step 150 | Loss=0.769161 | Best makespan in group=323.00
[TRAIN][VAL][ep 150] avg_gap=0.1620 | std_gap=0.0845 | q80_gap=0.2284 | n=20
[TRAIN] Step 151/350 | 00:02:24
[TRAIN] Step 151 | Loss=0.646798 | Best makespan in group=399.00
[TRAIN] Step 152/350 | 00:02:57
[TRAIN] Step 152 | Loss=0.495713 | Best makespan in group=370.00
[TRAIN] Step 153/350 | 00:03:24
[TRAIN] Step 153 | Loss=0.669268 | Best makespan in group=304.00
[TRAIN] Step 154/350 | 00:03:50
[TRAIN] Step 154 | Loss=0.628958 | Best makespan in group=433.00
[TRAIN] Step 155/350 | 00:04:19
[TRAIN] Step 155 | Loss=0.607147 | Best makespan in group=346.00
[TRAIN] Step 156/350 | 00:04:49
[TRAIN] Step 156 | Loss=0.728767 | Best makespan in group=341.00
[TRAIN] Step 157/350 | 00:05:21
[TRAIN] Step 157 | Loss=0.647648 | Best makespan in group=371.00
[TRAIN] Step 158/350 | 00:05:48
[TRAIN] Step 158 | Loss=0.534194 | Best makespan in group=323.00
[TRAIN] Step 159/350 | 00:06:15
[TRAIN] Step 159 | Loss=0.581704 | Best makespan in group=346.00
[TRAIN] Step 160/350 | 00:06:42
[TRAIN] Step 160 | Loss=0.565633 | Best makespan in group=348.00
[TRAIN] Step 161/350 | 00:07:13
[TRAIN] Step 161 | Loss=0.651812 | Best makespan in group=294.00
[TRAIN] Step 162/350 | 00:07:41
[TRAIN] Step 162 | Loss=0.710856 | Best makespan in group=385.00
[TRAIN] Step 163/350 | 00:08:15
[TRAIN] Step 163 | Loss=0.675967 | Best makespan in group=349.00
[TRAIN] Step 164/350 | 00:08:47
[TRAIN] Step 164 | Loss=0.641219 | Best makespan in group=384.00
[TRAIN] Step 165/350 | 00:09:13
[TRAIN] Step 165 | Loss=0.744273 | Best makespan in group=464.00
[TRAIN] Step 166/350 | 00:09:45
[TRAIN] Step 166 | Loss=0.814127 | Best makespan in group=353.00
[TRAIN] Step 167/350 | 00:10:18
[TRAIN] Step 167 | Loss=0.576428 | Best makespan in group=471.00
[TRAIN] Step 168/350 | 00:10:48
[TRAIN] Step 168 | Loss=0.524240 | Best makespan in group=338.00
[TRAIN] Step 169/350 | 00:11:17
[TRAIN] Step 169 | Loss=0.709992 | Best makespan in group=365.00
[TRAIN] Step 170/350 | 00:11:45
[TRAIN] Step 170 | Loss=0.512432 | Best makespan in group=341.00
[TRAIN] Step 171/350 | 00:12:12
[TRAIN] Step 171 | Loss=0.593459 | Best makespan in group=292.00
[TRAIN] Step 172/350 | 00:12:39
[TRAIN] Step 172 | Loss=0.734501 | Best makespan in group=304.00
[TRAIN] Step 173/350 | 00:13:08
[TRAIN] Step 173 | Loss=0.522819 | Best makespan in group=337.00
[TRAIN] Step 174/350 | 00:13:40
[TRAIN] Step 174 | Loss=0.775643 | Best makespan in group=345.00
[TRAIN] Step 175/350 | 00:14:06
[TRAIN] Step 175 | Loss=0.715219 | Best makespan in group=366.00
[TRAIN][VAL][ep 175] avg_gap=0.1425 | std_gap=0.0769 | q80_gap=0.2218 | n=20
[TRAIN] Validation improved | smoothed_avg_gap=0.1559 (raw=0.1425) | saving candidate: 566375963743076.pth
[TRAIN] Step 176/350 | 00:15:04
[TRAIN] Step 176 | Loss=0.624755 | Best makespan in group=341.00
[TRAIN] Step 177/350 | 00:15:31
[TRAIN] Step 177 | Loss=0.699865 | Best makespan in group=416.00
[TRAIN] Step 178/350 | 00:16:05
[TRAIN] Step 178 | Loss=0.642420 | Best makespan in group=405.00
[TRAIN] Step 179/350 | 00:16:34
[TRAIN] Step 179 | Loss=0.633365 | Best makespan in group=466.00
[TRAIN] Step 180/350 | 00:17:02
[TRAIN] Step 180 | Loss=0.731446 | Best makespan in group=426.00
[TRAIN] Step 181/350 | 00:17:31
[TRAIN] Step 181 | Loss=0.756160 | Best makespan in group=341.00
[TRAIN] Step 182/350 | 00:17:58
[TRAIN] Step 182 | Loss=0.673296 | Best makespan in group=291.00
[TRAIN] Step 183/350 | 00:18:26
[TRAIN] Step 183 | Loss=0.619430 | Best makespan in group=350.00
[TRAIN] Step 184/350 | 00:18:59
[TRAIN] Step 184 | Loss=0.773059 | Best makespan in group=407.00
[TRAIN] Step 185/350 | 00:19:33
[TRAIN] Step 185 | Loss=0.699030 | Best makespan in group=425.00
[TRAIN] Step 186/350 | 00:20:02
[TRAIN] Step 186 | Loss=0.674340 | Best makespan in group=346.00
[TRAIN] Step 187/350 | 00:20:29
[TRAIN] Step 187 | Loss=0.654710 | Best makespan in group=455.00
[TRAIN] Step 188/350 | 00:21:00
[TRAIN] Step 188 | Loss=0.738249 | Best makespan in group=304.00
[TRAIN] Step 189/350 | 00:21:30
[TRAIN] Step 189 | Loss=0.743887 | Best makespan in group=351.00
[TRAIN] Step 190/350 | 00:22:02
[TRAIN] Step 190 | Loss=0.704046 | Best makespan in group=341.00
[TRAIN] Step 191/350 | 00:22:35
[TRAIN] Step 191 | Loss=0.643527 | Best makespan in group=416.00
[TRAIN] Step 192/350 | 00:23:07
[TRAIN] Step 192 | Loss=0.759172 | Best makespan in group=340.00
[TRAIN] Step 193/350 | 00:23:37
[TRAIN] Step 193 | Loss=0.791746 | Best makespan in group=360.00
[TRAIN] Step 194/350 | 00:24:07
[TRAIN] Step 194 | Loss=0.711824 | Best makespan in group=348.00
[TRAIN] Step 195/350 | 00:24:38
[TRAIN] Step 195 | Loss=0.691167 | Best makespan in group=420.00
[TRAIN] Step 196/350 | 00:25:07
[TRAIN] Step 196 | Loss=0.625593 | Best makespan in group=470.00
[TRAIN] Step 197/350 | 00:25:36
[TRAIN] Step 197 | Loss=0.773654 | Best makespan in group=344.00
[TRAIN] Step 198/350 | 00:26:07
[TRAIN] Step 198 | Loss=0.728900 | Best makespan in group=430.00
[TRAIN] Step 199/350 | 00:26:36
[TRAIN] Step 199 | Loss=0.604587 | Best makespan in group=383.00
[TRAIN] Step 200/350 | 00:27:10
[TRAIN] Step 200 | Loss=0.734951 | Best makespan in group=349.00
[TRAIN] Refreshing training instances (step 200)...
[TRAIN][VAL][ep 200] avg_gap=0.1716 | std_gap=0.0882 | q80_gap=0.2251 | n=20
[TRAIN] Step 201/350 | 00:28:11
[TRAIN] Step 201 | Loss=0.577322 | Best makespan in group=375.00
[TRAIN] Step 202/350 | 00:28:38
[TRAIN] Step 202 | Loss=0.588444 | Best makespan in group=433.00
[TRAIN] Step 203/350 | 00:29:09
[TRAIN] Step 203 | Loss=0.686076 | Best makespan in group=387.00
[TRAIN] Step 204/350 | 00:29:40
[TRAIN] Step 204 | Loss=0.565365 | Best makespan in group=368.00
[TRAIN] Step 205/350 | 00:30:08
[TRAIN] Step 205 | Loss=0.599368 | Best makespan in group=504.00
[TRAIN] Step 206/350 | 00:30:37
[TRAIN] Step 206 | Loss=0.725740 | Best makespan in group=420.00
[TRAIN] Step 207/350 | 00:31:07
[TRAIN] Step 207 | Loss=0.681028 | Best makespan in group=390.00
[TRAIN] Step 208/350 | 00:31:36
[TRAIN] Step 208 | Loss=0.681648 | Best makespan in group=414.00
[TRAIN] Step 209/350 | 00:32:08
[TRAIN] Step 209 | Loss=0.642182 | Best makespan in group=518.00
[TRAIN] Step 210/350 | 00:32:40
[TRAIN] Step 210 | Loss=0.760689 | Best makespan in group=412.00
[TRAIN] Step 211/350 | 00:33:14
[TRAIN] Step 211 | Loss=0.668597 | Best makespan in group=439.00
[TRAIN] Step 212/350 | 00:33:40
[TRAIN] Step 212 | Loss=0.647223 | Best makespan in group=313.00
[TRAIN] Step 213/350 | 00:34:12
[TRAIN] Step 213 | Loss=0.750168 | Best makespan in group=412.00
[TRAIN] Step 214/350 | 00:34:39
[TRAIN] Step 214 | Loss=0.689972 | Best makespan in group=427.00
[TRAIN] Step 215/350 | 00:35:07
[TRAIN] Step 215 | Loss=0.602404 | Best makespan in group=491.00
[TRAIN] Step 216/350 | 00:35:35
[TRAIN] Step 216 | Loss=0.718023 | Best makespan in group=295.00
[TRAIN] Step 217/350 | 00:36:10
[TRAIN] Step 217 | Loss=0.574729 | Best makespan in group=373.00
[TRAIN] Step 218/350 | 00:36:40
[TRAIN] Step 218 | Loss=0.731681 | Best makespan in group=401.00
[TRAIN] Step 219/350 | 00:37:12
[TRAIN] Step 219 | Loss=0.483329 | Best makespan in group=344.00
[TRAIN] Step 220/350 | 00:37:44
[TRAIN] Step 220 | Loss=0.844467 | Best makespan in group=448.00
[TRAIN] Step 221/350 | 00:38:11
[TRAIN] Step 221 | Loss=0.584131 | Best makespan in group=513.00
[TRAIN] Step 222/350 | 00:38:42
[TRAIN] Step 222 | Loss=0.596305 | Best makespan in group=570.00
[TRAIN] Step 223/350 | 00:39:14
[TRAIN] Step 223 | Loss=0.658394 | Best makespan in group=282.00
[TRAIN] Step 224/350 | 00:39:41
[TRAIN] Step 224 | Loss=0.617266 | Best makespan in group=390.00
[TRAIN] Step 225/350 | 00:40:11
[TRAIN] Step 225 | Loss=0.643794 | Best makespan in group=284.00
[TRAIN][VAL][ep 225] avg_gap=0.1855 | std_gap=0.0916 | q80_gap=0.2603 | n=20
[TRAIN] Step 226/350 | 00:41:07
[TRAIN] Step 226 | Loss=0.594234 | Best makespan in group=413.00
[TRAIN] Step 227/350 | 00:41:36
[TRAIN] Step 227 | Loss=0.566000 | Best makespan in group=410.00
[TRAIN] Step 228/350 | 00:42:11
[TRAIN] Step 228 | Loss=0.567748 | Best makespan in group=294.00
[TRAIN] Step 229/350 | 00:42:38
[TRAIN] Step 229 | Loss=0.584302 | Best makespan in group=524.00
[TRAIN] Step 230/350 | 00:43:06
[TRAIN] Step 230 | Loss=0.718320 | Best makespan in group=439.00
[TRAIN] Step 231/350 | 00:43:39
[TRAIN] Step 231 | Loss=0.650089 | Best makespan in group=362.00
[TRAIN] Step 232/350 | 00:44:08
[TRAIN] Step 232 | Loss=0.670015 | Best makespan in group=520.00
[TRAIN] Step 233/350 | 00:44:36
[TRAIN] Step 233 | Loss=0.625392 | Best makespan in group=387.00
[TRAIN] Step 234/350 | 00:45:08
[TRAIN] Step 234 | Loss=0.672126 | Best makespan in group=439.00
[TRAIN] Step 235/350 | 00:45:34
[TRAIN] Step 235 | Loss=0.714269 | Best makespan in group=381.00
[TRAIN] Step 236/350 | 00:46:03
[TRAIN] Step 236 | Loss=0.875791 | Best makespan in group=313.00
[TRAIN] Step 237/350 | 00:46:35
[TRAIN] Step 237 | Loss=0.795174 | Best makespan in group=408.00
[TRAIN] Step 238/350 | 00:47:03
[TRAIN] Step 238 | Loss=0.698908 | Best makespan in group=491.00
[TRAIN] Step 239/350 | 00:47:31
[TRAIN] Step 239 | Loss=0.626580 | Best makespan in group=295.00
[TRAIN] Step 240/350 | 00:48:05
[TRAIN] Step 240 | Loss=0.617115 | Best makespan in group=395.00
[TRAIN] Step 241/350 | 00:48:36
[TRAIN] Step 241 | Loss=0.563044 | Best makespan in group=401.00
[TRAIN] Step 242/350 | 00:49:09
[TRAIN] Step 242 | Loss=0.682177 | Best makespan in group=292.00
[TRAIN] Step 243/350 | 00:49:36
[TRAIN] Step 243 | Loss=0.670144 | Best makespan in group=387.00
[TRAIN] Step 244/350 | 00:50:05
[TRAIN] Step 244 | Loss=0.581812 | Best makespan in group=440.00
[TRAIN] Step 245/350 | 00:50:39
[TRAIN] Step 245 | Loss=0.707537 | Best makespan in group=288.00
[TRAIN] Step 246/350 | 00:51:06
[TRAIN] Step 246 | Loss=0.577264 | Best makespan in group=411.00
[TRAIN] Step 247/350 | 00:51:40
[TRAIN] Step 247 | Loss=0.604311 | Best makespan in group=395.00
[TRAIN] Step 248/350 | 00:52:10
[TRAIN] Step 248 | Loss=0.712589 | Best makespan in group=274.00
[TRAIN] Step 249/350 | 00:52:37
[TRAIN] Step 249 | Loss=0.616172 | Best makespan in group=372.00
[TRAIN] Step 250/350 | 00:53:06
[TRAIN] Step 250 | Loss=0.634260 | Best makespan in group=533.00
[TRAIN][VAL][ep 250] avg_gap=0.1673 | std_gap=0.0934 | q80_gap=0.2317 | n=20
[TRAIN] Step 251/350 | 00:54:06
[TRAIN] Step 251 | Loss=0.721338 | Best makespan in group=391.00
[TRAIN] Step 252/350 | 00:54:39
[TRAIN] Step 252 | Loss=0.657388 | Best makespan in group=425.00
[TRAIN] Step 253/350 | 00:55:07
[TRAIN] Step 253 | Loss=0.606478 | Best makespan in group=440.00
[TRAIN] Step 254/350 | 00:55:35
[TRAIN] Step 254 | Loss=0.773364 | Best makespan in group=343.00
[TRAIN] Step 255/350 | 00:56:07
[TRAIN] Step 255 | Loss=0.654089 | Best makespan in group=572.00
[TRAIN] Step 256/350 | 00:56:38
[TRAIN] Step 256 | Loss=0.632719 | Best makespan in group=453.00
[TRAIN] Step 257/350 | 00:57:09
[TRAIN] Step 257 | Loss=0.619197 | Best makespan in group=515.00
[TRAIN] Step 258/350 | 00:57:40
[TRAIN] Step 258 | Loss=0.805011 | Best makespan in group=360.00
[TRAIN] Step 259/350 | 00:58:08
[TRAIN] Step 259 | Loss=0.664661 | Best makespan in group=504.00
[TRAIN] Step 260/350 | 00:58:37
[TRAIN] Step 260 | Loss=0.607845 | Best makespan in group=418.00
[TRAIN] Step 261/350 | 00:59:10
[TRAIN] Step 261 | Loss=0.557705 | Best makespan in group=429.00
[TRAIN] Step 262/350 | 00:59:37
[TRAIN] Step 262 | Loss=0.634220 | Best makespan in group=297.00
[TRAIN] Step 263/350 | 01:00:04
[TRAIN] Step 263 | Loss=0.665158 | Best makespan in group=295.00
[TRAIN] Step 264/350 | 01:00:38
[TRAIN] Step 264 | Loss=0.768156 | Best makespan in group=284.00
[TRAIN] Step 265/350 | 01:01:07
[TRAIN] Step 265 | Loss=0.649562 | Best makespan in group=438.00
[TRAIN] Step 266/350 | 01:01:40
[TRAIN] Step 266 | Loss=0.575614 | Best makespan in group=563.00
[TRAIN] Step 267/350 | 01:02:12
[TRAIN] Step 267 | Loss=0.715370 | Best makespan in group=313.00
[TRAIN] Step 268/350 | 01:02:43
[TRAIN] Step 268 | Loss=0.635100 | Best makespan in group=403.00
[TRAIN] Step 269/350 | 01:03:15
[TRAIN] Step 269 | Loss=0.608147 | Best makespan in group=389.00
[TRAIN] Step 270/350 | 01:03:46
[TRAIN] Step 270 | Loss=0.691343 | Best makespan in group=407.00
[TRAIN] Step 271/350 | 01:04:19
[TRAIN] Step 271 | Loss=0.656668 | Best makespan in group=420.00
[TRAIN] Step 272/350 | 01:04:46
[TRAIN] Step 272 | Loss=0.738081 | Best makespan in group=367.00
[TRAIN] Step 273/350 | 01:05:15
[TRAIN] Step 273 | Loss=0.633665 | Best makespan in group=479.00
[TRAIN] Step 274/350 | 01:05:43
[TRAIN] Step 274 | Loss=0.733299 | Best makespan in group=342.00
[TRAIN] Step 275/350 | 01:06:14
[TRAIN] Step 275 | Loss=0.677982 | Best makespan in group=435.00
[TRAIN][VAL][ep 275] avg_gap=0.1468 | std_gap=0.0836 | q80_gap=0.2193 | n=20
[TRAIN] Step 276/350 | 01:07:12
[TRAIN] Step 276 | Loss=0.714482 | Best makespan in group=428.00
[TRAIN] Step 277/350 | 01:07:40
[TRAIN] Step 277 | Loss=0.641298 | Best makespan in group=403.00
[TRAIN] Step 278/350 | 01:08:14
[TRAIN] Step 278 | Loss=0.639205 | Best makespan in group=394.00
[TRAIN] Step 279/350 | 01:08:44
[TRAIN] Step 279 | Loss=0.639053 | Best makespan in group=286.00
[TRAIN] Step 280/350 | 01:09:12
[TRAIN] Step 280 | Loss=0.571101 | Best makespan in group=383.00
[TRAIN] Step 281/350 | 01:09:41
[TRAIN] Step 281 | Loss=0.697644 | Best makespan in group=506.00
[TRAIN] Step 282/350 | 01:10:09
[TRAIN] Step 282 | Loss=0.747290 | Best makespan in group=502.00
[TRAIN] Step 283/350 | 01:10:40
[TRAIN] Step 283 | Loss=0.682398 | Best makespan in group=392.00
[TRAIN] Step 284/350 | 01:11:14
[TRAIN] Step 284 | Loss=0.683257 | Best makespan in group=389.00
[TRAIN] Step 285/350 | 01:11:48
[TRAIN] Step 285 | Loss=0.602873 | Best makespan in group=455.00
[TRAIN] Step 286/350 | 01:12:15
[TRAIN] Step 286 | Loss=0.553694 | Best makespan in group=369.00
[TRAIN] Step 287/350 | 01:12:44
[TRAIN] Step 287 | Loss=0.707615 | Best makespan in group=374.00
[TRAIN] Step 288/350 | 01:13:11
[TRAIN] Step 288 | Loss=0.717981 | Best makespan in group=500.00
[TRAIN] Step 289/350 | 01:13:42
[TRAIN] Step 289 | Loss=0.704222 | Best makespan in group=368.00
[TRAIN] Step 290/350 | 01:14:12
[TRAIN] Step 290 | Loss=0.660869 | Best makespan in group=497.00
[TRAIN] Step 291/350 | 01:14:41
[TRAIN] Step 291 | Loss=0.767999 | Best makespan in group=280.00
[TRAIN] Step 292/350 | 01:15:08
[TRAIN] Step 292 | Loss=0.623649 | Best makespan in group=520.00
[TRAIN] Step 293/350 | 01:15:40
[TRAIN] Step 293 | Loss=0.615101 | Best makespan in group=371.00
[TRAIN] Step 294/350 | 01:16:10
[TRAIN] Step 294 | Loss=0.676378 | Best makespan in group=411.00
[TRAIN] Step 295/350 | 01:16:44
[TRAIN] Step 295 | Loss=0.580852 | Best makespan in group=471.00
[TRAIN] Step 296/350 | 01:17:12
[TRAIN] Step 296 | Loss=0.575914 | Best makespan in group=370.00
[TRAIN] Step 297/350 | 01:17:42
[TRAIN] Step 297 | Loss=0.678580 | Best makespan in group=398.00
[TRAIN] Step 298/350 | 01:18:11
[TRAIN] Step 298 | Loss=0.698257 | Best makespan in group=395.00
[TRAIN] Step 299/350 | 01:18:44
[TRAIN] Step 299 | Loss=0.577395 | Best makespan in group=507.00
[TRAIN] Step 300/350 | 01:19:16
[TRAIN] Step 300 | Loss=0.694828 | Best makespan in group=496.00
[TRAIN][VAL][ep 300] avg_gap=0.1212 | std_gap=0.0662 | q80_gap=0.1662 | n=20
[TRAIN] Validation improved | smoothed_avg_gap=0.1451 (raw=0.1212) | saving candidate: 935685383141427.pth
[TRAIN] Step 301/350 | 01:20:16
[TRAIN] Step 301 | Loss=0.791575 | Best makespan in group=566.00
[TRAIN] Step 302/350 | 01:20:48
[TRAIN] Step 302 | Loss=0.656086 | Best makespan in group=440.00
[TRAIN] Step 303/350 | 01:21:22
[TRAIN] Step 303 | Loss=0.617597 | Best makespan in group=388.00
[TRAIN] Step 304/350 | 01:21:52
[TRAIN] Step 304 | Loss=0.627343 | Best makespan in group=513.00
[TRAIN] Step 305/350 | 01:22:20
[TRAIN] Step 305 | Loss=0.576029 | Best makespan in group=429.00
[TRAIN] Step 306/350 | 01:22:47
[TRAIN] Step 306 | Loss=0.813844 | Best makespan in group=295.00
[TRAIN] Step 307/350 | 01:23:21
[TRAIN] Step 307 | Loss=0.765629 | Best makespan in group=414.00
[TRAIN] Step 308/350 | 01:23:49
[TRAIN] Step 308 | Loss=0.627347 | Best makespan in group=368.00
[TRAIN] Step 309/350 | 01:24:17
[TRAIN] Step 309 | Loss=0.635233 | Best makespan in group=380.00
[TRAIN] Step 310/350 | 01:24:44
[TRAIN] Step 310 | Loss=0.642669 | Best makespan in group=278.00
[TRAIN] Step 311/350 | 01:25:11
[TRAIN] Step 311 | Loss=0.664772 | Best makespan in group=437.00
[TRAIN] Step 312/350 | 01:25:42
[TRAIN] Step 312 | Loss=0.800553 | Best makespan in group=390.00
[TRAIN] Step 313/350 | 01:26:15
[TRAIN] Step 313 | Loss=0.711448 | Best makespan in group=392.00
[TRAIN] Step 314/350 | 01:26:47
[TRAIN] Step 314 | Loss=0.618139 | Best makespan in group=389.00
[TRAIN] Step 315/350 | 01:27:19
[TRAIN] Step 315 | Loss=0.574882 | Best makespan in group=343.00
[TRAIN] Step 316/350 | 01:27:51
[TRAIN] Step 316 | Loss=0.711846 | Best makespan in group=313.00
[TRAIN] Step 317/350 | 01:28:22
[TRAIN] Step 317 | Loss=0.703010 | Best makespan in group=408.00
[TRAIN] Step 318/350 | 01:28:50
[TRAIN] Step 318 | Loss=0.619672 | Best makespan in group=459.00
[TRAIN] Step 319/350 | 01:29:17
[TRAIN] Step 319 | Loss=0.643708 | Best makespan in group=388.00
[TRAIN] Step 320/350 | 01:29:46
[TRAIN] Step 320 | Loss=0.681454 | Best makespan in group=292.00
[TRAIN] Step 321/350 | 01:30:12
[TRAIN] Step 321 | Loss=0.554806 | Best makespan in group=366.00
[TRAIN] Step 322/350 | 01:30:41
[TRAIN] Step 322 | Loss=0.608998 | Best makespan in group=409.00
[TRAIN] Step 323/350 | 01:31:09
[TRAIN] Step 323 | Loss=0.727653 | Best makespan in group=465.00
[TRAIN] Step 324/350 | 01:31:37
[TRAIN] Step 324 | Loss=0.724771 | Best makespan in group=405.00
[TRAIN] Step 325/350 | 01:32:10
[TRAIN] Step 325 | Loss=0.676826 | Best makespan in group=392.00
[TRAIN][VAL][ep 325] avg_gap=0.1742 | std_gap=0.0831 | q80_gap=0.2531 | n=20
[TRAIN] Step 326/350 | 01:33:09
[TRAIN] Step 326 | Loss=0.630460 | Best makespan in group=390.00
[TRAIN] Step 327/350 | 01:33:39
[TRAIN] Step 327 | Loss=0.754483 | Best makespan in group=343.00
[TRAIN] Step 328/350 | 01:34:12
[TRAIN] Step 328 | Loss=0.610238 | Best makespan in group=385.00
[TRAIN] Step 329/350 | 01:34:45
[TRAIN] Step 329 | Loss=0.820457 | Best makespan in group=512.00
[TRAIN] Step 330/350 | 01:35:13
[TRAIN] Step 330 | Loss=0.685733 | Best makespan in group=399.00
[TRAIN] Step 331/350 | 01:35:46
[TRAIN] Step 331 | Loss=0.606723 | Best makespan in group=390.00
[TRAIN] Step 332/350 | 01:36:15
[TRAIN] Step 332 | Loss=0.674669 | Best makespan in group=427.00
[TRAIN] Step 333/350 | 01:36:44
[TRAIN] Step 333 | Loss=0.615467 | Best makespan in group=445.00
[TRAIN] Step 334/350 | 01:37:10
[TRAIN] Step 334 | Loss=0.618034 | Best makespan in group=286.00
[TRAIN] Step 335/350 | 01:37:37
[TRAIN] Step 335 | Loss=0.679657 | Best makespan in group=569.00
[TRAIN] Step 336/350 | 01:38:09
[TRAIN] Step 336 | Loss=0.676781 | Best makespan in group=279.00
[TRAIN] Step 337/350 | 01:38:36
[TRAIN] Step 337 | Loss=0.647807 | Best makespan in group=528.00
[TRAIN] Step 338/350 | 01:39:07
[TRAIN] Step 338 | Loss=0.667433 | Best makespan in group=313.00
[TRAIN] Step 339/350 | 01:39:38
[TRAIN] Step 339 | Loss=0.646763 | Best makespan in group=431.00
[TRAIN] Step 340/350 | 01:40:11
[TRAIN] Step 340 | Loss=0.588526 | Best makespan in group=373.00
[TRAIN] Step 341/350 | 01:40:42
[TRAIN] Step 341 | Loss=0.635931 | Best makespan in group=289.00
[TRAIN] Step 342/350 | 01:41:09
[TRAIN] Step 342 | Loss=0.728901 | Best makespan in group=430.00
[TRAIN] Step 343/350 | 01:41:38
[TRAIN] Step 343 | Loss=0.629192 | Best makespan in group=389.00
[TRAIN] Step 344/350 | 01:42:10
[TRAIN] Step 344 | Loss=0.709538 | Best makespan in group=507.00
[TRAIN] Step 345/350 | 01:42:41
[TRAIN] Step 345 | Loss=0.745739 | Best makespan in group=395.00
[TRAIN] Step 346/350 | 01:43:14
[TRAIN] Step 346 | Loss=0.645102 | Best makespan in group=403.00
[TRAIN] Step 347/350 | 01:43:42
[TRAIN] Step 347 | Loss=0.782403 | Best makespan in group=295.00
[TRAIN] Step 348/350 | 01:44:16
[TRAIN] Step 348 | Loss=0.700457 | Best makespan in group=436.00
[TRAIN] Step 349/350 | 01:44:43
[TRAIN] Step 349 | Loss=0.714121 | Best makespan in group=498.00
[TRAIN] Step 350/350 | 01:45:13
[TRAIN] Step 350 | Loss=0.617488 | Best makespan in group=389.00
[TRAIN][VAL][ep 350] avg_gap=0.1463 | std_gap=0.0838 | q80_gap=0.2193 | n=20
[TRAIN] Evaluating best checkpoint (candidate_models/935685383141427.pth) on the held-out test split...
[TRAIN][TEST] avg_gap=0.1155 | std_gap=0.0958 | q80_gap=0.2292 | n=20
[TRAIN][01:46:37] Training ended. Validation history and plots updated.
