D:\Dissertação\dissertation-bopo_introduction\venv\Lib\site-packages\torch\jit\_script.py:1485: FutureWarning: `torch.jit.script` is not supported in Python 3.14+ and may break. Please switch to `torch.compile` or `torch.export`.
  warnings.warn(
============================================================
[TRAIN] Training started at: 2026-09-30 16:11:23
[TRAIN] Hyperparams | max_steps=350 | new_freq=200
[TRAIN]             | n_cases=30 | B=32 | K=10 | use_greedy=True | lr=0.0047 (decaying to 9.40e-04)
[TRAIN]             | warm_start_steps=200 | checkpoint_smooth_window=3 | seed=42
[TRAIN]             | hidden_channels=128 | num_layers=3 | heads=3
[TRAIN]             | logp_norm=mean | exclude_greedy_from_loss=True
[TRAIN] Representation | ojmb_feat_v2 | GNN | gin | jm_design | edges
[TRAIN] Device | cuda:0 (NVIDIA GeForce GTX 1650 Ti)
[TRAIN] Problem size | jobs=[8,10] | machines=[5,10] | ops_per_job=[5,6] | max_proc=100
============================================================
[TRAIN] Output run folder: results\batching_gin_L3_k5_ojmb_feat_v2_s42_steps
[TRAIN] Validation config | every=25 steps | instances=20 (representative subset)
[TRAIN][TEACHER] validation avg_gap=0.5273 | q80_gap=0.7198 || test avg_gap=0.4277 | q80_gap=0.6075
[TRAIN] Step metrics | every step on 4 validation instance(s) (bat001, bat003, bat005, bat007) -> results\batching_gin_L3_k5_ojmb_feat_v2_s42_steps\step_metrics.json
[TRAIN] Warm-start (behavior cloning vs. dispatch heuristic) | 200 step(s)...
[TRAIN][WARMSTART] step 10/200 | instance=21 | bc_loss=2.1951 | decisions=46
[TRAIN][WARMSTART] step 20/200 | instance=9 | bc_loss=2.2387 | decisions=55
[TRAIN][WARMSTART] step 30/200 | instance=11 | bc_loss=1.6791 | decisions=46
[TRAIN][WARMSTART] step 40/200 | instance=27 | bc_loss=1.5330 | decisions=43
[TRAIN][WARMSTART] step 50/200 | instance=29 | bc_loss=1.4639 | decisions=49
[TRAIN][WARMSTART] step 60/200 | instance=15 | bc_loss=1.2110 | decisions=46
[TRAIN][WARMSTART] step 70/200 | instance=7 | bc_loss=1.2716 | decisions=41
[TRAIN][WARMSTART] step 80/200 | instance=4 | bc_loss=1.1819 | decisions=40
[TRAIN][WARMSTART] step 90/200 | instance=13 | bc_loss=0.8023 | decisions=40
[TRAIN][WARMSTART] step 100/200 | instance=6 | bc_loss=0.9107 | decisions=52
[TRAIN][WARMSTART] step 110/200 | instance=11 | bc_loss=0.7110 | decisions=46
[TRAIN][WARMSTART] step 120/200 | instance=6 | bc_loss=0.6820 | decisions=52
[TRAIN][WARMSTART] step 130/200 | instance=6 | bc_loss=0.8580 | decisions=52
[TRAIN][WARMSTART] step 140/200 | instance=27 | bc_loss=0.7056 | decisions=43
[TRAIN][WARMSTART] step 150/200 | instance=0 | bc_loss=1.2581 | decisions=41
[TRAIN][WARMSTART] step 160/200 | instance=29 | bc_loss=0.6804 | decisions=49
[TRAIN][WARMSTART] step 170/200 | instance=28 | bc_loss=0.6000 | decisions=39
[TRAIN][WARMSTART] step 180/200 | instance=28 | bc_loss=0.5787 | decisions=39
[TRAIN][WARMSTART] step 190/200 | instance=22 | bc_loss=1.0808 | decisions=46
[TRAIN][WARMSTART] step 200/200 | instance=12 | bc_loss=0.6312 | decisions=40
[TRAIN] Warm-start complete, switching to BOPO preference optimization.
------------------------------------------------------------
[TRAIN] BOPO agent ready. Starting training loop for 350 step(s)...
------------------------------------------------------------
[TRAIN] Step 1/350 | 16:19:34
[TRAIN] Step 1 | Loss=0.692310 | Best makespan in group=557.00
[TRAIN] Step 2/350 | 16:20:11
[TRAIN] Step 2 | Loss=0.799577 | Best makespan in group=376.00
[TRAIN] Step 3/350 | 16:20:43
[TRAIN] Step 3 | Loss=0.819423 | Best makespan in group=683.00
[TRAIN] Step 4/350 | 16:21:18
[TRAIN] Step 4 | Loss=0.691768 | Best makespan in group=433.00
[TRAIN] Step 5/350 | 16:21:52
[TRAIN] Step 5 | Loss=0.677775 | Best makespan in group=322.00
[TRAIN] Step 6/350 | 16:22:22
[TRAIN] Step 6 | Loss=0.679485 | Best makespan in group=499.00
[TRAIN] Step 7/350 | 16:22:55
[TRAIN] Step 7 | Loss=0.722265 | Best makespan in group=247.00
[TRAIN] Step 8/350 | 16:23:28
[TRAIN] Step 8 | Loss=0.735820 | Best makespan in group=489.00
[TRAIN] Step 9/350 | 16:24:01
[TRAIN] Step 9 | Loss=0.703058 | Best makespan in group=423.00
[TRAIN] Step 10/350 | 16:24:29
[TRAIN] Step 10 | Loss=0.819842 | Best makespan in group=459.00
[TRAIN] Step 11/350 | 16:25:03
[TRAIN] Step 11 | Loss=0.817689 | Best makespan in group=380.00
[TRAIN] Step 12/350 | 16:25:33
[TRAIN] Step 12 | Loss=0.612887 | Best makespan in group=446.00
[TRAIN] Step 13/350 | 16:26:04
[TRAIN] Step 13 | Loss=0.787594 | Best makespan in group=420.00
[TRAIN] Step 14/350 | 16:26:39
[TRAIN] Step 14 | Loss=0.841192 | Best makespan in group=653.00
[TRAIN] Step 15/350 | 16:27:12
[TRAIN] Step 15 | Loss=0.904886 | Best makespan in group=384.00
[TRAIN] Step 16/350 | 16:27:41
[TRAIN] Step 16 | Loss=0.719714 | Best makespan in group=409.00
[TRAIN] Step 17/350 | 16:28:14
[TRAIN] Step 17 | Loss=0.593095 | Best makespan in group=384.00
[TRAIN] Step 18/350 | 16:28:52
[TRAIN] Step 18 | Loss=0.712782 | Best makespan in group=490.00
[TRAIN] Step 19/350 | 16:29:25
[TRAIN] Step 19 | Loss=0.618772 | Best makespan in group=433.00
[TRAIN] Step 20/350 | 16:29:59
[TRAIN] Step 20 | Loss=0.726487 | Best makespan in group=452.00
[TRAIN] Step 21/350 | 16:30:35
[TRAIN] Step 21 | Loss=0.725353 | Best makespan in group=514.00
[TRAIN] Step 22/350 | 16:31:10
[TRAIN] Step 22 | Loss=0.639041 | Best makespan in group=388.00
[TRAIN] Step 23/350 | 16:31:40
[TRAIN] Step 23 | Loss=0.703521 | Best makespan in group=320.00
[TRAIN] Step 24/350 | 16:32:15
[TRAIN] Step 24 | Loss=0.565218 | Best makespan in group=352.00
[TRAIN] Step 25/350 | 16:32:48
[TRAIN] Step 25 | Loss=0.546919 | Best makespan in group=358.00
[TRAIN][VAL][ep 25] avg_gap=0.3673 | std_gap=0.1636 | q80_gap=0.4743 | n=20
[TRAIN] Validation improved | smoothed_avg_gap=0.3673 (raw=0.3673) | saving candidate: 735497526061034.pth
[TRAIN] Step 26/350 | 16:33:49
[TRAIN] Step 26 | Loss=0.583263 | Best makespan in group=438.00
[TRAIN] Step 27/350 | 16:34:21
[TRAIN] Step 27 | Loss=0.922274 | Best makespan in group=332.00
[TRAIN] Step 28/350 | 16:34:59
[TRAIN] Step 28 | Loss=0.638117 | Best makespan in group=415.00
[TRAIN] Step 29/350 | 16:35:36
[TRAIN] Step 29 | Loss=0.915698 | Best makespan in group=380.00
[TRAIN] Step 30/350 | 16:36:07
[TRAIN] Step 30 | Loss=0.590557 | Best makespan in group=389.00
[TRAIN] Step 31/350 | 16:36:42
[TRAIN] Step 31 | Loss=0.477609 | Best makespan in group=381.00
[TRAIN] Step 32/350 | 16:37:13
[TRAIN] Step 32 | Loss=0.653263 | Best makespan in group=627.00
[TRAIN] Step 33/350 | 16:37:46
[TRAIN] Step 33 | Loss=0.699461 | Best makespan in group=517.00
[TRAIN] Step 34/350 | 16:38:16
[TRAIN] Step 34 | Loss=0.618782 | Best makespan in group=257.00
[TRAIN] Step 35/350 | 16:38:49
[TRAIN] Step 35 | Loss=0.791473 | Best makespan in group=370.00
[TRAIN] Step 36/350 | 16:39:19
[TRAIN] Step 36 | Loss=0.570257 | Best makespan in group=357.00
[TRAIN] Step 37/350 | 16:39:48
[TRAIN] Step 37 | Loss=0.770669 | Best makespan in group=321.00
[TRAIN] Step 38/350 | 16:40:22
[TRAIN] Step 38 | Loss=0.770436 | Best makespan in group=404.00
[TRAIN] Step 39/350 | 16:40:58
[TRAIN] Step 39 | Loss=0.577306 | Best makespan in group=411.00
[TRAIN] Step 40/350 | 16:41:26
[TRAIN] Step 40 | Loss=0.692303 | Best makespan in group=597.00
[TRAIN] Step 41/350 | 16:42:01
[TRAIN] Step 41 | Loss=0.712479 | Best makespan in group=344.00
[TRAIN] Step 42/350 | 16:42:38
[TRAIN] Step 42 | Loss=0.675132 | Best makespan in group=354.00
[TRAIN] Step 43/350 | 16:43:12
[TRAIN] Step 43 | Loss=0.634009 | Best makespan in group=405.00
[TRAIN] Step 44/350 | 16:43:44
[TRAIN] Step 44 | Loss=0.753341 | Best makespan in group=433.00
[TRAIN] Step 45/350 | 16:44:18
[TRAIN] Step 45 | Loss=0.630277 | Best makespan in group=442.00
[TRAIN] Step 46/350 | 16:44:54
[TRAIN] Step 46 | Loss=0.629935 | Best makespan in group=395.00
[TRAIN] Step 47/350 | 16:45:27
[TRAIN] Step 47 | Loss=0.682001 | Best makespan in group=395.00
[TRAIN] Step 48/350 | 16:46:02
[TRAIN] Step 48 | Loss=0.621093 | Best makespan in group=440.00
[TRAIN] Step 49/350 | 16:46:35
[TRAIN] Step 49 | Loss=0.774122 | Best makespan in group=337.00
[TRAIN] Step 50/350 | 16:47:06
[TRAIN] Step 50 | Loss=0.698898 | Best makespan in group=420.00
[TRAIN][VAL][ep 50] avg_gap=0.3359 | std_gap=0.1586 | q80_gap=0.4936 | n=20
[TRAIN] Validation improved | smoothed_avg_gap=0.3516 (raw=0.3359) | saving candidate: 502077590585212.pth
[TRAIN] Step 51/350 | 16:48:08
[TRAIN] Step 51 | Loss=0.703231 | Best makespan in group=464.00
[TRAIN] Step 52/350 | 16:48:40
[TRAIN] Step 52 | Loss=0.655191 | Best makespan in group=415.00
[TRAIN] Step 53/350 | 16:49:15
[TRAIN] Step 53 | Loss=0.744451 | Best makespan in group=396.00
[TRAIN] Step 54/350 | 16:49:45
[TRAIN] Step 54 | Loss=0.716821 | Best makespan in group=446.00
[TRAIN] Step 55/350 | 16:50:15
[TRAIN] Step 55 | Loss=0.641460 | Best makespan in group=358.00
[TRAIN] Step 56/350 | 16:50:46
[TRAIN] Step 56 | Loss=0.642167 | Best makespan in group=434.00
[TRAIN] Step 57/350 | 16:51:19
[TRAIN] Step 57 | Loss=0.536518 | Best makespan in group=395.00
[TRAIN] Step 58/350 | 16:51:48
[TRAIN] Step 58 | Loss=0.681032 | Best makespan in group=502.00
[TRAIN] Step 59/350 | 16:52:21
[TRAIN] Step 59 | Loss=0.672179 | Best makespan in group=380.00
[TRAIN] Step 60/350 | 16:52:58
[TRAIN] Step 60 | Loss=0.813389 | Best makespan in group=530.00
[TRAIN] Step 61/350 | 16:53:33
[TRAIN] Step 61 | Loss=0.767402 | Best makespan in group=460.00
[TRAIN] Step 62/350 | 16:54:08
[TRAIN] Step 62 | Loss=0.686681 | Best makespan in group=427.00
[TRAIN] Step 63/350 | 16:54:43
[TRAIN] Step 63 | Loss=0.715434 | Best makespan in group=583.00
[TRAIN] Step 64/350 | 16:55:16
[TRAIN] Step 64 | Loss=0.778235 | Best makespan in group=329.00
[TRAIN] Step 65/350 | 16:55:46
[TRAIN] Step 65 | Loss=0.695851 | Best makespan in group=342.00
[TRAIN] Step 66/350 | 16:56:24
[TRAIN] Step 66 | Loss=0.802558 | Best makespan in group=403.00
[TRAIN] Step 67/350 | 16:56:51
[TRAIN] Step 67 | Loss=0.560164 | Best makespan in group=398.00
[TRAIN] Step 68/350 | 16:57:26
[TRAIN] Step 68 | Loss=0.500248 | Best makespan in group=373.00
[TRAIN] Step 69/350 | 16:57:59
[TRAIN] Step 69 | Loss=0.671686 | Best makespan in group=415.00
[TRAIN] Step 70/350 | 16:58:31
[TRAIN] Step 70 | Loss=0.725698 | Best makespan in group=426.00
[TRAIN] Step 71/350 | 16:59:05
[TRAIN] Step 71 | Loss=0.576094 | Best makespan in group=483.00
[TRAIN] Step 72/350 | 16:59:38
[TRAIN] Step 72 | Loss=0.543439 | Best makespan in group=361.00
[TRAIN] Step 73/350 | 17:00:15
[TRAIN] Step 73 | Loss=0.593538 | Best makespan in group=347.00
[TRAIN] Step 74/350 | 17:00:45
[TRAIN] Step 74 | Loss=0.613885 | Best makespan in group=386.00
[TRAIN] Step 75/350 | 17:01:17
[TRAIN] Step 75 | Loss=0.649211 | Best makespan in group=404.00
[TRAIN][VAL][ep 75] avg_gap=0.3318 | std_gap=0.1354 | q80_gap=0.4269 | n=20
[TRAIN] Validation improved | smoothed_avg_gap=0.3450 (raw=0.3318) | saving candidate: 220445401439411.pth
[TRAIN] Step 76/350 | 17:02:19
[TRAIN] Step 76 | Loss=0.776244 | Best makespan in group=360.00
[TRAIN] Step 77/350 | 17:02:49
[TRAIN] Step 77 | Loss=0.574536 | Best makespan in group=328.00
[TRAIN] Step 78/350 | 17:03:19
[TRAIN] Step 78 | Loss=0.876028 | Best makespan in group=478.00
[TRAIN] Step 79/350 | 17:03:47
[TRAIN] Step 79 | Loss=0.677193 | Best makespan in group=422.00
[TRAIN] Step 80/350 | 17:04:18
[TRAIN] Step 80 | Loss=0.796536 | Best makespan in group=440.00
[TRAIN] Step 81/350 | 17:04:50
[TRAIN] Step 81 | Loss=0.687383 | Best makespan in group=433.00
[TRAIN] Step 82/350 | 17:05:17
[TRAIN] Step 82 | Loss=0.599642 | Best makespan in group=491.00
[TRAIN] Step 83/350 | 17:05:52
[TRAIN] Step 83 | Loss=0.892472 | Best makespan in group=244.00
[TRAIN] Step 84/350 | 17:06:25
[TRAIN] Step 84 | Loss=0.673337 | Best makespan in group=422.00
[TRAIN] Step 85/350 | 17:06:59
[TRAIN] Step 85 | Loss=0.695096 | Best makespan in group=445.00
[TRAIN] Step 86/350 | 17:07:31
[TRAIN] Step 86 | Loss=0.588807 | Best makespan in group=388.00
[TRAIN] Step 87/350 | 17:08:05
[TRAIN] Step 87 | Loss=0.615340 | Best makespan in group=369.00
[TRAIN] Step 88/350 | 17:08:35
[TRAIN] Step 88 | Loss=0.639805 | Best makespan in group=311.00
[TRAIN] Step 89/350 | 17:09:09
[TRAIN] Step 89 | Loss=0.532015 | Best makespan in group=581.00
[TRAIN] Step 90/350 | 17:09:42
[TRAIN] Step 90 | Loss=0.668181 | Best makespan in group=374.00
[TRAIN] Step 91/350 | 17:10:11
[TRAIN] Step 91 | Loss=0.633237 | Best makespan in group=367.00
[TRAIN] Step 92/350 | 17:10:44
[TRAIN] Step 92 | Loss=0.615237 | Best makespan in group=436.00
[TRAIN] Step 93/350 | 17:11:15
[TRAIN] Step 93 | Loss=0.683298 | Best makespan in group=575.00
[TRAIN] Step 94/350 | 17:11:50
[TRAIN] Step 94 | Loss=0.685499 | Best makespan in group=419.00
[TRAIN] Step 95/350 | 17:12:21
[TRAIN] Step 95 | Loss=0.609668 | Best makespan in group=373.00
[TRAIN] Step 96/350 | 17:12:50
[TRAIN] Step 96 | Loss=0.532485 | Best makespan in group=369.00
[TRAIN] Step 97/350 | 17:13:27
[TRAIN] Step 97 | Loss=0.677859 | Best makespan in group=404.00
[TRAIN] Step 98/350 | 17:13:55
[TRAIN] Step 98 | Loss=0.766025 | Best makespan in group=399.00
[TRAIN] Step 99/350 | 17:14:31
[TRAIN] Step 99 | Loss=0.744863 | Best makespan in group=312.00
[TRAIN] Step 100/350 | 17:15:04
[TRAIN] Step 100 | Loss=0.759181 | Best makespan in group=489.00
[TRAIN][VAL][ep 100] avg_gap=0.3001 | std_gap=0.1182 | q80_gap=0.3647 | n=20
[TRAIN] Validation improved | smoothed_avg_gap=0.3226 (raw=0.3001) | saving candidate: 804840676318454.pth
[TRAIN] Step 101/350 | 17:16:07
[TRAIN] Step 101 | Loss=0.594666 | Best makespan in group=391.00
[TRAIN] Step 102/350 | 17:16:41
[TRAIN] Step 102 | Loss=0.623571 | Best makespan in group=429.00
[TRAIN] Step 103/350 | 17:17:16
[TRAIN] Step 103 | Loss=0.550912 | Best makespan in group=519.00
[TRAIN] Step 104/350 | 17:17:51
[TRAIN] Step 104 | Loss=0.712368 | Best makespan in group=432.00
[TRAIN] Step 105/350 | 17:18:25
[TRAIN] Step 105 | Loss=0.772902 | Best makespan in group=330.00
[TRAIN] Step 106/350 | 17:18:56
[TRAIN] Step 106 | Loss=0.607645 | Best makespan in group=388.00
[TRAIN] Step 107/350 | 17:19:31
[TRAIN] Step 107 | Loss=0.667962 | Best makespan in group=454.00
[TRAIN] Step 108/350 | 17:20:03
[TRAIN] Step 108 | Loss=0.669759 | Best makespan in group=311.00
[TRAIN] Step 109/350 | 17:20:41
[TRAIN] Step 109 | Loss=0.699254 | Best makespan in group=327.00
[TRAIN] Step 110/350 | 17:21:11
[TRAIN] Step 110 | Loss=0.697082 | Best makespan in group=498.00
[TRAIN] Step 111/350 | 17:21:40
[TRAIN] Step 111 | Loss=0.560400 | Best makespan in group=251.00
[TRAIN] Step 112/350 | 17:22:13
[TRAIN] Step 112 | Loss=0.652929 | Best makespan in group=419.00
[TRAIN] Step 113/350 | 17:22:45
[TRAIN] Step 113 | Loss=0.670809 | Best makespan in group=442.00
[TRAIN] Step 114/350 | 17:23:18
[TRAIN] Step 114 | Loss=0.743722 | Best makespan in group=427.00
[TRAIN] Step 115/350 | 17:23:46
[TRAIN] Step 115 | Loss=0.643862 | Best makespan in group=419.00
[TRAIN] Step 116/350 | 17:24:18
[TRAIN] Step 116 | Loss=0.712706 | Best makespan in group=594.00
[TRAIN] Step 117/350 | 17:24:51
[TRAIN] Step 117 | Loss=0.588411 | Best makespan in group=367.00
[TRAIN] Step 118/350 | 17:25:21
[TRAIN] Step 118 | Loss=0.483369 | Best makespan in group=360.00
[TRAIN] Step 119/350 | 17:25:50
[TRAIN] Step 119 | Loss=0.608932 | Best makespan in group=367.00
[TRAIN] Step 120/350 | 17:26:19
[TRAIN] Step 120 | Loss=0.944999 | Best makespan in group=371.00
[TRAIN] Step 121/350 | 17:26:52
[TRAIN] Step 121 | Loss=0.558962 | Best makespan in group=490.00
[TRAIN] Step 122/350 | 17:27:25
[TRAIN] Step 122 | Loss=0.658728 | Best makespan in group=409.00
[TRAIN] Step 123/350 | 17:27:57
[TRAIN] Step 123 | Loss=0.690920 | Best makespan in group=410.00
[TRAIN] Step 124/350 | 17:28:31
[TRAIN] Step 124 | Loss=0.642695 | Best makespan in group=443.00
[TRAIN] Step 125/350 | 17:29:02
[TRAIN] Step 125 | Loss=0.841236 | Best makespan in group=263.00
[TRAIN][VAL][ep 125] avg_gap=0.3272 | std_gap=0.1659 | q80_gap=0.3950 | n=20
[TRAIN] Validation improved | smoothed_avg_gap=0.3197 (raw=0.3272) | saving candidate: 79462331502493.pth
[TRAIN] Step 126/350 | 17:30:06
[TRAIN] Step 126 | Loss=0.663902 | Best makespan in group=398.00
[TRAIN] Step 127/350 | 17:30:34
[TRAIN] Step 127 | Loss=0.786840 | Best makespan in group=424.00
[TRAIN] Step 128/350 | 17:31:08
[TRAIN] Step 128 | Loss=0.834462 | Best makespan in group=426.00
[TRAIN] Step 129/350 | 17:31:41
[TRAIN] Step 129 | Loss=0.599159 | Best makespan in group=311.00
[TRAIN] Step 130/350 | 17:32:15
[TRAIN] Step 130 | Loss=0.751321 | Best makespan in group=433.00
[TRAIN] Step 131/350 | 17:32:50
[TRAIN] Step 131 | Loss=0.704439 | Best makespan in group=550.00
[TRAIN] Step 132/350 | 17:33:24
[TRAIN] Step 132 | Loss=0.928913 | Best makespan in group=384.00
[TRAIN] Step 133/350 | 17:34:02
[TRAIN] Step 133 | Loss=0.623196 | Best makespan in group=376.00
[TRAIN] Step 134/350 | 17:34:35
[TRAIN] Step 134 | Loss=0.670874 | Best makespan in group=312.00
[TRAIN] Step 135/350 | 17:35:12
[TRAIN] Step 135 | Loss=0.727936 | Best makespan in group=371.00
[TRAIN] Step 136/350 | 17:35:43
[TRAIN] Step 136 | Loss=0.717424 | Best makespan in group=556.00
[TRAIN] Step 137/350 | 17:36:16
[TRAIN] Step 137 | Loss=0.660244 | Best makespan in group=335.00
[TRAIN] Step 138/350 | 17:36:48
[TRAIN] Step 138 | Loss=0.826637 | Best makespan in group=322.00
[TRAIN] Step 139/350 | 17:37:17
[TRAIN] Step 139 | Loss=0.571256 | Best makespan in group=416.00
[TRAIN] Step 140/350 | 17:37:45
[TRAIN] Step 140 | Loss=0.704347 | Best makespan in group=501.00
[TRAIN] Step 141/350 | 17:38:13
[TRAIN] Step 141 | Loss=0.795968 | Best makespan in group=414.00
[TRAIN] Step 142/350 | 17:38:49
[TRAIN] Step 142 | Loss=0.648156 | Best makespan in group=479.00
[TRAIN] Step 143/350 | 17:39:23
[TRAIN] Step 143 | Loss=0.616300 | Best makespan in group=382.00
[TRAIN] Step 144/350 | 17:39:58
[TRAIN] Step 144 | Loss=0.551676 | Best makespan in group=412.00
[TRAIN] Step 145/350 | 17:40:33
[TRAIN] Step 145 | Loss=0.774950 | Best makespan in group=416.00
[TRAIN] Step 146/350 | 17:41:13
[TRAIN] Step 146 | Loss=0.485075 | Best makespan in group=373.00
[TRAIN] Step 147/350 | 17:41:42
[TRAIN] Step 147 | Loss=0.558575 | Best makespan in group=371.00
[TRAIN] Step 148/350 | 17:42:16
[TRAIN] Step 148 | Loss=0.722697 | Best makespan in group=465.00
[TRAIN] Step 149/350 | 17:42:48
[TRAIN] Step 149 | Loss=0.676670 | Best makespan in group=358.00
[TRAIN] Step 150/350 | 17:43:18
[TRAIN] Step 150 | Loss=1.021627 | Best makespan in group=365.00
[TRAIN][VAL][ep 150] avg_gap=0.2391 | std_gap=0.1025 | q80_gap=0.3257 | n=20
[TRAIN] Validation improved | smoothed_avg_gap=0.2888 (raw=0.2391) | saving candidate: 811578986121317.pth
[TRAIN] Step 151/350 | 17:44:17
[TRAIN] Step 151 | Loss=0.552850 | Best makespan in group=385.00
[TRAIN] Step 152/350 | 17:44:46
[TRAIN] Step 152 | Loss=0.572784 | Best makespan in group=421.00
[TRAIN] Step 153/350 | 17:45:18
[TRAIN] Step 153 | Loss=0.635727 | Best makespan in group=429.00
[TRAIN] Step 154/350 | 17:45:49
[TRAIN] Step 154 | Loss=0.775676 | Best makespan in group=258.00
[TRAIN] Step 155/350 | 17:46:22
[TRAIN] Step 155 | Loss=0.545527 | Best makespan in group=418.00
[TRAIN] Step 156/350 | 17:46:55
[TRAIN] Step 156 | Loss=0.717124 | Best makespan in group=364.00
[TRAIN] Step 157/350 | 17:47:33
[TRAIN] Step 157 | Loss=0.641483 | Best makespan in group=563.00
[TRAIN] Step 158/350 | 17:48:06
[TRAIN] Step 158 | Loss=0.621346 | Best makespan in group=397.00
[TRAIN] Step 159/350 | 17:48:40
[TRAIN] Step 159 | Loss=0.787354 | Best makespan in group=416.00
[TRAIN] Step 160/350 | 17:49:14
[TRAIN] Step 160 | Loss=0.693441 | Best makespan in group=318.00
[TRAIN] Step 161/350 | 17:49:52
[TRAIN] Step 161 | Loss=0.560645 | Best makespan in group=512.00
[TRAIN] Step 162/350 | 17:50:20
[TRAIN] Step 162 | Loss=0.480907 | Best makespan in group=432.00
[TRAIN] Step 163/350 | 17:50:55
[TRAIN] Step 163 | Loss=0.649222 | Best makespan in group=474.00
[TRAIN] Step 164/350 | 17:51:29
[TRAIN] Step 164 | Loss=0.617735 | Best makespan in group=368.00
[TRAIN] Step 165/350 | 17:51:58
[TRAIN] Step 165 | Loss=0.528857 | Best makespan in group=318.00
[TRAIN] Step 166/350 | 17:52:31
[TRAIN] Step 166 | Loss=0.696645 | Best makespan in group=382.00
[TRAIN] Step 167/350 | 17:53:04
[TRAIN] Step 167 | Loss=0.654848 | Best makespan in group=580.00
[TRAIN] Step 168/350 | 17:53:38
[TRAIN] Step 168 | Loss=0.559733 | Best makespan in group=347.00
[TRAIN] Step 169/350 | 17:54:07
[TRAIN] Step 169 | Loss=0.835244 | Best makespan in group=426.00
[TRAIN] Step 170/350 | 17:54:38
[TRAIN] Step 170 | Loss=0.714294 | Best makespan in group=326.00
[TRAIN] Step 171/350 | 17:55:08
[TRAIN] Step 171 | Loss=0.708451 | Best makespan in group=323.00
[TRAIN] Step 172/350 | 17:55:39
[TRAIN] Step 172 | Loss=0.768824 | Best makespan in group=363.00
[TRAIN] Step 173/350 | 17:56:07
[TRAIN] Step 173 | Loss=0.810624 | Best makespan in group=354.00
[TRAIN] Step 174/350 | 17:56:40
[TRAIN] Step 174 | Loss=0.726285 | Best makespan in group=442.00
[TRAIN] Step 175/350 | 17:57:12
[TRAIN] Step 175 | Loss=0.807657 | Best makespan in group=396.00
[TRAIN][VAL][ep 175] avg_gap=0.2279 | std_gap=0.1075 | q80_gap=0.3501 | n=20
[TRAIN] Validation improved | smoothed_avg_gap=0.2648 (raw=0.2279) | saving candidate: 108448640008003.pth
[TRAIN] Step 176/350 | 17:58:09
[TRAIN] Step 176 | Loss=0.600221 | Best makespan in group=407.00
[TRAIN] Step 177/350 | 17:58:44
[TRAIN] Step 177 | Loss=0.714857 | Best makespan in group=370.00
[TRAIN] Step 178/350 | 17:59:14
[TRAIN] Step 178 | Loss=0.609801 | Best makespan in group=372.00
[TRAIN] Step 179/350 | 17:59:48
[TRAIN] Step 179 | Loss=0.762806 | Best makespan in group=404.00
[TRAIN] Step 180/350 | 18:00:20
[TRAIN] Step 180 | Loss=0.593045 | Best makespan in group=481.00
[TRAIN] Step 181/350 | 18:00:55
[TRAIN] Step 181 | Loss=0.637661 | Best makespan in group=416.00
[TRAIN] Step 182/350 | 18:01:30
[TRAIN] Step 182 | Loss=0.820757 | Best makespan in group=381.00
[TRAIN] Step 183/350 | 18:02:00
[TRAIN] Step 183 | Loss=0.611781 | Best makespan in group=314.00
[TRAIN] Step 184/350 | 18:02:33
[TRAIN] Step 184 | Loss=0.598456 | Best makespan in group=339.00
[TRAIN] Step 185/350 | 18:03:06
[TRAIN] Step 185 | Loss=0.546467 | Best makespan in group=457.00
[TRAIN] Step 186/350 | 18:03:40
[TRAIN] Step 186 | Loss=0.710425 | Best makespan in group=375.00
[TRAIN] Step 187/350 | 18:04:13
[TRAIN] Step 187 | Loss=0.845279 | Best makespan in group=375.00
[TRAIN] Step 188/350 | 18:04:41
[TRAIN] Step 188 | Loss=0.680113 | Best makespan in group=366.00
[TRAIN] Step 189/350 | 18:05:10
[TRAIN] Step 189 | Loss=0.635625 | Best makespan in group=553.00
[TRAIN] Step 190/350 | 18:05:45
[TRAIN] Step 190 | Loss=0.718318 | Best makespan in group=417.00
[TRAIN] Step 191/350 | 18:06:21
[TRAIN] Step 191 | Loss=0.664293 | Best makespan in group=352.00
[TRAIN] Step 192/350 | 18:06:50
[TRAIN] Step 192 | Loss=0.701455 | Best makespan in group=320.00
[TRAIN] Step 193/350 | 18:07:19
[TRAIN] Step 193 | Loss=0.615952 | Best makespan in group=374.00
[TRAIN] Step 194/350 | 18:07:53
[TRAIN] Step 194 | Loss=0.755084 | Best makespan in group=252.00
[TRAIN] Step 195/350 | 18:08:26
[TRAIN] Step 195 | Loss=0.758327 | Best makespan in group=420.00
[TRAIN] Step 196/350 | 18:08:56
[TRAIN] Step 196 | Loss=0.559414 | Best makespan in group=411.00
[TRAIN] Step 197/350 | 18:09:27
[TRAIN] Step 197 | Loss=0.600557 | Best makespan in group=419.00
[TRAIN] Step 198/350 | 18:10:00
[TRAIN] Step 198 | Loss=0.564912 | Best makespan in group=363.00
[TRAIN] Step 199/350 | 18:10:30
[TRAIN] Step 199 | Loss=0.640724 | Best makespan in group=520.00
[TRAIN] Step 200/350 | 18:11:03
[TRAIN] Step 200 | Loss=0.618993 | Best makespan in group=426.00
[TRAIN] Refreshing training instances (step 200)...
[TRAIN][VAL][ep 200] avg_gap=0.2137 | std_gap=0.1091 | q80_gap=0.2863 | n=20
[TRAIN] Validation improved | smoothed_avg_gap=0.2269 (raw=0.2137) | saving candidate: 316309782119410.pth
[TRAIN] Step 201/350 | 18:12:01
[TRAIN] Step 201 | Loss=0.553519 | Best makespan in group=439.00
[TRAIN] Step 202/350 | 18:12:29
[TRAIN] Step 202 | Loss=0.638027 | Best makespan in group=407.00
[TRAIN] Step 203/350 | 18:12:57
[TRAIN] Step 203 | Loss=0.593584 | Best makespan in group=347.00
[TRAIN] Step 204/350 | 18:13:32
[TRAIN] Step 204 | Loss=0.495492 | Best makespan in group=402.00
[TRAIN] Step 205/350 | 18:14:11
[TRAIN] Step 205 | Loss=0.624691 | Best makespan in group=446.00
[TRAIN] Step 206/350 | 18:14:42
[TRAIN] Step 206 | Loss=0.670898 | Best makespan in group=380.00
[TRAIN] Step 207/350 | 18:15:13
[TRAIN] Step 207 | Loss=0.832993 | Best makespan in group=340.00
[TRAIN] Step 208/350 | 18:15:47
[TRAIN] Step 208 | Loss=0.669455 | Best makespan in group=354.00
[TRAIN] Step 209/350 | 18:16:21
[TRAIN] Step 209 | Loss=0.684444 | Best makespan in group=431.00
[TRAIN] Step 210/350 | 18:16:50
[TRAIN] Step 210 | Loss=0.717789 | Best makespan in group=359.00
[TRAIN] Step 211/350 | 18:17:22
[TRAIN] Step 211 | Loss=0.730492 | Best makespan in group=506.00
[TRAIN] Step 212/350 | 18:17:52
[TRAIN] Step 212 | Loss=0.677189 | Best makespan in group=298.00
[TRAIN] Step 213/350 | 18:18:26
[TRAIN] Step 213 | Loss=0.738736 | Best makespan in group=433.00
[TRAIN] Step 214/350 | 18:19:01
[TRAIN] Step 214 | Loss=0.770557 | Best makespan in group=403.00
[TRAIN] Step 215/350 | 18:19:35
[TRAIN] Step 215 | Loss=0.704675 | Best makespan in group=392.00
[TRAIN] Step 216/350 | 18:20:08
[TRAIN] Step 216 | Loss=0.709893 | Best makespan in group=375.00
[TRAIN] Step 217/350 | 18:20:38
[TRAIN] Step 217 | Loss=0.711306 | Best makespan in group=351.00
[TRAIN] Step 218/350 | 18:21:07
[TRAIN] Step 218 | Loss=0.673975 | Best makespan in group=512.00
[TRAIN] Step 219/350 | 18:21:37
[TRAIN] Step 219 | Loss=0.644650 | Best makespan in group=325.00
[TRAIN] Step 220/350 | 18:22:12
[TRAIN] Step 220 | Loss=0.581540 | Best makespan in group=387.00
[TRAIN] Step 221/350 | 18:22:39
[TRAIN] Step 221 | Loss=0.614323 | Best makespan in group=378.00
[TRAIN] Step 222/350 | 18:23:11
[TRAIN] Step 222 | Loss=0.540770 | Best makespan in group=327.00
[TRAIN] Step 223/350 | 18:23:46
[TRAIN] Step 223 | Loss=0.713162 | Best makespan in group=345.00
[TRAIN] Step 224/350 | 18:24:20
[TRAIN] Step 224 | Loss=0.847086 | Best makespan in group=383.00
[TRAIN] Step 225/350 | 18:24:50
[TRAIN] Step 225 | Loss=0.626002 | Best makespan in group=457.00
[TRAIN][VAL][ep 225] avg_gap=0.1921 | std_gap=0.0784 | q80_gap=0.2823 | n=20
[TRAIN] Validation improved | smoothed_avg_gap=0.2113 (raw=0.1921) | saving candidate: 890665212986146.pth
[TRAIN] Step 226/350 | 18:25:48
[TRAIN] Step 226 | Loss=0.735734 | Best makespan in group=443.00
[TRAIN] Step 227/350 | 18:26:19
[TRAIN] Step 227 | Loss=0.594668 | Best makespan in group=473.00
[TRAIN] Step 228/350 | 18:26:54
[TRAIN] Step 228 | Loss=0.617776 | Best makespan in group=327.00
[TRAIN] Step 229/350 | 18:27:26
[TRAIN] Step 229 | Loss=0.984020 | Best makespan in group=420.00
[TRAIN] Step 230/350 | 18:27:59
[TRAIN] Step 230 | Loss=0.522278 | Best makespan in group=477.00
[TRAIN] Step 231/350 | 18:28:33
[TRAIN] Step 231 | Loss=0.659193 | Best makespan in group=384.00
[TRAIN] Step 232/350 | 18:29:03
[TRAIN] Step 232 | Loss=0.623138 | Best makespan in group=300.00
[TRAIN] Step 233/350 | 18:29:36
[TRAIN] Step 233 | Loss=0.835692 | Best makespan in group=425.00
[TRAIN] Step 234/350 | 18:30:12
[TRAIN] Step 234 | Loss=0.530434 | Best makespan in group=402.00
[TRAIN] Step 235/350 | 18:30:39
[TRAIN] Step 235 | Loss=0.687139 | Best makespan in group=411.00
[TRAIN] Step 236/350 | 18:31:13
[TRAIN] Step 236 | Loss=0.543075 | Best makespan in group=389.00
[TRAIN] Step 237/350 | 18:31:46
[TRAIN] Step 237 | Loss=0.509580 | Best makespan in group=492.00
[TRAIN] Step 238/350 | 18:32:15
[TRAIN] Step 238 | Loss=0.795884 | Best makespan in group=484.00
[TRAIN] Step 239/350 | 18:32:49
[TRAIN] Step 239 | Loss=0.576876 | Best makespan in group=385.00
[TRAIN] Step 240/350 | 18:33:25
[TRAIN] Step 240 | Loss=0.679585 | Best makespan in group=353.00
[TRAIN] Step 241/350 | 18:33:59
[TRAIN] Step 241 | Loss=0.575646 | Best makespan in group=322.00
[TRAIN] Step 242/350 | 18:34:34
[TRAIN] Step 242 | Loss=0.675787 | Best makespan in group=325.00
[TRAIN] Step 243/350 | 18:35:07
[TRAIN] Step 243 | Loss=0.557856 | Best makespan in group=349.00
[TRAIN] Step 244/350 | 18:35:41
[TRAIN] Step 244 | Loss=0.528731 | Best makespan in group=335.00
[TRAIN] Step 245/350 | 18:36:13
[TRAIN] Step 245 | Loss=0.520328 | Best makespan in group=446.00
[TRAIN] Step 246/350 | 18:36:44
[TRAIN] Step 246 | Loss=0.566706 | Best makespan in group=447.00
[TRAIN] Step 247/350 | 18:37:12
[TRAIN] Step 247 | Loss=0.698435 | Best makespan in group=360.00
[TRAIN] Step 248/350 | 18:37:42
[TRAIN] Step 248 | Loss=0.705675 | Best makespan in group=451.00
[TRAIN] Step 249/350 | 18:38:12
[TRAIN] Step 249 | Loss=0.722746 | Best makespan in group=342.00
[TRAIN] Step 250/350 | 18:38:47
[TRAIN] Step 250 | Loss=0.691706 | Best makespan in group=437.00
[TRAIN][VAL][ep 250] avg_gap=0.1984 | std_gap=0.0811 | q80_gap=0.2665 | n=20
[TRAIN] Validation improved | smoothed_avg_gap=0.2014 (raw=0.1984) | saving candidate: 81917570931129.pth
[TRAIN] Step 251/350 | 18:39:43
[TRAIN] Step 251 | Loss=0.697202 | Best makespan in group=363.00
[TRAIN] Step 252/350 | 18:40:16
[TRAIN] Step 252 | Loss=0.614494 | Best makespan in group=397.00
[TRAIN] Step 253/350 | 18:40:43
[TRAIN] Step 253 | Loss=0.688429 | Best makespan in group=375.00
[TRAIN] Step 254/350 | 18:41:13
[TRAIN] Step 254 | Loss=0.564509 | Best makespan in group=516.00
[TRAIN] Step 255/350 | 18:41:43
[TRAIN] Step 255 | Loss=0.770507 | Best makespan in group=348.00
[TRAIN] Step 256/350 | 18:42:17
[TRAIN] Step 256 | Loss=0.759992 | Best makespan in group=336.00
[TRAIN] Step 257/350 | 18:42:45
[TRAIN] Step 257 | Loss=0.640674 | Best makespan in group=391.00
[TRAIN] Step 258/350 | 18:43:16
[TRAIN] Step 258 | Loss=0.700375 | Best makespan in group=473.00
[TRAIN] Step 259/350 | 18:43:49
[TRAIN] Step 259 | Loss=0.590446 | Best makespan in group=425.00
[TRAIN] Step 260/350 | 18:44:17
[TRAIN] Step 260 | Loss=0.753523 | Best makespan in group=416.00
[TRAIN] Step 261/350 | 18:44:50
[TRAIN] Step 261 | Loss=0.563516 | Best makespan in group=333.00
[TRAIN] Step 262/350 | 18:45:23
[TRAIN] Step 262 | Loss=0.781107 | Best makespan in group=446.00
[TRAIN] Step 263/350 | 18:45:54
[TRAIN] Step 263 | Loss=0.652981 | Best makespan in group=303.00
[TRAIN] Step 264/350 | 18:46:28
[TRAIN] Step 264 | Loss=0.614166 | Best makespan in group=303.00
[TRAIN] Step 265/350 | 18:47:00
[TRAIN] Step 265 | Loss=0.614185 | Best makespan in group=429.00
[TRAIN] Step 266/350 | 18:47:27
[TRAIN] Step 266 | Loss=0.623397 | Best makespan in group=415.00
[TRAIN] Step 267/350 | 18:47:59
[TRAIN] Step 267 | Loss=0.582546 | Best makespan in group=379.00
[TRAIN] Step 268/350 | 18:48:27
[TRAIN] Step 268 | Loss=0.711947 | Best makespan in group=379.00
[TRAIN] Step 269/350 | 18:48:58
[TRAIN] Step 269 | Loss=0.666169 | Best makespan in group=343.00
[TRAIN] Step 270/350 | 18:49:32
[TRAIN] Step 270 | Loss=0.834899 | Best makespan in group=486.00
[TRAIN] Step 271/350 | 18:50:01
[TRAIN] Step 271 | Loss=0.666075 | Best makespan in group=364.00
[TRAIN] Step 272/350 | 18:50:34
[TRAIN] Step 272 | Loss=0.618930 | Best makespan in group=352.00
[TRAIN] Step 273/350 | 18:51:04
[TRAIN] Step 273 | Loss=0.853271 | Best makespan in group=353.00
[TRAIN] Step 274/350 | 18:51:38
[TRAIN] Step 274 | Loss=0.542841 | Best makespan in group=509.00
[TRAIN] Step 275/350 | 18:52:08
[TRAIN] Step 275 | Loss=0.730901 | Best makespan in group=335.00
[TRAIN][VAL][ep 275] avg_gap=0.3716 | std_gap=0.2729 | q80_gap=0.4497 | n=20
[TRAIN] Step 276/350 | 18:53:02
[TRAIN] Step 276 | Loss=0.778752 | Best makespan in group=472.00
[TRAIN] Step 277/350 | 18:53:36
[TRAIN] Step 277 | Loss=0.825604 | Best makespan in group=457.00
[TRAIN] Step 278/350 | 18:54:06
[TRAIN] Step 278 | Loss=0.702977 | Best makespan in group=422.00
[TRAIN] Step 279/350 | 18:54:34
[TRAIN] Step 279 | Loss=0.594471 | Best makespan in group=547.00
[TRAIN] Step 280/350 | 18:55:04
[TRAIN] Step 280 | Loss=0.597829 | Best makespan in group=518.00
[TRAIN] Step 281/350 | 18:55:32
[TRAIN] Step 281 | Loss=0.851078 | Best makespan in group=529.00
[TRAIN] Step 282/350 | 18:56:06
[TRAIN] Step 282 | Loss=0.807534 | Best makespan in group=429.00
[TRAIN] Step 283/350 | 18:56:39
[TRAIN] Step 283 | Loss=0.735323 | Best makespan in group=557.00
[TRAIN] Step 284/350 | 18:57:13
[TRAIN] Step 284 | Loss=0.833455 | Best makespan in group=422.00
[TRAIN] Step 285/350 | 18:57:51
[TRAIN] Step 285 | Loss=0.661044 | Best makespan in group=364.00
[TRAIN] Step 286/350 | 18:58:26
[TRAIN] Step 286 | Loss=0.465321 | Best makespan in group=405.00
[TRAIN] Step 287/350 | 18:58:59
[TRAIN] Step 287 | Loss=0.707030 | Best makespan in group=402.00
[TRAIN] Step 288/350 | 18:59:30
[TRAIN] Step 288 | Loss=0.796226 | Best makespan in group=381.00
[TRAIN] Step 289/350 | 18:59:59
[TRAIN] Step 289 | Loss=0.805214 | Best makespan in group=455.00
[TRAIN] Step 290/350 | 19:00:33
[TRAIN] Step 290 | Loss=0.628742 | Best makespan in group=408.00
[TRAIN] Step 291/350 | 19:01:00
[TRAIN] Step 291 | Loss=0.733258 | Best makespan in group=446.00
[TRAIN] Step 292/350 | 19:01:31
[TRAIN] Step 292 | Loss=0.789695 | Best makespan in group=416.00
[TRAIN] Step 293/350 | 19:01:57
[TRAIN] Step 293 | Loss=0.545328 | Best makespan in group=408.00
[TRAIN] Step 294/350 | 19:02:25
[TRAIN] Step 294 | Loss=0.669195 | Best makespan in group=400.00
[TRAIN] Step 295/350 | 19:02:52
[TRAIN] Step 295 | Loss=0.759829 | Best makespan in group=336.00
[TRAIN] Step 296/350 | 19:03:26
[TRAIN] Step 296 | Loss=0.524017 | Best makespan in group=397.00
[TRAIN] Step 297/350 | 19:03:59
[TRAIN] Step 297 | Loss=0.559847 | Best makespan in group=380.00
[TRAIN] Step 298/350 | 19:04:28
[TRAIN] Step 298 | Loss=0.640844 | Best makespan in group=355.00
[TRAIN] Step 299/350 | 19:05:02
[TRAIN] Step 299 | Loss=0.673456 | Best makespan in group=440.00
[TRAIN] Step 300/350 | 19:05:29
[TRAIN] Step 300 | Loss=0.691715 | Best makespan in group=365.00
[TRAIN][VAL][ep 300] avg_gap=0.2044 | std_gap=0.0808 | q80_gap=0.2698 | n=20
[TRAIN] Step 301/350 | 19:06:25
[TRAIN] Step 301 | Loss=0.707359 | Best makespan in group=335.00
[TRAIN] Step 302/350 | 19:06:58
[TRAIN] Step 302 | Loss=0.720801 | Best makespan in group=300.00
[TRAIN] Step 303/350 | 19:07:30
[TRAIN] Step 303 | Loss=0.652466 | Best makespan in group=377.00
[TRAIN] Step 304/350 | 19:08:01
[TRAIN] Step 304 | Loss=0.493852 | Best makespan in group=466.00
[TRAIN] Step 305/350 | 19:08:35
[TRAIN] Step 305 | Loss=0.641711 | Best makespan in group=424.00
[TRAIN] Step 306/350 | 19:09:10
[TRAIN] Step 306 | Loss=0.617579 | Best makespan in group=435.00
[TRAIN] Step 307/350 | 19:09:40
[TRAIN] Step 307 | Loss=0.598750 | Best makespan in group=484.00
[TRAIN] Step 308/350 | 19:10:13
[TRAIN] Step 308 | Loss=0.606513 | Best makespan in group=495.00
[TRAIN] Step 309/350 | 19:10:42
[TRAIN] Step 309 | Loss=0.664702 | Best makespan in group=397.00
[TRAIN] Step 310/350 | 19:11:15
[TRAIN] Step 310 | Loss=0.691129 | Best makespan in group=503.00
[TRAIN] Step 311/350 | 19:11:44
[TRAIN] Step 311 | Loss=0.684096 | Best makespan in group=348.00
[TRAIN] Step 312/350 | 19:12:19
[TRAIN] Step 312 | Loss=0.636954 | Best makespan in group=342.00
[TRAIN] Step 313/350 | 19:12:55
[TRAIN] Step 313 | Loss=0.761508 | Best makespan in group=333.00
[TRAIN] Step 314/350 | 19:13:27
[TRAIN] Step 314 | Loss=0.785982 | Best makespan in group=361.00
[TRAIN] Step 315/350 | 19:13:57
[TRAIN] Step 315 | Loss=0.535153 | Best makespan in group=440.00
[TRAIN] Step 316/350 | 19:14:25
[TRAIN] Step 316 | Loss=0.510387 | Best makespan in group=372.00
[TRAIN] Step 317/350 | 19:15:02
[TRAIN] Step 317 | Loss=0.710397 | Best makespan in group=348.00
[TRAIN] Step 318/350 | 19:15:36
[TRAIN] Step 318 | Loss=0.494007 | Best makespan in group=351.00
[TRAIN] Step 319/350 | 19:16:08
[TRAIN] Step 319 | Loss=0.700379 | Best makespan in group=411.00
[TRAIN] Step 320/350 | 19:16:42
[TRAIN] Step 320 | Loss=0.754318 | Best makespan in group=336.00
[TRAIN] Step 321/350 | 19:17:09
[TRAIN] Step 321 | Loss=0.552606 | Best makespan in group=423.00
[TRAIN] Step 322/350 | 19:17:43
[TRAIN] Step 322 | Loss=0.613202 | Best makespan in group=413.00
[TRAIN] Step 323/350 | 19:18:10
[TRAIN] Step 323 | Loss=0.547154 | Best makespan in group=467.00
[TRAIN] Step 324/350 | 19:18:45
[TRAIN] Step 324 | Loss=0.615357 | Best makespan in group=330.00
[TRAIN] Step 325/350 | 19:19:19
[TRAIN] Step 325 | Loss=0.558045 | Best makespan in group=444.00
[TRAIN][VAL][ep 325] avg_gap=0.2017 | std_gap=0.0682 | q80_gap=0.2501 | n=20
[TRAIN] Step 326/350 | 19:20:15
[TRAIN] Step 326 | Loss=0.655411 | Best makespan in group=353.00
[TRAIN] Step 327/350 | 19:20:49
[TRAIN] Step 327 | Loss=0.536152 | Best makespan in group=440.00
[TRAIN] Step 328/350 | 19:21:17
[TRAIN] Step 328 | Loss=0.689040 | Best makespan in group=507.00
[TRAIN] Step 329/350 | 19:21:47
[TRAIN] Step 329 | Loss=0.674287 | Best makespan in group=388.00
[TRAIN] Step 330/350 | 19:22:14
[TRAIN] Step 330 | Loss=0.744601 | Best makespan in group=382.00
[TRAIN] Step 331/350 | 19:22:46
[TRAIN] Step 331 | Loss=0.743272 | Best makespan in group=334.00
[TRAIN] Step 332/350 | 19:23:20
[TRAIN] Step 332 | Loss=0.636841 | Best makespan in group=428.00
[TRAIN] Step 333/350 | 19:23:47
[TRAIN] Step 333 | Loss=0.514589 | Best makespan in group=429.00
[TRAIN] Step 334/350 | 19:24:15
[TRAIN] Step 334 | Loss=0.645887 | Best makespan in group=402.00
[TRAIN] Step 335/350 | 19:24:48
[TRAIN] Step 335 | Loss=0.719263 | Best makespan in group=460.00
[TRAIN] Step 336/350 | 19:25:18
[TRAIN] Step 336 | Loss=0.513213 | Best makespan in group=302.00
[TRAIN] Step 337/350 | 19:25:52
[TRAIN] Step 337 | Loss=0.644388 | Best makespan in group=385.00
[TRAIN] Step 338/350 | 19:26:21
[TRAIN] Step 338 | Loss=0.722366 | Best makespan in group=464.00
[TRAIN] Step 339/350 | 19:26:55
[TRAIN] Step 339 | Loss=0.695168 | Best makespan in group=385.00
[TRAIN] Step 340/350 | 19:27:33
[TRAIN] Step 340 | Loss=0.752549 | Best makespan in group=337.00
[TRAIN] Step 341/350 | 19:28:01
[TRAIN] Step 341 | Loss=0.584824 | Best makespan in group=353.00
[TRAIN] Step 342/350 | 19:28:30
[TRAIN] Step 342 | Loss=0.689116 | Best makespan in group=514.00
[TRAIN] Step 343/350 | 19:29:00
[TRAIN] Step 343 | Loss=0.730374 | Best makespan in group=347.00
[TRAIN] Step 344/350 | 19:29:35
[TRAIN] Step 344 | Loss=0.783359 | Best makespan in group=387.00
[TRAIN] Step 345/350 | 19:30:05
[TRAIN] Step 345 | Loss=0.673644 | Best makespan in group=348.00
[TRAIN] Step 346/350 | 19:30:41
[TRAIN] Step 346 | Loss=0.729635 | Best makespan in group=401.00
[TRAIN] Step 347/350 | 19:31:13
[TRAIN] Step 347 | Loss=0.675149 | Best makespan in group=354.00
[TRAIN] Step 348/350 | 19:31:46
[TRAIN] Step 348 | Loss=0.649003 | Best makespan in group=330.00
[TRAIN] Step 349/350 | 19:32:18
[TRAIN] Step 349 | Loss=0.514910 | Best makespan in group=322.00
[TRAIN] Step 350/350 | 19:32:52
[TRAIN] Step 350 | Loss=0.816466 | Best makespan in group=431.00
[TRAIN][VAL][ep 350] avg_gap=0.2023 | std_gap=0.1000 | q80_gap=0.2726 | n=20
[TRAIN] Evaluating best checkpoint (candidate_models/81917570931129.pth) on the held-out test split...
[TRAIN][TEST] avg_gap=0.1703 | std_gap=0.0741 | q80_gap=0.2136 | n=20
[TRAIN][19:34:21] Training ended. Validation history and plots updated.
