D:\Dissertação\dissertation-bopo_introduction\venv\Lib\site-packages\torch\jit\_script.py:1485: FutureWarning: `torch.jit.script` is not supported in Python 3.14+ and may break. Please switch to `torch.compile` or `torch.export`.
  warnings.warn(
============================================================
[TRAIN] Training started at: 2026-10-03 09:00:13
[TRAIN] Hyperparams | max_steps=350 | new_freq=200
[TRAIN]             | n_cases=30 | B=32 | K=10 | use_greedy=True | lr=0.0047 (decaying to 9.40e-04)
[TRAIN]             | warm_start_steps=200 | checkpoint_smooth_window=3 | seed=42
[TRAIN]             | hidden_channels=128 | num_layers=3 | heads=3
[TRAIN]             | logp_norm=mean | exclude_greedy_from_loss=True
[TRAIN] Representation | ojmb_edge_v2 | GNN | gat | jm_design | edges
[TRAIN] Device | cuda:0 (NVIDIA GeForce GTX 1650 Ti)
[TRAIN] Problem size | jobs=[8,10] | machines=[5,10] | ops_per_job=[5,6] | max_proc=100
============================================================
[TRAIN] Output run folder: results\batching_gat_L3_ojmb_edge_v2_s42
[TRAIN] Validation config | every=25 steps | instances=20 (representative subset)
[TRAIN][TEACHER] validation avg_gap=0.5033 | q80_gap=0.6593 || test avg_gap=0.4287 | q80_gap=0.6096
[TRAIN] Warm-start (behavior cloning vs. dispatch heuristic) | 200 step(s)...
[TRAIN][WARMSTART] step 10/200 | instance=15 | bc_loss=1.7055 | decisions=38
[TRAIN][WARMSTART] step 20/200 | instance=9 | bc_loss=1.6759 | decisions=41
[TRAIN][WARMSTART] step 30/200 | instance=1 | bc_loss=1.3906 | decisions=44
[TRAIN][WARMSTART] step 40/200 | instance=2 | bc_loss=1.5118 | decisions=46
[TRAIN][WARMSTART] step 50/200 | instance=27 | bc_loss=1.4422 | decisions=44
[TRAIN][WARMSTART] step 60/200 | instance=23 | bc_loss=1.4654 | decisions=43
[TRAIN][WARMSTART] step 70/200 | instance=29 | bc_loss=1.4398 | decisions=46
[TRAIN][WARMSTART] step 80/200 | instance=19 | bc_loss=1.2951 | decisions=42
[TRAIN][WARMSTART] step 90/200 | instance=1 | bc_loss=1.1309 | decisions=44
[TRAIN][WARMSTART] step 100/200 | instance=20 | bc_loss=1.0863 | decisions=42
[TRAIN][WARMSTART] step 110/200 | instance=1 | bc_loss=1.0393 | decisions=44
[TRAIN][WARMSTART] step 120/200 | instance=1 | bc_loss=1.0725 | decisions=44
[TRAIN][WARMSTART] step 130/200 | instance=20 | bc_loss=0.8493 | decisions=42
[TRAIN][WARMSTART] step 140/200 | instance=13 | bc_loss=1.0912 | decisions=43
[TRAIN][WARMSTART] step 150/200 | instance=25 | bc_loss=1.3706 | decisions=49
[TRAIN][WARMSTART] step 160/200 | instance=6 | bc_loss=1.4717 | decisions=49
[TRAIN][WARMSTART] step 170/200 | instance=23 | bc_loss=1.1646 | decisions=43
[TRAIN][WARMSTART] step 180/200 | instance=12 | bc_loss=1.1791 | decisions=44
[TRAIN][WARMSTART] step 190/200 | instance=9 | bc_loss=0.8779 | decisions=41
[TRAIN][WARMSTART] step 200/200 | instance=22 | bc_loss=1.2137 | decisions=45
[TRAIN] Warm-start complete, switching to BOPO preference optimization.
------------------------------------------------------------
[TRAIN] BOPO agent ready. Starting training loop for 350 step(s)...
------------------------------------------------------------
[TRAIN] Step 1/350 | 09:11:20
[TRAIN] Step 1 | Loss=1.074894 | Best makespan in group=447.00
[TRAIN] Step 2/350 | 09:11:38
[TRAIN] Step 2 | Loss=0.787734 | Best makespan in group=451.00
[TRAIN] Step 3/350 | 09:11:58
[TRAIN] Step 3 | Loss=0.829434 | Best makespan in group=544.00
[TRAIN] Step 4/350 | 09:12:20
[TRAIN] Step 4 | Loss=0.833638 | Best makespan in group=448.00
[TRAIN] Step 5/350 | 09:12:37
[TRAIN] Step 5 | Loss=0.781702 | Best makespan in group=368.00
[TRAIN] Step 6/350 | 09:12:52
[TRAIN] Step 6 | Loss=0.771619 | Best makespan in group=405.00
[TRAIN] Step 7/350 | 09:13:13
[TRAIN] Step 7 | Loss=0.826126 | Best makespan in group=443.00
[TRAIN] Step 8/350 | 09:13:37
[TRAIN] Step 8 | Loss=0.798247 | Best makespan in group=454.00
[TRAIN] Step 9/350 | 09:14:03
[TRAIN] Step 9 | Loss=0.772500 | Best makespan in group=329.00
[TRAIN] Step 10/350 | 09:14:22
[TRAIN] Step 10 | Loss=0.778647 | Best makespan in group=448.00
[TRAIN] Step 11/350 | 09:14:37
[TRAIN] Step 11 | Loss=0.656840 | Best makespan in group=260.00
[TRAIN] Step 12/350 | 09:14:54
[TRAIN] Step 12 | Loss=0.784449 | Best makespan in group=358.00
[TRAIN] Step 13/350 | 09:15:16
[TRAIN] Step 13 | Loss=0.854230 | Best makespan in group=396.00
[TRAIN] Step 14/350 | 09:15:35
[TRAIN] Step 14 | Loss=0.796475 | Best makespan in group=386.00
[TRAIN] Step 15/350 | 09:15:53
[TRAIN] Step 15 | Loss=0.670929 | Best makespan in group=404.00
[TRAIN] Step 16/350 | 09:16:14
[TRAIN] Step 16 | Loss=0.687912 | Best makespan in group=442.00
[TRAIN] Step 17/350 | 09:16:32
[TRAIN] Step 17 | Loss=0.704186 | Best makespan in group=342.00
[TRAIN] Step 18/350 | 09:16:52
[TRAIN] Step 18 | Loss=0.835859 | Best makespan in group=484.00
[TRAIN] Step 19/350 | 09:17:10
[TRAIN] Step 19 | Loss=0.657791 | Best makespan in group=519.00
[TRAIN] Step 20/350 | 09:17:29
[TRAIN] Step 20 | Loss=0.708072 | Best makespan in group=384.00
[TRAIN] Step 21/350 | 09:17:48
[TRAIN] Step 21 | Loss=0.629001 | Best makespan in group=350.00
[TRAIN] Step 22/350 | 09:18:04
[TRAIN] Step 22 | Loss=0.641028 | Best makespan in group=360.00
[TRAIN] Step 23/350 | 09:18:21
[TRAIN] Step 23 | Loss=0.660067 | Best makespan in group=402.00
[TRAIN] Step 24/350 | 09:18:39
[TRAIN] Step 24 | Loss=0.661780 | Best makespan in group=296.00
[TRAIN] Step 25/350 | 09:18:55
[TRAIN] Step 25 | Loss=0.728229 | Best makespan in group=312.00
[TRAIN][VAL][ep 25] avg_gap=0.4497 | std_gap=0.2284 | q80_gap=0.6120 | n=20
[TRAIN] Validation improved | smoothed_avg_gap=0.4497 (raw=0.4497) | saving candidate: 643149162643814.pth
[TRAIN] Step 26/350 | 09:19:56
[TRAIN] Step 26 | Loss=0.871718 | Best makespan in group=333.00
[TRAIN] Step 27/350 | 09:20:13
[TRAIN] Step 27 | Loss=0.833460 | Best makespan in group=404.00
[TRAIN] Step 28/350 | 09:20:30
[TRAIN] Step 28 | Loss=0.645241 | Best makespan in group=320.00
[TRAIN] Step 29/350 | 09:20:47
[TRAIN] Step 29 | Loss=0.707324 | Best makespan in group=424.00
[TRAIN] Step 30/350 | 09:21:10
[TRAIN] Step 30 | Loss=0.833638 | Best makespan in group=384.00
[TRAIN] Step 31/350 | 09:21:29
[TRAIN] Step 31 | Loss=0.761247 | Best makespan in group=426.00
[TRAIN] Step 32/350 | 09:21:48
[TRAIN] Step 32 | Loss=0.622042 | Best makespan in group=367.00
[TRAIN] Step 33/350 | 09:22:05
[TRAIN] Step 33 | Loss=0.708159 | Best makespan in group=450.00
[TRAIN] Step 34/350 | 09:22:29
[TRAIN] Step 34 | Loss=0.621297 | Best makespan in group=399.00
[TRAIN] Step 35/350 | 09:22:48
[TRAIN] Step 35 | Loss=0.785158 | Best makespan in group=359.00
[TRAIN] Step 36/350 | 09:23:09
[TRAIN] Step 36 | Loss=0.617158 | Best makespan in group=458.00
[TRAIN] Step 37/350 | 09:23:28
[TRAIN] Step 37 | Loss=0.693712 | Best makespan in group=381.00
[TRAIN] Step 38/350 | 09:23:48
[TRAIN] Step 38 | Loss=0.801827 | Best makespan in group=428.00
[TRAIN] Step 39/350 | 09:24:06
[TRAIN] Step 39 | Loss=0.605298 | Best makespan in group=338.00
[TRAIN] Step 40/350 | 09:24:21
[TRAIN] Step 40 | Loss=0.807564 | Best makespan in group=398.00
[TRAIN] Step 41/350 | 09:24:39
[TRAIN] Step 41 | Loss=0.649854 | Best makespan in group=307.00
[TRAIN] Step 42/350 | 09:24:57
[TRAIN] Step 42 | Loss=0.660995 | Best makespan in group=342.00
[TRAIN] Step 43/350 | 09:25:18
[TRAIN] Step 43 | Loss=0.769676 | Best makespan in group=349.00
[TRAIN] Step 44/350 | 09:25:38
[TRAIN] Step 44 | Loss=0.733302 | Best makespan in group=485.00
[TRAIN] Step 45/350 | 09:25:57
[TRAIN] Step 45 | Loss=0.739861 | Best makespan in group=388.00
[TRAIN] Step 46/350 | 09:26:16
[TRAIN] Step 46 | Loss=0.701752 | Best makespan in group=332.00
[TRAIN] Step 47/350 | 09:26:33
[TRAIN] Step 47 | Loss=0.582619 | Best makespan in group=331.00
[TRAIN] Step 48/350 | 09:26:49
[TRAIN] Step 48 | Loss=0.591975 | Best makespan in group=373.00
[TRAIN] Step 49/350 | 09:27:10
[TRAIN] Step 49 | Loss=0.958793 | Best makespan in group=405.00
[TRAIN] Step 50/350 | 09:27:27
[TRAIN] Step 50 | Loss=0.591991 | Best makespan in group=426.00
[TRAIN][VAL][ep 50] avg_gap=0.4518 | std_gap=0.2607 | q80_gap=0.7313 | n=20
[TRAIN] Step 51/350 | 09:28:22
[TRAIN] Step 51 | Loss=0.709711 | Best makespan in group=522.00
[TRAIN] Step 52/350 | 09:28:45
[TRAIN] Step 52 | Loss=0.637729 | Best makespan in group=396.00
[TRAIN] Step 53/350 | 09:29:09
[TRAIN] Step 53 | Loss=0.671110 | Best makespan in group=313.00
[TRAIN] Step 54/350 | 09:29:29
[TRAIN] Step 54 | Loss=0.657708 | Best makespan in group=369.00
[TRAIN] Step 55/350 | 09:29:48
[TRAIN] Step 55 | Loss=0.546581 | Best makespan in group=420.00
[TRAIN] Step 56/350 | 09:30:02
[TRAIN] Step 56 | Loss=0.728731 | Best makespan in group=335.00
[TRAIN] Step 57/350 | 09:30:25
[TRAIN] Step 57 | Loss=0.598244 | Best makespan in group=294.00
[TRAIN] Step 58/350 | 09:30:41
[TRAIN] Step 58 | Loss=0.598226 | Best makespan in group=264.00
[TRAIN] Step 59/350 | 09:30:58
[TRAIN] Step 59 | Loss=0.745121 | Best makespan in group=390.00
[TRAIN] Step 60/350 | 09:31:20
[TRAIN] Step 60 | Loss=0.806483 | Best makespan in group=442.00
[TRAIN] Step 61/350 | 09:31:45
[TRAIN] Step 61 | Loss=0.705979 | Best makespan in group=259.00
[TRAIN] Step 62/350 | 09:32:03
[TRAIN] Step 62 | Loss=0.819676 | Best makespan in group=478.00
[TRAIN] Step 63/350 | 09:32:21
[TRAIN] Step 63 | Loss=0.588711 | Best makespan in group=330.00
[TRAIN] Step 64/350 | 09:32:38
[TRAIN] Step 64 | Loss=0.850921 | Best makespan in group=390.00
[TRAIN] Step 65/350 | 09:32:56
[TRAIN] Step 65 | Loss=0.665110 | Best makespan in group=299.00
[TRAIN] Step 66/350 | 09:33:14
[TRAIN] Step 66 | Loss=0.665547 | Best makespan in group=388.00
[TRAIN] Step 67/350 | 09:33:32
[TRAIN] Step 67 | Loss=0.653745 | Best makespan in group=306.00
[TRAIN] Step 68/350 | 09:33:55
[TRAIN] Step 68 | Loss=0.774863 | Best makespan in group=412.00
[TRAIN] Step 69/350 | 09:34:19
[TRAIN] Step 69 | Loss=0.817409 | Best makespan in group=358.00
[TRAIN] Step 70/350 | 09:34:37
[TRAIN] Step 70 | Loss=0.733098 | Best makespan in group=290.00
[TRAIN] Step 71/350 | 09:34:54
[TRAIN] Step 71 | Loss=0.579774 | Best makespan in group=373.00
[TRAIN] Step 72/350 | 09:35:13
[TRAIN] Step 72 | Loss=0.682440 | Best makespan in group=380.00
[TRAIN] Step 73/350 | 09:35:34
[TRAIN] Step 73 | Loss=0.802667 | Best makespan in group=340.00
[TRAIN] Step 74/350 | 09:35:55
[TRAIN] Step 74 | Loss=0.735464 | Best makespan in group=500.00
[TRAIN] Step 75/350 | 09:36:18
[TRAIN] Step 75 | Loss=0.659317 | Best makespan in group=453.00
[TRAIN][VAL][ep 75] avg_gap=0.4044 | std_gap=0.1956 | q80_gap=0.4838 | n=20
[TRAIN] Validation improved | smoothed_avg_gap=0.4353 (raw=0.4044) | saving candidate: 593325042452921.pth
[TRAIN] Step 76/350 | 09:37:18
[TRAIN] Step 76 | Loss=0.784517 | Best makespan in group=443.00
[TRAIN] Step 77/350 | 09:37:40
[TRAIN] Step 77 | Loss=0.762828 | Best makespan in group=390.00
[TRAIN] Step 78/350 | 09:37:59
[TRAIN] Step 78 | Loss=0.596632 | Best makespan in group=407.00
[TRAIN] Step 79/350 | 09:38:17
[TRAIN] Step 79 | Loss=0.941124 | Best makespan in group=419.00
[TRAIN] Step 80/350 | 09:38:34
[TRAIN] Step 80 | Loss=0.662066 | Best makespan in group=320.00
[TRAIN] Step 81/350 | 09:38:53
[TRAIN] Step 81 | Loss=0.727165 | Best makespan in group=400.00
[TRAIN] Step 82/350 | 09:39:16
[TRAIN] Step 82 | Loss=0.656698 | Best makespan in group=408.00
[TRAIN] Step 83/350 | 09:39:31
[TRAIN] Step 83 | Loss=0.683831 | Best makespan in group=334.00
[TRAIN] Step 84/350 | 09:39:55
[TRAIN] Step 84 | Loss=0.856323 | Best makespan in group=424.00
[TRAIN] Step 85/350 | 09:40:15
[TRAIN] Step 85 | Loss=0.849011 | Best makespan in group=387.00
[TRAIN] Step 86/350 | 09:40:37
[TRAIN] Step 86 | Loss=0.673590 | Best makespan in group=402.00
[TRAIN] Step 87/350 | 09:40:55
[TRAIN] Step 87 | Loss=0.724203 | Best makespan in group=324.00
[TRAIN] Step 88/350 | 09:41:12
[TRAIN] Step 88 | Loss=0.756905 | Best makespan in group=329.00
[TRAIN] Step 89/350 | 09:41:29
[TRAIN] Step 89 | Loss=0.687876 | Best makespan in group=386.00
[TRAIN] Step 90/350 | 09:41:48
[TRAIN] Step 90 | Loss=0.700653 | Best makespan in group=393.00
[TRAIN] Step 91/350 | 09:42:11
[TRAIN] Step 91 | Loss=0.762342 | Best makespan in group=382.00
[TRAIN] Step 92/350 | 09:42:30
[TRAIN] Step 92 | Loss=0.785859 | Best makespan in group=255.00
[TRAIN] Step 93/350 | 09:42:49
[TRAIN] Step 93 | Loss=0.623369 | Best makespan in group=422.00
[TRAIN] Step 94/350 | 09:43:09
[TRAIN] Step 94 | Loss=0.648566 | Best makespan in group=486.00
[TRAIN] Step 95/350 | 09:43:28
[TRAIN] Step 95 | Loss=0.600411 | Best makespan in group=340.00
[TRAIN] Step 96/350 | 09:43:49
[TRAIN] Step 96 | Loss=0.726831 | Best makespan in group=442.00
[TRAIN] Step 97/350 | 09:44:13
[TRAIN] Step 97 | Loss=0.795050 | Best makespan in group=386.00
[TRAIN] Step 98/350 | 09:44:32
[TRAIN] Step 98 | Loss=0.782893 | Best makespan in group=404.00
[TRAIN] Step 99/350 | 09:44:49
[TRAIN] Step 99 | Loss=0.784465 | Best makespan in group=465.00
[TRAIN] Step 100/350 | 09:45:07
[TRAIN] Step 100 | Loss=0.756889 | Best makespan in group=357.00
[TRAIN][VAL][ep 100] avg_gap=0.3338 | std_gap=0.1770 | q80_gap=0.4884 | n=20
[TRAIN] Validation improved | smoothed_avg_gap=0.3966 (raw=0.3338) | saving candidate: 66294090681300.pth
[TRAIN] Step 101/350 | 09:46:11
[TRAIN] Step 101 | Loss=0.734765 | Best makespan in group=380.00
[TRAIN] Step 102/350 | 09:46:32
[TRAIN] Step 102 | Loss=0.754278 | Best makespan in group=421.00
[TRAIN] Step 103/350 | 09:46:49
[TRAIN] Step 103 | Loss=0.764675 | Best makespan in group=388.00
[TRAIN] Step 104/350 | 09:47:09
[TRAIN] Step 104 | Loss=0.722151 | Best makespan in group=331.00
[TRAIN] Step 105/350 | 09:47:26
[TRAIN] Step 105 | Loss=0.648228 | Best makespan in group=429.00
[TRAIN] Step 106/350 | 09:47:48
[TRAIN] Step 106 | Loss=0.588120 | Best makespan in group=323.00
[TRAIN] Step 107/350 | 09:48:08
[TRAIN] Step 107 | Loss=0.697893 | Best makespan in group=359.00
[TRAIN] Step 108/350 | 09:48:24
[TRAIN] Step 108 | Loss=0.682472 | Best makespan in group=389.00
[TRAIN] Step 109/350 | 09:48:46
[TRAIN] Step 109 | Loss=0.639645 | Best makespan in group=409.00
[TRAIN] Step 110/350 | 09:49:09
[TRAIN] Step 110 | Loss=0.637678 | Best makespan in group=387.00
[TRAIN] Step 111/350 | 09:49:28
[TRAIN] Step 111 | Loss=0.614981 | Best makespan in group=313.00
[TRAIN] Step 112/350 | 09:49:47
[TRAIN] Step 112 | Loss=0.753549 | Best makespan in group=310.00
[TRAIN] Step 113/350 | 09:50:04
[TRAIN] Step 113 | Loss=0.652143 | Best makespan in group=522.00
[TRAIN] Step 114/350 | 09:50:28
[TRAIN] Step 114 | Loss=0.578114 | Best makespan in group=301.00
[TRAIN] Step 115/350 | 09:50:48
[TRAIN] Step 115 | Loss=0.752036 | Best makespan in group=414.00
[TRAIN] Step 116/350 | 09:51:03
[TRAIN] Step 116 | Loss=0.745307 | Best makespan in group=343.00
[TRAIN] Step 117/350 | 09:51:24
[TRAIN] Step 117 | Loss=0.744724 | Best makespan in group=368.00
[TRAIN] Step 118/350 | 09:51:43
[TRAIN] Step 118 | Loss=0.673203 | Best makespan in group=398.00
[TRAIN] Step 119/350 | 09:52:00
[TRAIN] Step 119 | Loss=0.875658 | Best makespan in group=329.00
[TRAIN] Step 120/350 | 09:52:16
[TRAIN] Step 120 | Loss=0.837437 | Best makespan in group=300.00
[TRAIN] Step 121/350 | 09:52:33
[TRAIN] Step 121 | Loss=0.798146 | Best makespan in group=255.00
[TRAIN] Step 122/350 | 09:52:50
[TRAIN] Step 122 | Loss=0.741027 | Best makespan in group=404.00
[TRAIN] Step 123/350 | 09:53:13
[TRAIN] Step 123 | Loss=0.691801 | Best makespan in group=313.00
[TRAIN] Step 124/350 | 09:53:32
[TRAIN] Step 124 | Loss=0.721390 | Best makespan in group=484.00
[TRAIN] Step 125/350 | 09:53:50
[TRAIN] Step 125 | Loss=0.683202 | Best makespan in group=336.00
[TRAIN][VAL][ep 125] avg_gap=0.3616 | std_gap=0.2305 | q80_gap=0.5447 | n=20
[TRAIN] Validation improved | smoothed_avg_gap=0.3666 (raw=0.3616) | saving candidate: 294550304843659.pth
[TRAIN] Step 126/350 | 09:54:51
[TRAIN] Step 126 | Loss=0.608983 | Best makespan in group=297.00
[TRAIN] Step 127/350 | 09:55:08
[TRAIN] Step 127 | Loss=0.713049 | Best makespan in group=416.00
[TRAIN] Step 128/350 | 09:55:28
[TRAIN] Step 128 | Loss=0.610658 | Best makespan in group=315.00
[TRAIN] Step 129/350 | 09:55:48
[TRAIN] Step 129 | Loss=0.654173 | Best makespan in group=384.00
[TRAIN] Step 130/350 | 09:56:09
[TRAIN] Step 130 | Loss=0.577341 | Best makespan in group=430.00
[TRAIN] Step 131/350 | 09:56:32
[TRAIN] Step 131 | Loss=0.722354 | Best makespan in group=430.00
[TRAIN] Step 132/350 | 09:56:49
[TRAIN] Step 132 | Loss=0.733592 | Best makespan in group=379.00
[TRAIN] Step 133/350 | 09:57:09
[TRAIN] Step 133 | Loss=0.727285 | Best makespan in group=339.00
[TRAIN] Step 134/350 | 09:57:25
[TRAIN] Step 134 | Loss=0.670432 | Best makespan in group=497.00
[TRAIN] Step 135/350 | 09:57:49
[TRAIN] Step 135 | Loss=0.689446 | Best makespan in group=395.00
[TRAIN] Step 136/350 | 09:58:07
[TRAIN] Step 136 | Loss=0.708524 | Best makespan in group=317.00
[TRAIN] Step 137/350 | 09:58:24
[TRAIN] Step 137 | Loss=0.665768 | Best makespan in group=395.00
[TRAIN] Step 138/350 | 09:58:39
[TRAIN] Step 138 | Loss=0.676304 | Best makespan in group=407.00
[TRAIN] Step 139/350 | 09:59:03
[TRAIN] Step 139 | Loss=0.717341 | Best makespan in group=402.00
[TRAIN] Step 140/350 | 09:59:20
[TRAIN] Step 140 | Loss=0.668173 | Best makespan in group=372.00
[TRAIN] Step 141/350 | 09:59:39
[TRAIN] Step 141 | Loss=0.640309 | Best makespan in group=341.00
[TRAIN] Step 142/350 | 09:59:55
[TRAIN] Step 142 | Loss=0.724379 | Best makespan in group=304.00
[TRAIN] Step 143/350 | 10:00:15
[TRAIN] Step 143 | Loss=0.703559 | Best makespan in group=369.00
[TRAIN] Step 144/350 | 10:00:34
[TRAIN] Step 144 | Loss=0.711228 | Best makespan in group=336.00
[TRAIN] Step 145/350 | 10:00:57
[TRAIN] Step 145 | Loss=0.720214 | Best makespan in group=357.00
[TRAIN] Step 146/350 | 10:01:13
[TRAIN] Step 146 | Loss=0.674556 | Best makespan in group=388.00
[TRAIN] Step 147/350 | 10:01:34
[TRAIN] Step 147 | Loss=0.668539 | Best makespan in group=454.00
[TRAIN] Step 148/350 | 10:01:52
[TRAIN] Step 148 | Loss=0.616689 | Best makespan in group=431.00
[TRAIN] Step 149/350 | 10:02:17
[TRAIN] Step 149 | Loss=0.828981 | Best makespan in group=388.00
[TRAIN] Step 150/350 | 10:02:36
[TRAIN] Step 150 | Loss=0.740281 | Best makespan in group=384.00
[TRAIN][VAL][ep 150] avg_gap=0.3800 | std_gap=0.2376 | q80_gap=0.5301 | n=20
[TRAIN] Validation improved | smoothed_avg_gap=0.3585 (raw=0.3800) | saving candidate: 980351103683638.pth
[TRAIN] Step 151/350 | 10:03:37
[TRAIN] Step 151 | Loss=0.717309 | Best makespan in group=357.00
[TRAIN] Step 152/350 | 10:03:56
[TRAIN] Step 152 | Loss=0.711275 | Best makespan in group=393.00
[TRAIN] Step 153/350 | 10:04:14
[TRAIN] Step 153 | Loss=0.550936 | Best makespan in group=316.00
[TRAIN] Step 154/350 | 10:04:34
[TRAIN] Step 154 | Loss=0.703219 | Best makespan in group=409.00
[TRAIN] Step 155/350 | 10:04:52
[TRAIN] Step 155 | Loss=0.736896 | Best makespan in group=343.00
[TRAIN] Step 156/350 | 10:05:15
[TRAIN] Step 156 | Loss=0.657462 | Best makespan in group=375.00
[TRAIN] Step 157/350 | 10:05:34
[TRAIN] Step 157 | Loss=0.686374 | Best makespan in group=433.00
[TRAIN] Step 158/350 | 10:06:00
[TRAIN] Step 158 | Loss=0.722767 | Best makespan in group=399.00
[TRAIN] Step 159/350 | 10:06:21
[TRAIN] Step 159 | Loss=0.589955 | Best makespan in group=377.00
[TRAIN] Step 160/350 | 10:06:42
[TRAIN] Step 160 | Loss=0.633866 | Best makespan in group=292.00
[TRAIN] Step 161/350 | 10:06:59
[TRAIN] Step 161 | Loss=0.740695 | Best makespan in group=333.00
[TRAIN] Step 162/350 | 10:07:15
[TRAIN] Step 162 | Loss=0.662413 | Best makespan in group=322.00
[TRAIN] Step 163/350 | 10:07:32
[TRAIN] Step 163 | Loss=0.772490 | Best makespan in group=449.00
[TRAIN] Step 164/350 | 10:07:51
[TRAIN] Step 164 | Loss=0.639346 | Best makespan in group=259.00
[TRAIN] Step 165/350 | 10:08:10
[TRAIN] Step 165 | Loss=0.698743 | Best makespan in group=420.00
[TRAIN] Step 166/350 | 10:08:30
[TRAIN] Step 166 | Loss=0.626379 | Best makespan in group=394.00
[TRAIN] Step 167/350 | 10:08:53
[TRAIN] Step 167 | Loss=0.640225 | Best makespan in group=374.00
[TRAIN] Step 168/350 | 10:09:14
[TRAIN] Step 168 | Loss=0.639055 | Best makespan in group=428.00
[TRAIN] Step 169/350 | 10:09:38
[TRAIN] Step 169 | Loss=0.657246 | Best makespan in group=360.00
[TRAIN] Step 170/350 | 10:09:56
[TRAIN] Step 170 | Loss=0.681592 | Best makespan in group=478.00
[TRAIN] Step 171/350 | 10:10:16
[TRAIN] Step 171 | Loss=0.692678 | Best makespan in group=313.00
[TRAIN] Step 172/350 | 10:10:35
[TRAIN] Step 172 | Loss=0.673129 | Best makespan in group=377.00
[TRAIN] Step 173/350 | 10:10:53
[TRAIN] Step 173 | Loss=0.798008 | Best makespan in group=324.00
[TRAIN] Step 174/350 | 10:11:14
[TRAIN] Step 174 | Loss=0.646376 | Best makespan in group=402.00
[TRAIN] Step 175/350 | 10:11:40
[TRAIN] Step 175 | Loss=0.784699 | Best makespan in group=324.00
[TRAIN][VAL][ep 175] avg_gap=0.4050 | std_gap=0.2124 | q80_gap=0.5839 | n=20
[TRAIN] Step 176/350 | 10:12:43
[TRAIN] Step 176 | Loss=0.753701 | Best makespan in group=378.00
[TRAIN] Step 177/350 | 10:13:03
[TRAIN] Step 177 | Loss=0.654911 | Best makespan in group=328.00
[TRAIN] Step 178/350 | 10:13:22
[TRAIN] Step 178 | Loss=0.697372 | Best makespan in group=406.00
[TRAIN] Step 179/350 | 10:13:40
[TRAIN] Step 179 | Loss=0.753072 | Best makespan in group=470.00
[TRAIN] Step 180/350 | 10:14:06
[TRAIN] Step 180 | Loss=0.608808 | Best makespan in group=408.00
[TRAIN] Step 181/350 | 10:14:22
[TRAIN] Step 181 | Loss=0.680133 | Best makespan in group=470.00
[TRAIN] Step 182/350 | 10:14:41
[TRAIN] Step 182 | Loss=0.675900 | Best makespan in group=393.00
[TRAIN] Step 183/350 | 10:14:57
[TRAIN] Step 183 | Loss=0.702558 | Best makespan in group=329.00
[TRAIN] Step 184/350 | 10:15:13
[TRAIN] Step 184 | Loss=0.602859 | Best makespan in group=436.00
[TRAIN] Step 185/350 | 10:15:37
[TRAIN] Step 185 | Loss=0.673222 | Best makespan in group=261.00
[TRAIN] Step 186/350 | 10:15:55
[TRAIN] Step 186 | Loss=0.613950 | Best makespan in group=383.00
[TRAIN] Step 187/350 | 10:16:14
[TRAIN] Step 187 | Loss=0.641996 | Best makespan in group=333.00
[TRAIN] Step 188/350 | 10:16:38
[TRAIN] Step 188 | Loss=0.721930 | Best makespan in group=429.00
[TRAIN] Step 189/350 | 10:17:03
[TRAIN] Step 189 | Loss=0.841597 | Best makespan in group=301.00
[TRAIN] Step 190/350 | 10:17:20
[TRAIN] Step 190 | Loss=0.647459 | Best makespan in group=306.00
[TRAIN] Step 191/350 | 10:17:37
[TRAIN] Step 191 | Loss=0.710627 | Best makespan in group=419.00
[TRAIN] Step 192/350 | 10:17:55
[TRAIN] Step 192 | Loss=0.712547 | Best makespan in group=385.00
[TRAIN] Step 193/350 | 10:18:14
[TRAIN] Step 193 | Loss=0.658851 | Best makespan in group=349.00
[TRAIN] Step 194/350 | 10:18:34
[TRAIN] Step 194 | Loss=0.737710 | Best makespan in group=362.00
[TRAIN] Step 195/350 | 10:18:55
[TRAIN] Step 195 | Loss=0.815336 | Best makespan in group=402.00
[TRAIN] Step 196/350 | 10:19:14
[TRAIN] Step 196 | Loss=0.685912 | Best makespan in group=499.00
[TRAIN] Step 197/350 | 10:19:37
[TRAIN] Step 197 | Loss=0.798126 | Best makespan in group=397.00
[TRAIN] Step 198/350 | 10:20:03
[TRAIN] Step 198 | Loss=0.705559 | Best makespan in group=369.00
[TRAIN] Step 199/350 | 10:20:22
[TRAIN] Step 199 | Loss=0.702188 | Best makespan in group=448.00
[TRAIN] Step 200/350 | 10:20:42
[TRAIN] Step 200 | Loss=0.737279 | Best makespan in group=420.00
[TRAIN] Refreshing training instances (step 200)...
[TRAIN][VAL][ep 200] avg_gap=0.3296 | std_gap=0.2175 | q80_gap=0.4512 | n=20
[TRAIN] Step 201/350 | 10:21:43
[TRAIN] Step 201 | Loss=0.666620 | Best makespan in group=314.00
[TRAIN] Step 202/350 | 10:22:06
[TRAIN] Step 202 | Loss=0.684855 | Best makespan in group=424.00
[TRAIN] Step 203/350 | 10:22:25
[TRAIN] Step 203 | Loss=0.682605 | Best makespan in group=302.00
[TRAIN] Step 204/350 | 10:22:40
[TRAIN] Step 204 | Loss=0.810139 | Best makespan in group=445.00
[TRAIN] Step 205/350 | 10:22:59
[TRAIN] Step 205 | Loss=0.799578 | Best makespan in group=391.00
[TRAIN] Step 206/350 | 10:23:18
[TRAIN] Step 206 | Loss=0.581472 | Best makespan in group=323.00
[TRAIN] Step 207/350 | 10:23:37
[TRAIN] Step 207 | Loss=0.626066 | Best makespan in group=364.00
[TRAIN] Step 208/350 | 10:23:54
[TRAIN] Step 208 | Loss=0.714919 | Best makespan in group=466.00
[TRAIN] Step 209/350 | 10:24:15
[TRAIN] Step 209 | Loss=0.627095 | Best makespan in group=264.00
[TRAIN] Step 210/350 | 10:24:34
[TRAIN] Step 210 | Loss=0.683757 | Best makespan in group=498.00
[TRAIN] Step 211/350 | 10:24:54
[TRAIN] Step 211 | Loss=0.708932 | Best makespan in group=456.00
[TRAIN] Step 212/350 | 10:25:18
[TRAIN] Step 212 | Loss=0.613703 | Best makespan in group=445.00
[TRAIN] Step 213/350 | 10:25:44
[TRAIN] Step 213 | Loss=0.635903 | Best makespan in group=324.00
[TRAIN] Step 214/350 | 10:26:09
[TRAIN] Step 214 | Loss=0.661197 | Best makespan in group=540.00
[TRAIN] Step 215/350 | 10:26:30
[TRAIN] Step 215 | Loss=0.706065 | Best makespan in group=465.00
[TRAIN] Step 216/350 | 10:26:44
[TRAIN] Step 216 | Loss=0.672044 | Best makespan in group=502.00
[TRAIN] Step 217/350 | 10:27:01
[TRAIN] Step 217 | Loss=0.735974 | Best makespan in group=321.00
[TRAIN] Step 218/350 | 10:27:18
[TRAIN] Step 218 | Loss=0.681005 | Best makespan in group=364.00
[TRAIN] Step 219/350 | 10:27:33
[TRAIN] Step 219 | Loss=0.753855 | Best makespan in group=480.00
[TRAIN] Step 220/350 | 10:27:56
[TRAIN] Step 220 | Loss=0.626293 | Best makespan in group=384.00
[TRAIN] Step 221/350 | 10:28:13
[TRAIN] Step 221 | Loss=0.704923 | Best makespan in group=420.00
[TRAIN] Step 222/350 | 10:28:37
[TRAIN] Step 222 | Loss=0.655943 | Best makespan in group=342.00
[TRAIN] Step 223/350 | 10:28:58
[TRAIN] Step 223 | Loss=0.805975 | Best makespan in group=433.00
[TRAIN] Step 224/350 | 10:29:19
[TRAIN] Step 224 | Loss=0.665885 | Best makespan in group=427.00
[TRAIN] Step 225/350 | 10:29:43
[TRAIN] Step 225 | Loss=0.612457 | Best makespan in group=535.00
[TRAIN][VAL][ep 225] avg_gap=0.3076 | std_gap=0.1681 | q80_gap=0.4141 | n=20
[TRAIN] Validation improved | smoothed_avg_gap=0.3474 (raw=0.3076) | saving candidate: 966153359749276.pth
[TRAIN] Step 226/350 | 10:30:43
[TRAIN] Step 226 | Loss=0.716235 | Best makespan in group=529.00
[TRAIN] Step 227/350 | 10:30:59
[TRAIN] Step 227 | Loss=0.654105 | Best makespan in group=518.00
[TRAIN] Step 228/350 | 10:31:18
[TRAIN] Step 228 | Loss=0.854274 | Best makespan in group=432.00
[TRAIN] Step 229/350 | 10:31:36
[TRAIN] Step 229 | Loss=0.740761 | Best makespan in group=415.00
[TRAIN] Step 230/350 | 10:31:51
[TRAIN] Step 230 | Loss=0.598263 | Best makespan in group=387.00
[TRAIN] Step 231/350 | 10:32:12
[TRAIN] Step 231 | Loss=0.605418 | Best makespan in group=375.00
[TRAIN] Step 232/350 | 10:32:31
[TRAIN] Step 232 | Loss=0.660899 | Best makespan in group=454.00
[TRAIN] Step 233/350 | 10:32:51
[TRAIN] Step 233 | Loss=0.584462 | Best makespan in group=457.00
[TRAIN] Step 234/350 | 10:33:06
[TRAIN] Step 234 | Loss=0.643073 | Best makespan in group=358.00
[TRAIN] Step 235/350 | 10:33:22
[TRAIN] Step 235 | Loss=0.627911 | Best makespan in group=396.00
[TRAIN] Step 236/350 | 10:33:40
[TRAIN] Step 236 | Loss=0.613435 | Best makespan in group=332.00
[TRAIN] Step 237/350 | 10:34:00
[TRAIN] Step 237 | Loss=0.669389 | Best makespan in group=417.00
[TRAIN] Step 238/350 | 10:34:16
[TRAIN] Step 238 | Loss=0.768445 | Best makespan in group=524.00
[TRAIN] Step 239/350 | 10:34:37
[TRAIN] Step 239 | Loss=0.646050 | Best makespan in group=430.00
[TRAIN] Step 240/350 | 10:34:58
[TRAIN] Step 240 | Loss=0.669783 | Best makespan in group=323.00
[TRAIN] Step 241/350 | 10:35:24
[TRAIN] Step 241 | Loss=0.795971 | Best makespan in group=281.00
[TRAIN] Step 242/350 | 10:35:44
[TRAIN] Step 242 | Loss=0.731610 | Best makespan in group=424.00
[TRAIN] Step 243/350 | 10:36:05
[TRAIN] Step 243 | Loss=0.759391 | Best makespan in group=527.00
[TRAIN] Step 244/350 | 10:36:23
[TRAIN] Step 244 | Loss=0.731706 | Best makespan in group=535.00
[TRAIN] Step 245/350 | 10:36:39
[TRAIN] Step 245 | Loss=0.738090 | Best makespan in group=314.00
[TRAIN] Step 246/350 | 10:37:01
[TRAIN] Step 246 | Loss=0.668003 | Best makespan in group=529.00
[TRAIN] Step 247/350 | 10:37:21
[TRAIN] Step 247 | Loss=0.579747 | Best makespan in group=387.00
[TRAIN] Step 248/350 | 10:37:42
[TRAIN] Step 248 | Loss=0.725222 | Best makespan in group=386.00
[TRAIN] Step 249/350 | 10:38:00
[TRAIN] Step 249 | Loss=0.584571 | Best makespan in group=287.00
[TRAIN] Step 250/350 | 10:38:16
[TRAIN] Step 250 | Loss=0.669392 | Best makespan in group=488.00
[TRAIN][VAL][ep 250] avg_gap=0.2064 | std_gap=0.1011 | q80_gap=0.3076 | n=20
[TRAIN] Validation improved | smoothed_avg_gap=0.2812 (raw=0.2064) | saving candidate: 82914708536387.pth
[TRAIN] Step 251/350 | 10:39:13
[TRAIN] Step 251 | Loss=0.684712 | Best makespan in group=450.00
[TRAIN] Step 252/350 | 10:39:36
[TRAIN] Step 252 | Loss=0.617683 | Best makespan in group=417.00
[TRAIN] Step 253/350 | 10:40:02
[TRAIN] Step 253 | Loss=0.742855 | Best makespan in group=425.00
[TRAIN] Step 254/350 | 10:40:27
[TRAIN] Step 254 | Loss=0.599892 | Best makespan in group=321.00
[TRAIN] Step 255/350 | 10:40:44
[TRAIN] Step 255 | Loss=0.704843 | Best makespan in group=323.00
[TRAIN] Step 256/350 | 10:41:02
[TRAIN] Step 256 | Loss=0.730893 | Best makespan in group=429.00
[TRAIN] Step 257/350 | 10:41:27
[TRAIN] Step 257 | Loss=0.711542 | Best makespan in group=399.00
[TRAIN] Step 258/350 | 10:41:46
[TRAIN] Step 258 | Loss=0.653361 | Best makespan in group=514.00
[TRAIN] Step 259/350 | 10:42:03
[TRAIN] Step 259 | Loss=0.663854 | Best makespan in group=401.00
[TRAIN] Step 260/350 | 10:42:30
[TRAIN] Step 260 | Loss=0.849688 | Best makespan in group=364.00
[TRAIN] Step 261/350 | 10:42:46
[TRAIN] Step 261 | Loss=0.612660 | Best makespan in group=394.00
[TRAIN] Step 262/350 | 10:43:05
[TRAIN] Step 262 | Loss=0.716995 | Best makespan in group=515.00
[TRAIN] Step 263/350 | 10:43:26
[TRAIN] Step 263 | Loss=0.797650 | Best makespan in group=313.00
[TRAIN] Step 264/350 | 10:43:52
[TRAIN] Step 264 | Loss=0.847190 | Best makespan in group=530.00
[TRAIN] Step 265/350 | 10:44:11
[TRAIN] Step 265 | Loss=0.642004 | Best makespan in group=418.00
[TRAIN] Step 266/350 | 10:44:31
[TRAIN] Step 266 | Loss=0.732778 | Best makespan in group=483.00
[TRAIN] Step 267/350 | 10:44:47
[TRAIN] Step 267 | Loss=0.534587 | Best makespan in group=359.00
[TRAIN] Step 268/350 | 10:45:02
[TRAIN] Step 268 | Loss=0.665687 | Best makespan in group=419.00
[TRAIN] Step 269/350 | 10:45:23
[TRAIN] Step 269 | Loss=0.738012 | Best makespan in group=468.00
[TRAIN] Step 270/350 | 10:45:45
[TRAIN] Step 270 | Loss=0.775183 | Best makespan in group=515.00
[TRAIN] Step 271/350 | 10:46:01
[TRAIN] Step 271 | Loss=0.737842 | Best makespan in group=502.00
[TRAIN] Step 272/350 | 10:46:18
[TRAIN] Step 272 | Loss=0.608212 | Best makespan in group=377.00
[TRAIN] Step 273/350 | 10:46:36
[TRAIN] Step 273 | Loss=0.742263 | Best makespan in group=417.00
[TRAIN] Step 274/350 | 10:46:53
[TRAIN] Step 274 | Loss=0.752338 | Best makespan in group=413.00
[TRAIN] Step 275/350 | 10:47:17
[TRAIN] Step 275 | Loss=0.584356 | Best makespan in group=436.00
[TRAIN][VAL][ep 275] avg_gap=0.2192 | std_gap=0.1224 | q80_gap=0.3299 | n=20
[TRAIN] Validation improved | smoothed_avg_gap=0.2444 (raw=0.2192) | saving candidate: 70686305256329.pth
[TRAIN] Step 276/350 | 10:48:22
[TRAIN] Step 276 | Loss=0.706652 | Best makespan in group=281.00
[TRAIN] Step 277/350 | 10:48:42
[TRAIN] Step 277 | Loss=0.620204 | Best makespan in group=358.00
[TRAIN] Step 278/350 | 10:49:00
[TRAIN] Step 278 | Loss=0.660908 | Best makespan in group=458.00
[TRAIN] Step 279/350 | 10:49:21
[TRAIN] Step 279 | Loss=0.633375 | Best makespan in group=338.00
[TRAIN] Step 280/350 | 10:49:42
[TRAIN] Step 280 | Loss=0.632178 | Best makespan in group=437.00
[TRAIN] Step 281/350 | 10:50:06
[TRAIN] Step 281 | Loss=0.712412 | Best makespan in group=484.00
[TRAIN] Step 282/350 | 10:50:26
[TRAIN] Step 282 | Loss=0.603258 | Best makespan in group=387.00
[TRAIN] Step 283/350 | 10:50:49
[TRAIN] Step 283 | Loss=0.594834 | Best makespan in group=392.00
[TRAIN] Step 284/350 | 10:51:04
[TRAIN] Step 284 | Loss=0.698009 | Best makespan in group=308.00
[TRAIN] Step 285/350 | 10:51:23
[TRAIN] Step 285 | Loss=0.668997 | Best makespan in group=435.00
[TRAIN] Step 286/350 | 10:51:38
[TRAIN] Step 286 | Loss=0.679888 | Best makespan in group=465.00
[TRAIN] Step 287/350 | 10:52:00
[TRAIN] Step 287 | Loss=0.611670 | Best makespan in group=322.00
[TRAIN] Step 288/350 | 10:52:18
[TRAIN] Step 288 | Loss=0.577197 | Best makespan in group=297.00
[TRAIN] Step 289/350 | 10:52:33
[TRAIN] Step 289 | Loss=0.742121 | Best makespan in group=314.00
[TRAIN] Step 290/350 | 10:52:57
[TRAIN] Step 290 | Loss=0.750695 | Best makespan in group=408.00
[TRAIN] Step 291/350 | 10:53:23
[TRAIN] Step 291 | Loss=0.692793 | Best makespan in group=484.00
[TRAIN] Step 292/350 | 10:53:45
[TRAIN] Step 292 | Loss=0.725645 | Best makespan in group=440.00
[TRAIN] Step 293/350 | 10:54:09
[TRAIN] Step 293 | Loss=0.714363 | Best makespan in group=314.00
[TRAIN] Step 294/350 | 10:54:32
[TRAIN] Step 294 | Loss=0.826717 | Best makespan in group=440.00
[TRAIN] Step 295/350 | 10:54:58
[TRAIN] Step 295 | Loss=0.785740 | Best makespan in group=391.00
[TRAIN] Step 296/350 | 10:55:18
[TRAIN] Step 296 | Loss=0.896038 | Best makespan in group=468.00
[TRAIN] Step 297/350 | 10:55:35
[TRAIN] Step 297 | Loss=0.704677 | Best makespan in group=378.00
[TRAIN] Step 298/350 | 10:55:52
[TRAIN] Step 298 | Loss=0.645359 | Best makespan in group=419.00
[TRAIN] Step 299/350 | 10:56:12
[TRAIN] Step 299 | Loss=0.729574 | Best makespan in group=534.00
[TRAIN] Step 300/350 | 10:56:30
[TRAIN] Step 300 | Loss=0.613684 | Best makespan in group=360.00
[TRAIN][VAL][ep 300] avg_gap=0.1990 | std_gap=0.1009 | q80_gap=0.2847 | n=20
[TRAIN] Validation improved | smoothed_avg_gap=0.2082 (raw=0.1990) | saving candidate: 764712330949348.pth
[TRAIN] Step 301/350 | 10:57:28
[TRAIN] Step 301 | Loss=0.718730 | Best makespan in group=364.00
[TRAIN] Step 302/350 | 10:57:44
[TRAIN] Step 302 | Loss=0.687684 | Best makespan in group=506.00
[TRAIN] Step 303/350 | 10:58:04
[TRAIN] Step 303 | Loss=0.655429 | Best makespan in group=423.00
[TRAIN] Step 304/350 | 10:58:26
[TRAIN] Step 304 | Loss=0.583709 | Best makespan in group=302.00
[TRAIN] Step 305/350 | 10:58:46
[TRAIN] Step 305 | Loss=0.750485 | Best makespan in group=295.00
[TRAIN] Step 306/350 | 10:59:02
[TRAIN] Step 306 | Loss=0.590054 | Best makespan in group=321.00
[TRAIN] Step 307/350 | 10:59:20
[TRAIN] Step 307 | Loss=0.574815 | Best makespan in group=487.00
[TRAIN] Step 308/350 | 10:59:37
[TRAIN] Step 308 | Loss=0.686063 | Best makespan in group=389.00
[TRAIN] Step 309/350 | 10:59:58
[TRAIN] Step 309 | Loss=0.764211 | Best makespan in group=325.00
[TRAIN] Step 310/350 | 11:00:18
[TRAIN] Step 310 | Loss=0.672847 | Best makespan in group=417.00
[TRAIN] Step 311/350 | 11:00:37
[TRAIN] Step 311 | Loss=0.631490 | Best makespan in group=438.00
[TRAIN] Step 312/350 | 11:00:52
[TRAIN] Step 312 | Loss=0.602938 | Best makespan in group=393.00
[TRAIN] Step 313/350 | 11:01:07
[TRAIN] Step 313 | Loss=0.558859 | Best makespan in group=540.00
[TRAIN] Step 314/350 | 11:01:23
[TRAIN] Step 314 | Loss=0.723597 | Best makespan in group=274.00
[TRAIN] Step 315/350 | 11:01:43
[TRAIN] Step 315 | Loss=0.608102 | Best makespan in group=394.00
[TRAIN] Step 316/350 | 11:02:06
[TRAIN] Step 316 | Loss=0.599969 | Best makespan in group=397.00
[TRAIN] Step 317/350 | 11:02:25
[TRAIN] Step 317 | Loss=0.694139 | Best makespan in group=318.00
[TRAIN] Step 318/350 | 11:02:52
[TRAIN] Step 318 | Loss=0.652919 | Best makespan in group=458.00
[TRAIN] Step 319/350 | 11:03:13
[TRAIN] Step 319 | Loss=0.676900 | Best makespan in group=414.00
[TRAIN] Step 320/350 | 11:03:38
[TRAIN] Step 320 | Loss=0.851031 | Best makespan in group=514.00
[TRAIN] Step 321/350 | 11:03:59
[TRAIN] Step 321 | Loss=0.631228 | Best makespan in group=426.00
[TRAIN] Step 322/350 | 11:04:28
[TRAIN] Step 322 | Loss=0.588915 | Best makespan in group=403.00
[TRAIN] Step 323/350 | 11:04:54
[TRAIN] Step 323 | Loss=0.704005 | Best makespan in group=444.00
[TRAIN] Step 324/350 | 11:05:11
[TRAIN] Step 324 | Loss=0.620063 | Best makespan in group=489.00
[TRAIN] Step 325/350 | 11:05:31
[TRAIN] Step 325 | Loss=0.696707 | Best makespan in group=527.00
[TRAIN][VAL][ep 325] avg_gap=0.1889 | std_gap=0.0852 | q80_gap=0.2487 | n=20
[TRAIN] Validation improved | smoothed_avg_gap=0.2024 (raw=0.1889) | saving candidate: 254182716472332.pth
[TRAIN] Step 326/350 | 11:06:34
[TRAIN] Step 326 | Loss=0.667489 | Best makespan in group=358.00
[TRAIN] Step 327/350 | 11:06:53
[TRAIN] Step 327 | Loss=0.675296 | Best makespan in group=413.00
[TRAIN] Step 328/350 | 11:07:12
[TRAIN] Step 328 | Loss=0.645955 | Best makespan in group=314.00
[TRAIN] Step 329/350 | 11:07:35
[TRAIN] Step 329 | Loss=0.670162 | Best makespan in group=316.00
[TRAIN] Step 330/350 | 11:08:01
[TRAIN] Step 330 | Loss=0.588026 | Best makespan in group=413.00
[TRAIN] Step 331/350 | 11:08:19
[TRAIN] Step 331 | Loss=0.689414 | Best makespan in group=355.00
[TRAIN] Step 332/350 | 11:08:36
[TRAIN] Step 332 | Loss=0.702367 | Best makespan in group=273.00
[TRAIN] Step 333/350 | 11:08:56
[TRAIN] Step 333 | Loss=0.572553 | Best makespan in group=291.00
[TRAIN] Step 334/350 | 11:09:12
[TRAIN] Step 334 | Loss=0.658916 | Best makespan in group=327.00
[TRAIN] Step 335/350 | 11:09:34
[TRAIN] Step 335 | Loss=0.547394 | Best makespan in group=308.00
[TRAIN] Step 336/350 | 11:09:54
[TRAIN] Step 336 | Loss=0.655270 | Best makespan in group=422.00
[TRAIN] Step 337/350 | 11:10:19
[TRAIN] Step 337 | Loss=0.705026 | Best makespan in group=377.00
[TRAIN] Step 338/350 | 11:10:37
[TRAIN] Step 338 | Loss=0.692923 | Best makespan in group=402.00
[TRAIN] Step 339/350 | 11:11:01
[TRAIN] Step 339 | Loss=0.576478 | Best makespan in group=387.00
[TRAIN] Step 340/350 | 11:11:23
[TRAIN] Step 340 | Loss=0.680178 | Best makespan in group=414.00
[TRAIN] Step 341/350 | 11:11:44
[TRAIN] Step 341 | Loss=0.669537 | Best makespan in group=433.00
[TRAIN] Step 342/350 | 11:11:59
[TRAIN] Step 342 | Loss=0.643362 | Best makespan in group=477.00
[TRAIN] Step 343/350 | 11:12:15
[TRAIN] Step 343 | Loss=0.667882 | Best makespan in group=457.00
[TRAIN] Step 344/350 | 11:12:37
[TRAIN] Step 344 | Loss=0.650507 | Best makespan in group=444.00
[TRAIN] Step 345/350 | 11:12:57
[TRAIN] Step 345 | Loss=0.702894 | Best makespan in group=528.00
[TRAIN] Step 346/350 | 11:13:13
[TRAIN] Step 346 | Loss=0.704313 | Best makespan in group=398.00
[TRAIN] Step 347/350 | 11:13:29
[TRAIN] Step 347 | Loss=0.681014 | Best makespan in group=372.00
[TRAIN] Step 348/350 | 11:13:47
[TRAIN] Step 348 | Loss=0.707178 | Best makespan in group=321.00
[TRAIN] Step 349/350 | 11:14:04
[TRAIN] Step 349 | Loss=0.557160 | Best makespan in group=459.00
[TRAIN] Step 350/350 | 11:14:26
[TRAIN] Step 350 | Loss=0.622123 | Best makespan in group=421.00
[TRAIN][VAL][ep 350] avg_gap=0.1793 | std_gap=0.0764 | q80_gap=0.2274 | n=20
[TRAIN] Validation improved | smoothed_avg_gap=0.1891 (raw=0.1793) | saving candidate: 603361675692974.pth
[TRAIN] Evaluating best checkpoint (candidate_models/603361675692974.pth) on the held-out test split...
[TRAIN][TEST] avg_gap=0.1158 | std_gap=0.0818 | q80_gap=0.1918 | n=20
[TRAIN][11:16:16] Training ended. Validation history and plots updated.
