D:\Dissertação\dissertation-bopo_introduction\venv\Lib\site-packages\torch\jit\_script.py:1485: FutureWarning: `torch.jit.script` is not supported in Python 3.14+ and may break. Please switch to `torch.compile` or `torch.export`.
  warnings.warn(
============================================================
[TRAIN] Training started at: 2026-09-29 08:44:06
[TRAIN] Hyperparams | max_steps=350 | new_freq=200
[TRAIN]             | n_cases=30 | B=32 | K=10 | use_greedy=True | lr=0.0047 (decaying to 9.40e-04)
[TRAIN]             | warm_start_steps=200 | checkpoint_smooth_window=3 | seed=43
[TRAIN]             | hidden_channels=128 | num_layers=2 | heads=3
[TRAIN]             | logp_norm=mean | exclude_greedy_from_loss=True
[TRAIN] Representation | ojmb_base | GNN | gat | jm_design | edges
[TRAIN] Device | cuda:0 (NVIDIA GeForce GTX 1650 Ti)
[TRAIN] Problem size | jobs=[8,10] | machines=[5,10] | ops_per_job=[5,6] | max_proc=100
============================================================
[TRAIN] Output run folder: results\batching_gat_L2_ojmb_base_s43_steps
[TRAIN] Validation config | every=25 steps | instances=20 (representative subset)
[TRAIN][TEACHER] validation avg_gap=0.4971 | q80_gap=0.6263 || test avg_gap=0.3786 | q80_gap=0.5250
[TRAIN] Step metrics | every step on 4 validation instance(s) (bat001, bat003, bat005, bat007) -> results\batching_gat_L2_ojmb_base_s43_steps\step_metrics.json
[TRAIN] Warm-start (behavior cloning vs. dispatch heuristic) | 200 step(s)...
[TRAIN][WARMSTART] step 10/200 | instance=21 | bc_loss=1.8178 | decisions=41
[TRAIN][WARMSTART] step 20/200 | instance=4 | bc_loss=1.5067 | decisions=52
[TRAIN][WARMSTART] step 30/200 | instance=13 | bc_loss=1.3519 | decisions=43
[TRAIN][WARMSTART] step 40/200 | instance=6 | bc_loss=1.4532 | decisions=42
[TRAIN][WARMSTART] step 50/200 | instance=18 | bc_loss=1.3914 | decisions=49
[TRAIN][WARMSTART] step 60/200 | instance=5 | bc_loss=1.2299 | decisions=37
[TRAIN][WARMSTART] step 70/200 | instance=1 | bc_loss=1.1255 | decisions=44
[TRAIN][WARMSTART] step 80/200 | instance=1 | bc_loss=1.1785 | decisions=44
[TRAIN][WARMSTART] step 90/200 | instance=17 | bc_loss=1.0368 | decisions=35
[TRAIN][WARMSTART] step 100/200 | instance=24 | bc_loss=1.2572 | decisions=45
[TRAIN][WARMSTART] step 110/200 | instance=5 | bc_loss=1.0639 | decisions=37
[TRAIN][WARMSTART] step 120/200 | instance=2 | bc_loss=1.0493 | decisions=43
[TRAIN][WARMSTART] step 130/200 | instance=28 | bc_loss=1.0238 | decisions=51
[TRAIN][WARMSTART] step 140/200 | instance=10 | bc_loss=1.0230 | decisions=46
[TRAIN][WARMSTART] step 150/200 | instance=24 | bc_loss=1.1116 | decisions=45
[TRAIN][WARMSTART] step 160/200 | instance=21 | bc_loss=0.9397 | decisions=41
[TRAIN][WARMSTART] step 170/200 | instance=20 | bc_loss=0.8383 | decisions=50
[TRAIN][WARMSTART] step 180/200 | instance=29 | bc_loss=0.9354 | decisions=39
[TRAIN][WARMSTART] step 190/200 | instance=29 | bc_loss=0.9013 | decisions=39
[TRAIN][WARMSTART] step 200/200 | instance=13 | bc_loss=0.9258 | decisions=43
[TRAIN] Warm-start complete, switching to BOPO preference optimization.
------------------------------------------------------------
[TRAIN] BOPO agent ready. Starting training loop for 350 step(s)...
------------------------------------------------------------
[TRAIN] Step 1/350 | 08:50:58
[TRAIN] Step 1 | Loss=0.849889 | Best makespan in group=380.00
[TRAIN] Step 2/350 | 08:52:59
[TRAIN] Step 2 | Loss=0.702101 | Best makespan in group=422.00
[TRAIN] Step 3/350 | 08:53:29
[TRAIN] Step 3 | Loss=0.646462 | Best makespan in group=371.00
[TRAIN] Step 4/350 | 08:53:52
[TRAIN] Step 4 | Loss=0.807139 | Best makespan in group=388.00
[TRAIN] Step 5/350 | 08:54:18
[TRAIN] Step 5 | Loss=0.672060 | Best makespan in group=407.00
[TRAIN] Step 6/350 | 08:54:41
[TRAIN] Step 6 | Loss=0.754781 | Best makespan in group=415.00
[TRAIN] Step 7/350 | 08:55:05
[TRAIN] Step 7 | Loss=0.718878 | Best makespan in group=373.00
[TRAIN] Step 8/350 | 08:55:27
[TRAIN] Step 8 | Loss=0.646407 | Best makespan in group=348.00
[TRAIN] Step 9/350 | 08:55:49
[TRAIN] Step 9 | Loss=0.850286 | Best makespan in group=516.00
[TRAIN] Step 10/350 | 08:56:14
[TRAIN] Step 10 | Loss=0.636609 | Best makespan in group=396.00
[TRAIN] Step 11/350 | 08:56:40
[TRAIN] Step 11 | Loss=0.757840 | Best makespan in group=270.00
[TRAIN] Step 12/350 | 08:57:03
[TRAIN] Step 12 | Loss=0.631567 | Best makespan in group=374.00
[TRAIN] Step 13/350 | 08:57:27
[TRAIN] Step 13 | Loss=0.777772 | Best makespan in group=467.00
[TRAIN] Step 14/350 | 08:57:53
[TRAIN] Step 14 | Loss=0.652144 | Best makespan in group=342.00
[TRAIN] Step 15/350 | 08:58:15
[TRAIN] Step 15 | Loss=0.775660 | Best makespan in group=519.00
[TRAIN] Step 16/350 | 08:58:41
[TRAIN] Step 16 | Loss=0.757140 | Best makespan in group=338.00
[TRAIN] Step 17/350 | 08:59:04
[TRAIN] Step 17 | Loss=0.731107 | Best makespan in group=396.00
[TRAIN] Step 18/350 | 08:59:28
[TRAIN] Step 18 | Loss=0.716498 | Best makespan in group=447.00
[TRAIN] Step 19/350 | 08:59:51
[TRAIN] Step 19 | Loss=0.817585 | Best makespan in group=360.00
[TRAIN] Step 20/350 | 09:00:15
[TRAIN] Step 20 | Loss=0.637912 | Best makespan in group=426.00
[TRAIN] Step 21/350 | 09:00:40
[TRAIN] Step 21 | Loss=0.663063 | Best makespan in group=392.00
[TRAIN] Step 22/350 | 09:01:07
[TRAIN] Step 22 | Loss=0.708965 | Best makespan in group=374.00
[TRAIN] Step 23/350 | 09:01:33
[TRAIN] Step 23 | Loss=0.663898 | Best makespan in group=321.00
[TRAIN] Step 24/350 | 09:02:02
[TRAIN] Step 24 | Loss=0.636872 | Best makespan in group=511.00
[TRAIN] Step 25/350 | 09:02:25
[TRAIN] Step 25 | Loss=0.642781 | Best makespan in group=545.00
[TRAIN][VAL][ep 25] avg_gap=0.1376 | std_gap=0.0793 | q80_gap=0.1935 | n=20
[TRAIN] Validation improved | smoothed_avg_gap=0.1376 (raw=0.1376) | saving candidate: 184432821293872.pth
[TRAIN] Step 26/350 | 09:03:16
[TRAIN] Step 26 | Loss=0.643469 | Best makespan in group=339.00
[TRAIN] Step 27/350 | 09:03:39
[TRAIN] Step 27 | Loss=0.699137 | Best makespan in group=334.00
[TRAIN] Step 28/350 | 09:04:06
[TRAIN] Step 28 | Loss=0.661602 | Best makespan in group=405.00
[TRAIN] Step 29/350 | 09:04:30
[TRAIN] Step 29 | Loss=0.735993 | Best makespan in group=516.00
[TRAIN] Step 30/350 | 09:04:51
[TRAIN] Step 30 | Loss=0.599986 | Best makespan in group=397.00
[TRAIN] Step 31/350 | 09:05:14
[TRAIN] Step 31 | Loss=0.724447 | Best makespan in group=353.00
[TRAIN] Step 32/350 | 09:05:39
[TRAIN] Step 32 | Loss=0.569555 | Best makespan in group=324.00
[TRAIN] Step 33/350 | 09:06:07
[TRAIN] Step 33 | Loss=0.663525 | Best makespan in group=375.00
[TRAIN] Step 34/350 | 09:06:33
[TRAIN] Step 34 | Loss=0.588228 | Best makespan in group=360.00
[TRAIN] Step 35/350 | 09:06:59
[TRAIN] Step 35 | Loss=0.621346 | Best makespan in group=401.00
[TRAIN] Step 36/350 | 09:07:26
[TRAIN] Step 36 | Loss=0.739633 | Best makespan in group=407.00
[TRAIN] Step 37/350 | 09:07:51
[TRAIN] Step 37 | Loss=0.730378 | Best makespan in group=427.00
[TRAIN] Step 38/350 | 09:08:15
[TRAIN] Step 38 | Loss=0.653810 | Best makespan in group=428.00
[TRAIN] Step 39/350 | 09:08:39
[TRAIN] Step 39 | Loss=0.705634 | Best makespan in group=507.00
[TRAIN] Step 40/350 | 09:09:01
[TRAIN] Step 40 | Loss=0.616907 | Best makespan in group=386.00
[TRAIN] Step 41/350 | 09:09:25
[TRAIN] Step 41 | Loss=0.648960 | Best makespan in group=255.00
[TRAIN] Step 42/350 | 09:09:48
[TRAIN] Step 42 | Loss=0.645586 | Best makespan in group=358.00
[TRAIN] Step 43/350 | 09:10:13
[TRAIN] Step 43 | Loss=0.749869 | Best makespan in group=361.00
[TRAIN] Step 44/350 | 09:10:35
[TRAIN] Step 44 | Loss=0.692933 | Best makespan in group=402.00
[TRAIN] Step 45/350 | 09:10:58
[TRAIN] Step 45 | Loss=0.644422 | Best makespan in group=326.00
[TRAIN] Step 46/350 | 09:11:21
[TRAIN] Step 46 | Loss=0.548544 | Best makespan in group=364.00
[TRAIN] Step 47/350 | 09:11:48
[TRAIN] Step 47 | Loss=0.601145 | Best makespan in group=325.00
[TRAIN] Step 48/350 | 09:12:10
[TRAIN] Step 48 | Loss=0.695869 | Best makespan in group=346.00
[TRAIN] Step 49/350 | 09:12:33
[TRAIN] Step 49 | Loss=0.674866 | Best makespan in group=487.00
[TRAIN] Step 50/350 | 09:12:56
[TRAIN] Step 50 | Loss=0.798247 | Best makespan in group=354.00
[TRAIN][VAL][ep 50] avg_gap=0.1251 | std_gap=0.0832 | q80_gap=0.1862 | n=20
[TRAIN] Validation improved | smoothed_avg_gap=0.1313 (raw=0.1251) | saving candidate: 454596960486588.pth
[TRAIN] Step 51/350 | 09:13:46
[TRAIN] Step 51 | Loss=0.635401 | Best makespan in group=528.00
[TRAIN] Step 52/350 | 09:14:16
[TRAIN] Step 52 | Loss=0.665370 | Best makespan in group=326.00
[TRAIN] Step 53/350 | 09:14:41
[TRAIN] Step 53 | Loss=0.646306 | Best makespan in group=543.00
[TRAIN] Step 54/350 | 09:15:10
[TRAIN] Step 54 | Loss=0.684543 | Best makespan in group=312.00
[TRAIN] Step 55/350 | 09:15:35
[TRAIN] Step 55 | Loss=0.685941 | Best makespan in group=514.00
[TRAIN] Step 56/350 | 09:16:00
[TRAIN] Step 56 | Loss=0.662228 | Best makespan in group=431.00
[TRAIN] Step 57/350 | 09:40:23
[TRAIN] Step 57 | Loss=0.642085 | Best makespan in group=362.00
[TRAIN] Step 58/350 | 09:40:52
[TRAIN] Step 58 | Loss=0.687408 | Best makespan in group=338.00
[TRAIN] Step 59/350 | 09:41:26
[TRAIN] Step 59 | Loss=0.666930 | Best makespan in group=365.00
[TRAIN] Step 60/350 | 09:42:03
[TRAIN] Step 60 | Loss=0.577591 | Best makespan in group=330.00
[TRAIN] Step 61/350 | 09:42:31
[TRAIN] Step 61 | Loss=0.577673 | Best makespan in group=321.00
[TRAIN] Step 62/350 | 09:43:12
[TRAIN] Step 62 | Loss=0.654414 | Best makespan in group=380.00
[TRAIN] Step 63/350 | 09:43:48
[TRAIN] Step 63 | Loss=0.656316 | Best makespan in group=311.00
[TRAIN] Step 64/350 | 09:44:18
[TRAIN] Step 64 | Loss=0.554535 | Best makespan in group=472.00
[TRAIN] Step 65/350 | 09:44:52
[TRAIN] Step 65 | Loss=0.686027 | Best makespan in group=347.00
[TRAIN] Step 66/350 | 09:45:24
[TRAIN] Step 66 | Loss=0.595592 | Best makespan in group=354.00
[TRAIN] Step 67/350 | 09:46:02
[TRAIN] Step 67 | Loss=0.643326 | Best makespan in group=343.00
[TRAIN] Step 68/350 | 09:46:31
[TRAIN] Step 68 | Loss=0.736501 | Best makespan in group=244.00
[TRAIN] Step 69/350 | 09:47:02
[TRAIN] Step 69 | Loss=0.640181 | Best makespan in group=342.00
[TRAIN] Step 70/350 | 09:47:34
[TRAIN] Step 70 | Loss=0.633659 | Best makespan in group=345.00
[TRAIN] Step 71/350 | 09:48:08
[TRAIN] Step 71 | Loss=0.655549 | Best makespan in group=387.00
[TRAIN] Step 72/350 | 09:48:38
[TRAIN] Step 72 | Loss=0.631963 | Best makespan in group=409.00
[TRAIN] Step 73/350 | 09:49:06
[TRAIN] Step 73 | Loss=0.617026 | Best makespan in group=338.00
[TRAIN] Step 74/350 | 09:49:39
[TRAIN] Step 74 | Loss=0.773205 | Best makespan in group=389.00
[TRAIN] Step 75/350 | 09:50:10
[TRAIN] Step 75 | Loss=0.696259 | Best makespan in group=351.00
[TRAIN][VAL][ep 75] avg_gap=0.1452 | std_gap=0.0961 | q80_gap=0.1990 | n=20
[TRAIN] Step 76/350 | 09:51:11
[TRAIN] Step 76 | Loss=0.811292 | Best makespan in group=364.00
[TRAIN] Step 77/350 | 09:51:39
[TRAIN] Step 77 | Loss=0.666294 | Best makespan in group=364.00
[TRAIN] Step 78/350 | 09:52:15
[TRAIN] Step 78 | Loss=0.661230 | Best makespan in group=326.00
[TRAIN] Step 79/350 | 09:52:43
[TRAIN] Step 79 | Loss=0.660800 | Best makespan in group=530.00
[TRAIN] Step 80/350 | 09:53:12
[TRAIN] Step 80 | Loss=0.629035 | Best makespan in group=343.00
[TRAIN] Step 81/350 | 09:53:39
[TRAIN] Step 81 | Loss=0.751122 | Best makespan in group=370.00
[TRAIN] Step 82/350 | 09:54:16
[TRAIN] Step 82 | Loss=0.647613 | Best makespan in group=516.00
[TRAIN] Step 83/350 | 09:54:46
[TRAIN] Step 83 | Loss=0.603093 | Best makespan in group=503.00
[TRAIN] Step 84/350 | 09:55:11
[TRAIN] Step 84 | Loss=0.594883 | Best makespan in group=450.00
[TRAIN] Step 85/350 | 09:55:38
[TRAIN] Step 85 | Loss=0.699852 | Best makespan in group=357.00
[TRAIN] Step 86/350 | 09:56:07
[TRAIN] Step 86 | Loss=0.664979 | Best makespan in group=368.00
[TRAIN] Step 87/350 | 09:56:39
[TRAIN] Step 87 | Loss=0.639261 | Best makespan in group=428.00
[TRAIN] Step 88/350 | 09:57:08
[TRAIN] Step 88 | Loss=0.682578 | Best makespan in group=321.00
[TRAIN] Step 89/350 | 09:57:33
[TRAIN] Step 89 | Loss=0.587414 | Best makespan in group=506.00
[TRAIN] Step 90/350 | 09:58:01
[TRAIN] Step 90 | Loss=0.628393 | Best makespan in group=325.00
[TRAIN] Step 91/350 | 09:58:28
[TRAIN] Step 91 | Loss=0.599740 | Best makespan in group=370.00
[TRAIN] Step 92/350 | 09:59:02
[TRAIN] Step 92 | Loss=0.578116 | Best makespan in group=356.00
[TRAIN] Step 93/350 | 09:59:32
[TRAIN] Step 93 | Loss=0.622009 | Best makespan in group=241.00
[TRAIN] Step 94/350 | 09:59:59
[TRAIN] Step 94 | Loss=0.630537 | Best makespan in group=543.00
[TRAIN] Step 95/350 | 10:00:28
[TRAIN] Step 95 | Loss=0.648045 | Best makespan in group=429.00
[TRAIN] Step 96/350 | 10:00:56
[TRAIN] Step 96 | Loss=0.760016 | Best makespan in group=365.00
[TRAIN] Step 97/350 | 10:01:21
[TRAIN] Step 97 | Loss=0.672302 | Best makespan in group=351.00
[TRAIN] Step 98/350 | 10:01:51
[TRAIN] Step 98 | Loss=0.626330 | Best makespan in group=327.00
[TRAIN] Step 99/350 | 10:02:16
[TRAIN] Step 99 | Loss=0.637310 | Best makespan in group=428.00
[TRAIN] Step 100/350 | 10:02:43
[TRAIN] Step 100 | Loss=0.637051 | Best makespan in group=373.00
[TRAIN][VAL][ep 100] avg_gap=0.1427 | std_gap=0.0898 | q80_gap=0.2195 | n=20
[TRAIN] Step 101/350 | 10:03:42
[TRAIN] Step 101 | Loss=0.564160 | Best makespan in group=514.00
[TRAIN] Step 102/350 | 10:04:09
[TRAIN] Step 102 | Loss=0.666522 | Best makespan in group=367.00
[TRAIN] Step 103/350 | 10:04:45
[TRAIN] Step 103 | Loss=0.698256 | Best makespan in group=389.00
[TRAIN] Step 104/350 | 10:05:16
[TRAIN] Step 104 | Loss=0.635628 | Best makespan in group=346.00
[TRAIN] Step 105/350 | 10:05:50
[TRAIN] Step 105 | Loss=0.595953 | Best makespan in group=490.00
[TRAIN] Step 106/350 | 10:06:26
[TRAIN] Step 106 | Loss=0.721414 | Best makespan in group=340.00
[TRAIN] Step 107/350 | 10:07:03
[TRAIN] Step 107 | Loss=0.737483 | Best makespan in group=327.00
[TRAIN] Step 108/350 | 10:07:34
[TRAIN] Step 108 | Loss=0.650330 | Best makespan in group=414.00
[TRAIN] Step 109/350 | 10:08:04
[TRAIN] Step 109 | Loss=0.577980 | Best makespan in group=382.00
[TRAIN] Step 110/350 | 10:08:37
[TRAIN] Step 110 | Loss=0.616664 | Best makespan in group=311.00
[TRAIN] Step 111/350 | 10:09:12
[TRAIN] Step 111 | Loss=0.755032 | Best makespan in group=360.00
[TRAIN] Step 112/350 | 10:09:52
[TRAIN] Step 112 | Loss=0.603656 | Best makespan in group=348.00
[TRAIN] Step 113/350 | 10:10:29
[TRAIN] Step 113 | Loss=0.560404 | Best makespan in group=326.00
[TRAIN] Step 114/350 | 10:11:17
[TRAIN] Step 114 | Loss=0.620805 | Best makespan in group=381.00
[TRAIN] Step 115/350 | 10:12:12
[TRAIN] Step 115 | Loss=0.680407 | Best makespan in group=351.00
[TRAIN] Step 116/350 | 10:13:10
[TRAIN] Step 116 | Loss=0.541943 | Best makespan in group=512.00
[TRAIN] Step 117/350 | 10:14:13
[TRAIN] Step 117 | Loss=0.555388 | Best makespan in group=321.00
[TRAIN] Step 118/350 | 10:15:23
[TRAIN] Step 118 | Loss=0.610640 | Best makespan in group=363.00
[TRAIN] Step 119/350 | 10:16:27
[TRAIN] Step 119 | Loss=0.594576 | Best makespan in group=335.00
[TRAIN] Step 120/350 | 10:17:23
[TRAIN] Step 120 | Loss=0.634415 | Best makespan in group=496.00
[TRAIN] Step 121/350 | 10:18:14
[TRAIN] Step 121 | Loss=0.727497 | Best makespan in group=334.00
[TRAIN] Step 122/350 | 10:20:14
[TRAIN] Step 122 | Loss=0.632354 | Best makespan in group=384.00
[TRAIN] Step 123/350 | 10:21:15
[TRAIN] Step 123 | Loss=0.725266 | Best makespan in group=369.00
[TRAIN] Step 124/350 | 10:22:23
[TRAIN] Step 124 | Loss=0.570234 | Best makespan in group=368.00
[TRAIN] Step 125/350 | 10:23:31
[TRAIN] Step 125 | Loss=0.600094 | Best makespan in group=364.00
[TRAIN][VAL][ep 125] avg_gap=0.1539 | std_gap=0.0921 | q80_gap=0.2146 | n=20
[TRAIN] Step 126/350 | 10:25:16
[TRAIN] Step 126 | Loss=0.653872 | Best makespan in group=326.00
[TRAIN] Step 127/350 | 10:25:40
[TRAIN] Step 127 | Loss=0.551253 | Best makespan in group=443.00
[TRAIN] Step 128/350 | 10:26:06
[TRAIN] Step 128 | Loss=0.561040 | Best makespan in group=251.00
[TRAIN] Step 129/350 | 10:26:32
[TRAIN] Step 129 | Loss=0.705627 | Best makespan in group=343.00
[TRAIN] Step 130/350 | 10:26:59
[TRAIN] Step 130 | Loss=0.672859 | Best makespan in group=361.00
[TRAIN] Step 131/350 | 10:27:30
[TRAIN] Step 131 | Loss=0.611462 | Best makespan in group=346.00
[TRAIN] Step 132/350 | 10:28:01
[TRAIN] Step 132 | Loss=0.637270 | Best makespan in group=346.00
[TRAIN] Step 133/350 | 10:28:31
[TRAIN] Step 133 | Loss=0.594566 | Best makespan in group=428.00
[TRAIN] Step 134/350 | 10:28:56
[TRAIN] Step 134 | Loss=0.716613 | Best makespan in group=338.00
[TRAIN] Step 135/350 | 10:29:26
[TRAIN] Step 135 | Loss=0.570468 | Best makespan in group=337.00
[TRAIN] Step 136/350 | 10:29:52
[TRAIN] Step 136 | Loss=0.700385 | Best makespan in group=321.00
[TRAIN] Step 137/350 | 10:30:24
[TRAIN] Step 137 | Loss=0.591612 | Best makespan in group=316.00
[TRAIN] Step 138/350 | 10:30:50
[TRAIN] Step 138 | Loss=0.607550 | Best makespan in group=324.00
[TRAIN] Step 139/350 | 10:31:20
[TRAIN] Step 139 | Loss=0.736661 | Best makespan in group=524.00
[TRAIN] Step 140/350 | 10:31:48
[TRAIN] Step 140 | Loss=0.602331 | Best makespan in group=334.00
[TRAIN] Step 141/350 | 10:32:13
[TRAIN] Step 141 | Loss=0.637571 | Best makespan in group=374.00
[TRAIN] Step 142/350 | 10:32:41
[TRAIN] Step 142 | Loss=0.716758 | Best makespan in group=351.00
[TRAIN] Step 143/350 | 10:33:08
[TRAIN] Step 143 | Loss=0.682809 | Best makespan in group=498.00
[TRAIN] Step 144/350 | 10:33:34
[TRAIN] Step 144 | Loss=0.605270 | Best makespan in group=500.00
[TRAIN] Step 145/350 | 10:33:58
[TRAIN] Step 145 | Loss=0.625254 | Best makespan in group=354.00
[TRAIN] Step 146/350 | 10:34:28
[TRAIN] Step 146 | Loss=0.603738 | Best makespan in group=481.00
[TRAIN] Step 147/350 | 10:34:58
[TRAIN] Step 147 | Loss=0.898763 | Best makespan in group=398.00
[TRAIN] Step 148/350 | 10:35:28
[TRAIN] Step 148 | Loss=0.613926 | Best makespan in group=526.00
[TRAIN] Step 149/350 | 10:35:57
[TRAIN] Step 149 | Loss=0.762123 | Best makespan in group=348.00
[TRAIN] Step 150/350 | 10:36:27
[TRAIN] Step 150 | Loss=0.618740 | Best makespan in group=391.00
[TRAIN][VAL][ep 150] avg_gap=0.1548 | std_gap=0.0823 | q80_gap=0.2391 | n=20
[TRAIN] Step 151/350 | 10:37:24
[TRAIN] Step 151 | Loss=0.722243 | Best makespan in group=334.00
[TRAIN] Step 152/350 | 10:37:53
[TRAIN] Step 152 | Loss=0.605251 | Best makespan in group=321.00
[TRAIN] Step 153/350 | 10:38:25
[TRAIN] Step 153 | Loss=0.660217 | Best makespan in group=342.00
[TRAIN] Step 154/350 | 10:38:50
[TRAIN] Step 154 | Loss=0.603907 | Best makespan in group=332.00
[TRAIN] Step 155/350 | 10:39:17
[TRAIN] Step 155 | Loss=0.857705 | Best makespan in group=354.00
[TRAIN] Step 156/350 | 10:39:46
[TRAIN] Step 156 | Loss=0.813827 | Best makespan in group=370.00
[TRAIN] Step 157/350 | 10:40:14
[TRAIN] Step 157 | Loss=0.710956 | Best makespan in group=353.00
[TRAIN] Step 158/350 | 10:40:42
[TRAIN] Step 158 | Loss=0.625602 | Best makespan in group=497.00
[TRAIN] Step 159/350 | 10:41:07
[TRAIN] Step 159 | Loss=0.627121 | Best makespan in group=525.00
[TRAIN] Step 160/350 | 10:41:35
[TRAIN] Step 160 | Loss=0.665826 | Best makespan in group=411.00
[TRAIN] Step 161/350 | 10:42:02
[TRAIN] Step 161 | Loss=0.696670 | Best makespan in group=376.00
[TRAIN] Step 162/350 | 10:42:33
[TRAIN] Step 162 | Loss=0.637920 | Best makespan in group=369.00
[TRAIN] Step 163/350 | 10:43:05
[TRAIN] Step 163 | Loss=0.741368 | Best makespan in group=352.00
[TRAIN] Step 164/350 | 10:43:33
[TRAIN] Step 164 | Loss=0.705681 | Best makespan in group=354.00
[TRAIN] Step 165/350 | 10:44:05
[TRAIN] Step 165 | Loss=0.666748 | Best makespan in group=383.00
[TRAIN] Step 166/350 | 10:44:35
[TRAIN] Step 166 | Loss=0.721982 | Best makespan in group=374.00
[TRAIN] Step 167/350 | 10:45:03
[TRAIN] Step 167 | Loss=0.711409 | Best makespan in group=526.00
[TRAIN] Step 168/350 | 10:45:31
[TRAIN] Step 168 | Loss=0.650995 | Best makespan in group=496.00
[TRAIN] Step 169/350 | 10:45:57
[TRAIN] Step 169 | Loss=0.705185 | Best makespan in group=325.00
[TRAIN] Step 170/350 | 10:46:24
[TRAIN] Step 170 | Loss=0.629758 | Best makespan in group=356.00
[TRAIN] Step 171/350 | 10:46:51
[TRAIN] Step 171 | Loss=0.717877 | Best makespan in group=453.00
[TRAIN] Step 172/350 | 10:47:17
[TRAIN] Step 172 | Loss=0.714105 | Best makespan in group=421.00
[TRAIN] Step 173/350 | 10:47:44
[TRAIN] Step 173 | Loss=0.635972 | Best makespan in group=333.00
[TRAIN] Step 174/350 | 10:48:09
[TRAIN] Step 174 | Loss=0.685547 | Best makespan in group=338.00
[TRAIN] Step 175/350 | 10:48:39
[TRAIN] Step 175 | Loss=0.669229 | Best makespan in group=311.00
[TRAIN][VAL][ep 175] avg_gap=0.1287 | std_gap=0.0627 | q80_gap=0.1706 | n=20
[TRAIN] Step 176/350 | 10:49:33
[TRAIN] Step 176 | Loss=0.821234 | Best makespan in group=240.00
[TRAIN] Step 177/350 | 10:50:00
[TRAIN] Step 177 | Loss=0.584555 | Best makespan in group=475.00
[TRAIN] Step 178/350 | 10:50:27
[TRAIN] Step 178 | Loss=0.766120 | Best makespan in group=368.00
[TRAIN] Step 179/350 | 10:50:59
[TRAIN] Step 179 | Loss=0.631195 | Best makespan in group=394.00
[TRAIN] Step 180/350 | 10:51:26
[TRAIN] Step 180 | Loss=0.594016 | Best makespan in group=357.00
[TRAIN] Step 181/350 | 10:51:58
[TRAIN] Step 181 | Loss=0.645728 | Best makespan in group=363.00
[TRAIN] Step 182/350 | 10:52:32
[TRAIN] Step 182 | Loss=0.767452 | Best makespan in group=356.00
[TRAIN] Step 183/350 | 10:53:00
[TRAIN] Step 183 | Loss=0.657099 | Best makespan in group=334.00
[TRAIN] Step 184/350 | 10:53:31
[TRAIN] Step 184 | Loss=0.682409 | Best makespan in group=535.00
[TRAIN] Step 185/350 | 10:54:00
[TRAIN] Step 185 | Loss=0.611033 | Best makespan in group=380.00
[TRAIN] Step 186/350 | 10:54:28
[TRAIN] Step 186 | Loss=0.701294 | Best makespan in group=361.00
[TRAIN] Step 187/350 | 10:55:00
[TRAIN] Step 187 | Loss=0.557408 | Best makespan in group=395.00
[TRAIN] Step 188/350 | 10:55:27
[TRAIN] Step 188 | Loss=0.741321 | Best makespan in group=321.00
[TRAIN] Step 189/350 | 10:56:01
[TRAIN] Step 189 | Loss=0.717031 | Best makespan in group=342.00
[TRAIN] Step 190/350 | 10:56:26
[TRAIN] Step 190 | Loss=0.607235 | Best makespan in group=311.00
[TRAIN] Step 191/350 | 10:56:53
[TRAIN] Step 191 | Loss=0.698864 | Best makespan in group=519.00
[TRAIN] Step 192/350 | 10:57:22
[TRAIN] Step 192 | Loss=0.669365 | Best makespan in group=361.00
[TRAIN] Step 193/350 | 10:57:49
[TRAIN] Step 193 | Loss=0.679472 | Best makespan in group=372.00
[TRAIN] Step 194/350 | 10:58:21
[TRAIN] Step 194 | Loss=0.615647 | Best makespan in group=350.00
[TRAIN] Step 195/350 | 10:58:52
[TRAIN] Step 195 | Loss=0.614239 | Best makespan in group=325.00
[TRAIN] Step 196/350 | 10:59:19
[TRAIN] Step 196 | Loss=0.588362 | Best makespan in group=475.00
[TRAIN] Step 197/350 | 10:59:54
[TRAIN] Step 197 | Loss=0.612740 | Best makespan in group=445.00
[TRAIN] Step 198/350 | 11:00:27
[TRAIN] Step 198 | Loss=0.644651 | Best makespan in group=335.00
[TRAIN] Step 199/350 | 11:00:57
[TRAIN] Step 199 | Loss=0.502608 | Best makespan in group=353.00
[TRAIN] Step 200/350 | 11:01:34
[TRAIN] Step 200 | Loss=0.607621 | Best makespan in group=339.00
[TRAIN] Refreshing training instances (step 200)...
[TRAIN][VAL][ep 200] avg_gap=0.1421 | std_gap=0.0737 | q80_gap=0.2001 | n=20
[TRAIN] Step 201/350 | 11:02:45
[TRAIN] Step 201 | Loss=0.609608 | Best makespan in group=528.00
[TRAIN] Step 202/350 | 11:03:19
[TRAIN] Step 202 | Loss=0.750149 | Best makespan in group=367.00
[TRAIN] Step 203/350 | 11:03:50
[TRAIN] Step 203 | Loss=0.768353 | Best makespan in group=499.00
[TRAIN] Step 204/350 | 11:04:18
[TRAIN] Step 204 | Loss=0.569317 | Best makespan in group=435.00
[TRAIN] Step 205/350 | 11:04:48
[TRAIN] Step 205 | Loss=0.559365 | Best makespan in group=366.00
[TRAIN] Step 206/350 | 11:05:17
[TRAIN] Step 206 | Loss=0.573318 | Best makespan in group=362.00
[TRAIN] Step 207/350 | 11:05:50
[TRAIN] Step 207 | Loss=0.702693 | Best makespan in group=462.00
[TRAIN] Step 208/350 | 11:06:20
[TRAIN] Step 208 | Loss=0.562530 | Best makespan in group=357.00
[TRAIN] Step 209/350 | 11:06:48
[TRAIN] Step 209 | Loss=0.675292 | Best makespan in group=350.00
[TRAIN] Step 210/350 | 11:07:18
[TRAIN] Step 210 | Loss=0.536372 | Best makespan in group=428.00
[TRAIN] Step 211/350 | 11:07:45
[TRAIN] Step 211 | Loss=0.601608 | Best makespan in group=342.00
[TRAIN] Step 212/350 | 11:08:14
[TRAIN] Step 212 | Loss=0.549786 | Best makespan in group=422.00
[TRAIN] Step 213/350 | 11:08:45
[TRAIN] Step 213 | Loss=0.539742 | Best makespan in group=286.00
[TRAIN] Step 214/350 | 11:09:11
[TRAIN] Step 214 | Loss=0.857535 | Best makespan in group=261.00
[TRAIN] Step 215/350 | 11:09:36
[TRAIN] Step 215 | Loss=0.722874 | Best makespan in group=364.00
[TRAIN] Step 216/350 | 11:10:04
[TRAIN] Step 216 | Loss=0.710221 | Best makespan in group=335.00
[TRAIN] Step 217/350 | 11:10:33
[TRAIN] Step 217 | Loss=0.681948 | Best makespan in group=298.00
[TRAIN] Step 218/350 | 11:11:01
[TRAIN] Step 218 | Loss=0.645653 | Best makespan in group=313.00
[TRAIN] Step 219/350 | 11:11:28
[TRAIN] Step 219 | Loss=0.622718 | Best makespan in group=364.00
[TRAIN] Step 220/350 | 11:12:01
[TRAIN] Step 220 | Loss=0.872667 | Best makespan in group=261.00
[TRAIN] Step 221/350 | 11:12:29
[TRAIN] Step 221 | Loss=0.591270 | Best makespan in group=464.00
[TRAIN] Step 222/350 | 11:12:57
[TRAIN] Step 222 | Loss=0.614330 | Best makespan in group=319.00
[TRAIN] Step 223/350 | 11:13:39
[TRAIN] Step 223 | Loss=0.721544 | Best makespan in group=323.00
[TRAIN] Step 224/350 | 11:14:28
[TRAIN] Step 224 | Loss=0.773283 | Best makespan in group=456.00
[TRAIN] Step 225/350 | 11:15:12
[TRAIN] Step 225 | Loss=0.734192 | Best makespan in group=378.00
[TRAIN][VAL][ep 225] avg_gap=0.1744 | std_gap=0.0850 | q80_gap=0.2469 | n=20
[TRAIN] Step 226/350 | 11:16:38
[TRAIN] Step 226 | Loss=0.720253 | Best makespan in group=353.00
[TRAIN] Step 227/350 | 11:17:16
[TRAIN] Step 227 | Loss=0.623136 | Best makespan in group=386.00
[TRAIN] Step 228/350 | 11:17:52
[TRAIN] Step 228 | Loss=0.625477 | Best makespan in group=386.00
[TRAIN] Step 229/350 | 11:18:30
[TRAIN] Step 229 | Loss=0.531199 | Best makespan in group=447.00
[TRAIN] Step 230/350 | 11:19:00
[TRAIN] Step 230 | Loss=0.735474 | Best makespan in group=308.00
[TRAIN] Step 231/350 | 11:19:27
[TRAIN] Step 231 | Loss=0.799046 | Best makespan in group=309.00
[TRAIN] Step 232/350 | 11:19:54
[TRAIN] Step 232 | Loss=0.648614 | Best makespan in group=482.00
[TRAIN] Step 233/350 | 11:20:25
[TRAIN] Step 233 | Loss=0.638369 | Best makespan in group=342.00
[TRAIN] Step 234/350 | 11:20:55
[TRAIN] Step 234 | Loss=0.629802 | Best makespan in group=430.00
[TRAIN] Step 235/350 | 11:21:26
[TRAIN] Step 235 | Loss=0.651611 | Best makespan in group=509.00
[TRAIN] Step 236/350 | 11:21:56
[TRAIN] Step 236 | Loss=0.687238 | Best makespan in group=352.00
[TRAIN] Step 237/350 | 11:22:27
[TRAIN] Step 237 | Loss=0.638357 | Best makespan in group=326.00
[TRAIN] Step 238/350 | 11:22:55
[TRAIN] Step 238 | Loss=0.608015 | Best makespan in group=471.00
[TRAIN] Step 239/350 | 11:23:22
[TRAIN] Step 239 | Loss=0.656012 | Best makespan in group=344.00
[TRAIN] Step 240/350 | 11:23:49
[TRAIN] Step 240 | Loss=0.739939 | Best makespan in group=261.00
[TRAIN] Step 241/350 | 11:24:15
[TRAIN] Step 241 | Loss=0.734900 | Best makespan in group=446.00
[TRAIN] Step 242/350 | 11:24:42
[TRAIN] Step 242 | Loss=0.686975 | Best makespan in group=379.00
[TRAIN] Step 243/350 | 11:25:12
[TRAIN] Step 243 | Loss=0.641207 | Best makespan in group=371.00
[TRAIN] Step 244/350 | 11:25:40
[TRAIN] Step 244 | Loss=0.644585 | Best makespan in group=440.00
[TRAIN] Step 245/350 | 11:26:10
[TRAIN] Step 245 | Loss=0.636066 | Best makespan in group=349.00
[TRAIN] Step 246/350 | 11:26:39
[TRAIN] Step 246 | Loss=0.747599 | Best makespan in group=295.00
[TRAIN] Step 247/350 | 11:27:08
[TRAIN] Step 247 | Loss=0.699721 | Best makespan in group=384.00
[TRAIN] Step 248/350 | 11:27:39
[TRAIN] Step 248 | Loss=0.618652 | Best makespan in group=453.00
[TRAIN] Step 249/350 | 11:28:06
[TRAIN] Step 249 | Loss=0.587507 | Best makespan in group=322.00
[TRAIN] Step 250/350 | 11:28:32
[TRAIN] Step 250 | Loss=0.743217 | Best makespan in group=329.00
[TRAIN][VAL][ep 250] avg_gap=0.1417 | std_gap=0.0685 | q80_gap=0.2117 | n=20
[TRAIN] Step 251/350 | 11:29:28
[TRAIN] Step 251 | Loss=0.567101 | Best makespan in group=414.00
[TRAIN] Step 252/350 | 11:29:58
[TRAIN] Step 252 | Loss=0.633696 | Best makespan in group=293.00
[TRAIN] Step 253/350 | 11:30:25
[TRAIN] Step 253 | Loss=0.587967 | Best makespan in group=339.00
[TRAIN] Step 254/350 | 11:30:53
[TRAIN] Step 254 | Loss=0.676439 | Best makespan in group=389.00
[TRAIN] Step 255/350 | 11:31:22
[TRAIN] Step 255 | Loss=0.517631 | Best makespan in group=381.00
[TRAIN] Step 256/350 | 11:31:47
[TRAIN] Step 256 | Loss=0.589888 | Best makespan in group=447.00
[TRAIN] Step 257/350 | 11:32:15
[TRAIN] Step 257 | Loss=0.732990 | Best makespan in group=346.00
[TRAIN] Step 258/350 | 11:32:42
[TRAIN] Step 258 | Loss=0.543910 | Best makespan in group=381.00
[TRAIN] Step 259/350 | 11:33:10
[TRAIN] Step 259 | Loss=0.684851 | Best makespan in group=255.00
[TRAIN] Step 260/350 | 11:33:37
[TRAIN] Step 260 | Loss=0.689041 | Best makespan in group=359.00
[TRAIN] Step 261/350 | 11:34:08
[TRAIN] Step 261 | Loss=0.664107 | Best makespan in group=465.00
[TRAIN] Step 262/350 | 11:34:35
[TRAIN] Step 262 | Loss=0.623913 | Best makespan in group=452.00
[TRAIN] Step 263/350 | 11:35:05
[TRAIN] Step 263 | Loss=0.589049 | Best makespan in group=522.00
[TRAIN] Step 264/350 | 11:35:34
[TRAIN] Step 264 | Loss=0.565150 | Best makespan in group=348.00
[TRAIN] Step 265/350 | 11:36:03
[TRAIN] Step 265 | Loss=0.591246 | Best makespan in group=352.00
[TRAIN] Step 266/350 | 11:36:33
[TRAIN] Step 266 | Loss=0.583855 | Best makespan in group=386.00
[TRAIN] Step 267/350 | 11:36:58
[TRAIN] Step 267 | Loss=0.584627 | Best makespan in group=377.00
[TRAIN] Step 268/350 | 11:37:30
[TRAIN] Step 268 | Loss=0.641635 | Best makespan in group=422.00
[TRAIN] Step 269/350 | 11:37:59
[TRAIN] Step 269 | Loss=0.658167 | Best makespan in group=377.00
[TRAIN] Step 270/350 | 11:38:27
[TRAIN] Step 270 | Loss=0.748854 | Best makespan in group=341.00
[TRAIN] Step 271/350 | 11:38:55
[TRAIN] Step 271 | Loss=0.670673 | Best makespan in group=352.00
[TRAIN] Step 272/350 | 11:39:25
[TRAIN] Step 272 | Loss=0.626338 | Best makespan in group=357.00
[TRAIN] Step 273/350 | 11:39:52
[TRAIN] Step 273 | Loss=0.706328 | Best makespan in group=459.00
[TRAIN] Step 274/350 | 11:40:20
[TRAIN] Step 274 | Loss=0.544191 | Best makespan in group=460.00
[TRAIN] Step 275/350 | 11:40:47
[TRAIN] Step 275 | Loss=0.605656 | Best makespan in group=261.00
[TRAIN][VAL][ep 275] avg_gap=0.1298 | std_gap=0.0544 | q80_gap=0.1766 | n=20
[TRAIN] Step 276/350 | 11:41:40
[TRAIN] Step 276 | Loss=0.754464 | Best makespan in group=333.00
[TRAIN] Step 277/350 | 11:42:09
[TRAIN] Step 277 | Loss=0.620797 | Best makespan in group=308.00
[TRAIN] Step 278/350 | 11:42:36
[TRAIN] Step 278 | Loss=0.639587 | Best makespan in group=300.00
[TRAIN] Step 279/350 | 11:43:02
[TRAIN] Step 279 | Loss=0.760550 | Best makespan in group=386.00
[TRAIN] Step 280/350 | 11:43:32
[TRAIN] Step 280 | Loss=0.546114 | Best makespan in group=497.00
[TRAIN] Step 281/350 | 11:43:59
[TRAIN] Step 281 | Loss=0.547602 | Best makespan in group=326.00
[TRAIN] Step 282/350 | 11:44:24
[TRAIN] Step 282 | Loss=0.666130 | Best makespan in group=358.00
[TRAIN] Step 283/350 | 11:44:52
[TRAIN] Step 283 | Loss=0.782323 | Best makespan in group=330.00
[TRAIN] Step 284/350 | 11:45:20
[TRAIN] Step 284 | Loss=0.538391 | Best makespan in group=397.00
[TRAIN] Step 285/350 | 11:45:49
[TRAIN] Step 285 | Loss=0.678446 | Best makespan in group=325.00
[TRAIN] Step 286/350 | 11:46:17
[TRAIN] Step 286 | Loss=0.753562 | Best makespan in group=294.00
[TRAIN] Step 287/350 | 11:46:45
[TRAIN] Step 287 | Loss=0.630074 | Best makespan in group=481.00
[TRAIN] Step 288/350 | 11:47:16
[TRAIN] Step 288 | Loss=0.772397 | Best makespan in group=372.00
[TRAIN] Step 289/350 | 11:47:45
[TRAIN] Step 289 | Loss=0.609230 | Best makespan in group=368.00
[TRAIN] Step 290/350 | 11:48:17
[TRAIN] Step 290 | Loss=0.676568 | Best makespan in group=253.00
[TRAIN] Step 291/350 | 11:48:43
[TRAIN] Step 291 | Loss=0.721024 | Best makespan in group=397.00
[TRAIN] Step 292/350 | 11:49:13
[TRAIN] Step 292 | Loss=0.651244 | Best makespan in group=356.00
[TRAIN] Step 293/350 | 11:49:42
[TRAIN] Step 293 | Loss=0.694214 | Best makespan in group=349.00
[TRAIN] Step 294/350 | 11:50:13
[TRAIN] Step 294 | Loss=0.735115 | Best makespan in group=350.00
[TRAIN] Step 295/350 | 11:50:40
[TRAIN] Step 295 | Loss=0.620314 | Best makespan in group=255.00
[TRAIN] Step 296/350 | 11:51:07
[TRAIN] Step 296 | Loss=0.751393 | Best makespan in group=454.00
[TRAIN] Step 297/350 | 11:51:35
[TRAIN] Step 297 | Loss=0.661969 | Best makespan in group=329.00
[TRAIN] Step 298/350 | 11:52:04
[TRAIN] Step 298 | Loss=0.718244 | Best makespan in group=322.00
[TRAIN] Step 299/350 | 11:52:30
[TRAIN] Step 299 | Loss=0.517554 | Best makespan in group=286.00
[TRAIN] Step 300/350 | 11:52:58
[TRAIN] Step 300 | Loss=0.487114 | Best makespan in group=443.00
[TRAIN][VAL][ep 300] avg_gap=0.1186 | std_gap=0.0734 | q80_gap=0.1527 | n=20
[TRAIN] Validation improved | smoothed_avg_gap=0.1300 (raw=0.1186) | saving candidate: 451428562271558.pth
[TRAIN] Step 301/350 | 11:54:05
[TRAIN] Step 301 | Loss=0.631072 | Best makespan in group=335.00
[TRAIN] Step 302/350 | 11:54:34
[TRAIN] Step 302 | Loss=0.628232 | Best makespan in group=308.00
[TRAIN] Step 303/350 | 11:55:02
[TRAIN] Step 303 | Loss=0.711213 | Best makespan in group=337.00
[TRAIN] Step 304/350 | 11:55:32
[TRAIN] Step 304 | Loss=0.753365 | Best makespan in group=381.00
[TRAIN] Step 305/350 | 11:56:01
[TRAIN] Step 305 | Loss=0.641075 | Best makespan in group=368.00
[TRAIN] Step 306/350 | 11:56:31
[TRAIN] Step 306 | Loss=0.598067 | Best makespan in group=387.00
[TRAIN] Step 307/350 | 11:57:00
[TRAIN] Step 307 | Loss=0.630289 | Best makespan in group=335.00
[TRAIN] Step 308/350 | 11:57:27
[TRAIN] Step 308 | Loss=0.757406 | Best makespan in group=358.00
[TRAIN] Step 309/350 | 11:57:59
[TRAIN] Step 309 | Loss=0.793448 | Best makespan in group=466.00
[TRAIN] Step 310/350 | 11:58:25
[TRAIN] Step 310 | Loss=0.528314 | Best makespan in group=436.00
[TRAIN] Step 311/350 | 11:58:54
[TRAIN] Step 311 | Loss=0.824230 | Best makespan in group=356.00
[TRAIN] Step 312/350 | 11:59:24
[TRAIN] Step 312 | Loss=0.575822 | Best makespan in group=501.00
[TRAIN] Step 313/350 | 11:59:53
[TRAIN] Step 313 | Loss=0.689628 | Best makespan in group=474.00
[TRAIN] Step 314/350 | 12:00:25
[TRAIN] Step 314 | Loss=0.657372 | Best makespan in group=506.00
[TRAIN] Step 315/350 | 12:00:52
[TRAIN] Step 315 | Loss=0.652490 | Best makespan in group=364.00
[TRAIN] Step 316/350 | 12:01:23
[TRAIN] Step 316 | Loss=0.696133 | Best makespan in group=381.00
[TRAIN] Step 317/350 | 12:01:52
[TRAIN] Step 317 | Loss=0.592647 | Best makespan in group=471.00
[TRAIN] Step 318/350 | 12:02:19
[TRAIN] Step 318 | Loss=0.654344 | Best makespan in group=295.00
[TRAIN] Step 319/350 | 12:02:45
[TRAIN] Step 319 | Loss=0.618026 | Best makespan in group=374.00
[TRAIN] Step 320/350 | 12:03:12
[TRAIN] Step 320 | Loss=0.852388 | Best makespan in group=261.00
[TRAIN] Step 321/350 | 12:03:38
[TRAIN] Step 321 | Loss=0.755626 | Best makespan in group=283.00
[TRAIN] Step 322/350 | 12:04:04
[TRAIN] Step 322 | Loss=0.680752 | Best makespan in group=355.00
[TRAIN] Step 323/350 | 12:04:35
[TRAIN] Step 323 | Loss=0.774260 | Best makespan in group=457.00
[TRAIN] Step 324/350 | 12:05:01
[TRAIN] Step 324 | Loss=0.618666 | Best makespan in group=260.00
[TRAIN] Step 325/350 | 12:05:28
[TRAIN] Step 325 | Loss=0.694790 | Best makespan in group=495.00
[TRAIN][VAL][ep 325] avg_gap=0.1372 | std_gap=0.0774 | q80_gap=0.1997 | n=20
[TRAIN] Validation improved | smoothed_avg_gap=0.1285 (raw=0.1372) | saving candidate: 751138358325447.pth
[TRAIN] Step 326/350 | 12:06:27
[TRAIN] Step 326 | Loss=0.687021 | Best makespan in group=471.00
[TRAIN] Step 327/350 | 12:06:54
[TRAIN] Step 327 | Loss=0.574186 | Best makespan in group=340.00
[TRAIN] Step 328/350 | 12:07:23
[TRAIN] Step 328 | Loss=0.664737 | Best makespan in group=358.00
[TRAIN] Step 329/350 | 12:07:53
[TRAIN] Step 329 | Loss=0.596546 | Best makespan in group=459.00
[TRAIN] Step 330/350 | 12:08:19
[TRAIN] Step 330 | Loss=0.701155 | Best makespan in group=364.00
[TRAIN] Step 331/350 | 12:08:48
[TRAIN] Step 331 | Loss=0.590904 | Best makespan in group=391.00
[TRAIN] Step 332/350 | 12:09:16
[TRAIN] Step 332 | Loss=0.670480 | Best makespan in group=261.00
[TRAIN] Step 333/350 | 12:09:41
[TRAIN] Step 333 | Loss=0.750170 | Best makespan in group=354.00
[TRAIN] Step 334/350 | 12:10:09
[TRAIN] Step 334 | Loss=0.728547 | Best makespan in group=378.00
[TRAIN] Step 335/350 | 12:10:40
[TRAIN] Step 335 | Loss=0.756781 | Best makespan in group=309.00
[TRAIN] Step 336/350 | 12:11:06
[TRAIN] Step 336 | Loss=0.684441 | Best makespan in group=363.00
[TRAIN] Step 337/350 | 12:11:45
[TRAIN] Step 337 | Loss=0.683740 | Best makespan in group=470.00
[TRAIN] Step 338/350 | 12:12:27
[TRAIN] Step 338 | Loss=0.690111 | Best makespan in group=373.00
[TRAIN] Step 339/350 | 12:13:05
[TRAIN] Step 339 | Loss=0.626654 | Best makespan in group=337.00
[TRAIN] Step 340/350 | 12:13:44
[TRAIN] Step 340 | Loss=0.626950 | Best makespan in group=323.00
[TRAIN] Step 341/350 | 12:14:23
[TRAIN] Step 341 | Loss=0.686726 | Best makespan in group=295.00
[TRAIN] Step 342/350 | 12:15:02
[TRAIN] Step 342 | Loss=0.781493 | Best makespan in group=347.00
[TRAIN] Step 343/350 | 12:15:39
[TRAIN] Step 343 | Loss=0.656083 | Best makespan in group=448.00
[TRAIN] Step 344/350 | 12:16:20
[TRAIN] Step 344 | Loss=0.600303 | Best makespan in group=439.00
[TRAIN] Step 345/350 | 12:17:01
[TRAIN] Step 345 | Loss=0.781836 | Best makespan in group=365.00
[TRAIN] Step 346/350 | 12:17:36
[TRAIN] Step 346 | Loss=0.608492 | Best makespan in group=381.00
[TRAIN] Step 347/350 | 12:18:17
[TRAIN] Step 347 | Loss=0.754325 | Best makespan in group=332.00
[TRAIN] Step 348/350 | 12:18:55
[TRAIN] Step 348 | Loss=0.619305 | Best makespan in group=322.00
[TRAIN] Step 349/350 | 12:19:32
[TRAIN] Step 349 | Loss=0.577877 | Best makespan in group=490.00
[TRAIN] Step 350/350 | 12:20:10
[TRAIN] Step 350 | Loss=0.606508 | Best makespan in group=397.00
[TRAIN][VAL][ep 350] avg_gap=0.1309 | std_gap=0.0708 | q80_gap=0.1884 | n=20
[TRAIN] Evaluating best checkpoint (candidate_models/751138358325447.pth) on the held-out test split...
[TRAIN][TEST] avg_gap=0.1406 | std_gap=0.1238 | q80_gap=0.2201 | n=20
[TRAIN][12:21:58] Training ended. Validation history and plots updated.
