D:\Dissertação\dissertation-bopo_introduction\venv\Lib\site-packages\torch\jit\_script.py:1485: FutureWarning: `torch.jit.script` is not supported in Python 3.14+ and may break. Please switch to `torch.compile` or `torch.export`.
  warnings.warn(
============================================================
[TRAIN] Training started at: 2026-10-02 19:58:50
[TRAIN] Hyperparams | max_steps=350 | new_freq=200
[TRAIN]             | n_cases=30 | B=32 | K=10 | use_greedy=True | lr=0.0047 (decaying to 9.40e-04)
[TRAIN]             | warm_start_steps=200 | checkpoint_smooth_window=3 | seed=44
[TRAIN]             | hidden_channels=128 | num_layers=2 | heads=3
[TRAIN]             | logp_norm=mean | exclude_greedy_from_loss=True
[TRAIN] Representation | ojmb_node_v2 | GNN | gat | jm_design | edges
[TRAIN] Device | cuda:0 (NVIDIA GeForce GTX 1650 Ti)
[TRAIN] Problem size | jobs=[8,10] | machines=[5,10] | ops_per_job=[5,6] | max_proc=100
============================================================
[TRAIN] Output run folder: results\batching_gat_L2_ojmb_node_v2_s44_steps_20261002_195851
[TRAIN] Validation config | every=25 steps | instances=20 (representative subset)
[TRAIN][TEACHER] validation avg_gap=0.5033 | q80_gap=0.6593 || test avg_gap=0.4287 | q80_gap=0.6096
[TRAIN] Step metrics | every step on 4 validation instance(s) (bat001, bat003, bat005, bat007) -> results\batching_gat_L2_ojmb_node_v2_s44_steps_20261002_195851\step_metrics.json
[TRAIN] Warm-start (behavior cloning vs. dispatch heuristic) | 200 step(s)...
[TRAIN][WARMSTART] step 10/200 | instance=14 | bc_loss=1.6612 | decisions=44
[TRAIN][WARMSTART] step 20/200 | instance=28 | bc_loss=1.7817 | decisions=52
[TRAIN][WARMSTART] step 30/200 | instance=11 | bc_loss=1.3318 | decisions=40
[TRAIN][WARMSTART] step 40/200 | instance=5 | bc_loss=1.4570 | decisions=42
[TRAIN][WARMSTART] step 50/200 | instance=10 | bc_loss=1.5154 | decisions=43
[TRAIN][WARMSTART] step 60/200 | instance=1 | bc_loss=1.1180 | decisions=49
[TRAIN][WARMSTART] step 70/200 | instance=28 | bc_loss=1.2453 | decisions=52
[TRAIN][WARMSTART] step 80/200 | instance=26 | bc_loss=1.2211 | decisions=48
[TRAIN][WARMSTART] step 90/200 | instance=17 | bc_loss=1.2086 | decisions=40
[TRAIN][WARMSTART] step 100/200 | instance=8 | bc_loss=1.1932 | decisions=50
[TRAIN][WARMSTART] step 110/200 | instance=22 | bc_loss=1.0960 | decisions=45
[TRAIN][WARMSTART] step 120/200 | instance=8 | bc_loss=1.1627 | decisions=50
[TRAIN][WARMSTART] step 130/200 | instance=18 | bc_loss=1.0893 | decisions=46
[TRAIN][WARMSTART] step 140/200 | instance=29 | bc_loss=1.2647 | decisions=54
[TRAIN][WARMSTART] step 150/200 | instance=7 | bc_loss=1.1169 | decisions=39
[TRAIN][WARMSTART] step 160/200 | instance=20 | bc_loss=0.9934 | decisions=50
[TRAIN][WARMSTART] step 170/200 | instance=20 | bc_loss=0.9907 | decisions=50
[TRAIN][WARMSTART] step 180/200 | instance=0 | bc_loss=0.7869 | decisions=37
[TRAIN][WARMSTART] step 190/200 | instance=20 | bc_loss=1.0460 | decisions=50
[TRAIN][WARMSTART] step 200/200 | instance=23 | bc_loss=0.7248 | decisions=41
[TRAIN] Warm-start complete, switching to BOPO preference optimization.
------------------------------------------------------------
[TRAIN] BOPO agent ready. Starting training loop for 350 step(s)...
------------------------------------------------------------
[TRAIN] Step 1/350 | 20:10:57
[TRAIN] Step 1 | Loss=0.606796 | Best makespan in group=530.00
[TRAIN] Step 2/350 | 20:11:51
[TRAIN] Step 2 | Loss=0.858969 | Best makespan in group=550.00
[TRAIN] Step 3/350 | 20:12:30
[TRAIN] Step 3 | Loss=0.851776 | Best makespan in group=416.00
[TRAIN] Step 4/350 | 20:13:09
[TRAIN] Step 4 | Loss=0.598759 | Best makespan in group=471.00
[TRAIN] Step 5/350 | 20:13:48
[TRAIN] Step 5 | Loss=0.640253 | Best makespan in group=366.00
[TRAIN] Step 6/350 | 20:14:30
[TRAIN] Step 6 | Loss=0.742471 | Best makespan in group=469.00
[TRAIN] Step 7/350 | 20:15:10
[TRAIN] Step 7 | Loss=1.118774 | Best makespan in group=694.00
[TRAIN] Step 8/350 | 20:15:52
[TRAIN] Step 8 | Loss=0.829597 | Best makespan in group=405.00
[TRAIN] Step 9/350 | 20:16:34
[TRAIN] Step 9 | Loss=0.922873 | Best makespan in group=461.00
[TRAIN] Step 10/350 | 20:17:17
[TRAIN] Step 10 | Loss=0.731478 | Best makespan in group=277.00
[TRAIN] Step 11/350 | 20:17:53
[TRAIN] Step 11 | Loss=0.804281 | Best makespan in group=311.00
[TRAIN] Step 12/350 | 20:18:30
[TRAIN] Step 12 | Loss=0.843508 | Best makespan in group=417.00
[TRAIN] Step 13/350 | 20:19:10
[TRAIN] Step 13 | Loss=0.701027 | Best makespan in group=365.00
[TRAIN] Step 14/350 | 20:19:47
[TRAIN] Step 14 | Loss=0.842251 | Best makespan in group=540.00
[TRAIN] Step 15/350 | 20:20:31
[TRAIN] Step 15 | Loss=0.742176 | Best makespan in group=398.00
[TRAIN] Step 16/350 | 20:21:20
[TRAIN] Step 16 | Loss=0.727384 | Best makespan in group=413.00
[TRAIN] Step 17/350 | 20:22:06
[TRAIN] Step 17 | Loss=0.816612 | Best makespan in group=583.00
[TRAIN] Step 18/350 | 20:22:55
[TRAIN] Step 18 | Loss=0.636949 | Best makespan in group=403.00
[TRAIN] Step 19/350 | 20:23:45
[TRAIN] Step 19 | Loss=0.817563 | Best makespan in group=469.00
[TRAIN] Step 20/350 | 20:24:33
[TRAIN] Step 20 | Loss=0.792534 | Best makespan in group=377.00
[TRAIN] Step 21/350 | 20:25:32
[TRAIN] Step 21 | Loss=0.620172 | Best makespan in group=384.00
[TRAIN] Step 22/350 | 20:26:22
[TRAIN] Step 22 | Loss=0.686239 | Best makespan in group=371.00
[TRAIN] Step 23/350 | 20:27:16
[TRAIN] Step 23 | Loss=0.692135 | Best makespan in group=415.00
[TRAIN] Step 24/350 | 20:28:06
[TRAIN] Step 24 | Loss=0.743260 | Best makespan in group=342.00
[TRAIN] Step 25/350 | 20:28:54
[TRAIN] Step 25 | Loss=0.715078 | Best makespan in group=467.00
[TRAIN][VAL][ep 25] avg_gap=0.3257 | std_gap=0.1795 | q80_gap=0.4803 | n=20
[TRAIN] Validation improved | smoothed_avg_gap=0.3257 (raw=0.3257) | saving candidate: 943496263437636.pth
[TRAIN] Step 26/350 | 20:30:41
[TRAIN] Step 26 | Loss=0.644057 | Best makespan in group=367.00
[TRAIN] Step 27/350 | 20:31:28
[TRAIN] Step 27 | Loss=0.689810 | Best makespan in group=330.00
[TRAIN] Step 28/350 | 20:32:15
[TRAIN] Step 28 | Loss=0.672737 | Best makespan in group=474.00
[TRAIN] Step 29/350 | 20:33:00
[TRAIN] Step 29 | Loss=0.637127 | Best makespan in group=388.00
[TRAIN] Step 30/350 | 20:33:44
[TRAIN] Step 30 | Loss=0.772079 | Best makespan in group=463.00
[TRAIN] Step 31/350 | 20:34:27
[TRAIN] Step 31 | Loss=0.705833 | Best makespan in group=366.00
[TRAIN] Step 32/350 | 20:35:14
[TRAIN] Step 32 | Loss=0.684124 | Best makespan in group=378.00
[TRAIN] Step 33/350 | 20:36:04
[TRAIN] Step 33 | Loss=0.641340 | Best makespan in group=343.00
[TRAIN] Step 34/350 | 20:36:53
[TRAIN] Step 34 | Loss=0.647494 | Best makespan in group=465.00
[TRAIN] Step 35/350 | 20:37:34
[TRAIN] Step 35 | Loss=0.764928 | Best makespan in group=372.00
[TRAIN] Step 36/350 | 20:38:16
[TRAIN] Step 36 | Loss=0.771659 | Best makespan in group=263.00
[TRAIN] Step 37/350 | 20:38:57
[TRAIN] Step 37 | Loss=0.727107 | Best makespan in group=355.00
[TRAIN] Step 38/350 | 20:39:41
[TRAIN] Step 38 | Loss=0.727043 | Best makespan in group=358.00
[TRAIN] Step 39/350 | 20:40:23
[TRAIN] Step 39 | Loss=0.559068 | Best makespan in group=386.00
[TRAIN] Step 40/350 | 20:41:06
[TRAIN] Step 40 | Loss=0.623120 | Best makespan in group=410.00
[TRAIN] Step 41/350 | 20:41:55
[TRAIN] Step 41 | Loss=0.601064 | Best makespan in group=446.00
[TRAIN] Step 42/350 | 20:42:37
[TRAIN] Step 42 | Loss=0.699253 | Best makespan in group=393.00
[TRAIN] Step 43/350 | 20:43:23
[TRAIN] Step 43 | Loss=0.618495 | Best makespan in group=357.00
[TRAIN] Step 44/350 | 20:44:10
[TRAIN] Step 44 | Loss=0.605264 | Best makespan in group=414.00
[TRAIN] Step 45/350 | 20:44:52
[TRAIN] Step 45 | Loss=0.781814 | Best makespan in group=442.00
[TRAIN] Step 46/350 | 20:45:33
[TRAIN] Step 46 | Loss=0.698472 | Best makespan in group=357.00
[TRAIN] Step 47/350 | 20:46:23
[TRAIN] Step 47 | Loss=0.606360 | Best makespan in group=438.00
[TRAIN] Step 48/350 | 20:47:09
[TRAIN] Step 48 | Loss=0.619322 | Best makespan in group=411.00
[TRAIN] Step 49/350 | 20:47:53
[TRAIN] Step 49 | Loss=0.671098 | Best makespan in group=341.00
[TRAIN] Step 50/350 | 20:48:34
[TRAIN] Step 50 | Loss=0.774159 | Best makespan in group=328.00
[TRAIN][VAL][ep 50] avg_gap=0.1930 | std_gap=0.0974 | q80_gap=0.2365 | n=20
[TRAIN] Validation improved | smoothed_avg_gap=0.2593 (raw=0.1930) | saving candidate: 214286687963742.pth
[TRAIN] Step 51/350 | 20:50:09
[TRAIN] Step 51 | Loss=0.592690 | Best makespan in group=313.00
[TRAIN] Step 52/350 | 20:50:52
[TRAIN] Step 52 | Loss=0.572288 | Best makespan in group=375.00
[TRAIN] Step 53/350 | 20:51:36
[TRAIN] Step 53 | Loss=0.663127 | Best makespan in group=472.00
[TRAIN] Step 54/350 | 20:52:22
[TRAIN] Step 54 | Loss=0.571659 | Best makespan in group=453.00
[TRAIN] Step 55/350 | 20:53:06
[TRAIN] Step 55 | Loss=0.676155 | Best makespan in group=463.00
[TRAIN] Step 56/350 | 20:53:49
[TRAIN] Step 56 | Loss=0.589154 | Best makespan in group=566.00
[TRAIN] Step 57/350 | 20:54:36
[TRAIN] Step 57 | Loss=0.768668 | Best makespan in group=375.00
[TRAIN] Step 58/350 | 20:55:28
[TRAIN] Step 58 | Loss=0.659987 | Best makespan in group=393.00
[TRAIN] Step 59/350 | 20:56:06
[TRAIN] Step 59 | Loss=0.620050 | Best makespan in group=526.00
[TRAIN] Step 60/350 | 20:56:48
[TRAIN] Step 60 | Loss=0.672537 | Best makespan in group=265.00
[TRAIN] Step 61/350 | 20:57:26
[TRAIN] Step 61 | Loss=0.668289 | Best makespan in group=341.00
[TRAIN] Step 62/350 | 20:58:04
[TRAIN] Step 62 | Loss=0.638829 | Best makespan in group=423.00
[TRAIN] Step 63/350 | 20:58:41
[TRAIN] Step 63 | Loss=0.587756 | Best makespan in group=343.00
[TRAIN] Step 64/350 | 20:59:26
[TRAIN] Step 64 | Loss=0.749000 | Best makespan in group=378.00
[TRAIN] Step 65/350 | 21:00:12
[TRAIN] Step 65 | Loss=0.745206 | Best makespan in group=386.00
[TRAIN] Step 66/350 | 21:00:52
[TRAIN] Step 66 | Loss=0.650415 | Best makespan in group=426.00
[TRAIN] Step 67/350 | 21:01:30
[TRAIN] Step 67 | Loss=0.584998 | Best makespan in group=374.00
[TRAIN] Step 68/350 | 21:02:11
[TRAIN] Step 68 | Loss=0.625933 | Best makespan in group=351.00
[TRAIN] Step 69/350 | 21:02:57
[TRAIN] Step 69 | Loss=0.508969 | Best makespan in group=381.00
[TRAIN] Step 70/350 | 21:03:35
[TRAIN] Step 70 | Loss=0.610144 | Best makespan in group=463.00
[TRAIN] Step 71/350 | 21:04:22
[TRAIN] Step 71 | Loss=0.687416 | Best makespan in group=307.00
[TRAIN] Step 72/350 | 21:05:07
[TRAIN] Step 72 | Loss=0.753516 | Best makespan in group=327.00
[TRAIN] Step 73/350 | 21:05:56
[TRAIN] Step 73 | Loss=0.629133 | Best makespan in group=260.00
[TRAIN] Step 74/350 | 21:06:39
[TRAIN] Step 74 | Loss=0.658921 | Best makespan in group=365.00
[TRAIN] Step 75/350 | 21:07:32
[TRAIN] Step 75 | Loss=0.648021 | Best makespan in group=366.00
[TRAIN][VAL][ep 75] avg_gap=0.1596 | std_gap=0.0864 | q80_gap=0.2177 | n=20
[TRAIN] Validation improved | smoothed_avg_gap=0.2261 (raw=0.1596) | saving candidate: 899455378633956.pth
[TRAIN] Step 76/350 | 21:09:01
[TRAIN] Step 76 | Loss=0.641065 | Best makespan in group=325.00
[TRAIN] Step 77/350 | 21:09:42
[TRAIN] Step 77 | Loss=0.634730 | Best makespan in group=261.00
[TRAIN] Step 78/350 | 21:10:20
[TRAIN] Step 78 | Loss=0.614850 | Best makespan in group=557.00
[TRAIN] Step 79/350 | 21:11:00
[TRAIN] Step 79 | Loss=0.615094 | Best makespan in group=355.00
[TRAIN] Step 80/350 | 21:11:38
[TRAIN] Step 80 | Loss=0.529360 | Best makespan in group=357.00
[TRAIN] Step 81/350 | 21:12:13
[TRAIN] Step 81 | Loss=0.690715 | Best makespan in group=417.00
[TRAIN] Step 82/350 | 21:12:53
[TRAIN] Step 82 | Loss=0.692414 | Best makespan in group=405.00
[TRAIN] Step 83/350 | 21:13:30
[TRAIN] Step 83 | Loss=0.586416 | Best makespan in group=446.00
[TRAIN] Step 84/350 | 21:14:08
[TRAIN] Step 84 | Loss=0.647413 | Best makespan in group=403.00
[TRAIN] Step 85/350 | 21:14:48
[TRAIN] Step 85 | Loss=0.586014 | Best makespan in group=468.00
[TRAIN] Step 86/350 | 21:15:23
[TRAIN] Step 86 | Loss=0.609302 | Best makespan in group=543.00
[TRAIN] Step 87/350 | 21:16:04
[TRAIN] Step 87 | Loss=0.590807 | Best makespan in group=428.00
[TRAIN] Step 88/350 | 21:16:46
[TRAIN] Step 88 | Loss=0.657650 | Best makespan in group=440.00
[TRAIN] Step 89/350 | 21:17:24
[TRAIN] Step 89 | Loss=0.515060 | Best makespan in group=384.00
[TRAIN] Step 90/350 | 21:18:02
[TRAIN] Step 90 | Loss=0.543674 | Best makespan in group=432.00
[TRAIN] Step 91/350 | 21:18:41
[TRAIN] Step 91 | Loss=0.654134 | Best makespan in group=375.00
[TRAIN] Step 92/350 | 21:19:25
[TRAIN] Step 92 | Loss=0.541076 | Best makespan in group=377.00
[TRAIN] Step 93/350 | 21:20:06
[TRAIN] Step 93 | Loss=0.556572 | Best makespan in group=526.00
[TRAIN] Step 94/350 | 21:20:46
[TRAIN] Step 94 | Loss=0.636576 | Best makespan in group=386.00
[TRAIN] Step 95/350 | 21:21:25
[TRAIN] Step 95 | Loss=0.748362 | Best makespan in group=357.00
[TRAIN] Step 96/350 | 21:22:07
[TRAIN] Step 96 | Loss=0.746659 | Best makespan in group=449.00
[TRAIN] Step 97/350 | 21:22:44
[TRAIN] Step 97 | Loss=0.559889 | Best makespan in group=472.00
[TRAIN] Step 98/350 | 21:23:19
[TRAIN] Step 98 | Loss=0.775915 | Best makespan in group=260.00
[TRAIN] Step 99/350 | 21:23:54
[TRAIN] Step 99 | Loss=0.754908 | Best makespan in group=357.00
[TRAIN] Step 100/350 | 21:24:29
[TRAIN] Step 100 | Loss=0.579799 | Best makespan in group=339.00
[TRAIN][VAL][ep 100] avg_gap=0.1328 | std_gap=0.1010 | q80_gap=0.1700 | n=20
[TRAIN] Validation improved | smoothed_avg_gap=0.1618 (raw=0.1328) | saving candidate: 762065279475435.pth
[TRAIN] Step 101/350 | 21:25:49
[TRAIN] Step 101 | Loss=0.609550 | Best makespan in group=445.00
[TRAIN] Step 102/350 | 21:26:29
[TRAIN] Step 102 | Loss=0.677043 | Best makespan in group=319.00
[TRAIN] Step 103/350 | 21:27:08
[TRAIN] Step 103 | Loss=0.588628 | Best makespan in group=402.00
[TRAIN] Step 104/350 | 21:27:48
[TRAIN] Step 104 | Loss=0.678828 | Best makespan in group=387.00
[TRAIN] Step 105/350 | 21:28:28
[TRAIN] Step 105 | Loss=0.688100 | Best makespan in group=255.00
[TRAIN] Step 106/350 | 21:29:06
[TRAIN] Step 106 | Loss=0.502393 | Best makespan in group=443.00
[TRAIN] Step 107/350 | 21:29:41
[TRAIN] Step 107 | Loss=0.610769 | Best makespan in group=341.00
[TRAIN] Step 108/350 | 21:30:18
[TRAIN] Step 108 | Loss=0.728039 | Best makespan in group=371.00
[TRAIN] Step 109/350 | 21:30:56
[TRAIN] Step 109 | Loss=0.672006 | Best makespan in group=436.00
[TRAIN] Step 110/350 | 21:31:34
[TRAIN] Step 110 | Loss=0.660210 | Best makespan in group=388.00
[TRAIN] Step 111/350 | 21:32:11
[TRAIN] Step 111 | Loss=0.592584 | Best makespan in group=568.00
[TRAIN] Step 112/350 | 21:32:52
[TRAIN] Step 112 | Loss=0.688493 | Best makespan in group=461.00
[TRAIN] Step 113/350 | 21:33:34
[TRAIN] Step 113 | Loss=0.579642 | Best makespan in group=413.00
[TRAIN] Step 114/350 | 21:34:17
[TRAIN] Step 114 | Loss=0.589650 | Best makespan in group=343.00
[TRAIN] Step 115/350 | 21:35:00
[TRAIN] Step 115 | Loss=0.594020 | Best makespan in group=366.00
[TRAIN] Step 116/350 | 21:35:42
[TRAIN] Step 116 | Loss=0.716265 | Best makespan in group=370.00
[TRAIN] Step 117/350 | 21:36:25
[TRAIN] Step 117 | Loss=0.785068 | Best makespan in group=420.00
[TRAIN] Step 118/350 | 21:37:03
[TRAIN] Step 118 | Loss=0.661222 | Best makespan in group=443.00
[TRAIN] Step 119/350 | 21:37:46
[TRAIN] Step 119 | Loss=0.711369 | Best makespan in group=326.00
[TRAIN] Step 120/350 | 21:38:28
[TRAIN] Step 120 | Loss=0.636637 | Best makespan in group=355.00
[TRAIN] Step 121/350 | 21:39:06
[TRAIN] Step 121 | Loss=0.557096 | Best makespan in group=412.00
[TRAIN] Step 122/350 | 21:39:43
[TRAIN] Step 122 | Loss=0.651408 | Best makespan in group=381.00
[TRAIN] Step 123/350 | 21:40:25
[TRAIN] Step 123 | Loss=0.734853 | Best makespan in group=357.00
[TRAIN] Step 124/350 | 21:41:05
[TRAIN] Step 124 | Loss=0.607940 | Best makespan in group=476.00
[TRAIN] Step 125/350 | 21:41:44
[TRAIN] Step 125 | Loss=0.787636 | Best makespan in group=432.00
[TRAIN][VAL][ep 125] avg_gap=0.1348 | std_gap=0.0922 | q80_gap=0.1807 | n=20
[TRAIN] Validation improved | smoothed_avg_gap=0.1424 (raw=0.1348) | saving candidate: 226047261076232.pth
[TRAIN] Step 126/350 | 21:43:13
[TRAIN] Step 126 | Loss=0.614310 | Best makespan in group=388.00
[TRAIN] Step 127/350 | 21:43:51
[TRAIN] Step 127 | Loss=0.637434 | Best makespan in group=386.00
[TRAIN] Step 128/350 | 21:44:31
[TRAIN] Step 128 | Loss=0.749349 | Best makespan in group=343.00
[TRAIN] Step 129/350 | 21:45:15
[TRAIN] Step 129 | Loss=0.760416 | Best makespan in group=445.00
[TRAIN] Step 130/350 | 21:45:55
[TRAIN] Step 130 | Loss=0.797610 | Best makespan in group=355.00
[TRAIN] Step 131/350 | 21:46:35
[TRAIN] Step 131 | Loss=0.629059 | Best makespan in group=448.00
[TRAIN] Step 132/350 | 21:47:15
[TRAIN] Step 132 | Loss=0.593026 | Best makespan in group=347.00
[TRAIN] Step 133/350 | 21:47:58
[TRAIN] Step 133 | Loss=0.697879 | Best makespan in group=432.00
[TRAIN] Step 134/350 | 21:48:38
[TRAIN] Step 134 | Loss=0.612320 | Best makespan in group=540.00
[TRAIN] Step 135/350 | 21:49:19
[TRAIN] Step 135 | Loss=0.777821 | Best makespan in group=568.00
[TRAIN] Step 136/350 | 21:50:01
[TRAIN] Step 136 | Loss=0.668490 | Best makespan in group=428.00
[TRAIN] Step 137/350 | 21:50:41
[TRAIN] Step 137 | Loss=0.747970 | Best makespan in group=474.00
[TRAIN] Step 138/350 | 21:51:24
[TRAIN] Step 138 | Loss=0.639506 | Best makespan in group=269.00
[TRAIN] Step 139/350 | 21:52:04
[TRAIN] Step 139 | Loss=0.664057 | Best makespan in group=378.00
[TRAIN] Step 140/350 | 21:52:44
[TRAIN] Step 140 | Loss=0.678217 | Best makespan in group=326.00
[TRAIN] Step 141/350 | 21:53:27
[TRAIN] Step 141 | Loss=0.662547 | Best makespan in group=392.00
[TRAIN] Step 142/350 | 21:54:07
[TRAIN] Step 142 | Loss=0.676817 | Best makespan in group=348.00
[TRAIN] Step 143/350 | 21:54:52
[TRAIN] Step 143 | Loss=0.521519 | Best makespan in group=369.00
[TRAIN] Step 144/350 | 21:55:28
[TRAIN] Step 144 | Loss=0.593400 | Best makespan in group=424.00
[TRAIN] Step 145/350 | 21:56:08
[TRAIN] Step 145 | Loss=0.624766 | Best makespan in group=310.00
[TRAIN] Step 146/350 | 21:56:45
[TRAIN] Step 146 | Loss=0.702000 | Best makespan in group=341.00
[TRAIN] Step 147/350 | 21:57:20
[TRAIN] Step 147 | Loss=0.740790 | Best makespan in group=366.00
[TRAIN] Step 148/350 | 21:58:02
[TRAIN] Step 148 | Loss=0.705914 | Best makespan in group=376.00
[TRAIN] Step 149/350 | 21:58:42
[TRAIN] Step 149 | Loss=0.614598 | Best makespan in group=375.00
[TRAIN] Step 150/350 | 21:59:28
[TRAIN] Step 150 | Loss=0.763556 | Best makespan in group=261.00
[TRAIN][VAL][ep 150] avg_gap=0.1237 | std_gap=0.0772 | q80_gap=0.1944 | n=20
[TRAIN] Validation improved | smoothed_avg_gap=0.1304 (raw=0.1237) | saving candidate: 708039016549836.pth
[TRAIN] Step 151/350 | 22:00:48
[TRAIN] Step 151 | Loss=0.570515 | Best makespan in group=475.00
[TRAIN] Step 152/350 | 22:01:25
[TRAIN] Step 152 | Loss=0.676139 | Best makespan in group=261.00
[TRAIN] Step 153/350 | 22:02:00
[TRAIN] Step 153 | Loss=0.685831 | Best makespan in group=417.00
[TRAIN] Step 154/350 | 22:03:03
[TRAIN] Step 154 | Loss=0.682196 | Best makespan in group=430.00
[TRAIN] Step 155/350 | 22:04:04
[TRAIN] Step 155 | Loss=0.655043 | Best makespan in group=355.00
[TRAIN] Step 156/350 | 22:05:04
[TRAIN] Step 156 | Loss=0.613925 | Best makespan in group=431.00
[TRAIN] Step 157/350 | 22:06:06
[TRAIN] Step 157 | Loss=0.678276 | Best makespan in group=454.00
[TRAIN] Step 158/350 | 22:07:05
[TRAIN] Step 158 | Loss=0.694640 | Best makespan in group=420.00
[TRAIN] Step 159/350 | 22:08:04
[TRAIN] Step 159 | Loss=0.704584 | Best makespan in group=387.00
[TRAIN] Step 160/350 | 22:08:59
[TRAIN] Step 160 | Loss=0.657744 | Best makespan in group=386.00
[TRAIN] Step 161/350 | 22:09:53
[TRAIN] Step 161 | Loss=0.633920 | Best makespan in group=366.00
[TRAIN] Step 162/350 | 22:10:47
[TRAIN] Step 162 | Loss=0.827116 | Best makespan in group=412.00
[TRAIN] Step 163/350 | 22:11:40
[TRAIN] Step 163 | Loss=0.658510 | Best makespan in group=377.00
