D:\Dissertação\dissertation-bopo_introduction\venv\Lib\site-packages\torch\jit\_script.py:1485: FutureWarning: `torch.jit.script` is not supported in Python 3.14+ and may break. Please switch to `torch.compile` or `torch.export`.
  warnings.warn(
============================================================
[TRAIN] Training started at: 2026-09-28 15:01:54
[TRAIN] Hyperparams | max_steps=350 | new_freq=200
[TRAIN]             | n_cases=30 | B=32 | K=10 | use_greedy=True | lr=0.0047 (decaying to 9.40e-04)
[TRAIN]             | warm_start_steps=200 | checkpoint_smooth_window=3 | seed=42
[TRAIN]             | hidden_channels=128 | num_layers=2 | heads=3
[TRAIN]             | logp_norm=mean | exclude_greedy_from_loss=True
[TRAIN] Representation | ojmb_node | GNN | gat | jm_design | edges
[TRAIN] Device | cuda:0 (NVIDIA GeForce GTX 1650 Ti)
[TRAIN] Problem size | jobs=[8,10] | machines=[5,10] | ops_per_job=[5,6] | max_proc=100
============================================================
[TRAIN] Output run folder: results\batching_gat_L2_ojmb_node_s42_steps
[TRAIN] Validation config | every=25 steps | instances=20 (representative subset)
[TRAIN][TEACHER] validation avg_gap=0.5023 | q80_gap=0.6593 || test avg_gap=0.4129 | q80_gap=0.6096
[TRAIN] Step metrics | every step on 4 validation instance(s) (bat001, bat003, bat005, bat007) -> results\batching_gat_L2_ojmb_node_s42_steps\step_metrics.json
[TRAIN] Warm-start (behavior cloning vs. dispatch heuristic) | 200 step(s)...
[TRAIN][WARMSTART] step 10/200 | instance=2 | bc_loss=1.6559 | decisions=46
[TRAIN][WARMSTART] step 20/200 | instance=4 | bc_loss=1.3701 | decisions=49
[TRAIN][WARMSTART] step 30/200 | instance=9 | bc_loss=1.2141 | decisions=41
[TRAIN][WARMSTART] step 40/200 | instance=24 | bc_loss=1.6902 | decisions=50
[TRAIN][WARMSTART] step 50/200 | instance=18 | bc_loss=1.5101 | decisions=46
[TRAIN][WARMSTART] step 60/200 | instance=27 | bc_loss=1.1799 | decisions=44
[TRAIN][WARMSTART] step 70/200 | instance=26 | bc_loss=1.0169 | decisions=40
[TRAIN][WARMSTART] step 80/200 | instance=10 | bc_loss=1.4097 | decisions=41
[TRAIN][WARMSTART] step 90/200 | instance=2 | bc_loss=1.0686 | decisions=46
[TRAIN][WARMSTART] step 100/200 | instance=10 | bc_loss=1.0935 | decisions=41
[TRAIN][WARMSTART] step 110/200 | instance=19 | bc_loss=1.0503 | decisions=42
[TRAIN][WARMSTART] step 120/200 | instance=1 | bc_loss=0.7774 | decisions=44
[TRAIN][WARMSTART] step 130/200 | instance=1 | bc_loss=0.8573 | decisions=44
[TRAIN][WARMSTART] step 140/200 | instance=8 | bc_loss=1.0303 | decisions=35
[TRAIN][WARMSTART] step 150/200 | instance=1 | bc_loss=0.9243 | decisions=44
[TRAIN][WARMSTART] step 160/200 | instance=0 | bc_loss=1.0812 | decisions=47
[TRAIN][WARMSTART] step 170/200 | instance=4 | bc_loss=0.9927 | decisions=49
[TRAIN][WARMSTART] step 180/200 | instance=16 | bc_loss=0.9217 | decisions=53
[TRAIN][WARMSTART] step 190/200 | instance=27 | bc_loss=0.8272 | decisions=44
[TRAIN][WARMSTART] step 200/200 | instance=23 | bc_loss=0.7108 | decisions=43
[TRAIN] Warm-start complete, switching to BOPO preference optimization.
------------------------------------------------------------
[TRAIN] BOPO agent ready. Starting training loop for 350 step(s)...
------------------------------------------------------------
[TRAIN] Step 1/350 | 15:12:43
[TRAIN] Step 1 | Loss=0.736521 | Best makespan in group=281.00
[TRAIN] Step 2/350 | 15:13:20
[TRAIN] Step 2 | Loss=0.642055 | Best makespan in group=418.00
[TRAIN] Step 3/350 | 15:13:56
[TRAIN] Step 3 | Loss=0.789465 | Best makespan in group=392.00
[TRAIN] Step 4/350 | 15:14:29
[TRAIN] Step 4 | Loss=0.587832 | Best makespan in group=416.00
[TRAIN] Step 5/350 | 15:15:05
[TRAIN] Step 5 | Loss=0.743404 | Best makespan in group=421.00
[TRAIN] Step 6/350 | 15:15:46
[TRAIN] Step 6 | Loss=0.606024 | Best makespan in group=378.00
[TRAIN] Step 7/350 | 15:16:28
[TRAIN] Step 7 | Loss=0.724352 | Best makespan in group=459.00
[TRAIN] Step 8/350 | 15:17:08
[TRAIN] Step 8 | Loss=0.580955 | Best makespan in group=522.00
[TRAIN] Step 9/350 | 15:17:51
[TRAIN] Step 9 | Loss=0.738371 | Best makespan in group=516.00
[TRAIN] Step 10/350 | 15:18:27
[TRAIN] Step 10 | Loss=0.658907 | Best makespan in group=420.00
[TRAIN] Step 11/350 | 15:19:07
[TRAIN] Step 11 | Loss=0.758321 | Best makespan in group=381.00
[TRAIN] Step 12/350 | 15:19:44
[TRAIN] Step 12 | Loss=0.572817 | Best makespan in group=352.00
[TRAIN] Step 13/350 | 15:20:22
[TRAIN] Step 13 | Loss=0.652426 | Best makespan in group=297.00
[TRAIN] Step 14/350 | 15:20:55
[TRAIN] Step 14 | Loss=0.766409 | Best makespan in group=392.00
[TRAIN] Step 15/350 | 15:21:30
[TRAIN] Step 15 | Loss=0.691037 | Best makespan in group=295.00
[TRAIN] Step 16/350 | 15:22:07
[TRAIN] Step 16 | Loss=0.687132 | Best makespan in group=452.00
[TRAIN] Step 17/350 | 15:22:44
[TRAIN] Step 17 | Loss=0.644530 | Best makespan in group=413.00
[TRAIN] Step 18/350 | 15:23:19
[TRAIN] Step 18 | Loss=0.690186 | Best makespan in group=328.00
[TRAIN] Step 19/350 | 15:23:57
[TRAIN] Step 19 | Loss=0.817235 | Best makespan in group=355.00
[TRAIN] Step 20/350 | 15:24:34
[TRAIN] Step 20 | Loss=0.646936 | Best makespan in group=313.00
[TRAIN] Step 21/350 | 15:25:12
[TRAIN] Step 21 | Loss=0.690248 | Best makespan in group=368.00
[TRAIN] Step 22/350 | 15:25:47
[TRAIN] Step 22 | Loss=0.843637 | Best makespan in group=317.00
[TRAIN] Step 23/350 | 15:26:22
[TRAIN] Step 23 | Loss=0.676808 | Best makespan in group=305.00
[TRAIN] Step 24/350 | 15:26:57
[TRAIN] Step 24 | Loss=0.716352 | Best makespan in group=387.00
[TRAIN] Step 25/350 | 15:27:38
[TRAIN] Step 25 | Loss=0.722749 | Best makespan in group=395.00
[TRAIN][VAL][ep 25] avg_gap=0.2141 | std_gap=0.1183 | q80_gap=0.2777 | n=20
[TRAIN] Validation improved | smoothed_avg_gap=0.2141 (raw=0.2141) | saving candidate: 609887755851955.pth
[TRAIN] Step 26/350 | 15:28:47
[TRAIN] Step 26 | Loss=0.632402 | Best makespan in group=323.00
[TRAIN] Step 27/350 | 15:29:18
[TRAIN] Step 27 | Loss=0.730989 | Best makespan in group=430.00
[TRAIN] Step 28/350 | 15:29:56
[TRAIN] Step 28 | Loss=0.786686 | Best makespan in group=400.00
[TRAIN] Step 29/350 | 15:30:31
[TRAIN] Step 29 | Loss=0.633228 | Best makespan in group=375.00
[TRAIN] Step 30/350 | 15:31:11
[TRAIN] Step 30 | Loss=0.698041 | Best makespan in group=333.00
[TRAIN] Step 31/350 | 15:31:47
[TRAIN] Step 31 | Loss=0.576467 | Best makespan in group=411.00
[TRAIN] Step 32/350 | 15:32:28
[TRAIN] Step 32 | Loss=0.661148 | Best makespan in group=372.00
[TRAIN] Step 33/350 | 15:33:04
[TRAIN] Step 33 | Loss=0.679968 | Best makespan in group=446.00
[TRAIN] Step 34/350 | 15:33:42
[TRAIN] Step 34 | Loss=0.627260 | Best makespan in group=318.00
[TRAIN] Step 35/350 | 15:34:22
[TRAIN] Step 35 | Loss=0.657103 | Best makespan in group=303.00
[TRAIN] Step 36/350 | 15:35:00
[TRAIN] Step 36 | Loss=0.642499 | Best makespan in group=350.00
[TRAIN] Step 37/350 | 15:35:38
[TRAIN] Step 37 | Loss=0.752947 | Best makespan in group=336.00
[TRAIN] Step 38/350 | 15:36:14
[TRAIN] Step 38 | Loss=0.702173 | Best makespan in group=498.00
[TRAIN] Step 39/350 | 15:36:59
[TRAIN] Step 39 | Loss=0.671724 | Best makespan in group=389.00
[TRAIN] Step 40/350 | 15:37:42
[TRAIN] Step 40 | Loss=0.688507 | Best makespan in group=423.00
[TRAIN] Step 41/350 | 15:38:18
[TRAIN] Step 41 | Loss=0.682437 | Best makespan in group=386.00
[TRAIN] Step 42/350 | 15:38:50
[TRAIN] Step 42 | Loss=0.523525 | Best makespan in group=285.00
[TRAIN] Step 43/350 | 15:39:24
[TRAIN] Step 43 | Loss=0.642298 | Best makespan in group=360.00
[TRAIN] Step 44/350 | 15:39:59
[TRAIN] Step 44 | Loss=0.696879 | Best makespan in group=379.00
[TRAIN] Step 45/350 | 15:40:40
[TRAIN] Step 45 | Loss=0.712588 | Best makespan in group=352.00
[TRAIN] Step 46/350 | 15:41:14
[TRAIN] Step 46 | Loss=0.703340 | Best makespan in group=479.00
[TRAIN] Step 47/350 | 15:41:54
[TRAIN] Step 47 | Loss=0.681790 | Best makespan in group=406.00
[TRAIN] Step 48/350 | 15:42:50
[TRAIN] Step 48 | Loss=0.660225 | Best makespan in group=292.00
[TRAIN] Step 49/350 | 15:43:47
[TRAIN] Step 49 | Loss=0.777596 | Best makespan in group=317.00
[TRAIN] Step 50/350 | 15:44:50
[TRAIN] Step 50 | Loss=0.645121 | Best makespan in group=352.00
[TRAIN][VAL][ep 50] avg_gap=0.1744 | std_gap=0.0815 | q80_gap=0.2303 | n=20
[TRAIN] Validation improved | smoothed_avg_gap=0.1942 (raw=0.1744) | saving candidate: 96907141762494.pth
[TRAIN] Step 51/350 | 15:46:49
[TRAIN] Step 51 | Loss=0.764859 | Best makespan in group=305.00
[TRAIN] Step 52/350 | 15:47:40
[TRAIN] Step 52 | Loss=0.585549 | Best makespan in group=328.00
[TRAIN] Step 53/350 | 15:48:26
[TRAIN] Step 53 | Loss=0.637581 | Best makespan in group=368.00
[TRAIN] Step 54/350 | 15:49:15
[TRAIN] Step 54 | Loss=0.672707 | Best makespan in group=369.00
[TRAIN] Step 55/350 | 15:50:03
[TRAIN] Step 55 | Loss=0.637536 | Best makespan in group=370.00
[TRAIN] Step 56/350 | 15:50:52
[TRAIN] Step 56 | Loss=0.616058 | Best makespan in group=254.00
[TRAIN] Step 57/350 | 15:51:36
[TRAIN] Step 57 | Loss=0.714425 | Best makespan in group=365.00
[TRAIN] Step 58/350 | 15:52:19
[TRAIN] Step 58 | Loss=0.798654 | Best makespan in group=397.00
[TRAIN] Step 59/350 | 15:53:03
[TRAIN] Step 59 | Loss=0.770487 | Best makespan in group=430.00
[TRAIN] Step 60/350 | 15:53:50
[TRAIN] Step 60 | Loss=0.708456 | Best makespan in group=298.00
[TRAIN] Step 61/350 | 15:54:28
[TRAIN] Step 61 | Loss=0.590833 | Best makespan in group=373.00
[TRAIN] Step 62/350 | 15:55:06
[TRAIN] Step 62 | Loss=0.597831 | Best makespan in group=351.00
[TRAIN] Step 63/350 | 15:55:44
[TRAIN] Step 63 | Loss=0.664679 | Best makespan in group=372.00
[TRAIN] Step 64/350 | 15:56:23
[TRAIN] Step 64 | Loss=0.648251 | Best makespan in group=466.00
[TRAIN] Step 65/350 | 15:57:06
[TRAIN] Step 65 | Loss=0.645919 | Best makespan in group=372.00
[TRAIN] Step 66/350 | 15:57:52
[TRAIN] Step 66 | Loss=0.576831 | Best makespan in group=316.00
[TRAIN] Step 67/350 | 15:58:35
[TRAIN] Step 67 | Loss=0.652160 | Best makespan in group=289.00
[TRAIN] Step 68/350 | 15:59:16
[TRAIN] Step 68 | Loss=0.705249 | Best makespan in group=364.00
[TRAIN] Step 69/350 | 15:59:58
[TRAIN] Step 69 | Loss=0.697579 | Best makespan in group=340.00
[TRAIN] Step 70/350 | 16:00:41
[TRAIN] Step 70 | Loss=0.783806 | Best makespan in group=300.00
[TRAIN] Step 71/350 | 16:01:22
[TRAIN] Step 71 | Loss=0.612503 | Best makespan in group=468.00
[TRAIN] Step 72/350 | 16:02:02
[TRAIN] Step 72 | Loss=0.557354 | Best makespan in group=285.00
[TRAIN] Step 73/350 | 16:02:38
[TRAIN] Step 73 | Loss=0.574298 | Best makespan in group=343.00
[TRAIN] Step 74/350 | 16:03:19
[TRAIN] Step 74 | Loss=0.557322 | Best makespan in group=311.00
[TRAIN] Step 75/350 | 16:04:00
[TRAIN] Step 75 | Loss=0.690193 | Best makespan in group=368.00
[TRAIN][VAL][ep 75] avg_gap=0.1404 | std_gap=0.0843 | q80_gap=0.1926 | n=20
[TRAIN] Validation improved | smoothed_avg_gap=0.1763 (raw=0.1404) | saving candidate: 985368348791816.pth
[TRAIN] Step 76/350 | 16:05:24
[TRAIN] Step 76 | Loss=0.639978 | Best makespan in group=325.00
[TRAIN] Step 77/350 | 16:06:02
[TRAIN] Step 77 | Loss=0.643332 | Best makespan in group=384.00
[TRAIN] Step 78/350 | 16:06:42
[TRAIN] Step 78 | Loss=0.637328 | Best makespan in group=304.00
[TRAIN] Step 79/350 | 16:07:20
[TRAIN] Step 79 | Loss=0.684771 | Best makespan in group=355.00
[TRAIN] Step 80/350 | 16:08:00
[TRAIN] Step 80 | Loss=0.778411 | Best makespan in group=381.00
[TRAIN] Step 81/350 | 16:08:35
[TRAIN] Step 81 | Loss=0.599467 | Best makespan in group=253.00
[TRAIN] Step 82/350 | 16:09:12
[TRAIN] Step 82 | Loss=0.616500 | Best makespan in group=382.00
[TRAIN] Step 83/350 | 16:09:49
[TRAIN] Step 83 | Loss=0.716420 | Best makespan in group=325.00
[TRAIN] Step 84/350 | 16:10:24
[TRAIN] Step 84 | Loss=0.683329 | Best makespan in group=435.00
[TRAIN] Step 85/350 | 16:11:01
[TRAIN] Step 85 | Loss=0.662424 | Best makespan in group=368.00
[TRAIN] Step 86/350 | 16:11:45
[TRAIN] Step 86 | Loss=0.632235 | Best makespan in group=417.00
[TRAIN] Step 87/350 | 16:12:25
[TRAIN] Step 87 | Loss=0.620315 | Best makespan in group=370.00
[TRAIN] Step 88/350 | 16:13:04
[TRAIN] Step 88 | Loss=0.630917 | Best makespan in group=397.00
[TRAIN] Step 89/350 | 16:13:47
[TRAIN] Step 89 | Loss=0.694492 | Best makespan in group=430.00
[TRAIN] Step 90/350 | 16:14:32
[TRAIN] Step 90 | Loss=0.576841 | Best makespan in group=298.00
[TRAIN] Step 91/350 | 16:15:12
[TRAIN] Step 91 | Loss=0.683403 | Best makespan in group=316.00
[TRAIN] Step 92/350 | 16:15:52
[TRAIN] Step 92 | Loss=0.688693 | Best makespan in group=392.00
[TRAIN] Step 93/350 | 16:16:28
[TRAIN] Step 93 | Loss=0.762528 | Best makespan in group=430.00
[TRAIN] Step 94/350 | 16:17:15
[TRAIN] Step 94 | Loss=0.652488 | Best makespan in group=364.00
[TRAIN] Step 95/350 | 16:17:56
[TRAIN] Step 95 | Loss=0.627987 | Best makespan in group=301.00
[TRAIN] Step 96/350 | 16:18:37
[TRAIN] Step 96 | Loss=0.849239 | Best makespan in group=346.00
[TRAIN] Step 97/350 | 16:19:18
[TRAIN] Step 97 | Loss=0.749966 | Best makespan in group=461.00
[TRAIN] Step 98/350 | 16:19:59
[TRAIN] Step 98 | Loss=0.632273 | Best makespan in group=287.00
[TRAIN] Step 99/350 | 16:20:38
[TRAIN] Step 99 | Loss=0.613389 | Best makespan in group=383.00
[TRAIN] Step 100/350 | 16:21:19
[TRAIN] Step 100 | Loss=0.737927 | Best makespan in group=338.00
[TRAIN][VAL][ep 100] avg_gap=0.1536 | std_gap=0.0711 | q80_gap=0.1929 | n=20
[TRAIN] Validation improved | smoothed_avg_gap=0.1561 (raw=0.1536) | saving candidate: 500509253382414.pth
[TRAIN] Step 101/350 | 16:22:42
[TRAIN] Step 101 | Loss=0.771460 | Best makespan in group=347.00
[TRAIN] Step 102/350 | 16:23:17
[TRAIN] Step 102 | Loss=0.546879 | Best makespan in group=372.00
[TRAIN] Step 103/350 | 16:23:57
[TRAIN] Step 103 | Loss=0.697823 | Best makespan in group=285.00
[TRAIN] Step 104/350 | 16:24:36
[TRAIN] Step 104 | Loss=0.660692 | Best makespan in group=373.00
[TRAIN] Step 105/350 | 16:25:23
[TRAIN] Step 105 | Loss=0.586706 | Best makespan in group=324.00
[TRAIN] Step 106/350 | 16:25:57
[TRAIN] Step 106 | Loss=0.521778 | Best makespan in group=356.00
[TRAIN] Step 107/350 | 16:26:37
[TRAIN] Step 107 | Loss=0.627466 | Best makespan in group=476.00
[TRAIN] Step 108/350 | 16:27:15
[TRAIN] Step 108 | Loss=0.690225 | Best makespan in group=379.00
[TRAIN] Step 109/350 | 16:27:52
[TRAIN] Step 109 | Loss=0.598144 | Best makespan in group=388.00
[TRAIN] Step 110/350 | 16:28:31
[TRAIN] Step 110 | Loss=0.555773 | Best makespan in group=315.00
[TRAIN] Step 111/350 | 16:29:16
[TRAIN] Step 111 | Loss=0.680227 | Best makespan in group=378.00
[TRAIN] Step 112/350 | 16:29:55
[TRAIN] Step 112 | Loss=0.626254 | Best makespan in group=394.00
[TRAIN] Step 113/350 | 16:30:34
[TRAIN] Step 113 | Loss=0.671044 | Best makespan in group=355.00
[TRAIN] Step 114/350 | 16:31:08
[TRAIN] Step 114 | Loss=0.576521 | Best makespan in group=433.00
[TRAIN] Step 115/350 | 16:31:47
[TRAIN] Step 115 | Loss=0.679731 | Best makespan in group=366.00
[TRAIN] Step 116/350 | 16:32:31
[TRAIN] Step 116 | Loss=0.638715 | Best makespan in group=371.00
[TRAIN] Step 117/350 | 16:33:07
[TRAIN] Step 117 | Loss=0.744835 | Best makespan in group=253.00
[TRAIN] Step 118/350 | 16:33:45
[TRAIN] Step 118 | Loss=0.735995 | Best makespan in group=304.00
[TRAIN] Step 119/350 | 16:34:24
[TRAIN] Step 119 | Loss=0.646380 | Best makespan in group=297.00
[TRAIN] Step 120/350 | 16:35:04
[TRAIN] Step 120 | Loss=0.695568 | Best makespan in group=391.00
[TRAIN] Step 121/350 | 16:35:47
[TRAIN] Step 121 | Loss=0.646782 | Best makespan in group=366.00
[TRAIN] Step 122/350 | 16:36:29
[TRAIN] Step 122 | Loss=0.746240 | Best makespan in group=386.00
[TRAIN] Step 123/350 | 16:37:08
[TRAIN] Step 123 | Loss=0.663315 | Best makespan in group=364.00
[TRAIN] Step 124/350 | 16:37:47
[TRAIN] Step 124 | Loss=0.683954 | Best makespan in group=360.00
[TRAIN] Step 125/350 | 16:38:30
[TRAIN] Step 125 | Loss=0.715037 | Best makespan in group=388.00
[TRAIN][VAL][ep 125] avg_gap=0.1843 | std_gap=0.1177 | q80_gap=0.3096 | n=20
[TRAIN] Step 126/350 | 16:39:57
[TRAIN] Step 126 | Loss=0.751017 | Best makespan in group=309.00
[TRAIN] Step 127/350 | 16:40:40
[TRAIN] Step 127 | Loss=0.653151 | Best makespan in group=369.00
[TRAIN] Step 128/350 | 16:41:12
[TRAIN] Step 128 | Loss=0.542091 | Best makespan in group=368.00
[TRAIN] Step 129/350 | 16:41:49
[TRAIN] Step 129 | Loss=0.686091 | Best makespan in group=466.00
[TRAIN] Step 130/350 | 16:42:29
[TRAIN] Step 130 | Loss=0.657625 | Best makespan in group=364.00
[TRAIN] Step 131/350 | 16:43:13
[TRAIN] Step 131 | Loss=0.660512 | Best makespan in group=339.00
[TRAIN] Step 132/350 | 16:43:48
[TRAIN] Step 132 | Loss=0.700916 | Best makespan in group=281.00
[TRAIN] Step 133/350 | 16:44:29
[TRAIN] Step 133 | Loss=0.677059 | Best makespan in group=318.00
[TRAIN] Step 134/350 | 16:45:11
[TRAIN] Step 134 | Loss=0.710154 | Best makespan in group=376.00
[TRAIN] Step 135/350 | 16:45:52
[TRAIN] Step 135 | Loss=0.581716 | Best makespan in group=398.00
[TRAIN] Step 136/350 | 16:46:30
[TRAIN] Step 136 | Loss=0.610753 | Best makespan in group=374.00
[TRAIN] Step 137/350 | 16:47:15
[TRAIN] Step 137 | Loss=0.626436 | Best makespan in group=316.00
[TRAIN] Step 138/350 | 16:47:49
[TRAIN] Step 138 | Loss=0.586065 | Best makespan in group=344.00
[TRAIN] Step 139/350 | 16:48:29
[TRAIN] Step 139 | Loss=0.695984 | Best makespan in group=355.00
[TRAIN] Step 140/350 | 16:49:04
[TRAIN] Step 140 | Loss=0.683196 | Best makespan in group=306.00
[TRAIN] Step 141/350 | 16:49:41
[TRAIN] Step 141 | Loss=0.640621 | Best makespan in group=383.00
[TRAIN] Step 142/350 | 16:50:19
[TRAIN] Step 142 | Loss=0.735032 | Best makespan in group=274.00
[TRAIN] Step 143/350 | 16:50:55
[TRAIN] Step 143 | Loss=0.696170 | Best makespan in group=305.00
[TRAIN] Step 144/350 | 16:51:30
[TRAIN] Step 144 | Loss=0.849197 | Best makespan in group=468.00
[TRAIN] Step 145/350 | 16:52:08
[TRAIN] Step 145 | Loss=0.739205 | Best makespan in group=378.00
[TRAIN] Step 146/350 | 16:52:48
[TRAIN] Step 146 | Loss=0.826752 | Best makespan in group=431.00
[TRAIN] Step 147/350 | 16:53:30
[TRAIN] Step 147 | Loss=0.902033 | Best makespan in group=343.00
[TRAIN] Step 148/350 | 16:54:07
[TRAIN] Step 148 | Loss=0.720899 | Best makespan in group=440.00
[TRAIN] Step 149/350 | 16:54:46
[TRAIN] Step 149 | Loss=0.830308 | Best makespan in group=329.00
[TRAIN] Step 150/350 | 16:55:25
[TRAIN] Step 150 | Loss=0.802163 | Best makespan in group=253.00
[TRAIN][VAL][ep 150] avg_gap=0.1572 | std_gap=0.1040 | q80_gap=0.2282 | n=20
[TRAIN] Step 151/350 | 16:56:42
[TRAIN] Step 151 | Loss=0.751992 | Best makespan in group=324.00
[TRAIN] Step 152/350 | 16:57:18
[TRAIN] Step 152 | Loss=0.692865 | Best makespan in group=304.00
[TRAIN] Step 153/350 | 16:57:53
[TRAIN] Step 153 | Loss=0.625917 | Best makespan in group=300.00
[TRAIN] Step 154/350 | 16:58:28
[TRAIN] Step 154 | Loss=0.632354 | Best makespan in group=334.00
[TRAIN] Step 155/350 | 16:59:04
[TRAIN] Step 155 | Loss=0.623834 | Best makespan in group=317.00
[TRAIN] Step 156/350 | 16:59:41
[TRAIN] Step 156 | Loss=0.798139 | Best makespan in group=343.00
[TRAIN] Step 157/350 | 17:00:19
[TRAIN] Step 157 | Loss=0.661804 | Best makespan in group=307.00
[TRAIN] Step 158/350 | 17:00:54
[TRAIN] Step 158 | Loss=0.658149 | Best makespan in group=461.00
[TRAIN] Step 159/350 | 17:01:30
[TRAIN] Step 159 | Loss=0.692916 | Best makespan in group=364.00
[TRAIN] Step 160/350 | 17:02:05
[TRAIN] Step 160 | Loss=0.579681 | Best makespan in group=466.00
[TRAIN] Step 161/350 | 17:02:43
[TRAIN] Step 161 | Loss=0.620787 | Best makespan in group=399.00
[TRAIN] Step 162/350 | 17:03:21
[TRAIN] Step 162 | Loss=0.556283 | Best makespan in group=398.00
[TRAIN] Step 163/350 | 17:03:55
[TRAIN] Step 163 | Loss=0.608068 | Best makespan in group=381.00
[TRAIN] Step 164/350 | 17:04:38
[TRAIN] Step 164 | Loss=0.618673 | Best makespan in group=292.00
[TRAIN] Step 165/350 | 17:05:15
[TRAIN] Step 165 | Loss=0.565892 | Best makespan in group=352.00
[TRAIN] Step 166/350 | 17:05:48
[TRAIN] Step 166 | Loss=0.751133 | Best makespan in group=398.00
[TRAIN] Step 167/350 | 17:06:23
[TRAIN] Step 167 | Loss=0.545542 | Best makespan in group=315.00
[TRAIN] Step 168/350 | 17:07:00
[TRAIN] Step 168 | Loss=0.685180 | Best makespan in group=363.00
[TRAIN] Step 169/350 | 17:07:36
[TRAIN] Step 169 | Loss=0.618220 | Best makespan in group=319.00
[TRAIN] Step 170/350 | 17:08:08
[TRAIN] Step 170 | Loss=0.681177 | Best makespan in group=362.00
[TRAIN] Step 171/350 | 17:08:44
[TRAIN] Step 171 | Loss=0.666618 | Best makespan in group=369.00
[TRAIN] Step 172/350 | 17:09:39
[TRAIN] Step 172 | Loss=0.603881 | Best makespan in group=255.00
[TRAIN] Step 173/350 | 17:10:30
[TRAIN] Step 173 | Loss=0.911059 | Best makespan in group=430.00
[TRAIN] Step 174/350 | 17:11:28
[TRAIN] Step 174 | Loss=0.740502 | Best makespan in group=387.00
[TRAIN] Step 175/350 | 17:12:20
[TRAIN] Step 175 | Loss=0.625455 | Best makespan in group=367.00
[TRAIN][VAL][ep 175] avg_gap=0.1604 | std_gap=0.0988 | q80_gap=0.2104 | n=20
[TRAIN] Step 176/350 | 17:14:05
[TRAIN] Step 176 | Loss=0.659845 | Best makespan in group=286.00
[TRAIN] Step 177/350 | 17:14:53
[TRAIN] Step 177 | Loss=0.603408 | Best makespan in group=363.00
[TRAIN] Step 178/350 | 17:15:38
[TRAIN] Step 178 | Loss=0.639749 | Best makespan in group=437.00
[TRAIN] Step 179/350 | 17:16:24
[TRAIN] Step 179 | Loss=0.690397 | Best makespan in group=384.00
[TRAIN] Step 180/350 | 17:17:09
[TRAIN] Step 180 | Loss=0.841793 | Best makespan in group=382.00
[TRAIN] Step 181/350 | 17:17:54
[TRAIN] Step 181 | Loss=0.758698 | Best makespan in group=334.00
[TRAIN] Step 182/350 | 17:18:39
[TRAIN] Step 182 | Loss=0.696346 | Best makespan in group=392.00
[TRAIN] Step 183/350 | 17:19:27
[TRAIN] Step 183 | Loss=0.622302 | Best makespan in group=375.00
[TRAIN] Step 184/350 | 17:20:14
[TRAIN] Step 184 | Loss=0.584089 | Best makespan in group=471.00
[TRAIN] Step 185/350 | 17:20:58
[TRAIN] Step 185 | Loss=0.718366 | Best makespan in group=378.00
[TRAIN] Step 186/350 | 17:21:42
[TRAIN] Step 186 | Loss=0.694417 | Best makespan in group=430.00
[TRAIN] Step 187/350 | 17:22:35
[TRAIN] Step 187 | Loss=0.665872 | Best makespan in group=302.00
[TRAIN] Step 188/350 | 17:23:21
[TRAIN] Step 188 | Loss=0.735624 | Best makespan in group=366.00
[TRAIN] Step 189/350 | 17:24:05
[TRAIN] Step 189 | Loss=0.641362 | Best makespan in group=301.00
[TRAIN] Step 190/350 | 17:24:46
[TRAIN] Step 190 | Loss=0.568400 | Best makespan in group=313.00
[TRAIN] Step 191/350 | 17:25:31
[TRAIN] Step 191 | Loss=0.654760 | Best makespan in group=318.00
[TRAIN] Step 192/350 | 17:26:18
[TRAIN] Step 192 | Loss=0.758224 | Best makespan in group=396.00
[TRAIN] Step 193/350 | 17:26:59
[TRAIN] Step 193 | Loss=0.772179 | Best makespan in group=355.00
[TRAIN] Step 194/350 | 17:27:40
[TRAIN] Step 194 | Loss=0.572030 | Best makespan in group=395.00
[TRAIN] Step 195/350 | 17:28:21
[TRAIN] Step 195 | Loss=0.676523 | Best makespan in group=397.00
[TRAIN] Step 196/350 | 17:29:03
[TRAIN] Step 196 | Loss=0.621917 | Best makespan in group=366.00
[TRAIN] Step 197/350 | 17:29:40
[TRAIN] Step 197 | Loss=0.594711 | Best makespan in group=359.00
[TRAIN] Step 198/350 | 17:30:18
[TRAIN] Step 198 | Loss=0.566518 | Best makespan in group=299.00
[TRAIN] Step 199/350 | 17:30:56
[TRAIN] Step 199 | Loss=0.613787 | Best makespan in group=339.00
[TRAIN] Step 200/350 | 17:31:35
[TRAIN] Step 200 | Loss=0.527343 | Best makespan in group=359.00
[TRAIN] Refreshing training instances (step 200)...
[TRAIN][VAL][ep 200] avg_gap=0.1448 | std_gap=0.0777 | q80_gap=0.2180 | n=20
[TRAIN] Validation improved | smoothed_avg_gap=0.1541 (raw=0.1448) | saving candidate: 240410319347476.pth
[TRAIN] Step 201/350 | 17:32:54
[TRAIN] Step 201 | Loss=0.531373 | Best makespan in group=323.00
[TRAIN] Step 202/350 | 17:33:35
[TRAIN] Step 202 | Loss=0.623975 | Best makespan in group=469.00
[TRAIN] Step 203/350 | 17:34:10
[TRAIN] Step 203 | Loss=0.642441 | Best makespan in group=365.00
[TRAIN] Step 204/350 | 17:34:46
[TRAIN] Step 204 | Loss=0.654996 | Best makespan in group=588.00
[TRAIN] Step 205/350 | 17:35:20
[TRAIN] Step 205 | Loss=0.612889 | Best makespan in group=415.00
[TRAIN] Step 206/350 | 17:35:56
[TRAIN] Step 206 | Loss=0.792791 | Best makespan in group=348.00
[TRAIN] Step 207/350 | 17:36:30
[TRAIN] Step 207 | Loss=0.676365 | Best makespan in group=364.00
[TRAIN] Step 208/350 | 17:37:11
[TRAIN] Step 208 | Loss=0.603388 | Best makespan in group=305.00
[TRAIN] Step 209/350 | 17:37:48
[TRAIN] Step 209 | Loss=0.715394 | Best makespan in group=293.00
[TRAIN] Step 210/350 | 17:38:26
[TRAIN] Step 210 | Loss=0.623797 | Best makespan in group=393.00
[TRAIN] Step 211/350 | 17:38:59
[TRAIN] Step 211 | Loss=0.741363 | Best makespan in group=378.00
[TRAIN] Step 212/350 | 17:39:33
[TRAIN] Step 212 | Loss=0.708046 | Best makespan in group=365.00
[TRAIN] Step 213/350 | 17:40:09
[TRAIN] Step 213 | Loss=0.672524 | Best makespan in group=358.00
[TRAIN] Step 214/350 | 17:40:51
[TRAIN] Step 214 | Loss=0.673598 | Best makespan in group=356.00
[TRAIN] Step 215/350 | 17:41:31
[TRAIN] Step 215 | Loss=0.632898 | Best makespan in group=348.00
[TRAIN] Step 216/350 | 17:42:03
[TRAIN] Step 216 | Loss=0.688870 | Best makespan in group=376.00
[TRAIN] Step 217/350 | 17:42:37
[TRAIN] Step 217 | Loss=0.607071 | Best makespan in group=440.00
[TRAIN] Step 218/350 | 17:43:12
[TRAIN] Step 218 | Loss=0.594356 | Best makespan in group=354.00
[TRAIN] Step 219/350 | 17:43:50
[TRAIN] Step 219 | Loss=0.686774 | Best makespan in group=287.00
[TRAIN] Step 220/350 | 17:44:23
[TRAIN] Step 220 | Loss=0.723842 | Best makespan in group=354.00
[TRAIN] Step 221/350 | 17:45:02
[TRAIN] Step 221 | Loss=0.636397 | Best makespan in group=352.00
[TRAIN] Step 222/350 | 17:45:36
[TRAIN] Step 222 | Loss=0.634961 | Best makespan in group=408.00
[TRAIN] Step 223/350 | 17:46:12
[TRAIN] Step 223 | Loss=0.813162 | Best makespan in group=330.00
[TRAIN] Step 224/350 | 17:46:44
[TRAIN] Step 224 | Loss=0.642801 | Best makespan in group=350.00
[TRAIN] Step 225/350 | 17:47:19
[TRAIN] Step 225 | Loss=0.583186 | Best makespan in group=324.00
[TRAIN][VAL][ep 225] avg_gap=0.1390 | std_gap=0.0701 | q80_gap=0.1864 | n=20
[TRAIN] Validation improved | smoothed_avg_gap=0.1481 (raw=0.1390) | saving candidate: 180368725108390.pth
[TRAIN] Step 226/350 | 17:48:31
[TRAIN] Step 226 | Loss=0.639002 | Best makespan in group=354.00
[TRAIN] Step 227/350 | 17:49:08
[TRAIN] Step 227 | Loss=0.603737 | Best makespan in group=427.00
[TRAIN] Step 228/350 | 17:49:40
[TRAIN] Step 228 | Loss=0.565010 | Best makespan in group=358.00
[TRAIN] Step 229/350 | 17:50:12
[TRAIN] Step 229 | Loss=0.645568 | Best makespan in group=656.00
[TRAIN] Step 230/350 | 17:50:46
[TRAIN] Step 230 | Loss=0.807624 | Best makespan in group=399.00
[TRAIN] Step 231/350 | 17:51:17
[TRAIN] Step 231 | Loss=0.662003 | Best makespan in group=384.00
[TRAIN] Step 232/350 | 17:51:47
[TRAIN] Step 232 | Loss=0.837539 | Best makespan in group=296.00
[TRAIN] Step 233/350 | 17:52:21
[TRAIN] Step 233 | Loss=0.718499 | Best makespan in group=409.00
[TRAIN] Step 234/350 | 17:52:57
[TRAIN] Step 234 | Loss=0.642792 | Best makespan in group=362.00
[TRAIN] Step 235/350 | 17:53:37
[TRAIN] Step 235 | Loss=0.644701 | Best makespan in group=327.00
[TRAIN] Step 236/350 | 17:54:14
[TRAIN] Step 236 | Loss=0.732132 | Best makespan in group=374.00
[TRAIN] Step 237/350 | 17:54:47
[TRAIN] Step 237 | Loss=0.654127 | Best makespan in group=345.00
[TRAIN] Step 238/350 | 17:55:19
[TRAIN] Step 238 | Loss=0.674595 | Best makespan in group=420.00
[TRAIN] Step 239/350 | 17:55:53
[TRAIN] Step 239 | Loss=0.875154 | Best makespan in group=586.00
[TRAIN] Step 240/350 | 17:56:25
[TRAIN] Step 240 | Loss=0.597359 | Best makespan in group=279.00
[TRAIN] Step 241/350 | 17:57:00
[TRAIN] Step 241 | Loss=0.699756 | Best makespan in group=349.00
[TRAIN] Step 242/350 | 17:57:37
[TRAIN] Step 242 | Loss=0.868906 | Best makespan in group=399.00
[TRAIN] Step 243/350 | 17:58:11
[TRAIN] Step 243 | Loss=0.627382 | Best makespan in group=656.00
[TRAIN] Step 244/350 | 17:58:46
[TRAIN] Step 244 | Loss=0.662864 | Best makespan in group=349.00
[TRAIN] Step 245/350 | 17:59:22
[TRAIN] Step 245 | Loss=0.598593 | Best makespan in group=293.00
[TRAIN] Step 246/350 | 17:59:58
[TRAIN] Step 246 | Loss=0.558853 | Best makespan in group=345.00
[TRAIN] Step 247/350 | 18:00:31
[TRAIN] Step 247 | Loss=0.651505 | Best makespan in group=355.00
[TRAIN] Step 248/350 | 18:01:12
[TRAIN] Step 248 | Loss=0.790218 | Best makespan in group=347.00
[TRAIN] Step 249/350 | 18:01:53
[TRAIN] Step 249 | Loss=0.646605 | Best makespan in group=453.00
[TRAIN] Step 250/350 | 18:02:26
[TRAIN] Step 250 | Loss=0.536428 | Best makespan in group=357.00
[TRAIN][VAL][ep 250] avg_gap=0.1406 | std_gap=0.0956 | q80_gap=0.1800 | n=20
[TRAIN] Validation improved | smoothed_avg_gap=0.1415 (raw=0.1406) | saving candidate: 796096899412646.pth
[TRAIN] Step 251/350 | 18:03:40
[TRAIN] Step 251 | Loss=0.678284 | Best makespan in group=398.00
[TRAIN] Step 252/350 | 18:04:14
[TRAIN] Step 252 | Loss=0.681169 | Best makespan in group=333.00
[TRAIN] Step 253/350 | 18:04:49
[TRAIN] Step 253 | Loss=0.695807 | Best makespan in group=376.00
[TRAIN] Step 254/350 | 18:05:25
[TRAIN] Step 254 | Loss=0.650416 | Best makespan in group=355.00
[TRAIN] Step 255/350 | 18:05:59
[TRAIN] Step 255 | Loss=0.656794 | Best makespan in group=332.00
[TRAIN] Step 256/350 | 18:06:35
[TRAIN] Step 256 | Loss=0.683805 | Best makespan in group=363.00
[TRAIN] Step 257/350 | 18:07:12
[TRAIN] Step 257 | Loss=0.579573 | Best makespan in group=439.00
[TRAIN] Step 258/350 | 18:07:48
[TRAIN] Step 258 | Loss=0.631491 | Best makespan in group=346.00
[TRAIN] Step 259/350 | 18:08:25
[TRAIN] Step 259 | Loss=0.707548 | Best makespan in group=369.00
[TRAIN] Step 260/350 | 18:08:59
[TRAIN] Step 260 | Loss=0.678763 | Best makespan in group=359.00
[TRAIN] Step 261/350 | 18:09:44
[TRAIN] Step 261 | Loss=0.757672 | Best makespan in group=346.00
[TRAIN] Step 262/350 | 18:10:25
[TRAIN] Step 262 | Loss=0.634512 | Best makespan in group=290.00
[TRAIN] Step 263/350 | 18:11:02
[TRAIN] Step 263 | Loss=0.612267 | Best makespan in group=341.00
[TRAIN] Step 264/350 | 18:11:38
[TRAIN] Step 264 | Loss=0.672103 | Best makespan in group=358.00
[TRAIN] Step 265/350 | 18:12:22
[TRAIN] Step 265 | Loss=0.592583 | Best makespan in group=384.00
[TRAIN] Step 266/350 | 18:12:57
[TRAIN] Step 266 | Loss=0.783761 | Best makespan in group=341.00
[TRAIN] Step 267/350 | 18:13:35
[TRAIN] Step 267 | Loss=0.531545 | Best makespan in group=415.00
[TRAIN] Step 268/350 | 18:14:13
[TRAIN] Step 268 | Loss=0.597081 | Best makespan in group=418.00
[TRAIN] Step 269/350 | 18:14:48
[TRAIN] Step 269 | Loss=0.577652 | Best makespan in group=366.00
[TRAIN] Step 270/350 | 18:15:31
[TRAIN] Step 270 | Loss=0.693915 | Best makespan in group=351.00
[TRAIN] Step 271/350 | 18:16:12
[TRAIN] Step 271 | Loss=0.645198 | Best makespan in group=376.00
[TRAIN] Step 272/350 | 18:16:50
[TRAIN] Step 272 | Loss=0.638674 | Best makespan in group=441.00
[TRAIN] Step 273/350 | 18:17:30
[TRAIN] Step 273 | Loss=0.670378 | Best makespan in group=601.00
[TRAIN] Step 274/350 | 18:18:05
[TRAIN] Step 274 | Loss=0.634628 | Best makespan in group=371.00
[TRAIN] Step 275/350 | 18:18:44
[TRAIN] Step 275 | Loss=0.633851 | Best makespan in group=321.00
[TRAIN][VAL][ep 275] avg_gap=0.1604 | std_gap=0.0823 | q80_gap=0.2042 | n=20
[TRAIN] Step 276/350 | 18:20:08
[TRAIN] Step 276 | Loss=0.635303 | Best makespan in group=347.00
[TRAIN] Step 277/350 | 18:20:50
[TRAIN] Step 277 | Loss=0.599020 | Best makespan in group=352.00
[TRAIN] Step 278/350 | 18:21:31
[TRAIN] Step 278 | Loss=0.689962 | Best makespan in group=399.00
[TRAIN] Step 279/350 | 18:22:09
[TRAIN] Step 279 | Loss=0.567016 | Best makespan in group=406.00
[TRAIN] Step 280/350 | 18:22:53
[TRAIN] Step 280 | Loss=0.776239 | Best makespan in group=354.00
[TRAIN] Step 281/350 | 18:23:40
[TRAIN] Step 281 | Loss=0.639410 | Best makespan in group=322.00
[TRAIN] Step 282/350 | 18:24:25
[TRAIN] Step 282 | Loss=0.611332 | Best makespan in group=343.00
[TRAIN] Step 283/350 | 18:25:11
[TRAIN] Step 283 | Loss=0.543660 | Best makespan in group=346.00
[TRAIN] Step 284/350 | 18:25:48
[TRAIN] Step 284 | Loss=0.590576 | Best makespan in group=644.00
[TRAIN] Step 285/350 | 18:26:26
[TRAIN] Step 285 | Loss=0.637064 | Best makespan in group=461.00
[TRAIN] Step 286/350 | 18:27:02
[TRAIN] Step 286 | Loss=0.634131 | Best makespan in group=285.00
[TRAIN] Step 287/350 | 18:27:41
[TRAIN] Step 287 | Loss=0.597505 | Best makespan in group=364.00
[TRAIN] Step 288/350 | 18:28:23
[TRAIN] Step 288 | Loss=0.745803 | Best makespan in group=277.00
[TRAIN] Step 289/350 | 18:29:01
[TRAIN] Step 289 | Loss=0.769248 | Best makespan in group=362.00
[TRAIN] Step 290/350 | 18:29:37
[TRAIN] Step 290 | Loss=0.710727 | Best makespan in group=378.00
[TRAIN] Step 291/350 | 18:30:14
[TRAIN] Step 291 | Loss=0.655831 | Best makespan in group=346.00
[TRAIN] Step 292/350 | 18:30:55
[TRAIN] Step 292 | Loss=0.614260 | Best makespan in group=351.00
[TRAIN] Step 293/350 | 18:31:35
[TRAIN] Step 293 | Loss=0.644480 | Best makespan in group=446.00
[TRAIN] Step 294/350 | 18:32:12
[TRAIN] Step 294 | Loss=0.664155 | Best makespan in group=334.00
[TRAIN] Step 295/350 | 18:32:53
[TRAIN] Step 295 | Loss=0.693552 | Best makespan in group=362.00
[TRAIN] Step 296/350 | 18:33:40
[TRAIN] Step 296 | Loss=0.685691 | Best makespan in group=400.00
[TRAIN] Step 297/350 | 18:34:19
[TRAIN] Step 297 | Loss=0.736851 | Best makespan in group=286.00
[TRAIN] Step 298/350 | 18:34:58
[TRAIN] Step 298 | Loss=0.586883 | Best makespan in group=365.00
[TRAIN] Step 299/350 | 18:35:37
[TRAIN] Step 299 | Loss=0.697869 | Best makespan in group=616.00
[TRAIN] Step 300/350 | 18:36:14
[TRAIN] Step 300 | Loss=0.606808 | Best makespan in group=352.00
[TRAIN][VAL][ep 300] avg_gap=0.1298 | std_gap=0.0754 | q80_gap=0.1592 | n=20
[TRAIN] Step 301/350 | 18:37:46
[TRAIN] Step 301 | Loss=0.596573 | Best makespan in group=422.00
[TRAIN] Step 302/350 | 18:38:24
[TRAIN] Step 302 | Loss=0.594316 | Best makespan in group=393.00
[TRAIN] Step 303/350 | 18:39:00
[TRAIN] Step 303 | Loss=0.671924 | Best makespan in group=376.00
[TRAIN] Step 304/350 | 18:39:41
[TRAIN] Step 304 | Loss=0.736846 | Best makespan in group=349.00
[TRAIN] Step 305/350 | 18:40:25
[TRAIN] Step 305 | Loss=0.738978 | Best makespan in group=399.00
[TRAIN] Step 306/350 | 18:41:04
[TRAIN] Step 306 | Loss=0.518562 | Best makespan in group=374.00
[TRAIN] Step 307/350 | 18:41:42
[TRAIN] Step 307 | Loss=0.757771 | Best makespan in group=447.00
[TRAIN] Step 308/350 | 18:42:26
[TRAIN] Step 308 | Loss=0.731171 | Best makespan in group=348.00
[TRAIN] Step 309/350 | 18:43:04
[TRAIN] Step 309 | Loss=0.662469 | Best makespan in group=291.00
[TRAIN] Step 310/350 | 18:43:45
[TRAIN] Step 310 | Loss=0.765070 | Best makespan in group=642.00
[TRAIN] Step 311/350 | 18:44:26
[TRAIN] Step 311 | Loss=0.691540 | Best makespan in group=411.00
[TRAIN] Step 312/350 | 18:45:12
[TRAIN] Step 312 | Loss=0.653301 | Best makespan in group=323.00
[TRAIN] Step 313/350 | 18:45:54
[TRAIN] Step 313 | Loss=0.703312 | Best makespan in group=340.00
[TRAIN] Step 314/350 | 18:46:42
[TRAIN] Step 314 | Loss=0.666200 | Best makespan in group=364.00
[TRAIN] Step 315/350 | 18:47:26
[TRAIN] Step 315 | Loss=0.697122 | Best makespan in group=355.00
[TRAIN] Step 316/350 | 18:48:11
[TRAIN] Step 316 | Loss=0.698188 | Best makespan in group=378.00
[TRAIN] Step 317/350 | 18:48:48
[TRAIN] Step 317 | Loss=0.721521 | Best makespan in group=347.00
[TRAIN] Step 318/350 | 18:49:28
[TRAIN] Step 318 | Loss=0.554319 | Best makespan in group=292.00
[TRAIN] Step 319/350 | 18:50:13
[TRAIN] Step 319 | Loss=0.604186 | Best makespan in group=345.00
[TRAIN] Step 320/350 | 18:51:03
[TRAIN] Step 320 | Loss=0.583820 | Best makespan in group=314.00
[TRAIN] Step 321/350 | 18:51:46
[TRAIN] Step 321 | Loss=0.630336 | Best makespan in group=453.00
[TRAIN] Step 322/350 | 18:52:17
[TRAIN] Step 322 | Loss=0.663482 | Best makespan in group=405.00
[TRAIN] Step 323/350 | 18:52:50
[TRAIN] Step 323 | Loss=0.635306 | Best makespan in group=419.00
[TRAIN] Step 324/350 | 18:53:21
[TRAIN] Step 324 | Loss=0.662724 | Best makespan in group=376.00
[TRAIN] Step 325/350 | 18:53:53
[TRAIN] Step 325 | Loss=0.659474 | Best makespan in group=282.00
[TRAIN][VAL][ep 325] avg_gap=0.1393 | std_gap=0.0828 | q80_gap=0.2187 | n=20
[TRAIN] Step 326/350 | 18:55:00
[TRAIN] Step 326 | Loss=0.593425 | Best makespan in group=350.00
[TRAIN] Step 327/350 | 18:55:33
[TRAIN] Step 327 | Loss=0.649232 | Best makespan in group=350.00
[TRAIN] Step 328/350 | 18:56:03
[TRAIN] Step 328 | Loss=0.701981 | Best makespan in group=393.00
[TRAIN] Step 329/350 | 18:56:33
[TRAIN] Step 329 | Loss=0.697035 | Best makespan in group=289.00
[TRAIN] Step 330/350 | 18:57:07
[TRAIN] Step 330 | Loss=0.624540 | Best makespan in group=346.00
[TRAIN] Step 331/350 | 18:57:39
[TRAIN] Step 331 | Loss=0.844014 | Best makespan in group=399.00
[TRAIN] Step 332/350 | 18:58:10
[TRAIN] Step 332 | Loss=0.694786 | Best makespan in group=352.00
[TRAIN] Step 333/350 | 18:58:48
[TRAIN] Step 333 | Loss=0.601936 | Best makespan in group=447.00
[TRAIN] Step 334/350 | 18:59:23
[TRAIN] Step 334 | Loss=0.653069 | Best makespan in group=351.00
[TRAIN] Step 335/350 | 19:00:00
[TRAIN] Step 335 | Loss=0.552559 | Best makespan in group=376.00
[TRAIN] Step 336/350 | 19:00:31
[TRAIN] Step 336 | Loss=0.650584 | Best makespan in group=347.00
[TRAIN] Step 337/350 | 19:01:05
[TRAIN] Step 337 | Loss=0.585943 | Best makespan in group=365.00
[TRAIN] Step 338/350 | 19:01:37
[TRAIN] Step 338 | Loss=0.654953 | Best makespan in group=316.00
[TRAIN] Step 339/350 | 19:02:14
[TRAIN] Step 339 | Loss=0.576244 | Best makespan in group=365.00
[TRAIN] Step 340/350 | 19:02:46
[TRAIN] Step 340 | Loss=0.671587 | Best makespan in group=355.00
[TRAIN] Step 341/350 | 19:03:33
[TRAIN] Step 341 | Loss=0.572099 | Best makespan in group=359.00
[TRAIN] Step 342/350 | 19:04:18
[TRAIN] Step 342 | Loss=0.699886 | Best makespan in group=662.00
[TRAIN] Step 343/350 | 19:04:52
[TRAIN] Step 343 | Loss=0.572333 | Best makespan in group=327.00
[TRAIN] Step 344/350 | 19:05:33
[TRAIN] Step 344 | Loss=0.711691 | Best makespan in group=282.00
[TRAIN] Step 345/350 | 19:06:19
[TRAIN] Step 345 | Loss=0.641757 | Best makespan in group=327.00
[TRAIN] Step 346/350 | 19:07:03
[TRAIN] Step 346 | Loss=0.629460 | Best makespan in group=364.00
[TRAIN] Step 347/350 | 19:07:49
[TRAIN] Step 347 | Loss=0.671021 | Best makespan in group=351.00
[TRAIN] Step 348/350 | 19:08:32
[TRAIN] Step 348 | Loss=0.659341 | Best makespan in group=348.00
[TRAIN] Step 349/350 | 19:09:05
[TRAIN] Step 349 | Loss=0.616679 | Best makespan in group=604.00
[TRAIN] Step 350/350 | 19:09:37
[TRAIN] Step 350 | Loss=0.750841 | Best makespan in group=411.00
[TRAIN][VAL][ep 350] avg_gap=0.1570 | std_gap=0.0937 | q80_gap=0.2555 | n=20
[TRAIN] Evaluating best checkpoint (candidate_models/796096899412646.pth) on the held-out test split...
[TRAIN][TEST] avg_gap=0.1263 | std_gap=0.0987 | q80_gap=0.1931 | n=20
[TRAIN][19:11:37] Training ended. Validation history and plots updated.
