D:\Dissertação\dissertation-bopo_introduction\venv\Lib\site-packages\torch\jit\_script.py:1485: FutureWarning: `torch.jit.script` is not supported in Python 3.14+ and may break. Please switch to `torch.compile` or `torch.export`.
  warnings.warn(
============================================================
[TRAIN] Training started at: 2026-09-30 09:23:41
[TRAIN] Hyperparams | max_steps=350 | new_freq=200
[TRAIN]             | n_cases=30 | B=32 | K=10 | use_greedy=True | lr=0.0047 (decaying to 9.40e-04)
[TRAIN]             | warm_start_steps=200 | checkpoint_smooth_window=3 | seed=42
[TRAIN]             | hidden_channels=128 | num_layers=3 | heads=3
[TRAIN]             | logp_norm=mean | exclude_greedy_from_loss=True
[TRAIN] Representation | ojmb_edge_v2 | GNN | gin | jm_design | edges
[TRAIN] Device | cuda:0 (NVIDIA GeForce GTX 1650 Ti)
[TRAIN] Problem size | jobs=[8,10] | machines=[5,10] | ops_per_job=[5,6] | max_proc=100
============================================================
[TRAIN] Output run folder: results\batching_gin_L3_k5_ojmb_edge_v2_s42_steps
[TRAIN] Validation config | every=25 steps | instances=20 (representative subset)
[TRAIN][TEACHER] validation avg_gap=0.5273 | q80_gap=0.7198 || test avg_gap=0.4277 | q80_gap=0.6075
[TRAIN] Step metrics | every step on 4 validation instance(s) (bat001, bat003, bat005, bat007) -> results\batching_gin_L3_k5_ojmb_edge_v2_s42_steps\step_metrics.json
[TRAIN] Warm-start (behavior cloning vs. dispatch heuristic) | 200 step(s)...
[TRAIN][WARMSTART] step 10/200 | instance=21 | bc_loss=2.0483 | decisions=46
[TRAIN][WARMSTART] step 20/200 | instance=9 | bc_loss=2.1489 | decisions=55
[TRAIN][WARMSTART] step 30/200 | instance=11 | bc_loss=1.5939 | decisions=46
[TRAIN][WARMSTART] step 40/200 | instance=27 | bc_loss=1.4810 | decisions=43
[TRAIN][WARMSTART] step 50/200 | instance=29 | bc_loss=1.4184 | decisions=49
[TRAIN][WARMSTART] step 60/200 | instance=15 | bc_loss=1.1349 | decisions=46
[TRAIN][WARMSTART] step 70/200 | instance=7 | bc_loss=1.3392 | decisions=41
[TRAIN][WARMSTART] step 80/200 | instance=4 | bc_loss=1.1581 | decisions=40
[TRAIN][WARMSTART] step 90/200 | instance=13 | bc_loss=0.7177 | decisions=40
[TRAIN][WARMSTART] step 100/200 | instance=6 | bc_loss=0.9867 | decisions=52
[TRAIN][WARMSTART] step 110/200 | instance=11 | bc_loss=0.9171 | decisions=46
[TRAIN][WARMSTART] step 120/200 | instance=6 | bc_loss=0.7938 | decisions=52
[TRAIN][WARMSTART] step 130/200 | instance=6 | bc_loss=0.7970 | decisions=52
[TRAIN][WARMSTART] step 140/200 | instance=27 | bc_loss=0.6227 | decisions=43
[TRAIN][WARMSTART] step 150/200 | instance=0 | bc_loss=1.2935 | decisions=41
[TRAIN][WARMSTART] step 160/200 | instance=29 | bc_loss=0.8800 | decisions=49
[TRAIN][WARMSTART] step 170/200 | instance=28 | bc_loss=0.6696 | decisions=39
[TRAIN][WARMSTART] step 180/200 | instance=28 | bc_loss=0.5834 | decisions=39
[TRAIN][WARMSTART] step 190/200 | instance=22 | bc_loss=1.1864 | decisions=46
[TRAIN][WARMSTART] step 200/200 | instance=12 | bc_loss=0.6035 | decisions=40
[TRAIN] Warm-start complete, switching to BOPO preference optimization.
------------------------------------------------------------
[TRAIN] BOPO agent ready. Starting training loop for 350 step(s)...
------------------------------------------------------------
[TRAIN] Step 1/350 | 09:31:56
[TRAIN] Step 1 | Loss=0.754323 | Best makespan in group=534.00
[TRAIN] Step 2/350 | 09:32:32
[TRAIN] Step 2 | Loss=0.664942 | Best makespan in group=383.00
[TRAIN] Step 3/350 | 09:33:03
[TRAIN] Step 3 | Loss=0.794817 | Best makespan in group=653.00
[TRAIN] Step 4/350 | 09:33:37
[TRAIN] Step 4 | Loss=0.680772 | Best makespan in group=420.00
[TRAIN] Step 5/350 | 09:34:10
[TRAIN] Step 5 | Loss=0.743799 | Best makespan in group=314.00
[TRAIN] Step 6/350 | 09:34:40
[TRAIN] Step 6 | Loss=0.902853 | Best makespan in group=464.00
[TRAIN] Step 7/350 | 09:35:12
[TRAIN] Step 7 | Loss=0.761030 | Best makespan in group=245.00
[TRAIN] Step 8/350 | 09:35:44
[TRAIN] Step 8 | Loss=0.743700 | Best makespan in group=473.00
[TRAIN] Step 9/350 | 09:36:16
[TRAIN] Step 9 | Loss=1.152501 | Best makespan in group=406.00
[TRAIN] Step 10/350 | 09:36:43
[TRAIN] Step 10 | Loss=0.831776 | Best makespan in group=470.00
[TRAIN] Step 11/350 | 09:37:17
[TRAIN] Step 11 | Loss=0.670478 | Best makespan in group=382.00
[TRAIN] Step 12/350 | 09:37:47
[TRAIN] Step 12 | Loss=0.780212 | Best makespan in group=436.00
[TRAIN] Step 13/350 | 09:38:18
[TRAIN] Step 13 | Loss=0.669004 | Best makespan in group=413.00
[TRAIN] Step 14/350 | 09:38:52
[TRAIN] Step 14 | Loss=0.696649 | Best makespan in group=620.00
[TRAIN] Step 15/350 | 09:39:24
[TRAIN] Step 15 | Loss=0.742979 | Best makespan in group=373.00
[TRAIN] Step 16/350 | 09:39:53
[TRAIN] Step 16 | Loss=0.676256 | Best makespan in group=362.00
[TRAIN] Step 17/350 | 09:40:28
[TRAIN] Step 17 | Loss=0.818796 | Best makespan in group=378.00
[TRAIN] Step 18/350 | 09:41:04
[TRAIN] Step 18 | Loss=0.819352 | Best makespan in group=489.00
[TRAIN] Step 19/350 | 09:41:36
[TRAIN] Step 19 | Loss=0.704993 | Best makespan in group=417.00
[TRAIN] Step 20/350 | 09:42:10
[TRAIN] Step 20 | Loss=0.699680 | Best makespan in group=415.00
[TRAIN] Step 21/350 | 09:42:44
[TRAIN] Step 21 | Loss=0.691605 | Best makespan in group=505.00
[TRAIN] Step 22/350 | 09:43:19
[TRAIN] Step 22 | Loss=0.688985 | Best makespan in group=359.00
[TRAIN] Step 23/350 | 09:43:47
[TRAIN] Step 23 | Loss=0.522204 | Best makespan in group=316.00
[TRAIN] Step 24/350 | 09:44:20
[TRAIN] Step 24 | Loss=0.692927 | Best makespan in group=357.00
[TRAIN] Step 25/350 | 09:44:52
[TRAIN] Step 25 | Loss=0.668645 | Best makespan in group=368.00
[TRAIN][VAL][ep 25] avg_gap=0.3308 | std_gap=0.1379 | q80_gap=0.4690 | n=20
[TRAIN] Validation improved | smoothed_avg_gap=0.3308 (raw=0.3308) | saving candidate: 248233987421254.pth
[TRAIN] Step 26/350 | 09:45:51
[TRAIN] Step 26 | Loss=0.747571 | Best makespan in group=416.00
[TRAIN] Step 27/350 | 09:46:21
[TRAIN] Step 27 | Loss=0.674273 | Best makespan in group=320.00
[TRAIN] Step 28/350 | 09:46:56
[TRAIN] Step 28 | Loss=0.634009 | Best makespan in group=431.00
[TRAIN] Step 29/350 | 09:47:30
[TRAIN] Step 29 | Loss=0.472320 | Best makespan in group=358.00
[TRAIN] Step 30/350 | 09:47:59
[TRAIN] Step 30 | Loss=0.802386 | Best makespan in group=406.00
[TRAIN] Step 31/350 | 09:48:32
[TRAIN] Step 31 | Loss=0.590359 | Best makespan in group=428.00
[TRAIN] Step 32/350 | 09:49:03
[TRAIN] Step 32 | Loss=0.772698 | Best makespan in group=490.00
[TRAIN] Step 33/350 | 09:49:35
[TRAIN] Step 33 | Loss=0.752466 | Best makespan in group=404.00
[TRAIN] Step 34/350 | 09:50:09
[TRAIN] Step 34 | Loss=0.572518 | Best makespan in group=432.00
[TRAIN] Step 35/350 | 09:50:43
[TRAIN] Step 35 | Loss=0.653271 | Best makespan in group=370.00
[TRAIN] Step 36/350 | 09:51:12
[TRAIN] Step 36 | Loss=0.539830 | Best makespan in group=351.00
[TRAIN] Step 37/350 | 09:51:49
[TRAIN] Step 37 | Loss=0.606645 | Best makespan in group=377.00
[TRAIN] Step 38/350 | 09:52:21
[TRAIN] Step 38 | Loss=0.724331 | Best makespan in group=413.00
[TRAIN] Step 39/350 | 09:52:53
[TRAIN] Step 39 | Loss=0.757734 | Best makespan in group=259.00
[TRAIN] Step 40/350 | 09:53:25
[TRAIN] Step 40 | Loss=0.588985 | Best makespan in group=385.00
[TRAIN] Step 41/350 | 09:53:54
[TRAIN] Step 41 | Loss=0.849583 | Best makespan in group=407.00
[TRAIN] Step 42/350 | 09:54:30
[TRAIN] Step 42 | Loss=0.747524 | Best makespan in group=568.00
[TRAIN] Step 43/350 | 09:55:06
[TRAIN] Step 43 | Loss=0.691532 | Best makespan in group=354.00
[TRAIN] Step 44/350 | 09:55:39
[TRAIN] Step 44 | Loss=0.795909 | Best makespan in group=314.00
[TRAIN] Step 45/350 | 09:56:11
[TRAIN] Step 45 | Loss=0.612344 | Best makespan in group=318.00
[TRAIN] Step 46/350 | 09:56:46
[TRAIN] Step 46 | Loss=0.656523 | Best makespan in group=438.00
[TRAIN] Step 47/350 | 09:57:15
[TRAIN] Step 47 | Loss=0.562223 | Best makespan in group=394.00
[TRAIN] Step 48/350 | 09:57:51
[TRAIN] Step 48 | Loss=0.850468 | Best makespan in group=421.00
[TRAIN] Step 49/350 | 09:58:26
[TRAIN] Step 49 | Loss=0.542096 | Best makespan in group=490.00
[TRAIN] Step 50/350 | 09:58:56
[TRAIN] Step 50 | Loss=0.803928 | Best makespan in group=351.00
[TRAIN][VAL][ep 50] avg_gap=0.2499 | std_gap=0.1267 | q80_gap=0.3451 | n=20
[TRAIN] Validation improved | smoothed_avg_gap=0.2904 (raw=0.2499) | saving candidate: 963189976498952.pth
[TRAIN] Step 51/350 | 09:59:59
[TRAIN] Step 51 | Loss=0.658912 | Best makespan in group=381.00
[TRAIN] Step 52/350 | 10:00:34
[TRAIN] Step 52 | Loss=0.555360 | Best makespan in group=434.00
[TRAIN] Step 53/350 | 10:01:06
[TRAIN] Step 53 | Loss=0.698005 | Best makespan in group=329.00
[TRAIN] Step 54/350 | 10:01:44
[TRAIN] Step 54 | Loss=0.586613 | Best makespan in group=336.00
[TRAIN] Step 55/350 | 10:02:14
[TRAIN] Step 55 | Loss=0.622207 | Best makespan in group=453.00
[TRAIN] Step 56/350 | 10:02:46
[TRAIN] Step 56 | Loss=0.611024 | Best makespan in group=583.00
[TRAIN] Step 57/350 | 10:03:21
[TRAIN] Step 57 | Loss=0.662549 | Best makespan in group=383.00
[TRAIN] Step 58/350 | 10:03:51
[TRAIN] Step 58 | Loss=0.756239 | Best makespan in group=372.00
[TRAIN] Step 59/350 | 10:04:26
[TRAIN] Step 59 | Loss=0.601261 | Best makespan in group=507.00
[TRAIN] Step 60/350 | 10:05:03
[TRAIN] Step 60 | Loss=0.657403 | Best makespan in group=416.00
[TRAIN] Step 61/350 | 10:05:35
[TRAIN] Step 61 | Loss=0.826508 | Best makespan in group=258.00
[TRAIN] Step 62/350 | 10:06:09
[TRAIN] Step 62 | Loss=0.686676 | Best makespan in group=417.00
[TRAIN] Step 63/350 | 10:06:41
[TRAIN] Step 63 | Loss=0.623944 | Best makespan in group=425.00
[TRAIN] Step 64/350 | 10:07:14
[TRAIN] Step 64 | Loss=0.686343 | Best makespan in group=413.00
[TRAIN] Step 65/350 | 10:07:47
[TRAIN] Step 65 | Loss=0.485516 | Best makespan in group=394.00
[TRAIN] Step 66/350 | 10:08:22
[TRAIN] Step 66 | Loss=0.615529 | Best makespan in group=313.00
[TRAIN] Step 67/350 | 10:08:54
[TRAIN] Step 67 | Loss=0.861521 | Best makespan in group=327.00
[TRAIN] Step 68/350 | 10:09:26
[TRAIN] Step 68 | Loss=0.747566 | Best makespan in group=480.00
[TRAIN] Step 69/350 | 10:09:55
[TRAIN] Step 69 | Loss=0.690387 | Best makespan in group=422.00
[TRAIN] Step 70/350 | 10:10:31
[TRAIN] Step 70 | Loss=0.503904 | Best makespan in group=402.00
[TRAIN] Step 71/350 | 10:11:06
[TRAIN] Step 71 | Loss=0.622057 | Best makespan in group=316.00
[TRAIN] Step 72/350 | 10:11:41
[TRAIN] Step 72 | Loss=0.682747 | Best makespan in group=370.00
[TRAIN] Step 73/350 | 10:12:12
[TRAIN] Step 73 | Loss=0.895128 | Best makespan in group=353.00
[TRAIN] Step 74/350 | 10:12:46
[TRAIN] Step 74 | Loss=0.595533 | Best makespan in group=426.00
[TRAIN] Step 75/350 | 10:13:18
[TRAIN] Step 75 | Loss=0.733139 | Best makespan in group=390.00
[TRAIN][VAL][ep 75] avg_gap=0.2509 | std_gap=0.0927 | q80_gap=0.3252 | n=20
[TRAIN] Validation improved | smoothed_avg_gap=0.2772 (raw=0.2509) | saving candidate: 247075350548361.pth
[TRAIN] Step 76/350 | 10:14:27
[TRAIN] Step 76 | Loss=0.627244 | Best makespan in group=323.00
[TRAIN] Step 77/350 | 10:15:05
[TRAIN] Step 77 | Loss=0.572533 | Best makespan in group=475.00
[TRAIN] Step 78/350 | 10:15:39
[TRAIN] Step 78 | Loss=0.699733 | Best makespan in group=359.00
[TRAIN] Step 79/350 | 10:16:09
[TRAIN] Step 79 | Loss=0.540653 | Best makespan in group=381.00
[TRAIN] Step 80/350 | 10:16:43
[TRAIN] Step 80 | Loss=0.612287 | Best makespan in group=489.00
[TRAIN] Step 81/350 | 10:17:18
[TRAIN] Step 81 | Loss=0.619754 | Best makespan in group=402.00
[TRAIN] Step 82/350 | 10:17:50
[TRAIN] Step 82 | Loss=0.730480 | Best makespan in group=377.00
[TRAIN] Step 83/350 | 10:18:25
[TRAIN] Step 83 | Loss=0.866247 | Best makespan in group=582.00
[TRAIN] Step 84/350 | 10:19:01
[TRAIN] Step 84 | Loss=0.622212 | Best makespan in group=404.00
[TRAIN] Step 85/350 | 10:19:36
[TRAIN] Step 85 | Loss=0.527468 | Best makespan in group=354.00
[TRAIN] Step 86/350 | 10:20:06
[TRAIN] Step 86 | Loss=0.669657 | Best makespan in group=440.00
[TRAIN] Step 87/350 | 10:20:35
[TRAIN] Step 87 | Loss=0.829262 | Best makespan in group=480.00
[TRAIN] Step 88/350 | 10:21:11
[TRAIN] Step 88 | Loss=0.592488 | Best makespan in group=356.00
[TRAIN] Step 89/350 | 10:21:40
[TRAIN] Step 89 | Loss=0.654651 | Best makespan in group=377.00
[TRAIN] Step 90/350 | 10:22:10
[TRAIN] Step 90 | Loss=0.640282 | Best makespan in group=357.00
[TRAIN] Step 91/350 | 10:22:47
[TRAIN] Step 91 | Loss=0.542114 | Best makespan in group=312.00
[TRAIN] Step 92/350 | 10:23:25
[TRAIN] Step 92 | Loss=0.664530 | Best makespan in group=425.00
[TRAIN] Step 93/350 | 10:23:56
[TRAIN] Step 93 | Loss=0.714188 | Best makespan in group=315.00
[TRAIN] Step 94/350 | 10:24:30
[TRAIN] Step 94 | Loss=0.621219 | Best makespan in group=345.00
[TRAIN] Step 95/350 | 10:25:04
[TRAIN] Step 95 | Loss=0.749299 | Best makespan in group=247.00
[TRAIN] Step 96/350 | 10:25:39
[TRAIN] Step 96 | Loss=0.653882 | Best makespan in group=401.00
[TRAIN] Step 97/350 | 10:26:07
[TRAIN] Step 97 | Loss=0.666572 | Best makespan in group=409.00
[TRAIN] Step 98/350 | 10:26:42
[TRAIN] Step 98 | Loss=0.618666 | Best makespan in group=338.00
[TRAIN] Step 99/350 | 10:27:11
[TRAIN] Step 99 | Loss=0.679845 | Best makespan in group=481.00
[TRAIN] Step 100/350 | 10:27:41
[TRAIN] Step 100 | Loss=0.839239 | Best makespan in group=419.00
[TRAIN][VAL][ep 100] avg_gap=0.2392 | std_gap=0.0923 | q80_gap=0.3201 | n=20
[TRAIN] Validation improved | smoothed_avg_gap=0.2467 (raw=0.2392) | saving candidate: 134957754750993.pth
[TRAIN] Step 101/350 | 10:28:46
[TRAIN] Step 101 | Loss=0.581796 | Best makespan in group=389.00
[TRAIN] Step 102/350 | 10:29:21
[TRAIN] Step 102 | Loss=0.767774 | Best makespan in group=319.00
[TRAIN] Step 103/350 | 10:29:53
[TRAIN] Step 103 | Loss=0.514272 | Best makespan in group=389.00
[TRAIN] Step 104/350 | 10:30:22
[TRAIN] Step 104 | Loss=0.594539 | Best makespan in group=357.00
[TRAIN] Step 105/350 | 10:30:56
[TRAIN] Step 105 | Loss=0.629018 | Best makespan in group=385.00
[TRAIN] Step 106/350 | 10:31:31
[TRAIN] Step 106 | Loss=0.752190 | Best makespan in group=497.00
[TRAIN] Step 107/350 | 10:32:06
[TRAIN] Step 107 | Loss=0.586850 | Best makespan in group=371.00
[TRAIN] Step 108/350 | 10:32:40
[TRAIN] Step 108 | Loss=0.806365 | Best makespan in group=404.00
[TRAIN] Step 109/350 | 10:33:11
[TRAIN] Step 109 | Loss=0.722256 | Best makespan in group=318.00
[TRAIN] Step 110/350 | 10:33:44
[TRAIN] Step 110 | Loss=0.832498 | Best makespan in group=411.00
[TRAIN] Step 111/350 | 10:34:21
[TRAIN] Step 111 | Loss=0.710475 | Best makespan in group=558.00
[TRAIN] Step 112/350 | 10:34:56
[TRAIN] Step 112 | Loss=0.729312 | Best makespan in group=356.00
[TRAIN] Step 113/350 | 10:35:34
[TRAIN] Step 113 | Loss=0.761707 | Best makespan in group=418.00
[TRAIN] Step 114/350 | 10:36:08
[TRAIN] Step 114 | Loss=0.604842 | Best makespan in group=419.00
[TRAIN] Step 115/350 | 10:36:44
[TRAIN] Step 115 | Loss=0.785800 | Best makespan in group=537.00
[TRAIN] Step 116/350 | 10:37:19
[TRAIN] Step 116 | Loss=0.767266 | Best makespan in group=465.00
[TRAIN] Step 117/350 | 10:37:54
[TRAIN] Step 117 | Loss=0.721430 | Best makespan in group=391.00
[TRAIN] Step 118/350 | 10:38:28
[TRAIN] Step 118 | Loss=0.581472 | Best makespan in group=427.00
[TRAIN] Step 119/350 | 10:39:04
[TRAIN] Step 119 | Loss=0.733361 | Best makespan in group=371.00
[TRAIN] Step 120/350 | 10:39:36
[TRAIN] Step 120 | Loss=0.619680 | Best makespan in group=374.00
[TRAIN] Step 121/350 | 10:40:07
[TRAIN] Step 121 | Loss=0.826278 | Best makespan in group=402.00
[TRAIN] Step 122/350 | 10:40:41
[TRAIN] Step 122 | Loss=0.623586 | Best makespan in group=369.00
[TRAIN] Step 123/350 | 10:41:17
[TRAIN] Step 123 | Loss=0.811446 | Best makespan in group=475.00
[TRAIN] Step 124/350 | 10:41:47
[TRAIN] Step 124 | Loss=0.774858 | Best makespan in group=340.00
[TRAIN] Step 125/350 | 10:42:20
[TRAIN] Step 125 | Loss=0.845212 | Best makespan in group=398.00
[TRAIN][VAL][ep 125] avg_gap=0.2382 | std_gap=0.0915 | q80_gap=0.3045 | n=20
[TRAIN] Validation improved | smoothed_avg_gap=0.2428 (raw=0.2382) | saving candidate: 358758334966786.pth
[TRAIN] Step 126/350 | 10:43:26
[TRAIN] Step 126 | Loss=0.698134 | Best makespan in group=365.00
[TRAIN] Step 127/350 | 10:44:07
[TRAIN] Step 127 | Loss=0.641109 | Best makespan in group=522.00
[TRAIN] Step 128/350 | 10:44:43
[TRAIN] Step 128 | Loss=0.703215 | Best makespan in group=422.00
[TRAIN] Step 129/350 | 10:45:18
[TRAIN] Step 129 | Loss=0.607272 | Best makespan in group=530.00
[TRAIN] Step 130/350 | 10:45:53
[TRAIN] Step 130 | Loss=0.630972 | Best makespan in group=365.00
[TRAIN] Step 131/350 | 10:46:28
[TRAIN] Step 131 | Loss=0.715974 | Best makespan in group=385.00
[TRAIN] Step 132/350 | 10:47:05
[TRAIN] Step 132 | Loss=0.748744 | Best makespan in group=370.00
[TRAIN] Step 133/350 | 10:47:38
[TRAIN] Step 133 | Loss=0.697245 | Best makespan in group=422.00
[TRAIN] Step 134/350 | 10:48:11
[TRAIN] Step 134 | Loss=0.599138 | Best makespan in group=315.00
[TRAIN] Step 135/350 | 10:48:47
[TRAIN] Step 135 | Loss=0.643072 | Best makespan in group=308.00
[TRAIN] Step 136/350 | 10:49:26
[TRAIN] Step 136 | Loss=0.710649 | Best makespan in group=428.00
[TRAIN] Step 137/350 | 10:50:03
[TRAIN] Step 137 | Loss=0.755782 | Best makespan in group=428.00
[TRAIN] Step 138/350 | 10:50:33
[TRAIN] Step 138 | Loss=0.532943 | Best makespan in group=353.00
[TRAIN] Step 139/350 | 10:51:03
[TRAIN] Step 139 | Loss=0.625761 | Best makespan in group=395.00
[TRAIN] Step 140/350 | 10:51:36
[TRAIN] Step 140 | Loss=0.679132 | Best makespan in group=329.00
[TRAIN] Step 141/350 | 10:52:08
[TRAIN] Step 141 | Loss=0.775608 | Best makespan in group=395.00
[TRAIN] Step 142/350 | 10:52:45
[TRAIN] Step 142 | Loss=0.661450 | Best makespan in group=359.00
[TRAIN] Step 143/350 | 10:53:19
[TRAIN] Step 143 | Loss=0.856091 | Best makespan in group=378.00
[TRAIN] Step 144/350 | 10:53:48
[TRAIN] Step 144 | Loss=0.741381 | Best makespan in group=314.00
[TRAIN] Step 145/350 | 10:54:21
[TRAIN] Step 145 | Loss=0.527172 | Best makespan in group=407.00
[TRAIN] Step 146/350 | 10:54:56
[TRAIN] Step 146 | Loss=0.774607 | Best makespan in group=478.00
[TRAIN] Step 147/350 | 10:55:31
[TRAIN] Step 147 | Loss=0.630535 | Best makespan in group=263.00
[TRAIN] Step 148/350 | 10:56:04
[TRAIN] Step 148 | Loss=0.702294 | Best makespan in group=505.00
[TRAIN] Step 149/350 | 10:56:40
[TRAIN] Step 149 | Loss=0.509457 | Best makespan in group=354.00
[TRAIN] Step 150/350 | 10:57:09
[TRAIN] Step 150 | Loss=0.642684 | Best makespan in group=432.00
[TRAIN][VAL][ep 150] avg_gap=0.1942 | std_gap=0.0930 | q80_gap=0.2714 | n=20
[TRAIN] Validation improved | smoothed_avg_gap=0.2239 (raw=0.1942) | saving candidate: 85234410494180.pth
[TRAIN] Step 151/350 | 10:58:16
[TRAIN] Step 151 | Loss=0.661777 | Best makespan in group=476.00
[TRAIN] Step 152/350 | 10:58:51
[TRAIN] Step 152 | Loss=0.683018 | Best makespan in group=305.00
[TRAIN] Step 153/350 | 10:59:30
[TRAIN] Step 153 | Loss=0.689757 | Best makespan in group=407.00
[TRAIN] Step 154/350 | 11:00:04
[TRAIN] Step 154 | Loss=0.624643 | Best makespan in group=389.00
[TRAIN] Step 155/350 | 11:00:42
[TRAIN] Step 155 | Loss=0.659319 | Best makespan in group=354.00
[TRAIN] Step 156/350 | 11:01:12
[TRAIN] Step 156 | Loss=0.602719 | Best makespan in group=418.00
[TRAIN] Step 157/350 | 11:01:47
[TRAIN] Step 157 | Loss=0.660090 | Best makespan in group=397.00
[TRAIN] Step 158/350 | 11:02:17
[TRAIN] Step 158 | Loss=0.791377 | Best makespan in group=400.00
[TRAIN] Step 159/350 | 11:02:52
[TRAIN] Step 159 | Loss=0.750841 | Best makespan in group=347.00
[TRAIN] Step 160/350 | 11:03:23
[TRAIN] Step 160 | Loss=0.587929 | Best makespan in group=313.00
[TRAIN] Step 161/350 | 11:03:56
[TRAIN] Step 161 | Loss=0.579013 | Best makespan in group=367.00
[TRAIN] Step 162/350 | 11:04:28
[TRAIN] Step 162 | Loss=0.949010 | Best makespan in group=517.00
[TRAIN] Step 163/350 | 11:05:04
[TRAIN] Step 163 | Loss=0.609125 | Best makespan in group=261.00
[TRAIN] Step 164/350 | 11:05:38
[TRAIN] Step 164 | Loss=0.728824 | Best makespan in group=349.00
[TRAIN] Step 165/350 | 11:06:13
[TRAIN] Step 165 | Loss=0.679435 | Best makespan in group=500.00
[TRAIN] Step 166/350 | 11:06:50
[TRAIN] Step 166 | Loss=0.728290 | Best makespan in group=362.00
[TRAIN] Step 167/350 | 11:07:29
[TRAIN] Step 167 | Loss=0.602350 | Best makespan in group=480.00
[TRAIN] Step 168/350 | 11:08:00
[TRAIN] Step 168 | Loss=0.579731 | Best makespan in group=323.00
[TRAIN] Step 169/350 | 11:08:32
[TRAIN] Step 169 | Loss=0.574869 | Best makespan in group=405.00
[TRAIN] Step 170/350 | 11:09:09
[TRAIN] Step 170 | Loss=0.574478 | Best makespan in group=564.00
[TRAIN] Step 171/350 | 11:09:46
[TRAIN] Step 171 | Loss=0.731998 | Best makespan in group=433.00
[TRAIN] Step 172/350 | 11:10:20
[TRAIN] Step 172 | Loss=0.479430 | Best makespan in group=375.00
[TRAIN] Step 173/350 | 11:10:57
[TRAIN] Step 173 | Loss=0.577513 | Best makespan in group=359.00
[TRAIN] Step 174/350 | 11:11:32
[TRAIN] Step 174 | Loss=0.707893 | Best makespan in group=309.00
[TRAIN] Step 175/350 | 11:12:08
[TRAIN] Step 175 | Loss=0.586964 | Best makespan in group=341.00
[TRAIN][VAL][ep 175] avg_gap=0.1767 | std_gap=0.0683 | q80_gap=0.2331 | n=20
[TRAIN] Validation improved | smoothed_avg_gap=0.2030 (raw=0.1767) | saving candidate: 193427203311622.pth
[TRAIN] Step 176/350 | 11:13:13
[TRAIN] Step 176 | Loss=0.583041 | Best makespan in group=393.00
[TRAIN] Step 177/350 | 11:13:46
[TRAIN] Step 177 | Loss=0.641649 | Best makespan in group=341.00
[TRAIN] Step 178/350 | 11:14:20
[TRAIN] Step 178 | Loss=0.628457 | Best makespan in group=416.00
[TRAIN] Step 179/350 | 11:14:59
[TRAIN] Step 179 | Loss=0.727257 | Best makespan in group=396.00
[TRAIN] Step 180/350 | 11:15:28
[TRAIN] Step 180 | Loss=0.687662 | Best makespan in group=396.00
[TRAIN] Step 181/350 | 11:16:00
[TRAIN] Step 181 | Loss=0.538881 | Best makespan in group=496.00
[TRAIN] Step 182/350 | 11:16:31
[TRAIN] Step 182 | Loss=0.654705 | Best makespan in group=312.00
[TRAIN] Step 183/350 | 11:17:04
[TRAIN] Step 183 | Loss=0.591358 | Best makespan in group=405.00
[TRAIN] Step 184/350 | 11:17:36
[TRAIN] Step 184 | Loss=0.587659 | Best makespan in group=351.00
[TRAIN] Step 185/350 | 11:18:13
[TRAIN] Step 185 | Loss=0.678937 | Best makespan in group=397.00
[TRAIN] Step 186/350 | 11:18:45
[TRAIN] Step 186 | Loss=0.552041 | Best makespan in group=359.00
[TRAIN] Step 187/350 | 11:19:20
[TRAIN] Step 187 | Loss=0.578550 | Best makespan in group=424.00
[TRAIN] Step 188/350 | 11:19:55
[TRAIN] Step 188 | Loss=0.541024 | Best makespan in group=429.00
[TRAIN] Step 189/350 | 11:20:29
[TRAIN] Step 189 | Loss=0.718086 | Best makespan in group=415.00
[TRAIN] Step 190/350 | 11:21:01
[TRAIN] Step 190 | Loss=0.808895 | Best makespan in group=377.00
[TRAIN] Step 191/350 | 11:21:30
[TRAIN] Step 191 | Loss=0.587525 | Best makespan in group=505.00
[TRAIN] Step 192/350 | 11:22:04
[TRAIN] Step 192 | Loss=0.449065 | Best makespan in group=347.00
[TRAIN] Step 193/350 | 11:22:33
[TRAIN] Step 193 | Loss=0.552279 | Best makespan in group=255.00
[TRAIN] Step 194/350 | 11:23:06
[TRAIN] Step 194 | Loss=0.486541 | Best makespan in group=367.00
[TRAIN] Step 195/350 | 11:23:36
[TRAIN] Step 195 | Loss=0.645543 | Best makespan in group=428.00
[TRAIN] Step 196/350 | 11:24:06
[TRAIN] Step 196 | Loss=0.553056 | Best makespan in group=473.00
[TRAIN] Step 197/350 | 11:24:40
[TRAIN] Step 197 | Loss=0.650761 | Best makespan in group=354.00
[TRAIN] Step 198/350 | 11:25:13
[TRAIN] Step 198 | Loss=0.772536 | Best makespan in group=325.00
[TRAIN] Step 199/350 | 11:25:45
[TRAIN] Step 199 | Loss=0.629840 | Best makespan in group=378.00
[TRAIN] Step 200/350 | 11:26:21
[TRAIN] Step 200 | Loss=0.578888 | Best makespan in group=493.00
[TRAIN] Refreshing training instances (step 200)...
[TRAIN][VAL][ep 200] avg_gap=0.1877 | std_gap=0.0852 | q80_gap=0.2721 | n=20
[TRAIN] Validation improved | smoothed_avg_gap=0.1862 (raw=0.1877) | saving candidate: 648425745520053.pth
[TRAIN] Step 201/350 | 11:27:29
[TRAIN] Step 201 | Loss=0.542919 | Best makespan in group=448.00
[TRAIN] Step 202/350 | 11:28:03
[TRAIN] Step 202 | Loss=0.511415 | Best makespan in group=363.00
[TRAIN] Step 203/350 | 11:28:35
[TRAIN] Step 203 | Loss=0.532324 | Best makespan in group=477.00
[TRAIN] Step 204/350 | 11:29:09
[TRAIN] Step 204 | Loss=0.699703 | Best makespan in group=457.00
[TRAIN] Step 205/350 | 11:29:43
[TRAIN] Step 205 | Loss=0.661197 | Best makespan in group=359.00
[TRAIN] Step 206/350 | 11:30:17
[TRAIN] Step 206 | Loss=0.761886 | Best makespan in group=422.00
[TRAIN] Step 207/350 | 11:30:52
[TRAIN] Step 207 | Loss=0.705453 | Best makespan in group=584.00
[TRAIN] Step 208/350 | 11:31:26
[TRAIN] Step 208 | Loss=0.576486 | Best makespan in group=375.00
[TRAIN] Step 209/350 | 11:32:03
[TRAIN] Step 209 | Loss=0.740362 | Best makespan in group=394.00
[TRAIN] Step 210/350 | 11:32:37
[TRAIN] Step 210 | Loss=0.678848 | Best makespan in group=358.00
[TRAIN] Step 211/350 | 11:33:13
[TRAIN] Step 211 | Loss=0.582794 | Best makespan in group=384.00
[TRAIN] Step 212/350 | 11:33:52
[TRAIN] Step 212 | Loss=0.783811 | Best makespan in group=363.00
[TRAIN] Step 213/350 | 11:34:25
[TRAIN] Step 213 | Loss=0.484918 | Best makespan in group=395.00
[TRAIN] Step 214/350 | 11:35:03
[TRAIN] Step 214 | Loss=0.628076 | Best makespan in group=384.00
[TRAIN] Step 215/350 | 11:35:44
[TRAIN] Step 215 | Loss=0.631571 | Best makespan in group=467.00
[TRAIN] Step 216/350 | 11:36:17
[TRAIN] Step 216 | Loss=0.726640 | Best makespan in group=386.00
[TRAIN] Step 217/350 | 11:36:49
[TRAIN] Step 217 | Loss=0.460805 | Best makespan in group=402.00
[TRAIN] Step 218/350 | 11:37:26
[TRAIN] Step 218 | Loss=0.579811 | Best makespan in group=311.00
[TRAIN] Step 219/350 | 11:38:04
[TRAIN] Step 219 | Loss=0.684316 | Best makespan in group=405.00
[TRAIN] Step 220/350 | 11:38:38
[TRAIN] Step 220 | Loss=0.716202 | Best makespan in group=378.00
[TRAIN] Step 221/350 | 11:39:10
[TRAIN] Step 221 | Loss=0.570308 | Best makespan in group=368.00
[TRAIN] Step 222/350 | 11:39:44
[TRAIN] Step 222 | Loss=0.638512 | Best makespan in group=384.00
[TRAIN] Step 223/350 | 11:40:22
[TRAIN] Step 223 | Loss=0.736968 | Best makespan in group=322.00
[TRAIN] Step 224/350 | 11:40:59
[TRAIN] Step 224 | Loss=0.637794 | Best makespan in group=462.00
[TRAIN] Step 225/350 | 11:41:30
[TRAIN] Step 225 | Loss=0.712035 | Best makespan in group=468.00
[TRAIN][VAL][ep 225] avg_gap=0.1819 | std_gap=0.0821 | q80_gap=0.2390 | n=20
[TRAIN] Validation improved | smoothed_avg_gap=0.1821 (raw=0.1819) | saving candidate: 296513741905714.pth
[TRAIN] Step 226/350 | 11:42:33
[TRAIN] Step 226 | Loss=0.588383 | Best makespan in group=418.00
[TRAIN] Step 227/350 | 11:43:08
[TRAIN] Step 227 | Loss=0.708878 | Best makespan in group=363.00
[TRAIN] Step 228/350 | 11:43:39
[TRAIN] Step 228 | Loss=0.623840 | Best makespan in group=366.00
[TRAIN] Step 229/350 | 11:44:13
[TRAIN] Step 229 | Loss=0.472943 | Best makespan in group=439.00
[TRAIN] Step 230/350 | 11:44:52
[TRAIN] Step 230 | Loss=0.719200 | Best makespan in group=389.00
[TRAIN] Step 231/350 | 11:45:29
[TRAIN] Step 231 | Loss=0.708220 | Best makespan in group=334.00
[TRAIN] Step 232/350 | 11:46:06
[TRAIN] Step 232 | Loss=0.511595 | Best makespan in group=402.00
[TRAIN] Step 233/350 | 11:46:43
[TRAIN] Step 233 | Loss=0.583973 | Best makespan in group=424.00
[TRAIN] Step 234/350 | 11:47:22
[TRAIN] Step 234 | Loss=0.562209 | Best makespan in group=390.00
[TRAIN] Step 235/350 | 11:47:54
[TRAIN] Step 235 | Loss=0.513915 | Best makespan in group=372.00
[TRAIN] Step 236/350 | 11:48:29
[TRAIN] Step 236 | Loss=0.496159 | Best makespan in group=367.00
[TRAIN] Step 237/350 | 11:49:03
[TRAIN] Step 237 | Loss=0.614914 | Best makespan in group=354.00
[TRAIN] Step 238/350 | 11:49:32
[TRAIN] Step 238 | Loss=0.671902 | Best makespan in group=358.00
[TRAIN] Step 239/350 | 11:50:02
[TRAIN] Step 239 | Loss=0.540897 | Best makespan in group=376.00
[TRAIN] Step 240/350 | 11:50:37
[TRAIN] Step 240 | Loss=0.725681 | Best makespan in group=389.00
[TRAIN] Step 241/350 | 11:51:14
[TRAIN] Step 241 | Loss=0.692277 | Best makespan in group=428.00
[TRAIN] Step 242/350 | 11:51:50
[TRAIN] Step 242 | Loss=0.676142 | Best makespan in group=390.00
[TRAIN] Step 243/350 | 11:52:27
[TRAIN] Step 243 | Loss=0.624764 | Best makespan in group=448.00
[TRAIN] Step 244/350 | 11:53:00
[TRAIN] Step 244 | Loss=0.747121 | Best makespan in group=382.00
[TRAIN] Step 245/350 | 11:53:38
[TRAIN] Step 245 | Loss=0.657748 | Best makespan in group=415.00
[TRAIN] Step 246/350 | 11:54:12
[TRAIN] Step 246 | Loss=0.829549 | Best makespan in group=567.00
[TRAIN] Step 247/350 | 11:54:46
[TRAIN] Step 247 | Loss=0.620204 | Best makespan in group=452.00
[TRAIN] Step 248/350 | 11:55:19
[TRAIN] Step 248 | Loss=0.569467 | Best makespan in group=305.00
[TRAIN] Step 249/350 | 11:55:56
[TRAIN] Step 249 | Loss=0.565184 | Best makespan in group=467.00
[TRAIN] Step 250/350 | 11:56:25
[TRAIN] Step 250 | Loss=0.667589 | Best makespan in group=383.00
[TRAIN][VAL][ep 250] avg_gap=0.1704 | std_gap=0.0796 | q80_gap=0.2385 | n=20
[TRAIN] Validation improved | smoothed_avg_gap=0.1800 (raw=0.1704) | saving candidate: 110888805314672.pth
[TRAIN] Step 251/350 | 11:57:30
[TRAIN] Step 251 | Loss=0.589164 | Best makespan in group=458.00
[TRAIN] Step 252/350 | 11:58:03
[TRAIN] Step 252 | Loss=0.778044 | Best makespan in group=467.00
[TRAIN] Step 253/350 | 11:58:34
[TRAIN] Step 253 | Loss=0.556643 | Best makespan in group=360.00
[TRAIN] Step 254/350 | 11:59:06
[TRAIN] Step 254 | Loss=0.756267 | Best makespan in group=371.00
[TRAIN] Step 255/350 | 11:59:37
[TRAIN] Step 255 | Loss=0.663506 | Best makespan in group=382.00
[TRAIN] Step 256/350 | 12:00:11
[TRAIN] Step 256 | Loss=0.623192 | Best makespan in group=374.00
[TRAIN] Step 257/350 | 12:00:44
[TRAIN] Step 257 | Loss=0.607901 | Best makespan in group=363.00
[TRAIN] Step 258/350 | 12:01:21
[TRAIN] Step 258 | Loss=0.519759 | Best makespan in group=468.00
[TRAIN] Step 259/350 | 12:01:53
[TRAIN] Step 259 | Loss=0.487503 | Best makespan in group=366.00
[TRAIN] Step 260/350 | 12:02:26
[TRAIN] Step 260 | Loss=0.644220 | Best makespan in group=419.00
[TRAIN] Step 261/350 | 12:03:01
[TRAIN] Step 261 | Loss=0.744842 | Best makespan in group=442.00
[TRAIN] Step 262/350 | 12:03:37
[TRAIN] Step 262 | Loss=0.530252 | Best makespan in group=393.00
[TRAIN] Step 263/350 | 12:04:11
[TRAIN] Step 263 | Loss=0.641133 | Best makespan in group=385.00
[TRAIN] Step 264/350 | 12:04:44
[TRAIN] Step 264 | Loss=0.650787 | Best makespan in group=365.00
[TRAIN] Step 265/350 | 12:05:18
[TRAIN] Step 265 | Loss=0.677021 | Best makespan in group=368.00
[TRAIN] Step 266/350 | 12:05:56
[TRAIN] Step 266 | Loss=0.878428 | Best makespan in group=428.00
[TRAIN] Step 267/350 | 12:06:34
[TRAIN] Step 267 | Loss=0.572841 | Best makespan in group=457.00
[TRAIN] Step 268/350 | 12:07:03
[TRAIN] Step 268 | Loss=0.538936 | Best makespan in group=413.00
[TRAIN] Step 269/350 | 12:07:36
[TRAIN] Step 269 | Loss=0.822241 | Best makespan in group=560.00
[TRAIN] Step 270/350 | 12:08:10
[TRAIN] Step 270 | Loss=0.552088 | Best makespan in group=355.00
[TRAIN] Step 271/350 | 12:08:39
[TRAIN] Step 271 | Loss=0.705668 | Best makespan in group=420.00
[TRAIN] Step 272/350 | 12:09:14
[TRAIN] Step 272 | Loss=0.774211 | Best makespan in group=367.00
[TRAIN] Step 273/350 | 12:09:47
[TRAIN] Step 273 | Loss=0.750146 | Best makespan in group=386.00
[TRAIN] Step 274/350 | 12:10:23
[TRAIN] Step 274 | Loss=0.514845 | Best makespan in group=360.00
[TRAIN] Step 275/350 | 12:10:55
[TRAIN] Step 275 | Loss=0.553318 | Best makespan in group=349.00
[TRAIN][VAL][ep 275] avg_gap=0.1725 | std_gap=0.0898 | q80_gap=0.2215 | n=20
[TRAIN] Validation improved | smoothed_avg_gap=0.1749 (raw=0.1725) | saving candidate: 139518432366741.pth
[TRAIN] Step 276/350 | 12:11:57
[TRAIN] Step 276 | Loss=0.569922 | Best makespan in group=356.00
[TRAIN] Step 277/350 | 12:12:27
[TRAIN] Step 277 | Loss=0.611026 | Best makespan in group=385.00
[TRAIN] Step 278/350 | 12:13:00
[TRAIN] Step 278 | Loss=0.506924 | Best makespan in group=471.00
[TRAIN] Step 279/350 | 12:13:32
[TRAIN] Step 279 | Loss=0.683673 | Best makespan in group=338.00
[TRAIN] Step 280/350 | 12:14:08
[TRAIN] Step 280 | Loss=0.583457 | Best makespan in group=457.00
[TRAIN] Step 281/350 | 12:14:39
[TRAIN] Step 281 | Loss=0.839243 | Best makespan in group=369.00
[TRAIN] Step 282/350 | 12:15:09
[TRAIN] Step 282 | Loss=0.896596 | Best makespan in group=451.00
[TRAIN] Step 283/350 | 12:15:42
[TRAIN] Step 283 | Loss=0.530371 | Best makespan in group=411.00
[TRAIN] Step 284/350 | 12:16:17
[TRAIN] Step 284 | Loss=0.697186 | Best makespan in group=317.00
[TRAIN] Step 285/350 | 12:16:53
[TRAIN] Step 285 | Loss=0.656239 | Best makespan in group=486.00
[TRAIN] Step 286/350 | 12:17:25
[TRAIN] Step 286 | Loss=0.597342 | Best makespan in group=383.00
[TRAIN] Step 287/350 | 12:18:01
[TRAIN] Step 287 | Loss=0.710807 | Best makespan in group=394.00
[TRAIN] Step 288/350 | 12:18:32
[TRAIN] Step 288 | Loss=0.578686 | Best makespan in group=372.00
[TRAIN] Step 289/350 | 12:19:06
[TRAIN] Step 289 | Loss=0.558799 | Best makespan in group=388.00
[TRAIN] Step 290/350 | 12:19:42
[TRAIN] Step 290 | Loss=0.663586 | Best makespan in group=377.00
[TRAIN] Step 291/350 | 12:20:19
[TRAIN] Step 291 | Loss=0.580837 | Best makespan in group=381.00
[TRAIN] Step 292/350 | 12:20:54
[TRAIN] Step 292 | Loss=0.800987 | Best makespan in group=394.00
[TRAIN] Step 293/350 | 12:21:27
[TRAIN] Step 293 | Loss=0.764406 | Best makespan in group=351.00
[TRAIN] Step 294/350 | 12:21:59
[TRAIN] Step 294 | Loss=0.652545 | Best makespan in group=360.00
[TRAIN] Step 295/350 | 12:22:27
[TRAIN] Step 295 | Loss=0.567144 | Best makespan in group=442.00
[TRAIN] Step 296/350 | 12:23:01
[TRAIN] Step 296 | Loss=0.627385 | Best makespan in group=378.00
[TRAIN] Step 297/350 | 12:23:34
[TRAIN] Step 297 | Loss=0.703194 | Best makespan in group=366.00
[TRAIN] Step 298/350 | 12:24:07
[TRAIN] Step 298 | Loss=0.763662 | Best makespan in group=499.00
[TRAIN] Step 299/350 | 12:24:39
[TRAIN] Step 299 | Loss=0.478007 | Best makespan in group=391.00
[TRAIN] Step 300/350 | 12:25:10
[TRAIN] Step 300 | Loss=0.827481 | Best makespan in group=447.00
[TRAIN][VAL][ep 300] avg_gap=0.1748 | std_gap=0.0766 | q80_gap=0.2312 | n=20
[TRAIN] Validation improved | smoothed_avg_gap=0.1726 (raw=0.1748) | saving candidate: 415574885060126.pth
[TRAIN] Step 301/350 | 12:26:16
[TRAIN] Step 301 | Loss=0.620662 | Best makespan in group=414.00
[TRAIN] Step 302/350 | 12:26:53
[TRAIN] Step 302 | Loss=0.664618 | Best makespan in group=355.00
[TRAIN] Step 303/350 | 12:27:23
[TRAIN] Step 303 | Loss=0.849575 | Best makespan in group=422.00
[TRAIN] Step 304/350 | 12:27:59
[TRAIN] Step 304 | Loss=0.698377 | Best makespan in group=451.00
[TRAIN] Step 305/350 | 12:28:31
[TRAIN] Step 305 | Loss=0.685296 | Best makespan in group=572.00
[TRAIN] Step 306/350 | 12:29:05
[TRAIN] Step 306 | Loss=0.691587 | Best makespan in group=409.00
[TRAIN] Step 307/350 | 12:29:40
[TRAIN] Step 307 | Loss=0.548600 | Best makespan in group=379.00
[TRAIN] Step 308/350 | 12:30:14
[TRAIN] Step 308 | Loss=0.603653 | Best makespan in group=376.00
[TRAIN] Step 309/350 | 12:30:52
[TRAIN] Step 309 | Loss=0.644399 | Best makespan in group=372.00
[TRAIN] Step 310/350 | 12:31:26
[TRAIN] Step 310 | Loss=0.590315 | Best makespan in group=374.00
[TRAIN] Step 311/350 | 12:31:57
[TRAIN] Step 311 | Loss=0.610541 | Best makespan in group=407.00
[TRAIN] Step 312/350 | 12:32:29
[TRAIN] Step 312 | Loss=0.767377 | Best makespan in group=356.00
[TRAIN] Step 313/350 | 12:32:58
[TRAIN] Step 313 | Loss=0.719698 | Best makespan in group=466.00
[TRAIN] Step 314/350 | 12:33:31
[TRAIN] Step 314 | Loss=0.737041 | Best makespan in group=389.00
[TRAIN] Step 315/350 | 12:34:08
[TRAIN] Step 315 | Loss=0.602844 | Best makespan in group=361.00
[TRAIN] Step 316/350 | 12:34:45
[TRAIN] Step 316 | Loss=0.639067 | Best makespan in group=325.00
[TRAIN] Step 317/350 | 12:35:20
[TRAIN] Step 317 | Loss=0.515177 | Best makespan in group=304.00
[TRAIN] Step 318/350 | 12:35:57
[TRAIN] Step 318 | Loss=0.668351 | Best makespan in group=450.00
[TRAIN] Step 319/350 | 12:36:27
[TRAIN] Step 319 | Loss=0.654291 | Best makespan in group=387.00
[TRAIN] Step 320/350 | 12:37:03
[TRAIN] Step 320 | Loss=0.642845 | Best makespan in group=363.00
[TRAIN] Step 321/350 | 12:37:36
[TRAIN] Step 321 | Loss=0.648958 | Best makespan in group=362.00
[TRAIN] Step 322/350 | 12:38:13
[TRAIN] Step 322 | Loss=0.641302 | Best makespan in group=443.00
[TRAIN] Step 323/350 | 12:38:46
[TRAIN] Step 323 | Loss=0.624975 | Best makespan in group=359.00
[TRAIN] Step 324/350 | 12:39:19
[TRAIN] Step 324 | Loss=0.586364 | Best makespan in group=369.00
[TRAIN] Step 325/350 | 12:39:53
[TRAIN] Step 325 | Loss=0.687292 | Best makespan in group=407.00
[TRAIN][VAL][ep 325] avg_gap=0.1994 | std_gap=0.0878 | q80_gap=0.2796 | n=20
[TRAIN] Step 326/350 | 12:40:58
[TRAIN] Step 326 | Loss=0.565183 | Best makespan in group=379.00
[TRAIN] Step 327/350 | 12:41:30
[TRAIN] Step 327 | Loss=0.635268 | Best makespan in group=412.00
[TRAIN] Step 328/350 | 12:42:04
[TRAIN] Step 328 | Loss=0.763889 | Best makespan in group=448.00
[TRAIN] Step 329/350 | 12:42:37
[TRAIN] Step 329 | Loss=0.564735 | Best makespan in group=460.00
[TRAIN] Step 330/350 | 12:43:06
[TRAIN] Step 330 | Loss=0.541065 | Best makespan in group=357.00
[TRAIN] Step 331/350 | 12:43:34
[TRAIN] Step 331 | Loss=0.610548 | Best makespan in group=369.00
[TRAIN] Step 332/350 | 12:44:05
[TRAIN] Step 332 | Loss=0.674201 | Best makespan in group=317.00
[TRAIN] Step 333/350 | 12:44:41
[TRAIN] Step 333 | Loss=0.498273 | Best makespan in group=395.00
[TRAIN] Step 334/350 | 12:45:17
[TRAIN] Step 334 | Loss=0.593268 | Best makespan in group=358.00
[TRAIN] Step 335/350 | 12:45:49
[TRAIN] Step 335 | Loss=0.740283 | Best makespan in group=393.00
[TRAIN] Step 336/350 | 12:46:27
[TRAIN] Step 336 | Loss=0.632367 | Best makespan in group=400.00
[TRAIN] Step 337/350 | 12:47:01
[TRAIN] Step 337 | Loss=0.519774 | Best makespan in group=424.00
[TRAIN] Step 338/350 | 12:47:37
[TRAIN] Step 338 | Loss=0.751284 | Best makespan in group=476.00
[TRAIN] Step 339/350 | 12:48:09
[TRAIN] Step 339 | Loss=0.565800 | Best makespan in group=442.00
[TRAIN] Step 340/350 | 12:48:42
[TRAIN] Step 340 | Loss=0.691424 | Best makespan in group=477.00
[TRAIN] Step 341/350 | 12:49:12
[TRAIN] Step 341 | Loss=0.670434 | Best makespan in group=568.00
[TRAIN] Step 342/350 | 12:49:45
[TRAIN] Step 342 | Loss=0.838911 | Best makespan in group=360.00
[TRAIN] Step 343/350 | 12:50:15
[TRAIN] Step 343 | Loss=0.551791 | Best makespan in group=366.00
[TRAIN] Step 344/350 | 12:50:50
[TRAIN] Step 344 | Loss=0.561518 | Best makespan in group=370.00
[TRAIN] Step 345/350 | 12:51:24
[TRAIN] Step 345 | Loss=0.708506 | Best makespan in group=364.00
[TRAIN] Step 346/350 | 12:51:56
[TRAIN] Step 346 | Loss=0.679554 | Best makespan in group=432.00
[TRAIN] Step 347/350 | 12:52:34
[TRAIN] Step 347 | Loss=0.678264 | Best makespan in group=392.00
[TRAIN] Step 348/350 | 12:53:11
[TRAIN] Step 348 | Loss=0.895392 | Best makespan in group=393.00
[TRAIN] Step 349/350 | 12:53:42
[TRAIN] Step 349 | Loss=0.635129 | Best makespan in group=321.00
[TRAIN] Step 350/350 | 12:54:17
[TRAIN] Step 350 | Loss=0.873343 | Best makespan in group=390.00
[TRAIN][VAL][ep 350] avg_gap=0.1938 | std_gap=0.0673 | q80_gap=0.2554 | n=20
[TRAIN] Evaluating best checkpoint (candidate_models/415574885060126.pth) on the held-out test split...
[TRAIN][TEST] avg_gap=0.1582 | std_gap=0.0597 | q80_gap=0.1962 | n=20
[TRAIN][12:55:52] Training ended. Validation history and plots updated.
