D:\Dissertação\dissertation-bopo_introduction\venv\Lib\site-packages\torch\jit\_script.py:1485: FutureWarning: `torch.jit.script` is not supported in Python 3.14+ and may break. Please switch to `torch.compile` or `torch.export`.
  warnings.warn(
============================================================
[TRAIN] Training started at: 2026-10-02 06:35:28
[TRAIN] Hyperparams | max_steps=350 | new_freq=200
[TRAIN]             | n_cases=30 | B=32 | K=10 | use_greedy=True | lr=0.0047 (decaying to 9.40e-04)
[TRAIN]             | warm_start_steps=200 | checkpoint_smooth_window=3 | seed=43
[TRAIN]             | hidden_channels=128 | num_layers=3 | heads=3
[TRAIN]             | logp_norm=mean | exclude_greedy_from_loss=True
[TRAIN] Representation | ojmb_base_v2 | GNN | gin | jm_design | edges
[TRAIN] Device | cuda:0 (NVIDIA GeForce GTX 1650 Ti)
[TRAIN] Problem size | jobs=[8,10] | machines=[5,10] | ops_per_job=[5,6] | max_proc=100
============================================================
[TRAIN] Output run folder: results\batching_gin_L3_k5_ojmb_base_v2_s43_steps
[TRAIN] Validation config | every=25 steps | instances=20 (representative subset)
[TRAIN][TEACHER] validation avg_gap=0.5123 | q80_gap=0.6532 || test avg_gap=0.3786 | q80_gap=0.5063
[TRAIN] Step metrics | every step on 4 validation instance(s) (bat001, bat003, bat005, bat007) -> results\batching_gin_L3_k5_ojmb_base_v2_s43_steps\step_metrics.json
[TRAIN] Warm-start (behavior cloning vs. dispatch heuristic) | 200 step(s)...
[TRAIN][WARMSTART] step 10/200 | instance=12 | bc_loss=2.4721 | decisions=42
[TRAIN][WARMSTART] step 20/200 | instance=1 | bc_loss=1.9626 | decisions=46
[TRAIN][WARMSTART] step 30/200 | instance=2 | bc_loss=1.5410 | decisions=45
[TRAIN][WARMSTART] step 40/200 | instance=8 | bc_loss=1.9051 | decisions=43
[TRAIN][WARMSTART] step 50/200 | instance=28 | bc_loss=1.6739 | decisions=41
[TRAIN][WARMSTART] step 60/200 | instance=24 | bc_loss=1.7201 | decisions=53
[TRAIN][WARMSTART] step 70/200 | instance=16 | bc_loss=1.7853 | decisions=48
[TRAIN][WARMSTART] step 80/200 | instance=7 | bc_loss=1.3517 | decisions=45
[TRAIN][WARMSTART] step 90/200 | instance=18 | bc_loss=1.2063 | decisions=40
[TRAIN][WARMSTART] step 100/200 | instance=27 | bc_loss=1.3407 | decisions=44
[TRAIN][WARMSTART] step 110/200 | instance=13 | bc_loss=0.9390 | decisions=49
[TRAIN][WARMSTART] step 120/200 | instance=15 | bc_loss=1.0524 | decisions=50
[TRAIN][WARMSTART] step 130/200 | instance=14 | bc_loss=0.9657 | decisions=50
[TRAIN][WARMSTART] step 140/200 | instance=28 | bc_loss=1.0595 | decisions=41
[TRAIN][WARMSTART] step 150/200 | instance=28 | bc_loss=1.2256 | decisions=41
[TRAIN][WARMSTART] step 160/200 | instance=25 | bc_loss=0.6088 | decisions=42
[TRAIN][WARMSTART] step 170/200 | instance=22 | bc_loss=0.5325 | decisions=46
[TRAIN][WARMSTART] step 180/200 | instance=18 | bc_loss=1.1428 | decisions=40
[TRAIN][WARMSTART] step 190/200 | instance=5 | bc_loss=0.7698 | decisions=44
[TRAIN][WARMSTART] step 200/200 | instance=23 | bc_loss=0.8607 | decisions=54
[TRAIN] Warm-start complete, switching to BOPO preference optimization.
------------------------------------------------------------
[TRAIN] BOPO agent ready. Starting training loop for 350 step(s)...
------------------------------------------------------------
[TRAIN] Step 1/350 | 06:42:41
[TRAIN] Step 1 | Loss=0.551844 | Best makespan in group=365.00
[TRAIN] Step 2/350 | 06:43:08
[TRAIN] Step 2 | Loss=0.662291 | Best makespan in group=452.00
[TRAIN] Step 3/350 | 06:43:38
[TRAIN] Step 3 | Loss=0.788650 | Best makespan in group=281.00
[TRAIN] Step 4/350 | 06:44:04
[TRAIN] Step 4 | Loss=0.635737 | Best makespan in group=446.00
[TRAIN] Step 5/350 | 06:44:30
[TRAIN] Step 5 | Loss=0.727603 | Best makespan in group=480.00
[TRAIN] Step 6/350 | 06:45:02
[TRAIN] Step 6 | Loss=1.003343 | Best makespan in group=380.00
[TRAIN] Step 7/350 | 06:45:29
[TRAIN] Step 7 | Loss=0.717993 | Best makespan in group=539.00
[TRAIN] Step 8/350 | 06:45:59
[TRAIN] Step 8 | Loss=0.783361 | Best makespan in group=396.00
[TRAIN] Step 9/350 | 06:46:25
[TRAIN] Step 9 | Loss=0.778506 | Best makespan in group=445.00
[TRAIN] Step 10/350 | 06:46:52
[TRAIN] Step 10 | Loss=0.788113 | Best makespan in group=567.00
[TRAIN] Step 11/350 | 06:47:19
[TRAIN] Step 11 | Loss=0.589589 | Best makespan in group=491.00
[TRAIN] Step 12/350 | 06:47:46
[TRAIN] Step 12 | Loss=0.614017 | Best makespan in group=556.00
[TRAIN] Step 13/350 | 06:48:14
[TRAIN] Step 13 | Loss=0.935028 | Best makespan in group=480.00
[TRAIN] Step 14/350 | 06:48:40
[TRAIN] Step 14 | Loss=0.582673 | Best makespan in group=531.00
[TRAIN] Step 15/350 | 06:49:05
[TRAIN] Step 15 | Loss=0.526261 | Best makespan in group=314.00
[TRAIN] Step 16/350 | 06:49:31
[TRAIN] Step 16 | Loss=0.644572 | Best makespan in group=519.00
[TRAIN] Step 17/350 | 06:50:01
[TRAIN] Step 17 | Loss=0.865594 | Best makespan in group=376.00
[TRAIN] Step 18/350 | 06:50:28
[TRAIN] Step 18 | Loss=0.617435 | Best makespan in group=553.00
[TRAIN] Step 19/350 | 06:50:57
[TRAIN] Step 19 | Loss=0.778766 | Best makespan in group=449.00
[TRAIN] Step 20/350 | 06:51:28
[TRAIN] Step 20 | Loss=0.649886 | Best makespan in group=360.00
[TRAIN] Step 21/350 | 06:51:54
[TRAIN] Step 21 | Loss=0.745094 | Best makespan in group=558.00
[TRAIN] Step 22/350 | 06:52:22
[TRAIN] Step 22 | Loss=0.772387 | Best makespan in group=525.00
[TRAIN] Step 23/350 | 06:52:46
[TRAIN] Step 23 | Loss=0.668609 | Best makespan in group=302.00
[TRAIN] Step 24/350 | 06:53:14
[TRAIN] Step 24 | Loss=0.781968 | Best makespan in group=339.00
[TRAIN] Step 25/350 | 06:53:40
[TRAIN] Step 25 | Loss=0.613250 | Best makespan in group=349.00
[TRAIN][VAL][ep 25] avg_gap=0.4425 | std_gap=0.2063 | q80_gap=0.6524 | n=20
[TRAIN] Validation improved | smoothed_avg_gap=0.4425 (raw=0.4425) | saving candidate: 539753770873145.pth
[TRAIN] Step 26/350 | 06:54:36
[TRAIN] Step 26 | Loss=0.796609 | Best makespan in group=606.00
[TRAIN] Step 27/350 | 06:55:04
[TRAIN] Step 27 | Loss=0.639491 | Best makespan in group=480.00
[TRAIN] Step 28/350 | 06:55:32
[TRAIN] Step 28 | Loss=0.635875 | Best makespan in group=463.00
[TRAIN] Step 29/350 | 06:56:04
[TRAIN] Step 29 | Loss=0.646278 | Best makespan in group=387.00
[TRAIN] Step 30/350 | 06:56:35
[TRAIN] Step 30 | Loss=0.927584 | Best makespan in group=510.00
[TRAIN] Step 31/350 | 06:57:05
[TRAIN] Step 31 | Loss=0.815827 | Best makespan in group=426.00
[TRAIN] Step 32/350 | 06:57:32
[TRAIN] Step 32 | Loss=1.029690 | Best makespan in group=489.00
[TRAIN] Step 33/350 | 06:57:57
[TRAIN] Step 33 | Loss=0.560673 | Best makespan in group=354.00
[TRAIN] Step 34/350 | 06:58:26
[TRAIN] Step 34 | Loss=0.654994 | Best makespan in group=433.00
[TRAIN] Step 35/350 | 06:58:54
[TRAIN] Step 35 | Loss=0.838636 | Best makespan in group=424.00
[TRAIN] Step 36/350 | 06:59:24
[TRAIN] Step 36 | Loss=0.722710 | Best makespan in group=456.00
[TRAIN] Step 37/350 | 06:59:55
[TRAIN] Step 37 | Loss=1.029420 | Best makespan in group=434.00
[TRAIN] Step 38/350 | 07:00:21
[TRAIN] Step 38 | Loss=0.641639 | Best makespan in group=279.00
[TRAIN] Step 39/350 | 07:00:47
[TRAIN] Step 39 | Loss=0.565339 | Best makespan in group=469.00
[TRAIN] Step 40/350 | 07:01:17
[TRAIN] Step 40 | Loss=0.679512 | Best makespan in group=422.00
[TRAIN] Step 41/350 | 07:01:47
[TRAIN] Step 41 | Loss=0.845196 | Best makespan in group=537.00
[TRAIN] Step 42/350 | 07:02:14
[TRAIN] Step 42 | Loss=0.753548 | Best makespan in group=347.00
[TRAIN] Step 43/350 | 07:02:40
[TRAIN] Step 43 | Loss=0.638686 | Best makespan in group=374.00
[TRAIN] Step 44/350 | 07:03:07
[TRAIN] Step 44 | Loss=0.585228 | Best makespan in group=370.00
[TRAIN] Step 45/350 | 07:03:31
[TRAIN] Step 45 | Loss=0.750155 | Best makespan in group=343.00
[TRAIN] Step 46/350 | 07:03:58
[TRAIN] Step 46 | Loss=0.765084 | Best makespan in group=295.00
[TRAIN] Step 47/350 | 07:04:24
[TRAIN] Step 47 | Loss=0.724690 | Best makespan in group=558.00
[TRAIN] Step 48/350 | 07:04:51
[TRAIN] Step 48 | Loss=0.609853 | Best makespan in group=519.00
[TRAIN] Step 49/350 | 07:05:17
[TRAIN] Step 49 | Loss=0.609666 | Best makespan in group=430.00
[TRAIN] Step 50/350 | 07:05:48
[TRAIN] Step 50 | Loss=0.634661 | Best makespan in group=333.00
[TRAIN][VAL][ep 50] avg_gap=0.2582 | std_gap=0.1011 | q80_gap=0.3224 | n=20
[TRAIN] Validation improved | smoothed_avg_gap=0.3503 (raw=0.2582) | saving candidate: 823109495919928.pth
[TRAIN] Step 51/350 | 07:06:40
[TRAIN] Step 51 | Loss=0.750223 | Best makespan in group=348.00
[TRAIN] Step 52/350 | 07:07:11
[TRAIN] Step 52 | Loss=0.700719 | Best makespan in group=448.00
[TRAIN] Step 53/350 | 07:07:40
[TRAIN] Step 53 | Loss=0.630541 | Best makespan in group=398.00
[TRAIN] Step 54/350 | 07:08:10
[TRAIN] Step 54 | Loss=0.656885 | Best makespan in group=381.00
[TRAIN] Step 55/350 | 07:08:37
[TRAIN] Step 55 | Loss=0.679861 | Best makespan in group=439.00
[TRAIN] Step 56/350 | 07:09:05
[TRAIN] Step 56 | Loss=0.655370 | Best makespan in group=474.00
[TRAIN] Step 57/350 | 07:09:32
[TRAIN] Step 57 | Loss=0.660004 | Best makespan in group=400.00
[TRAIN] Step 58/350 | 07:09:57
[TRAIN] Step 58 | Loss=0.743803 | Best makespan in group=535.00
[TRAIN] Step 59/350 | 07:10:24
[TRAIN] Step 59 | Loss=0.553120 | Best makespan in group=420.00
[TRAIN] Step 60/350 | 07:10:52
[TRAIN] Step 60 | Loss=0.821924 | Best makespan in group=315.00
[TRAIN] Step 61/350 | 07:11:18
[TRAIN] Step 61 | Loss=0.799983 | Best makespan in group=420.00
[TRAIN] Step 62/350 | 07:11:48
[TRAIN] Step 62 | Loss=0.624831 | Best makespan in group=357.00
[TRAIN] Step 63/350 | 07:12:15
[TRAIN] Step 63 | Loss=0.757276 | Best makespan in group=427.00
[TRAIN] Step 64/350 | 07:12:42
[TRAIN] Step 64 | Loss=0.768916 | Best makespan in group=335.00
[TRAIN] Step 65/350 | 07:13:12
[TRAIN] Step 65 | Loss=0.879162 | Best makespan in group=526.00
[TRAIN] Step 66/350 | 07:13:39
[TRAIN] Step 66 | Loss=1.024821 | Best makespan in group=447.00
[TRAIN] Step 67/350 | 07:14:06
[TRAIN] Step 67 | Loss=0.946614 | Best makespan in group=477.00
[TRAIN] Step 68/350 | 07:14:36
[TRAIN] Step 68 | Loss=0.549743 | Best makespan in group=496.00
[TRAIN] Step 69/350 | 07:15:01
[TRAIN] Step 69 | Loss=0.670574 | Best makespan in group=400.00
[TRAIN] Step 70/350 | 07:15:29
[TRAIN] Step 70 | Loss=0.578659 | Best makespan in group=282.00
[TRAIN] Step 71/350 | 07:15:55
[TRAIN] Step 71 | Loss=0.575544 | Best makespan in group=413.00
[TRAIN] Step 72/350 | 07:16:27
[TRAIN] Step 72 | Loss=0.594766 | Best makespan in group=487.00
[TRAIN] Step 73/350 | 07:16:53
[TRAIN] Step 73 | Loss=0.686045 | Best makespan in group=384.00
[TRAIN] Step 74/350 | 07:17:20
[TRAIN] Step 74 | Loss=0.435039 | Best makespan in group=346.00
[TRAIN] Step 75/350 | 07:17:46
[TRAIN] Step 75 | Loss=0.525822 | Best makespan in group=442.00
[TRAIN][VAL][ep 75] avg_gap=0.2351 | std_gap=0.1232 | q80_gap=0.3313 | n=20
[TRAIN] Validation improved | smoothed_avg_gap=0.3119 (raw=0.2351) | saving candidate: 212829753584173.pth
[TRAIN] Step 76/350 | 07:18:36
[TRAIN] Step 76 | Loss=0.686062 | Best makespan in group=350.00
[TRAIN] Step 77/350 | 07:19:01
[TRAIN] Step 77 | Loss=0.619557 | Best makespan in group=395.00
[TRAIN] Step 78/350 | 07:19:28
[TRAIN] Step 78 | Loss=0.635011 | Best makespan in group=382.00
[TRAIN] Step 79/350 | 07:19:56
[TRAIN] Step 79 | Loss=0.705970 | Best makespan in group=429.00
[TRAIN] Step 80/350 | 07:20:24
[TRAIN] Step 80 | Loss=0.655222 | Best makespan in group=437.00
[TRAIN] Step 81/350 | 07:20:55
[TRAIN] Step 81 | Loss=0.603929 | Best makespan in group=277.00
[TRAIN] Step 82/350 | 07:21:20
[TRAIN] Step 82 | Loss=0.684897 | Best makespan in group=527.00
[TRAIN] Step 83/350 | 07:21:46
[TRAIN] Step 83 | Loss=0.817832 | Best makespan in group=450.00
[TRAIN] Step 84/350 | 07:22:10
[TRAIN] Step 84 | Loss=0.601455 | Best makespan in group=330.00
[TRAIN] Step 85/350 | 07:22:37
[TRAIN] Step 85 | Loss=0.477989 | Best makespan in group=367.00
[TRAIN] Step 86/350 | 07:23:02
[TRAIN] Step 86 | Loss=0.586375 | Best makespan in group=369.00
[TRAIN] Step 87/350 | 07:23:31
[TRAIN] Step 87 | Loss=0.752240 | Best makespan in group=396.00
[TRAIN] Step 88/350 | 07:23:58
[TRAIN] Step 88 | Loss=0.593011 | Best makespan in group=306.00
[TRAIN] Step 89/350 | 07:24:27
[TRAIN] Step 89 | Loss=0.769686 | Best makespan in group=333.00
[TRAIN] Step 90/350 | 07:24:53
[TRAIN] Step 90 | Loss=0.754376 | Best makespan in group=288.00
[TRAIN] Step 91/350 | 07:25:19
[TRAIN] Step 91 | Loss=0.698367 | Best makespan in group=427.00
[TRAIN] Step 92/350 | 07:25:44
[TRAIN] Step 92 | Loss=0.720671 | Best makespan in group=285.00
[TRAIN] Step 93/350 | 07:26:09
[TRAIN] Step 93 | Loss=0.616477 | Best makespan in group=444.00
[TRAIN] Step 94/350 | 07:26:39
[TRAIN] Step 94 | Loss=0.686833 | Best makespan in group=393.00
[TRAIN] Step 95/350 | 07:27:09
[TRAIN] Step 95 | Loss=0.813925 | Best makespan in group=374.00
[TRAIN] Step 96/350 | 07:27:35
[TRAIN] Step 96 | Loss=0.646579 | Best makespan in group=494.00
[TRAIN] Step 97/350 | 07:28:02
[TRAIN] Step 97 | Loss=0.670378 | Best makespan in group=333.00
[TRAIN] Step 98/350 | 07:28:32
[TRAIN] Step 98 | Loss=0.894044 | Best makespan in group=342.00
[TRAIN] Step 99/350 | 07:28:57
[TRAIN] Step 99 | Loss=0.680976 | Best makespan in group=340.00
[TRAIN] Step 100/350 | 07:29:23
[TRAIN] Step 100 | Loss=0.643340 | Best makespan in group=410.00
[TRAIN][VAL][ep 100] avg_gap=0.2418 | std_gap=0.1008 | q80_gap=0.3125 | n=20
[TRAIN] Validation improved | smoothed_avg_gap=0.2450 (raw=0.2418) | saving candidate: 351402451000987.pth
[TRAIN] Step 101/350 | 07:30:16
[TRAIN] Step 101 | Loss=0.565526 | Best makespan in group=405.00
[TRAIN] Step 102/350 | 07:30:47
[TRAIN] Step 102 | Loss=0.758591 | Best makespan in group=382.00
[TRAIN] Step 103/350 | 07:31:17
[TRAIN] Step 103 | Loss=0.822452 | Best makespan in group=349.00
[TRAIN] Step 104/350 | 07:31:42
[TRAIN] Step 104 | Loss=0.672311 | Best makespan in group=439.00
[TRAIN] Step 105/350 | 07:32:13
[TRAIN] Step 105 | Loss=0.700815 | Best makespan in group=401.00
[TRAIN] Step 106/350 | 07:32:42
[TRAIN] Step 106 | Loss=0.530921 | Best makespan in group=361.00
[TRAIN] Step 107/350 | 07:33:09
[TRAIN] Step 107 | Loss=0.518405 | Best makespan in group=285.00
[TRAIN] Step 108/350 | 07:33:35
[TRAIN] Step 108 | Loss=0.712902 | Best makespan in group=309.00
[TRAIN] Step 109/350 | 07:34:02
[TRAIN] Step 109 | Loss=0.723466 | Best makespan in group=278.00
[TRAIN] Step 110/350 | 07:34:28
[TRAIN] Step 110 | Loss=0.625938 | Best makespan in group=368.00
[TRAIN] Step 111/350 | 07:34:52
[TRAIN] Step 111 | Loss=0.733953 | Best makespan in group=457.00
[TRAIN] Step 112/350 | 07:35:16
[TRAIN] Step 112 | Loss=0.763996 | Best makespan in group=499.00
[TRAIN] Step 113/350 | 07:35:42
[TRAIN] Step 113 | Loss=0.651029 | Best makespan in group=334.00
[TRAIN] Step 114/350 | 07:36:09
[TRAIN] Step 114 | Loss=0.515086 | Best makespan in group=376.00
[TRAIN] Step 115/350 | 07:36:36
[TRAIN] Step 115 | Loss=0.682134 | Best makespan in group=430.00
[TRAIN] Step 116/350 | 07:37:03
[TRAIN] Step 116 | Loss=0.544525 | Best makespan in group=533.00
[TRAIN] Step 117/350 | 07:37:29
[TRAIN] Step 117 | Loss=0.729267 | Best makespan in group=362.00
[TRAIN] Step 118/350 | 07:37:59
[TRAIN] Step 118 | Loss=0.809225 | Best makespan in group=330.00
[TRAIN] Step 119/350 | 07:38:26
[TRAIN] Step 119 | Loss=0.718300 | Best makespan in group=521.00
[TRAIN] Step 120/350 | 07:38:52
[TRAIN] Step 120 | Loss=0.793908 | Best makespan in group=437.00
[TRAIN] Step 121/350 | 07:39:20
[TRAIN] Step 121 | Loss=0.505935 | Best makespan in group=416.00
[TRAIN] Step 122/350 | 07:39:45
[TRAIN] Step 122 | Loss=0.664758 | Best makespan in group=293.00
[TRAIN] Step 123/350 | 07:40:11
[TRAIN] Step 123 | Loss=0.590425 | Best makespan in group=421.00
[TRAIN] Step 124/350 | 07:40:38
[TRAIN] Step 124 | Loss=0.546774 | Best makespan in group=312.00
[TRAIN] Step 125/350 | 07:41:07
[TRAIN] Step 125 | Loss=0.779927 | Best makespan in group=322.00
[TRAIN][VAL][ep 125] avg_gap=0.2343 | std_gap=0.1295 | q80_gap=0.3075 | n=20
[TRAIN] Validation improved | smoothed_avg_gap=0.2371 (raw=0.2343) | saving candidate: 714477939310695.pth
[TRAIN] Step 126/350 | 07:41:59
[TRAIN] Step 126 | Loss=0.716163 | Best makespan in group=396.00
[TRAIN] Step 127/350 | 07:42:31
[TRAIN] Step 127 | Loss=0.711967 | Best makespan in group=363.00
[TRAIN] Step 128/350 | 07:42:57
[TRAIN] Step 128 | Loss=0.656431 | Best makespan in group=331.00
[TRAIN] Step 129/350 | 07:43:23
[TRAIN] Step 129 | Loss=0.590213 | Best makespan in group=432.00
[TRAIN] Step 130/350 | 07:43:50
[TRAIN] Step 130 | Loss=0.654761 | Best makespan in group=499.00
[TRAIN] Step 131/350 | 07:44:16
[TRAIN] Step 131 | Loss=0.804901 | Best makespan in group=284.00
[TRAIN] Step 132/350 | 07:44:42
[TRAIN] Step 132 | Loss=0.591143 | Best makespan in group=490.00
[TRAIN] Step 133/350 | 07:45:09
[TRAIN] Step 133 | Loss=0.664074 | Best makespan in group=358.00
[TRAIN] Step 134/350 | 07:45:34
[TRAIN] Step 134 | Loss=0.739225 | Best makespan in group=408.00
[TRAIN] Step 135/350 | 07:46:01
[TRAIN] Step 135 | Loss=0.767332 | Best makespan in group=388.00
[TRAIN] Step 136/350 | 07:46:29
[TRAIN] Step 136 | Loss=0.623885 | Best makespan in group=515.00
[TRAIN] Step 137/350 | 07:46:55
[TRAIN] Step 137 | Loss=0.799270 | Best makespan in group=329.00
[TRAIN] Step 138/350 | 07:47:22
[TRAIN] Step 138 | Loss=0.926841 | Best makespan in group=484.00
[TRAIN] Step 139/350 | 07:47:52
[TRAIN] Step 139 | Loss=0.833222 | Best makespan in group=430.00
[TRAIN] Step 140/350 | 07:48:21
[TRAIN] Step 140 | Loss=0.762197 | Best makespan in group=371.00
[TRAIN] Step 141/350 | 07:48:51
[TRAIN] Step 141 | Loss=0.764629 | Best makespan in group=335.00
[TRAIN] Step 142/350 | 07:49:22
[TRAIN] Step 142 | Loss=0.669333 | Best makespan in group=357.00
[TRAIN] Step 143/350 | 07:49:47
[TRAIN] Step 143 | Loss=0.853747 | Best makespan in group=447.00
[TRAIN] Step 144/350 | 07:50:12
[TRAIN] Step 144 | Loss=0.615809 | Best makespan in group=391.00
[TRAIN] Step 145/350 | 07:50:41
[TRAIN] Step 145 | Loss=0.529418 | Best makespan in group=377.00
[TRAIN] Step 146/350 | 07:51:11
[TRAIN] Step 146 | Loss=0.657138 | Best makespan in group=535.00
[TRAIN] Step 147/350 | 07:51:39
[TRAIN] Step 147 | Loss=0.709831 | Best makespan in group=401.00
[TRAIN] Step 148/350 | 07:52:09
[TRAIN] Step 148 | Loss=0.789564 | Best makespan in group=346.00
[TRAIN] Step 149/350 | 07:52:36
[TRAIN] Step 149 | Loss=0.679838 | Best makespan in group=391.00
[TRAIN] Step 150/350 | 07:53:03
[TRAIN] Step 150 | Loss=0.544746 | Best makespan in group=446.00
[TRAIN][VAL][ep 150] avg_gap=0.2290 | std_gap=0.0852 | q80_gap=0.2998 | n=20
[TRAIN] Validation improved | smoothed_avg_gap=0.2350 (raw=0.2290) | saving candidate: 807716227050980.pth
[TRAIN] Step 151/350 | 07:54:01
[TRAIN] Step 151 | Loss=0.733976 | Best makespan in group=445.00
[TRAIN] Step 152/350 | 07:54:25
[TRAIN] Step 152 | Loss=0.714677 | Best makespan in group=480.00
[TRAIN] Step 153/350 | 07:54:50
[TRAIN] Step 153 | Loss=0.595681 | Best makespan in group=378.00
[TRAIN] Step 154/350 | 07:55:20
[TRAIN] Step 154 | Loss=0.451239 | Best makespan in group=468.00
[TRAIN] Step 155/350 | 07:55:50
[TRAIN] Step 155 | Loss=0.578280 | Best makespan in group=528.00
[TRAIN] Step 156/350 | 07:56:18
[TRAIN] Step 156 | Loss=0.523906 | Best makespan in group=538.00
[TRAIN] Step 157/350 | 07:56:45
[TRAIN] Step 157 | Loss=0.709637 | Best makespan in group=376.00
[TRAIN] Step 158/350 | 07:57:11
[TRAIN] Step 158 | Loss=0.768600 | Best makespan in group=402.00
[TRAIN] Step 159/350 | 07:57:39
[TRAIN] Step 159 | Loss=0.901687 | Best makespan in group=357.00
[TRAIN] Step 160/350 | 07:58:03
[TRAIN] Step 160 | Loss=0.602062 | Best makespan in group=325.00
[TRAIN] Step 161/350 | 07:58:32
[TRAIN] Step 161 | Loss=0.621566 | Best makespan in group=428.00
[TRAIN] Step 162/350 | 07:59:03
[TRAIN] Step 162 | Loss=0.593442 | Best makespan in group=440.00
[TRAIN] Step 163/350 | 07:59:31
[TRAIN] Step 163 | Loss=0.745865 | Best makespan in group=431.00
[TRAIN] Step 164/350 | 08:00:00
[TRAIN] Step 164 | Loss=0.755675 | Best makespan in group=403.00
[TRAIN] Step 165/350 | 08:00:27
[TRAIN] Step 165 | Loss=0.591879 | Best makespan in group=443.00
[TRAIN] Step 166/350 | 08:00:55
[TRAIN] Step 166 | Loss=0.793018 | Best makespan in group=443.00
[TRAIN] Step 167/350 | 08:01:23
[TRAIN] Step 167 | Loss=0.515342 | Best makespan in group=414.00
[TRAIN] Step 168/350 | 08:01:55
[TRAIN] Step 168 | Loss=0.607307 | Best makespan in group=383.00
[TRAIN] Step 169/350 | 08:02:25
[TRAIN] Step 169 | Loss=0.706714 | Best makespan in group=336.00
[TRAIN] Step 170/350 | 08:02:51
[TRAIN] Step 170 | Loss=0.676730 | Best makespan in group=510.00
[TRAIN] Step 171/350 | 08:03:17
[TRAIN] Step 171 | Loss=0.710805 | Best makespan in group=295.00
[TRAIN] Step 172/350 | 08:03:44
[TRAIN] Step 172 | Loss=0.681729 | Best makespan in group=411.00
[TRAIN] Step 173/350 | 08:04:11
[TRAIN] Step 173 | Loss=0.567737 | Best makespan in group=341.00
[TRAIN] Step 174/350 | 08:04:36
[TRAIN] Step 174 | Loss=0.712069 | Best makespan in group=287.00
[TRAIN] Step 175/350 | 08:05:03
[TRAIN] Step 175 | Loss=0.635732 | Best makespan in group=317.00
[TRAIN][VAL][ep 175] avg_gap=0.2167 | std_gap=0.0680 | q80_gap=0.2830 | n=20
[TRAIN] Validation improved | smoothed_avg_gap=0.2267 (raw=0.2167) | saving candidate: 615938212618583.pth
[TRAIN] Step 176/350 | 08:05:54
[TRAIN] Step 176 | Loss=0.637137 | Best makespan in group=337.00
[TRAIN] Step 177/350 | 08:06:22
[TRAIN] Step 177 | Loss=0.665986 | Best makespan in group=328.00
[TRAIN] Step 178/350 | 08:06:52
[TRAIN] Step 178 | Loss=0.626586 | Best makespan in group=511.00
[TRAIN] Step 179/350 | 08:07:19
[TRAIN] Step 179 | Loss=0.669675 | Best makespan in group=388.00
[TRAIN] Step 180/350 | 08:07:50
[TRAIN] Step 180 | Loss=0.687576 | Best makespan in group=349.00
[TRAIN] Step 181/350 | 08:08:16
[TRAIN] Step 181 | Loss=0.730949 | Best makespan in group=389.00
[TRAIN] Step 182/350 | 08:08:43
[TRAIN] Step 182 | Loss=0.830615 | Best makespan in group=409.00
[TRAIN] Step 183/350 | 08:09:14
[TRAIN] Step 183 | Loss=0.696742 | Best makespan in group=400.00
[TRAIN] Step 184/350 | 08:09:42
[TRAIN] Step 184 | Loss=0.574869 | Best makespan in group=420.00
[TRAIN] Step 185/350 | 08:10:06
[TRAIN] Step 185 | Loss=0.738422 | Best makespan in group=406.00
[TRAIN] Step 186/350 | 08:10:35
[TRAIN] Step 186 | Loss=0.765222 | Best makespan in group=493.00
[TRAIN] Step 187/350 | 08:11:01
[TRAIN] Step 187 | Loss=0.639404 | Best makespan in group=308.00
[TRAIN] Step 188/350 | 08:11:31
[TRAIN] Step 188 | Loss=0.686049 | Best makespan in group=282.00
[TRAIN] Step 189/350 | 08:11:58
[TRAIN] Step 189 | Loss=0.639663 | Best makespan in group=520.00
[TRAIN] Step 190/350 | 08:12:25
[TRAIN] Step 190 | Loss=0.771155 | Best makespan in group=391.00
[TRAIN] Step 191/350 | 08:12:53
[TRAIN] Step 191 | Loss=0.591951 | Best makespan in group=403.00
[TRAIN] Step 192/350 | 08:13:20
[TRAIN] Step 192 | Loss=0.673390 | Best makespan in group=351.00
[TRAIN] Step 193/350 | 08:13:45
[TRAIN] Step 193 | Loss=0.687163 | Best makespan in group=364.00
[TRAIN] Step 194/350 | 08:14:15
[TRAIN] Step 194 | Loss=0.569121 | Best makespan in group=351.00
[TRAIN] Step 195/350 | 08:14:40
[TRAIN] Step 195 | Loss=0.709838 | Best makespan in group=490.00
[TRAIN] Step 196/350 | 08:15:07
[TRAIN] Step 196 | Loss=0.653809 | Best makespan in group=516.00
[TRAIN] Step 197/350 | 08:15:33
[TRAIN] Step 197 | Loss=0.739319 | Best makespan in group=433.00
[TRAIN] Step 198/350 | 08:16:05
[TRAIN] Step 198 | Loss=0.686693 | Best makespan in group=395.00
[TRAIN] Step 199/350 | 08:16:34
[TRAIN] Step 199 | Loss=0.678531 | Best makespan in group=365.00
[TRAIN] Step 200/350 | 08:17:04
[TRAIN] Step 200 | Loss=0.913546 | Best makespan in group=278.00
[TRAIN] Refreshing training instances (step 200)...
[TRAIN][VAL][ep 200] avg_gap=0.2038 | std_gap=0.0718 | q80_gap=0.2768 | n=20
[TRAIN] Validation improved | smoothed_avg_gap=0.2165 (raw=0.2038) | saving candidate: 751779568772159.pth
[TRAIN] Step 201/350 | 08:17:57
[TRAIN] Step 201 | Loss=0.898173 | Best makespan in group=278.00
[TRAIN] Step 202/350 | 08:18:26
[TRAIN] Step 202 | Loss=0.830573 | Best makespan in group=356.00
[TRAIN] Step 203/350 | 08:18:51
[TRAIN] Step 203 | Loss=0.709077 | Best makespan in group=399.00
[TRAIN] Step 204/350 | 08:19:16
[TRAIN] Step 204 | Loss=0.702623 | Best makespan in group=460.00
[TRAIN] Step 205/350 | 08:19:42
[TRAIN] Step 205 | Loss=0.529789 | Best makespan in group=382.00
[TRAIN] Step 206/350 | 08:20:08
[TRAIN] Step 206 | Loss=0.618476 | Best makespan in group=423.00
[TRAIN] Step 207/350 | 08:20:33
[TRAIN] Step 207 | Loss=0.956356 | Best makespan in group=372.00
[TRAIN] Step 208/350 | 08:21:03
[TRAIN] Step 208 | Loss=0.729376 | Best makespan in group=364.00
[TRAIN] Step 209/350 | 08:21:27
[TRAIN] Step 209 | Loss=0.504199 | Best makespan in group=405.00
[TRAIN] Step 210/350 | 08:21:57
[TRAIN] Step 210 | Loss=0.694153 | Best makespan in group=546.00
[TRAIN] Step 211/350 | 08:22:26
[TRAIN] Step 211 | Loss=0.650985 | Best makespan in group=437.00
[TRAIN] Step 212/350 | 08:22:56
[TRAIN] Step 212 | Loss=0.549327 | Best makespan in group=425.00
[TRAIN] Step 213/350 | 08:23:25
[TRAIN] Step 213 | Loss=0.798163 | Best makespan in group=422.00
[TRAIN] Step 214/350 | 08:23:56
[TRAIN] Step 214 | Loss=0.830404 | Best makespan in group=380.00
[TRAIN] Step 215/350 | 08:24:27
[TRAIN] Step 215 | Loss=0.705690 | Best makespan in group=377.00
[TRAIN] Step 216/350 | 08:24:58
[TRAIN] Step 216 | Loss=0.436387 | Best makespan in group=522.00
[TRAIN] Step 217/350 | 08:25:27
[TRAIN] Step 217 | Loss=0.659446 | Best makespan in group=500.00
[TRAIN] Step 218/350 | 08:25:52
[TRAIN] Step 218 | Loss=0.624122 | Best makespan in group=357.00
[TRAIN] Step 219/350 | 08:26:19
[TRAIN] Step 219 | Loss=0.589485 | Best makespan in group=321.00
[TRAIN] Step 220/350 | 08:26:43
[TRAIN] Step 220 | Loss=0.952016 | Best makespan in group=361.00
[TRAIN] Step 221/350 | 08:27:14
[TRAIN] Step 221 | Loss=0.620057 | Best makespan in group=344.00
[TRAIN] Step 222/350 | 08:27:40
[TRAIN] Step 222 | Loss=0.685389 | Best makespan in group=352.00
[TRAIN] Step 223/350 | 08:28:10
[TRAIN] Step 223 | Loss=0.682444 | Best makespan in group=347.00
[TRAIN] Step 224/350 | 08:28:41
[TRAIN] Step 224 | Loss=0.760959 | Best makespan in group=538.00
[TRAIN] Step 225/350 | 08:29:09
[TRAIN] Step 225 | Loss=0.801417 | Best makespan in group=368.00
[TRAIN][VAL][ep 225] avg_gap=0.2413 | std_gap=0.1020 | q80_gap=0.3232 | n=20
[TRAIN] Step 226/350 | 08:30:04
[TRAIN] Step 226 | Loss=0.549021 | Best makespan in group=396.00
[TRAIN] Step 227/350 | 08:30:34
[TRAIN] Step 227 | Loss=0.627833 | Best makespan in group=366.00
[TRAIN] Step 228/350 | 08:30:59
[TRAIN] Step 228 | Loss=0.684735 | Best makespan in group=381.00
[TRAIN] Step 229/350 | 08:31:31
[TRAIN] Step 229 | Loss=0.627231 | Best makespan in group=367.00
[TRAIN] Step 230/350 | 08:31:56
[TRAIN] Step 230 | Loss=0.648481 | Best makespan in group=354.00
[TRAIN] Step 231/350 | 08:32:22
[TRAIN] Step 231 | Loss=0.719706 | Best makespan in group=375.00
[TRAIN] Step 232/350 | 08:32:54
[TRAIN] Step 232 | Loss=0.556609 | Best makespan in group=412.00
[TRAIN] Step 233/350 | 08:33:24
[TRAIN] Step 233 | Loss=0.523859 | Best makespan in group=333.00
[TRAIN] Step 234/350 | 08:33:48
[TRAIN] Step 234 | Loss=0.584563 | Best makespan in group=417.00
[TRAIN] Step 235/350 | 08:34:14
[TRAIN] Step 235 | Loss=0.828270 | Best makespan in group=377.00
[TRAIN] Step 236/350 | 08:34:45
[TRAIN] Step 236 | Loss=0.605589 | Best makespan in group=338.00
[TRAIN] Step 237/350 | 08:35:12
[TRAIN] Step 237 | Loss=0.667317 | Best makespan in group=363.00
[TRAIN] Step 238/350 | 08:35:36
[TRAIN] Step 238 | Loss=0.576766 | Best makespan in group=455.00
[TRAIN] Step 239/350 | 08:36:01
[TRAIN] Step 239 | Loss=0.749213 | Best makespan in group=422.00
[TRAIN] Step 240/350 | 08:36:29
[TRAIN] Step 240 | Loss=0.716949 | Best makespan in group=380.00
[TRAIN] Step 241/350 | 08:36:59
[TRAIN] Step 241 | Loss=0.605311 | Best makespan in group=352.00
[TRAIN] Step 242/350 | 08:37:30
[TRAIN] Step 242 | Loss=0.725779 | Best makespan in group=362.00
[TRAIN] Step 243/350 | 08:37:55
[TRAIN] Step 243 | Loss=0.642144 | Best makespan in group=493.00
[TRAIN] Step 244/350 | 08:38:19
[TRAIN] Step 244 | Loss=0.561439 | Best makespan in group=357.00
[TRAIN] Step 245/350 | 08:38:45
[TRAIN] Step 245 | Loss=0.598721 | Best makespan in group=330.00
[TRAIN] Step 246/350 | 08:39:16
[TRAIN] Step 246 | Loss=0.795332 | Best makespan in group=520.00
[TRAIN] Step 247/350 | 08:39:44
[TRAIN] Step 247 | Loss=0.792520 | Best makespan in group=343.00
[TRAIN] Step 248/350 | 08:40:15
[TRAIN] Step 248 | Loss=0.546114 | Best makespan in group=411.00
[TRAIN] Step 249/350 | 08:40:46
[TRAIN] Step 249 | Loss=0.766305 | Best makespan in group=375.00
[TRAIN] Step 250/350 | 08:41:10
[TRAIN] Step 250 | Loss=0.726385 | Best makespan in group=370.00
[TRAIN][VAL][ep 250] avg_gap=0.2069 | std_gap=0.0873 | q80_gap=0.3026 | n=20
[TRAIN] Step 251/350 | 08:41:59
[TRAIN] Step 251 | Loss=0.727211 | Best makespan in group=400.00
[TRAIN] Step 252/350 | 08:42:29
[TRAIN] Step 252 | Loss=0.743537 | Best makespan in group=519.00
[TRAIN] Step 253/350 | 08:42:59
[TRAIN] Step 253 | Loss=0.588517 | Best makespan in group=542.00
[TRAIN] Step 254/350 | 08:43:28
[TRAIN] Step 254 | Loss=0.666777 | Best makespan in group=352.00
[TRAIN] Step 255/350 | 08:43:53
[TRAIN] Step 255 | Loss=0.626424 | Best makespan in group=384.00
[TRAIN] Step 256/350 | 08:44:23
[TRAIN] Step 256 | Loss=0.759697 | Best makespan in group=279.00
[TRAIN] Step 257/350 | 08:44:53
[TRAIN] Step 257 | Loss=0.762677 | Best makespan in group=368.00
[TRAIN] Step 258/350 | 08:45:18
[TRAIN] Step 258 | Loss=0.805316 | Best makespan in group=352.00
[TRAIN] Step 259/350 | 08:45:47
[TRAIN] Step 259 | Loss=0.687014 | Best makespan in group=364.00
[TRAIN] Step 260/350 | 08:46:17
[TRAIN] Step 260 | Loss=0.504298 | Best makespan in group=333.00
[TRAIN] Step 261/350 | 08:46:43
[TRAIN] Step 261 | Loss=0.527377 | Best makespan in group=417.00
[TRAIN] Step 262/350 | 08:47:12
[TRAIN] Step 262 | Loss=0.917678 | Best makespan in group=365.00
[TRAIN] Step 263/350 | 08:47:36
[TRAIN] Step 263 | Loss=0.905751 | Best makespan in group=363.00
[TRAIN] Step 264/350 | 08:48:00
[TRAIN] Step 264 | Loss=0.604757 | Best makespan in group=343.00
[TRAIN] Step 265/350 | 08:48:25
[TRAIN] Step 265 | Loss=0.586874 | Best makespan in group=469.00
[TRAIN] Step 266/350 | 08:48:49
[TRAIN] Step 266 | Loss=0.619838 | Best makespan in group=517.00
[TRAIN] Step 267/350 | 08:49:18
[TRAIN] Step 267 | Loss=0.628344 | Best makespan in group=372.00
[TRAIN] Step 268/350 | 08:49:49
[TRAIN] Step 268 | Loss=0.552304 | Best makespan in group=506.00
[TRAIN] Step 269/350 | 08:50:19
[TRAIN] Step 269 | Loss=0.734652 | Best makespan in group=367.00
[TRAIN] Step 270/350 | 08:50:48
[TRAIN] Step 270 | Loss=0.631068 | Best makespan in group=344.00
[TRAIN] Step 271/350 | 08:51:14
[TRAIN] Step 271 | Loss=0.564661 | Best makespan in group=356.00
[TRAIN] Step 272/350 | 08:51:45
[TRAIN] Step 272 | Loss=0.613816 | Best makespan in group=363.00
[TRAIN] Step 273/350 | 08:52:15
[TRAIN] Step 273 | Loss=0.726019 | Best makespan in group=389.00
[TRAIN] Step 274/350 | 08:52:44
[TRAIN] Step 274 | Loss=0.567845 | Best makespan in group=357.00
[TRAIN] Step 275/350 | 08:53:16
[TRAIN] Step 275 | Loss=0.552324 | Best makespan in group=438.00
[TRAIN][VAL][ep 275] avg_gap=0.1751 | std_gap=0.0759 | q80_gap=0.2297 | n=20
[TRAIN] Validation improved | smoothed_avg_gap=0.2078 (raw=0.1751) | saving candidate: 77441413342657.pth
[TRAIN] Step 276/350 | 08:54:07
[TRAIN] Step 276 | Loss=0.600112 | Best makespan in group=343.00
[TRAIN] Step 277/350 | 08:54:37
[TRAIN] Step 277 | Loss=0.657665 | Best makespan in group=340.00
[TRAIN] Step 278/350 | 08:55:02
[TRAIN] Step 278 | Loss=0.673047 | Best makespan in group=283.00
[TRAIN] Step 279/350 | 08:55:30
[TRAIN] Step 279 | Loss=0.629793 | Best makespan in group=353.00
[TRAIN] Step 280/350 | 08:55:56
[TRAIN] Step 280 | Loss=0.703425 | Best makespan in group=377.00
[TRAIN] Step 281/350 | 08:56:21
[TRAIN] Step 281 | Loss=0.731413 | Best makespan in group=420.00
[TRAIN] Step 282/350 | 08:56:46
[TRAIN] Step 282 | Loss=0.695515 | Best makespan in group=367.00
[TRAIN] Step 283/350 | 08:57:12
[TRAIN] Step 283 | Loss=0.599048 | Best makespan in group=376.00
[TRAIN] Step 284/350 | 08:57:38
[TRAIN] Step 284 | Loss=0.603453 | Best makespan in group=382.00
[TRAIN] Step 285/350 | 08:58:07
[TRAIN] Step 285 | Loss=0.664925 | Best makespan in group=340.00
[TRAIN] Step 286/350 | 08:58:34
[TRAIN] Step 286 | Loss=0.577174 | Best makespan in group=363.00
[TRAIN] Step 287/350 | 08:59:05
[TRAIN] Step 287 | Loss=0.579467 | Best makespan in group=517.00
[TRAIN] Step 288/350 | 08:59:33
[TRAIN] Step 288 | Loss=0.662334 | Best makespan in group=413.00
[TRAIN] Step 289/350 | 09:00:03
[TRAIN] Step 289 | Loss=0.738522 | Best makespan in group=336.00
[TRAIN] Step 290/350 | 09:00:33
[TRAIN] Step 290 | Loss=0.630915 | Best makespan in group=375.00
[TRAIN] Step 291/350 | 09:01:04
[TRAIN] Step 291 | Loss=0.650308 | Best makespan in group=372.00
[TRAIN] Step 292/350 | 09:01:34
[TRAIN] Step 292 | Loss=0.636846 | Best makespan in group=416.00
[TRAIN] Step 293/350 | 09:02:02
[TRAIN] Step 293 | Loss=0.675011 | Best makespan in group=332.00
[TRAIN] Step 294/350 | 09:02:33
[TRAIN] Step 294 | Loss=0.666488 | Best makespan in group=353.00
[TRAIN] Step 295/350 | 09:03:02
[TRAIN] Step 295 | Loss=0.722024 | Best makespan in group=359.00
[TRAIN] Step 296/350 | 09:03:28
[TRAIN] Step 296 | Loss=0.679305 | Best makespan in group=385.00
[TRAIN] Step 297/350 | 09:03:53
[TRAIN] Step 297 | Loss=0.837552 | Best makespan in group=363.00
[TRAIN] Step 298/350 | 09:04:18
[TRAIN] Step 298 | Loss=0.644046 | Best makespan in group=275.00
[TRAIN] Step 299/350 | 09:04:45
[TRAIN] Step 299 | Loss=0.574124 | Best makespan in group=378.00
[TRAIN] Step 300/350 | 09:05:14
[TRAIN] Step 300 | Loss=0.729648 | Best makespan in group=362.00
[TRAIN][VAL][ep 300] avg_gap=0.1806 | std_gap=0.0796 | q80_gap=0.2469 | n=20
[TRAIN] Validation improved | smoothed_avg_gap=0.1875 (raw=0.1806) | saving candidate: 278637925985947.pth
[TRAIN] Step 301/350 | 09:06:05
[TRAIN] Step 301 | Loss=0.560725 | Best makespan in group=412.00
[TRAIN] Step 302/350 | 09:06:30
[TRAIN] Step 302 | Loss=0.545639 | Best makespan in group=353.00
[TRAIN] Step 303/350 | 09:07:01
[TRAIN] Step 303 | Loss=0.547582 | Best makespan in group=324.00
[TRAIN] Step 304/350 | 09:07:26
[TRAIN] Step 304 | Loss=0.585970 | Best makespan in group=333.00
[TRAIN] Step 305/350 | 09:07:52
[TRAIN] Step 305 | Loss=0.651018 | Best makespan in group=384.00
[TRAIN] Step 306/350 | 09:08:22
[TRAIN] Step 306 | Loss=0.697876 | Best makespan in group=368.00
[TRAIN] Step 307/350 | 09:08:52
[TRAIN] Step 307 | Loss=0.795385 | Best makespan in group=444.00
[TRAIN] Step 308/350 | 09:09:17
[TRAIN] Step 308 | Loss=0.550299 | Best makespan in group=364.00
[TRAIN] Step 309/350 | 09:09:41
[TRAIN] Step 309 | Loss=0.643595 | Best makespan in group=354.00
[TRAIN] Step 310/350 | 09:10:11
[TRAIN] Step 310 | Loss=0.499943 | Best makespan in group=384.00
[TRAIN] Step 311/350 | 09:10:36
[TRAIN] Step 311 | Loss=0.646830 | Best makespan in group=416.00
[TRAIN] Step 312/350 | 09:11:07
[TRAIN] Step 312 | Loss=0.681208 | Best makespan in group=526.00
[TRAIN] Step 313/350 | 09:11:35
[TRAIN] Step 313 | Loss=0.677373 | Best makespan in group=367.00
[TRAIN] Step 314/350 | 09:12:04
[TRAIN] Step 314 | Loss=0.639639 | Best makespan in group=346.00
[TRAIN] Step 315/350 | 09:12:30
[TRAIN] Step 315 | Loss=0.635921 | Best makespan in group=527.00
[TRAIN] Step 316/350 | 09:12:59
[TRAIN] Step 316 | Loss=0.738708 | Best makespan in group=350.00
[TRAIN] Step 317/350 | 09:13:25
[TRAIN] Step 317 | Loss=0.684561 | Best makespan in group=517.00
[TRAIN] Step 318/350 | 09:13:54
[TRAIN] Step 318 | Loss=0.680613 | Best makespan in group=364.00
[TRAIN] Step 319/350 | 09:14:25
[TRAIN] Step 319 | Loss=0.842412 | Best makespan in group=350.00
[TRAIN] Step 320/350 | 09:14:57
[TRAIN] Step 320 | Loss=0.814397 | Best makespan in group=478.00
[TRAIN] Step 321/350 | 09:15:21
[TRAIN] Step 321 | Loss=0.608343 | Best makespan in group=414.00
[TRAIN] Step 322/350 | 09:15:52
[TRAIN] Step 322 | Loss=0.548337 | Best makespan in group=330.00
[TRAIN] Step 323/350 | 09:16:16
[TRAIN] Step 323 | Loss=0.720414 | Best makespan in group=348.00
[TRAIN] Step 324/350 | 09:16:41
[TRAIN] Step 324 | Loss=0.611347 | Best makespan in group=353.00
[TRAIN] Step 325/350 | 09:17:13
[TRAIN] Step 325 | Loss=0.787371 | Best makespan in group=381.00
[TRAIN][VAL][ep 325] avg_gap=0.1936 | std_gap=0.0673 | q80_gap=0.2508 | n=20
[TRAIN] Validation improved | smoothed_avg_gap=0.1831 (raw=0.1936) | saving candidate: 976384610425858.pth
[TRAIN] Step 326/350 | 09:18:05
[TRAIN] Step 326 | Loss=0.766723 | Best makespan in group=365.00
[TRAIN] Step 327/350 | 09:18:30
[TRAIN] Step 327 | Loss=0.665995 | Best makespan in group=358.00
[TRAIN] Step 328/350 | 09:19:00
[TRAIN] Step 328 | Loss=0.587881 | Best makespan in group=278.00
[TRAIN] Step 329/350 | 09:19:29
[TRAIN] Step 329 | Loss=0.689271 | Best makespan in group=383.00
[TRAIN] Step 330/350 | 09:19:54
[TRAIN] Step 330 | Loss=0.906910 | Best makespan in group=522.00
[TRAIN] Step 331/350 | 09:20:21
[TRAIN] Step 331 | Loss=0.632563 | Best makespan in group=380.00
[TRAIN] Step 332/350 | 09:20:50
[TRAIN] Step 332 | Loss=0.602432 | Best makespan in group=332.00
[TRAIN] Step 333/350 | 09:21:17
[TRAIN] Step 333 | Loss=0.679082 | Best makespan in group=357.00
[TRAIN] Step 334/350 | 09:21:48
[TRAIN] Step 334 | Loss=0.674527 | Best makespan in group=334.00
[TRAIN] Step 335/350 | 09:22:18
[TRAIN] Step 335 | Loss=0.580330 | Best makespan in group=483.00
[TRAIN] Step 336/350 | 09:22:42
[TRAIN] Step 336 | Loss=0.767482 | Best makespan in group=379.00
[TRAIN] Step 337/350 | 09:23:13
[TRAIN] Step 337 | Loss=0.758146 | Best makespan in group=529.00
[TRAIN] Step 338/350 | 09:23:42
[TRAIN] Step 338 | Loss=0.603811 | Best makespan in group=388.00
[TRAIN] Step 339/350 | 09:24:11
[TRAIN] Step 339 | Loss=0.874353 | Best makespan in group=369.00
[TRAIN] Step 340/350 | 09:24:36
[TRAIN] Step 340 | Loss=0.533714 | Best makespan in group=429.00
[TRAIN] Step 341/350 | 09:25:01
[TRAIN] Step 341 | Loss=0.546444 | Best makespan in group=364.00
[TRAIN] Step 342/350 | 09:25:31
[TRAIN] Step 342 | Loss=0.684808 | Best makespan in group=364.00
[TRAIN] Step 343/350 | 09:25:56
[TRAIN] Step 343 | Loss=0.652499 | Best makespan in group=370.00
[TRAIN] Step 344/350 | 09:26:26
[TRAIN] Step 344 | Loss=0.720438 | Best makespan in group=347.00
[TRAIN] Step 345/350 | 09:26:52
[TRAIN] Step 345 | Loss=0.614182 | Best makespan in group=507.00
[TRAIN] Step 346/350 | 09:27:22
[TRAIN] Step 346 | Loss=0.567893 | Best makespan in group=404.00
[TRAIN] Step 347/350 | 09:27:54
[TRAIN] Step 347 | Loss=0.724982 | Best makespan in group=372.00
[TRAIN] Step 348/350 | 09:28:36
[TRAIN] Step 348 | Loss=0.774039 | Best makespan in group=407.00
[TRAIN] Step 349/350 | 09:29:06
[TRAIN] Step 349 | Loss=0.778408 | Best makespan in group=349.00
[TRAIN] Step 350/350 | 09:29:37
[TRAIN] Step 350 | Loss=0.597501 | Best makespan in group=336.00
[TRAIN][VAL][ep 350] avg_gap=0.1697 | std_gap=0.0829 | q80_gap=0.2359 | n=20
[TRAIN] Validation improved | smoothed_avg_gap=0.1813 (raw=0.1697) | saving candidate: 948172624102402.pth
[TRAIN] Evaluating best checkpoint (candidate_models/948172624102402.pth) on the held-out test split...
[TRAIN][TEST] avg_gap=0.1586 | std_gap=0.0573 | q80_gap=0.2108 | n=20
[TRAIN][09:31:17] Training ended. Validation history and plots updated.
