D:\Dissertação\dissertation-bopo_introduction\venv\Lib\site-packages\torch\jit\_script.py:1485: FutureWarning: `torch.jit.script` is not supported in Python 3.14+ and may break. Please switch to `torch.compile` or `torch.export`.
  warnings.warn(
============================================================
[TRAIN] Training started at: 2026-10-03 06:19:58
[TRAIN] Hyperparams | max_steps=350 | new_freq=200
[TRAIN]             | n_cases=30 | B=32 | K=10 | use_greedy=True | lr=0.0047 (decaying to 9.40e-04)
[TRAIN]             | warm_start_steps=200 | checkpoint_smooth_window=3 | seed=42
[TRAIN]             | hidden_channels=128 | num_layers=3 | heads=3
[TRAIN]             | logp_norm=mean | exclude_greedy_from_loss=True
[TRAIN] Representation | ojmb_node_v2 | GNN | gat | jm_design | edges
[TRAIN] Device | cuda:0 (NVIDIA GeForce GTX 1650 Ti)
[TRAIN] Problem size | jobs=[8,10] | machines=[5,10] | ops_per_job=[5,6] | max_proc=100
============================================================
[TRAIN] Output run folder: results\batching_gat_L3_ojmb_node_v2_s42
[TRAIN] Validation config | every=25 steps | instances=20 (representative subset)
[TRAIN][TEACHER] validation avg_gap=0.5033 | q80_gap=0.6593 || test avg_gap=0.4287 | q80_gap=0.6096
[TRAIN] Warm-start (behavior cloning vs. dispatch heuristic) | 200 step(s)...
[TRAIN][WARMSTART] step 10/200 | instance=15 | bc_loss=1.7711 | decisions=38
[TRAIN][WARMSTART] step 20/200 | instance=9 | bc_loss=1.5337 | decisions=41
[TRAIN][WARMSTART] step 30/200 | instance=1 | bc_loss=1.4200 | decisions=44
[TRAIN][WARMSTART] step 40/200 | instance=2 | bc_loss=1.4489 | decisions=46
[TRAIN][WARMSTART] step 50/200 | instance=27 | bc_loss=1.3631 | decisions=44
[TRAIN][WARMSTART] step 60/200 | instance=23 | bc_loss=1.4896 | decisions=43
[TRAIN][WARMSTART] step 70/200 | instance=29 | bc_loss=1.4593 | decisions=46
[TRAIN][WARMSTART] step 80/200 | instance=19 | bc_loss=1.2328 | decisions=42
[TRAIN][WARMSTART] step 90/200 | instance=1 | bc_loss=1.1391 | decisions=44
[TRAIN][WARMSTART] step 100/200 | instance=20 | bc_loss=1.0549 | decisions=42
[TRAIN][WARMSTART] step 110/200 | instance=1 | bc_loss=1.0177 | decisions=44
[TRAIN][WARMSTART] step 120/200 | instance=1 | bc_loss=0.9678 | decisions=44
[TRAIN][WARMSTART] step 130/200 | instance=20 | bc_loss=0.8581 | decisions=42
[TRAIN][WARMSTART] step 140/200 | instance=13 | bc_loss=1.0417 | decisions=43
[TRAIN][WARMSTART] step 150/200 | instance=25 | bc_loss=1.2544 | decisions=49
[TRAIN][WARMSTART] step 160/200 | instance=6 | bc_loss=1.3654 | decisions=49
[TRAIN][WARMSTART] step 170/200 | instance=23 | bc_loss=1.1839 | decisions=43
[TRAIN][WARMSTART] step 180/200 | instance=12 | bc_loss=1.2309 | decisions=44
[TRAIN][WARMSTART] step 190/200 | instance=9 | bc_loss=0.8794 | decisions=41
[TRAIN][WARMSTART] step 200/200 | instance=22 | bc_loss=1.0815 | decisions=45
[TRAIN] Warm-start complete, switching to BOPO preference optimization.
------------------------------------------------------------
[TRAIN] BOPO agent ready. Starting training loop for 350 step(s)...
------------------------------------------------------------
[TRAIN] Step 1/350 | 06:35:03
[TRAIN] Step 1 | Loss=0.629115 | Best makespan in group=453.00
[TRAIN] Step 2/350 | 06:35:22
[TRAIN] Step 2 | Loss=0.726853 | Best makespan in group=437.00
[TRAIN] Step 3/350 | 06:35:45
[TRAIN] Step 3 | Loss=0.717109 | Best makespan in group=528.00
[TRAIN] Step 4/350 | 06:36:12
[TRAIN] Step 4 | Loss=0.621820 | Best makespan in group=441.00
[TRAIN] Step 5/350 | 06:36:31
[TRAIN] Step 5 | Loss=0.762296 | Best makespan in group=347.00
[TRAIN] Step 6/350 | 06:36:49
[TRAIN] Step 6 | Loss=0.626921 | Best makespan in group=408.00
[TRAIN] Step 7/350 | 06:37:12
[TRAIN] Step 7 | Loss=0.675175 | Best makespan in group=440.00
[TRAIN] Step 8/350 | 06:37:39
[TRAIN] Step 8 | Loss=0.759270 | Best makespan in group=437.00
[TRAIN] Step 9/350 | 06:38:08
[TRAIN] Step 9 | Loss=0.832549 | Best makespan in group=345.00
[TRAIN] Step 10/350 | 06:38:30
[TRAIN] Step 10 | Loss=0.881771 | Best makespan in group=447.00
[TRAIN] Step 11/350 | 06:38:47
[TRAIN] Step 11 | Loss=0.657840 | Best makespan in group=273.00
[TRAIN] Step 12/350 | 06:39:07
[TRAIN] Step 12 | Loss=0.670649 | Best makespan in group=345.00
[TRAIN] Step 13/350 | 06:39:31
[TRAIN] Step 13 | Loss=0.746673 | Best makespan in group=411.00
[TRAIN] Step 14/350 | 06:39:54
[TRAIN] Step 14 | Loss=0.557394 | Best makespan in group=379.00
[TRAIN] Step 15/350 | 06:40:14
[TRAIN] Step 15 | Loss=0.722586 | Best makespan in group=379.00
[TRAIN] Step 16/350 | 06:40:40
[TRAIN] Step 16 | Loss=0.735384 | Best makespan in group=409.00
[TRAIN] Step 17/350 | 06:41:01
[TRAIN] Step 17 | Loss=0.698239 | Best makespan in group=335.00
[TRAIN] Step 18/350 | 06:41:24
[TRAIN] Step 18 | Loss=0.806851 | Best makespan in group=462.00
[TRAIN] Step 19/350 | 06:41:45
[TRAIN] Step 19 | Loss=0.625575 | Best makespan in group=491.00
[TRAIN] Step 20/350 | 06:42:07
[TRAIN] Step 20 | Loss=0.825967 | Best makespan in group=385.00
[TRAIN] Step 21/350 | 06:42:30
[TRAIN] Step 21 | Loss=0.801953 | Best makespan in group=342.00
[TRAIN] Step 22/350 | 06:42:50
[TRAIN] Step 22 | Loss=0.730917 | Best makespan in group=365.00
[TRAIN] Step 23/350 | 06:43:09
[TRAIN] Step 23 | Loss=0.665583 | Best makespan in group=440.00
[TRAIN] Step 24/350 | 06:43:30
[TRAIN] Step 24 | Loss=0.655075 | Best makespan in group=291.00
[TRAIN] Step 25/350 | 06:43:48
[TRAIN] Step 25 | Loss=0.674165 | Best makespan in group=299.00
[TRAIN][VAL][ep 25] avg_gap=0.4238 | std_gap=0.2116 | q80_gap=0.6134 | n=20
[TRAIN] Validation improved | smoothed_avg_gap=0.4238 (raw=0.4238) | saving candidate: 33798965423045.pth
[TRAIN] Step 26/350 | 06:45:04
[TRAIN] Step 26 | Loss=0.700219 | Best makespan in group=316.00
[TRAIN] Step 27/350 | 06:45:24
[TRAIN] Step 27 | Loss=0.760033 | Best makespan in group=416.00
[TRAIN] Step 28/350 | 06:45:44
[TRAIN] Step 28 | Loss=0.738547 | Best makespan in group=317.00
[TRAIN] Step 29/350 | 06:46:04
[TRAIN] Step 29 | Loss=0.658177 | Best makespan in group=393.00
[TRAIN] Step 30/350 | 06:46:32
[TRAIN] Step 30 | Loss=0.896133 | Best makespan in group=369.00
[TRAIN] Step 31/350 | 06:46:53
[TRAIN] Step 31 | Loss=0.757564 | Best makespan in group=447.00
[TRAIN] Step 32/350 | 06:47:14
[TRAIN] Step 32 | Loss=0.751675 | Best makespan in group=380.00
[TRAIN] Step 33/350 | 06:47:37
[TRAIN] Step 33 | Loss=0.771829 | Best makespan in group=413.00
[TRAIN] Step 34/350 | 06:47:56
[TRAIN] Step 34 | Loss=0.558290 | Best makespan in group=427.00
[TRAIN] Step 35/350 | 06:48:23
[TRAIN] Step 35 | Loss=0.612603 | Best makespan in group=310.00
[TRAIN] Step 36/350 | 06:48:43
[TRAIN] Step 36 | Loss=0.746199 | Best makespan in group=368.00
[TRAIN] Step 37/350 | 06:49:06
[TRAIN] Step 37 | Loss=0.689195 | Best makespan in group=392.00
[TRAIN] Step 38/350 | 06:49:27
[TRAIN] Step 38 | Loss=0.696185 | Best makespan in group=335.00
[TRAIN] Step 39/350 | 06:49:47
[TRAIN] Step 39 | Loss=0.655705 | Best makespan in group=328.00
[TRAIN] Step 40/350 | 06:50:09
[TRAIN] Step 40 | Loss=0.691966 | Best makespan in group=323.00
[TRAIN] Step 41/350 | 06:50:32
[TRAIN] Step 41 | Loss=0.728403 | Best makespan in group=298.00
[TRAIN] Step 42/350 | 06:50:52
[TRAIN] Step 42 | Loss=0.679386 | Best makespan in group=319.00
[TRAIN] Step 43/350 | 06:51:10
[TRAIN] Step 43 | Loss=0.601284 | Best makespan in group=352.00
[TRAIN] Step 44/350 | 06:51:34
[TRAIN] Step 44 | Loss=0.595711 | Best makespan in group=379.00
[TRAIN] Step 45/350 | 06:51:56
[TRAIN] Step 45 | Loss=0.788752 | Best makespan in group=297.00
[TRAIN] Step 46/350 | 06:52:19
[TRAIN] Step 46 | Loss=0.620752 | Best makespan in group=291.00
[TRAIN] Step 47/350 | 06:52:38
[TRAIN] Step 47 | Loss=0.808151 | Best makespan in group=415.00
[TRAIN] Step 48/350 | 06:52:57
[TRAIN] Step 48 | Loss=0.720117 | Best makespan in group=431.00
[TRAIN] Step 49/350 | 06:53:26
[TRAIN] Step 49 | Loss=0.738714 | Best makespan in group=348.00
[TRAIN] Step 50/350 | 06:53:49
[TRAIN] Step 50 | Loss=0.591659 | Best makespan in group=377.00
[TRAIN][VAL][ep 50] avg_gap=0.2889 | std_gap=0.1367 | q80_gap=0.3727 | n=20
[TRAIN] Validation improved | smoothed_avg_gap=0.3564 (raw=0.2889) | saving candidate: 832059205210614.pth
[TRAIN] Step 51/350 | 06:55:12
[TRAIN] Step 51 | Loss=0.672977 | Best makespan in group=334.00
[TRAIN] Step 52/350 | 06:55:37
[TRAIN] Step 52 | Loss=0.515694 | Best makespan in group=474.00
[TRAIN] Step 53/350 | 06:56:05
[TRAIN] Step 53 | Loss=0.737574 | Best makespan in group=259.00
[TRAIN] Step 54/350 | 06:56:25
[TRAIN] Step 54 | Loss=0.647306 | Best makespan in group=359.00
[TRAIN] Step 55/350 | 06:56:45
[TRAIN] Step 55 | Loss=0.711451 | Best makespan in group=371.00
[TRAIN] Step 56/350 | 06:57:10
[TRAIN] Step 56 | Loss=0.582809 | Best makespan in group=493.00
[TRAIN] Step 57/350 | 06:57:31
[TRAIN] Step 57 | Loss=0.818726 | Best makespan in group=401.00
[TRAIN] Step 58/350 | 06:57:47
[TRAIN] Step 58 | Loss=0.767023 | Best makespan in group=400.00
[TRAIN] Step 59/350 | 06:58:07
[TRAIN] Step 59 | Loss=0.788948 | Best makespan in group=384.00
[TRAIN] Step 60/350 | 06:58:28
[TRAIN] Step 60 | Loss=0.710440 | Best makespan in group=408.00
[TRAIN] Step 61/350 | 06:58:50
[TRAIN] Step 61 | Loss=0.911501 | Best makespan in group=405.00
[TRAIN] Step 62/350 | 06:59:12
[TRAIN] Step 62 | Loss=0.661117 | Best makespan in group=289.00
[TRAIN] Step 63/350 | 06:59:31
[TRAIN] Step 63 | Loss=0.671431 | Best makespan in group=388.00
[TRAIN] Step 64/350 | 06:59:53
[TRAIN] Step 64 | Loss=0.661412 | Best makespan in group=375.00
[TRAIN] Step 65/350 | 07:00:12
[TRAIN] Step 65 | Loss=0.673546 | Best makespan in group=350.00
[TRAIN] Step 66/350 | 07:00:34
[TRAIN] Step 66 | Loss=0.665395 | Best makespan in group=302.00
[TRAIN] Step 67/350 | 07:00:53
[TRAIN] Step 67 | Loss=0.596840 | Best makespan in group=331.00
[TRAIN] Step 68/350 | 07:01:19
[TRAIN] Step 68 | Loss=0.589691 | Best makespan in group=329.00
[TRAIN] Step 69/350 | 07:01:42
[TRAIN] Step 69 | Loss=0.574348 | Best makespan in group=326.00
[TRAIN] Step 70/350 | 07:02:00
[TRAIN] Step 70 | Loss=0.606126 | Best makespan in group=306.00
[TRAIN] Step 71/350 | 07:02:23
[TRAIN] Step 71 | Loss=0.759709 | Best makespan in group=478.00
[TRAIN] Step 72/350 | 07:02:44
[TRAIN] Step 72 | Loss=0.637921 | Best makespan in group=442.00
[TRAIN] Step 73/350 | 07:03:06
[TRAIN] Step 73 | Loss=0.612413 | Best makespan in group=381.00
[TRAIN] Step 74/350 | 07:03:26
[TRAIN] Step 74 | Loss=0.738648 | Best makespan in group=312.00
[TRAIN] Step 75/350 | 07:03:51
[TRAIN] Step 75 | Loss=0.827111 | Best makespan in group=354.00
[TRAIN][VAL][ep 75] avg_gap=0.2167 | std_gap=0.0970 | q80_gap=0.2994 | n=20
[TRAIN] Validation improved | smoothed_avg_gap=0.3098 (raw=0.2167) | saving candidate: 253763769481094.pth
[TRAIN] Step 76/350 | 07:05:04
[TRAIN] Step 76 | Loss=0.690794 | Best makespan in group=375.00
[TRAIN] Step 77/350 | 07:05:35
[TRAIN] Step 77 | Loss=0.645931 | Best makespan in group=353.00
[TRAIN] Step 78/350 | 07:05:58
[TRAIN] Step 78 | Loss=0.569562 | Best makespan in group=312.00
[TRAIN] Step 79/350 | 07:06:19
[TRAIN] Step 79 | Loss=0.724296 | Best makespan in group=430.00
[TRAIN] Step 80/350 | 07:06:49
[TRAIN] Step 80 | Loss=0.552801 | Best makespan in group=369.00
[TRAIN] Step 81/350 | 07:07:12
[TRAIN] Step 81 | Loss=0.615233 | Best makespan in group=329.00
[TRAIN] Step 82/350 | 07:07:31
[TRAIN] Step 82 | Loss=0.552969 | Best makespan in group=376.00
[TRAIN] Step 83/350 | 07:07:48
[TRAIN] Step 83 | Loss=0.693759 | Best makespan in group=406.00
[TRAIN] Step 84/350 | 07:08:17
[TRAIN] Step 84 | Loss=0.702467 | Best makespan in group=349.00
[TRAIN] Step 85/350 | 07:08:38
[TRAIN] Step 85 | Loss=0.634596 | Best makespan in group=378.00
[TRAIN] Step 86/350 | 07:09:04
[TRAIN] Step 86 | Loss=0.696051 | Best makespan in group=364.00
[TRAIN] Step 87/350 | 07:09:27
[TRAIN] Step 87 | Loss=0.768797 | Best makespan in group=398.00
[TRAIN] Step 88/350 | 07:09:47
[TRAIN] Step 88 | Loss=0.623272 | Best makespan in group=400.00
[TRAIN] Step 89/350 | 07:10:08
[TRAIN] Step 89 | Loss=0.619872 | Best makespan in group=474.00
[TRAIN] Step 90/350 | 07:10:35
[TRAIN] Step 90 | Loss=0.651717 | Best makespan in group=256.00
[TRAIN] Step 91/350 | 07:10:55
[TRAIN] Step 91 | Loss=0.667772 | Best makespan in group=376.00
[TRAIN] Step 92/350 | 07:11:25
[TRAIN] Step 92 | Loss=0.822736 | Best makespan in group=289.00
[TRAIN] Step 93/350 | 07:11:44
[TRAIN] Step 93 | Loss=0.636265 | Best makespan in group=295.00
[TRAIN] Step 94/350 | 07:12:08
[TRAIN] Step 94 | Loss=0.702260 | Best makespan in group=303.00
[TRAIN] Step 95/350 | 07:12:27
[TRAIN] Step 95 | Loss=0.588627 | Best makespan in group=370.00
[TRAIN] Step 96/350 | 07:12:51
[TRAIN] Step 96 | Loss=0.722102 | Best makespan in group=357.00
[TRAIN] Step 97/350 | 07:13:10
[TRAIN] Step 97 | Loss=0.696841 | Best makespan in group=363.00
[TRAIN] Step 98/350 | 07:13:32
[TRAIN] Step 98 | Loss=0.635845 | Best makespan in group=371.00
[TRAIN] Step 99/350 | 07:13:53
[TRAIN] Step 99 | Loss=0.650376 | Best makespan in group=373.00
[TRAIN] Step 100/350 | 07:14:14
[TRAIN] Step 100 | Loss=0.704758 | Best makespan in group=363.00
[TRAIN][VAL][ep 100] avg_gap=0.2055 | std_gap=0.1219 | q80_gap=0.3337 | n=20
[TRAIN] Validation improved | smoothed_avg_gap=0.2370 (raw=0.2055) | saving candidate: 802729676534656.pth
[TRAIN] Step 101/350 | 07:15:31
[TRAIN] Step 101 | Loss=0.597687 | Best makespan in group=348.00
[TRAIN] Step 102/350 | 07:15:55
[TRAIN] Step 102 | Loss=0.671398 | Best makespan in group=307.00
[TRAIN] Step 103/350 | 07:16:17
[TRAIN] Step 103 | Loss=0.663758 | Best makespan in group=306.00
[TRAIN] Step 104/350 | 07:16:38
[TRAIN] Step 104 | Loss=0.599905 | Best makespan in group=444.00
[TRAIN] Step 105/350 | 07:17:00
[TRAIN] Step 105 | Loss=0.631515 | Best makespan in group=324.00
[TRAIN] Step 106/350 | 07:17:18
[TRAIN] Step 106 | Loss=0.579069 | Best makespan in group=393.00
[TRAIN] Step 107/350 | 07:17:34
[TRAIN] Step 107 | Loss=0.666804 | Best makespan in group=372.00
[TRAIN] Step 108/350 | 07:17:55
[TRAIN] Step 108 | Loss=0.715531 | Best makespan in group=398.00
[TRAIN] Step 109/350 | 07:18:23
[TRAIN] Step 109 | Loss=0.517387 | Best makespan in group=340.00
[TRAIN] Step 110/350 | 07:18:45
[TRAIN] Step 110 | Loss=0.635666 | Best makespan in group=326.00
[TRAIN] Step 111/350 | 07:19:04
[TRAIN] Step 111 | Loss=0.524695 | Best makespan in group=369.00
[TRAIN] Step 112/350 | 07:19:27
[TRAIN] Step 112 | Loss=0.610509 | Best makespan in group=323.00
[TRAIN] Step 113/350 | 07:19:51
[TRAIN] Step 113 | Loss=0.749383 | Best makespan in group=332.00
[TRAIN] Step 114/350 | 07:20:18
[TRAIN] Step 114 | Loss=0.675870 | Best makespan in group=410.00
[TRAIN] Step 115/350 | 07:20:40
[TRAIN] Step 115 | Loss=0.818779 | Best makespan in group=403.00
[TRAIN] Step 116/350 | 07:21:00
[TRAIN] Step 116 | Loss=0.558665 | Best makespan in group=392.00
[TRAIN] Step 117/350 | 07:21:21
[TRAIN] Step 117 | Loss=0.795589 | Best makespan in group=430.00
[TRAIN] Step 118/350 | 07:21:49
[TRAIN] Step 118 | Loss=0.723155 | Best makespan in group=467.00
[TRAIN] Step 119/350 | 07:22:11
[TRAIN] Step 119 | Loss=0.601789 | Best makespan in group=257.00
[TRAIN] Step 120/350 | 07:22:31
[TRAIN] Step 120 | Loss=0.705518 | Best makespan in group=483.00
[TRAIN] Step 121/350 | 07:23:01
[TRAIN] Step 121 | Loss=0.569621 | Best makespan in group=285.00
[TRAIN] Step 122/350 | 07:23:20
[TRAIN] Step 122 | Loss=0.633019 | Best makespan in group=352.00
[TRAIN] Step 123/350 | 07:23:44
[TRAIN] Step 123 | Loss=0.670389 | Best makespan in group=371.00
[TRAIN] Step 124/350 | 07:24:05
[TRAIN] Step 124 | Loss=0.742125 | Best makespan in group=374.00
[TRAIN] Step 125/350 | 07:24:28
[TRAIN] Step 125 | Loss=0.672906 | Best makespan in group=386.00
[TRAIN][VAL][ep 125] avg_gap=0.2293 | std_gap=0.1033 | q80_gap=0.3400 | n=20
[TRAIN] Validation improved | smoothed_avg_gap=0.2172 (raw=0.2293) | saving candidate: 95499575664249.pth
[TRAIN] Step 126/350 | 07:25:45
[TRAIN] Step 126 | Loss=0.669093 | Best makespan in group=382.00
[TRAIN] Step 127/350 | 07:26:02
[TRAIN] Step 127 | Loss=0.780983 | Best makespan in group=254.00
[TRAIN] Step 128/350 | 07:26:22
[TRAIN] Step 128 | Loss=0.659147 | Best makespan in group=316.00
[TRAIN] Step 129/350 | 07:26:44
[TRAIN] Step 129 | Loss=0.722354 | Best makespan in group=423.00
[TRAIN] Step 130/350 | 07:27:12
[TRAIN] Step 130 | Loss=0.744325 | Best makespan in group=412.00
[TRAIN] Step 131/350 | 07:27:33
[TRAIN] Step 131 | Loss=0.645361 | Best makespan in group=331.00
[TRAIN] Step 132/350 | 07:27:52
[TRAIN] Step 132 | Loss=0.565872 | Best makespan in group=298.00
[TRAIN] Step 133/350 | 07:28:16
[TRAIN] Step 133 | Loss=0.585911 | Best makespan in group=399.00
[TRAIN] Step 134/350 | 07:28:38
[TRAIN] Step 134 | Loss=0.503025 | Best makespan in group=373.00
[TRAIN] Step 135/350 | 07:28:58
[TRAIN] Step 135 | Loss=0.512988 | Best makespan in group=379.00
[TRAIN] Step 136/350 | 07:29:20
[TRAIN] Step 136 | Loss=0.771038 | Best makespan in group=381.00
[TRAIN] Step 137/350 | 07:29:48
[TRAIN] Step 137 | Loss=0.644202 | Best makespan in group=297.00
[TRAIN] Step 138/350 | 07:30:08
[TRAIN] Step 138 | Loss=0.557326 | Best makespan in group=328.00
[TRAIN] Step 139/350 | 07:30:35
[TRAIN] Step 139 | Loss=0.664335 | Best makespan in group=351.00
[TRAIN] Step 140/350 | 07:30:54
[TRAIN] Step 140 | Loss=0.739371 | Best makespan in group=318.00
[TRAIN] Step 141/350 | 07:31:12
[TRAIN] Step 141 | Loss=0.707168 | Best makespan in group=302.00
[TRAIN] Step 142/350 | 07:31:33
[TRAIN] Step 142 | Loss=0.633203 | Best makespan in group=466.00
[TRAIN] Step 143/350 | 07:31:55
[TRAIN] Step 143 | Loss=0.632649 | Best makespan in group=371.00
[TRAIN] Step 144/350 | 07:32:20
[TRAIN] Step 144 | Loss=0.673278 | Best makespan in group=311.00
[TRAIN] Step 145/350 | 07:32:44
[TRAIN] Step 145 | Loss=0.758995 | Best makespan in group=442.00
[TRAIN] Step 146/350 | 07:33:05
[TRAIN] Step 146 | Loss=0.649636 | Best makespan in group=471.00
[TRAIN] Step 147/350 | 07:33:31
[TRAIN] Step 147 | Loss=0.650838 | Best makespan in group=359.00
[TRAIN] Step 148/350 | 07:33:52
[TRAIN] Step 148 | Loss=0.690544 | Best makespan in group=395.00
[TRAIN] Step 149/350 | 07:34:12
[TRAIN] Step 149 | Loss=0.701165 | Best makespan in group=430.00
[TRAIN] Step 150/350 | 07:34:42
[TRAIN] Step 150 | Loss=0.703495 | Best makespan in group=366.00
[TRAIN][VAL][ep 150] avg_gap=0.1772 | std_gap=0.0886 | q80_gap=0.2578 | n=20
[TRAIN] Validation improved | smoothed_avg_gap=0.2040 (raw=0.1772) | saving candidate: 354632185523308.pth
[TRAIN] Step 151/350 | 07:35:58
[TRAIN] Step 151 | Loss=0.598298 | Best makespan in group=253.00
[TRAIN] Step 152/350 | 07:36:19
[TRAIN] Step 152 | Loss=0.667337 | Best makespan in group=368.00
[TRAIN] Step 153/350 | 07:36:41
[TRAIN] Step 153 | Loss=0.598285 | Best makespan in group=372.00
[TRAIN] Step 154/350 | 07:36:57
[TRAIN] Step 154 | Loss=0.627097 | Best makespan in group=369.00
[TRAIN] Step 155/350 | 07:37:22
[TRAIN] Step 155 | Loss=0.676097 | Best makespan in group=295.00
[TRAIN] Step 156/350 | 07:37:43
[TRAIN] Step 156 | Loss=0.689013 | Best makespan in group=402.00
[TRAIN] Step 157/350 | 07:38:09
[TRAIN] Step 157 | Loss=0.585724 | Best makespan in group=351.00
[TRAIN] Step 158/350 | 07:38:33
[TRAIN] Step 158 | Loss=0.563013 | Best makespan in group=324.00
[TRAIN] Step 159/350 | 07:38:52
[TRAIN] Step 159 | Loss=0.691452 | Best makespan in group=380.00
[TRAIN] Step 160/350 | 07:39:14
[TRAIN] Step 160 | Loss=0.578616 | Best makespan in group=297.00
[TRAIN] Step 161/350 | 07:39:33
[TRAIN] Step 161 | Loss=0.637741 | Best makespan in group=311.00
[TRAIN] Step 162/350 | 07:39:58
[TRAIN] Step 162 | Loss=0.740851 | Best makespan in group=394.00
[TRAIN] Step 163/350 | 07:40:18
[TRAIN] Step 163 | Loss=0.621057 | Best makespan in group=380.00
[TRAIN] Step 164/350 | 07:40:46
[TRAIN] Step 164 | Loss=0.730333 | Best makespan in group=441.00
[TRAIN] Step 165/350 | 07:41:08
[TRAIN] Step 165 | Loss=0.706900 | Best makespan in group=354.00
[TRAIN] Step 166/350 | 07:41:27
[TRAIN] Step 166 | Loss=0.639824 | Best makespan in group=471.00
[TRAIN] Step 167/350 | 07:41:48
[TRAIN] Step 167 | Loss=0.608984 | Best makespan in group=358.00
[TRAIN] Step 168/350 | 07:42:11
[TRAIN] Step 168 | Loss=0.662644 | Best makespan in group=278.00
[TRAIN] Step 169/350 | 07:42:30
[TRAIN] Step 169 | Loss=0.683128 | Best makespan in group=293.00
[TRAIN] Step 170/350 | 07:42:54
[TRAIN] Step 170 | Loss=0.742944 | Best makespan in group=374.00
[TRAIN] Step 171/350 | 07:43:15
[TRAIN] Step 171 | Loss=0.602125 | Best makespan in group=320.00
[TRAIN] Step 172/350 | 07:43:41
[TRAIN] Step 172 | Loss=0.674467 | Best makespan in group=316.00
[TRAIN] Step 173/350 | 07:44:05
[TRAIN] Step 173 | Loss=0.620146 | Best makespan in group=430.00
[TRAIN] Step 174/350 | 07:44:32
[TRAIN] Step 174 | Loss=0.659731 | Best makespan in group=364.00
[TRAIN] Step 175/350 | 07:44:52
[TRAIN] Step 175 | Loss=0.693629 | Best makespan in group=383.00
[TRAIN][VAL][ep 175] avg_gap=0.1501 | std_gap=0.0901 | q80_gap=0.2086 | n=20
[TRAIN] Validation improved | smoothed_avg_gap=0.1855 (raw=0.1501) | saving candidate: 11317801385270.pth
[TRAIN] Step 176/350 | 07:46:06
[TRAIN] Step 176 | Loss=0.519781 | Best makespan in group=323.00
[TRAIN] Step 177/350 | 07:46:24
[TRAIN] Step 177 | Loss=0.624858 | Best makespan in group=456.00
[TRAIN] Step 178/350 | 07:46:50
[TRAIN] Step 178 | Loss=0.551614 | Best makespan in group=344.00
[TRAIN] Step 179/350 | 07:47:14
[TRAIN] Step 179 | Loss=0.657075 | Best makespan in group=387.00
[TRAIN] Step 180/350 | 07:47:37
[TRAIN] Step 180 | Loss=0.573683 | Best makespan in group=385.00
[TRAIN] Step 181/350 | 07:47:58
[TRAIN] Step 181 | Loss=0.749351 | Best makespan in group=295.00
[TRAIN] Step 182/350 | 07:48:17
[TRAIN] Step 182 | Loss=0.686537 | Best makespan in group=337.00
[TRAIN] Step 183/350 | 07:48:39
[TRAIN] Step 183 | Loss=0.760975 | Best makespan in group=346.00
[TRAIN] Step 184/350 | 07:49:03
[TRAIN] Step 184 | Loss=0.640023 | Best makespan in group=430.00
[TRAIN] Step 185/350 | 07:49:30
[TRAIN] Step 185 | Loss=0.775979 | Best makespan in group=362.00
[TRAIN] Step 186/350 | 07:49:50
[TRAIN] Step 186 | Loss=0.633494 | Best makespan in group=324.00
[TRAIN] Step 187/350 | 07:50:09
[TRAIN] Step 187 | Loss=0.673951 | Best makespan in group=391.00
[TRAIN] Step 188/350 | 07:50:29
[TRAIN] Step 188 | Loss=0.680471 | Best makespan in group=386.00
[TRAIN] Step 189/350 | 07:50:44
[TRAIN] Step 189 | Loss=0.857001 | Best makespan in group=255.00
[TRAIN] Step 190/350 | 07:51:04
[TRAIN] Step 190 | Loss=0.686474 | Best makespan in group=386.00
[TRAIN] Step 191/350 | 07:51:25
[TRAIN] Step 191 | Loss=0.672813 | Best makespan in group=366.00
[TRAIN] Step 192/350 | 07:51:51
[TRAIN] Step 192 | Loss=0.604168 | Best makespan in group=354.00
[TRAIN] Step 193/350 | 07:52:10
[TRAIN] Step 193 | Loss=0.743621 | Best makespan in group=316.00
[TRAIN] Step 194/350 | 07:52:27
[TRAIN] Step 194 | Loss=0.631937 | Best makespan in group=360.00
[TRAIN] Step 195/350 | 07:52:51
[TRAIN] Step 195 | Loss=0.664095 | Best makespan in group=471.00
[TRAIN] Step 196/350 | 07:53:12
[TRAIN] Step 196 | Loss=0.597192 | Best makespan in group=362.00
[TRAIN] Step 197/350 | 07:53:36
[TRAIN] Step 197 | Loss=0.758076 | Best makespan in group=393.00
[TRAIN] Step 198/350 | 07:53:57
[TRAIN] Step 198 | Loss=0.780431 | Best makespan in group=439.00
[TRAIN] Step 199/350 | 07:54:19
[TRAIN] Step 199 | Loss=0.746432 | Best makespan in group=386.00
[TRAIN] Step 200/350 | 07:54:39
[TRAIN] Step 200 | Loss=0.630286 | Best makespan in group=346.00
[TRAIN] Refreshing training instances (step 200)...
[TRAIN][VAL][ep 200] avg_gap=0.1424 | std_gap=0.0898 | q80_gap=0.2194 | n=20
[TRAIN] Validation improved | smoothed_avg_gap=0.1566 (raw=0.1424) | saving candidate: 410186036602143.pth
[TRAIN] Step 201/350 | 07:55:55
[TRAIN] Step 201 | Loss=0.742748 | Best makespan in group=436.00
[TRAIN] Step 202/350 | 07:56:16
[TRAIN] Step 202 | Loss=0.616643 | Best makespan in group=371.00
[TRAIN] Step 203/350 | 07:56:42
[TRAIN] Step 203 | Loss=0.658942 | Best makespan in group=382.00
[TRAIN] Step 204/350 | 07:57:02
[TRAIN] Step 204 | Loss=0.646312 | Best makespan in group=409.00
[TRAIN] Step 205/350 | 07:57:31
[TRAIN] Step 205 | Loss=0.633106 | Best makespan in group=305.00
[TRAIN] Step 206/350 | 07:57:57
[TRAIN] Step 206 | Loss=0.616532 | Best makespan in group=336.00
[TRAIN] Step 207/350 | 07:58:19
[TRAIN] Step 207 | Loss=0.686891 | Best makespan in group=373.00
[TRAIN] Step 208/350 | 07:58:40
[TRAIN] Step 208 | Loss=0.524780 | Best makespan in group=355.00
[TRAIN] Step 209/350 | 07:58:59
[TRAIN] Step 209 | Loss=0.739868 | Best makespan in group=337.00
[TRAIN] Step 210/350 | 07:59:25
[TRAIN] Step 210 | Loss=0.599206 | Best makespan in group=355.00
[TRAIN] Step 211/350 | 07:59:49
[TRAIN] Step 211 | Loss=0.564669 | Best makespan in group=339.00
[TRAIN] Step 212/350 | 08:00:19
[TRAIN] Step 212 | Loss=0.743991 | Best makespan in group=383.00
[TRAIN] Step 213/350 | 08:00:45
[TRAIN] Step 213 | Loss=0.734122 | Best makespan in group=424.00
[TRAIN] Step 214/350 | 08:01:09
[TRAIN] Step 214 | Loss=0.565838 | Best makespan in group=339.00
[TRAIN] Step 215/350 | 08:01:34
[TRAIN] Step 215 | Loss=0.628958 | Best makespan in group=314.00
[TRAIN] Step 216/350 | 08:01:55
[TRAIN] Step 216 | Loss=0.876215 | Best makespan in group=398.00
[TRAIN] Step 217/350 | 08:02:14
[TRAIN] Step 217 | Loss=0.490003 | Best makespan in group=385.00
[TRAIN] Step 218/350 | 08:02:36
[TRAIN] Step 218 | Loss=0.625141 | Best makespan in group=433.00
[TRAIN] Step 219/350 | 08:03:01
[TRAIN] Step 219 | Loss=0.705038 | Best makespan in group=292.00
[TRAIN] Step 220/350 | 08:03:21
[TRAIN] Step 220 | Loss=0.815902 | Best makespan in group=327.00
[TRAIN] Step 221/350 | 08:03:41
[TRAIN] Step 221 | Loss=0.683196 | Best makespan in group=391.00
[TRAIN] Step 222/350 | 08:04:04
[TRAIN] Step 222 | Loss=0.642497 | Best makespan in group=397.00
[TRAIN] Step 223/350 | 08:04:26
[TRAIN] Step 223 | Loss=0.665065 | Best makespan in group=428.00
[TRAIN] Step 224/350 | 08:04:50
[TRAIN] Step 224 | Loss=0.559791 | Best makespan in group=329.00
[TRAIN] Step 225/350 | 08:05:16
[TRAIN] Step 225 | Loss=0.747109 | Best makespan in group=315.00
[TRAIN][VAL][ep 225] avg_gap=0.1502 | std_gap=0.0754 | q80_gap=0.2330 | n=20
[TRAIN] Validation improved | smoothed_avg_gap=0.1476 (raw=0.1502) | saving candidate: 364896806781071.pth
[TRAIN] Step 226/350 | 08:06:30
[TRAIN] Step 226 | Loss=0.570911 | Best makespan in group=345.00
[TRAIN] Step 227/350 | 08:06:51
[TRAIN] Step 227 | Loss=0.665687 | Best makespan in group=410.00
[TRAIN] Step 228/350 | 08:07:14
[TRAIN] Step 228 | Loss=0.640716 | Best makespan in group=385.00
[TRAIN] Step 229/350 | 08:07:40
[TRAIN] Step 229 | Loss=0.649573 | Best makespan in group=356.00
[TRAIN] Step 230/350 | 08:08:03
[TRAIN] Step 230 | Loss=0.538208 | Best makespan in group=400.00
[TRAIN] Step 231/350 | 08:08:27
[TRAIN] Step 231 | Loss=0.581856 | Best makespan in group=327.00
[TRAIN] Step 232/350 | 08:08:52
[TRAIN] Step 232 | Loss=0.643677 | Best makespan in group=369.00
[TRAIN] Step 233/350 | 08:09:16
[TRAIN] Step 233 | Loss=0.582136 | Best makespan in group=374.00
[TRAIN] Step 234/350 | 08:09:42
[TRAIN] Step 234 | Loss=0.598338 | Best makespan in group=411.00
[TRAIN] Step 235/350 | 08:10:04
[TRAIN] Step 235 | Loss=0.718768 | Best makespan in group=433.00
[TRAIN] Step 236/350 | 08:10:29
[TRAIN] Step 236 | Loss=0.750065 | Best makespan in group=447.00
[TRAIN] Step 237/350 | 08:10:49
[TRAIN] Step 237 | Loss=0.778257 | Best makespan in group=355.00
[TRAIN] Step 238/350 | 08:11:07
[TRAIN] Step 238 | Loss=0.615459 | Best makespan in group=301.00
[TRAIN] Step 239/350 | 08:11:33
[TRAIN] Step 239 | Loss=0.635640 | Best makespan in group=344.00
[TRAIN] Step 240/350 | 08:11:56
[TRAIN] Step 240 | Loss=0.619694 | Best makespan in group=413.00
[TRAIN] Step 241/350 | 08:12:15
[TRAIN] Step 241 | Loss=0.623607 | Best makespan in group=404.00
[TRAIN] Step 242/350 | 08:12:44
[TRAIN] Step 242 | Loss=0.643192 | Best makespan in group=373.00
[TRAIN] Step 243/350 | 08:13:11
[TRAIN] Step 243 | Loss=0.613528 | Best makespan in group=344.00
[TRAIN] Step 244/350 | 08:13:30
[TRAIN] Step 244 | Loss=0.686895 | Best makespan in group=383.00
[TRAIN] Step 245/350 | 08:13:56
[TRAIN] Step 245 | Loss=0.660166 | Best makespan in group=388.00
[TRAIN] Step 246/350 | 08:14:18
[TRAIN] Step 246 | Loss=0.570794 | Best makespan in group=341.00
[TRAIN] Step 247/350 | 08:14:44
[TRAIN] Step 247 | Loss=0.656724 | Best makespan in group=412.00
[TRAIN] Step 248/350 | 08:15:05
[TRAIN] Step 248 | Loss=0.607205 | Best makespan in group=385.00
[TRAIN] Step 249/350 | 08:15:25
[TRAIN] Step 249 | Loss=0.717196 | Best makespan in group=402.00
[TRAIN] Step 250/350 | 08:15:49
[TRAIN] Step 250 | Loss=0.699251 | Best makespan in group=450.00
[TRAIN][VAL][ep 250] avg_gap=0.1833 | std_gap=0.1011 | q80_gap=0.2515 | n=20
[TRAIN] Step 251/350 | 08:17:03
[TRAIN] Step 251 | Loss=0.659030 | Best makespan in group=400.00
[TRAIN] Step 252/350 | 08:17:26
[TRAIN] Step 252 | Loss=0.688422 | Best makespan in group=338.00
[TRAIN] Step 253/350 | 08:17:55
[TRAIN] Step 253 | Loss=0.552284 | Best makespan in group=292.00
[TRAIN] Step 254/350 | 08:18:15
[TRAIN] Step 254 | Loss=0.625488 | Best makespan in group=439.00
[TRAIN] Step 255/350 | 08:18:40
[TRAIN] Step 255 | Loss=0.660510 | Best makespan in group=345.00
[TRAIN] Step 256/350 | 08:19:07
[TRAIN] Step 256 | Loss=0.656302 | Best makespan in group=315.00
[TRAIN] Step 257/350 | 08:19:27
[TRAIN] Step 257 | Loss=0.639425 | Best makespan in group=317.00
[TRAIN] Step 258/350 | 08:19:48
[TRAIN] Step 258 | Loss=0.658586 | Best makespan in group=333.00
[TRAIN] Step 259/350 | 08:20:10
[TRAIN] Step 259 | Loss=0.746318 | Best makespan in group=356.00
[TRAIN] Step 260/350 | 08:20:33
[TRAIN] Step 260 | Loss=0.752078 | Best makespan in group=328.00
[TRAIN] Step 261/350 | 08:20:53
[TRAIN] Step 261 | Loss=0.578236 | Best makespan in group=314.00
[TRAIN] Step 262/350 | 08:21:14
[TRAIN] Step 262 | Loss=0.710719 | Best makespan in group=404.00
[TRAIN] Step 263/350 | 08:21:42
[TRAIN] Step 263 | Loss=0.721718 | Best makespan in group=331.00
[TRAIN] Step 264/350 | 08:22:07
[TRAIN] Step 264 | Loss=0.663617 | Best makespan in group=377.00
[TRAIN] Step 265/350 | 08:22:36
[TRAIN] Step 265 | Loss=0.559896 | Best makespan in group=299.00
[TRAIN] Step 266/350 | 08:23:01
[TRAIN] Step 266 | Loss=0.663679 | Best makespan in group=394.00
[TRAIN] Step 267/350 | 08:23:25
[TRAIN] Step 267 | Loss=0.629697 | Best makespan in group=368.00
[TRAIN] Step 268/350 | 08:23:52
[TRAIN] Step 268 | Loss=0.585472 | Best makespan in group=383.00
[TRAIN] Step 269/350 | 08:24:18
[TRAIN] Step 269 | Loss=0.644901 | Best makespan in group=341.00
[TRAIN] Step 270/350 | 08:24:43
[TRAIN] Step 270 | Loss=0.719889 | Best makespan in group=343.00
[TRAIN] Step 271/350 | 08:25:12
[TRAIN] Step 271 | Loss=0.619491 | Best makespan in group=320.00
[TRAIN] Step 272/350 | 08:25:31
[TRAIN] Step 272 | Loss=0.729847 | Best makespan in group=364.00
[TRAIN] Step 273/350 | 08:25:55
[TRAIN] Step 273 | Loss=0.890962 | Best makespan in group=435.00
[TRAIN] Step 274/350 | 08:26:19
[TRAIN] Step 274 | Loss=0.667625 | Best makespan in group=387.00
[TRAIN] Step 275/350 | 08:26:39
[TRAIN] Step 275 | Loss=0.656728 | Best makespan in group=315.00
[TRAIN][VAL][ep 275] avg_gap=0.1709 | std_gap=0.0827 | q80_gap=0.2440 | n=20
[TRAIN] Step 276/350 | 08:27:49
[TRAIN] Step 276 | Loss=0.690023 | Best makespan in group=405.00
[TRAIN] Step 277/350 | 08:28:12
[TRAIN] Step 277 | Loss=0.674499 | Best makespan in group=408.00
[TRAIN] Step 278/350 | 08:28:34
[TRAIN] Step 278 | Loss=0.695379 | Best makespan in group=344.00
[TRAIN] Step 279/350 | 08:28:54
[TRAIN] Step 279 | Loss=0.789912 | Best makespan in group=344.00
[TRAIN] Step 280/350 | 08:29:17
[TRAIN] Step 280 | Loss=0.721484 | Best makespan in group=408.00
[TRAIN] Step 281/350 | 08:29:35
[TRAIN] Step 281 | Loss=0.715583 | Best makespan in group=422.00
[TRAIN] Step 282/350 | 08:29:59
[TRAIN] Step 282 | Loss=0.755510 | Best makespan in group=356.00
[TRAIN] Step 283/350 | 08:30:23
[TRAIN] Step 283 | Loss=0.654360 | Best makespan in group=358.00
[TRAIN] Step 284/350 | 08:30:42
[TRAIN] Step 284 | Loss=0.604802 | Best makespan in group=334.00
[TRAIN] Step 285/350 | 08:31:03
[TRAIN] Step 285 | Loss=0.716198 | Best makespan in group=292.00
[TRAIN] Step 286/350 | 08:31:23
[TRAIN] Step 286 | Loss=0.643719 | Best makespan in group=350.00
[TRAIN] Step 287/350 | 08:31:52
[TRAIN] Step 287 | Loss=0.676545 | Best makespan in group=413.00
[TRAIN] Step 288/350 | 08:32:16
[TRAIN] Step 288 | Loss=0.674703 | Best makespan in group=424.00
[TRAIN] Step 289/350 | 08:32:37
[TRAIN] Step 289 | Loss=0.618065 | Best makespan in group=447.00
[TRAIN] Step 290/350 | 08:33:02
[TRAIN] Step 290 | Loss=0.634756 | Best makespan in group=400.00
[TRAIN] Step 291/350 | 08:33:23
[TRAIN] Step 291 | Loss=0.628950 | Best makespan in group=394.00
[TRAIN] Step 292/350 | 08:33:47
[TRAIN] Step 292 | Loss=0.734166 | Best makespan in group=408.00
[TRAIN] Step 293/350 | 08:34:07
[TRAIN] Step 293 | Loss=0.729794 | Best makespan in group=444.00
[TRAIN] Step 294/350 | 08:34:33
[TRAIN] Step 294 | Loss=0.814368 | Best makespan in group=432.00
[TRAIN] Step 295/350 | 08:34:57
[TRAIN] Step 295 | Loss=0.687188 | Best makespan in group=409.00
[TRAIN] Step 296/350 | 08:35:19
[TRAIN] Step 296 | Loss=0.738896 | Best makespan in group=311.00
[TRAIN] Step 297/350 | 08:35:46
[TRAIN] Step 297 | Loss=0.655673 | Best makespan in group=444.00
[TRAIN] Step 298/350 | 08:36:10
[TRAIN] Step 298 | Loss=0.704853 | Best makespan in group=363.00
[TRAIN] Step 299/350 | 08:36:39
[TRAIN] Step 299 | Loss=0.680804 | Best makespan in group=410.00
[TRAIN] Step 300/350 | 08:37:03
[TRAIN] Step 300 | Loss=0.660099 | Best makespan in group=338.00
[TRAIN][VAL][ep 300] avg_gap=0.1472 | std_gap=0.0904 | q80_gap=0.2074 | n=20
[TRAIN] Step 301/350 | 08:38:21
[TRAIN] Step 301 | Loss=0.586247 | Best makespan in group=334.00
[TRAIN] Step 302/350 | 08:38:44
[TRAIN] Step 302 | Loss=0.638076 | Best makespan in group=405.00
[TRAIN] Step 303/350 | 08:39:07
[TRAIN] Step 303 | Loss=0.661064 | Best makespan in group=326.00
[TRAIN] Step 304/350 | 08:39:33
[TRAIN] Step 304 | Loss=0.702137 | Best makespan in group=383.00
[TRAIN] Step 305/350 | 08:39:56
[TRAIN] Step 305 | Loss=0.729162 | Best makespan in group=385.00
[TRAIN] Step 306/350 | 08:40:22
[TRAIN] Step 306 | Loss=0.595516 | Best makespan in group=394.00
[TRAIN] Step 307/350 | 08:40:41
[TRAIN] Step 307 | Loss=0.655151 | Best makespan in group=388.00
[TRAIN] Step 308/350 | 08:41:03
[TRAIN] Step 308 | Loss=0.576824 | Best makespan in group=346.00
[TRAIN] Step 309/350 | 08:41:22
[TRAIN] Step 309 | Loss=0.632939 | Best makespan in group=339.00
[TRAIN] Step 310/350 | 08:41:43
[TRAIN] Step 310 | Loss=0.703121 | Best makespan in group=404.00
[TRAIN] Step 311/350 | 08:42:11
[TRAIN] Step 311 | Loss=0.681736 | Best makespan in group=309.00
[TRAIN] Step 312/350 | 08:42:32
[TRAIN] Step 312 | Loss=0.596440 | Best makespan in group=315.00
[TRAIN] Step 313/350 | 08:42:52
[TRAIN] Step 313 | Loss=0.566269 | Best makespan in group=348.00
[TRAIN] Step 314/350 | 08:43:15
[TRAIN] Step 314 | Loss=0.755537 | Best makespan in group=414.00
[TRAIN] Step 315/350 | 08:43:36
[TRAIN] Step 315 | Loss=0.607743 | Best makespan in group=340.00
[TRAIN] Step 316/350 | 08:44:06
[TRAIN] Step 316 | Loss=0.608845 | Best makespan in group=340.00
[TRAIN] Step 317/350 | 08:44:25
[TRAIN] Step 317 | Loss=0.711801 | Best makespan in group=292.00
[TRAIN] Step 318/350 | 08:44:45
[TRAIN] Step 318 | Loss=0.572053 | Best makespan in group=353.00
[TRAIN] Step 319/350 | 08:45:09
[TRAIN] Step 319 | Loss=0.610358 | Best makespan in group=430.00
[TRAIN] Step 320/350 | 08:45:29
[TRAIN] Step 320 | Loss=0.716277 | Best makespan in group=356.00
[TRAIN] Step 321/350 | 08:45:52
[TRAIN] Step 321 | Loss=0.565520 | Best makespan in group=400.00
[TRAIN] Step 322/350 | 08:46:12
[TRAIN] Step 322 | Loss=0.632471 | Best makespan in group=307.00
[TRAIN] Step 323/350 | 08:46:31
[TRAIN] Step 323 | Loss=0.672433 | Best makespan in group=415.00
[TRAIN] Step 324/350 | 08:46:52
[TRAIN] Step 324 | Loss=0.621682 | Best makespan in group=377.00
[TRAIN] Step 325/350 | 08:47:19
[TRAIN] Step 325 | Loss=0.544104 | Best makespan in group=342.00
[TRAIN][VAL][ep 325] avg_gap=0.1246 | std_gap=0.0770 | q80_gap=0.2120 | n=20
[TRAIN] Validation improved | smoothed_avg_gap=0.1475 (raw=0.1246) | saving candidate: 619244400075137.pth
[TRAIN] Step 326/350 | 08:48:38
[TRAIN] Step 326 | Loss=0.663270 | Best makespan in group=404.00
[TRAIN] Step 327/350 | 08:49:07
[TRAIN] Step 327 | Loss=0.614179 | Best makespan in group=383.00
[TRAIN] Step 328/350 | 08:49:31
[TRAIN] Step 328 | Loss=0.742354 | Best makespan in group=315.00
[TRAIN] Step 329/350 | 08:49:51
[TRAIN] Step 329 | Loss=0.730635 | Best makespan in group=382.00
[TRAIN] Step 330/350 | 08:50:11
[TRAIN] Step 330 | Loss=0.672663 | Best makespan in group=348.00
[TRAIN] Step 331/350 | 08:50:30
[TRAIN] Step 331 | Loss=0.627043 | Best makespan in group=334.00
[TRAIN] Step 332/350 | 08:50:53
[TRAIN] Step 332 | Loss=0.779646 | Best makespan in group=356.00
[TRAIN] Step 333/350 | 08:51:17
[TRAIN] Step 333 | Loss=0.549824 | Best makespan in group=405.00
[TRAIN] Step 334/350 | 08:51:40
[TRAIN] Step 334 | Loss=0.579017 | Best makespan in group=438.00
[TRAIN] Step 335/350 | 08:52:04
[TRAIN] Step 335 | Loss=0.520359 | Best makespan in group=329.00
[TRAIN] Step 336/350 | 08:52:30
[TRAIN] Step 336 | Loss=0.733124 | Best makespan in group=392.00
[TRAIN] Step 337/350 | 08:52:52
[TRAIN] Step 337 | Loss=0.776466 | Best makespan in group=418.00
[TRAIN] Step 338/350 | 08:53:17
[TRAIN] Step 338 | Loss=0.691676 | Best makespan in group=437.00
[TRAIN] Step 339/350 | 08:53:41
[TRAIN] Step 339 | Loss=0.820770 | Best makespan in group=340.00
[TRAIN] Step 340/350 | 08:54:10
[TRAIN] Step 340 | Loss=0.640430 | Best makespan in group=346.00
[TRAIN] Step 341/350 | 08:54:29
[TRAIN] Step 341 | Loss=0.583399 | Best makespan in group=292.00
[TRAIN] Step 342/350 | 08:54:49
[TRAIN] Step 342 | Loss=0.661819 | Best makespan in group=336.00
[TRAIN] Step 343/350 | 08:55:17
[TRAIN] Step 343 | Loss=0.578333 | Best makespan in group=408.00
[TRAIN] Step 344/350 | 08:55:42
[TRAIN] Step 344 | Loss=0.629100 | Best makespan in group=380.00
[TRAIN] Step 345/350 | 08:56:03
[TRAIN] Step 345 | Loss=0.623290 | Best makespan in group=408.00
[TRAIN] Step 346/350 | 08:56:26
[TRAIN] Step 346 | Loss=0.783474 | Best makespan in group=368.00
[TRAIN] Step 347/350 | 08:56:52
[TRAIN] Step 347 | Loss=0.586073 | Best makespan in group=322.00
[TRAIN] Step 348/350 | 08:57:12
[TRAIN] Step 348 | Loss=0.627113 | Best makespan in group=343.00
[TRAIN] Step 349/350 | 08:57:35
[TRAIN] Step 349 | Loss=0.598179 | Best makespan in group=301.00
[TRAIN] Step 350/350 | 08:58:00
[TRAIN] Step 350 | Loss=0.601529 | Best makespan in group=394.00
[TRAIN][VAL][ep 350] avg_gap=0.1546 | std_gap=0.0985 | q80_gap=0.2427 | n=20
[TRAIN] Validation improved | smoothed_avg_gap=0.1421 (raw=0.1546) | saving candidate: 38030729443917.pth
[TRAIN] Evaluating best checkpoint (candidate_models/38030729443917.pth) on the held-out test split...
[TRAIN][TEST] avg_gap=0.1331 | std_gap=0.1089 | q80_gap=0.2381 | n=20
[TRAIN][09:00:05] Training ended. Validation history and plots updated.
