D:\Dissertação\dissertation-bopo_introduction\venv\Lib\site-packages\torch\jit\_script.py:1485: FutureWarning: `torch.jit.script` is not supported in Python 3.14+ and may break. Please switch to `torch.compile` or `torch.export`.
  warnings.warn(
============================================================
[TRAIN] Training started at: 2026-10-02 12:04:02
[TRAIN] Hyperparams | max_steps=350 | new_freq=200
[TRAIN]             | n_cases=30 | B=32 | K=10 | use_greedy=True | lr=0.0047 (decaying to 9.40e-04)
[TRAIN]             | warm_start_steps=200 | checkpoint_smooth_window=3 | seed=43
[TRAIN]             | hidden_channels=128 | num_layers=3 | heads=3
[TRAIN]             | logp_norm=mean | exclude_greedy_from_loss=True
[TRAIN] Representation | ojmb_feat_v2 | GNN | gin | jm_design | edges
[TRAIN] Device | cuda:0 (NVIDIA GeForce GTX 1650 Ti)
[TRAIN] Problem size | jobs=[8,10] | machines=[5,10] | ops_per_job=[5,6] | max_proc=100
============================================================
[TRAIN] Output run folder: results\batching_gin_L3_k5_ojmb_feat_v2_s43_steps
[TRAIN] Validation config | every=25 steps | instances=20 (representative subset)
[TRAIN][TEACHER] validation avg_gap=0.5273 | q80_gap=0.7198 || test avg_gap=0.4277 | q80_gap=0.6075
[TRAIN] Step metrics | every step on 4 validation instance(s) (bat001, bat003, bat005, bat007) -> results\batching_gin_L3_k5_ojmb_feat_v2_s43_steps\step_metrics.json
[TRAIN] Warm-start (behavior cloning vs. dispatch heuristic) | 200 step(s)...
[TRAIN][WARMSTART] step 10/200 | instance=26 | bc_loss=2.3700 | decisions=41
[TRAIN][WARMSTART] step 20/200 | instance=5 | bc_loss=2.3060 | decisions=53
[TRAIN][WARMSTART] step 30/200 | instance=28 | bc_loss=1.7794 | decisions=48
[TRAIN][WARMSTART] step 40/200 | instance=0 | bc_loss=1.2641 | decisions=38
[TRAIN][WARMSTART] step 50/200 | instance=14 | bc_loss=1.4477 | decisions=40
[TRAIN][WARMSTART] step 60/200 | instance=20 | bc_loss=1.3639 | decisions=42
[TRAIN][WARMSTART] step 70/200 | instance=23 | bc_loss=1.0570 | decisions=43
[TRAIN][WARMSTART] step 80/200 | instance=20 | bc_loss=1.1210 | decisions=42
[TRAIN][WARMSTART] step 90/200 | instance=5 | bc_loss=1.8814 | decisions=53
[TRAIN][WARMSTART] step 100/200 | instance=10 | bc_loss=0.8629 | decisions=48
[TRAIN][WARMSTART] step 110/200 | instance=27 | bc_loss=1.5341 | decisions=52
[TRAIN][WARMSTART] step 120/200 | instance=5 | bc_loss=1.7057 | decisions=53
[TRAIN][WARMSTART] step 130/200 | instance=27 | bc_loss=1.1481 | decisions=52
[TRAIN][WARMSTART] step 140/200 | instance=29 | bc_loss=0.9560 | decisions=44
[TRAIN][WARMSTART] step 150/200 | instance=12 | bc_loss=0.9807 | decisions=46
[TRAIN][WARMSTART] step 160/200 | instance=3 | bc_loss=0.9823 | decisions=44
[TRAIN][WARMSTART] step 170/200 | instance=15 | bc_loss=0.9952 | decisions=43
[TRAIN][WARMSTART] step 180/200 | instance=23 | bc_loss=0.6145 | decisions=43
[TRAIN][WARMSTART] step 190/200 | instance=24 | bc_loss=0.9315 | decisions=54
[TRAIN][WARMSTART] step 200/200 | instance=13 | bc_loss=0.7147 | decisions=38
[TRAIN] Warm-start complete, switching to BOPO preference optimization.
------------------------------------------------------------
[TRAIN] BOPO agent ready. Starting training loop for 350 step(s)...
------------------------------------------------------------
[TRAIN] Step 1/350 | 12:15:01
[TRAIN] Step 1 | Loss=0.601564 | Best makespan in group=471.00
[TRAIN] Step 2/350 | 12:16:54
[TRAIN] Step 2 | Loss=0.803696 | Best makespan in group=406.00
[TRAIN] Step 3/350 | 12:17:25
[TRAIN] Step 3 | Loss=1.173045 | Best makespan in group=468.00
[TRAIN] Step 4/350 | 12:17:54
[TRAIN] Step 4 | Loss=0.771682 | Best makespan in group=459.00
[TRAIN] Step 5/350 | 12:18:25
[TRAIN] Step 5 | Loss=0.625265 | Best makespan in group=580.00
[TRAIN] Step 6/350 | 12:18:54
[TRAIN] Step 6 | Loss=0.855115 | Best makespan in group=506.00
[TRAIN] Step 7/350 | 12:19:25
[TRAIN] Step 7 | Loss=0.820547 | Best makespan in group=519.00
[TRAIN] Step 8/350 | 12:20:02
[TRAIN] Step 8 | Loss=0.697977 | Best makespan in group=509.00
[TRAIN] Step 9/350 | 12:20:36
[TRAIN] Step 9 | Loss=0.678504 | Best makespan in group=573.00
[TRAIN] Step 10/350 | 12:21:13
[TRAIN] Step 10 | Loss=0.806045 | Best makespan in group=618.00
[TRAIN] Step 11/350 | 12:22:21
[TRAIN] Step 11 | Loss=0.826002 | Best makespan in group=444.00
[TRAIN] Step 12/350 | 12:23:29
[TRAIN] Step 12 | Loss=1.140331 | Best makespan in group=427.00
[TRAIN] Step 13/350 | 12:24:08
[TRAIN] Step 13 | Loss=1.052100 | Best makespan in group=516.00
[TRAIN] Step 14/350 | 12:24:40
[TRAIN] Step 14 | Loss=0.848530 | Best makespan in group=499.00
[TRAIN] Step 15/350 | 12:25:12
[TRAIN] Step 15 | Loss=0.913524 | Best makespan in group=551.00
[TRAIN] Step 16/350 | 12:25:40
[TRAIN] Step 16 | Loss=0.865407 | Best makespan in group=420.00
[TRAIN] Step 17/350 | 12:26:15
[TRAIN] Step 17 | Loss=0.909552 | Best makespan in group=445.00
[TRAIN] Step 18/350 | 12:26:41
[TRAIN] Step 18 | Loss=0.688273 | Best makespan in group=372.00
[TRAIN] Step 19/350 | 12:27:15
[TRAIN] Step 19 | Loss=0.930312 | Best makespan in group=284.00
[TRAIN] Step 20/350 | 12:27:46
[TRAIN] Step 20 | Loss=1.026483 | Best makespan in group=370.00
[TRAIN] Step 21/350 | 12:28:16
[TRAIN] Step 21 | Loss=0.551078 | Best makespan in group=394.00
[TRAIN] Step 22/350 | 12:28:47
[TRAIN] Step 22 | Loss=0.827909 | Best makespan in group=434.00
[TRAIN] Step 23/350 | 12:29:15
[TRAIN] Step 23 | Loss=0.629206 | Best makespan in group=631.00
[TRAIN] Step 24/350 | 12:29:43
[TRAIN] Step 24 | Loss=0.774590 | Best makespan in group=531.00
[TRAIN] Step 25/350 | 12:30:15
[TRAIN] Step 25 | Loss=0.851833 | Best makespan in group=434.00
[TRAIN][VAL][ep 25] avg_gap=0.4032 | std_gap=0.1761 | q80_gap=0.5082 | n=20
[TRAIN] Validation improved | smoothed_avg_gap=0.4032 (raw=0.4032) | saving candidate: 350531544452139.pth
[TRAIN] Step 26/350 | 12:31:32
[TRAIN] Step 26 | Loss=0.842196 | Best makespan in group=363.00
[TRAIN] Step 27/350 | 12:32:04
[TRAIN] Step 27 | Loss=0.719032 | Best makespan in group=386.00
[TRAIN] Step 28/350 | 12:32:40
[TRAIN] Step 28 | Loss=0.716645 | Best makespan in group=371.00
[TRAIN] Step 29/350 | 12:33:11
[TRAIN] Step 29 | Loss=0.940858 | Best makespan in group=379.00
[TRAIN] Step 30/350 | 12:33:50
[TRAIN] Step 30 | Loss=0.603518 | Best makespan in group=356.00
[TRAIN] Step 31/350 | 12:34:21
[TRAIN] Step 31 | Loss=0.902115 | Best makespan in group=411.00
[TRAIN] Step 32/350 | 12:34:49
[TRAIN] Step 32 | Loss=0.624165 | Best makespan in group=349.00
[TRAIN] Step 33/350 | 12:35:18
[TRAIN] Step 33 | Loss=0.685847 | Best makespan in group=479.00
[TRAIN] Step 34/350 | 12:35:57
[TRAIN] Step 34 | Loss=0.715544 | Best makespan in group=289.00
[TRAIN] Step 35/350 | 12:36:26
[TRAIN] Step 35 | Loss=0.625875 | Best makespan in group=492.00
[TRAIN] Step 36/350 | 12:36:54
[TRAIN] Step 36 | Loss=0.699197 | Best makespan in group=372.00
[TRAIN] Step 37/350 | 12:37:27
[TRAIN] Step 37 | Loss=0.551615 | Best makespan in group=388.00
[TRAIN] Step 38/350 | 12:37:59
[TRAIN] Step 38 | Loss=0.589883 | Best makespan in group=530.00
[TRAIN] Step 39/350 | 12:38:36
[TRAIN] Step 39 | Loss=0.797968 | Best makespan in group=408.00
[TRAIN] Step 40/350 | 12:39:09
[TRAIN] Step 40 | Loss=0.629944 | Best makespan in group=398.00
[TRAIN] Step 41/350 | 12:39:42
[TRAIN] Step 41 | Loss=0.633022 | Best makespan in group=340.00
[TRAIN] Step 42/350 | 12:40:12
[TRAIN] Step 42 | Loss=0.501444 | Best makespan in group=330.00
[TRAIN] Step 43/350 | 12:40:44
[TRAIN] Step 43 | Loss=0.737762 | Best makespan in group=433.00
[TRAIN] Step 44/350 | 12:41:19
[TRAIN] Step 44 | Loss=0.621343 | Best makespan in group=568.00
[TRAIN] Step 45/350 | 12:41:47
[TRAIN] Step 45 | Loss=0.691730 | Best makespan in group=388.00
[TRAIN] Step 46/350 | 12:42:22
[TRAIN] Step 46 | Loss=0.635801 | Best makespan in group=374.00
[TRAIN] Step 47/350 | 12:42:56
[TRAIN] Step 47 | Loss=0.614222 | Best makespan in group=392.00
[TRAIN] Step 48/350 | 12:43:23
[TRAIN] Step 48 | Loss=0.571620 | Best makespan in group=426.00
[TRAIN] Step 49/350 | 12:43:55
[TRAIN] Step 49 | Loss=0.758750 | Best makespan in group=466.00
[TRAIN] Step 50/350 | 12:44:28
[TRAIN] Step 50 | Loss=0.589039 | Best makespan in group=373.00
[TRAIN][VAL][ep 50] avg_gap=0.2895 | std_gap=0.1205 | q80_gap=0.3907 | n=20
[TRAIN] Validation improved | smoothed_avg_gap=0.3464 (raw=0.2895) | saving candidate: 362159670026873.pth
[TRAIN] Step 51/350 | 12:45:29
[TRAIN] Step 51 | Loss=0.629675 | Best makespan in group=452.00
[TRAIN] Step 52/350 | 12:46:00
[TRAIN] Step 52 | Loss=0.611650 | Best makespan in group=324.00
[TRAIN] Step 53/350 | 12:46:34
[TRAIN] Step 53 | Loss=0.766565 | Best makespan in group=540.00
[TRAIN] Step 54/350 | 12:47:06
[TRAIN] Step 54 | Loss=0.685758 | Best makespan in group=579.00
[TRAIN] Step 55/350 | 12:47:36
[TRAIN] Step 55 | Loss=0.823361 | Best makespan in group=442.00
[TRAIN] Step 56/350 | 12:48:10
[TRAIN] Step 56 | Loss=0.623621 | Best makespan in group=411.00
[TRAIN] Step 57/350 | 12:48:45
[TRAIN] Step 57 | Loss=0.822359 | Best makespan in group=419.00
[TRAIN] Step 58/350 | 12:49:21
[TRAIN] Step 58 | Loss=0.655191 | Best makespan in group=375.00
[TRAIN] Step 59/350 | 12:49:59
[TRAIN] Step 59 | Loss=0.757777 | Best makespan in group=336.00
[TRAIN] Step 60/350 | 12:50:28
[TRAIN] Step 60 | Loss=0.811404 | Best makespan in group=408.00
[TRAIN] Step 61/350 | 12:50:58
[TRAIN] Step 61 | Loss=0.659907 | Best makespan in group=383.00
[TRAIN] Step 62/350 | 12:51:29
[TRAIN] Step 62 | Loss=0.667865 | Best makespan in group=438.00
[TRAIN] Step 63/350 | 12:52:02
[TRAIN] Step 63 | Loss=0.729549 | Best makespan in group=433.00
[TRAIN] Step 64/350 | 12:52:36
[TRAIN] Step 64 | Loss=0.493753 | Best makespan in group=476.00
[TRAIN] Step 65/350 | 12:53:07
[TRAIN] Step 65 | Loss=0.612432 | Best makespan in group=341.00
[TRAIN] Step 66/350 | 12:53:41
[TRAIN] Step 66 | Loss=0.641474 | Best makespan in group=342.00
[TRAIN] Step 67/350 | 12:54:12
[TRAIN] Step 67 | Loss=0.752156 | Best makespan in group=389.00
[TRAIN] Step 68/350 | 12:54:51
[TRAIN] Step 68 | Loss=0.649825 | Best makespan in group=349.00
[TRAIN] Step 69/350 | 12:55:19
[TRAIN] Step 69 | Loss=0.753741 | Best makespan in group=507.00
[TRAIN] Step 70/350 | 12:55:47
[TRAIN] Step 70 | Loss=0.647744 | Best makespan in group=475.00
[TRAIN] Step 71/350 | 12:56:19
[TRAIN] Step 71 | Loss=0.567125 | Best makespan in group=452.00
[TRAIN] Step 72/350 | 12:56:56
[TRAIN] Step 72 | Loss=0.706822 | Best makespan in group=371.00
[TRAIN] Step 73/350 | 12:57:24
[TRAIN] Step 73 | Loss=0.655787 | Best makespan in group=610.00
[TRAIN] Step 74/350 | 12:57:54
[TRAIN] Step 74 | Loss=0.855417 | Best makespan in group=551.00
[TRAIN] Step 75/350 | 12:58:21
[TRAIN] Step 75 | Loss=0.501858 | Best makespan in group=409.00
[TRAIN][VAL][ep 75] avg_gap=0.2470 | std_gap=0.1037 | q80_gap=0.3174 | n=20
[TRAIN] Validation improved | smoothed_avg_gap=0.3133 (raw=0.2470) | saving candidate: 682923742396158.pth
[TRAIN] Step 76/350 | 12:59:22
[TRAIN] Step 76 | Loss=0.542812 | Best makespan in group=555.00
[TRAIN] Step 77/350 | 12:59:53
[TRAIN] Step 77 | Loss=0.873212 | Best makespan in group=391.00
[TRAIN] Step 78/350 | 13:00:19
[TRAIN] Step 78 | Loss=0.442885 | Best makespan in group=396.00
[TRAIN] Step 79/350 | 13:00:56
[TRAIN] Step 79 | Loss=0.620984 | Best makespan in group=357.00
[TRAIN] Step 80/350 | 13:01:26
[TRAIN] Step 80 | Loss=0.595707 | Best makespan in group=278.00
[TRAIN] Step 81/350 | 13:01:56
[TRAIN] Step 81 | Loss=0.488201 | Best makespan in group=436.00
[TRAIN] Step 82/350 | 13:02:36
[TRAIN] Step 82 | Loss=0.634122 | Best makespan in group=366.00
[TRAIN] Step 83/350 | 13:03:15
[TRAIN] Step 83 | Loss=0.746880 | Best makespan in group=395.00
[TRAIN] Step 84/350 | 13:03:47
[TRAIN] Step 84 | Loss=0.616904 | Best makespan in group=383.00
[TRAIN] Step 85/350 | 13:04:15
[TRAIN] Step 85 | Loss=0.756544 | Best makespan in group=478.00
[TRAIN] Step 86/350 | 13:04:49
[TRAIN] Step 86 | Loss=0.760826 | Best makespan in group=338.00
[TRAIN] Step 87/350 | 13:05:19
[TRAIN] Step 87 | Loss=0.654293 | Best makespan in group=370.00
[TRAIN] Step 88/350 | 13:05:52
[TRAIN] Step 88 | Loss=0.659250 | Best makespan in group=352.00
[TRAIN] Step 89/350 | 13:06:24
[TRAIN] Step 89 | Loss=0.658909 | Best makespan in group=412.00
[TRAIN] Step 90/350 | 13:06:58
[TRAIN] Step 90 | Loss=0.670807 | Best makespan in group=391.00
[TRAIN] Step 91/350 | 13:07:29
[TRAIN] Step 91 | Loss=0.792862 | Best makespan in group=370.00
[TRAIN] Step 92/350 | 13:08:05
[TRAIN] Step 92 | Loss=0.775324 | Best makespan in group=427.00
[TRAIN] Step 93/350 | 13:08:36
[TRAIN] Step 93 | Loss=0.600780 | Best makespan in group=530.00
[TRAIN] Step 94/350 | 13:09:07
[TRAIN] Step 94 | Loss=0.753107 | Best makespan in group=403.00
[TRAIN] Step 95/350 | 13:09:42
[TRAIN] Step 95 | Loss=0.564742 | Best makespan in group=349.00
[TRAIN] Step 96/350 | 13:10:12
[TRAIN] Step 96 | Loss=0.456153 | Best makespan in group=338.00
[TRAIN] Step 97/350 | 13:10:40
[TRAIN] Step 97 | Loss=0.607998 | Best makespan in group=430.00
[TRAIN] Step 98/350 | 13:11:15
[TRAIN] Step 98 | Loss=0.583864 | Best makespan in group=276.00
[TRAIN] Step 99/350 | 13:11:45
[TRAIN] Step 99 | Loss=0.567636 | Best makespan in group=555.00
[TRAIN] Step 100/350 | 13:12:12
[TRAIN] Step 100 | Loss=0.664661 | Best makespan in group=369.00
[TRAIN][VAL][ep 100] avg_gap=0.2041 | std_gap=0.0732 | q80_gap=0.2758 | n=20
[TRAIN] Validation improved | smoothed_avg_gap=0.2469 (raw=0.2041) | saving candidate: 373504021728370.pth
[TRAIN] Step 101/350 | 13:13:07
[TRAIN] Step 101 | Loss=0.656819 | Best makespan in group=413.00
[TRAIN] Step 102/350 | 13:13:39
[TRAIN] Step 102 | Loss=0.696859 | Best makespan in group=481.00
[TRAIN] Step 103/350 | 13:14:08
[TRAIN] Step 103 | Loss=0.749290 | Best makespan in group=425.00
[TRAIN] Step 104/350 | 13:14:41
[TRAIN] Step 104 | Loss=0.657908 | Best makespan in group=463.00
[TRAIN] Step 105/350 | 13:15:08
[TRAIN] Step 105 | Loss=0.638346 | Best makespan in group=372.00
[TRAIN] Step 106/350 | 13:15:38
[TRAIN] Step 106 | Loss=0.711749 | Best makespan in group=379.00
[TRAIN] Step 107/350 | 13:16:04
[TRAIN] Step 107 | Loss=0.580130 | Best makespan in group=406.00
[TRAIN] Step 108/350 | 13:16:38
[TRAIN] Step 108 | Loss=0.823166 | Best makespan in group=438.00
[TRAIN] Step 109/350 | 13:17:09
[TRAIN] Step 109 | Loss=0.678898 | Best makespan in group=351.00
[TRAIN] Step 110/350 | 13:17:40
[TRAIN] Step 110 | Loss=0.528776 | Best makespan in group=399.00
[TRAIN] Step 111/350 | 13:18:12
[TRAIN] Step 111 | Loss=0.704437 | Best makespan in group=450.00
[TRAIN] Step 112/350 | 13:18:49
[TRAIN] Step 112 | Loss=0.590156 | Best makespan in group=400.00
[TRAIN] Step 113/350 | 13:19:25
[TRAIN] Step 113 | Loss=0.566278 | Best makespan in group=366.00
[TRAIN] Step 114/350 | 13:19:58
[TRAIN] Step 114 | Loss=0.650568 | Best makespan in group=313.00
[TRAIN] Step 115/350 | 13:20:30
[TRAIN] Step 115 | Loss=0.751757 | Best makespan in group=388.00
[TRAIN] Step 116/350 | 13:21:01
[TRAIN] Step 116 | Loss=0.675346 | Best makespan in group=368.00
[TRAIN] Step 117/350 | 13:21:39
[TRAIN] Step 117 | Loss=0.583344 | Best makespan in group=335.00
[TRAIN] Step 118/350 | 13:22:07
[TRAIN] Step 118 | Loss=0.674947 | Best makespan in group=375.00
[TRAIN] Step 119/350 | 13:22:37
[TRAIN] Step 119 | Loss=0.715011 | Best makespan in group=483.00
[TRAIN] Step 120/350 | 13:23:10
[TRAIN] Step 120 | Loss=0.744274 | Best makespan in group=356.00
[TRAIN] Step 121/350 | 13:23:39
[TRAIN] Step 121 | Loss=0.617548 | Best makespan in group=415.00
[TRAIN] Step 122/350 | 13:24:12
[TRAIN] Step 122 | Loss=0.611903 | Best makespan in group=429.00
[TRAIN] Step 123/350 | 13:24:43
[TRAIN] Step 123 | Loss=0.674190 | Best makespan in group=364.00
[TRAIN] Step 124/350 | 13:25:09
[TRAIN] Step 124 | Loss=0.771279 | Best makespan in group=377.00
[TRAIN] Step 125/350 | 13:25:44
[TRAIN] Step 125 | Loss=0.747939 | Best makespan in group=334.00
[TRAIN][VAL][ep 125] avg_gap=0.2580 | std_gap=0.1152 | q80_gap=0.3370 | n=20
[TRAIN] Validation improved | smoothed_avg_gap=0.2363 (raw=0.2580) | saving candidate: 920383089781836.pth
[TRAIN] Step 126/350 | 13:26:41
[TRAIN] Step 126 | Loss=0.604232 | Best makespan in group=526.00
[TRAIN] Step 127/350 | 13:27:13
[TRAIN] Step 127 | Loss=0.546938 | Best makespan in group=380.00
[TRAIN] Step 128/350 | 13:27:47
[TRAIN] Step 128 | Loss=0.679398 | Best makespan in group=428.00
[TRAIN] Step 129/350 | 13:28:18
[TRAIN] Step 129 | Loss=0.748015 | Best makespan in group=422.00
[TRAIN] Step 130/350 | 13:28:50
[TRAIN] Step 130 | Loss=0.731517 | Best makespan in group=423.00
[TRAIN] Step 131/350 | 13:29:20
[TRAIN] Step 131 | Loss=0.609412 | Best makespan in group=377.00
[TRAIN] Step 132/350 | 13:29:54
[TRAIN] Step 132 | Loss=0.836841 | Best makespan in group=530.00
[TRAIN] Step 133/350 | 13:30:21
[TRAIN] Step 133 | Loss=0.584904 | Best makespan in group=454.00
[TRAIN] Step 134/350 | 13:30:56
[TRAIN] Step 134 | Loss=0.695630 | Best makespan in group=426.00
[TRAIN] Step 135/350 | 13:31:23
[TRAIN] Step 135 | Loss=0.599326 | Best makespan in group=408.00
[TRAIN] Step 136/350 | 13:31:56
[TRAIN] Step 136 | Loss=0.622078 | Best makespan in group=359.00
[TRAIN] Step 137/350 | 13:32:26
[TRAIN] Step 137 | Loss=0.550009 | Best makespan in group=386.00
[TRAIN] Step 138/350 | 13:32:56
[TRAIN] Step 138 | Loss=0.712427 | Best makespan in group=372.00
[TRAIN] Step 139/350 | 13:33:34
[TRAIN] Step 139 | Loss=0.702253 | Best makespan in group=345.00
[TRAIN] Step 140/350 | 13:34:01
[TRAIN] Step 140 | Loss=0.562245 | Best makespan in group=365.00
[TRAIN] Step 141/350 | 13:34:31
[TRAIN] Step 141 | Loss=0.616261 | Best makespan in group=402.00
[TRAIN] Step 142/350 | 13:35:05
[TRAIN] Step 142 | Loss=0.625984 | Best makespan in group=371.00
[TRAIN] Step 143/350 | 13:35:36
[TRAIN] Step 143 | Loss=0.868819 | Best makespan in group=495.00
[TRAIN] Step 144/350 | 13:36:05
[TRAIN] Step 144 | Loss=0.546134 | Best makespan in group=456.00
[TRAIN] Step 145/350 | 13:36:42
[TRAIN] Step 145 | Loss=0.513259 | Best makespan in group=278.00
[TRAIN] Step 146/350 | 13:37:12
[TRAIN] Step 146 | Loss=0.672074 | Best makespan in group=459.00
[TRAIN] Step 147/350 | 13:37:38
[TRAIN] Step 147 | Loss=0.608540 | Best makespan in group=342.00
[TRAIN] Step 148/350 | 13:38:06
[TRAIN] Step 148 | Loss=0.624823 | Best makespan in group=383.00
[TRAIN] Step 149/350 | 13:38:38
[TRAIN] Step 149 | Loss=0.645136 | Best makespan in group=316.00
[TRAIN] Step 150/350 | 13:39:10
[TRAIN] Step 150 | Loss=0.627757 | Best makespan in group=461.00
[TRAIN][VAL][ep 150] avg_gap=0.1920 | std_gap=0.0917 | q80_gap=0.2559 | n=20
[TRAIN] Validation improved | smoothed_avg_gap=0.2180 (raw=0.1920) | saving candidate: 404909465818745.pth
[TRAIN] Step 151/350 | 13:40:11
[TRAIN] Step 151 | Loss=0.650816 | Best makespan in group=364.00
[TRAIN] Step 152/350 | 13:40:39
[TRAIN] Step 152 | Loss=0.637293 | Best makespan in group=458.00
[TRAIN] Step 153/350 | 13:41:16
[TRAIN] Step 153 | Loss=0.747118 | Best makespan in group=544.00
[TRAIN] Step 154/350 | 13:41:43
[TRAIN] Step 154 | Loss=0.588793 | Best makespan in group=495.00
[TRAIN] Step 155/350 | 13:42:11
[TRAIN] Step 155 | Loss=0.548723 | Best makespan in group=376.00
[TRAIN] Step 156/350 | 13:42:42
[TRAIN] Step 156 | Loss=0.588376 | Best makespan in group=372.00
[TRAIN] Step 157/350 | 13:43:18
[TRAIN] Step 157 | Loss=0.651347 | Best makespan in group=350.00
[TRAIN] Step 158/350 | 13:43:46
[TRAIN] Step 158 | Loss=0.688741 | Best makespan in group=376.00
[TRAIN] Step 159/350 | 13:44:12
[TRAIN] Step 159 | Loss=0.627647 | Best makespan in group=354.00
[TRAIN] Step 160/350 | 13:44:49
[TRAIN] Step 160 | Loss=0.510119 | Best makespan in group=389.00
[TRAIN] Step 161/350 | 13:45:20
[TRAIN] Step 161 | Loss=0.667727 | Best makespan in group=276.00
[TRAIN] Step 162/350 | 13:45:50
[TRAIN] Step 162 | Loss=0.806007 | Best makespan in group=407.00
[TRAIN] Step 163/350 | 13:46:21
[TRAIN] Step 163 | Loss=0.555512 | Best makespan in group=413.00
[TRAIN] Step 164/350 | 13:46:53
[TRAIN] Step 164 | Loss=0.610982 | Best makespan in group=360.00
[TRAIN] Step 165/350 | 13:47:21
[TRAIN] Step 165 | Loss=0.708592 | Best makespan in group=365.00
[TRAIN] Step 166/350 | 13:47:53
[TRAIN] Step 166 | Loss=0.750256 | Best makespan in group=381.00
[TRAIN] Step 167/350 | 13:48:23
[TRAIN] Step 167 | Loss=0.557104 | Best makespan in group=309.00
[TRAIN] Step 168/350 | 13:48:54
[TRAIN] Step 168 | Loss=0.695205 | Best makespan in group=422.00
[TRAIN] Step 169/350 | 13:49:27
[TRAIN] Step 169 | Loss=0.521448 | Best makespan in group=352.00
[TRAIN] Step 170/350 | 13:49:58
[TRAIN] Step 170 | Loss=0.500782 | Best makespan in group=470.00
[TRAIN] Step 171/350 | 13:50:24
[TRAIN] Step 171 | Loss=0.626603 | Best makespan in group=333.00
[TRAIN] Step 172/350 | 13:50:55
[TRAIN] Step 172 | Loss=0.582219 | Best makespan in group=417.00
[TRAIN] Step 173/350 | 13:51:28
[TRAIN] Step 173 | Loss=0.556657 | Best makespan in group=409.00
[TRAIN] Step 174/350 | 13:52:02
[TRAIN] Step 174 | Loss=0.583679 | Best makespan in group=362.00
[TRAIN] Step 175/350 | 13:52:30
[TRAIN] Step 175 | Loss=0.645561 | Best makespan in group=403.00
[TRAIN][VAL][ep 175] avg_gap=0.2024 | std_gap=0.0832 | q80_gap=0.2691 | n=20
[TRAIN] Validation improved | smoothed_avg_gap=0.2174 (raw=0.2024) | saving candidate: 204928968395270.pth
[TRAIN] Step 176/350 | 13:53:32
[TRAIN] Step 176 | Loss=0.597283 | Best makespan in group=360.00
[TRAIN] Step 177/350 | 13:53:57
[TRAIN] Step 177 | Loss=0.646997 | Best makespan in group=494.00
[TRAIN] Step 178/350 | 13:54:28
[TRAIN] Step 178 | Loss=0.632301 | Best makespan in group=488.00
[TRAIN] Step 179/350 | 13:55:00
[TRAIN] Step 179 | Loss=0.635666 | Best makespan in group=415.00
[TRAIN] Step 180/350 | 13:55:30
[TRAIN] Step 180 | Loss=0.734524 | Best makespan in group=381.00
[TRAIN] Step 181/350 | 13:56:04
[TRAIN] Step 181 | Loss=0.593976 | Best makespan in group=368.00
[TRAIN] Step 182/350 | 13:56:31
[TRAIN] Step 182 | Loss=0.706544 | Best makespan in group=351.00
[TRAIN] Step 183/350 | 13:57:09
[TRAIN] Step 183 | Loss=0.681776 | Best makespan in group=401.00
[TRAIN] Step 184/350 | 13:57:43
[TRAIN] Step 184 | Loss=0.592709 | Best makespan in group=270.00
[TRAIN] Step 185/350 | 13:58:13
[TRAIN] Step 185 | Loss=0.698058 | Best makespan in group=353.00
[TRAIN] Step 186/350 | 13:58:43
[TRAIN] Step 186 | Loss=0.614522 | Best makespan in group=420.00
[TRAIN] Step 187/350 | 13:59:17
[TRAIN] Step 187 | Loss=0.685067 | Best makespan in group=413.00
[TRAIN] Step 188/350 | 13:59:47
[TRAIN] Step 188 | Loss=0.718255 | Best makespan in group=544.00
[TRAIN] Step 189/350 | 14:00:13
[TRAIN] Step 189 | Loss=0.599590 | Best makespan in group=430.00
[TRAIN] Step 190/350 | 14:00:47
[TRAIN] Step 190 | Loss=0.637304 | Best makespan in group=486.00
[TRAIN] Step 191/350 | 14:01:20
[TRAIN] Step 191 | Loss=0.694157 | Best makespan in group=377.00
[TRAIN] Step 192/350 | 14:01:50
[TRAIN] Step 192 | Loss=0.721365 | Best makespan in group=443.00
[TRAIN] Step 193/350 | 14:02:16
[TRAIN] Step 193 | Loss=0.659833 | Best makespan in group=415.00
[TRAIN] Step 194/350 | 14:02:49
[TRAIN] Step 194 | Loss=0.752727 | Best makespan in group=308.00
[TRAIN] Step 195/350 | 14:03:21
[TRAIN] Step 195 | Loss=0.679243 | Best makespan in group=341.00
[TRAIN] Step 196/350 | 14:03:51
[TRAIN] Step 196 | Loss=0.711621 | Best makespan in group=337.00
[TRAIN] Step 197/350 | 14:04:23
[TRAIN] Step 197 | Loss=0.777177 | Best makespan in group=377.00
[TRAIN] Step 198/350 | 14:04:57
[TRAIN] Step 198 | Loss=0.653649 | Best makespan in group=389.00
[TRAIN] Step 199/350 | 14:05:30
[TRAIN] Step 199 | Loss=0.656861 | Best makespan in group=393.00
[TRAIN] Step 200/350 | 14:06:04
[TRAIN] Step 200 | Loss=0.777355 | Best makespan in group=396.00
[TRAIN] Refreshing training instances (step 200)...
[TRAIN][VAL][ep 200] avg_gap=0.3243 | std_gap=0.1682 | q80_gap=0.4363 | n=20
[TRAIN] Step 201/350 | 14:06:59
[TRAIN] Step 201 | Loss=0.742138 | Best makespan in group=355.00
[TRAIN] Step 202/350 | 14:07:35
[TRAIN] Step 202 | Loss=0.807266 | Best makespan in group=486.00
[TRAIN] Step 203/350 | 14:08:12
[TRAIN] Step 203 | Loss=0.641551 | Best makespan in group=326.00
[TRAIN] Step 204/350 | 14:08:45
[TRAIN] Step 204 | Loss=0.677141 | Best makespan in group=396.00
[TRAIN] Step 205/350 | 14:09:21
[TRAIN] Step 205 | Loss=0.761869 | Best makespan in group=515.00
[TRAIN] Step 206/350 | 14:09:57
[TRAIN] Step 206 | Loss=0.587004 | Best makespan in group=493.00
[TRAIN] Step 207/350 | 14:10:31
[TRAIN] Step 207 | Loss=0.596182 | Best makespan in group=406.00
[TRAIN] Step 208/350 | 14:11:11
[TRAIN] Step 208 | Loss=0.763479 | Best makespan in group=338.00
[TRAIN] Step 209/350 | 14:11:52
[TRAIN] Step 209 | Loss=0.803997 | Best makespan in group=353.00
[TRAIN] Step 210/350 | 14:12:28
[TRAIN] Step 210 | Loss=0.867257 | Best makespan in group=341.00
[TRAIN] Step 211/350 | 14:13:05
[TRAIN] Step 211 | Loss=0.551104 | Best makespan in group=367.00
[TRAIN] Step 212/350 | 14:13:42
[TRAIN] Step 212 | Loss=0.620211 | Best makespan in group=339.00
[TRAIN] Step 213/350 | 14:14:31
[TRAIN] Step 213 | Loss=0.581191 | Best makespan in group=492.00
[TRAIN] Step 214/350 | 14:15:17
[TRAIN] Step 214 | Loss=0.557823 | Best makespan in group=345.00
[TRAIN] Step 215/350 | 14:16:05
[TRAIN] Step 215 | Loss=0.770835 | Best makespan in group=367.00
[TRAIN] Step 216/350 | 14:16:53
[TRAIN] Step 216 | Loss=0.719032 | Best makespan in group=401.00
[TRAIN] Step 217/350 | 14:18:16
[TRAIN] Step 217 | Loss=0.675284 | Best makespan in group=366.00
[TRAIN] Step 218/350 | 14:19:18
[TRAIN] Step 218 | Loss=0.709643 | Best makespan in group=354.00
[TRAIN] Step 219/350 | 14:20:48
[TRAIN] Step 219 | Loss=0.569599 | Best makespan in group=442.00
[TRAIN] Step 220/350 | 14:22:03
[TRAIN] Step 220 | Loss=0.798095 | Best makespan in group=311.00
[TRAIN] Step 221/350 | 14:23:23
[TRAIN] Step 221 | Loss=0.570983 | Best makespan in group=520.00
[TRAIN] Step 222/350 | 14:25:52
[TRAIN] Step 222 | Loss=0.538937 | Best makespan in group=523.00
[TRAIN] Step 223/350 | 14:26:54
[TRAIN] Step 223 | Loss=0.684591 | Best makespan in group=400.00
[TRAIN] Step 224/350 | 14:27:52
[TRAIN] Step 224 | Loss=0.637173 | Best makespan in group=294.00
[TRAIN] Step 225/350 | 14:28:42
[TRAIN] Step 225 | Loss=0.796143 | Best makespan in group=368.00
[TRAIN][VAL][ep 225] avg_gap=0.2262 | std_gap=0.0850 | q80_gap=0.2960 | n=20
[TRAIN] Step 226/350 | 14:30:17
[TRAIN] Step 226 | Loss=0.673373 | Best makespan in group=311.00
[TRAIN] Step 227/350 | 14:30:57
[TRAIN] Step 227 | Loss=0.787794 | Best makespan in group=417.00
[TRAIN] Step 228/350 | 14:31:38
[TRAIN] Step 228 | Loss=0.605115 | Best makespan in group=357.00
[TRAIN] Step 229/350 | 14:32:26
[TRAIN] Step 229 | Loss=0.589885 | Best makespan in group=309.00
[TRAIN] Step 230/350 | 14:33:07
[TRAIN] Step 230 | Loss=0.784803 | Best makespan in group=460.00
[TRAIN] Step 231/350 | 14:33:45
[TRAIN] Step 231 | Loss=0.598423 | Best makespan in group=379.00
[TRAIN] Step 232/350 | 14:34:27
[TRAIN] Step 232 | Loss=0.782367 | Best makespan in group=337.00
[TRAIN] Step 233/350 | 14:35:06
[TRAIN] Step 233 | Loss=0.717061 | Best makespan in group=401.00
[TRAIN] Step 234/350 | 14:35:47
[TRAIN] Step 234 | Loss=0.528986 | Best makespan in group=398.00
[TRAIN] Step 235/350 | 14:40:56
[TRAIN] Step 235 | Loss=0.751827 | Best makespan in group=342.00
[TRAIN] Step 236/350 | 14:43:33
[TRAIN] Step 236 | Loss=0.689877 | Best makespan in group=308.00
[TRAIN] Step 237/350 | 14:44:16
[TRAIN] Step 237 | Loss=0.599305 | Best makespan in group=314.00
[TRAIN] Step 238/350 | 14:44:57
[TRAIN] Step 238 | Loss=0.678346 | Best makespan in group=517.00
[TRAIN] Step 239/350 | 14:45:38
[TRAIN] Step 239 | Loss=0.664871 | Best makespan in group=312.00
[TRAIN] Step 240/350 | 14:46:21
[TRAIN] Step 240 | Loss=0.618552 | Best makespan in group=291.00
[TRAIN] Step 241/350 | 14:46:58
[TRAIN] Step 241 | Loss=0.565102 | Best makespan in group=463.00
[TRAIN] Step 242/350 | 14:47:34
[TRAIN] Step 242 | Loss=0.674844 | Best makespan in group=458.00
[TRAIN] Step 243/350 | 14:48:10
[TRAIN] Step 243 | Loss=0.564248 | Best makespan in group=390.00
[TRAIN] Step 244/350 | 14:48:48
[TRAIN] Step 244 | Loss=0.665698 | Best makespan in group=506.00
[TRAIN] Step 245/350 | 14:49:25
[TRAIN] Step 245 | Loss=0.553343 | Best makespan in group=388.00
[TRAIN] Step 246/350 | 14:50:05
[TRAIN] Step 246 | Loss=0.707101 | Best makespan in group=493.00
[TRAIN] Step 247/350 | 14:50:46
[TRAIN] Step 247 | Loss=0.717121 | Best makespan in group=361.00
[TRAIN] Step 248/350 | 14:51:27
[TRAIN] Step 248 | Loss=0.800466 | Best makespan in group=320.00
[TRAIN] Step 249/350 | 14:52:05
[TRAIN] Step 249 | Loss=0.737712 | Best makespan in group=335.00
[TRAIN] Step 250/350 | 14:52:44
[TRAIN] Step 250 | Loss=0.742634 | Best makespan in group=346.00
[TRAIN][VAL][ep 250] avg_gap=0.2232 | std_gap=0.0823 | q80_gap=0.2993 | n=20
[TRAIN] Step 251/350 | 14:53:53
[TRAIN] Step 251 | Loss=0.716161 | Best makespan in group=493.00
[TRAIN] Step 252/350 | 14:54:26
[TRAIN] Step 252 | Loss=0.698886 | Best makespan in group=487.00
[TRAIN] Step 253/350 | 14:55:02
[TRAIN] Step 253 | Loss=0.707228 | Best makespan in group=383.00
[TRAIN] Step 254/350 | 14:55:43
[TRAIN] Step 254 | Loss=0.714773 | Best makespan in group=371.00
[TRAIN] Step 255/350 | 14:56:21
[TRAIN] Step 255 | Loss=0.683173 | Best makespan in group=420.00
[TRAIN] Step 256/350 | 14:56:54
[TRAIN] Step 256 | Loss=0.642646 | Best makespan in group=341.00
[TRAIN] Step 257/350 | 14:57:31
[TRAIN] Step 257 | Loss=0.857364 | Best makespan in group=335.00
[TRAIN] Step 258/350 | 14:58:11
[TRAIN] Step 258 | Loss=0.756234 | Best makespan in group=373.00
[TRAIN] Step 259/350 | 14:58:44
[TRAIN] Step 259 | Loss=0.632813 | Best makespan in group=362.00
[TRAIN] Step 260/350 | 14:59:20
[TRAIN] Step 260 | Loss=0.797430 | Best makespan in group=413.00
[TRAIN] Step 261/350 | 14:59:55
[TRAIN] Step 261 | Loss=0.697294 | Best makespan in group=308.00
[TRAIN] Step 262/350 | 15:00:30
[TRAIN] Step 262 | Loss=0.533364 | Best makespan in group=427.00
[TRAIN] Step 263/350 | 15:01:05
[TRAIN] Step 263 | Loss=0.562558 | Best makespan in group=384.00
[TRAIN] Step 264/350 | 15:02:58
[TRAIN] Step 264 | Loss=0.653569 | Best makespan in group=304.00
[TRAIN] Step 265/350 | 15:06:48
[TRAIN] Step 265 | Loss=0.698948 | Best makespan in group=365.00
[TRAIN] Step 266/350 | 15:07:33
[TRAIN] Step 266 | Loss=0.636761 | Best makespan in group=489.00
[TRAIN] Step 267/350 | 15:08:06
[TRAIN] Step 267 | Loss=0.760105 | Best makespan in group=520.00
[TRAIN] Step 268/350 | 15:08:41
[TRAIN] Step 268 | Loss=0.725586 | Best makespan in group=394.00
[TRAIN] Step 269/350 | 15:09:22
[TRAIN] Step 269 | Loss=0.692471 | Best makespan in group=341.00
[TRAIN] Step 270/350 | 15:09:56
[TRAIN] Step 270 | Loss=0.576075 | Best makespan in group=478.00
[TRAIN] Step 271/350 | 15:10:29
[TRAIN] Step 271 | Loss=0.625580 | Best makespan in group=419.00
[TRAIN] Step 272/350 | 15:11:02
[TRAIN] Step 272 | Loss=0.693850 | Best makespan in group=349.00
[TRAIN] Step 273/350 | 15:11:37
[TRAIN] Step 273 | Loss=0.619295 | Best makespan in group=421.00
[TRAIN] Step 274/350 | 15:12:13
[TRAIN] Step 274 | Loss=0.721307 | Best makespan in group=389.00
[TRAIN] Step 275/350 | 15:12:50
[TRAIN] Step 275 | Loss=0.676987 | Best makespan in group=348.00
[TRAIN][VAL][ep 275] avg_gap=0.1915 | std_gap=0.0806 | q80_gap=0.2312 | n=20
[TRAIN] Validation improved | smoothed_avg_gap=0.2136 (raw=0.1915) | saving candidate: 548362258820242.pth
[TRAIN] Step 276/350 | 15:13:56
[TRAIN] Step 276 | Loss=0.733010 | Best makespan in group=358.00
[TRAIN] Step 277/350 | 15:14:34
[TRAIN] Step 277 | Loss=0.489139 | Best makespan in group=400.00
[TRAIN] Step 278/350 | 15:15:07
[TRAIN] Step 278 | Loss=0.765699 | Best makespan in group=342.00
[TRAIN] Step 279/350 | 15:15:43
[TRAIN] Step 279 | Loss=0.634378 | Best makespan in group=499.00
[TRAIN] Step 280/350 | 15:16:17
[TRAIN] Step 280 | Loss=0.638450 | Best makespan in group=297.00
[TRAIN] Step 281/350 | 15:16:49
[TRAIN] Step 281 | Loss=0.711314 | Best makespan in group=347.00
[TRAIN] Step 282/350 | 15:17:25
[TRAIN] Step 282 | Loss=0.684690 | Best makespan in group=518.00
[TRAIN] Step 283/350 | 15:18:00
[TRAIN] Step 283 | Loss=0.812002 | Best makespan in group=471.00
[TRAIN] Step 284/350 | 15:18:35
[TRAIN] Step 284 | Loss=0.647748 | Best makespan in group=329.00
[TRAIN] Step 285/350 | 15:19:15
[TRAIN] Step 285 | Loss=0.629072 | Best makespan in group=324.00
[TRAIN] Step 286/350 | 15:19:47
[TRAIN] Step 286 | Loss=0.705593 | Best makespan in group=308.00
[TRAIN] Step 287/350 | 15:20:23
[TRAIN] Step 287 | Loss=0.683609 | Best makespan in group=496.00
[TRAIN] Step 288/350 | 15:20:55
[TRAIN] Step 288 | Loss=0.754849 | Best makespan in group=388.00
[TRAIN] Step 289/350 | 15:21:32
[TRAIN] Step 289 | Loss=0.616468 | Best makespan in group=390.00
[TRAIN] Step 290/350 | 15:22:05
[TRAIN] Step 290 | Loss=0.573477 | Best makespan in group=342.00
[TRAIN] Step 291/350 | 15:22:40
[TRAIN] Step 291 | Loss=0.652336 | Best makespan in group=477.00
[TRAIN] Step 292/350 | 15:23:14
[TRAIN] Step 292 | Loss=0.662454 | Best makespan in group=333.00
[TRAIN] Step 293/350 | 15:23:50
[TRAIN] Step 293 | Loss=0.711444 | Best makespan in group=532.00
[TRAIN] Step 294/350 | 15:24:23
[TRAIN] Step 294 | Loss=0.644966 | Best makespan in group=530.00
[TRAIN] Step 295/350 | 15:24:56
[TRAIN] Step 295 | Loss=0.560102 | Best makespan in group=285.00
[TRAIN] Step 296/350 | 15:25:26
[TRAIN] Step 296 | Loss=0.743504 | Best makespan in group=402.00
[TRAIN] Step 297/350 | 15:25:59
[TRAIN] Step 297 | Loss=0.759656 | Best makespan in group=363.00
[TRAIN] Step 298/350 | 15:26:32
[TRAIN] Step 298 | Loss=0.690052 | Best makespan in group=420.00
[TRAIN] Step 299/350 | 15:27:04
[TRAIN] Step 299 | Loss=0.582043 | Best makespan in group=479.00
[TRAIN] Step 300/350 | 15:27:37
[TRAIN] Step 300 | Loss=0.565443 | Best makespan in group=398.00
[TRAIN][VAL][ep 300] avg_gap=0.1990 | std_gap=0.0806 | q80_gap=0.2699 | n=20
[TRAIN] Validation improved | smoothed_avg_gap=0.2046 (raw=0.1990) | saving candidate: 721063122834333.pth
[TRAIN] Step 301/350 | 15:28:44
[TRAIN] Step 301 | Loss=0.680877 | Best makespan in group=408.00
[TRAIN] Step 302/350 | 15:29:17
[TRAIN] Step 302 | Loss=0.840047 | Best makespan in group=335.00
[TRAIN] Step 303/350 | 15:29:55
[TRAIN] Step 303 | Loss=0.704622 | Best makespan in group=340.00
[TRAIN] Step 304/350 | 15:30:30
[TRAIN] Step 304 | Loss=0.587345 | Best makespan in group=340.00
[TRAIN] Step 305/350 | 15:31:02
[TRAIN] Step 305 | Loss=0.765637 | Best makespan in group=302.00
[TRAIN] Step 306/350 | 15:31:37
[TRAIN] Step 306 | Loss=0.509202 | Best makespan in group=309.00
[TRAIN] Step 307/350 | 15:32:14
[TRAIN] Step 307 | Loss=0.867049 | Best makespan in group=380.00
[TRAIN] Step 308/350 | 15:32:48
[TRAIN] Step 308 | Loss=0.763818 | Best makespan in group=504.00
[TRAIN] Step 309/350 | 15:33:22
[TRAIN] Step 309 | Loss=0.650225 | Best makespan in group=378.00
[TRAIN] Step 310/350 | 15:33:59
[TRAIN] Step 310 | Loss=0.795242 | Best makespan in group=412.00
[TRAIN] Step 311/350 | 15:34:34
[TRAIN] Step 311 | Loss=0.852009 | Best makespan in group=458.00
[TRAIN] Step 312/350 | 15:35:10
[TRAIN] Step 312 | Loss=0.721998 | Best makespan in group=337.00
[TRAIN] Step 313/350 | 15:35:47
[TRAIN] Step 313 | Loss=0.684097 | Best makespan in group=377.00
[TRAIN] Step 314/350 | 15:36:25
[TRAIN] Step 314 | Loss=0.571408 | Best makespan in group=331.00
[TRAIN] Step 315/350 | 15:36:58
[TRAIN] Step 315 | Loss=0.776289 | Best makespan in group=349.00
[TRAIN] Step 316/350 | 15:37:35
[TRAIN] Step 316 | Loss=0.764160 | Best makespan in group=353.00
[TRAIN] Step 317/350 | 15:38:14
[TRAIN] Step 317 | Loss=0.913566 | Best makespan in group=466.00
[TRAIN] Step 318/350 | 15:38:48
[TRAIN] Step 318 | Loss=0.655658 | Best makespan in group=295.00
[TRAIN] Step 319/350 | 15:39:24
[TRAIN] Step 319 | Loss=0.685191 | Best makespan in group=351.00
[TRAIN] Step 320/350 | 15:39:58
[TRAIN] Step 320 | Loss=0.540059 | Best makespan in group=381.00
[TRAIN] Step 321/350 | 15:40:40
[TRAIN] Step 321 | Loss=0.625135 | Best makespan in group=342.00
[TRAIN] Step 322/350 | 15:41:18
[TRAIN] Step 322 | Loss=0.619156 | Best makespan in group=416.00
[TRAIN] Step 323/350 | 15:41:54
[TRAIN] Step 323 | Loss=0.660526 | Best makespan in group=350.00
[TRAIN] Step 324/350 | 15:42:35
[TRAIN] Step 324 | Loss=0.760985 | Best makespan in group=296.00
[TRAIN] Step 325/350 | 15:43:10
[TRAIN] Step 325 | Loss=0.516333 | Best makespan in group=363.00
[TRAIN][VAL][ep 325] avg_gap=0.2002 | std_gap=0.0585 | q80_gap=0.2355 | n=20
[TRAIN] Validation improved | smoothed_avg_gap=0.1969 (raw=0.2002) | saving candidate: 523011628079630.pth
[TRAIN] Step 326/350 | 15:44:24
[TRAIN] Step 326 | Loss=0.492342 | Best makespan in group=381.00
[TRAIN] Step 327/350 | 15:45:04
[TRAIN] Step 327 | Loss=0.564761 | Best makespan in group=327.00
[TRAIN] Step 328/350 | 15:45:42
[TRAIN] Step 328 | Loss=0.654463 | Best makespan in group=320.00
[TRAIN] Step 329/350 | 15:46:17
[TRAIN] Step 329 | Loss=0.540661 | Best makespan in group=478.00
[TRAIN] Step 330/350 | 15:46:51
[TRAIN] Step 330 | Loss=0.620221 | Best makespan in group=318.00
[TRAIN] Step 331/350 | 15:47:31
[TRAIN] Step 331 | Loss=0.714660 | Best makespan in group=462.00
[TRAIN] Step 332/350 | 15:48:07
[TRAIN] Step 332 | Loss=0.542074 | Best makespan in group=286.00
[TRAIN] Step 333/350 | 15:48:40
[TRAIN] Step 333 | Loss=0.626285 | Best makespan in group=419.00
[TRAIN] Step 334/350 | 15:49:15
[TRAIN] Step 334 | Loss=0.674598 | Best makespan in group=467.00
[TRAIN] Step 335/350 | 15:49:53
[TRAIN] Step 335 | Loss=0.745297 | Best makespan in group=381.00
[TRAIN] Step 336/350 | 15:50:29
[TRAIN] Step 336 | Loss=0.682930 | Best makespan in group=389.00
[TRAIN] Step 337/350 | 15:51:07
[TRAIN] Step 337 | Loss=0.513272 | Best makespan in group=482.00
[TRAIN] Step 338/350 | 15:51:41
[TRAIN] Step 338 | Loss=0.700642 | Best makespan in group=515.00
[TRAIN] Step 339/350 | 15:52:18
[TRAIN] Step 339 | Loss=0.719115 | Best makespan in group=367.00
[TRAIN] Step 340/350 | 15:52:54
[TRAIN] Step 340 | Loss=0.792860 | Best makespan in group=414.00
[TRAIN] Step 341/350 | 15:53:35
[TRAIN] Step 341 | Loss=0.582414 | Best makespan in group=390.00
[TRAIN] Step 342/350 | 15:54:14
[TRAIN] Step 342 | Loss=0.606033 | Best makespan in group=501.00
[TRAIN] Step 343/350 | 15:54:54
[TRAIN] Step 343 | Loss=0.549584 | Best makespan in group=331.00
[TRAIN] Step 344/350 | 15:55:31
[TRAIN] Step 344 | Loss=0.650146 | Best makespan in group=512.00
[TRAIN] Step 345/350 | 15:56:09
[TRAIN] Step 345 | Loss=0.753733 | Best makespan in group=351.00
[TRAIN] Step 346/350 | 15:56:50
[TRAIN] Step 346 | Loss=0.601111 | Best makespan in group=306.00
[TRAIN] Step 347/350 | 15:57:31
[TRAIN] Step 347 | Loss=0.675938 | Best makespan in group=343.00
[TRAIN] Step 348/350 | 15:58:06
[TRAIN] Step 348 | Loss=0.714035 | Best makespan in group=371.00
[TRAIN] Step 349/350 | 15:58:55
[TRAIN] Step 349 | Loss=0.603212 | Best makespan in group=396.00
[TRAIN] Step 350/350 | 15:59:49
[TRAIN] Step 350 | Loss=0.608367 | Best makespan in group=304.00
[TRAIN][VAL][ep 350] avg_gap=0.1873 | std_gap=0.0733 | q80_gap=0.2521 | n=20
[TRAIN] Validation improved | smoothed_avg_gap=0.1955 (raw=0.1873) | saving candidate: 537660859795754.pth
[TRAIN] Evaluating best checkpoint (candidate_models/537660859795754.pth) on the held-out test split...
[TRAIN][TEST] avg_gap=0.1492 | std_gap=0.0833 | q80_gap=0.2046 | n=20
[TRAIN][16:02:19] Training ended. Validation history and plots updated.
