D:\Dissertação\dissertation-bopo_introduction\venv\Lib\site-packages\torch\jit\_script.py:1485: FutureWarning: `torch.jit.script` is not supported in Python 3.14+ and may break. Please switch to `torch.compile` or `torch.export`.
  warnings.warn(
============================================================
[TRAIN] Training started at: 2026-09-28 12:39:19
[TRAIN] Hyperparams | max_steps=350 | new_freq=200
[TRAIN]             | n_cases=30 | B=32 | K=10 | use_greedy=True | lr=0.0047 (decaying to 9.40e-04)
[TRAIN]             | warm_start_steps=200 | checkpoint_smooth_window=3 | seed=42
[TRAIN]             | hidden_channels=128 | num_layers=3 | heads=3
[TRAIN]             | logp_norm=mean | exclude_greedy_from_loss=True
[TRAIN] Representation | ojmb_base | GNN | gin | jm_design | edges
[TRAIN] Device | cuda:0 (NVIDIA GeForce GTX 1650 Ti)
[TRAIN] Problem size | jobs=[8,10] | machines=[5,10] | ops_per_job=[5,6] | max_proc=100
============================================================
[TRAIN] Output run folder: results\batching_gin_L3_ojmb_base_s42
[TRAIN] Validation config | every=25 steps | instances=20 (representative subset)
[TRAIN][TEACHER] validation avg_gap=0.4971 | q80_gap=0.6263 || test avg_gap=0.3786 | q80_gap=0.5250
[TRAIN] Warm-start (behavior cloning vs. dispatch heuristic) | 200 step(s)...
[TRAIN][WARMSTART] step 10/200 | instance=3 | bc_loss=1.6247 | decisions=53
[TRAIN][WARMSTART] step 20/200 | instance=23 | bc_loss=0.9413 | decisions=49
[TRAIN][WARMSTART] step 30/200 | instance=22 | bc_loss=0.9103 | decisions=48
[TRAIN][WARMSTART] step 40/200 | instance=27 | bc_loss=0.8850 | decisions=44
[TRAIN][WARMSTART] step 50/200 | instance=16 | bc_loss=0.5187 | decisions=47
[TRAIN][WARMSTART] step 60/200 | instance=19 | bc_loss=1.0699 | decisions=48
[TRAIN][WARMSTART] step 70/200 | instance=6 | bc_loss=0.7418 | decisions=48
[TRAIN][WARMSTART] step 80/200 | instance=27 | bc_loss=0.6548 | decisions=44
[TRAIN][WARMSTART] step 90/200 | instance=9 | bc_loss=0.5833 | decisions=52
[TRAIN][WARMSTART] step 100/200 | instance=2 | bc_loss=0.3454 | decisions=51
[TRAIN][WARMSTART] step 110/200 | instance=6 | bc_loss=0.2671 | decisions=48
[TRAIN][WARMSTART] step 120/200 | instance=11 | bc_loss=0.1978 | decisions=55
[TRAIN][WARMSTART] step 130/200 | instance=14 | bc_loss=0.2502 | decisions=47
[TRAIN][WARMSTART] step 140/200 | instance=18 | bc_loss=0.6088 | decisions=46
[TRAIN][WARMSTART] step 150/200 | instance=20 | bc_loss=0.2682 | decisions=39
[TRAIN][WARMSTART] step 160/200 | instance=14 | bc_loss=0.2662 | decisions=47
[TRAIN][WARMSTART] step 170/200 | instance=24 | bc_loss=0.1525 | decisions=39
[TRAIN][WARMSTART] step 180/200 | instance=9 | bc_loss=0.3659 | decisions=52
[TRAIN][WARMSTART] step 190/200 | instance=9 | bc_loss=0.2497 | decisions=52
[TRAIN][WARMSTART] step 200/200 | instance=7 | bc_loss=0.3562 | decisions=45
[TRAIN] Warm-start complete, switching to BOPO preference optimization.
------------------------------------------------------------
[TRAIN] BOPO agent ready. Starting training loop for 350 step(s)...
------------------------------------------------------------
[TRAIN] Step 1/350 | 12:46:30
[TRAIN] Step 1 | Loss=0.829767 | Best makespan in group=595.00
[TRAIN] Step 2/350 | 12:46:47
[TRAIN] Step 2 | Loss=0.674242 | Best makespan in group=372.00
[TRAIN] Step 3/350 | 12:47:02
[TRAIN] Step 3 | Loss=0.682958 | Best makespan in group=492.00
[TRAIN] Step 4/350 | 12:47:18
[TRAIN] Step 4 | Loss=0.675021 | Best makespan in group=519.00
[TRAIN] Step 5/350 | 12:47:31
[TRAIN] Step 5 | Loss=0.731314 | Best makespan in group=410.00
[TRAIN] Step 6/350 | 12:47:47
[TRAIN] Step 6 | Loss=0.721268 | Best makespan in group=613.00
[TRAIN] Step 7/350 | 12:48:01
[TRAIN] Step 7 | Loss=0.679392 | Best makespan in group=425.00
[TRAIN] Step 8/350 | 12:48:12
[TRAIN] Step 8 | Loss=0.695531 | Best makespan in group=485.00
[TRAIN] Step 9/350 | 12:48:28
[TRAIN] Step 9 | Loss=0.732456 | Best makespan in group=413.00
[TRAIN] Step 10/350 | 12:48:44
[TRAIN] Step 10 | Loss=0.697182 | Best makespan in group=479.00
[TRAIN] Step 11/350 | 12:48:55
[TRAIN] Step 11 | Loss=0.673169 | Best makespan in group=576.00
[TRAIN] Step 12/350 | 12:49:10
[TRAIN] Step 12 | Loss=0.672665 | Best makespan in group=447.00
[TRAIN] Step 13/350 | 12:49:25
[TRAIN] Step 13 | Loss=0.708681 | Best makespan in group=708.00
[TRAIN] Step 14/350 | 12:49:42
[TRAIN] Step 14 | Loss=0.773859 | Best makespan in group=416.00
[TRAIN] Step 15/350 | 12:49:58
[TRAIN] Step 15 | Loss=0.679356 | Best makespan in group=436.00
[TRAIN] Step 16/350 | 12:50:09
[TRAIN] Step 16 | Loss=0.650185 | Best makespan in group=352.00
[TRAIN] Step 17/350 | 12:50:21
[TRAIN] Step 17 | Loss=0.649316 | Best makespan in group=508.00
[TRAIN] Step 18/350 | 12:50:34
[TRAIN] Step 18 | Loss=0.762182 | Best makespan in group=438.00
[TRAIN] Step 19/350 | 12:50:50
[TRAIN] Step 19 | Loss=0.683224 | Best makespan in group=509.00
[TRAIN] Step 20/350 | 12:51:03
[TRAIN] Step 20 | Loss=0.753124 | Best makespan in group=538.00
[TRAIN] Step 21/350 | 12:51:18
[TRAIN] Step 21 | Loss=0.707209 | Best makespan in group=535.00
[TRAIN] Step 22/350 | 12:51:32
[TRAIN] Step 22 | Loss=0.612970 | Best makespan in group=571.00
[TRAIN] Step 23/350 | 12:51:49
[TRAIN] Step 23 | Loss=0.796033 | Best makespan in group=448.00
[TRAIN] Step 24/350 | 12:52:03
[TRAIN] Step 24 | Loss=0.790337 | Best makespan in group=477.00
[TRAIN] Step 25/350 | 12:52:21
[TRAIN] Step 25 | Loss=0.833675 | Best makespan in group=445.00
[TRAIN][VAL][ep 25] avg_gap=0.4872 | std_gap=0.1774 | q80_gap=0.6509 | n=20
[TRAIN] Validation improved | smoothed_avg_gap=0.4872 (raw=0.4872) | saving candidate: 335197915351922.pth
[TRAIN] Step 26/350 | 12:52:56
[TRAIN] Step 26 | Loss=0.912606 | Best makespan in group=627.00
[TRAIN] Step 27/350 | 12:53:12
[TRAIN] Step 27 | Loss=0.716646 | Best makespan in group=453.00
[TRAIN] Step 28/350 | 12:53:25
[TRAIN] Step 28 | Loss=0.841120 | Best makespan in group=564.00
[TRAIN] Step 29/350 | 12:53:40
[TRAIN] Step 29 | Loss=0.727439 | Best makespan in group=334.00
[TRAIN] Step 30/350 | 12:53:57
[TRAIN] Step 30 | Loss=0.828672 | Best makespan in group=556.00
[TRAIN] Step 31/350 | 12:54:08
[TRAIN] Step 31 | Loss=0.751558 | Best makespan in group=683.00
[TRAIN] Step 32/350 | 12:54:25
[TRAIN] Step 32 | Loss=0.782437 | Best makespan in group=366.00
[TRAIN] Step 33/350 | 12:54:41
[TRAIN] Step 33 | Loss=0.626140 | Best makespan in group=413.00
[TRAIN] Step 34/350 | 12:54:57
[TRAIN] Step 34 | Loss=0.701484 | Best makespan in group=442.00
[TRAIN] Step 35/350 | 12:55:11
[TRAIN] Step 35 | Loss=0.857968 | Best makespan in group=484.00
[TRAIN] Step 36/350 | 12:55:25
[TRAIN] Step 36 | Loss=0.769678 | Best makespan in group=528.00
[TRAIN] Step 37/350 | 12:55:37
[TRAIN] Step 37 | Loss=0.674828 | Best makespan in group=459.00
[TRAIN] Step 38/350 | 12:55:53
[TRAIN] Step 38 | Loss=0.746042 | Best makespan in group=544.00
[TRAIN] Step 39/350 | 12:56:07
[TRAIN] Step 39 | Loss=0.690465 | Best makespan in group=323.00
[TRAIN] Step 40/350 | 12:56:18
[TRAIN] Step 40 | Loss=0.750988 | Best makespan in group=574.00
[TRAIN] Step 41/350 | 12:56:34
[TRAIN] Step 41 | Loss=0.701946 | Best makespan in group=350.00
[TRAIN] Step 42/350 | 12:56:51
[TRAIN] Step 42 | Loss=0.599708 | Best makespan in group=403.00
[TRAIN] Step 43/350 | 12:57:03
[TRAIN] Step 43 | Loss=0.756517 | Best makespan in group=456.00
[TRAIN] Step 44/350 | 12:57:20
[TRAIN] Step 44 | Loss=0.795715 | Best makespan in group=462.00
[TRAIN] Step 45/350 | 12:57:33
[TRAIN] Step 45 | Loss=0.734610 | Best makespan in group=534.00
[TRAIN] Step 46/350 | 12:57:47
[TRAIN] Step 46 | Loss=0.724548 | Best makespan in group=524.00
[TRAIN] Step 47/350 | 12:58:03
[TRAIN] Step 47 | Loss=0.632277 | Best makespan in group=329.00
[TRAIN] Step 48/350 | 12:58:20
[TRAIN] Step 48 | Loss=0.725892 | Best makespan in group=407.00
[TRAIN] Step 49/350 | 12:58:31
[TRAIN] Step 49 | Loss=0.726209 | Best makespan in group=352.00
[TRAIN] Step 50/350 | 12:58:46
[TRAIN] Step 50 | Loss=0.780281 | Best makespan in group=371.00
[TRAIN][VAL][ep 50] avg_gap=0.3406 | std_gap=0.1828 | q80_gap=0.5180 | n=20
[TRAIN] Validation improved | smoothed_avg_gap=0.4139 (raw=0.3406) | saving candidate: 463364429723308.pth
[TRAIN] Step 51/350 | 12:59:22
[TRAIN] Step 51 | Loss=0.809934 | Best makespan in group=380.00
[TRAIN] Step 52/350 | 12:59:37
[TRAIN] Step 52 | Loss=0.792396 | Best makespan in group=390.00
[TRAIN] Step 53/350 | 12:59:53
[TRAIN] Step 53 | Loss=0.620185 | Best makespan in group=446.00
[TRAIN] Step 54/350 | 13:00:07
[TRAIN] Step 54 | Loss=0.750890 | Best makespan in group=372.00
[TRAIN] Step 55/350 | 13:00:23
[TRAIN] Step 55 | Loss=0.796664 | Best makespan in group=561.00
[TRAIN] Step 56/350 | 13:00:37
[TRAIN] Step 56 | Loss=0.696289 | Best makespan in group=357.00
[TRAIN] Step 57/350 | 13:00:49
[TRAIN] Step 57 | Loss=0.607878 | Best makespan in group=451.00
[TRAIN] Step 58/350 | 13:01:03
[TRAIN] Step 58 | Loss=0.613902 | Best makespan in group=409.00
[TRAIN] Step 59/350 | 13:01:15
[TRAIN] Step 59 | Loss=0.650411 | Best makespan in group=471.00
[TRAIN] Step 60/350 | 13:01:30
[TRAIN] Step 60 | Loss=0.667681 | Best makespan in group=503.00
[TRAIN] Step 61/350 | 13:01:46
[TRAIN] Step 61 | Loss=0.647982 | Best makespan in group=354.00
[TRAIN] Step 62/350 | 13:02:00
[TRAIN] Step 62 | Loss=0.675837 | Best makespan in group=531.00
[TRAIN] Step 63/350 | 13:02:15
[TRAIN] Step 63 | Loss=0.747722 | Best makespan in group=374.00
[TRAIN] Step 64/350 | 13:02:31
[TRAIN] Step 64 | Loss=0.736925 | Best makespan in group=430.00
[TRAIN] Step 65/350 | 13:02:45
[TRAIN] Step 65 | Loss=0.739905 | Best makespan in group=441.00
[TRAIN] Step 66/350 | 13:02:58
[TRAIN] Step 66 | Loss=0.625526 | Best makespan in group=486.00
[TRAIN] Step 67/350 | 13:03:14
[TRAIN] Step 67 | Loss=0.685387 | Best makespan in group=416.00
[TRAIN] Step 68/350 | 13:03:28
[TRAIN] Step 68 | Loss=0.698779 | Best makespan in group=438.00
[TRAIN] Step 69/350 | 13:03:43
[TRAIN] Step 69 | Loss=0.780169 | Best makespan in group=577.00
[TRAIN] Step 70/350 | 13:03:57
[TRAIN] Step 70 | Loss=0.654631 | Best makespan in group=373.00
[TRAIN] Step 71/350 | 13:04:13
[TRAIN] Step 71 | Loss=0.764322 | Best makespan in group=320.00
[TRAIN] Step 72/350 | 13:04:24
[TRAIN] Step 72 | Loss=0.626447 | Best makespan in group=373.00
[TRAIN] Step 73/350 | 13:04:39
[TRAIN] Step 73 | Loss=0.942601 | Best makespan in group=421.00
[TRAIN] Step 74/350 | 13:04:51
[TRAIN] Step 74 | Loss=0.558673 | Best makespan in group=526.00
[TRAIN] Step 75/350 | 13:05:03
[TRAIN] Step 75 | Loss=0.828073 | Best makespan in group=439.00
[TRAIN][VAL][ep 75] avg_gap=0.4212 | std_gap=0.1963 | q80_gap=0.5506 | n=20
[TRAIN] Step 76/350 | 13:05:37
[TRAIN] Step 76 | Loss=0.875234 | Best makespan in group=348.00
[TRAIN] Step 77/350 | 13:05:54
[TRAIN] Step 77 | Loss=0.517950 | Best makespan in group=341.00
[TRAIN] Step 78/350 | 13:06:10
[TRAIN] Step 78 | Loss=0.611002 | Best makespan in group=385.00
[TRAIN] Step 79/350 | 13:06:21
[TRAIN] Step 79 | Loss=0.568973 | Best makespan in group=595.00
[TRAIN] Step 80/350 | 13:06:37
[TRAIN] Step 80 | Loss=0.621488 | Best makespan in group=419.00
[TRAIN] Step 81/350 | 13:06:49
[TRAIN] Step 81 | Loss=0.735998 | Best makespan in group=446.00
[TRAIN] Step 82/350 | 13:07:03
[TRAIN] Step 82 | Loss=0.671603 | Best makespan in group=396.00
[TRAIN] Step 83/350 | 13:07:18
[TRAIN] Step 83 | Loss=0.657077 | Best makespan in group=438.00
[TRAIN] Step 84/350 | 13:07:35
[TRAIN] Step 84 | Loss=0.751227 | Best makespan in group=495.00
[TRAIN] Step 85/350 | 13:07:52
[TRAIN] Step 85 | Loss=0.668600 | Best makespan in group=404.00
[TRAIN] Step 86/350 | 13:08:06
[TRAIN] Step 86 | Loss=0.651574 | Best makespan in group=363.00
[TRAIN] Step 87/350 | 13:08:21
[TRAIN] Step 87 | Loss=0.685040 | Best makespan in group=356.00
[TRAIN] Step 88/350 | 13:08:33
[TRAIN] Step 88 | Loss=0.694166 | Best makespan in group=357.00
[TRAIN] Step 89/350 | 13:08:46
[TRAIN] Step 89 | Loss=0.789953 | Best makespan in group=568.00
[TRAIN] Step 90/350 | 13:09:02
[TRAIN] Step 90 | Loss=0.663784 | Best makespan in group=524.00
[TRAIN] Step 91/350 | 13:09:16
[TRAIN] Step 91 | Loss=0.731930 | Best makespan in group=473.00
[TRAIN] Step 92/350 | 13:09:33
[TRAIN] Step 92 | Loss=0.765401 | Best makespan in group=335.00
[TRAIN] Step 93/350 | 13:09:50
[TRAIN] Step 93 | Loss=0.663060 | Best makespan in group=420.00
[TRAIN] Step 94/350 | 13:10:02
[TRAIN] Step 94 | Loss=0.674279 | Best makespan in group=349.00
[TRAIN] Step 95/350 | 13:10:18
[TRAIN] Step 95 | Loss=0.805300 | Best makespan in group=366.00
[TRAIN] Step 96/350 | 13:10:33
[TRAIN] Step 96 | Loss=0.675379 | Best makespan in group=341.00
[TRAIN] Step 97/350 | 13:10:49
[TRAIN] Step 97 | Loss=0.730845 | Best makespan in group=575.00
[TRAIN] Step 98/350 | 13:11:02
[TRAIN] Step 98 | Loss=0.931502 | Best makespan in group=545.00
[TRAIN] Step 99/350 | 13:11:18
[TRAIN] Step 99 | Loss=0.630911 | Best makespan in group=550.00
[TRAIN] Step 100/350 | 13:11:32
[TRAIN] Step 100 | Loss=0.751122 | Best makespan in group=355.00
[TRAIN][VAL][ep 100] avg_gap=0.2437 | std_gap=0.1012 | q80_gap=0.3127 | n=20
[TRAIN] Validation improved | smoothed_avg_gap=0.3352 (raw=0.2437) | saving candidate: 434059099501106.pth
[TRAIN] Step 101/350 | 13:12:12
[TRAIN] Step 101 | Loss=0.791354 | Best makespan in group=455.00
[TRAIN] Step 102/350 | 13:12:26
[TRAIN] Step 102 | Loss=0.735598 | Best makespan in group=459.00
[TRAIN] Step 103/350 | 13:12:43
[TRAIN] Step 103 | Loss=0.687793 | Best makespan in group=466.00
[TRAIN] Step 104/350 | 13:12:56
[TRAIN] Step 104 | Loss=0.797119 | Best makespan in group=395.00
[TRAIN] Step 105/350 | 13:13:08
[TRAIN] Step 105 | Loss=0.661990 | Best makespan in group=362.00
[TRAIN] Step 106/350 | 13:13:21
[TRAIN] Step 106 | Loss=0.760090 | Best makespan in group=508.00
[TRAIN] Step 107/350 | 13:13:35
[TRAIN] Step 107 | Loss=0.537233 | Best makespan in group=577.00
[TRAIN] Step 108/350 | 13:13:50
[TRAIN] Step 108 | Loss=0.778045 | Best makespan in group=378.00
[TRAIN] Step 109/350 | 13:14:07
[TRAIN] Step 109 | Loss=0.659386 | Best makespan in group=308.00
[TRAIN] Step 110/350 | 13:14:18
[TRAIN] Step 110 | Loss=0.721725 | Best makespan in group=361.00
[TRAIN] Step 111/350 | 13:14:35
[TRAIN] Step 111 | Loss=0.727687 | Best makespan in group=495.00
[TRAIN] Step 112/350 | 13:14:50
[TRAIN] Step 112 | Loss=0.632317 | Best makespan in group=428.00
[TRAIN] Step 113/350 | 13:15:06
[TRAIN] Step 113 | Loss=0.724546 | Best makespan in group=401.00
[TRAIN] Step 114/350 | 13:15:18
[TRAIN] Step 114 | Loss=0.676606 | Best makespan in group=444.00
[TRAIN] Step 115/350 | 13:15:33
[TRAIN] Step 115 | Loss=0.769836 | Best makespan in group=448.00
[TRAIN] Step 116/350 | 13:15:46
[TRAIN] Step 116 | Loss=0.673015 | Best makespan in group=404.00
[TRAIN] Step 117/350 | 13:16:00
[TRAIN] Step 117 | Loss=0.786243 | Best makespan in group=532.00
[TRAIN] Step 118/350 | 13:16:14
[TRAIN] Step 118 | Loss=0.679463 | Best makespan in group=455.00
[TRAIN] Step 119/350 | 13:16:28
[TRAIN] Step 119 | Loss=0.744867 | Best makespan in group=351.00
[TRAIN] Step 120/350 | 13:16:40
[TRAIN] Step 120 | Loss=0.675953 | Best makespan in group=344.00
[TRAIN] Step 121/350 | 13:16:56
[TRAIN] Step 121 | Loss=0.668613 | Best makespan in group=460.00
[TRAIN] Step 122/350 | 13:17:09
[TRAIN] Step 122 | Loss=0.655805 | Best makespan in group=357.00
[TRAIN] Step 123/350 | 13:17:24
[TRAIN] Step 123 | Loss=0.675715 | Best makespan in group=421.00
[TRAIN] Step 124/350 | 13:17:39
[TRAIN] Step 124 | Loss=0.771621 | Best makespan in group=362.00
[TRAIN] Step 125/350 | 13:17:51
[TRAIN] Step 125 | Loss=0.591288 | Best makespan in group=520.00
[TRAIN][VAL][ep 125] avg_gap=0.2742 | std_gap=0.1537 | q80_gap=0.3748 | n=20
[TRAIN] Validation improved | smoothed_avg_gap=0.3130 (raw=0.2742) | saving candidate: 946504431468295.pth
[TRAIN] Step 126/350 | 13:18:30
[TRAIN] Step 126 | Loss=0.642128 | Best makespan in group=555.00
[TRAIN] Step 127/350 | 13:18:45
[TRAIN] Step 127 | Loss=0.634852 | Best makespan in group=524.00
[TRAIN] Step 128/350 | 13:18:59
[TRAIN] Step 128 | Loss=0.664201 | Best makespan in group=349.00
[TRAIN] Step 129/350 | 13:19:12
[TRAIN] Step 129 | Loss=0.647011 | Best makespan in group=398.00
[TRAIN] Step 130/350 | 13:19:24
[TRAIN] Step 130 | Loss=0.676852 | Best makespan in group=347.00
[TRAIN] Step 131/350 | 13:19:41
[TRAIN] Step 131 | Loss=0.613103 | Best makespan in group=459.00
[TRAIN] Step 132/350 | 13:19:54
[TRAIN] Step 132 | Loss=0.736394 | Best makespan in group=340.00
[TRAIN] Step 133/350 | 13:20:11
[TRAIN] Step 133 | Loss=0.607183 | Best makespan in group=510.00
[TRAIN] Step 134/350 | 13:20:25
[TRAIN] Step 134 | Loss=0.718586 | Best makespan in group=367.00
[TRAIN] Step 135/350 | 13:20:40
[TRAIN] Step 135 | Loss=0.618345 | Best makespan in group=362.00
[TRAIN] Step 136/350 | 13:20:57
[TRAIN] Step 136 | Loss=0.661033 | Best makespan in group=384.00
[TRAIN] Step 137/350 | 13:21:11
[TRAIN] Step 137 | Loss=0.622289 | Best makespan in group=394.00
[TRAIN] Step 138/350 | 13:21:23
[TRAIN] Step 138 | Loss=0.646431 | Best makespan in group=358.00
[TRAIN] Step 139/350 | 13:21:38
[TRAIN] Step 139 | Loss=0.784384 | Best makespan in group=434.00
[TRAIN] Step 140/350 | 13:21:54
[TRAIN] Step 140 | Loss=0.840405 | Best makespan in group=444.00
[TRAIN] Step 141/350 | 13:22:09
[TRAIN] Step 141 | Loss=0.847925 | Best makespan in group=459.00
[TRAIN] Step 142/350 | 13:22:25
[TRAIN] Step 142 | Loss=0.765378 | Best makespan in group=320.00
[TRAIN] Step 143/350 | 13:22:36
[TRAIN] Step 143 | Loss=0.787477 | Best makespan in group=469.00
[TRAIN] Step 144/350 | 13:22:50
[TRAIN] Step 144 | Loss=0.818628 | Best makespan in group=357.00
[TRAIN] Step 145/350 | 13:23:06
[TRAIN] Step 145 | Loss=0.865379 | Best makespan in group=537.00
[TRAIN] Step 146/350 | 13:23:18
[TRAIN] Step 146 | Loss=0.695353 | Best makespan in group=476.00
[TRAIN] Step 147/350 | 13:23:35
[TRAIN] Step 147 | Loss=0.672876 | Best makespan in group=426.00
[TRAIN] Step 148/350 | 13:23:52
[TRAIN] Step 148 | Loss=0.683224 | Best makespan in group=541.00
[TRAIN] Step 149/350 | 13:24:08
[TRAIN] Step 149 | Loss=0.701252 | Best makespan in group=360.00
[TRAIN] Step 150/350 | 13:24:23
[TRAIN] Step 150 | Loss=0.631313 | Best makespan in group=422.00
[TRAIN][VAL][ep 150] avg_gap=0.2286 | std_gap=0.0959 | q80_gap=0.3061 | n=20
[TRAIN] Validation improved | smoothed_avg_gap=0.2488 (raw=0.2286) | saving candidate: 652840427804274.pth
[TRAIN] Step 151/350 | 13:25:01
[TRAIN] Step 151 | Loss=0.583959 | Best makespan in group=405.00
[TRAIN] Step 152/350 | 13:25:13
[TRAIN] Step 152 | Loss=0.741005 | Best makespan in group=362.00
[TRAIN] Step 153/350 | 13:25:29
[TRAIN] Step 153 | Loss=0.746735 | Best makespan in group=439.00
[TRAIN] Step 154/350 | 13:25:43
[TRAIN] Step 154 | Loss=0.790896 | Best makespan in group=418.00
[TRAIN] Step 155/350 | 13:25:57
[TRAIN] Step 155 | Loss=0.751901 | Best makespan in group=432.00
[TRAIN] Step 156/350 | 13:26:11
[TRAIN] Step 156 | Loss=0.697772 | Best makespan in group=430.00
[TRAIN] Step 157/350 | 13:26:24
[TRAIN] Step 157 | Loss=0.543669 | Best makespan in group=374.00
[TRAIN] Step 158/350 | 13:26:36
[TRAIN] Step 158 | Loss=0.863044 | Best makespan in group=359.00
[TRAIN] Step 159/350 | 13:26:48
[TRAIN] Step 159 | Loss=0.762696 | Best makespan in group=364.00
[TRAIN] Step 160/350 | 13:27:05
[TRAIN] Step 160 | Loss=0.652674 | Best makespan in group=403.00
[TRAIN] Step 161/350 | 13:27:19
[TRAIN] Step 161 | Loss=0.843797 | Best makespan in group=375.00
[TRAIN] Step 162/350 | 13:27:36
[TRAIN] Step 162 | Loss=0.695065 | Best makespan in group=536.00
[TRAIN] Step 163/350 | 13:27:53
[TRAIN] Step 163 | Loss=0.735790 | Best makespan in group=510.00
[TRAIN] Step 164/350 | 13:28:08
[TRAIN] Step 164 | Loss=0.619368 | Best makespan in group=483.00
[TRAIN] Step 165/350 | 13:28:23
[TRAIN] Step 165 | Loss=0.770568 | Best makespan in group=427.00
[TRAIN] Step 166/350 | 13:28:40
[TRAIN] Step 166 | Loss=0.776448 | Best makespan in group=335.00
[TRAIN] Step 167/350 | 13:28:57
[TRAIN] Step 167 | Loss=0.624566 | Best makespan in group=304.00
[TRAIN] Step 168/350 | 13:29:08
[TRAIN] Step 168 | Loss=0.589946 | Best makespan in group=342.00
[TRAIN] Step 169/350 | 13:29:25
[TRAIN] Step 169 | Loss=0.555405 | Best makespan in group=374.00
[TRAIN] Step 170/350 | 13:29:41
[TRAIN] Step 170 | Loss=0.506324 | Best makespan in group=417.00
[TRAIN] Step 171/350 | 13:29:54
[TRAIN] Step 171 | Loss=0.756679 | Best makespan in group=368.00
[TRAIN] Step 172/350 | 13:30:11
[TRAIN] Step 172 | Loss=0.655757 | Best makespan in group=424.00
[TRAIN] Step 173/350 | 13:30:27
[TRAIN] Step 173 | Loss=0.655923 | Best makespan in group=335.00
[TRAIN] Step 174/350 | 13:30:40
[TRAIN] Step 174 | Loss=0.651875 | Best makespan in group=554.00
[TRAIN] Step 175/350 | 13:30:54
[TRAIN] Step 175 | Loss=0.740199 | Best makespan in group=535.00
[TRAIN][VAL][ep 175] avg_gap=0.1781 | std_gap=0.0986 | q80_gap=0.2314 | n=20
[TRAIN] Validation improved | smoothed_avg_gap=0.2270 (raw=0.1781) | saving candidate: 551118623046641.pth
[TRAIN] Step 176/350 | 13:31:36
[TRAIN] Step 176 | Loss=0.734673 | Best makespan in group=349.00
[TRAIN] Step 177/350 | 13:31:53
[TRAIN] Step 177 | Loss=0.534693 | Best makespan in group=449.00
[TRAIN] Step 178/350 | 13:32:09
[TRAIN] Step 178 | Loss=0.794563 | Best makespan in group=460.00
[TRAIN] Step 179/350 | 13:32:23
[TRAIN] Step 179 | Loss=0.624274 | Best makespan in group=471.00
[TRAIN] Step 180/350 | 13:32:40
[TRAIN] Step 180 | Loss=0.580965 | Best makespan in group=373.00
[TRAIN] Step 181/350 | 13:32:54
[TRAIN] Step 181 | Loss=0.729370 | Best makespan in group=374.00
[TRAIN] Step 182/350 | 13:33:06
[TRAIN] Step 182 | Loss=0.585012 | Best makespan in group=417.00
[TRAIN] Step 183/350 | 13:33:19
[TRAIN] Step 183 | Loss=0.622554 | Best makespan in group=466.00
[TRAIN] Step 184/350 | 13:33:36
[TRAIN] Step 184 | Loss=0.638707 | Best makespan in group=488.00
[TRAIN] Step 185/350 | 13:33:49
[TRAIN] Step 185 | Loss=0.679005 | Best makespan in group=424.00
[TRAIN] Step 186/350 | 13:34:05
[TRAIN] Step 186 | Loss=0.613820 | Best makespan in group=478.00
[TRAIN] Step 187/350 | 13:34:21
[TRAIN] Step 187 | Loss=0.694201 | Best makespan in group=429.00
[TRAIN] Step 188/350 | 13:34:38
[TRAIN] Step 188 | Loss=0.628025 | Best makespan in group=461.00
[TRAIN] Step 189/350 | 13:34:57
[TRAIN] Step 189 | Loss=0.706658 | Best makespan in group=359.00
[TRAIN] Step 190/350 | 13:35:14
[TRAIN] Step 190 | Loss=0.784903 | Best makespan in group=354.00
[TRAIN] Step 191/350 | 13:35:32
[TRAIN] Step 191 | Loss=0.754595 | Best makespan in group=526.00
[TRAIN] Step 192/350 | 13:35:48
[TRAIN] Step 192 | Loss=0.762151 | Best makespan in group=326.00
[TRAIN] Step 193/350 | 13:36:06
[TRAIN] Step 193 | Loss=0.697854 | Best makespan in group=408.00
[TRAIN] Step 194/350 | 13:36:20
[TRAIN] Step 194 | Loss=0.663350 | Best makespan in group=501.00
[TRAIN] Step 195/350 | 13:36:38
[TRAIN] Step 195 | Loss=0.654143 | Best makespan in group=507.00
[TRAIN] Step 196/350 | 13:36:55
[TRAIN] Step 196 | Loss=0.658830 | Best makespan in group=362.00
[TRAIN] Step 197/350 | 13:37:09
[TRAIN] Step 197 | Loss=0.635342 | Best makespan in group=347.00
[TRAIN] Step 198/350 | 13:37:22
[TRAIN] Step 198 | Loss=0.656497 | Best makespan in group=360.00
[TRAIN] Step 199/350 | 13:37:38
[TRAIN] Step 199 | Loss=0.886692 | Best makespan in group=350.00
[TRAIN] Step 200/350 | 13:37:54
[TRAIN] Step 200 | Loss=0.662171 | Best makespan in group=402.00
[TRAIN] Refreshing training instances (step 200)...
[TRAIN][VAL][ep 200] avg_gap=0.1646 | std_gap=0.0928 | q80_gap=0.2274 | n=20
[TRAIN] Validation improved | smoothed_avg_gap=0.1904 (raw=0.1646) | saving candidate: 966475389148384.pth
[TRAIN] Step 201/350 | 13:38:37
[TRAIN] Step 201 | Loss=0.707161 | Best makespan in group=306.00
[TRAIN] Step 202/350 | 13:38:52
[TRAIN] Step 202 | Loss=0.663867 | Best makespan in group=374.00
[TRAIN] Step 203/350 | 13:39:07
[TRAIN] Step 203 | Loss=0.638124 | Best makespan in group=351.00
[TRAIN] Step 204/350 | 13:39:20
[TRAIN] Step 204 | Loss=0.795413 | Best makespan in group=356.00
[TRAIN] Step 205/350 | 13:39:32
[TRAIN] Step 205 | Loss=0.765576 | Best makespan in group=264.00
[TRAIN] Step 206/350 | 13:39:44
[TRAIN] Step 206 | Loss=0.643120 | Best makespan in group=361.00
[TRAIN] Step 207/350 | 13:39:57
[TRAIN] Step 207 | Loss=0.679669 | Best makespan in group=323.00
[TRAIN] Step 208/350 | 13:40:12
[TRAIN] Step 208 | Loss=0.644237 | Best makespan in group=328.00
[TRAIN] Step 209/350 | 13:40:28
[TRAIN] Step 209 | Loss=0.657378 | Best makespan in group=291.00
[TRAIN] Step 210/350 | 13:40:44
[TRAIN] Step 210 | Loss=0.891047 | Best makespan in group=454.00
[TRAIN] Step 211/350 | 13:40:56
[TRAIN] Step 211 | Loss=0.887931 | Best makespan in group=431.00
[TRAIN] Step 212/350 | 13:41:13
[TRAIN] Step 212 | Loss=0.732142 | Best makespan in group=409.00
[TRAIN] Step 213/350 | 13:41:27
[TRAIN] Step 213 | Loss=0.680285 | Best makespan in group=423.00
[TRAIN] Step 214/350 | 13:41:44
[TRAIN] Step 214 | Loss=0.728949 | Best makespan in group=408.00
[TRAIN] Step 215/350 | 13:41:57
[TRAIN] Step 215 | Loss=0.651826 | Best makespan in group=367.00
[TRAIN] Step 216/350 | 13:42:12
[TRAIN] Step 216 | Loss=0.732176 | Best makespan in group=357.00
[TRAIN] Step 217/350 | 13:42:29
[TRAIN] Step 217 | Loss=0.571081 | Best makespan in group=307.00
[TRAIN] Step 218/350 | 13:42:44
[TRAIN] Step 218 | Loss=0.697536 | Best makespan in group=459.00
[TRAIN] Step 219/350 | 13:42:57
[TRAIN] Step 219 | Loss=0.883568 | Best makespan in group=384.00
[TRAIN] Step 220/350 | 13:43:11
[TRAIN] Step 220 | Loss=0.674466 | Best makespan in group=420.00
[TRAIN] Step 221/350 | 13:43:27
[TRAIN] Step 221 | Loss=0.722267 | Best makespan in group=330.00
[TRAIN] Step 222/350 | 13:43:39
[TRAIN] Step 222 | Loss=0.806953 | Best makespan in group=323.00
[TRAIN] Step 223/350 | 13:43:52
[TRAIN] Step 223 | Loss=0.712629 | Best makespan in group=380.00
[TRAIN] Step 224/350 | 13:44:07
[TRAIN] Step 224 | Loss=0.723498 | Best makespan in group=272.00
[TRAIN] Step 225/350 | 13:44:20
[TRAIN] Step 225 | Loss=0.710949 | Best makespan in group=353.00
[TRAIN][VAL][ep 225] avg_gap=0.1496 | std_gap=0.0842 | q80_gap=0.2215 | n=20
[TRAIN] Validation improved | smoothed_avg_gap=0.1641 (raw=0.1496) | saving candidate: 981082924035900.pth
[TRAIN] Step 226/350 | 13:44:59
[TRAIN] Step 226 | Loss=0.587060 | Best makespan in group=434.00
[TRAIN] Step 227/350 | 13:45:13
[TRAIN] Step 227 | Loss=0.687432 | Best makespan in group=402.00
[TRAIN] Step 228/350 | 13:45:26
[TRAIN] Step 228 | Loss=0.627821 | Best makespan in group=495.00
[TRAIN] Step 229/350 | 13:45:39
[TRAIN] Step 229 | Loss=0.727225 | Best makespan in group=357.00
[TRAIN] Step 230/350 | 13:45:51
[TRAIN] Step 230 | Loss=0.732191 | Best makespan in group=343.00
[TRAIN] Step 231/350 | 13:46:08
[TRAIN] Step 231 | Loss=0.660582 | Best makespan in group=353.00
[TRAIN] Step 232/350 | 13:46:22
[TRAIN] Step 232 | Loss=0.623324 | Best makespan in group=370.00
[TRAIN] Step 233/350 | 13:46:36
[TRAIN] Step 233 | Loss=0.639943 | Best makespan in group=492.00
[TRAIN] Step 234/350 | 13:46:48
[TRAIN] Step 234 | Loss=0.621524 | Best makespan in group=355.00
[TRAIN] Step 235/350 | 13:47:02
[TRAIN] Step 235 | Loss=0.631147 | Best makespan in group=307.00
[TRAIN] Step 236/350 | 13:47:17
[TRAIN] Step 236 | Loss=0.795777 | Best makespan in group=377.00
[TRAIN] Step 237/350 | 13:47:33
[TRAIN] Step 237 | Loss=0.662258 | Best makespan in group=342.00
[TRAIN] Step 238/350 | 13:47:49
[TRAIN] Step 238 | Loss=0.710465 | Best makespan in group=294.00
[TRAIN] Step 239/350 | 13:48:06
[TRAIN] Step 239 | Loss=0.685350 | Best makespan in group=363.00
[TRAIN] Step 240/350 | 13:48:18
[TRAIN] Step 240 | Loss=0.643568 | Best makespan in group=324.00
[TRAIN] Step 241/350 | 13:48:31
[TRAIN] Step 241 | Loss=0.601876 | Best makespan in group=325.00
[TRAIN] Step 242/350 | 13:48:48
[TRAIN] Step 242 | Loss=0.679226 | Best makespan in group=435.00
[TRAIN] Step 243/350 | 13:49:04
[TRAIN] Step 243 | Loss=0.668247 | Best makespan in group=338.00
[TRAIN] Step 244/350 | 13:49:16
[TRAIN] Step 244 | Loss=0.686602 | Best makespan in group=272.00
[TRAIN] Step 245/350 | 13:49:29
[TRAIN] Step 245 | Loss=0.807967 | Best makespan in group=264.00
[TRAIN] Step 246/350 | 13:49:41
[TRAIN] Step 246 | Loss=0.750097 | Best makespan in group=379.00
[TRAIN] Step 247/350 | 13:49:54
[TRAIN] Step 247 | Loss=0.585466 | Best makespan in group=428.00
[TRAIN] Step 248/350 | 13:50:07
[TRAIN] Step 248 | Loss=0.580122 | Best makespan in group=306.00
[TRAIN] Step 249/350 | 13:50:23
[TRAIN] Step 249 | Loss=0.779090 | Best makespan in group=434.00
[TRAIN] Step 250/350 | 13:50:37
[TRAIN] Step 250 | Loss=0.734723 | Best makespan in group=369.00
[TRAIN][VAL][ep 250] avg_gap=0.1455 | std_gap=0.0518 | q80_gap=0.1944 | n=20
[TRAIN] Validation improved | smoothed_avg_gap=0.1532 (raw=0.1455) | saving candidate: 237010825541346.pth
[TRAIN] Step 251/350 | 13:51:17
[TRAIN] Step 251 | Loss=0.701453 | Best makespan in group=374.00
[TRAIN] Step 252/350 | 13:51:35
[TRAIN] Step 252 | Loss=0.709089 | Best makespan in group=384.00
[TRAIN] Step 253/350 | 13:51:49
[TRAIN] Step 253 | Loss=0.655696 | Best makespan in group=411.00
[TRAIN] Step 254/350 | 13:52:04
[TRAIN] Step 254 | Loss=0.755357 | Best makespan in group=464.00
[TRAIN] Step 255/350 | 13:52:16
[TRAIN] Step 255 | Loss=0.730325 | Best makespan in group=341.00
[TRAIN] Step 256/350 | 13:52:30
[TRAIN] Step 256 | Loss=0.743230 | Best makespan in group=422.00
[TRAIN] Step 257/350 | 13:52:46
[TRAIN] Step 257 | Loss=0.715792 | Best makespan in group=401.00
[TRAIN] Step 258/350 | 13:53:00
[TRAIN] Step 258 | Loss=0.753349 | Best makespan in group=398.00
[TRAIN] Step 259/350 | 13:53:14
[TRAIN] Step 259 | Loss=0.789687 | Best makespan in group=323.00
[TRAIN] Step 260/350 | 13:53:28
[TRAIN] Step 260 | Loss=0.636167 | Best makespan in group=424.00
[TRAIN] Step 261/350 | 13:53:40
[TRAIN] Step 261 | Loss=0.723820 | Best makespan in group=410.00
[TRAIN] Step 262/350 | 13:53:57
[TRAIN] Step 262 | Loss=0.744152 | Best makespan in group=351.00
[TRAIN] Step 263/350 | 13:54:10
[TRAIN] Step 263 | Loss=0.730188 | Best makespan in group=341.00
[TRAIN] Step 264/350 | 13:54:27
[TRAIN] Step 264 | Loss=0.755062 | Best makespan in group=367.00
[TRAIN] Step 265/350 | 13:54:39
[TRAIN] Step 265 | Loss=0.635896 | Best makespan in group=356.00
[TRAIN] Step 266/350 | 13:54:51
[TRAIN] Step 266 | Loss=0.518668 | Best makespan in group=303.00
[TRAIN] Step 267/350 | 13:55:06
[TRAIN] Step 267 | Loss=0.639526 | Best makespan in group=431.00
[TRAIN] Step 268/350 | 13:55:23
[TRAIN] Step 268 | Loss=0.797991 | Best makespan in group=307.00
[TRAIN] Step 269/350 | 13:55:38
[TRAIN] Step 269 | Loss=0.678022 | Best makespan in group=292.00
[TRAIN] Step 270/350 | 13:55:56
[TRAIN] Step 270 | Loss=0.644850 | Best makespan in group=353.00
[TRAIN] Step 271/350 | 13:56:09
[TRAIN] Step 271 | Loss=0.637212 | Best makespan in group=433.00
[TRAIN] Step 272/350 | 13:56:21
[TRAIN] Step 272 | Loss=0.646195 | Best makespan in group=323.00
[TRAIN] Step 273/350 | 13:56:37
[TRAIN] Step 273 | Loss=0.615602 | Best makespan in group=373.00
[TRAIN] Step 274/350 | 13:56:52
[TRAIN] Step 274 | Loss=0.718953 | Best makespan in group=367.00
[TRAIN] Step 275/350 | 13:57:09
[TRAIN] Step 275 | Loss=0.549852 | Best makespan in group=400.00
[TRAIN][VAL][ep 275] avg_gap=0.1525 | std_gap=0.0676 | q80_gap=0.2111 | n=20
[TRAIN] Validation improved | smoothed_avg_gap=0.1492 (raw=0.1525) | saving candidate: 865770556916378.pth
[TRAIN] Step 276/350 | 13:57:48
[TRAIN] Step 276 | Loss=0.681692 | Best makespan in group=264.00
[TRAIN] Step 277/350 | 13:58:01
[TRAIN] Step 277 | Loss=0.575680 | Best makespan in group=503.00
[TRAIN] Step 278/350 | 13:58:13
[TRAIN] Step 278 | Loss=0.664252 | Best makespan in group=361.00
[TRAIN] Step 279/350 | 13:58:29
[TRAIN] Step 279 | Loss=0.803949 | Best makespan in group=358.00
[TRAIN] Step 280/350 | 13:58:43
[TRAIN] Step 280 | Loss=0.837165 | Best makespan in group=320.00
[TRAIN] Step 281/350 | 13:58:58
[TRAIN] Step 281 | Loss=0.751266 | Best makespan in group=328.00
[TRAIN] Step 282/350 | 13:59:14
[TRAIN] Step 282 | Loss=0.646500 | Best makespan in group=407.00
[TRAIN] Step 283/350 | 13:59:30
[TRAIN] Step 283 | Loss=0.710954 | Best makespan in group=407.00
[TRAIN] Step 284/350 | 13:59:43
[TRAIN] Step 284 | Loss=0.757014 | Best makespan in group=429.00
[TRAIN] Step 285/350 | 13:59:58
[TRAIN] Step 285 | Loss=0.584902 | Best makespan in group=384.00
[TRAIN] Step 286/350 | 14:00:15
[TRAIN] Step 286 | Loss=0.725229 | Best makespan in group=331.00
[TRAIN] Step 287/350 | 14:00:27
[TRAIN] Step 287 | Loss=0.629748 | Best makespan in group=369.00
[TRAIN] Step 288/350 | 14:00:43
[TRAIN] Step 288 | Loss=0.649458 | Best makespan in group=272.00
[TRAIN] Step 289/350 | 14:00:57
[TRAIN] Step 289 | Loss=0.647732 | Best makespan in group=410.00
[TRAIN] Step 290/350 | 14:01:12
[TRAIN] Step 290 | Loss=0.757956 | Best makespan in group=452.00
[TRAIN] Step 291/350 | 14:01:25
[TRAIN] Step 291 | Loss=0.743294 | Best makespan in group=351.00
[TRAIN] Step 292/350 | 14:01:39
[TRAIN] Step 292 | Loss=0.674132 | Best makespan in group=378.00
[TRAIN] Step 293/350 | 14:01:57
[TRAIN] Step 293 | Loss=0.719222 | Best makespan in group=356.00
[TRAIN] Step 294/350 | 14:02:11
[TRAIN] Step 294 | Loss=0.742787 | Best makespan in group=403.00
[TRAIN] Step 295/350 | 14:02:28
[TRAIN] Step 295 | Loss=0.650191 | Best makespan in group=376.00
[TRAIN] Step 296/350 | 14:02:44
[TRAIN] Step 296 | Loss=0.667537 | Best makespan in group=402.00
[TRAIN] Step 297/350 | 14:02:58
[TRAIN] Step 297 | Loss=0.689226 | Best makespan in group=412.00
[TRAIN] Step 298/350 | 14:03:13
[TRAIN] Step 298 | Loss=0.685967 | Best makespan in group=342.00
[TRAIN] Step 299/350 | 14:03:29
[TRAIN] Step 299 | Loss=0.669775 | Best makespan in group=430.00
[TRAIN] Step 300/350 | 14:03:42
[TRAIN] Step 300 | Loss=0.655228 | Best makespan in group=327.00
[TRAIN][VAL][ep 300] avg_gap=0.1370 | std_gap=0.0708 | q80_gap=0.1896 | n=20
[TRAIN] Validation improved | smoothed_avg_gap=0.1450 (raw=0.1370) | saving candidate: 388203246551393.pth
[TRAIN] Step 301/350 | 14:04:27
[TRAIN] Step 301 | Loss=0.667574 | Best makespan in group=353.00
[TRAIN] Step 302/350 | 14:04:42
[TRAIN] Step 302 | Loss=0.644173 | Best makespan in group=363.00
[TRAIN] Step 303/350 | 14:04:58
[TRAIN] Step 303 | Loss=0.801855 | Best makespan in group=371.00
[TRAIN] Step 304/350 | 14:05:13
[TRAIN] Step 304 | Loss=0.651477 | Best makespan in group=428.00
[TRAIN] Step 305/350 | 14:05:31
[TRAIN] Step 305 | Loss=0.752254 | Best makespan in group=357.00
[TRAIN] Step 306/350 | 14:05:47
[TRAIN] Step 306 | Loss=0.709741 | Best makespan in group=272.00
[TRAIN] Step 307/350 | 14:06:00
[TRAIN] Step 307 | Loss=0.615724 | Best makespan in group=402.00
[TRAIN] Step 308/350 | 14:06:14
[TRAIN] Step 308 | Loss=0.689096 | Best makespan in group=416.00
[TRAIN] Step 309/350 | 14:06:32
[TRAIN] Step 309 | Loss=0.779339 | Best makespan in group=264.00
[TRAIN] Step 310/350 | 14:06:45
[TRAIN] Step 310 | Loss=0.599214 | Best makespan in group=286.00
[TRAIN] Step 311/350 | 14:07:02
[TRAIN] Step 311 | Loss=0.675366 | Best makespan in group=347.00
[TRAIN] Step 312/350 | 14:07:14
[TRAIN] Step 312 | Loss=0.733720 | Best makespan in group=377.00
[TRAIN] Step 313/350 | 14:07:28
[TRAIN] Step 313 | Loss=0.646114 | Best makespan in group=307.00
[TRAIN] Step 314/350 | 14:07:44
[TRAIN] Step 314 | Loss=0.630676 | Best makespan in group=323.00
[TRAIN] Step 315/350 | 14:08:00
[TRAIN] Step 315 | Loss=0.752757 | Best makespan in group=466.00
[TRAIN] Step 316/350 | 14:08:13
[TRAIN] Step 316 | Loss=0.640570 | Best makespan in group=297.00
[TRAIN] Step 317/350 | 14:08:29
[TRAIN] Step 317 | Loss=0.625025 | Best makespan in group=330.00
[TRAIN] Step 318/350 | 14:08:42
[TRAIN] Step 318 | Loss=0.716291 | Best makespan in group=420.00
[TRAIN] Step 319/350 | 14:08:54
[TRAIN] Step 319 | Loss=0.759978 | Best makespan in group=324.00
[TRAIN] Step 320/350 | 14:09:09
[TRAIN] Step 320 | Loss=0.681466 | Best makespan in group=461.00
[TRAIN] Step 321/350 | 14:09:23
[TRAIN] Step 321 | Loss=0.719465 | Best makespan in group=319.00
[TRAIN] Step 322/350 | 14:09:47
[TRAIN] Step 322 | Loss=0.693775 | Best makespan in group=272.00
[TRAIN] Step 323/350 | 14:10:09
[TRAIN] Step 323 | Loss=0.667653 | Best makespan in group=361.00
[TRAIN] Step 324/350 | 14:10:33
[TRAIN] Step 324 | Loss=0.602430 | Best makespan in group=370.00
[TRAIN] Step 325/350 | 14:10:57
[TRAIN] Step 325 | Loss=0.612332 | Best makespan in group=363.00
[TRAIN][VAL][ep 325] avg_gap=0.1341 | std_gap=0.0803 | q80_gap=0.2038 | n=20
[TRAIN] Validation improved | smoothed_avg_gap=0.1412 (raw=0.1341) | saving candidate: 631743773848416.pth
[TRAIN] Step 326/350 | 14:11:53
[TRAIN] Step 326 | Loss=0.699047 | Best makespan in group=368.00
[TRAIN] Step 327/350 | 14:12:23
[TRAIN] Step 327 | Loss=0.667428 | Best makespan in group=411.00
[TRAIN] Step 328/350 | 14:12:50
[TRAIN] Step 328 | Loss=0.717321 | Best makespan in group=323.00
[TRAIN] Step 329/350 | 14:13:13
[TRAIN] Step 329 | Loss=0.669550 | Best makespan in group=425.00
[TRAIN] Step 330/350 | 14:13:28
[TRAIN] Step 330 | Loss=0.727870 | Best makespan in group=429.00
[TRAIN] Step 331/350 | 14:13:53
[TRAIN] Step 331 | Loss=0.667939 | Best makespan in group=395.00
[TRAIN] Step 332/350 | 14:14:12
[TRAIN] Step 332 | Loss=0.779826 | Best makespan in group=366.00
[TRAIN] Step 333/350 | 14:14:29
[TRAIN] Step 333 | Loss=0.780832 | Best makespan in group=330.00
[TRAIN] Step 334/350 | 14:14:45
[TRAIN] Step 334 | Loss=0.627835 | Best makespan in group=361.00
[TRAIN] Step 335/350 | 14:15:05
[TRAIN] Step 335 | Loss=0.716750 | Best makespan in group=451.00
[TRAIN] Step 336/350 | 14:15:22
[TRAIN] Step 336 | Loss=0.643835 | Best makespan in group=444.00
[TRAIN] Step 337/350 | 14:15:40
[TRAIN] Step 337 | Loss=0.639476 | Best makespan in group=423.00
[TRAIN] Step 338/350 | 14:16:04
[TRAIN] Step 338 | Loss=0.629829 | Best makespan in group=379.00
[TRAIN] Step 339/350 | 14:16:23
[TRAIN] Step 339 | Loss=0.695098 | Best makespan in group=318.00
[TRAIN] Step 340/350 | 14:16:41
[TRAIN] Step 340 | Loss=0.688223 | Best makespan in group=297.00
[TRAIN] Step 341/350 | 14:17:02
[TRAIN] Step 341 | Loss=0.611223 | Best makespan in group=353.00
[TRAIN] Step 342/350 | 14:17:21
[TRAIN] Step 342 | Loss=0.686534 | Best makespan in group=400.00
[TRAIN] Step 343/350 | 14:17:39
[TRAIN] Step 343 | Loss=0.615385 | Best makespan in group=290.00
[TRAIN] Step 344/350 | 14:18:00
[TRAIN] Step 344 | Loss=0.710274 | Best makespan in group=410.00
[TRAIN] Step 345/350 | 14:18:19
[TRAIN] Step 345 | Loss=0.686632 | Best makespan in group=385.00
[TRAIN] Step 346/350 | 14:18:37
[TRAIN] Step 346 | Loss=0.605842 | Best makespan in group=485.00
[TRAIN] Step 347/350 | 14:18:53
[TRAIN] Step 347 | Loss=0.627855 | Best makespan in group=342.00
[TRAIN] Step 348/350 | 14:19:15
[TRAIN] Step 348 | Loss=0.769488 | Best makespan in group=274.00
[TRAIN] Step 349/350 | 14:19:37
[TRAIN] Step 349 | Loss=0.650489 | Best makespan in group=422.00
[TRAIN] Step 350/350 | 14:19:56
[TRAIN] Step 350 | Loss=0.714158 | Best makespan in group=264.00
[TRAIN][VAL][ep 350] avg_gap=0.1378 | std_gap=0.0846 | q80_gap=0.2006 | n=20
[TRAIN] Validation improved | smoothed_avg_gap=0.1363 (raw=0.1378) | saving candidate: 982671064340682.pth
[TRAIN] Evaluating best checkpoint (candidate_models/982671064340682.pth) on the held-out test split...
[TRAIN][TEST] avg_gap=0.1325 | std_gap=0.1031 | q80_gap=0.2213 | n=20
[TRAIN][14:21:15] Training ended. Validation history and plots updated.
