D:\Dissertação\dissertation-bopo_introduction\venv\Lib\site-packages\torch\jit\_script.py:1485: FutureWarning: `torch.jit.script` is not supported in Python 3.14+ and may break. Please switch to `torch.compile` or `torch.export`.
  warnings.warn(
============================================================
[TRAIN] Training started at: 2026-10-03 11:16:23
[TRAIN] Hyperparams | max_steps=350 | new_freq=200
[TRAIN]             | n_cases=30 | B=32 | K=10 | use_greedy=True | lr=0.0047 (decaying to 9.40e-04)
[TRAIN]             | warm_start_steps=200 | checkpoint_smooth_window=3 | seed=42
[TRAIN]             | hidden_channels=128 | num_layers=3 | heads=3
[TRAIN]             | logp_norm=mean | exclude_greedy_from_loss=True
[TRAIN] Representation | ojmb_base_v2 | GNN | gat | jm_design | edges
[TRAIN] Device | cuda:0 (NVIDIA GeForce GTX 1650 Ti)
[TRAIN] Problem size | jobs=[8,10] | machines=[5,10] | ops_per_job=[5,6] | max_proc=100
============================================================
[TRAIN] Output run folder: results\batching_gat_L3_ojmb_base_v2_s42
[TRAIN] Validation config | every=25 steps | instances=20 (representative subset)
[TRAIN][TEACHER] validation avg_gap=0.5137 | q80_gap=0.6460 || test avg_gap=0.4065 | q80_gap=0.4992
[TRAIN] Warm-start (behavior cloning vs. dispatch heuristic) | 200 step(s)...
[TRAIN][WARMSTART] step 10/200 | instance=3 | bc_loss=1.9601 | decisions=45
[TRAIN][WARMSTART] step 20/200 | instance=10 | bc_loss=1.7855 | decisions=45
[TRAIN][WARMSTART] step 30/200 | instance=26 | bc_loss=1.8448 | decisions=56
[TRAIN][WARMSTART] step 40/200 | instance=16 | bc_loss=1.4767 | decisions=47
[TRAIN][WARMSTART] step 50/200 | instance=5 | bc_loss=1.1895 | decisions=41
[TRAIN][WARMSTART] step 60/200 | instance=20 | bc_loss=1.2663 | decisions=39
[TRAIN][WARMSTART] step 70/200 | instance=27 | bc_loss=1.3411 | decisions=44
[TRAIN][WARMSTART] step 80/200 | instance=28 | bc_loss=1.3117 | decisions=54
[TRAIN][WARMSTART] step 90/200 | instance=2 | bc_loss=1.2299 | decisions=40
[TRAIN][WARMSTART] step 100/200 | instance=17 | bc_loss=1.2993 | decisions=40
[TRAIN][WARMSTART] step 110/200 | instance=21 | bc_loss=0.7400 | decisions=41
[TRAIN][WARMSTART] step 120/200 | instance=16 | bc_loss=1.0042 | decisions=47
[TRAIN][WARMSTART] step 130/200 | instance=23 | bc_loss=0.9820 | decisions=49
[TRAIN][WARMSTART] step 140/200 | instance=0 | bc_loss=1.1620 | decisions=55
[TRAIN][WARMSTART] step 150/200 | instance=15 | bc_loss=1.2969 | decisions=46
[TRAIN][WARMSTART] step 160/200 | instance=23 | bc_loss=1.0574 | decisions=49
[TRAIN][WARMSTART] step 170/200 | instance=22 | bc_loss=1.3062 | decisions=48
[TRAIN][WARMSTART] step 180/200 | instance=25 | bc_loss=1.3406 | decisions=51
[TRAIN][WARMSTART] step 190/200 | instance=3 | bc_loss=1.2174 | decisions=45
[TRAIN][WARMSTART] step 200/200 | instance=18 | bc_loss=1.3309 | decisions=46
[TRAIN] Warm-start complete, switching to BOPO preference optimization.
------------------------------------------------------------
[TRAIN] BOPO agent ready. Starting training loop for 350 step(s)...
------------------------------------------------------------
[TRAIN] Step 1/350 | 11:27:52
[TRAIN] Step 1 | Loss=0.669472 | Best makespan in group=443.00
[TRAIN] Step 2/350 | 11:28:09
[TRAIN] Step 2 | Loss=0.708343 | Best makespan in group=370.00
[TRAIN] Step 3/350 | 11:28:24
[TRAIN] Step 3 | Loss=0.820409 | Best makespan in group=508.00
[TRAIN] Step 4/350 | 11:28:39
[TRAIN] Step 4 | Loss=0.643516 | Best makespan in group=373.00
[TRAIN] Step 5/350 | 11:28:59
[TRAIN] Step 5 | Loss=0.632447 | Best makespan in group=496.00
[TRAIN] Step 6/350 | 11:29:18
[TRAIN] Step 6 | Loss=0.702989 | Best makespan in group=330.00
[TRAIN] Step 7/350 | 11:29:35
[TRAIN] Step 7 | Loss=0.699033 | Best makespan in group=355.00
[TRAIN] Step 8/350 | 11:29:48
[TRAIN] Step 8 | Loss=0.693455 | Best makespan in group=381.00
[TRAIN] Step 9/350 | 11:30:03
[TRAIN] Step 9 | Loss=0.604343 | Best makespan in group=445.00
[TRAIN] Step 10/350 | 11:30:24
[TRAIN] Step 10 | Loss=0.721737 | Best makespan in group=360.00
[TRAIN] Step 11/350 | 11:30:45
[TRAIN] Step 11 | Loss=0.590907 | Best makespan in group=382.00
[TRAIN] Step 12/350 | 11:30:59
[TRAIN] Step 12 | Loss=0.685455 | Best makespan in group=518.00
[TRAIN] Step 13/350 | 11:31:16
[TRAIN] Step 13 | Loss=0.632560 | Best makespan in group=350.00
[TRAIN] Step 14/350 | 11:31:35
[TRAIN] Step 14 | Loss=0.886470 | Best makespan in group=385.00
[TRAIN] Step 15/350 | 11:31:49
[TRAIN] Step 15 | Loss=0.692204 | Best makespan in group=485.00
[TRAIN] Step 16/350 | 11:32:06
[TRAIN] Step 16 | Loss=0.693311 | Best makespan in group=404.00
[TRAIN] Step 17/350 | 11:32:19
[TRAIN] Step 17 | Loss=0.709799 | Best makespan in group=434.00
[TRAIN] Step 18/350 | 11:32:36
[TRAIN] Step 18 | Loss=0.627399 | Best makespan in group=384.00
[TRAIN] Step 19/350 | 11:32:50
[TRAIN] Step 19 | Loss=0.693553 | Best makespan in group=405.00
[TRAIN] Step 20/350 | 11:33:16
[TRAIN] Step 20 | Loss=0.603816 | Best makespan in group=367.00
[TRAIN] Step 21/350 | 11:33:32
[TRAIN] Step 21 | Loss=0.669074 | Best makespan in group=354.00
[TRAIN] Step 22/350 | 11:33:46
[TRAIN] Step 22 | Loss=0.642687 | Best makespan in group=297.00
[TRAIN] Step 23/350 | 11:34:00
[TRAIN] Step 23 | Loss=0.626068 | Best makespan in group=344.00
[TRAIN] Step 24/350 | 11:34:16
[TRAIN] Step 24 | Loss=0.790229 | Best makespan in group=349.00
[TRAIN] Step 25/350 | 11:34:36
[TRAIN] Step 25 | Loss=0.665927 | Best makespan in group=425.00
[TRAIN][VAL][ep 25] avg_gap=0.2668 | std_gap=0.1511 | q80_gap=0.3627 | n=20
[TRAIN] Validation improved | smoothed_avg_gap=0.2668 (raw=0.2668) | saving candidate: 874725995384206.pth
[TRAIN] Step 26/350 | 11:35:35
[TRAIN] Step 26 | Loss=0.622365 | Best makespan in group=306.00
[TRAIN] Step 27/350 | 11:35:50
[TRAIN] Step 27 | Loss=0.614579 | Best makespan in group=466.00
[TRAIN] Step 28/350 | 11:36:06
[TRAIN] Step 28 | Loss=0.595793 | Best makespan in group=341.00
[TRAIN] Step 29/350 | 11:36:27
[TRAIN] Step 29 | Loss=0.604305 | Best makespan in group=302.00
[TRAIN] Step 30/350 | 11:36:43
[TRAIN] Step 30 | Loss=0.660131 | Best makespan in group=387.00
[TRAIN] Step 31/350 | 11:37:04
[TRAIN] Step 31 | Loss=0.537862 | Best makespan in group=359.00
[TRAIN] Step 32/350 | 11:37:20
[TRAIN] Step 32 | Loss=0.745514 | Best makespan in group=357.00
[TRAIN] Step 33/350 | 11:37:34
[TRAIN] Step 33 | Loss=0.601808 | Best makespan in group=375.00
[TRAIN] Step 34/350 | 11:37:53
[TRAIN] Step 34 | Loss=0.714000 | Best makespan in group=495.00
[TRAIN] Step 35/350 | 11:38:10
[TRAIN] Step 35 | Loss=0.737741 | Best makespan in group=309.00
[TRAIN] Step 36/350 | 11:38:24
[TRAIN] Step 36 | Loss=0.663095 | Best makespan in group=386.00
[TRAIN] Step 37/350 | 11:38:39
[TRAIN] Step 37 | Loss=0.754021 | Best makespan in group=395.00
[TRAIN] Step 38/350 | 11:38:52
[TRAIN] Step 38 | Loss=0.700321 | Best makespan in group=481.00
[TRAIN] Step 39/350 | 11:39:13
[TRAIN] Step 39 | Loss=0.633940 | Best makespan in group=460.00
[TRAIN] Step 40/350 | 11:39:31
[TRAIN] Step 40 | Loss=0.581812 | Best makespan in group=354.00
[TRAIN] Step 41/350 | 11:39:52
[TRAIN] Step 41 | Loss=0.625359 | Best makespan in group=453.00
[TRAIN] Step 42/350 | 11:40:08
[TRAIN] Step 42 | Loss=0.599250 | Best makespan in group=367.00
[TRAIN] Step 43/350 | 11:40:28
[TRAIN] Step 43 | Loss=0.765748 | Best makespan in group=438.00
[TRAIN] Step 44/350 | 11:40:50
[TRAIN] Step 44 | Loss=0.658702 | Best makespan in group=355.00
[TRAIN] Step 45/350 | 11:41:05
[TRAIN] Step 45 | Loss=0.674447 | Best makespan in group=356.00
[TRAIN] Step 46/350 | 11:41:24
[TRAIN] Step 46 | Loss=0.691249 | Best makespan in group=355.00
[TRAIN] Step 47/350 | 11:41:39
[TRAIN] Step 47 | Loss=0.682031 | Best makespan in group=454.00
[TRAIN] Step 48/350 | 11:41:55
[TRAIN] Step 48 | Loss=0.667894 | Best makespan in group=525.00
[TRAIN] Step 49/350 | 11:42:13
[TRAIN] Step 49 | Loss=0.703267 | Best makespan in group=358.00
[TRAIN] Step 50/350 | 11:42:31
[TRAIN] Step 50 | Loss=0.735625 | Best makespan in group=440.00
[TRAIN][VAL][ep 50] avg_gap=0.3009 | std_gap=0.1675 | q80_gap=0.4496 | n=20
[TRAIN] Step 51/350 | 11:43:28
[TRAIN] Step 51 | Loss=0.624887 | Best makespan in group=381.00
[TRAIN] Step 52/350 | 11:43:46
[TRAIN] Step 52 | Loss=0.727812 | Best makespan in group=335.00
[TRAIN] Step 53/350 | 11:44:10
[TRAIN] Step 53 | Loss=0.610075 | Best makespan in group=294.00
[TRAIN] Step 54/350 | 11:44:25
[TRAIN] Step 54 | Loss=0.557742 | Best makespan in group=368.00
[TRAIN] Step 55/350 | 11:44:46
[TRAIN] Step 55 | Loss=0.633265 | Best makespan in group=411.00
[TRAIN] Step 56/350 | 11:45:12
[TRAIN] Step 56 | Loss=0.623515 | Best makespan in group=392.00
[TRAIN] Step 57/350 | 11:45:28
[TRAIN] Step 57 | Loss=0.881079 | Best makespan in group=358.00
[TRAIN] Step 58/350 | 11:45:43
[TRAIN] Step 58 | Loss=0.560966 | Best makespan in group=308.00
[TRAIN] Step 59/350 | 11:45:59
[TRAIN] Step 59 | Loss=0.706467 | Best makespan in group=304.00
[TRAIN] Step 60/350 | 11:46:13
[TRAIN] Step 60 | Loss=0.822867 | Best makespan in group=383.00
[TRAIN] Step 61/350 | 11:46:28
[TRAIN] Step 61 | Loss=0.665130 | Best makespan in group=384.00
[TRAIN] Step 62/350 | 11:46:42
[TRAIN] Step 62 | Loss=0.574778 | Best makespan in group=430.00
[TRAIN] Step 63/350 | 11:46:58
[TRAIN] Step 63 | Loss=0.591506 | Best makespan in group=350.00
[TRAIN] Step 64/350 | 11:47:17
[TRAIN] Step 64 | Loss=0.677456 | Best makespan in group=298.00
[TRAIN] Step 65/350 | 11:47:32
[TRAIN] Step 65 | Loss=0.703068 | Best makespan in group=400.00
[TRAIN] Step 66/350 | 11:47:48
[TRAIN] Step 66 | Loss=0.576348 | Best makespan in group=394.00
[TRAIN] Step 67/350 | 11:48:04
[TRAIN] Step 67 | Loss=0.709369 | Best makespan in group=349.00
[TRAIN] Step 68/350 | 11:48:24
[TRAIN] Step 68 | Loss=0.545938 | Best makespan in group=413.00
[TRAIN] Step 69/350 | 11:48:47
[TRAIN] Step 69 | Loss=0.845722 | Best makespan in group=348.00
[TRAIN] Step 70/350 | 11:49:03
[TRAIN] Step 70 | Loss=0.641982 | Best makespan in group=452.00
[TRAIN] Step 71/350 | 11:49:19
[TRAIN] Step 71 | Loss=0.679416 | Best makespan in group=374.00
[TRAIN] Step 72/350 | 11:49:36
[TRAIN] Step 72 | Loss=0.611747 | Best makespan in group=396.00
[TRAIN] Step 73/350 | 11:49:59
[TRAIN] Step 73 | Loss=0.636916 | Best makespan in group=351.00
[TRAIN] Step 74/350 | 11:50:19
[TRAIN] Step 74 | Loss=0.685527 | Best makespan in group=499.00
[TRAIN] Step 75/350 | 11:50:37
[TRAIN] Step 75 | Loss=0.658704 | Best makespan in group=352.00
[TRAIN][VAL][ep 75] avg_gap=0.2607 | std_gap=0.1534 | q80_gap=0.3614 | n=20
[TRAIN] Step 76/350 | 11:51:31
[TRAIN] Step 76 | Loss=0.681102 | Best makespan in group=426.00
[TRAIN] Step 77/350 | 11:51:48
[TRAIN] Step 77 | Loss=0.874256 | Best makespan in group=301.00
[TRAIN] Step 78/350 | 11:52:04
[TRAIN] Step 78 | Loss=0.722574 | Best makespan in group=358.00
[TRAIN] Step 79/350 | 11:52:25
[TRAIN] Step 79 | Loss=0.671144 | Best makespan in group=502.00
[TRAIN] Step 80/350 | 11:52:42
[TRAIN] Step 80 | Loss=0.838010 | Best makespan in group=470.00
[TRAIN] Step 81/350 | 11:53:02
[TRAIN] Step 81 | Loss=0.716811 | Best makespan in group=343.00
[TRAIN] Step 82/350 | 11:53:23
[TRAIN] Step 82 | Loss=0.565582 | Best makespan in group=304.00
[TRAIN] Step 83/350 | 11:53:37
[TRAIN] Step 83 | Loss=0.617281 | Best makespan in group=353.00
[TRAIN] Step 84/350 | 11:53:57
[TRAIN] Step 84 | Loss=0.612378 | Best makespan in group=313.00
[TRAIN] Step 85/350 | 11:54:15
[TRAIN] Step 85 | Loss=0.690534 | Best makespan in group=343.00
[TRAIN] Step 86/350 | 11:54:30
[TRAIN] Step 86 | Loss=0.738709 | Best makespan in group=429.00
[TRAIN] Step 87/350 | 11:54:50
[TRAIN] Step 87 | Loss=0.663184 | Best makespan in group=350.00
[TRAIN] Step 88/350 | 11:55:04
[TRAIN] Step 88 | Loss=0.691034 | Best makespan in group=391.00
[TRAIN] Step 89/350 | 11:55:17
[TRAIN] Step 89 | Loss=0.591754 | Best makespan in group=341.00
[TRAIN] Step 90/350 | 11:55:33
[TRAIN] Step 90 | Loss=0.652246 | Best makespan in group=336.00
[TRAIN] Step 91/350 | 11:55:47
[TRAIN] Step 91 | Loss=0.653445 | Best makespan in group=358.00
[TRAIN] Step 92/350 | 11:56:07
[TRAIN] Step 92 | Loss=0.649079 | Best makespan in group=350.00
[TRAIN] Step 93/350 | 11:56:21
[TRAIN] Step 93 | Loss=0.551047 | Best makespan in group=295.00
[TRAIN] Step 94/350 | 11:56:36
[TRAIN] Step 94 | Loss=0.620771 | Best makespan in group=439.00
[TRAIN] Step 95/350 | 11:56:52
[TRAIN] Step 95 | Loss=0.730568 | Best makespan in group=299.00
[TRAIN] Step 96/350 | 11:57:08
[TRAIN] Step 96 | Loss=0.708748 | Best makespan in group=332.00
[TRAIN] Step 97/350 | 11:57:28
[TRAIN] Step 97 | Loss=0.553289 | Best makespan in group=450.00
[TRAIN] Step 98/350 | 11:57:47
[TRAIN] Step 98 | Loss=0.564333 | Best makespan in group=349.00
[TRAIN] Step 99/350 | 11:58:06
[TRAIN] Step 99 | Loss=0.796406 | Best makespan in group=299.00
[TRAIN] Step 100/350 | 11:58:19
[TRAIN] Step 100 | Loss=0.753071 | Best makespan in group=345.00
[TRAIN][VAL][ep 100] avg_gap=0.1449 | std_gap=0.0890 | q80_gap=0.2180 | n=20
[TRAIN] Validation improved | smoothed_avg_gap=0.2355 (raw=0.1449) | saving candidate: 870117048237678.pth
[TRAIN] Step 101/350 | 11:59:08
[TRAIN] Step 101 | Loss=0.726214 | Best makespan in group=417.00
[TRAIN] Step 102/350 | 11:59:27
[TRAIN] Step 102 | Loss=0.586140 | Best makespan in group=337.00
[TRAIN] Step 103/350 | 11:59:43
[TRAIN] Step 103 | Loss=0.667162 | Best makespan in group=323.00
[TRAIN] Step 104/350 | 11:59:58
[TRAIN] Step 104 | Loss=0.594605 | Best makespan in group=409.00
[TRAIN] Step 105/350 | 12:00:20
[TRAIN] Step 105 | Loss=0.701441 | Best makespan in group=445.00
[TRAIN] Step 106/350 | 12:00:36
[TRAIN] Step 106 | Loss=0.722270 | Best makespan in group=489.00
[TRAIN] Step 107/350 | 12:00:52
[TRAIN] Step 107 | Loss=0.764018 | Best makespan in group=304.00
[TRAIN] Step 108/350 | 12:01:06
[TRAIN] Step 108 | Loss=0.662464 | Best makespan in group=384.00
[TRAIN] Step 109/350 | 12:01:20
[TRAIN] Step 109 | Loss=0.606476 | Best makespan in group=390.00
[TRAIN] Step 110/350 | 12:01:45
[TRAIN] Step 110 | Loss=0.621321 | Best makespan in group=350.00
[TRAIN] Step 111/350 | 12:02:00
[TRAIN] Step 111 | Loss=0.744576 | Best makespan in group=356.00
[TRAIN] Step 112/350 | 12:02:15
[TRAIN] Step 112 | Loss=0.653617 | Best makespan in group=389.00
[TRAIN] Step 113/350 | 12:02:29
[TRAIN] Step 113 | Loss=0.629179 | Best makespan in group=375.00
[TRAIN] Step 114/350 | 12:02:47
[TRAIN] Step 114 | Loss=0.810376 | Best makespan in group=375.00
[TRAIN] Step 115/350 | 12:03:03
[TRAIN] Step 115 | Loss=0.575574 | Best makespan in group=376.00
[TRAIN] Step 116/350 | 12:03:22
[TRAIN] Step 116 | Loss=0.843265 | Best makespan in group=388.00
[TRAIN] Step 117/350 | 12:03:38
[TRAIN] Step 117 | Loss=0.758561 | Best makespan in group=494.00
[TRAIN] Step 118/350 | 12:03:54
[TRAIN] Step 118 | Loss=0.685442 | Best makespan in group=349.00
[TRAIN] Step 119/350 | 12:04:12
[TRAIN] Step 119 | Loss=0.792882 | Best makespan in group=404.00
[TRAIN] Step 120/350 | 12:04:24
[TRAIN] Step 120 | Loss=0.821536 | Best makespan in group=476.00
[TRAIN] Step 121/350 | 12:04:40
[TRAIN] Step 121 | Loss=0.699496 | Best makespan in group=387.00
[TRAIN] Step 122/350 | 12:04:56
[TRAIN] Step 122 | Loss=0.784452 | Best makespan in group=471.00
[TRAIN] Step 123/350 | 12:05:15
[TRAIN] Step 123 | Loss=0.702028 | Best makespan in group=360.00
[TRAIN] Step 124/350 | 12:05:29
[TRAIN] Step 124 | Loss=0.652154 | Best makespan in group=462.00
[TRAIN] Step 125/350 | 12:05:44
[TRAIN] Step 125 | Loss=0.644043 | Best makespan in group=358.00
[TRAIN][VAL][ep 125] avg_gap=0.2522 | std_gap=0.1608 | q80_gap=0.3280 | n=20
[TRAIN] Validation improved | smoothed_avg_gap=0.2193 (raw=0.2522) | saving candidate: 956522924931924.pth
[TRAIN] Step 126/350 | 12:06:37
[TRAIN] Step 126 | Loss=0.712645 | Best makespan in group=349.00
[TRAIN] Step 127/350 | 12:06:57
[TRAIN] Step 127 | Loss=0.603212 | Best makespan in group=294.00
[TRAIN] Step 128/350 | 12:07:12
[TRAIN] Step 128 | Loss=0.656618 | Best makespan in group=420.00
[TRAIN] Step 129/350 | 12:07:35
[TRAIN] Step 129 | Loss=0.706446 | Best makespan in group=384.00
[TRAIN] Step 130/350 | 12:08:05
[TRAIN] Step 130 | Loss=0.602032 | Best makespan in group=356.00
[TRAIN] Step 131/350 | 12:08:57
[TRAIN] Step 131 | Loss=0.629468 | Best makespan in group=463.00
[TRAIN] Step 132/350 | 12:10:06
[TRAIN] Step 132 | Loss=0.613632 | Best makespan in group=335.00
[TRAIN] Step 133/350 | 12:13:06
[TRAIN] Step 133 | Loss=0.540777 | Best makespan in group=306.00
[TRAIN] Step 134/350 | 12:13:56
[TRAIN] Step 134 | Loss=0.646982 | Best makespan in group=375.00
[TRAIN] Step 135/350 | 12:14:48
[TRAIN] Step 135 | Loss=0.751904 | Best makespan in group=496.00
[TRAIN] Step 136/350 | 12:16:12
[TRAIN] Step 136 | Loss=0.713641 | Best makespan in group=348.00
[TRAIN] Step 137/350 | 12:19:01
[TRAIN] Step 137 | Loss=0.587908 | Best makespan in group=296.00
[TRAIN] Step 138/350 | 12:20:04
[TRAIN] Step 138 | Loss=0.565598 | Best makespan in group=442.00
[TRAIN] Step 139/350 | 12:21:13
[TRAIN] Step 139 | Loss=0.667921 | Best makespan in group=355.00
[TRAIN] Step 140/350 | 12:24:34
[TRAIN] Step 140 | Loss=0.619326 | Best makespan in group=424.00
[TRAIN] Step 141/350 | 12:25:34
[TRAIN] Step 141 | Loss=0.738617 | Best makespan in group=410.00
[TRAIN] Step 142/350 | 12:28:46
[TRAIN] Step 142 | Loss=0.659526 | Best makespan in group=374.00
[TRAIN] Step 143/350 | 12:34:59
[TRAIN] Step 143 | Loss=0.578740 | Best makespan in group=381.00
[TRAIN] Step 144/350 | 12:35:45
[TRAIN] Step 144 | Loss=0.637920 | Best makespan in group=343.00
[TRAIN] Step 145/350 | 12:36:42
[TRAIN] Step 145 | Loss=0.560502 | Best makespan in group=329.00
[TRAIN] Step 146/350 | 12:37:17
[TRAIN] Step 146 | Loss=0.589646 | Best makespan in group=346.00
[TRAIN] Step 147/350 | 12:37:50
[TRAIN] Step 147 | Loss=0.649383 | Best makespan in group=301.00
[TRAIN] Step 148/350 | 12:38:29
[TRAIN] Step 148 | Loss=0.555335 | Best makespan in group=363.00
[TRAIN] Step 149/350 | 12:39:10
[TRAIN] Step 149 | Loss=0.635259 | Best makespan in group=356.00
[TRAIN] Step 150/350 | 12:39:50
[TRAIN] Step 150 | Loss=0.765455 | Best makespan in group=353.00
[TRAIN][VAL][ep 150] avg_gap=0.1661 | std_gap=0.0970 | q80_gap=0.2370 | n=20
[TRAIN] Validation improved | smoothed_avg_gap=0.1877 (raw=0.1661) | saving candidate: 20630974457960.pth
[TRAIN] Step 151/350 | 12:42:11
[TRAIN] Step 151 | Loss=0.608119 | Best makespan in group=304.00
[TRAIN] Step 152/350 | 12:42:42
[TRAIN] Step 152 | Loss=0.668866 | Best makespan in group=447.00
[TRAIN] Step 153/350 | 12:43:23
[TRAIN] Step 153 | Loss=0.519773 | Best makespan in group=464.00
[TRAIN] Step 154/350 | 12:44:05
[TRAIN] Step 154 | Loss=0.630524 | Best makespan in group=335.00
[TRAIN] Step 155/350 | 12:44:44
[TRAIN] Step 155 | Loss=0.554960 | Best makespan in group=451.00
[TRAIN] Step 156/350 | 12:45:34
[TRAIN] Step 156 | Loss=0.668927 | Best makespan in group=295.00
[TRAIN] Step 157/350 | 12:46:12
[TRAIN] Step 157 | Loss=0.688139 | Best makespan in group=481.00
[TRAIN] Step 158/350 | 12:46:56
[TRAIN] Step 158 | Loss=0.697716 | Best makespan in group=359.00
[TRAIN] Step 159/350 | 12:47:46
[TRAIN] Step 159 | Loss=0.744238 | Best makespan in group=428.00
[TRAIN] Step 160/350 | 12:48:27
[TRAIN] Step 160 | Loss=0.592070 | Best makespan in group=378.00
[TRAIN] Step 161/350 | 12:49:29
[TRAIN] Step 161 | Loss=0.721713 | Best makespan in group=413.00
[TRAIN] Step 162/350 | 12:50:19
[TRAIN] Step 162 | Loss=0.668525 | Best makespan in group=349.00
[TRAIN] Step 163/350 | 12:51:07
[TRAIN] Step 163 | Loss=0.848869 | Best makespan in group=348.00
[TRAIN] Step 164/350 | 12:51:54
[TRAIN] Step 164 | Loss=0.688555 | Best makespan in group=413.00
[TRAIN] Step 165/350 | 12:52:56
[TRAIN] Step 165 | Loss=0.600752 | Best makespan in group=333.00
[TRAIN] Step 166/350 | 12:53:52
[TRAIN] Step 166 | Loss=0.709419 | Best makespan in group=381.00
[TRAIN] Step 167/350 | 12:54:25
[TRAIN] Step 167 | Loss=0.637948 | Best makespan in group=392.00
[TRAIN] Step 168/350 | 12:54:59
[TRAIN] Step 168 | Loss=0.705186 | Best makespan in group=354.00
[TRAIN] Step 169/350 | 12:55:32
[TRAIN] Step 169 | Loss=0.773708 | Best makespan in group=344.00
[TRAIN] Step 170/350 | 12:56:08
[TRAIN] Step 170 | Loss=0.711543 | Best makespan in group=365.00
[TRAIN] Step 171/350 | 12:56:49
[TRAIN] Step 171 | Loss=0.608935 | Best makespan in group=381.00
[TRAIN] Step 172/350 | 12:57:31
[TRAIN] Step 172 | Loss=0.590018 | Best makespan in group=293.00
[TRAIN] Step 173/350 | 12:58:11
[TRAIN] Step 173 | Loss=0.575390 | Best makespan in group=346.00
[TRAIN] Step 174/350 | 12:58:56
[TRAIN] Step 174 | Loss=0.741187 | Best makespan in group=392.00
[TRAIN] Step 175/350 | 12:59:37
[TRAIN] Step 175 | Loss=0.542111 | Best makespan in group=343.00
[TRAIN][VAL][ep 175] avg_gap=0.1701 | std_gap=0.0886 | q80_gap=0.2418 | n=20
[TRAIN] Step 176/350 | 13:02:01
[TRAIN] Step 176 | Loss=0.596461 | Best makespan in group=343.00
[TRAIN] Step 177/350 | 13:02:37
[TRAIN] Step 177 | Loss=0.606466 | Best makespan in group=384.00
[TRAIN] Step 178/350 | 13:03:13
[TRAIN] Step 178 | Loss=0.687676 | Best makespan in group=348.00
[TRAIN] Step 179/350 | 13:04:01
[TRAIN] Step 179 | Loss=0.543849 | Best makespan in group=294.00
[TRAIN] Step 180/350 | 13:04:40
[TRAIN] Step 180 | Loss=0.707168 | Best makespan in group=351.00
[TRAIN] Step 181/350 | 13:05:12
[TRAIN] Step 181 | Loss=0.538567 | Best makespan in group=412.00
[TRAIN] Step 182/350 | 13:05:47
[TRAIN] Step 182 | Loss=0.644449 | Best makespan in group=337.00
[TRAIN] Step 183/350 | 13:06:21
[TRAIN] Step 183 | Loss=0.664143 | Best makespan in group=493.00
[TRAIN] Step 184/350 | 13:07:04
[TRAIN] Step 184 | Loss=0.599775 | Best makespan in group=384.00
[TRAIN] Step 185/350 | 13:07:49
[TRAIN] Step 185 | Loss=0.833761 | Best makespan in group=367.00
[TRAIN] Step 186/350 | 13:08:34
[TRAIN] Step 186 | Loss=0.717371 | Best makespan in group=349.00
[TRAIN] Step 187/350 | 13:09:22
[TRAIN] Step 187 | Loss=0.599530 | Best makespan in group=408.00
[TRAIN] Step 188/350 | 13:10:10
[TRAIN] Step 188 | Loss=0.658805 | Best makespan in group=289.00
[TRAIN] Step 189/350 | 13:10:50
[TRAIN] Step 189 | Loss=0.605983 | Best makespan in group=465.00
[TRAIN] Step 190/350 | 13:11:28
[TRAIN] Step 190 | Loss=0.635445 | Best makespan in group=293.00
[TRAIN] Step 191/350 | 13:12:03
[TRAIN] Step 191 | Loss=0.671647 | Best makespan in group=303.00
[TRAIN] Step 192/350 | 13:12:38
[TRAIN] Step 192 | Loss=0.722825 | Best makespan in group=439.00
[TRAIN] Step 193/350 | 13:13:16
[TRAIN] Step 193 | Loss=0.668163 | Best makespan in group=333.00
[TRAIN] Step 194/350 | 13:13:53
[TRAIN] Step 194 | Loss=0.624868 | Best makespan in group=404.00
[TRAIN] Step 195/350 | 13:14:46
[TRAIN] Step 195 | Loss=0.694818 | Best makespan in group=349.00
[TRAIN] Step 196/350 | 13:15:27
[TRAIN] Step 196 | Loss=0.653919 | Best makespan in group=384.00
[TRAIN] Step 197/350 | 13:15:58
[TRAIN] Step 197 | Loss=0.663012 | Best makespan in group=341.00
[TRAIN] Step 198/350 | 13:16:28
[TRAIN] Step 198 | Loss=0.630521 | Best makespan in group=346.00
[TRAIN] Step 199/350 | 13:17:09
[TRAIN] Step 199 | Loss=0.585457 | Best makespan in group=323.00
[TRAIN] Step 200/350 | 13:17:41
[TRAIN] Step 200 | Loss=0.615550 | Best makespan in group=346.00
[TRAIN] Refreshing training instances (step 200)...
[TRAIN][VAL][ep 200] avg_gap=0.1419 | std_gap=0.0683 | q80_gap=0.1842 | n=20
[TRAIN] Validation improved | smoothed_avg_gap=0.1594 (raw=0.1419) | saving candidate: 783638500257073.pth
[TRAIN] Step 201/350 | 13:19:37
[TRAIN] Step 201 | Loss=0.575574 | Best makespan in group=329.00
[TRAIN] Step 202/350 | 13:20:13
[TRAIN] Step 202 | Loss=0.627247 | Best makespan in group=370.00
[TRAIN] Step 203/350 | 13:20:47
[TRAIN] Step 203 | Loss=0.659556 | Best makespan in group=411.00
[TRAIN] Step 204/350 | 13:21:19
[TRAIN] Step 204 | Loss=0.617881 | Best makespan in group=508.00
[TRAIN] Step 205/350 | 13:21:57
[TRAIN] Step 205 | Loss=0.677579 | Best makespan in group=332.00
[TRAIN] Step 206/350 | 13:22:30
[TRAIN] Step 206 | Loss=0.643278 | Best makespan in group=425.00
[TRAIN] Step 207/350 | 13:23:12
[TRAIN] Step 207 | Loss=0.702786 | Best makespan in group=374.00
[TRAIN] Step 208/350 | 13:23:45
[TRAIN] Step 208 | Loss=0.572882 | Best makespan in group=355.00
[TRAIN] Step 209/350 | 13:24:20
[TRAIN] Step 209 | Loss=0.747343 | Best makespan in group=359.00
[TRAIN] Step 210/350 | 13:24:47
[TRAIN] Step 210 | Loss=0.684215 | Best makespan in group=384.00
[TRAIN] Step 211/350 | 13:25:32
[TRAIN] Step 211 | Loss=0.620573 | Best makespan in group=474.00
[TRAIN] Step 212/350 | 13:26:05
[TRAIN] Step 212 | Loss=0.593595 | Best makespan in group=270.00
[TRAIN] Step 213/350 | 13:26:35
[TRAIN] Step 213 | Loss=0.799390 | Best makespan in group=384.00
[TRAIN] Step 214/350 | 13:27:05
[TRAIN] Step 214 | Loss=0.605891 | Best makespan in group=314.00
[TRAIN] Step 215/350 | 13:27:35
[TRAIN] Step 215 | Loss=0.602367 | Best makespan in group=420.00
[TRAIN] Step 216/350 | 13:28:13
[TRAIN] Step 216 | Loss=0.725059 | Best makespan in group=469.00
[TRAIN] Step 217/350 | 13:28:43
[TRAIN] Step 217 | Loss=0.613248 | Best makespan in group=463.00
[TRAIN] Step 218/350 | 13:29:22
[TRAIN] Step 218 | Loss=0.640285 | Best makespan in group=491.00
[TRAIN] Step 219/350 | 13:29:59
[TRAIN] Step 219 | Loss=0.588723 | Best makespan in group=417.00
[TRAIN] Step 220/350 | 13:30:39
[TRAIN] Step 220 | Loss=0.703806 | Best makespan in group=325.00
[TRAIN] Step 221/350 | 13:31:24
[TRAIN] Step 221 | Loss=0.702861 | Best makespan in group=576.00
[TRAIN] Step 222/350 | 13:31:53
[TRAIN] Step 222 | Loss=0.530037 | Best makespan in group=327.00
[TRAIN] Step 223/350 | 13:32:41
[TRAIN] Step 223 | Loss=0.560910 | Best makespan in group=445.00
[TRAIN] Step 224/350 | 13:33:13
[TRAIN] Step 224 | Loss=0.609016 | Best makespan in group=358.00
[TRAIN] Step 225/350 | 13:33:43
[TRAIN] Step 225 | Loss=0.609250 | Best makespan in group=382.00
[TRAIN][VAL][ep 225] avg_gap=0.1647 | std_gap=0.1010 | q80_gap=0.2455 | n=20
[TRAIN] Validation improved | smoothed_avg_gap=0.1589 (raw=0.1647) | saving candidate: 195456240810604.pth
[TRAIN] Step 226/350 | 13:35:34
[TRAIN] Step 226 | Loss=0.626502 | Best makespan in group=356.00
[TRAIN] Step 227/350 | 13:36:10
[TRAIN] Step 227 | Loss=0.530346 | Best makespan in group=353.00
[TRAIN] Step 228/350 | 13:36:37
[TRAIN] Step 228 | Loss=0.596759 | Best makespan in group=529.00
[TRAIN] Step 229/350 | 13:37:15
[TRAIN] Step 229 | Loss=0.546967 | Best makespan in group=450.00
[TRAIN] Step 230/350 | 13:37:53
[TRAIN] Step 230 | Loss=0.573474 | Best makespan in group=445.00
[TRAIN] Step 231/350 | 13:38:26
[TRAIN] Step 231 | Loss=0.594801 | Best makespan in group=364.00
[TRAIN] Step 232/350 | 13:38:42
[TRAIN] Step 232 | Loss=0.624599 | Best makespan in group=464.00
[TRAIN] Step 233/350 | 13:39:00
[TRAIN] Step 233 | Loss=0.578989 | Best makespan in group=332.00
[TRAIN] Step 234/350 | 13:39:14
[TRAIN] Step 234 | Loss=0.844115 | Best makespan in group=387.00
[TRAIN] Step 235/350 | 13:39:28
[TRAIN] Step 235 | Loss=0.562781 | Best makespan in group=357.00
[TRAIN] Step 236/350 | 13:39:41
[TRAIN] Step 236 | Loss=0.629701 | Best makespan in group=515.00
[TRAIN] Step 237/350 | 13:39:58
[TRAIN] Step 237 | Loss=0.635409 | Best makespan in group=419.00
[TRAIN] Step 238/350 | 13:40:12
[TRAIN] Step 238 | Loss=0.738450 | Best makespan in group=351.00
[TRAIN] Step 239/350 | 13:40:28
[TRAIN] Step 239 | Loss=0.653156 | Best makespan in group=389.00
[TRAIN] Step 240/350 | 13:40:43
[TRAIN] Step 240 | Loss=0.702863 | Best makespan in group=274.00
[TRAIN] Step 241/350 | 13:40:57
[TRAIN] Step 241 | Loss=0.577331 | Best makespan in group=430.00
[TRAIN] Step 242/350 | 13:41:10
[TRAIN] Step 242 | Loss=0.729522 | Best makespan in group=452.00
[TRAIN] Step 243/350 | 13:41:28
[TRAIN] Step 243 | Loss=0.640882 | Best makespan in group=361.00
[TRAIN] Step 244/350 | 13:41:44
[TRAIN] Step 244 | Loss=0.675884 | Best makespan in group=383.00
[TRAIN] Step 245/350 | 13:42:06
[TRAIN] Step 245 | Loss=0.569037 | Best makespan in group=320.00
[TRAIN] Step 246/350 | 13:42:27
[TRAIN] Step 246 | Loss=0.593183 | Best makespan in group=423.00
[TRAIN] Step 247/350 | 13:42:46
[TRAIN] Step 247 | Loss=0.619101 | Best makespan in group=454.00
[TRAIN] Step 248/350 | 13:43:02
[TRAIN] Step 248 | Loss=0.667546 | Best makespan in group=561.00
[TRAIN] Step 249/350 | 13:43:17
[TRAIN] Step 249 | Loss=0.666860 | Best makespan in group=385.00
[TRAIN] Step 250/350 | 13:43:32
[TRAIN] Step 250 | Loss=0.591375 | Best makespan in group=374.00
[TRAIN][VAL][ep 250] avg_gap=0.1595 | std_gap=0.0974 | q80_gap=0.2532 | n=20
[TRAIN] Validation improved | smoothed_avg_gap=0.1554 (raw=0.1595) | saving candidate: 16465610769808.pth
[TRAIN] Step 251/350 | 13:44:25
[TRAIN] Step 251 | Loss=0.598379 | Best makespan in group=407.00
[TRAIN] Step 252/350 | 13:44:44
[TRAIN] Step 252 | Loss=0.537661 | Best makespan in group=469.00
[TRAIN] Step 253/350 | 13:44:59
[TRAIN] Step 253 | Loss=0.699169 | Best makespan in group=333.00
[TRAIN] Step 254/350 | 13:45:20
[TRAIN] Step 254 | Loss=0.584425 | Best makespan in group=467.00
[TRAIN] Step 255/350 | 13:45:36
[TRAIN] Step 255 | Loss=0.737192 | Best makespan in group=314.00
[TRAIN] Step 256/350 | 13:45:49
[TRAIN] Step 256 | Loss=0.567321 | Best makespan in group=450.00
[TRAIN] Step 257/350 | 13:46:06
[TRAIN] Step 257 | Loss=0.598185 | Best makespan in group=354.00
[TRAIN] Step 258/350 | 13:46:18
[TRAIN] Step 258 | Loss=0.622799 | Best makespan in group=406.00
[TRAIN] Step 259/350 | 13:46:35
[TRAIN] Step 259 | Loss=0.717564 | Best makespan in group=502.00
[TRAIN] Step 260/350 | 13:46:51
[TRAIN] Step 260 | Loss=0.534746 | Best makespan in group=350.00
[TRAIN] Step 261/350 | 13:47:06
[TRAIN] Step 261 | Loss=0.602827 | Best makespan in group=452.00
[TRAIN] Step 262/350 | 13:47:24
[TRAIN] Step 262 | Loss=0.529182 | Best makespan in group=332.00
[TRAIN] Step 263/350 | 13:47:38
[TRAIN] Step 263 | Loss=0.557121 | Best makespan in group=353.00
[TRAIN] Step 264/350 | 13:47:50
[TRAIN] Step 264 | Loss=0.466861 | Best makespan in group=350.00
[TRAIN] Step 265/350 | 13:48:05
[TRAIN] Step 265 | Loss=0.569960 | Best makespan in group=380.00
[TRAIN] Step 266/350 | 13:48:21
[TRAIN] Step 266 | Loss=0.701398 | Best makespan in group=475.00
[TRAIN] Step 267/350 | 13:48:35
[TRAIN] Step 267 | Loss=0.678026 | Best makespan in group=465.00
[TRAIN] Step 268/350 | 13:48:52
[TRAIN] Step 268 | Loss=0.587007 | Best makespan in group=316.00
[TRAIN] Step 269/350 | 13:49:05
[TRAIN] Step 269 | Loss=0.599494 | Best makespan in group=420.00
[TRAIN] Step 270/350 | 13:49:23
[TRAIN] Step 270 | Loss=0.661198 | Best makespan in group=478.00
[TRAIN] Step 271/350 | 13:49:40
[TRAIN] Step 271 | Loss=0.638224 | Best makespan in group=443.00
[TRAIN] Step 272/350 | 13:49:53
[TRAIN] Step 272 | Loss=0.589354 | Best makespan in group=374.00
[TRAIN] Step 273/350 | 13:50:07
[TRAIN] Step 273 | Loss=0.759404 | Best makespan in group=538.00
[TRAIN] Step 274/350 | 13:50:20
[TRAIN] Step 274 | Loss=0.558595 | Best makespan in group=398.00
[TRAIN] Step 275/350 | 13:50:37
[TRAIN] Step 275 | Loss=0.644223 | Best makespan in group=405.00
[TRAIN][VAL][ep 275] avg_gap=0.1420 | std_gap=0.1059 | q80_gap=0.2060 | n=20
[TRAIN] Step 276/350 | 13:51:26
[TRAIN] Step 276 | Loss=0.521912 | Best makespan in group=359.00
[TRAIN] Step 277/350 | 13:51:38
[TRAIN] Step 277 | Loss=0.655675 | Best makespan in group=334.00
[TRAIN] Step 278/350 | 13:51:59
[TRAIN] Step 278 | Loss=0.534117 | Best makespan in group=349.00
[TRAIN] Step 279/350 | 13:52:14
[TRAIN] Step 279 | Loss=0.661115 | Best makespan in group=391.00
[TRAIN] Step 280/350 | 13:52:28
[TRAIN] Step 280 | Loss=0.595532 | Best makespan in group=462.00
[TRAIN] Step 281/350 | 13:52:41
[TRAIN] Step 281 | Loss=0.650745 | Best makespan in group=377.00
[TRAIN] Step 282/350 | 13:53:00
[TRAIN] Step 282 | Loss=0.708846 | Best makespan in group=319.00
[TRAIN] Step 283/350 | 13:53:19
[TRAIN] Step 283 | Loss=0.635650 | Best makespan in group=525.00
[TRAIN] Step 284/350 | 13:53:35
[TRAIN] Step 284 | Loss=0.641417 | Best makespan in group=357.00
[TRAIN] Step 285/350 | 13:53:48
[TRAIN] Step 285 | Loss=0.625554 | Best makespan in group=272.00
[TRAIN] Step 286/350 | 13:54:01
[TRAIN] Step 286 | Loss=0.810453 | Best makespan in group=332.00
[TRAIN] Step 287/350 | 13:54:16
[TRAIN] Step 287 | Loss=0.706124 | Best makespan in group=469.00
[TRAIN] Step 288/350 | 13:54:33
[TRAIN] Step 288 | Loss=0.723854 | Best makespan in group=426.00
[TRAIN] Step 289/350 | 13:54:47
[TRAIN] Step 289 | Loss=0.581572 | Best makespan in group=521.00
[TRAIN] Step 290/350 | 13:55:03
[TRAIN] Step 290 | Loss=0.519833 | Best makespan in group=381.00
[TRAIN] Step 291/350 | 13:55:17
[TRAIN] Step 291 | Loss=0.623545 | Best makespan in group=397.00
[TRAIN] Step 292/350 | 13:55:34
[TRAIN] Step 292 | Loss=0.714614 | Best makespan in group=330.00
[TRAIN] Step 293/350 | 13:55:49
[TRAIN] Step 293 | Loss=0.837100 | Best makespan in group=555.00
[TRAIN] Step 294/350 | 13:56:02
[TRAIN] Step 294 | Loss=0.815746 | Best makespan in group=453.00
[TRAIN] Step 295/350 | 13:56:15
[TRAIN] Step 295 | Loss=0.704575 | Best makespan in group=420.00
[TRAIN] Step 296/350 | 13:56:33
[TRAIN] Step 296 | Loss=0.670172 | Best makespan in group=350.00
[TRAIN] Step 297/350 | 13:56:49
[TRAIN] Step 297 | Loss=0.665991 | Best makespan in group=374.00
[TRAIN] Step 298/350 | 13:57:03
[TRAIN] Step 298 | Loss=0.538594 | Best makespan in group=435.00
[TRAIN] Step 299/350 | 13:57:16
[TRAIN] Step 299 | Loss=0.588832 | Best makespan in group=383.00
[TRAIN] Step 300/350 | 13:57:32
[TRAIN] Step 300 | Loss=0.654795 | Best makespan in group=390.00
[TRAIN][VAL][ep 300] avg_gap=0.1400 | std_gap=0.0850 | q80_gap=0.1916 | n=20
[TRAIN] Validation improved | smoothed_avg_gap=0.1472 (raw=0.1400) | saving candidate: 608987983899347.pth
[TRAIN] Step 301/350 | 13:58:19
[TRAIN] Step 301 | Loss=0.475062 | Best makespan in group=357.00
[TRAIN] Step 302/350 | 13:58:33
[TRAIN] Step 302 | Loss=0.614326 | Best makespan in group=315.00
[TRAIN] Step 303/350 | 13:58:51
[TRAIN] Step 303 | Loss=0.599266 | Best makespan in group=465.00
[TRAIN] Step 304/350 | 13:59:08
[TRAIN] Step 304 | Loss=0.526942 | Best makespan in group=398.00
[TRAIN] Step 305/350 | 13:59:24
[TRAIN] Step 305 | Loss=0.492686 | Best makespan in group=355.00
[TRAIN] Step 306/350 | 13:59:36
[TRAIN] Step 306 | Loss=0.677444 | Best makespan in group=354.00
[TRAIN] Step 307/350 | 13:59:49
[TRAIN] Step 307 | Loss=0.704984 | Best makespan in group=314.00
[TRAIN] Step 308/350 | 14:00:02
[TRAIN] Step 308 | Loss=0.694395 | Best makespan in group=512.00
[TRAIN] Step 309/350 | 14:00:18
[TRAIN] Step 309 | Loss=0.551899 | Best makespan in group=352.00
[TRAIN] Step 310/350 | 14:00:32
[TRAIN] Step 310 | Loss=0.830122 | Best makespan in group=460.00
[TRAIN] Step 311/350 | 14:00:49
[TRAIN] Step 311 | Loss=0.642997 | Best makespan in group=402.00
[TRAIN] Step 312/350 | 14:01:02
[TRAIN] Step 312 | Loss=0.658557 | Best makespan in group=332.00
[TRAIN] Step 313/350 | 14:01:16
[TRAIN] Step 313 | Loss=0.558675 | Best makespan in group=384.00
[TRAIN] Step 314/350 | 14:01:29
[TRAIN] Step 314 | Loss=0.555642 | Best makespan in group=521.00
[TRAIN] Step 315/350 | 14:01:45
[TRAIN] Step 315 | Loss=0.661926 | Best makespan in group=272.00
[TRAIN] Step 316/350 | 14:01:58
[TRAIN] Step 316 | Loss=0.672144 | Best makespan in group=473.00
[TRAIN] Step 317/350 | 14:02:14
[TRAIN] Step 317 | Loss=0.660423 | Best makespan in group=462.00
[TRAIN] Step 318/350 | 14:02:30
[TRAIN] Step 318 | Loss=0.604951 | Best makespan in group=380.00
[TRAIN] Step 319/350 | 14:02:50
[TRAIN] Step 319 | Loss=0.620370 | Best makespan in group=336.00
[TRAIN] Step 320/350 | 14:03:11
[TRAIN] Step 320 | Loss=0.599382 | Best makespan in group=462.00
[TRAIN] Step 321/350 | 14:03:26
[TRAIN] Step 321 | Loss=0.715676 | Best makespan in group=272.00
[TRAIN] Step 322/350 | 14:03:39
[TRAIN] Step 322 | Loss=0.616369 | Best makespan in group=523.00
[TRAIN] Step 323/350 | 14:03:55
[TRAIN] Step 323 | Loss=0.693490 | Best makespan in group=453.00
[TRAIN] Step 324/350 | 14:04:08
[TRAIN] Step 324 | Loss=0.688104 | Best makespan in group=356.00
[TRAIN] Step 325/350 | 14:04:21
[TRAIN] Step 325 | Loss=0.608064 | Best makespan in group=378.00
[TRAIN][VAL][ep 325] avg_gap=0.1672 | std_gap=0.0854 | q80_gap=0.2532 | n=20
[TRAIN] Step 326/350 | 14:05:13
[TRAIN] Step 326 | Loss=0.616179 | Best makespan in group=310.00
[TRAIN] Step 327/350 | 14:05:32
[TRAIN] Step 327 | Loss=0.513798 | Best makespan in group=461.00
[TRAIN] Step 328/350 | 14:05:48
[TRAIN] Step 328 | Loss=0.586497 | Best makespan in group=350.00
[TRAIN] Step 329/350 | 14:06:04
[TRAIN] Step 329 | Loss=0.664987 | Best makespan in group=464.00
[TRAIN] Step 330/350 | 14:06:20
[TRAIN] Step 330 | Loss=0.510337 | Best makespan in group=495.00
[TRAIN] Step 331/350 | 14:06:36
[TRAIN] Step 331 | Loss=0.690851 | Best makespan in group=418.00
[TRAIN] Step 332/350 | 14:06:55
[TRAIN] Step 332 | Loss=0.681680 | Best makespan in group=545.00
[TRAIN] Step 333/350 | 14:07:07
[TRAIN] Step 333 | Loss=0.604875 | Best makespan in group=356.00
[TRAIN] Step 334/350 | 14:07:20
[TRAIN] Step 334 | Loss=0.581815 | Best makespan in group=374.00
[TRAIN] Step 335/350 | 14:07:34
[TRAIN] Step 335 | Loss=0.502122 | Best makespan in group=469.00
[TRAIN] Step 336/350 | 14:07:48
[TRAIN] Step 336 | Loss=0.611035 | Best makespan in group=384.00
[TRAIN] Step 337/350 | 14:08:03
[TRAIN] Step 337 | Loss=0.583220 | Best makespan in group=412.00
[TRAIN] Step 338/350 | 14:08:20
[TRAIN] Step 338 | Loss=0.688785 | Best makespan in group=356.00
[TRAIN] Step 339/350 | 14:08:31
[TRAIN] Step 339 | Loss=0.699204 | Best makespan in group=332.00
[TRAIN] Step 340/350 | 14:08:45
[TRAIN] Step 340 | Loss=0.591241 | Best makespan in group=347.00
[TRAIN] Step 341/350 | 14:09:00
[TRAIN] Step 341 | Loss=0.491381 | Best makespan in group=448.00
[TRAIN] Step 342/350 | 14:09:17
[TRAIN] Step 342 | Loss=0.805373 | Best makespan in group=406.00
[TRAIN] Step 343/350 | 14:09:34
[TRAIN] Step 343 | Loss=0.495111 | Best makespan in group=381.00
[TRAIN] Step 344/350 | 14:09:47
[TRAIN] Step 344 | Loss=0.633743 | Best makespan in group=314.00
[TRAIN] Step 345/350 | 14:10:01
[TRAIN] Step 345 | Loss=0.613717 | Best makespan in group=406.00
[TRAIN] Step 346/350 | 14:10:14
[TRAIN] Step 346 | Loss=0.659533 | Best makespan in group=331.00
[TRAIN] Step 347/350 | 14:10:36
[TRAIN] Step 347 | Loss=0.604137 | Best makespan in group=451.00
[TRAIN] Step 348/350 | 14:10:53
[TRAIN] Step 348 | Loss=0.551639 | Best makespan in group=476.00
[TRAIN] Step 349/350 | 14:11:08
[TRAIN] Step 349 | Loss=0.624557 | Best makespan in group=337.00
[TRAIN] Step 350/350 | 14:11:24
[TRAIN] Step 350 | Loss=0.712294 | Best makespan in group=385.00
[TRAIN][VAL][ep 350] avg_gap=0.1310 | std_gap=0.0574 | q80_gap=0.1803 | n=20
[TRAIN] Validation improved | smoothed_avg_gap=0.1461 (raw=0.1310) | saving candidate: 57920169926805.pth
[TRAIN] Evaluating best checkpoint (candidate_models/57920169926805.pth) on the held-out test split...
[TRAIN][TEST] avg_gap=0.0959 | std_gap=0.0726 | q80_gap=0.1487 | n=20
[TRAIN][14:12:47] Training ended. Validation history and plots updated.
