D:\Dissertação\dissertation-bopo_introduction\venv\Lib\site-packages\torch\jit\_script.py:1485: FutureWarning: `torch.jit.script` is not supported in Python 3.14+ and may break. Please switch to `torch.compile` or `torch.export`.
  warnings.warn(
============================================================
[TRAIN] Training started at: 2026-09-28 01:41:11
[TRAIN] Hyperparams | max_steps=350 | new_freq=200
[TRAIN]             | n_cases=30 | B=32 | K=10 | use_greedy=True | lr=0.0047 (decaying to 9.40e-04)
[TRAIN]             | warm_start_steps=200 | checkpoint_smooth_window=3 | seed=42
[TRAIN]             | hidden_channels=128 | num_layers=2 | heads=3
[TRAIN]             | logp_norm=mean | exclude_greedy_from_loss=True
[TRAIN] Representation | ojmb_edge | GNN | gat | jm_design | edges
[TRAIN] Device | cuda:0 (NVIDIA GeForce GTX 1650 Ti)
[TRAIN] Problem size | jobs=[8,10] | machines=[5,10] | ops_per_job=[5,6] | max_proc=100
============================================================
[TRAIN] Output run folder: results\batching_gat_L2_ojmb_edge_s42
[TRAIN] Validation config | every=25 steps | instances=20 (representative subset)
[TRAIN][TEACHER] validation avg_gap=0.5023 | q80_gap=0.6593 || test avg_gap=0.4129 | q80_gap=0.6096
[TRAIN] Warm-start (behavior cloning vs. dispatch heuristic) | 200 step(s)...
[TRAIN][WARMSTART] step 10/200 | instance=2 | bc_loss=1.6690 | decisions=46
[TRAIN][WARMSTART] step 20/200 | instance=4 | bc_loss=1.3462 | decisions=49
[TRAIN][WARMSTART] step 30/200 | instance=9 | bc_loss=1.1103 | decisions=41
[TRAIN][WARMSTART] step 40/200 | instance=24 | bc_loss=1.7024 | decisions=50
[TRAIN][WARMSTART] step 50/200 | instance=18 | bc_loss=1.3312 | decisions=46
[TRAIN][WARMSTART] step 60/200 | instance=27 | bc_loss=1.1819 | decisions=44
[TRAIN][WARMSTART] step 70/200 | instance=26 | bc_loss=1.1551 | decisions=40
[TRAIN][WARMSTART] step 80/200 | instance=10 | bc_loss=1.4323 | decisions=41
[TRAIN][WARMSTART] step 90/200 | instance=2 | bc_loss=1.1809 | decisions=46
[TRAIN][WARMSTART] step 100/200 | instance=10 | bc_loss=1.1553 | decisions=41
[TRAIN][WARMSTART] step 110/200 | instance=19 | bc_loss=1.1911 | decisions=42
[TRAIN][WARMSTART] step 120/200 | instance=1 | bc_loss=1.0262 | decisions=44
[TRAIN][WARMSTART] step 130/200 | instance=1 | bc_loss=0.9301 | decisions=44
[TRAIN][WARMSTART] step 140/200 | instance=8 | bc_loss=0.9690 | decisions=35
[TRAIN][WARMSTART] step 150/200 | instance=1 | bc_loss=0.9916 | decisions=44
[TRAIN][WARMSTART] step 160/200 | instance=0 | bc_loss=1.0372 | decisions=47
[TRAIN][WARMSTART] step 170/200 | instance=4 | bc_loss=1.0069 | decisions=49
[TRAIN][WARMSTART] step 180/200 | instance=16 | bc_loss=1.0740 | decisions=53
[TRAIN][WARMSTART] step 190/200 | instance=27 | bc_loss=0.8192 | decisions=44
[TRAIN][WARMSTART] step 200/200 | instance=23 | bc_loss=0.8890 | decisions=43
[TRAIN] Warm-start complete, switching to BOPO preference optimization.
------------------------------------------------------------
[TRAIN] BOPO agent ready. Starting training loop for 350 step(s)...
------------------------------------------------------------
[TRAIN] Step 1/350 | 01:48:54
[TRAIN] Step 1 | Loss=0.850294 | Best makespan in group=275.00
[TRAIN] Step 2/350 | 01:49:08
[TRAIN] Step 2 | Loss=0.811159 | Best makespan in group=421.00
[TRAIN] Step 3/350 | 01:49:23
[TRAIN] Step 3 | Loss=0.591177 | Best makespan in group=408.00
[TRAIN] Step 4/350 | 01:49:37
[TRAIN] Step 4 | Loss=0.726486 | Best makespan in group=455.00
[TRAIN] Step 5/350 | 01:49:52
[TRAIN] Step 5 | Loss=0.764616 | Best makespan in group=411.00
[TRAIN] Step 6/350 | 01:50:09
[TRAIN] Step 6 | Loss=0.571698 | Best makespan in group=382.00
[TRAIN] Step 7/350 | 01:50:25
[TRAIN] Step 7 | Loss=0.756354 | Best makespan in group=450.00
[TRAIN] Step 8/350 | 01:50:38
[TRAIN] Step 8 | Loss=0.652898 | Best makespan in group=499.00
[TRAIN] Step 9/350 | 01:50:56
[TRAIN] Step 9 | Loss=0.774721 | Best makespan in group=481.00
[TRAIN] Step 10/350 | 01:51:11
[TRAIN] Step 10 | Loss=0.619296 | Best makespan in group=425.00
[TRAIN] Step 11/350 | 01:51:28
[TRAIN] Step 11 | Loss=0.777569 | Best makespan in group=381.00
[TRAIN] Step 12/350 | 01:51:43
[TRAIN] Step 12 | Loss=0.662526 | Best makespan in group=338.00
[TRAIN] Step 13/350 | 01:52:01
[TRAIN] Step 13 | Loss=0.675799 | Best makespan in group=291.00
[TRAIN] Step 14/350 | 01:52:14
[TRAIN] Step 14 | Loss=0.733831 | Best makespan in group=390.00
[TRAIN] Step 15/350 | 01:52:29
[TRAIN] Step 15 | Loss=0.734366 | Best makespan in group=309.00
[TRAIN] Step 16/350 | 01:52:45
[TRAIN] Step 16 | Loss=0.923531 | Best makespan in group=480.00
[TRAIN] Step 17/350 | 01:53:00
[TRAIN] Step 17 | Loss=0.694931 | Best makespan in group=414.00
[TRAIN] Step 18/350 | 01:53:14
[TRAIN] Step 18 | Loss=0.666445 | Best makespan in group=323.00
[TRAIN] Step 19/350 | 01:53:31
[TRAIN] Step 19 | Loss=0.739297 | Best makespan in group=348.00
[TRAIN] Step 20/350 | 01:53:46
[TRAIN] Step 20 | Loss=0.618506 | Best makespan in group=326.00
[TRAIN] Step 21/350 | 01:54:02
[TRAIN] Step 21 | Loss=0.792742 | Best makespan in group=366.00
[TRAIN] Step 22/350 | 01:54:17
[TRAIN] Step 22 | Loss=0.727299 | Best makespan in group=320.00
[TRAIN] Step 23/350 | 01:54:31
[TRAIN] Step 23 | Loss=0.781155 | Best makespan in group=318.00
[TRAIN] Step 24/350 | 01:54:46
[TRAIN] Step 24 | Loss=0.641327 | Best makespan in group=390.00
[TRAIN] Step 25/350 | 01:55:06
[TRAIN] Step 25 | Loss=0.717170 | Best makespan in group=420.00
[TRAIN][VAL][ep 25] avg_gap=0.3651 | std_gap=0.1997 | q80_gap=0.5413 | n=20
[TRAIN] Validation improved | smoothed_avg_gap=0.3651 (raw=0.3651) | saving candidate: 235017587222037.pth
[TRAIN] Step 26/350 | 01:55:48
[TRAIN] Step 26 | Loss=0.611107 | Best makespan in group=353.00
[TRAIN] Step 27/350 | 01:56:02
[TRAIN] Step 27 | Loss=0.802152 | Best makespan in group=431.00
[TRAIN] Step 28/350 | 01:56:20
[TRAIN] Step 28 | Loss=0.697635 | Best makespan in group=423.00
[TRAIN] Step 29/350 | 01:56:36
[TRAIN] Step 29 | Loss=0.691062 | Best makespan in group=401.00
[TRAIN] Step 30/350 | 01:56:54
[TRAIN] Step 30 | Loss=0.747241 | Best makespan in group=336.00
[TRAIN] Step 31/350 | 01:57:07
[TRAIN] Step 31 | Loss=0.579700 | Best makespan in group=366.00
[TRAIN] Step 32/350 | 01:57:22
[TRAIN] Step 32 | Loss=0.600748 | Best makespan in group=405.00
[TRAIN] Step 33/350 | 01:57:43
[TRAIN] Step 33 | Loss=0.581098 | Best makespan in group=309.00
[TRAIN] Step 34/350 | 01:57:57
[TRAIN] Step 34 | Loss=0.597415 | Best makespan in group=473.00
[TRAIN] Step 35/350 | 01:58:11
[TRAIN] Step 35 | Loss=0.744251 | Best makespan in group=322.00
[TRAIN] Step 36/350 | 01:58:27
[TRAIN] Step 36 | Loss=0.754454 | Best makespan in group=449.00
[TRAIN] Step 37/350 | 01:58:43
[TRAIN] Step 37 | Loss=0.599029 | Best makespan in group=421.00
[TRAIN] Step 38/350 | 01:59:00
[TRAIN] Step 38 | Loss=0.699576 | Best makespan in group=381.00
[TRAIN] Step 39/350 | 01:59:18
[TRAIN] Step 39 | Loss=0.635634 | Best makespan in group=343.00
[TRAIN] Step 40/350 | 01:59:33
[TRAIN] Step 40 | Loss=0.647885 | Best makespan in group=397.00
[TRAIN] Step 41/350 | 01:59:45
[TRAIN] Step 41 | Loss=0.653184 | Best makespan in group=398.00
[TRAIN] Step 42/350 | 02:00:00
[TRAIN] Step 42 | Loss=0.673436 | Best makespan in group=333.00
[TRAIN] Step 43/350 | 02:00:13
[TRAIN] Step 43 | Loss=0.602094 | Best makespan in group=327.00
[TRAIN] Step 44/350 | 02:00:30
[TRAIN] Step 44 | Loss=0.607154 | Best makespan in group=377.00
[TRAIN] Step 45/350 | 02:00:45
[TRAIN] Step 45 | Loss=0.646608 | Best makespan in group=254.00
[TRAIN] Step 46/350 | 02:00:59
[TRAIN] Step 46 | Loss=0.667917 | Best makespan in group=300.00
[TRAIN] Step 47/350 | 02:01:14
[TRAIN] Step 47 | Loss=0.727846 | Best makespan in group=375.00
[TRAIN] Step 48/350 | 02:01:29
[TRAIN] Step 48 | Loss=0.685356 | Best makespan in group=352.00
[TRAIN] Step 49/350 | 02:01:43
[TRAIN] Step 49 | Loss=0.668444 | Best makespan in group=296.00
[TRAIN] Step 50/350 | 02:01:58
[TRAIN] Step 50 | Loss=0.708627 | Best makespan in group=473.00
[TRAIN][VAL][ep 50] avg_gap=0.1694 | std_gap=0.0978 | q80_gap=0.2373 | n=20
[TRAIN] Validation improved | smoothed_avg_gap=0.2673 (raw=0.1694) | saving candidate: 266772663258334.pth
[TRAIN] Step 51/350 | 02:02:46
[TRAIN] Step 51 | Loss=0.661165 | Best makespan in group=377.00
[TRAIN] Step 52/350 | 02:03:02
[TRAIN] Step 52 | Loss=0.690638 | Best makespan in group=332.00
[TRAIN] Step 53/350 | 02:03:15
[TRAIN] Step 53 | Loss=0.664032 | Best makespan in group=367.00
[TRAIN] Step 54/350 | 02:03:31
[TRAIN] Step 54 | Loss=0.725240 | Best makespan in group=307.00
[TRAIN] Step 55/350 | 02:03:46
[TRAIN] Step 55 | Loss=0.680868 | Best makespan in group=364.00
[TRAIN] Step 56/350 | 02:04:01
[TRAIN] Step 56 | Loss=0.695294 | Best makespan in group=362.00
[TRAIN] Step 57/350 | 02:04:17
[TRAIN] Step 57 | Loss=0.715881 | Best makespan in group=430.00
[TRAIN] Step 58/350 | 02:04:36
[TRAIN] Step 58 | Loss=0.637888 | Best makespan in group=285.00
[TRAIN] Step 59/350 | 02:04:49
[TRAIN] Step 59 | Loss=0.666358 | Best makespan in group=397.00
[TRAIN] Step 60/350 | 02:05:03
[TRAIN] Step 60 | Loss=0.790896 | Best makespan in group=406.00
[TRAIN] Step 61/350 | 02:05:19
[TRAIN] Step 61 | Loss=0.692158 | Best makespan in group=374.00
[TRAIN] Step 62/350 | 02:05:33
[TRAIN] Step 62 | Loss=0.619345 | Best makespan in group=378.00
[TRAIN] Step 63/350 | 02:05:45
[TRAIN] Step 63 | Loss=0.587112 | Best makespan in group=461.00
[TRAIN] Step 64/350 | 02:06:00
[TRAIN] Step 64 | Loss=0.672671 | Best makespan in group=420.00
[TRAIN] Step 65/350 | 02:06:16
[TRAIN] Step 65 | Loss=0.626680 | Best makespan in group=444.00
[TRAIN] Step 66/350 | 02:06:31
[TRAIN] Step 66 | Loss=0.649952 | Best makespan in group=307.00
[TRAIN] Step 67/350 | 02:06:46
[TRAIN] Step 67 | Loss=0.669635 | Best makespan in group=334.00
[TRAIN] Step 68/350 | 02:06:59
[TRAIN] Step 68 | Loss=0.628959 | Best makespan in group=354.00
[TRAIN] Step 69/350 | 02:07:13
[TRAIN] Step 69 | Loss=0.648968 | Best makespan in group=378.00
[TRAIN] Step 70/350 | 02:07:30
[TRAIN] Step 70 | Loss=0.684911 | Best makespan in group=378.00
[TRAIN] Step 71/350 | 02:07:46
[TRAIN] Step 71 | Loss=0.645310 | Best makespan in group=295.00
[TRAIN] Step 72/350 | 02:08:02
[TRAIN] Step 72 | Loss=0.577348 | Best makespan in group=373.00
[TRAIN] Step 73/350 | 02:08:22
[TRAIN] Step 73 | Loss=0.594446 | Best makespan in group=333.00
[TRAIN] Step 74/350 | 02:08:35
[TRAIN] Step 74 | Loss=0.649555 | Best makespan in group=392.00
[TRAIN] Step 75/350 | 02:08:50
[TRAIN] Step 75 | Loss=0.686888 | Best makespan in group=352.00
[TRAIN][VAL][ep 75] avg_gap=0.1654 | std_gap=0.0957 | q80_gap=0.2687 | n=20
[TRAIN] Validation improved | smoothed_avg_gap=0.2333 (raw=0.1654) | saving candidate: 933125850345936.pth
[TRAIN] Step 76/350 | 02:09:35
[TRAIN] Step 76 | Loss=0.682637 | Best makespan in group=393.00
[TRAIN] Step 77/350 | 02:09:49
[TRAIN] Step 77 | Loss=0.605523 | Best makespan in group=354.00
[TRAIN] Step 78/350 | 02:10:06
[TRAIN] Step 78 | Loss=0.734612 | Best makespan in group=363.00
[TRAIN] Step 79/350 | 02:10:21
[TRAIN] Step 79 | Loss=0.709140 | Best makespan in group=383.00
[TRAIN] Step 80/350 | 02:10:36
[TRAIN] Step 80 | Loss=0.564106 | Best makespan in group=371.00
[TRAIN] Step 81/350 | 02:10:51
[TRAIN] Step 81 | Loss=0.768248 | Best makespan in group=282.00
[TRAIN] Step 82/350 | 02:11:05
[TRAIN] Step 82 | Loss=0.623011 | Best makespan in group=391.00
[TRAIN] Step 83/350 | 02:11:22
[TRAIN] Step 83 | Loss=0.555353 | Best makespan in group=469.00
[TRAIN] Step 84/350 | 02:11:40
[TRAIN] Step 84 | Loss=0.631103 | Best makespan in group=326.00
[TRAIN] Step 85/350 | 02:11:58
[TRAIN] Step 85 | Loss=0.679541 | Best makespan in group=311.00
[TRAIN] Step 86/350 | 02:12:13
[TRAIN] Step 86 | Loss=0.667212 | Best makespan in group=350.00
[TRAIN] Step 87/350 | 02:12:29
[TRAIN] Step 87 | Loss=0.686451 | Best makespan in group=322.00
[TRAIN] Step 88/350 | 02:12:46
[TRAIN] Step 88 | Loss=0.622657 | Best makespan in group=295.00
[TRAIN] Step 89/350 | 02:12:59
[TRAIN] Step 89 | Loss=0.619975 | Best makespan in group=430.00
[TRAIN] Step 90/350 | 02:13:18
[TRAIN] Step 90 | Loss=0.683276 | Best makespan in group=255.00
[TRAIN] Step 91/350 | 02:13:32
[TRAIN] Step 91 | Loss=0.721824 | Best makespan in group=468.00
[TRAIN] Step 92/350 | 02:13:51
[TRAIN] Step 92 | Loss=0.641689 | Best makespan in group=307.00
[TRAIN] Step 93/350 | 02:14:06
[TRAIN] Step 93 | Loss=0.592782 | Best makespan in group=390.00
[TRAIN] Step 94/350 | 02:14:21
[TRAIN] Step 94 | Loss=0.523911 | Best makespan in group=311.00
[TRAIN] Step 95/350 | 02:14:37
[TRAIN] Step 95 | Loss=0.629549 | Best makespan in group=364.00
[TRAIN] Step 96/350 | 02:14:55
[TRAIN] Step 96 | Loss=0.602446 | Best makespan in group=253.00
[TRAIN] Step 97/350 | 02:15:09
[TRAIN] Step 97 | Loss=0.636374 | Best makespan in group=363.00
[TRAIN] Step 98/350 | 02:15:24
[TRAIN] Step 98 | Loss=0.681163 | Best makespan in group=389.00
[TRAIN] Step 99/350 | 02:15:41
[TRAIN] Step 99 | Loss=0.635180 | Best makespan in group=297.00
[TRAIN] Step 100/350 | 02:15:54
[TRAIN] Step 100 | Loss=0.578289 | Best makespan in group=279.00
[TRAIN][VAL][ep 100] avg_gap=0.1620 | std_gap=0.0820 | q80_gap=0.2199 | n=20
[TRAIN] Validation improved | smoothed_avg_gap=0.1656 (raw=0.1620) | saving candidate: 43618954109837.pth
[TRAIN] Step 101/350 | 02:16:36
[TRAIN] Step 101 | Loss=0.648024 | Best makespan in group=334.00
[TRAIN] Step 102/350 | 02:16:52
[TRAIN] Step 102 | Loss=0.699827 | Best makespan in group=461.00
[TRAIN] Step 103/350 | 02:17:07
[TRAIN] Step 103 | Loss=0.591988 | Best makespan in group=396.00
[TRAIN] Step 104/350 | 02:17:22
[TRAIN] Step 104 | Loss=0.630501 | Best makespan in group=374.00
[TRAIN] Step 105/350 | 02:17:37
[TRAIN] Step 105 | Loss=0.730944 | Best makespan in group=325.00
[TRAIN] Step 106/350 | 02:17:54
[TRAIN] Step 106 | Loss=0.693115 | Best makespan in group=433.00
[TRAIN] Step 107/350 | 02:18:09
[TRAIN] Step 107 | Loss=0.695595 | Best makespan in group=321.00
[TRAIN] Step 108/350 | 02:18:25
[TRAIN] Step 108 | Loss=0.629294 | Best makespan in group=430.00
[TRAIN] Step 109/350 | 02:18:44
[TRAIN] Step 109 | Loss=0.571143 | Best makespan in group=383.00
[TRAIN] Step 110/350 | 02:18:59
[TRAIN] Step 110 | Loss=0.835742 | Best makespan in group=377.00
[TRAIN] Step 111/350 | 02:19:11
[TRAIN] Step 111 | Loss=0.659437 | Best makespan in group=294.00
[TRAIN] Step 112/350 | 02:19:26
[TRAIN] Step 112 | Loss=0.719814 | Best makespan in group=375.00
[TRAIN] Step 113/350 | 02:19:42
[TRAIN] Step 113 | Loss=0.792927 | Best makespan in group=388.00
[TRAIN] Step 114/350 | 02:19:57
[TRAIN] Step 114 | Loss=0.683732 | Best makespan in group=316.00
[TRAIN] Step 115/350 | 02:20:10
[TRAIN] Step 115 | Loss=0.718042 | Best makespan in group=287.00
[TRAIN] Step 116/350 | 02:20:26
[TRAIN] Step 116 | Loss=0.776650 | Best makespan in group=324.00
[TRAIN] Step 117/350 | 02:20:39
[TRAIN] Step 117 | Loss=0.582715 | Best makespan in group=374.00
[TRAIN] Step 118/350 | 02:21:00
[TRAIN] Step 118 | Loss=0.657448 | Best makespan in group=364.00
[TRAIN] Step 119/350 | 02:21:14
[TRAIN] Step 119 | Loss=0.717480 | Best makespan in group=353.00
[TRAIN] Step 120/350 | 02:21:30
[TRAIN] Step 120 | Loss=0.776866 | Best makespan in group=354.00
[TRAIN] Step 121/350 | 02:21:43
[TRAIN] Step 121 | Loss=0.678383 | Best makespan in group=430.00
[TRAIN] Step 122/350 | 02:22:02
[TRAIN] Step 122 | Loss=0.683509 | Best makespan in group=253.00
[TRAIN] Step 123/350 | 02:22:16
[TRAIN] Step 123 | Loss=0.680054 | Best makespan in group=358.00
[TRAIN] Step 124/350 | 02:22:32
[TRAIN] Step 124 | Loss=0.707041 | Best makespan in group=464.00
[TRAIN] Step 125/350 | 02:22:48
[TRAIN] Step 125 | Loss=0.671455 | Best makespan in group=392.00
[TRAIN][VAL][ep 125] avg_gap=0.1549 | std_gap=0.0751 | q80_gap=0.2279 | n=20
[TRAIN] Validation improved | smoothed_avg_gap=0.1608 (raw=0.1549) | saving candidate: 193009455858587.pth
[TRAIN] Step 126/350 | 02:23:32
[TRAIN] Step 126 | Loss=0.661769 | Best makespan in group=337.00
[TRAIN] Step 127/350 | 02:23:50
[TRAIN] Step 127 | Loss=0.752984 | Best makespan in group=361.00
[TRAIN] Step 128/350 | 02:24:06
[TRAIN] Step 128 | Loss=0.714487 | Best makespan in group=371.00
[TRAIN] Step 129/350 | 02:24:25
[TRAIN] Step 129 | Loss=0.707895 | Best makespan in group=374.00
[TRAIN] Step 130/350 | 02:24:45
[TRAIN] Step 130 | Loss=0.667109 | Best makespan in group=287.00
[TRAIN] Step 131/350 | 02:25:01
[TRAIN] Step 131 | Loss=0.692580 | Best makespan in group=365.00
[TRAIN] Step 132/350 | 02:25:16
[TRAIN] Step 132 | Loss=0.673331 | Best makespan in group=330.00
[TRAIN] Step 133/350 | 02:25:29
[TRAIN] Step 133 | Loss=0.638328 | Best makespan in group=480.00
[TRAIN] Step 134/350 | 02:25:47
[TRAIN] Step 134 | Loss=0.637577 | Best makespan in group=343.00
[TRAIN] Step 135/350 | 02:26:03
[TRAIN] Step 135 | Loss=0.750254 | Best makespan in group=355.00
[TRAIN] Step 136/350 | 02:26:16
[TRAIN] Step 136 | Loss=0.667659 | Best makespan in group=297.00
[TRAIN] Step 137/350 | 02:26:30
[TRAIN] Step 137 | Loss=0.732044 | Best makespan in group=323.00
[TRAIN] Step 138/350 | 02:26:43
[TRAIN] Step 138 | Loss=0.654469 | Best makespan in group=313.00
[TRAIN] Step 139/350 | 02:27:00
[TRAIN] Step 139 | Loss=0.764831 | Best makespan in group=299.00
[TRAIN] Step 140/350 | 02:27:14
[TRAIN] Step 140 | Loss=0.686351 | Best makespan in group=366.00
[TRAIN] Step 141/350 | 02:27:30
[TRAIN] Step 141 | Loss=0.656913 | Best makespan in group=376.00
[TRAIN] Step 142/350 | 02:27:46
[TRAIN] Step 142 | Loss=0.756993 | Best makespan in group=382.00
[TRAIN] Step 143/350 | 02:28:00
[TRAIN] Step 143 | Loss=0.680373 | Best makespan in group=307.00
[TRAIN] Step 144/350 | 02:28:15
[TRAIN] Step 144 | Loss=0.764479 | Best makespan in group=405.00
[TRAIN] Step 145/350 | 02:28:33
[TRAIN] Step 145 | Loss=0.688817 | Best makespan in group=288.00
[TRAIN] Step 146/350 | 02:28:46
[TRAIN] Step 146 | Loss=0.641052 | Best makespan in group=353.00
[TRAIN] Step 147/350 | 02:29:02
[TRAIN] Step 147 | Loss=0.600799 | Best makespan in group=364.00
[TRAIN] Step 148/350 | 02:29:15
[TRAIN] Step 148 | Loss=0.646347 | Best makespan in group=382.00
[TRAIN] Step 149/350 | 02:29:27
[TRAIN] Step 149 | Loss=0.738046 | Best makespan in group=394.00
[TRAIN] Step 150/350 | 02:29:42
[TRAIN] Step 150 | Loss=0.660233 | Best makespan in group=441.00
[TRAIN][VAL][ep 150] avg_gap=0.1653 | std_gap=0.0802 | q80_gap=0.2366 | n=20
[TRAIN] Validation improved | smoothed_avg_gap=0.1607 (raw=0.1653) | saving candidate: 93481464116947.pth
[TRAIN] Step 151/350 | 02:30:25
[TRAIN] Step 151 | Loss=0.640943 | Best makespan in group=255.00
[TRAIN] Step 152/350 | 02:30:40
[TRAIN] Step 152 | Loss=0.729404 | Best makespan in group=343.00
[TRAIN] Step 153/350 | 02:30:55
[TRAIN] Step 153 | Loss=0.634024 | Best makespan in group=333.00
[TRAIN] Step 154/350 | 02:31:09
[TRAIN] Step 154 | Loss=0.616397 | Best makespan in group=362.00
[TRAIN] Step 155/350 | 02:31:25
[TRAIN] Step 155 | Loss=0.729035 | Best makespan in group=392.00
[TRAIN] Step 156/350 | 02:31:42
[TRAIN] Step 156 | Loss=0.567119 | Best makespan in group=378.00
[TRAIN] Step 157/350 | 02:31:54
[TRAIN] Step 157 | Loss=0.523423 | Best makespan in group=285.00
[TRAIN] Step 158/350 | 02:32:07
[TRAIN] Step 158 | Loss=0.721339 | Best makespan in group=398.00
[TRAIN] Step 159/350 | 02:32:22
[TRAIN] Step 159 | Loss=0.625667 | Best makespan in group=326.00
[TRAIN] Step 160/350 | 02:32:40
[TRAIN] Step 160 | Loss=0.659644 | Best makespan in group=356.00
[TRAIN] Step 161/350 | 02:32:57
[TRAIN] Step 161 | Loss=0.654061 | Best makespan in group=307.00
[TRAIN] Step 162/350 | 02:33:12
[TRAIN] Step 162 | Loss=0.573409 | Best makespan in group=463.00
[TRAIN] Step 163/350 | 02:33:29
[TRAIN] Step 163 | Loss=0.732227 | Best makespan in group=306.00
[TRAIN] Step 164/350 | 02:33:45
[TRAIN] Step 164 | Loss=0.590890 | Best makespan in group=363.00
[TRAIN] Step 165/350 | 02:33:59
[TRAIN] Step 165 | Loss=0.641965 | Best makespan in group=288.00
[TRAIN] Step 166/350 | 02:34:14
[TRAIN] Step 166 | Loss=0.556661 | Best makespan in group=369.00
[TRAIN] Step 167/350 | 02:34:34
[TRAIN] Step 167 | Loss=0.651101 | Best makespan in group=360.00
[TRAIN] Step 168/350 | 02:34:50
[TRAIN] Step 168 | Loss=0.647159 | Best makespan in group=374.00
[TRAIN] Step 169/350 | 02:35:05
[TRAIN] Step 169 | Loss=0.649900 | Best makespan in group=369.00
[TRAIN] Step 170/350 | 02:35:20
[TRAIN] Step 170 | Loss=0.710799 | Best makespan in group=430.00
[TRAIN] Step 171/350 | 02:35:38
[TRAIN] Step 171 | Loss=0.645455 | Best makespan in group=437.00
[TRAIN] Step 172/350 | 02:35:54
[TRAIN] Step 172 | Loss=0.609252 | Best makespan in group=360.00
[TRAIN] Step 173/350 | 02:36:08
[TRAIN] Step 173 | Loss=0.661905 | Best makespan in group=402.00
[TRAIN] Step 174/350 | 02:36:23
[TRAIN] Step 174 | Loss=0.756346 | Best makespan in group=462.00
[TRAIN] Step 175/350 | 02:36:39
[TRAIN] Step 175 | Loss=0.634788 | Best makespan in group=361.00
[TRAIN][VAL][ep 175] avg_gap=0.1508 | std_gap=0.0838 | q80_gap=0.2276 | n=20
[TRAIN] Validation improved | smoothed_avg_gap=0.1570 (raw=0.1508) | saving candidate: 911225443534704.pth
[TRAIN] Step 176/350 | 02:37:25
[TRAIN] Step 176 | Loss=0.681141 | Best makespan in group=317.00
[TRAIN] Step 177/350 | 02:37:42
[TRAIN] Step 177 | Loss=0.602110 | Best makespan in group=324.00
[TRAIN] Step 178/350 | 02:37:54
[TRAIN] Step 178 | Loss=0.684326 | Best makespan in group=396.00
[TRAIN] Step 179/350 | 02:38:09
[TRAIN] Step 179 | Loss=0.616669 | Best makespan in group=297.00
[TRAIN] Step 180/350 | 02:38:22
[TRAIN] Step 180 | Loss=0.575205 | Best makespan in group=355.00
[TRAIN] Step 181/350 | 02:38:36
[TRAIN] Step 181 | Loss=0.623414 | Best makespan in group=314.00
[TRAIN] Step 182/350 | 02:38:49
[TRAIN] Step 182 | Loss=0.685713 | Best makespan in group=460.00
[TRAIN] Step 183/350 | 02:39:07
[TRAIN] Step 183 | Loss=0.727294 | Best makespan in group=255.00
[TRAIN] Step 184/350 | 02:39:21
[TRAIN] Step 184 | Loss=0.662730 | Best makespan in group=398.00
[TRAIN] Step 185/350 | 02:39:38
[TRAIN] Step 185 | Loss=0.536195 | Best makespan in group=334.00
[TRAIN] Step 186/350 | 02:39:54
[TRAIN] Step 186 | Loss=0.707027 | Best makespan in group=359.00
[TRAIN] Step 187/350 | 02:40:10
[TRAIN] Step 187 | Loss=0.712986 | Best makespan in group=328.00
[TRAIN] Step 188/350 | 02:40:27
[TRAIN] Step 188 | Loss=0.651629 | Best makespan in group=352.00
[TRAIN] Step 189/350 | 02:40:41
[TRAIN] Step 189 | Loss=0.669456 | Best makespan in group=346.00
[TRAIN] Step 190/350 | 02:40:58
[TRAIN] Step 190 | Loss=0.650936 | Best makespan in group=324.00
[TRAIN] Step 191/350 | 02:41:12
[TRAIN] Step 191 | Loss=0.684187 | Best makespan in group=295.00
[TRAIN] Step 192/350 | 02:41:25
[TRAIN] Step 192 | Loss=0.614380 | Best makespan in group=364.00
[TRAIN] Step 193/350 | 02:41:40
[TRAIN] Step 193 | Loss=0.703060 | Best makespan in group=363.00
[TRAIN] Step 194/350 | 02:41:55
[TRAIN] Step 194 | Loss=0.640351 | Best makespan in group=371.00
[TRAIN] Step 195/350 | 02:42:10
[TRAIN] Step 195 | Loss=0.646548 | Best makespan in group=301.00
[TRAIN] Step 196/350 | 02:42:25
[TRAIN] Step 196 | Loss=0.610299 | Best makespan in group=471.00
[TRAIN] Step 197/350 | 02:42:40
[TRAIN] Step 197 | Loss=0.714733 | Best makespan in group=294.00
[TRAIN] Step 198/350 | 02:42:56
[TRAIN] Step 198 | Loss=0.677889 | Best makespan in group=433.00
[TRAIN] Step 199/350 | 02:43:11
[TRAIN] Step 199 | Loss=0.735314 | Best makespan in group=307.00
[TRAIN] Step 200/350 | 02:43:28
[TRAIN] Step 200 | Loss=0.675447 | Best makespan in group=366.00
[TRAIN] Refreshing training instances (step 200)...
[TRAIN][VAL][ep 200] avg_gap=0.1586 | std_gap=0.1141 | q80_gap=0.2281 | n=20
[TRAIN] Step 201/350 | 02:44:12
[TRAIN] Step 201 | Loss=0.667071 | Best makespan in group=479.00
[TRAIN] Step 202/350 | 02:44:27
[TRAIN] Step 202 | Loss=0.631044 | Best makespan in group=340.00
[TRAIN] Step 203/350 | 02:44:41
[TRAIN] Step 203 | Loss=0.736151 | Best makespan in group=391.00
[TRAIN] Step 204/350 | 02:44:57
[TRAIN] Step 204 | Loss=0.783508 | Best makespan in group=315.00
[TRAIN] Step 205/350 | 02:45:14
[TRAIN] Step 205 | Loss=0.781795 | Best makespan in group=367.00
[TRAIN] Step 206/350 | 02:45:28
[TRAIN] Step 206 | Loss=0.638357 | Best makespan in group=552.00
[TRAIN] Step 207/350 | 02:45:44
[TRAIN] Step 207 | Loss=0.714345 | Best makespan in group=313.00
[TRAIN] Step 208/350 | 02:45:57
[TRAIN] Step 208 | Loss=0.763036 | Best makespan in group=311.00
[TRAIN] Step 209/350 | 02:46:11
[TRAIN] Step 209 | Loss=0.734600 | Best makespan in group=352.00
[TRAIN] Step 210/350 | 02:46:28
[TRAIN] Step 210 | Loss=0.706151 | Best makespan in group=374.00
[TRAIN] Step 211/350 | 02:46:44
[TRAIN] Step 211 | Loss=0.591561 | Best makespan in group=349.00
[TRAIN] Step 212/350 | 02:47:01
[TRAIN] Step 212 | Loss=0.622289 | Best makespan in group=311.00
[TRAIN] Step 213/350 | 02:47:15
[TRAIN] Step 213 | Loss=0.596999 | Best makespan in group=361.00
[TRAIN] Step 214/350 | 02:47:30
[TRAIN] Step 214 | Loss=0.641523 | Best makespan in group=406.00
[TRAIN] Step 215/350 | 02:47:45
[TRAIN] Step 215 | Loss=0.719256 | Best makespan in group=350.00
[TRAIN] Step 216/350 | 02:48:04
[TRAIN] Step 216 | Loss=0.839916 | Best makespan in group=327.00
[TRAIN] Step 217/350 | 02:48:22
[TRAIN] Step 217 | Loss=0.695774 | Best makespan in group=414.00
[TRAIN] Step 218/350 | 02:48:38
[TRAIN] Step 218 | Loss=0.739071 | Best makespan in group=367.00
[TRAIN] Step 219/350 | 02:48:52
[TRAIN] Step 219 | Loss=0.655183 | Best makespan in group=249.00
[TRAIN] Step 220/350 | 02:49:09
[TRAIN] Step 220 | Loss=0.693757 | Best makespan in group=559.00
[TRAIN] Step 221/350 | 02:49:22
[TRAIN] Step 221 | Loss=0.638782 | Best makespan in group=372.00
[TRAIN] Step 222/350 | 02:49:39
[TRAIN] Step 222 | Loss=0.782448 | Best makespan in group=470.00
[TRAIN] Step 223/350 | 02:49:53
[TRAIN] Step 223 | Loss=0.618072 | Best makespan in group=267.00
[TRAIN] Step 224/350 | 02:50:13
[TRAIN] Step 224 | Loss=0.568295 | Best makespan in group=336.00
[TRAIN] Step 225/350 | 02:50:28
[TRAIN] Step 225 | Loss=0.653503 | Best makespan in group=311.00
[TRAIN][VAL][ep 225] avg_gap=0.1582 | std_gap=0.0901 | q80_gap=0.1997 | n=20
[TRAIN] Validation improved | smoothed_avg_gap=0.1559 (raw=0.1582) | saving candidate: 818337565584815.pth
[TRAIN] Step 226/350 | 02:51:12
[TRAIN] Step 226 | Loss=0.664608 | Best makespan in group=414.00
[TRAIN] Step 227/350 | 02:51:27
[TRAIN] Step 227 | Loss=0.626173 | Best makespan in group=487.00
[TRAIN] Step 228/350 | 02:51:43
[TRAIN] Step 228 | Loss=0.716006 | Best makespan in group=427.00
[TRAIN] Step 229/350 | 02:51:57
[TRAIN] Step 229 | Loss=0.683798 | Best makespan in group=365.00
[TRAIN] Step 230/350 | 02:52:15
[TRAIN] Step 230 | Loss=0.734711 | Best makespan in group=383.00
[TRAIN] Step 231/350 | 02:52:34
[TRAIN] Step 231 | Loss=0.708384 | Best makespan in group=274.00
[TRAIN] Step 232/350 | 02:52:53
[TRAIN] Step 232 | Loss=0.571957 | Best makespan in group=251.00
[TRAIN] Step 233/350 | 02:53:10
[TRAIN] Step 233 | Loss=0.600002 | Best makespan in group=369.00
[TRAIN] Step 234/350 | 02:53:25
[TRAIN] Step 234 | Loss=0.657661 | Best makespan in group=318.00
[TRAIN] Step 235/350 | 02:53:43
[TRAIN] Step 235 | Loss=0.745526 | Best makespan in group=300.00
[TRAIN] Step 236/350 | 02:53:58
[TRAIN] Step 236 | Loss=0.620622 | Best makespan in group=350.00
[TRAIN] Step 237/350 | 02:54:17
[TRAIN] Step 237 | Loss=0.775621 | Best makespan in group=495.00
[TRAIN] Step 238/350 | 02:54:32
[TRAIN] Step 238 | Loss=0.754739 | Best makespan in group=313.00
[TRAIN] Step 239/350 | 02:54:49
[TRAIN] Step 239 | Loss=0.823653 | Best makespan in group=518.00
[TRAIN] Step 240/350 | 02:55:04
[TRAIN] Step 240 | Loss=0.657428 | Best makespan in group=305.00
[TRAIN] Step 241/350 | 02:55:18
[TRAIN] Step 241 | Loss=0.599788 | Best makespan in group=336.00
[TRAIN] Step 242/350 | 02:55:33
[TRAIN] Step 242 | Loss=0.753586 | Best makespan in group=548.00
[TRAIN] Step 243/350 | 02:55:46
[TRAIN] Step 243 | Loss=0.590625 | Best makespan in group=311.00
[TRAIN] Step 244/350 | 02:56:01
[TRAIN] Step 244 | Loss=0.555542 | Best makespan in group=366.00
[TRAIN] Step 245/350 | 02:56:18
[TRAIN] Step 245 | Loss=0.662778 | Best makespan in group=334.00
[TRAIN] Step 246/350 | 02:56:34
[TRAIN] Step 246 | Loss=0.664440 | Best makespan in group=374.00
[TRAIN] Step 247/350 | 02:56:51
[TRAIN] Step 247 | Loss=0.725335 | Best makespan in group=433.00
[TRAIN] Step 248/350 | 02:57:05
[TRAIN] Step 248 | Loss=0.642704 | Best makespan in group=414.00
[TRAIN] Step 249/350 | 02:57:20
[TRAIN] Step 249 | Loss=0.677512 | Best makespan in group=367.00
[TRAIN] Step 250/350 | 02:57:34
[TRAIN] Step 250 | Loss=0.606557 | Best makespan in group=305.00
[TRAIN][VAL][ep 250] avg_gap=0.1561 | std_gap=0.0965 | q80_gap=0.1927 | n=20
[TRAIN] Step 251/350 | 02:58:14
[TRAIN] Step 251 | Loss=0.611470 | Best makespan in group=350.00
[TRAIN] Step 252/350 | 02:58:28
[TRAIN] Step 252 | Loss=0.622101 | Best makespan in group=360.00
[TRAIN] Step 253/350 | 02:58:43
[TRAIN] Step 253 | Loss=0.701789 | Best makespan in group=469.00
[TRAIN] Step 254/350 | 02:58:58
[TRAIN] Step 254 | Loss=0.791338 | Best makespan in group=423.00
[TRAIN] Step 255/350 | 02:59:13
[TRAIN] Step 255 | Loss=0.778357 | Best makespan in group=400.00
[TRAIN] Step 256/350 | 02:59:29
[TRAIN] Step 256 | Loss=0.642290 | Best makespan in group=366.00
[TRAIN] Step 257/350 | 02:59:48
[TRAIN] Step 257 | Loss=0.695150 | Best makespan in group=386.00
[TRAIN] Step 258/350 | 03:00:05
[TRAIN] Step 258 | Loss=0.745032 | Best makespan in group=374.00
[TRAIN] Step 259/350 | 03:00:21
[TRAIN] Step 259 | Loss=0.612214 | Best makespan in group=357.00
[TRAIN] Step 260/350 | 03:00:39
[TRAIN] Step 260 | Loss=0.534555 | Best makespan in group=411.00
[TRAIN] Step 261/350 | 03:00:55
[TRAIN] Step 261 | Loss=0.733852 | Best makespan in group=311.00
[TRAIN] Step 262/350 | 03:01:10
[TRAIN] Step 262 | Loss=0.552935 | Best makespan in group=305.00
[TRAIN] Step 263/350 | 03:01:24
[TRAIN] Step 263 | Loss=0.657343 | Best makespan in group=311.00
[TRAIN] Step 264/350 | 03:01:40
[TRAIN] Step 264 | Loss=0.684522 | Best makespan in group=414.00
[TRAIN] Step 265/350 | 03:01:53
[TRAIN] Step 265 | Loss=0.628550 | Best makespan in group=378.00
[TRAIN] Step 266/350 | 03:02:11
[TRAIN] Step 266 | Loss=0.769175 | Best makespan in group=281.00
[TRAIN] Step 267/350 | 03:02:30
[TRAIN] Step 267 | Loss=0.765532 | Best makespan in group=339.00
[TRAIN] Step 268/350 | 03:02:45
[TRAIN] Step 268 | Loss=0.644923 | Best makespan in group=369.00
[TRAIN] Step 269/350 | 03:03:00
[TRAIN] Step 269 | Loss=0.613589 | Best makespan in group=565.00
[TRAIN] Step 270/350 | 03:03:12
[TRAIN] Step 270 | Loss=0.701011 | Best makespan in group=374.00
[TRAIN] Step 271/350 | 03:03:28
[TRAIN] Step 271 | Loss=0.615360 | Best makespan in group=412.00
[TRAIN] Step 272/350 | 03:03:43
[TRAIN] Step 272 | Loss=0.553405 | Best makespan in group=249.00
[TRAIN] Step 273/350 | 03:04:00
[TRAIN] Step 273 | Loss=0.551828 | Best makespan in group=367.00
[TRAIN] Step 274/350 | 03:04:14
[TRAIN] Step 274 | Loss=0.617818 | Best makespan in group=398.00
[TRAIN] Step 275/350 | 03:04:30
[TRAIN] Step 275 | Loss=0.645062 | Best makespan in group=380.00
[TRAIN][VAL][ep 275] avg_gap=0.1567 | std_gap=0.0795 | q80_gap=0.2065 | n=20
[TRAIN] Step 276/350 | 03:05:14
[TRAIN] Step 276 | Loss=0.717749 | Best makespan in group=350.00
[TRAIN] Step 277/350 | 03:05:33
[TRAIN] Step 277 | Loss=0.621924 | Best makespan in group=374.00
[TRAIN] Step 278/350 | 03:05:50
[TRAIN] Step 278 | Loss=0.634202 | Best makespan in group=411.00
[TRAIN] Step 279/350 | 03:06:05
[TRAIN] Step 279 | Loss=0.556866 | Best makespan in group=336.00
[TRAIN] Step 280/350 | 03:06:20
[TRAIN] Step 280 | Loss=0.717095 | Best makespan in group=361.00
[TRAIN] Step 281/350 | 03:06:34
[TRAIN] Step 281 | Loss=0.723157 | Best makespan in group=483.00
[TRAIN] Step 282/350 | 03:06:49
[TRAIN] Step 282 | Loss=0.554607 | Best makespan in group=406.00
[TRAIN] Step 283/350 | 03:07:04
[TRAIN] Step 283 | Loss=0.720280 | Best makespan in group=488.00
[TRAIN] Step 284/350 | 03:07:19
[TRAIN] Step 284 | Loss=0.678584 | Best makespan in group=357.00
[TRAIN] Step 285/350 | 03:07:36
[TRAIN] Step 285 | Loss=0.681816 | Best makespan in group=332.00
[TRAIN] Step 286/350 | 03:07:50
[TRAIN] Step 286 | Loss=0.643088 | Best makespan in group=308.00
[TRAIN] Step 287/350 | 03:08:05
[TRAIN] Step 287 | Loss=0.600550 | Best makespan in group=324.00
[TRAIN] Step 288/350 | 03:08:23
[TRAIN] Step 288 | Loss=0.679567 | Best makespan in group=468.00
[TRAIN] Step 289/350 | 03:08:39
[TRAIN] Step 289 | Loss=0.802758 | Best makespan in group=363.00
[TRAIN] Step 290/350 | 03:08:57
[TRAIN] Step 290 | Loss=0.661270 | Best makespan in group=305.00
[TRAIN] Step 291/350 | 03:09:10
[TRAIN] Step 291 | Loss=0.738442 | Best makespan in group=300.00
[TRAIN] Step 292/350 | 03:09:26
[TRAIN] Step 292 | Loss=0.736493 | Best makespan in group=366.00
[TRAIN] Step 293/350 | 03:09:43
[TRAIN] Step 293 | Loss=0.679005 | Best makespan in group=546.00
[TRAIN] Step 294/350 | 03:09:57
[TRAIN] Step 294 | Loss=0.697789 | Best makespan in group=395.00
[TRAIN] Step 295/350 | 03:10:14
[TRAIN] Step 295 | Loss=0.667338 | Best makespan in group=405.00
[TRAIN] Step 296/350 | 03:10:29
[TRAIN] Step 296 | Loss=0.674964 | Best makespan in group=367.00
[TRAIN] Step 297/350 | 03:10:42
[TRAIN] Step 297 | Loss=0.789799 | Best makespan in group=305.00
[TRAIN] Step 298/350 | 03:10:55
[TRAIN] Step 298 | Loss=0.669948 | Best makespan in group=273.00
[TRAIN] Step 299/350 | 03:11:14
[TRAIN] Step 299 | Loss=0.774463 | Best makespan in group=474.00
[TRAIN] Step 300/350 | 03:11:29
[TRAIN] Step 300 | Loss=0.667952 | Best makespan in group=336.00
[TRAIN][VAL][ep 300] avg_gap=0.1512 | std_gap=0.0958 | q80_gap=0.2352 | n=20
[TRAIN] Validation improved | smoothed_avg_gap=0.1547 (raw=0.1512) | saving candidate: 439292648211960.pth
[TRAIN] Step 301/350 | 03:12:12
[TRAIN] Step 301 | Loss=0.697742 | Best makespan in group=391.00
[TRAIN] Step 302/350 | 03:12:29
[TRAIN] Step 302 | Loss=0.612844 | Best makespan in group=420.00
[TRAIN] Step 303/350 | 03:12:44
[TRAIN] Step 303 | Loss=0.725395 | Best makespan in group=468.00
[TRAIN] Step 304/350 | 03:13:00
[TRAIN] Step 304 | Loss=0.852982 | Best makespan in group=302.00
[TRAIN] Step 305/350 | 03:13:14
[TRAIN] Step 305 | Loss=0.785603 | Best makespan in group=370.00
[TRAIN] Step 306/350 | 03:13:28
[TRAIN] Step 306 | Loss=0.645817 | Best makespan in group=311.00
[TRAIN] Step 307/350 | 03:13:44
[TRAIN] Step 307 | Loss=0.619142 | Best makespan in group=410.00
[TRAIN] Step 308/350 | 03:13:59
[TRAIN] Step 308 | Loss=0.660880 | Best makespan in group=339.00
[TRAIN] Step 309/350 | 03:14:13
[TRAIN] Step 309 | Loss=0.844595 | Best makespan in group=372.00
[TRAIN] Step 310/350 | 03:14:29
[TRAIN] Step 310 | Loss=0.742116 | Best makespan in group=374.00
[TRAIN] Step 311/350 | 03:14:46
[TRAIN] Step 311 | Loss=0.572504 | Best makespan in group=350.00
[TRAIN] Step 312/350 | 03:15:04
[TRAIN] Step 312 | Loss=0.672037 | Best makespan in group=335.00
[TRAIN] Step 313/350 | 03:15:21
[TRAIN] Step 313 | Loss=0.743347 | Best makespan in group=315.00
[TRAIN] Step 314/350 | 03:15:38
[TRAIN] Step 314 | Loss=0.612038 | Best makespan in group=318.00
[TRAIN] Step 315/350 | 03:15:56
[TRAIN] Step 315 | Loss=0.712141 | Best makespan in group=361.00
[TRAIN] Step 316/350 | 03:16:15
[TRAIN] Step 316 | Loss=0.730046 | Best makespan in group=245.00
[TRAIN] Step 317/350 | 03:16:32
[TRAIN] Step 317 | Loss=0.680231 | Best makespan in group=365.00
[TRAIN] Step 318/350 | 03:16:47
[TRAIN] Step 318 | Loss=0.655980 | Best makespan in group=497.00
[TRAIN] Step 319/350 | 03:17:02
[TRAIN] Step 319 | Loss=0.645431 | Best makespan in group=420.00
[TRAIN] Step 320/350 | 03:17:16
[TRAIN] Step 320 | Loss=0.834914 | Best makespan in group=406.00
[TRAIN] Step 321/350 | 03:17:31
[TRAIN] Step 321 | Loss=0.750181 | Best makespan in group=391.00
[TRAIN] Step 322/350 | 03:17:46
[TRAIN] Step 322 | Loss=0.596963 | Best makespan in group=487.00
[TRAIN] Step 323/350 | 03:18:01
[TRAIN] Step 323 | Loss=0.639739 | Best makespan in group=421.00
[TRAIN] Step 324/350 | 03:18:16
[TRAIN] Step 324 | Loss=0.805965 | Best makespan in group=336.00
[TRAIN] Step 325/350 | 03:18:31
[TRAIN] Step 325 | Loss=0.695774 | Best makespan in group=395.00
[TRAIN][VAL][ep 325] avg_gap=0.1550 | std_gap=0.0669 | q80_gap=0.2218 | n=20
[TRAIN] Validation improved | smoothed_avg_gap=0.1543 (raw=0.1550) | saving candidate: 852735153700113.pth
[TRAIN] Step 326/350 | 03:19:18
[TRAIN] Step 326 | Loss=0.697669 | Best makespan in group=572.00
[TRAIN] Step 327/350 | 03:19:31
[TRAIN] Step 327 | Loss=0.771350 | Best makespan in group=428.00
[TRAIN] Step 328/350 | 03:19:45
[TRAIN] Step 328 | Loss=0.586691 | Best makespan in group=374.00
[TRAIN] Step 329/350 | 03:20:01
[TRAIN] Step 329 | Loss=0.677888 | Best makespan in group=250.00
[TRAIN] Step 330/350 | 03:20:19
[TRAIN] Step 330 | Loss=0.648239 | Best makespan in group=504.00
[TRAIN] Step 331/350 | 03:20:34
[TRAIN] Step 331 | Loss=0.576686 | Best makespan in group=315.00
[TRAIN] Step 332/350 | 03:20:51
[TRAIN] Step 332 | Loss=0.736614 | Best makespan in group=363.00
[TRAIN] Step 333/350 | 03:21:06
[TRAIN] Step 333 | Loss=0.724893 | Best makespan in group=277.00
[TRAIN] Step 334/350 | 03:21:25
[TRAIN] Step 334 | Loss=0.664315 | Best makespan in group=311.00
[TRAIN] Step 335/350 | 03:21:40
[TRAIN] Step 335 | Loss=0.734060 | Best makespan in group=410.00
[TRAIN] Step 336/350 | 03:21:55
[TRAIN] Step 336 | Loss=0.735261 | Best makespan in group=308.00
[TRAIN] Step 337/350 | 03:22:10
[TRAIN] Step 337 | Loss=0.819465 | Best makespan in group=356.00
[TRAIN] Step 338/350 | 03:22:29
[TRAIN] Step 338 | Loss=0.622562 | Best makespan in group=395.00
[TRAIN] Step 339/350 | 03:22:45
[TRAIN] Step 339 | Loss=0.642747 | Best makespan in group=366.00
[TRAIN] Step 340/350 | 03:23:00
[TRAIN] Step 340 | Loss=0.585650 | Best makespan in group=358.00
[TRAIN] Step 341/350 | 03:23:18
[TRAIN] Step 341 | Loss=0.859357 | Best makespan in group=305.00
[TRAIN] Step 342/350 | 03:23:32
[TRAIN] Step 342 | Loss=0.653674 | Best makespan in group=367.00
[TRAIN] Step 343/350 | 03:23:46
[TRAIN] Step 343 | Loss=0.590252 | Best makespan in group=336.00
[TRAIN] Step 344/350 | 03:24:00
[TRAIN] Step 344 | Loss=0.645842 | Best makespan in group=301.00
[TRAIN] Step 345/350 | 03:24:13
[TRAIN] Step 345 | Loss=0.548223 | Best makespan in group=383.00
[TRAIN] Step 346/350 | 03:24:31
[TRAIN] Step 346 | Loss=0.616512 | Best makespan in group=327.00
[TRAIN] Step 347/350 | 03:24:46
[TRAIN] Step 347 | Loss=0.607631 | Best makespan in group=350.00
[TRAIN] Step 348/350 | 03:25:05
[TRAIN] Step 348 | Loss=0.656307 | Best makespan in group=468.00
[TRAIN] Step 349/350 | 03:25:21
[TRAIN] Step 349 | Loss=0.702395 | Best makespan in group=374.00
[TRAIN] Step 350/350 | 03:25:37
[TRAIN] Step 350 | Loss=0.732790 | Best makespan in group=318.00
[TRAIN][VAL][ep 350] avg_gap=0.1601 | std_gap=0.0753 | q80_gap=0.2291 | n=20
[TRAIN] Evaluating best checkpoint (candidate_models/852735153700113.pth) on the held-out test split...
[TRAIN][TEST] avg_gap=0.1345 | std_gap=0.1087 | q80_gap=0.2553 | n=20
[TRAIN][03:26:50] Training ended. Validation history and plots updated.
