D:\Dissertação\dissertation-bopo_introduction\venv\Lib\site-packages\torch\jit\_script.py:1485: FutureWarning: `torch.jit.script` is not supported in Python 3.14+ and may break. Please switch to `torch.compile` or `torch.export`.
  warnings.warn(
============================================================
[TRAIN] Training started at: 2026-10-03 14:12:59
[TRAIN] Hyperparams | max_steps=350 | new_freq=200
[TRAIN]             | n_cases=30 | B=32 | K=10 | use_greedy=True | lr=0.0047 (decaying to 9.40e-04)
[TRAIN]             | warm_start_steps=200 | checkpoint_smooth_window=3 | seed=42
[TRAIN]             | hidden_channels=128 | num_layers=3 | heads=3
[TRAIN]             | logp_norm=mean | exclude_greedy_from_loss=True
[TRAIN] Representation | ojmb_feat_v2 | GNN | gat | jm_design | edges
[TRAIN] Device | cuda:0 (NVIDIA GeForce GTX 1650 Ti)
[TRAIN] Problem size | jobs=[8,10] | machines=[5,10] | ops_per_job=[5,6] | max_proc=100
============================================================
[TRAIN] Output run folder: results\batching_gat_L3_ojmb_feat_v2_s42
[TRAIN] Validation config | every=25 steps | instances=20 (representative subset)
[TRAIN][TEACHER] validation avg_gap=0.5033 | q80_gap=0.6593 || test avg_gap=0.4287 | q80_gap=0.6096
[TRAIN] Warm-start (behavior cloning vs. dispatch heuristic) | 200 step(s)...
[TRAIN][WARMSTART] step 10/200 | instance=15 | bc_loss=1.8144 | decisions=38
[TRAIN][WARMSTART] step 20/200 | instance=9 | bc_loss=1.6229 | decisions=41
[TRAIN][WARMSTART] step 30/200 | instance=1 | bc_loss=1.5151 | decisions=44
[TRAIN][WARMSTART] step 40/200 | instance=2 | bc_loss=1.5886 | decisions=46
[TRAIN][WARMSTART] step 50/200 | instance=27 | bc_loss=1.4761 | decisions=44
[TRAIN][WARMSTART] step 60/200 | instance=23 | bc_loss=1.4153 | decisions=43
[TRAIN][WARMSTART] step 70/200 | instance=29 | bc_loss=1.5789 | decisions=46
[TRAIN][WARMSTART] step 80/200 | instance=19 | bc_loss=1.2374 | decisions=42
[TRAIN][WARMSTART] step 90/200 | instance=1 | bc_loss=1.0562 | decisions=44
[TRAIN][WARMSTART] step 100/200 | instance=20 | bc_loss=1.0166 | decisions=42
[TRAIN][WARMSTART] step 110/200 | instance=1 | bc_loss=0.9727 | decisions=44
[TRAIN][WARMSTART] step 120/200 | instance=1 | bc_loss=1.0566 | decisions=44
[TRAIN][WARMSTART] step 130/200 | instance=20 | bc_loss=0.8049 | decisions=42
[TRAIN][WARMSTART] step 140/200 | instance=13 | bc_loss=1.1748 | decisions=43
[TRAIN][WARMSTART] step 150/200 | instance=25 | bc_loss=1.2417 | decisions=49
[TRAIN][WARMSTART] step 160/200 | instance=6 | bc_loss=1.3032 | decisions=49
[TRAIN][WARMSTART] step 170/200 | instance=23 | bc_loss=1.1544 | decisions=43
[TRAIN][WARMSTART] step 180/200 | instance=12 | bc_loss=1.1388 | decisions=44
[TRAIN][WARMSTART] step 190/200 | instance=9 | bc_loss=1.0775 | decisions=41
[TRAIN][WARMSTART] step 200/200 | instance=22 | bc_loss=1.1490 | decisions=45
[TRAIN] Warm-start complete, switching to BOPO preference optimization.
------------------------------------------------------------
[TRAIN] BOPO agent ready. Starting training loop for 350 step(s)...
------------------------------------------------------------
[TRAIN] Step 1/350 | 14:22:57
[TRAIN] Step 1 | Loss=0.870387 | Best makespan in group=435.00
[TRAIN] Step 2/350 | 14:23:14
[TRAIN] Step 2 | Loss=0.907686 | Best makespan in group=426.00
[TRAIN] Step 3/350 | 14:23:34
[TRAIN] Step 3 | Loss=0.872968 | Best makespan in group=512.00
[TRAIN] Step 4/350 | 14:23:57
[TRAIN] Step 4 | Loss=0.704356 | Best makespan in group=430.00
[TRAIN] Step 5/350 | 14:24:15
[TRAIN] Step 5 | Loss=0.792029 | Best makespan in group=340.00
[TRAIN] Step 6/350 | 14:24:30
[TRAIN] Step 6 | Loss=0.625169 | Best makespan in group=414.00
[TRAIN] Step 7/350 | 14:24:49
[TRAIN] Step 7 | Loss=0.695650 | Best makespan in group=446.00
[TRAIN] Step 8/350 | 14:25:11
[TRAIN] Step 8 | Loss=0.713368 | Best makespan in group=419.00
[TRAIN] Step 9/350 | 14:25:37
[TRAIN] Step 9 | Loss=0.929099 | Best makespan in group=325.00
[TRAIN] Step 10/350 | 14:25:56
[TRAIN] Step 10 | Loss=0.731650 | Best makespan in group=457.00
[TRAIN] Step 11/350 | 14:26:12
[TRAIN] Step 11 | Loss=0.636793 | Best makespan in group=259.00
[TRAIN] Step 12/350 | 14:26:31
[TRAIN] Step 12 | Loss=0.666993 | Best makespan in group=344.00
[TRAIN] Step 13/350 | 14:26:55
[TRAIN] Step 13 | Loss=0.883492 | Best makespan in group=387.00
[TRAIN] Step 14/350 | 14:27:15
[TRAIN] Step 14 | Loss=0.681580 | Best makespan in group=388.00
[TRAIN] Step 15/350 | 14:27:34
[TRAIN] Step 15 | Loss=0.804042 | Best makespan in group=389.00
[TRAIN] Step 16/350 | 14:27:58
[TRAIN] Step 16 | Loss=0.707806 | Best makespan in group=411.00
[TRAIN] Step 17/350 | 14:28:15
[TRAIN] Step 17 | Loss=0.792565 | Best makespan in group=324.00
[TRAIN] Step 18/350 | 14:28:36
[TRAIN] Step 18 | Loss=0.959238 | Best makespan in group=452.00
[TRAIN] Step 19/350 | 14:28:55
[TRAIN] Step 19 | Loss=0.647742 | Best makespan in group=502.00
[TRAIN] Step 20/350 | 14:29:14
[TRAIN] Step 20 | Loss=0.783376 | Best makespan in group=371.00
[TRAIN] Step 21/350 | 14:29:34
[TRAIN] Step 21 | Loss=0.797063 | Best makespan in group=327.00
[TRAIN] Step 22/350 | 14:29:53
[TRAIN] Step 22 | Loss=0.638358 | Best makespan in group=368.00
[TRAIN] Step 23/350 | 14:30:10
[TRAIN] Step 23 | Loss=0.797652 | Best makespan in group=404.00
[TRAIN] Step 24/350 | 14:30:29
[TRAIN] Step 24 | Loss=0.767968 | Best makespan in group=299.00
[TRAIN] Step 25/350 | 14:30:44
[TRAIN] Step 25 | Loss=0.627823 | Best makespan in group=305.00
[TRAIN][VAL][ep 25] avg_gap=0.4702 | std_gap=0.2796 | q80_gap=0.7907 | n=20
[TRAIN] Validation improved | smoothed_avg_gap=0.4702 (raw=0.4702) | saving candidate: 339936371235507.pth
[TRAIN] Step 26/350 | 14:31:41
[TRAIN] Step 26 | Loss=0.606076 | Best makespan in group=331.00
[TRAIN] Step 27/350 | 14:31:57
[TRAIN] Step 27 | Loss=0.694278 | Best makespan in group=390.00
[TRAIN] Step 28/350 | 14:32:15
[TRAIN] Step 28 | Loss=0.649838 | Best makespan in group=309.00
[TRAIN] Step 29/350 | 14:32:36
[TRAIN] Step 29 | Loss=0.659153 | Best makespan in group=400.00
[TRAIN] Step 30/350 | 14:33:01
[TRAIN] Step 30 | Loss=0.726474 | Best makespan in group=387.00
[TRAIN] Step 31/350 | 14:33:19
[TRAIN] Step 31 | Loss=0.686274 | Best makespan in group=330.00
[TRAIN] Step 32/350 | 14:33:41
[TRAIN] Step 32 | Loss=0.686251 | Best makespan in group=314.00
[TRAIN] Step 33/350 | 14:34:01
[TRAIN] Step 33 | Loss=0.623062 | Best makespan in group=381.00
[TRAIN] Step 34/350 | 14:34:21
[TRAIN] Step 34 | Loss=0.618346 | Best makespan in group=381.00
[TRAIN] Step 35/350 | 14:34:41
[TRAIN] Step 35 | Loss=0.832510 | Best makespan in group=386.00
[TRAIN] Step 36/350 | 14:35:00
[TRAIN] Step 36 | Loss=0.781805 | Best makespan in group=466.00
[TRAIN] Step 37/350 | 14:35:17
[TRAIN] Step 37 | Loss=0.670666 | Best makespan in group=382.00
[TRAIN] Step 38/350 | 14:35:35
[TRAIN] Step 38 | Loss=0.688958 | Best makespan in group=426.00
[TRAIN] Step 39/350 | 14:35:52
[TRAIN] Step 39 | Loss=0.708941 | Best makespan in group=414.00
[TRAIN] Step 40/350 | 14:36:15
[TRAIN] Step 40 | Loss=0.802984 | Best makespan in group=358.00
[TRAIN] Step 41/350 | 14:36:31
[TRAIN] Step 41 | Loss=0.649659 | Best makespan in group=354.00
[TRAIN] Step 42/350 | 14:36:48
[TRAIN] Step 42 | Loss=0.591814 | Best makespan in group=260.00
[TRAIN] Step 43/350 | 14:37:04
[TRAIN] Step 43 | Loss=0.714483 | Best makespan in group=507.00
[TRAIN] Step 44/350 | 14:37:28
[TRAIN] Step 44 | Loss=0.720901 | Best makespan in group=324.00
[TRAIN] Step 45/350 | 14:37:44
[TRAIN] Step 45 | Loss=0.744424 | Best makespan in group=386.00
[TRAIN] Step 46/350 | 14:38:09
[TRAIN] Step 46 | Loss=0.692026 | Best makespan in group=318.00
[TRAIN] Step 47/350 | 14:38:27
[TRAIN] Step 47 | Loss=0.650218 | Best makespan in group=406.00
[TRAIN] Step 48/350 | 14:38:44
[TRAIN] Step 48 | Loss=0.985159 | Best makespan in group=430.00
[TRAIN] Step 49/350 | 14:39:07
[TRAIN] Step 49 | Loss=0.605238 | Best makespan in group=326.00
[TRAIN] Step 50/350 | 14:39:24
[TRAIN] Step 50 | Loss=0.727269 | Best makespan in group=511.00
[TRAIN][VAL][ep 50] avg_gap=0.3322 | std_gap=0.1533 | q80_gap=0.4516 | n=20
[TRAIN] Validation improved | smoothed_avg_gap=0.4012 (raw=0.3322) | saving candidate: 453539761139039.pth
[TRAIN] Step 51/350 | 14:40:19
[TRAIN] Step 51 | Loss=0.713293 | Best makespan in group=351.00
[TRAIN] Step 52/350 | 14:40:40
[TRAIN] Step 52 | Loss=0.664612 | Best makespan in group=313.00
[TRAIN] Step 53/350 | 14:40:59
[TRAIN] Step 53 | Loss=0.652065 | Best makespan in group=376.00
[TRAIN] Step 54/350 | 14:41:18
[TRAIN] Step 54 | Loss=0.603085 | Best makespan in group=290.00
[TRAIN] Step 55/350 | 14:41:35
[TRAIN] Step 55 | Loss=0.761450 | Best makespan in group=374.00
[TRAIN] Step 56/350 | 14:41:57
[TRAIN] Step 56 | Loss=0.666620 | Best makespan in group=397.00
[TRAIN] Step 57/350 | 14:42:15
[TRAIN] Step 57 | Loss=0.532637 | Best makespan in group=368.00
[TRAIN] Step 58/350 | 14:42:35
[TRAIN] Step 58 | Loss=0.680889 | Best makespan in group=406.00
[TRAIN] Step 59/350 | 14:42:49
[TRAIN] Step 59 | Loss=0.687582 | Best makespan in group=416.00
[TRAIN] Step 60/350 | 14:43:09
[TRAIN] Step 60 | Loss=0.578418 | Best makespan in group=341.00
[TRAIN] Step 61/350 | 14:43:31
[TRAIN] Step 61 | Loss=0.820416 | Best makespan in group=403.00
[TRAIN] Step 62/350 | 14:43:48
[TRAIN] Step 62 | Loss=0.667245 | Best makespan in group=292.00
[TRAIN] Step 63/350 | 14:44:07
[TRAIN] Step 63 | Loss=0.592626 | Best makespan in group=385.00
[TRAIN] Step 64/350 | 14:44:30
[TRAIN] Step 64 | Loss=0.648628 | Best makespan in group=320.00
[TRAIN] Step 65/350 | 14:44:51
[TRAIN] Step 65 | Loss=0.724251 | Best makespan in group=255.00
[TRAIN] Step 66/350 | 14:45:09
[TRAIN] Step 66 | Loss=0.671835 | Best makespan in group=389.00
[TRAIN] Step 67/350 | 14:45:23
[TRAIN] Step 67 | Loss=0.737945 | Best makespan in group=354.00
[TRAIN] Step 68/350 | 14:45:44
[TRAIN] Step 68 | Loss=0.633773 | Best makespan in group=327.00
[TRAIN] Step 69/350 | 14:45:59
[TRAIN] Step 69 | Loss=0.643347 | Best makespan in group=354.00
[TRAIN] Step 70/350 | 14:46:17
[TRAIN] Step 70 | Loss=0.620200 | Best makespan in group=388.00
[TRAIN] Step 71/350 | 14:46:35
[TRAIN] Step 71 | Loss=0.679181 | Best makespan in group=377.00
[TRAIN] Step 72/350 | 14:46:55
[TRAIN] Step 72 | Loss=0.768807 | Best makespan in group=362.00
[TRAIN] Step 73/350 | 14:47:12
[TRAIN] Step 73 | Loss=0.649266 | Best makespan in group=486.00
[TRAIN] Step 74/350 | 14:47:30
[TRAIN] Step 74 | Loss=0.890129 | Best makespan in group=400.00
[TRAIN] Step 75/350 | 14:47:53
[TRAIN] Step 75 | Loss=0.595308 | Best makespan in group=373.00
[TRAIN][VAL][ep 75] avg_gap=0.2564 | std_gap=0.1358 | q80_gap=0.3838 | n=20
[TRAIN] Validation improved | smoothed_avg_gap=0.3529 (raw=0.2564) | saving candidate: 821054675185523.pth
[TRAIN] Step 76/350 | 14:48:51
[TRAIN] Step 76 | Loss=0.719115 | Best makespan in group=299.00
[TRAIN] Step 77/350 | 14:49:08
[TRAIN] Step 77 | Loss=0.611992 | Best makespan in group=351.00
[TRAIN] Step 78/350 | 14:49:33
[TRAIN] Step 78 | Loss=0.602960 | Best makespan in group=329.00
[TRAIN] Step 79/350 | 14:49:59
[TRAIN] Step 79 | Loss=0.822294 | Best makespan in group=310.00
[TRAIN] Step 80/350 | 14:50:18
[TRAIN] Step 80 | Loss=0.722875 | Best makespan in group=312.00
[TRAIN] Step 81/350 | 14:50:41
[TRAIN] Step 81 | Loss=0.716743 | Best makespan in group=385.00
[TRAIN] Step 82/350 | 14:51:00
[TRAIN] Step 82 | Loss=0.702484 | Best makespan in group=430.00
[TRAIN] Step 83/350 | 14:51:27
[TRAIN] Step 83 | Loss=0.642848 | Best makespan in group=412.00
[TRAIN] Step 84/350 | 14:51:46
[TRAIN] Step 84 | Loss=0.612417 | Best makespan in group=395.00
[TRAIN] Step 85/350 | 14:52:02
[TRAIN] Step 85 | Loss=0.632357 | Best makespan in group=452.00
[TRAIN] Step 86/350 | 14:52:20
[TRAIN] Step 86 | Loss=0.589655 | Best makespan in group=485.00
[TRAIN] Step 87/350 | 14:52:43
[TRAIN] Step 87 | Loss=0.573974 | Best makespan in group=303.00
[TRAIN] Step 88/350 | 14:53:05
[TRAIN] Step 88 | Loss=0.709346 | Best makespan in group=395.00
[TRAIN] Step 89/350 | 14:53:23
[TRAIN] Step 89 | Loss=0.652803 | Best makespan in group=387.00
[TRAIN] Step 90/350 | 14:53:48
[TRAIN] Step 90 | Loss=0.584664 | Best makespan in group=323.00
[TRAIN] Step 91/350 | 14:54:06
[TRAIN] Step 91 | Loss=0.612446 | Best makespan in group=295.00
[TRAIN] Step 92/350 | 14:54:29
[TRAIN] Step 92 | Loss=0.668813 | Best makespan in group=430.00
[TRAIN] Step 93/350 | 14:54:55
[TRAIN] Step 93 | Loss=0.610056 | Best makespan in group=359.00
[TRAIN] Step 94/350 | 14:55:14
[TRAIN] Step 94 | Loss=0.646204 | Best makespan in group=335.00
[TRAIN] Step 95/350 | 14:55:38
[TRAIN] Step 95 | Loss=0.616447 | Best makespan in group=359.00
[TRAIN] Step 96/350 | 14:56:05
[TRAIN] Step 96 | Loss=0.646309 | Best makespan in group=401.00
[TRAIN] Step 97/350 | 14:56:26
[TRAIN] Step 97 | Loss=0.707308 | Best makespan in group=357.00
[TRAIN] Step 98/350 | 14:56:45
[TRAIN] Step 98 | Loss=0.775869 | Best makespan in group=321.00
[TRAIN] Step 99/350 | 14:57:07
[TRAIN] Step 99 | Loss=0.577448 | Best makespan in group=319.00
[TRAIN] Step 100/350 | 14:57:24
[TRAIN] Step 100 | Loss=0.711052 | Best makespan in group=478.00
[TRAIN][VAL][ep 100] avg_gap=0.1790 | std_gap=0.0795 | q80_gap=0.2298 | n=20
[TRAIN] Validation improved | smoothed_avg_gap=0.2559 (raw=0.1790) | saving candidate: 787399561170123.pth
[TRAIN] Step 101/350 | 14:58:23
[TRAIN] Step 101 | Loss=0.629673 | Best makespan in group=308.00
[TRAIN] Step 102/350 | 14:58:43
[TRAIN] Step 102 | Loss=0.778679 | Best makespan in group=334.00
[TRAIN] Step 103/350 | 14:58:59
[TRAIN] Step 103 | Loss=0.747990 | Best makespan in group=368.00
[TRAIN] Step 104/350 | 14:59:18
[TRAIN] Step 104 | Loss=0.615827 | Best makespan in group=337.00
[TRAIN] Step 105/350 | 14:59:41
[TRAIN] Step 105 | Loss=0.677266 | Best makespan in group=363.00
[TRAIN] Step 106/350 | 15:00:03
[TRAIN] Step 106 | Loss=0.695562 | Best makespan in group=406.00
[TRAIN] Step 107/350 | 15:00:20
[TRAIN] Step 107 | Loss=0.750643 | Best makespan in group=288.00
[TRAIN] Step 108/350 | 15:00:37
[TRAIN] Step 108 | Loss=0.697969 | Best makespan in group=402.00
[TRAIN] Step 109/350 | 15:00:55
[TRAIN] Step 109 | Loss=0.628385 | Best makespan in group=310.00
[TRAIN] Step 110/350 | 15:01:15
[TRAIN] Step 110 | Loss=0.871009 | Best makespan in group=351.00
[TRAIN] Step 111/350 | 15:01:35
[TRAIN] Step 111 | Loss=0.664133 | Best makespan in group=313.00
[TRAIN] Step 112/350 | 15:01:53
[TRAIN] Step 112 | Loss=0.614751 | Best makespan in group=438.00
[TRAIN] Step 113/350 | 15:02:12
[TRAIN] Step 113 | Loss=0.675166 | Best makespan in group=371.00
[TRAIN] Step 114/350 | 15:02:27
[TRAIN] Step 114 | Loss=0.704381 | Best makespan in group=415.00
[TRAIN] Step 115/350 | 15:02:53
[TRAIN] Step 115 | Loss=0.607575 | Best makespan in group=376.00
[TRAIN] Step 116/350 | 15:03:14
[TRAIN] Step 116 | Loss=0.646259 | Best makespan in group=379.00
[TRAIN] Step 117/350 | 15:03:41
[TRAIN] Step 117 | Loss=0.583651 | Best makespan in group=469.00
[TRAIN] Step 118/350 | 15:04:07
[TRAIN] Step 118 | Loss=0.715192 | Best makespan in group=349.00
[TRAIN] Step 119/350 | 15:04:27
[TRAIN] Step 119 | Loss=0.730751 | Best makespan in group=253.00
[TRAIN] Step 120/350 | 15:04:45
[TRAIN] Step 120 | Loss=0.628954 | Best makespan in group=365.00
[TRAIN] Step 121/350 | 15:05:10
[TRAIN] Step 121 | Loss=0.601860 | Best makespan in group=370.00
[TRAIN] Step 122/350 | 15:05:33
[TRAIN] Step 122 | Loss=0.583645 | Best makespan in group=295.00
[TRAIN] Step 123/350 | 15:05:53
[TRAIN] Step 123 | Loss=0.704197 | Best makespan in group=322.00
[TRAIN] Step 124/350 | 15:06:12
[TRAIN] Step 124 | Loss=0.620623 | Best makespan in group=280.00
[TRAIN] Step 125/350 | 15:06:30
[TRAIN] Step 125 | Loss=0.660715 | Best makespan in group=356.00
[TRAIN][VAL][ep 125] avg_gap=0.1661 | std_gap=0.0929 | q80_gap=0.2443 | n=20
[TRAIN] Validation improved | smoothed_avg_gap=0.2005 (raw=0.1661) | saving candidate: 83083325387568.pth
[TRAIN] Step 126/350 | 15:07:33
[TRAIN] Step 126 | Loss=0.688049 | Best makespan in group=372.00
[TRAIN] Step 127/350 | 15:07:53
[TRAIN] Step 127 | Loss=0.683199 | Best makespan in group=346.00
[TRAIN] Step 128/350 | 15:08:15
[TRAIN] Step 128 | Loss=0.636074 | Best makespan in group=344.00
[TRAIN] Step 129/350 | 15:08:36
[TRAIN] Step 129 | Loss=0.565626 | Best makespan in group=430.00
[TRAIN] Step 130/350 | 15:09:01
[TRAIN] Step 130 | Loss=0.699857 | Best makespan in group=255.00
[TRAIN] Step 131/350 | 15:09:18
[TRAIN] Step 131 | Loss=0.635598 | Best makespan in group=303.00
[TRAIN] Step 132/350 | 15:09:40
[TRAIN] Step 132 | Loss=0.622359 | Best makespan in group=296.00
[TRAIN] Step 133/350 | 15:10:01
[TRAIN] Step 133 | Loss=0.687531 | Best makespan in group=368.00
[TRAIN] Step 134/350 | 15:10:20
[TRAIN] Step 134 | Loss=0.605536 | Best makespan in group=379.00
[TRAIN] Step 135/350 | 15:10:47
[TRAIN] Step 135 | Loss=0.600186 | Best makespan in group=438.00
[TRAIN] Step 136/350 | 15:11:33
[TRAIN] Step 136 | Loss=0.690011 | Best makespan in group=462.00
[TRAIN] Step 137/350 | 15:12:09
[TRAIN] Step 137 | Loss=0.693209 | Best makespan in group=352.00
[TRAIN] Step 138/350 | 15:12:29
[TRAIN] Step 138 | Loss=0.514003 | Best makespan in group=360.00
[TRAIN] Step 139/350 | 15:12:47
[TRAIN] Step 139 | Loss=0.648730 | Best makespan in group=318.00
[TRAIN] Step 140/350 | 15:13:11
[TRAIN] Step 140 | Loss=0.705662 | Best makespan in group=467.00
[TRAIN] Step 141/350 | 15:13:32
[TRAIN] Step 141 | Loss=0.652410 | Best makespan in group=376.00
[TRAIN] Step 142/350 | 15:14:11
[TRAIN] Step 142 | Loss=0.608778 | Best makespan in group=398.00
[TRAIN] Step 143/350 | 15:15:03
[TRAIN] Step 143 | Loss=0.581885 | Best makespan in group=297.00
[TRAIN] Step 144/350 | 15:15:50
[TRAIN] Step 144 | Loss=0.605367 | Best makespan in group=389.00
[TRAIN] Step 145/350 | 15:16:39
[TRAIN] Step 145 | Loss=0.692318 | Best makespan in group=313.00
[TRAIN] Step 146/350 | 15:16:56
[TRAIN] Step 146 | Loss=0.657744 | Best makespan in group=320.00
[TRAIN] Step 147/350 | 15:17:20
[TRAIN] Step 147 | Loss=0.992677 | Best makespan in group=405.00
[TRAIN] Step 148/350 | 15:17:39
[TRAIN] Step 148 | Loss=0.627678 | Best makespan in group=361.00
[TRAIN] Step 149/350 | 15:17:58
[TRAIN] Step 149 | Loss=0.536428 | Best makespan in group=374.00
[TRAIN] Step 150/350 | 15:18:23
[TRAIN] Step 150 | Loss=0.657035 | Best makespan in group=385.00
[TRAIN][VAL][ep 150] avg_gap=0.1433 | std_gap=0.0886 | q80_gap=0.1929 | n=20
[TRAIN] Validation improved | smoothed_avg_gap=0.1628 (raw=0.1433) | saving candidate: 594025708037350.pth
[TRAIN] Step 151/350 | 15:19:20
[TRAIN] Step 151 | Loss=0.616489 | Best makespan in group=327.00
[TRAIN] Step 152/350 | 15:19:45
[TRAIN] Step 152 | Loss=0.787639 | Best makespan in group=350.00
[TRAIN] Step 153/350 | 15:20:05
[TRAIN] Step 153 | Loss=0.624594 | Best makespan in group=398.00
[TRAIN] Step 154/350 | 15:20:23
[TRAIN] Step 154 | Loss=0.705679 | Best makespan in group=311.00
[TRAIN] Step 155/350 | 15:20:45
[TRAIN] Step 155 | Loss=0.652923 | Best makespan in group=299.00
[TRAIN] Step 156/350 | 15:21:02
[TRAIN] Step 156 | Loss=0.717756 | Best makespan in group=387.00
[TRAIN] Step 157/350 | 15:21:22
[TRAIN] Step 157 | Loss=0.653830 | Best makespan in group=318.00
[TRAIN] Step 158/350 | 15:21:44
[TRAIN] Step 158 | Loss=0.706226 | Best makespan in group=356.00
[TRAIN] Step 159/350 | 15:22:03
[TRAIN] Step 159 | Loss=0.639199 | Best makespan in group=352.00
[TRAIN] Step 160/350 | 15:22:19
[TRAIN] Step 160 | Loss=0.670122 | Best makespan in group=444.00
[TRAIN] Step 161/350 | 15:22:38
[TRAIN] Step 161 | Loss=0.624703 | Best makespan in group=347.00
[TRAIN] Step 162/350 | 15:22:59
[TRAIN] Step 162 | Loss=0.630650 | Best makespan in group=405.00
[TRAIN] Step 163/350 | 15:23:26
[TRAIN] Step 163 | Loss=0.763654 | Best makespan in group=306.00
[TRAIN] Step 164/350 | 15:23:44
[TRAIN] Step 164 | Loss=0.562093 | Best makespan in group=321.00
[TRAIN] Step 165/350 | 15:24:05
[TRAIN] Step 165 | Loss=0.460465 | Best makespan in group=392.00
[TRAIN] Step 166/350 | 15:24:21
[TRAIN] Step 166 | Loss=0.621773 | Best makespan in group=370.00
[TRAIN] Step 167/350 | 15:24:42
[TRAIN] Step 167 | Loss=0.605527 | Best makespan in group=364.00
[TRAIN] Step 168/350 | 15:25:02
[TRAIN] Step 168 | Loss=0.684606 | Best makespan in group=326.00
[TRAIN] Step 169/350 | 15:25:18
[TRAIN] Step 169 | Loss=0.600694 | Best makespan in group=453.00
[TRAIN] Step 170/350 | 15:25:42
[TRAIN] Step 170 | Loss=0.649870 | Best makespan in group=394.00
[TRAIN] Step 171/350 | 15:26:00
[TRAIN] Step 171 | Loss=0.723708 | Best makespan in group=472.00
[TRAIN] Step 172/350 | 15:26:20
[TRAIN] Step 172 | Loss=0.606257 | Best makespan in group=383.00
[TRAIN] Step 173/350 | 15:26:45
[TRAIN] Step 173 | Loss=0.563613 | Best makespan in group=372.00
[TRAIN] Step 174/350 | 15:27:06
[TRAIN] Step 174 | Loss=0.554089 | Best makespan in group=297.00
[TRAIN] Step 175/350 | 15:27:27
[TRAIN] Step 175 | Loss=0.720780 | Best makespan in group=430.00
[TRAIN][VAL][ep 175] avg_gap=0.1702 | std_gap=0.0977 | q80_gap=0.2559 | n=20
[TRAIN] Validation improved | smoothed_avg_gap=0.1599 (raw=0.1702) | saving candidate: 928127074835991.pth
[TRAIN] Step 176/350 | 15:28:31
[TRAIN] Step 176 | Loss=0.676100 | Best makespan in group=371.00
[TRAIN] Step 177/350 | 15:28:57
[TRAIN] Step 177 | Loss=0.587792 | Best makespan in group=372.00
[TRAIN] Step 178/350 | 15:29:17
[TRAIN] Step 178 | Loss=0.577462 | Best makespan in group=372.00
[TRAIN] Step 179/350 | 15:29:36
[TRAIN] Step 179 | Loss=0.732082 | Best makespan in group=253.00
[TRAIN] Step 180/350 | 15:29:56
[TRAIN] Step 180 | Loss=0.679722 | Best makespan in group=279.00
[TRAIN] Step 181/350 | 15:30:13
[TRAIN] Step 181 | Loss=0.604090 | Best makespan in group=395.00
[TRAIN] Step 182/350 | 15:30:38
[TRAIN] Step 182 | Loss=0.723452 | Best makespan in group=362.00
[TRAIN] Step 183/350 | 15:30:57
[TRAIN] Step 183 | Loss=0.607498 | Best makespan in group=373.00
[TRAIN] Step 184/350 | 15:31:23
[TRAIN] Step 184 | Loss=0.616766 | Best makespan in group=305.00
[TRAIN] Step 185/350 | 15:31:44
[TRAIN] Step 185 | Loss=0.718394 | Best makespan in group=303.00
[TRAIN] Step 186/350 | 15:32:09
[TRAIN] Step 186 | Loss=0.667904 | Best makespan in group=274.00
[TRAIN] Step 187/350 | 15:32:26
[TRAIN] Step 187 | Loss=0.640279 | Best makespan in group=290.00
[TRAIN] Step 188/350 | 15:32:47
[TRAIN] Step 188 | Loss=0.570913 | Best makespan in group=355.00
[TRAIN] Step 189/350 | 15:33:05
[TRAIN] Step 189 | Loss=0.685108 | Best makespan in group=468.00
[TRAIN] Step 190/350 | 15:33:24
[TRAIN] Step 190 | Loss=0.528435 | Best makespan in group=380.00
[TRAIN] Step 191/350 | 15:33:37
[TRAIN] Step 191 | Loss=0.668122 | Best makespan in group=364.00
[TRAIN] Step 192/350 | 15:33:55
[TRAIN] Step 192 | Loss=0.599529 | Best makespan in group=343.00
[TRAIN] Step 193/350 | 15:34:15
[TRAIN] Step 193 | Loss=0.677287 | Best makespan in group=374.00
[TRAIN] Step 194/350 | 15:34:38
[TRAIN] Step 194 | Loss=0.757400 | Best makespan in group=310.00
[TRAIN] Step 195/350 | 15:34:57
[TRAIN] Step 195 | Loss=0.649692 | Best makespan in group=472.00
[TRAIN] Step 196/350 | 15:35:23
[TRAIN] Step 196 | Loss=0.552364 | Best makespan in group=346.00
[TRAIN] Step 197/350 | 15:35:44
[TRAIN] Step 197 | Loss=0.673701 | Best makespan in group=389.00
[TRAIN] Step 198/350 | 15:36:01
[TRAIN] Step 198 | Loss=0.819311 | Best makespan in group=322.00
[TRAIN] Step 199/350 | 15:36:17
[TRAIN] Step 199 | Loss=0.688059 | Best makespan in group=367.00
[TRAIN] Step 200/350 | 15:36:40
[TRAIN] Step 200 | Loss=0.551513 | Best makespan in group=391.00
[TRAIN] Refreshing training instances (step 200)...
[TRAIN][VAL][ep 200] avg_gap=0.1519 | std_gap=0.0796 | q80_gap=0.2096 | n=20
[TRAIN] Validation improved | smoothed_avg_gap=0.1551 (raw=0.1519) | saving candidate: 255475133880190.pth
[TRAIN] Step 201/350 | 15:37:35
[TRAIN] Step 201 | Loss=0.727432 | Best makespan in group=351.00
[TRAIN] Step 202/350 | 15:37:59
[TRAIN] Step 202 | Loss=0.532572 | Best makespan in group=410.00
[TRAIN] Step 203/350 | 15:38:19
[TRAIN] Step 203 | Loss=0.564915 | Best makespan in group=340.00
[TRAIN] Step 204/350 | 15:38:40
[TRAIN] Step 204 | Loss=0.688512 | Best makespan in group=338.00
[TRAIN] Step 205/350 | 15:38:59
[TRAIN] Step 205 | Loss=0.706400 | Best makespan in group=483.00
[TRAIN] Step 206/350 | 15:39:15
[TRAIN] Step 206 | Loss=0.731455 | Best makespan in group=273.00
[TRAIN] Step 207/350 | 15:39:43
[TRAIN] Step 207 | Loss=0.598784 | Best makespan in group=367.00
[TRAIN] Step 208/350 | 15:40:00
[TRAIN] Step 208 | Loss=0.704901 | Best makespan in group=406.00
[TRAIN] Step 209/350 | 15:40:17
[TRAIN] Step 209 | Loss=0.672560 | Best makespan in group=430.00
[TRAIN] Step 210/350 | 15:40:35
[TRAIN] Step 210 | Loss=0.783455 | Best makespan in group=355.00
[TRAIN] Step 211/350 | 15:40:55
[TRAIN] Step 211 | Loss=0.698566 | Best makespan in group=257.00
[TRAIN] Step 212/350 | 15:41:16
[TRAIN] Step 212 | Loss=0.745713 | Best makespan in group=477.00
[TRAIN] Step 213/350 | 15:41:34
[TRAIN] Step 213 | Loss=0.708258 | Best makespan in group=396.00
[TRAIN] Step 214/350 | 15:41:56
[TRAIN] Step 214 | Loss=0.709196 | Best makespan in group=315.00
[TRAIN] Step 215/350 | 15:42:16
[TRAIN] Step 215 | Loss=0.537231 | Best makespan in group=312.00
[TRAIN] Step 216/350 | 15:42:33
[TRAIN] Step 216 | Loss=0.693528 | Best makespan in group=400.00
[TRAIN] Step 217/350 | 15:42:54
[TRAIN] Step 217 | Loss=0.559981 | Best makespan in group=309.00
[TRAIN] Step 218/350 | 15:43:12
[TRAIN] Step 218 | Loss=0.608915 | Best makespan in group=364.00
[TRAIN] Step 219/350 | 15:43:28
[TRAIN] Step 219 | Loss=0.853617 | Best makespan in group=370.00
[TRAIN] Step 220/350 | 15:43:45
[TRAIN] Step 220 | Loss=0.782230 | Best makespan in group=324.00
[TRAIN] Step 221/350 | 15:44:08
[TRAIN] Step 221 | Loss=0.664203 | Best makespan in group=404.00
[TRAIN] Step 222/350 | 15:44:27
[TRAIN] Step 222 | Loss=0.598548 | Best makespan in group=361.00
[TRAIN] Step 223/350 | 15:44:45
[TRAIN] Step 223 | Loss=0.594644 | Best makespan in group=396.00
[TRAIN] Step 224/350 | 15:45:04
[TRAIN] Step 224 | Loss=0.621465 | Best makespan in group=311.00
[TRAIN] Step 225/350 | 15:45:24
[TRAIN] Step 225 | Loss=0.643419 | Best makespan in group=363.00
[TRAIN][VAL][ep 225] avg_gap=0.1738 | std_gap=0.0851 | q80_gap=0.2347 | n=20
[TRAIN] Step 226/350 | 15:46:24
[TRAIN] Step 226 | Loss=0.673545 | Best makespan in group=370.00
[TRAIN] Step 227/350 | 15:46:48
[TRAIN] Step 227 | Loss=0.589808 | Best makespan in group=364.00
[TRAIN] Step 228/350 | 15:47:03
[TRAIN] Step 228 | Loss=0.777933 | Best makespan in group=441.00
[TRAIN] Step 229/350 | 15:47:25
[TRAIN] Step 229 | Loss=0.587156 | Best makespan in group=501.00
[TRAIN] Step 230/350 | 15:47:46
[TRAIN] Step 230 | Loss=0.553974 | Best makespan in group=200.00
[TRAIN] Step 231/350 | 15:48:06
[TRAIN] Step 231 | Loss=0.742871 | Best makespan in group=341.00
[TRAIN] Step 232/350 | 15:48:27
[TRAIN] Step 232 | Loss=0.584463 | Best makespan in group=356.00
[TRAIN] Step 233/350 | 15:48:53
[TRAIN] Step 233 | Loss=0.752334 | Best makespan in group=399.00
[TRAIN] Step 234/350 | 15:49:13
[TRAIN] Step 234 | Loss=0.680322 | Best makespan in group=361.00
[TRAIN] Step 235/350 | 15:49:32
[TRAIN] Step 235 | Loss=0.614640 | Best makespan in group=436.00
[TRAIN] Step 236/350 | 15:49:55
[TRAIN] Step 236 | Loss=0.652658 | Best makespan in group=251.00
[TRAIN] Step 237/350 | 15:50:17
[TRAIN] Step 237 | Loss=0.732372 | Best makespan in group=421.00
[TRAIN] Step 238/350 | 15:50:38
[TRAIN] Step 238 | Loss=0.602704 | Best makespan in group=365.00
[TRAIN] Step 239/350 | 15:50:57
[TRAIN] Step 239 | Loss=0.600523 | Best makespan in group=360.00
[TRAIN] Step 240/350 | 15:51:20
[TRAIN] Step 240 | Loss=0.557213 | Best makespan in group=340.00
[TRAIN] Step 241/350 | 15:51:45
[TRAIN] Step 241 | Loss=0.669371 | Best makespan in group=423.00
[TRAIN] Step 242/350 | 15:52:03
[TRAIN] Step 242 | Loss=0.670828 | Best makespan in group=488.00
[TRAIN] Step 243/350 | 15:52:24
[TRAIN] Step 243 | Loss=0.650505 | Best makespan in group=406.00
[TRAIN] Step 244/350 | 15:52:45
[TRAIN] Step 244 | Loss=0.739578 | Best makespan in group=301.00
[TRAIN] Step 245/350 | 15:53:05
[TRAIN] Step 245 | Loss=0.725437 | Best makespan in group=311.00
[TRAIN] Step 246/350 | 15:53:33
[TRAIN] Step 246 | Loss=0.616520 | Best makespan in group=407.00
[TRAIN] Step 247/350 | 15:53:52
[TRAIN] Step 247 | Loss=0.591444 | Best makespan in group=344.00
[TRAIN] Step 248/350 | 15:54:09
[TRAIN] Step 248 | Loss=0.786028 | Best makespan in group=400.00
[TRAIN] Step 249/350 | 15:54:30
[TRAIN] Step 249 | Loss=0.644783 | Best makespan in group=312.00
[TRAIN] Step 250/350 | 15:54:49
[TRAIN] Step 250 | Loss=0.608688 | Best makespan in group=402.00
[TRAIN][VAL][ep 250] avg_gap=0.1736 | std_gap=0.0792 | q80_gap=0.2275 | n=20
[TRAIN] Step 251/350 | 15:55:53
[TRAIN] Step 251 | Loss=0.664695 | Best makespan in group=283.00
[TRAIN] Step 252/350 | 15:56:27
[TRAIN] Step 252 | Loss=0.621051 | Best makespan in group=318.00
[TRAIN] Step 253/350 | 15:56:56
[TRAIN] Step 253 | Loss=0.596375 | Best makespan in group=319.00
[TRAIN] Step 254/350 | 15:57:18
[TRAIN] Step 254 | Loss=0.556951 | Best makespan in group=363.00
[TRAIN] Step 255/350 | 15:57:33
[TRAIN] Step 255 | Loss=0.739981 | Best makespan in group=198.00
[TRAIN] Step 256/350 | 15:57:49
[TRAIN] Step 256 | Loss=0.700294 | Best makespan in group=482.00
[TRAIN] Step 257/350 | 15:58:08
[TRAIN] Step 257 | Loss=0.686200 | Best makespan in group=367.00
[TRAIN] Step 258/350 | 15:58:26
[TRAIN] Step 258 | Loss=0.795425 | Best makespan in group=365.00
[TRAIN] Step 259/350 | 15:58:53
[TRAIN] Step 259 | Loss=0.713685 | Best makespan in group=485.00
[TRAIN] Step 260/350 | 15:59:10
[TRAIN] Step 260 | Loss=0.698186 | Best makespan in group=336.00
[TRAIN] Step 261/350 | 15:59:31
[TRAIN] Step 261 | Loss=0.761826 | Best makespan in group=311.00
[TRAIN] Step 262/350 | 15:59:52
[TRAIN] Step 262 | Loss=0.601261 | Best makespan in group=476.00
[TRAIN] Step 263/350 | 16:00:14
[TRAIN] Step 263 | Loss=0.746761 | Best makespan in group=334.00
[TRAIN] Step 264/350 | 16:00:35
[TRAIN] Step 264 | Loss=0.657537 | Best makespan in group=380.00
[TRAIN] Step 265/350 | 16:00:57
[TRAIN] Step 265 | Loss=0.560730 | Best makespan in group=485.00
[TRAIN] Step 266/350 | 16:01:17
[TRAIN] Step 266 | Loss=0.735311 | Best makespan in group=370.00
[TRAIN] Step 267/350 | 16:01:37
[TRAIN] Step 267 | Loss=0.694957 | Best makespan in group=385.00
[TRAIN] Step 268/350 | 16:01:57
[TRAIN] Step 268 | Loss=0.692583 | Best makespan in group=248.00
[TRAIN] Step 269/350 | 16:02:20
[TRAIN] Step 269 | Loss=0.761517 | Best makespan in group=311.00
[TRAIN] Step 270/350 | 16:02:45
[TRAIN] Step 270 | Loss=0.667300 | Best makespan in group=359.00
[TRAIN] Step 271/350 | 16:03:11
[TRAIN] Step 271 | Loss=0.851581 | Best makespan in group=367.00
[TRAIN] Step 272/350 | 16:03:32
[TRAIN] Step 272 | Loss=0.658937 | Best makespan in group=399.00
[TRAIN] Step 273/350 | 16:03:56
[TRAIN] Step 273 | Loss=0.655180 | Best makespan in group=402.00
[TRAIN] Step 274/350 | 16:04:18
[TRAIN] Step 274 | Loss=0.595410 | Best makespan in group=338.00
[TRAIN] Step 275/350 | 16:04:35
[TRAIN] Step 275 | Loss=0.713402 | Best makespan in group=354.00
[TRAIN][VAL][ep 275] avg_gap=0.1945 | std_gap=0.1063 | q80_gap=0.3038 | n=20
[TRAIN] Step 276/350 | 16:05:34
[TRAIN] Step 276 | Loss=0.676919 | Best makespan in group=279.00
[TRAIN] Step 277/350 | 16:06:03
[TRAIN] Step 277 | Loss=0.584104 | Best makespan in group=324.00
[TRAIN] Step 278/350 | 16:06:30
[TRAIN] Step 278 | Loss=0.771630 | Best makespan in group=345.00
[TRAIN] Step 279/350 | 16:06:57
[TRAIN] Step 279 | Loss=0.711248 | Best makespan in group=336.00
[TRAIN] Step 280/350 | 16:07:22
[TRAIN] Step 280 | Loss=0.772922 | Best makespan in group=312.00
[TRAIN] Step 281/350 | 16:07:43
[TRAIN] Step 281 | Loss=0.511159 | Best makespan in group=479.00
[TRAIN] Step 282/350 | 16:08:01
[TRAIN] Step 282 | Loss=0.716611 | Best makespan in group=424.00
[TRAIN] Step 283/350 | 16:08:21
[TRAIN] Step 283 | Loss=0.581677 | Best makespan in group=405.00
[TRAIN] Step 284/350 | 16:08:43
[TRAIN] Step 284 | Loss=0.679167 | Best makespan in group=441.00
[TRAIN] Step 285/350 | 16:09:06
[TRAIN] Step 285 | Loss=0.574081 | Best makespan in group=362.00
[TRAIN] Step 286/350 | 16:09:21
[TRAIN] Step 286 | Loss=0.538321 | Best makespan in group=361.00
[TRAIN] Step 287/350 | 16:09:40
[TRAIN] Step 287 | Loss=0.569496 | Best makespan in group=198.00
[TRAIN] Step 288/350 | 16:09:56
[TRAIN] Step 288 | Loss=0.612216 | Best makespan in group=301.00
[TRAIN] Step 289/350 | 16:10:15
[TRAIN] Step 289 | Loss=0.579604 | Best makespan in group=360.00
[TRAIN] Step 290/350 | 16:10:40
[TRAIN] Step 290 | Loss=0.702163 | Best makespan in group=424.00
[TRAIN] Step 291/350 | 16:11:04
[TRAIN] Step 291 | Loss=0.679631 | Best makespan in group=482.00
[TRAIN] Step 292/350 | 16:11:25
[TRAIN] Step 292 | Loss=0.549365 | Best makespan in group=400.00
[TRAIN] Step 293/350 | 16:11:45
[TRAIN] Step 293 | Loss=0.697382 | Best makespan in group=409.00
[TRAIN] Step 294/350 | 16:12:03
[TRAIN] Step 294 | Loss=0.751200 | Best makespan in group=311.00
[TRAIN] Step 295/350 | 16:12:25
[TRAIN] Step 295 | Loss=0.808043 | Best makespan in group=485.00
[TRAIN] Step 296/350 | 16:12:44
[TRAIN] Step 296 | Loss=0.680914 | Best makespan in group=373.00
[TRAIN] Step 297/350 | 16:13:04
[TRAIN] Step 297 | Loss=0.672721 | Best makespan in group=380.00
[TRAIN] Step 298/350 | 16:13:26
[TRAIN] Step 298 | Loss=0.661419 | Best makespan in group=198.00
[TRAIN] Step 299/350 | 16:13:43
[TRAIN] Step 299 | Loss=0.665389 | Best makespan in group=319.00
[TRAIN] Step 300/350 | 16:18:57
[TRAIN] Step 300 | Loss=0.725580 | Best makespan in group=360.00
[TRAIN][VAL][ep 300] avg_gap=0.1812 | std_gap=0.1049 | q80_gap=0.2601 | n=20
[TRAIN] Step 301/350 | 16:27:22
[TRAIN] Step 301 | Loss=0.529401 | Best makespan in group=254.00
[TRAIN] Step 302/350 | 16:30:04
[TRAIN] Step 302 | Loss=0.602220 | Best makespan in group=441.00
[TRAIN] Step 303/350 | 16:30:59
[TRAIN] Step 303 | Loss=0.715141 | Best makespan in group=370.00
[TRAIN] Step 304/350 | 16:31:43
[TRAIN] Step 304 | Loss=0.727212 | Best makespan in group=367.00
[TRAIN] Step 305/350 | 16:32:34
[TRAIN] Step 305 | Loss=0.637690 | Best makespan in group=360.00
[TRAIN] Step 306/350 | 16:33:44
[TRAIN] Step 306 | Loss=0.598713 | Best makespan in group=333.00
[TRAIN] Step 307/350 | 16:34:34
[TRAIN] Step 307 | Loss=0.727248 | Best makespan in group=402.00
[TRAIN] Step 308/350 | 16:35:11
[TRAIN] Step 308 | Loss=0.693987 | Best makespan in group=346.00
[TRAIN] Step 309/350 | 16:35:34
[TRAIN] Step 309 | Loss=0.546084 | Best makespan in group=402.00
[TRAIN] Step 310/350 | 16:35:54
[TRAIN] Step 310 | Loss=0.621298 | Best makespan in group=315.00
[TRAIN] Step 311/350 | 16:36:16
[TRAIN] Step 311 | Loss=0.591815 | Best makespan in group=363.00
[TRAIN] Step 312/350 | 16:36:40
[TRAIN] Step 312 | Loss=0.711684 | Best makespan in group=408.00
[TRAIN] Step 313/350 | 16:36:59
[TRAIN] Step 313 | Loss=0.691894 | Best makespan in group=336.00
[TRAIN] Step 314/350 | 16:37:19
[TRAIN] Step 314 | Loss=0.573574 | Best makespan in group=284.00
[TRAIN] Step 315/350 | 16:37:51
[TRAIN] Step 315 | Loss=0.583236 | Best makespan in group=337.00
[TRAIN] Step 316/350 | 16:38:14
[TRAIN] Step 316 | Loss=0.699712 | Best makespan in group=485.00
[TRAIN] Step 317/350 | 16:38:34
[TRAIN] Step 317 | Loss=0.722508 | Best makespan in group=300.00
[TRAIN] Step 318/350 | 16:38:54
[TRAIN] Step 318 | Loss=0.627035 | Best makespan in group=407.00
[TRAIN] Step 319/350 | 16:39:13
[TRAIN] Step 319 | Loss=0.690598 | Best makespan in group=312.00
[TRAIN] Step 320/350 | 16:39:30
[TRAIN] Step 320 | Loss=0.683752 | Best makespan in group=358.00
[TRAIN] Step 321/350 | 16:39:50
[TRAIN] Step 321 | Loss=0.598566 | Best makespan in group=480.00
[TRAIN] Step 322/350 | 16:40:09
[TRAIN] Step 322 | Loss=0.608801 | Best makespan in group=368.00
[TRAIN] Step 323/350 | 16:40:32
[TRAIN] Step 323 | Loss=0.653560 | Best makespan in group=311.00
[TRAIN] Step 324/350 | 16:40:52
[TRAIN] Step 324 | Loss=0.593871 | Best makespan in group=302.00
[TRAIN] Step 325/350 | 16:41:12
[TRAIN] Step 325 | Loss=0.592881 | Best makespan in group=395.00
[TRAIN][VAL][ep 325] avg_gap=0.1623 | std_gap=0.0950 | q80_gap=0.2386 | n=20
[TRAIN] Step 326/350 | 16:42:08
[TRAIN] Step 326 | Loss=0.610730 | Best makespan in group=360.00
[TRAIN] Step 327/350 | 16:42:32
[TRAIN] Step 327 | Loss=0.673293 | Best makespan in group=336.00
[TRAIN] Step 328/350 | 16:42:52
[TRAIN] Step 328 | Loss=0.591819 | Best makespan in group=337.00
[TRAIN] Step 329/350 | 16:43:11
[TRAIN] Step 329 | Loss=0.580050 | Best makespan in group=426.00
[TRAIN] Step 330/350 | 16:43:30
[TRAIN] Step 330 | Loss=0.702905 | Best makespan in group=367.00
[TRAIN] Step 331/350 | 16:43:49
[TRAIN] Step 331 | Loss=0.654953 | Best makespan in group=323.00
[TRAIN] Step 332/350 | 16:44:13
[TRAIN] Step 332 | Loss=0.580381 | Best makespan in group=485.00
[TRAIN] Step 333/350 | 16:44:33
[TRAIN] Step 333 | Loss=0.581102 | Best makespan in group=198.00
[TRAIN] Step 334/350 | 16:44:50
[TRAIN] Step 334 | Loss=0.744448 | Best makespan in group=271.00
[TRAIN] Step 335/350 | 16:45:19
[TRAIN] Step 335 | Loss=0.524184 | Best makespan in group=312.00
[TRAIN] Step 336/350 | 16:45:40
[TRAIN] Step 336 | Loss=0.637117 | Best makespan in group=246.00
[TRAIN] Step 337/350 | 16:46:02
[TRAIN] Step 337 | Loss=0.620231 | Best makespan in group=402.00
[TRAIN] Step 338/350 | 16:46:22
[TRAIN] Step 338 | Loss=0.810759 | Best makespan in group=441.00
[TRAIN] Step 339/350 | 16:46:45
[TRAIN] Step 339 | Loss=0.645533 | Best makespan in group=350.00
[TRAIN] Step 340/350 | 16:47:00
[TRAIN] Step 340 | Loss=0.577018 | Best makespan in group=415.00
[TRAIN] Step 341/350 | 16:47:21
[TRAIN] Step 341 | Loss=0.640399 | Best makespan in group=361.00
[TRAIN] Step 342/350 | 16:47:40
[TRAIN] Step 342 | Loss=0.614421 | Best makespan in group=342.00
[TRAIN] Step 343/350 | 16:48:01
[TRAIN] Step 343 | Loss=0.764390 | Best makespan in group=321.00
[TRAIN] Step 344/350 | 16:48:20
[TRAIN] Step 344 | Loss=0.766940 | Best makespan in group=356.00
[TRAIN] Step 345/350 | 16:48:45
[TRAIN] Step 345 | Loss=0.682686 | Best makespan in group=400.00
[TRAIN] Step 346/350 | 16:49:07
[TRAIN] Step 346 | Loss=0.640768 | Best makespan in group=518.00
[TRAIN] Step 347/350 | 16:49:22
[TRAIN] Step 347 | Loss=0.666425 | Best makespan in group=380.00
[TRAIN] Step 348/350 | 16:49:43
[TRAIN] Step 348 | Loss=0.670866 | Best makespan in group=409.00
[TRAIN] Step 349/350 | 16:50:00
[TRAIN] Step 349 | Loss=0.607209 | Best makespan in group=338.00
[TRAIN] Step 350/350 | 16:50:22
[TRAIN] Step 350 | Loss=0.587213 | Best makespan in group=371.00
[TRAIN][VAL][ep 350] avg_gap=0.1734 | std_gap=0.1129 | q80_gap=0.2404 | n=20
[TRAIN] Evaluating best checkpoint (candidate_models/255475133880190.pth) on the held-out test split...
[TRAIN][TEST] avg_gap=0.1104 | std_gap=0.0829 | q80_gap=0.1855 | n=20
[TRAIN][16:51:52] Training ended. Validation history and plots updated.
