D:\Dissertação\dissertation-bopo_introduction\venv\Lib\site-packages\torch\jit\_script.py:1485: FutureWarning: `torch.jit.script` is not supported in Python 3.14+ and may break. Please switch to `torch.compile` or `torch.export`.
  warnings.warn(
============================================================
[TRAIN] Training started at: 2026-09-30 19:38:39
[TRAIN] Hyperparams | max_steps=350 | new_freq=200
[TRAIN]             | n_cases=30 | B=32 | K=10 | use_greedy=True | lr=0.0047 (decaying to 9.40e-04)
[TRAIN]             | warm_start_steps=200 | checkpoint_smooth_window=3 | seed=43
[TRAIN]             | hidden_channels=128 | num_layers=2 | heads=3
[TRAIN]             | logp_norm=mean | exclude_greedy_from_loss=True
[TRAIN] Representation | ojmb_node_v2 | GNN | gat | jm_design | edges
[TRAIN] Device | cuda:0 (NVIDIA GeForce GTX 1650 Ti)
[TRAIN] Problem size | jobs=[8,10] | machines=[5,10] | ops_per_job=[5,6] | max_proc=100
============================================================
[TRAIN] Output run folder: results\batching_gat_L2_ojmb_node_v2_s43_steps
[TRAIN] Validation config | every=25 steps | instances=20 (representative subset)
[TRAIN][TEACHER] validation avg_gap=0.5033 | q80_gap=0.6593 || test avg_gap=0.4287 | q80_gap=0.6096
[TRAIN] Step metrics | every step on 4 validation instance(s) (bat001, bat003, bat005, bat007) -> results\batching_gat_L2_ojmb_node_v2_s43_steps\step_metrics.json
[TRAIN] Warm-start (behavior cloning vs. dispatch heuristic) | 200 step(s)...
[TRAIN][WARMSTART] step 10/200 | instance=10 | bc_loss=2.0044 | decisions=45
[TRAIN][WARMSTART] step 20/200 | instance=2 | bc_loss=1.5691 | decisions=43
[TRAIN][WARMSTART] step 30/200 | instance=14 | bc_loss=1.6197 | decisions=43
[TRAIN][WARMSTART] step 40/200 | instance=27 | bc_loss=1.5074 | decisions=47
[TRAIN][WARMSTART] step 50/200 | instance=28 | bc_loss=1.2946 | decisions=43
[TRAIN][WARMSTART] step 60/200 | instance=27 | bc_loss=1.3501 | decisions=47
[TRAIN][WARMSTART] step 70/200 | instance=16 | bc_loss=1.2625 | decisions=46
[TRAIN][WARMSTART] step 80/200 | instance=23 | bc_loss=1.0576 | decisions=37
[TRAIN][WARMSTART] step 90/200 | instance=7 | bc_loss=1.4206 | decisions=51
[TRAIN][WARMSTART] step 100/200 | instance=16 | bc_loss=0.9969 | decisions=46
[TRAIN][WARMSTART] step 110/200 | instance=17 | bc_loss=0.9575 | decisions=46
[TRAIN][WARMSTART] step 120/200 | instance=5 | bc_loss=1.4102 | decisions=52
[TRAIN][WARMSTART] step 130/200 | instance=23 | bc_loss=1.0125 | decisions=37
[TRAIN][WARMSTART] step 140/200 | instance=18 | bc_loss=1.1247 | decisions=39
[TRAIN][WARMSTART] step 150/200 | instance=24 | bc_loss=0.9707 | decisions=47
[TRAIN][WARMSTART] step 160/200 | instance=27 | bc_loss=1.0409 | decisions=47
[TRAIN][WARMSTART] step 170/200 | instance=20 | bc_loss=1.0192 | decisions=47
[TRAIN][WARMSTART] step 180/200 | instance=28 | bc_loss=0.9418 | decisions=43
[TRAIN][WARMSTART] step 190/200 | instance=9 | bc_loss=1.1625 | decisions=37
[TRAIN][WARMSTART] step 200/200 | instance=19 | bc_loss=0.8398 | decisions=47
[TRAIN] Warm-start complete, switching to BOPO preference optimization.
------------------------------------------------------------
[TRAIN] BOPO agent ready. Starting training loop for 350 step(s)...
------------------------------------------------------------
[TRAIN] Step 1/350 | 19:49:58
[TRAIN] Step 1 | Loss=0.811572 | Best makespan in group=436.00
[TRAIN] Step 2/350 | 19:50:37
[TRAIN] Step 2 | Loss=0.666846 | Best makespan in group=330.00
[TRAIN] Step 3/350 | 19:51:22
[TRAIN] Step 3 | Loss=0.897245 | Best makespan in group=327.00
[TRAIN] Step 4/350 | 19:52:04
[TRAIN] Step 4 | Loss=0.758506 | Best makespan in group=380.00
[TRAIN] Step 5/350 | 19:52:43
[TRAIN] Step 5 | Loss=0.680407 | Best makespan in group=497.00
[TRAIN] Step 6/350 | 19:53:27
[TRAIN] Step 6 | Loss=0.900307 | Best makespan in group=510.00
[TRAIN] Step 7/350 | 19:54:05
[TRAIN] Step 7 | Loss=0.650749 | Best makespan in group=478.00
[TRAIN] Step 8/350 | 19:54:45
[TRAIN] Step 8 | Loss=0.607191 | Best makespan in group=361.00
[TRAIN] Step 9/350 | 19:55:28
[TRAIN] Step 9 | Loss=0.658089 | Best makespan in group=486.00
[TRAIN] Step 10/350 | 19:56:09
[TRAIN] Step 10 | Loss=0.725150 | Best makespan in group=371.00
[TRAIN] Step 11/350 | 19:56:49
[TRAIN] Step 11 | Loss=0.693381 | Best makespan in group=514.00
[TRAIN] Step 12/350 | 19:57:31
[TRAIN] Step 12 | Loss=0.731780 | Best makespan in group=393.00
[TRAIN] Step 13/350 | 19:58:10
[TRAIN] Step 13 | Loss=0.793374 | Best makespan in group=374.00
[TRAIN] Step 14/350 | 19:58:47
[TRAIN] Step 14 | Loss=0.874354 | Best makespan in group=354.00
[TRAIN] Step 15/350 | 19:59:28
[TRAIN] Step 15 | Loss=0.606325 | Best makespan in group=517.00
[TRAIN] Step 16/350 | 20:00:05
[TRAIN] Step 16 | Loss=0.672203 | Best makespan in group=443.00
[TRAIN] Step 17/350 | 20:00:43
[TRAIN] Step 17 | Loss=0.572554 | Best makespan in group=353.00
[TRAIN] Step 18/350 | 20:01:22
[TRAIN] Step 18 | Loss=0.741805 | Best makespan in group=373.00
[TRAIN] Step 19/350 | 20:02:05
[TRAIN] Step 19 | Loss=0.866687 | Best makespan in group=354.00
[TRAIN] Step 20/350 | 20:02:48
[TRAIN] Step 20 | Loss=0.548661 | Best makespan in group=454.00
[TRAIN] Step 21/350 | 20:03:29
[TRAIN] Step 21 | Loss=0.807768 | Best makespan in group=336.00
[TRAIN] Step 22/350 | 20:04:06
[TRAIN] Step 22 | Loss=0.607781 | Best makespan in group=447.00
[TRAIN] Step 23/350 | 20:04:47
[TRAIN] Step 23 | Loss=0.697324 | Best makespan in group=361.00
[TRAIN] Step 24/350 | 20:05:26
[TRAIN] Step 24 | Loss=0.929126 | Best makespan in group=540.00
[TRAIN] Step 25/350 | 20:06:06
[TRAIN] Step 25 | Loss=0.901672 | Best makespan in group=404.00
[TRAIN][VAL][ep 25] avg_gap=0.4059 | std_gap=0.2442 | q80_gap=0.6435 | n=20
[TRAIN] Validation improved | smoothed_avg_gap=0.4059 (raw=0.4059) | saving candidate: 887308514145804.pth
[TRAIN] Step 26/350 | 20:07:33
[TRAIN] Step 26 | Loss=0.761445 | Best makespan in group=363.00
[TRAIN] Step 27/350 | 20:08:10
[TRAIN] Step 27 | Loss=0.639725 | Best makespan in group=370.00
[TRAIN] Step 28/350 | 20:08:47
[TRAIN] Step 28 | Loss=0.777573 | Best makespan in group=371.00
[TRAIN] Step 29/350 | 20:09:26
[TRAIN] Step 29 | Loss=0.711261 | Best makespan in group=304.00
[TRAIN] Step 30/350 | 20:10:04
[TRAIN] Step 30 | Loss=0.701189 | Best makespan in group=472.00
[TRAIN] Step 31/350 | 20:10:43
[TRAIN] Step 31 | Loss=0.801378 | Best makespan in group=473.00
[TRAIN] Step 32/350 | 20:11:24
[TRAIN] Step 32 | Loss=0.771137 | Best makespan in group=507.00
[TRAIN] Step 33/350 | 20:12:06
[TRAIN] Step 33 | Loss=0.592078 | Best makespan in group=368.00
[TRAIN] Step 34/350 | 20:12:49
[TRAIN] Step 34 | Loss=0.676938 | Best makespan in group=427.00
[TRAIN] Step 35/350 | 20:13:30
[TRAIN] Step 35 | Loss=0.764766 | Best makespan in group=506.00
[TRAIN] Step 36/350 | 20:14:11
[TRAIN] Step 36 | Loss=0.794353 | Best makespan in group=344.00
[TRAIN] Step 37/350 | 20:14:47
[TRAIN] Step 37 | Loss=0.787451 | Best makespan in group=388.00
[TRAIN] Step 38/350 | 20:15:31
[TRAIN] Step 38 | Loss=0.754155 | Best makespan in group=390.00
[TRAIN] Step 39/350 | 20:16:09
[TRAIN] Step 39 | Loss=0.693976 | Best makespan in group=390.00
[TRAIN] Step 40/350 | 20:16:48
[TRAIN] Step 40 | Loss=0.885791 | Best makespan in group=334.00
[TRAIN] Step 41/350 | 20:17:30
[TRAIN] Step 41 | Loss=0.675184 | Best makespan in group=357.00
[TRAIN] Step 42/350 | 20:18:11
[TRAIN] Step 42 | Loss=0.729699 | Best makespan in group=353.00
[TRAIN] Step 43/350 | 20:18:49
[TRAIN] Step 43 | Loss=1.009030 | Best makespan in group=362.00
[TRAIN] Step 44/350 | 20:19:25
[TRAIN] Step 44 | Loss=0.727926 | Best makespan in group=354.00
[TRAIN] Step 45/350 | 20:20:03
[TRAIN] Step 45 | Loss=0.788929 | Best makespan in group=382.00
[TRAIN] Step 46/350 | 20:20:43
[TRAIN] Step 46 | Loss=0.617215 | Best makespan in group=378.00
[TRAIN] Step 47/350 | 20:21:24
[TRAIN] Step 47 | Loss=0.674625 | Best makespan in group=302.00
[TRAIN] Step 48/350 | 20:22:02
[TRAIN] Step 48 | Loss=0.665212 | Best makespan in group=372.00
[TRAIN] Step 49/350 | 20:22:41
[TRAIN] Step 49 | Loss=0.735628 | Best makespan in group=347.00
[TRAIN] Step 50/350 | 20:23:24
[TRAIN] Step 50 | Loss=0.740214 | Best makespan in group=443.00
[TRAIN][VAL][ep 50] avg_gap=0.3486 | std_gap=0.1699 | q80_gap=0.4644 | n=20
[TRAIN] Validation improved | smoothed_avg_gap=0.3772 (raw=0.3486) | saving candidate: 921851577284658.pth
[TRAIN] Step 51/350 | 20:24:48
[TRAIN] Step 51 | Loss=0.860301 | Best makespan in group=475.00
[TRAIN] Step 52/350 | 20:25:27
[TRAIN] Step 52 | Loss=0.671317 | Best makespan in group=479.00
[TRAIN] Step 53/350 | 20:26:03
[TRAIN] Step 53 | Loss=0.765110 | Best makespan in group=352.00
[TRAIN] Step 54/350 | 20:26:46
[TRAIN] Step 54 | Loss=0.628067 | Best makespan in group=366.00
[TRAIN] Step 55/350 | 20:27:23
[TRAIN] Step 55 | Loss=0.733706 | Best makespan in group=459.00
[TRAIN] Step 56/350 | 20:28:01
[TRAIN] Step 56 | Loss=0.704581 | Best makespan in group=484.00
[TRAIN] Step 57/350 | 20:28:40
[TRAIN] Step 57 | Loss=0.692619 | Best makespan in group=309.00
[TRAIN] Step 58/350 | 20:29:24
[TRAIN] Step 58 | Loss=0.829350 | Best makespan in group=451.00
[TRAIN] Step 59/350 | 20:30:10
[TRAIN] Step 59 | Loss=0.785809 | Best makespan in group=498.00
[TRAIN] Step 60/350 | 20:30:50
[TRAIN] Step 60 | Loss=0.761646 | Best makespan in group=351.00
[TRAIN] Step 61/350 | 20:31:27
[TRAIN] Step 61 | Loss=0.641620 | Best makespan in group=349.00
[TRAIN] Step 62/350 | 20:32:09
[TRAIN] Step 62 | Loss=0.596524 | Best makespan in group=305.00
[TRAIN] Step 63/350 | 20:32:53
[TRAIN] Step 63 | Loss=0.621666 | Best makespan in group=361.00
[TRAIN] Step 64/350 | 20:33:31
[TRAIN] Step 64 | Loss=0.660192 | Best makespan in group=487.00
[TRAIN] Step 65/350 | 20:34:13
[TRAIN] Step 65 | Loss=0.724524 | Best makespan in group=502.00
[TRAIN] Step 66/350 | 20:34:55
[TRAIN] Step 66 | Loss=0.636138 | Best makespan in group=391.00
[TRAIN] Step 67/350 | 20:35:34
[TRAIN] Step 67 | Loss=0.828783 | Best makespan in group=489.00
[TRAIN] Step 68/350 | 20:36:14
[TRAIN] Step 68 | Loss=0.731884 | Best makespan in group=460.00
[TRAIN] Step 69/350 | 20:37:00
[TRAIN] Step 69 | Loss=0.503438 | Best makespan in group=465.00
[TRAIN] Step 70/350 | 20:37:39
[TRAIN] Step 70 | Loss=0.538963 | Best makespan in group=422.00
[TRAIN] Step 71/350 | 20:38:20
[TRAIN] Step 71 | Loss=0.782476 | Best makespan in group=365.00
[TRAIN] Step 72/350 | 20:39:01
[TRAIN] Step 72 | Loss=0.633225 | Best makespan in group=453.00
[TRAIN] Step 73/350 | 20:39:42
[TRAIN] Step 73 | Loss=0.759852 | Best makespan in group=354.00
[TRAIN] Step 74/350 | 20:40:21
[TRAIN] Step 74 | Loss=0.667581 | Best makespan in group=438.00
[TRAIN] Step 75/350 | 20:40:59
[TRAIN] Step 75 | Loss=0.769840 | Best makespan in group=391.00
[TRAIN][VAL][ep 75] avg_gap=0.2529 | std_gap=0.1446 | q80_gap=0.3471 | n=20
[TRAIN] Validation improved | smoothed_avg_gap=0.3358 (raw=0.2529) | saving candidate: 151018408860451.pth
[TRAIN] Step 76/350 | 20:42:28
[TRAIN] Step 76 | Loss=0.728249 | Best makespan in group=367.00
[TRAIN] Step 77/350 | 20:43:12
[TRAIN] Step 77 | Loss=0.633486 | Best makespan in group=364.00
[TRAIN] Step 78/350 | 20:43:51
[TRAIN] Step 78 | Loss=0.681124 | Best makespan in group=349.00
[TRAIN] Step 79/350 | 20:44:30
[TRAIN] Step 79 | Loss=0.721837 | Best makespan in group=328.00
[TRAIN] Step 80/350 | 20:45:14
[TRAIN] Step 80 | Loss=0.716921 | Best makespan in group=306.00
[TRAIN] Step 81/350 | 20:45:52
[TRAIN] Step 81 | Loss=0.614529 | Best makespan in group=360.00
[TRAIN] Step 82/350 | 20:46:28
[TRAIN] Step 82 | Loss=0.724758 | Best makespan in group=365.00
[TRAIN] Step 83/350 | 20:47:06
[TRAIN] Step 83 | Loss=0.774693 | Best makespan in group=342.00
[TRAIN] Step 84/350 | 20:47:50
[TRAIN] Step 84 | Loss=0.735387 | Best makespan in group=390.00
[TRAIN] Step 85/350 | 20:48:30
[TRAIN] Step 85 | Loss=0.672736 | Best makespan in group=324.00
[TRAIN] Step 86/350 | 20:49:14
[TRAIN] Step 86 | Loss=0.693461 | Best makespan in group=336.00
[TRAIN] Step 87/350 | 20:49:51
[TRAIN] Step 87 | Loss=0.711791 | Best makespan in group=356.00
[TRAIN] Step 88/350 | 20:50:30
[TRAIN] Step 88 | Loss=0.731022 | Best makespan in group=485.00
[TRAIN] Step 89/350 | 20:51:07
[TRAIN] Step 89 | Loss=0.680419 | Best makespan in group=414.00
[TRAIN] Step 90/350 | 20:51:49
[TRAIN] Step 90 | Loss=0.699543 | Best makespan in group=461.00
[TRAIN] Step 91/350 | 20:52:27
[TRAIN] Step 91 | Loss=0.614406 | Best makespan in group=503.00
[TRAIN] Step 92/350 | 20:53:08
[TRAIN] Step 92 | Loss=0.621181 | Best makespan in group=494.00
[TRAIN] Step 93/350 | 20:53:43
[TRAIN] Step 93 | Loss=0.723767 | Best makespan in group=390.00
[TRAIN] Step 94/350 | 20:54:22
[TRAIN] Step 94 | Loss=0.695773 | Best makespan in group=359.00
[TRAIN] Step 95/350 | 20:55:05
[TRAIN] Step 95 | Loss=0.698653 | Best makespan in group=467.00
[TRAIN] Step 96/350 | 20:55:47
[TRAIN] Step 96 | Loss=0.613728 | Best makespan in group=428.00
[TRAIN] Step 97/350 | 20:56:27
[TRAIN] Step 97 | Loss=0.659463 | Best makespan in group=364.00
[TRAIN] Step 98/350 | 20:57:08
[TRAIN] Step 98 | Loss=0.637911 | Best makespan in group=429.00
[TRAIN] Step 99/350 | 20:57:54
[TRAIN] Step 99 | Loss=0.916035 | Best makespan in group=296.00
[TRAIN] Step 100/350 | 20:58:32
[TRAIN] Step 100 | Loss=0.569277 | Best makespan in group=304.00
[TRAIN][VAL][ep 100] avg_gap=0.1835 | std_gap=0.1150 | q80_gap=0.2553 | n=20
[TRAIN] Validation improved | smoothed_avg_gap=0.2616 (raw=0.1835) | saving candidate: 329236550466507.pth
[TRAIN] Step 101/350 | 20:59:58
[TRAIN] Step 101 | Loss=0.637168 | Best makespan in group=425.00
[TRAIN] Step 102/350 | 21:00:39
[TRAIN] Step 102 | Loss=0.649863 | Best makespan in group=343.00
[TRAIN] Step 103/350 | 21:01:17
[TRAIN] Step 103 | Loss=0.632536 | Best makespan in group=440.00
[TRAIN] Step 104/350 | 21:01:58
[TRAIN] Step 104 | Loss=0.686415 | Best makespan in group=445.00
[TRAIN] Step 105/350 | 21:02:36
[TRAIN] Step 105 | Loss=0.681875 | Best makespan in group=342.00
[TRAIN] Step 106/350 | 21:03:13
[TRAIN] Step 106 | Loss=0.730204 | Best makespan in group=331.00
[TRAIN] Step 107/350 | 21:03:48
[TRAIN] Step 107 | Loss=0.671063 | Best makespan in group=346.00
[TRAIN] Step 108/350 | 21:04:26
[TRAIN] Step 108 | Loss=0.670001 | Best makespan in group=330.00
[TRAIN] Step 109/350 | 21:05:09
[TRAIN] Step 109 | Loss=0.764926 | Best makespan in group=342.00
[TRAIN] Step 110/350 | 21:05:46
[TRAIN] Step 110 | Loss=0.729494 | Best makespan in group=322.00
[TRAIN] Step 111/350 | 21:06:29
[TRAIN] Step 111 | Loss=0.646939 | Best makespan in group=426.00
[TRAIN] Step 112/350 | 21:07:07
[TRAIN] Step 112 | Loss=0.743334 | Best makespan in group=353.00
[TRAIN] Step 113/350 | 21:07:45
[TRAIN] Step 113 | Loss=0.814371 | Best makespan in group=358.00
[TRAIN] Step 114/350 | 21:08:20
[TRAIN] Step 114 | Loss=0.665299 | Best makespan in group=413.00
[TRAIN] Step 115/350 | 21:09:01
[TRAIN] Step 115 | Loss=0.718842 | Best makespan in group=340.00
[TRAIN] Step 116/350 | 21:09:41
[TRAIN] Step 116 | Loss=0.676198 | Best makespan in group=300.00
[TRAIN] Step 117/350 | 21:10:26
[TRAIN] Step 117 | Loss=0.637195 | Best makespan in group=463.00
[TRAIN] Step 118/350 | 21:11:04
[TRAIN] Step 118 | Loss=0.608525 | Best makespan in group=337.00
[TRAIN] Step 119/350 | 21:11:45
[TRAIN] Step 119 | Loss=0.656838 | Best makespan in group=380.00
[TRAIN] Step 120/350 | 21:12:30
[TRAIN] Step 120 | Loss=0.659242 | Best makespan in group=376.00
[TRAIN] Step 121/350 | 21:13:09
[TRAIN] Step 121 | Loss=0.599784 | Best makespan in group=425.00
[TRAIN] Step 122/350 | 21:13:53
[TRAIN] Step 122 | Loss=0.619101 | Best makespan in group=297.00
[TRAIN] Step 123/350 | 21:14:36
[TRAIN] Step 123 | Loss=0.617479 | Best makespan in group=437.00
[TRAIN] Step 124/350 | 21:15:16
[TRAIN] Step 124 | Loss=0.544776 | Best makespan in group=487.00
[TRAIN] Step 125/350 | 21:15:52
[TRAIN] Step 125 | Loss=0.583212 | Best makespan in group=360.00
[TRAIN][VAL][ep 125] avg_gap=0.2056 | std_gap=0.1274 | q80_gap=0.2957 | n=20
[TRAIN] Validation improved | smoothed_avg_gap=0.2140 (raw=0.2056) | saving candidate: 554714756976436.pth
[TRAIN] Step 126/350 | 21:17:19
[TRAIN] Step 126 | Loss=0.582019 | Best makespan in group=310.00
[TRAIN] Step 127/350 | 21:18:01
[TRAIN] Step 127 | Loss=0.676802 | Best makespan in group=425.00
[TRAIN] Step 128/350 | 21:18:39
[TRAIN] Step 128 | Loss=0.794700 | Best makespan in group=390.00
[TRAIN] Step 129/350 | 21:19:17
[TRAIN] Step 129 | Loss=0.570839 | Best makespan in group=402.00
[TRAIN] Step 130/350 | 21:19:57
[TRAIN] Step 130 | Loss=0.625586 | Best makespan in group=417.00
[TRAIN] Step 131/350 | 21:20:36
[TRAIN] Step 131 | Loss=0.629484 | Best makespan in group=469.00
[TRAIN] Step 132/350 | 21:21:16
[TRAIN] Step 132 | Loss=0.647582 | Best makespan in group=349.00
[TRAIN] Step 133/350 | 21:21:53
[TRAIN] Step 133 | Loss=0.623165 | Best makespan in group=298.00
[TRAIN] Step 134/350 | 21:22:29
[TRAIN] Step 134 | Loss=0.545527 | Best makespan in group=378.00
[TRAIN] Step 135/350 | 21:23:12
[TRAIN] Step 135 | Loss=0.513206 | Best makespan in group=349.00
[TRAIN] Step 136/350 | 21:23:48
[TRAIN] Step 136 | Loss=0.648025 | Best makespan in group=343.00
[TRAIN] Step 137/350 | 21:24:27
[TRAIN] Step 137 | Loss=0.671719 | Best makespan in group=365.00
[TRAIN] Step 138/350 | 21:25:06
[TRAIN] Step 138 | Loss=0.668787 | Best makespan in group=487.00
[TRAIN] Step 139/350 | 21:25:45
[TRAIN] Step 139 | Loss=0.665374 | Best makespan in group=320.00
[TRAIN] Step 140/350 | 21:26:28
[TRAIN] Step 140 | Loss=0.634500 | Best makespan in group=334.00
[TRAIN] Step 141/350 | 21:27:03
[TRAIN] Step 141 | Loss=0.725543 | Best makespan in group=346.00
[TRAIN] Step 142/350 | 21:27:44
[TRAIN] Step 142 | Loss=0.483418 | Best makespan in group=467.00
[TRAIN] Step 143/350 | 21:28:24
[TRAIN] Step 143 | Loss=0.611224 | Best makespan in group=352.00
[TRAIN] Step 144/350 | 21:29:02
[TRAIN] Step 144 | Loss=0.785470 | Best makespan in group=328.00
[TRAIN] Step 145/350 | 21:29:40
[TRAIN] Step 145 | Loss=0.674495 | Best makespan in group=344.00
[TRAIN] Step 146/350 | 21:30:18
[TRAIN] Step 146 | Loss=0.581507 | Best makespan in group=422.00
[TRAIN] Step 147/350 | 21:30:58
[TRAIN] Step 147 | Loss=0.791676 | Best makespan in group=333.00
[TRAIN] Step 148/350 | 21:31:41
[TRAIN] Step 148 | Loss=0.720962 | Best makespan in group=366.00
[TRAIN] Step 149/350 | 21:32:20
[TRAIN] Step 149 | Loss=0.682257 | Best makespan in group=380.00
[TRAIN] Step 150/350 | 21:32:57
[TRAIN] Step 150 | Loss=0.593101 | Best makespan in group=428.00
[TRAIN][VAL][ep 150] avg_gap=0.1807 | std_gap=0.0763 | q80_gap=0.2468 | n=20
[TRAIN] Validation improved | smoothed_avg_gap=0.1899 (raw=0.1807) | saving candidate: 821119359934028.pth
[TRAIN] Step 151/350 | 21:34:18
[TRAIN] Step 151 | Loss=0.557303 | Best makespan in group=334.00
[TRAIN] Step 152/350 | 21:34:55
[TRAIN] Step 152 | Loss=0.690973 | Best makespan in group=365.00
[TRAIN] Step 153/350 | 21:35:35
[TRAIN] Step 153 | Loss=0.805032 | Best makespan in group=454.00
[TRAIN] Step 154/350 | 21:36:15
[TRAIN] Step 154 | Loss=0.796172 | Best makespan in group=322.00
[TRAIN] Step 155/350 | 21:36:59
[TRAIN] Step 155 | Loss=0.555170 | Best makespan in group=478.00
[TRAIN] Step 156/350 | 21:37:40
[TRAIN] Step 156 | Loss=0.627103 | Best makespan in group=298.00
[TRAIN] Step 157/350 | 21:38:17
[TRAIN] Step 157 | Loss=0.794827 | Best makespan in group=432.00
[TRAIN] Step 158/350 | 21:39:02
[TRAIN] Step 158 | Loss=0.669941 | Best makespan in group=412.00
[TRAIN] Step 159/350 | 21:39:42
[TRAIN] Step 159 | Loss=0.613546 | Best makespan in group=490.00
[TRAIN] Step 160/350 | 21:40:21
[TRAIN] Step 160 | Loss=0.620166 | Best makespan in group=459.00
[TRAIN] Step 161/350 | 21:41:02
[TRAIN] Step 161 | Loss=0.714201 | Best makespan in group=344.00
[TRAIN] Step 162/350 | 21:41:41
[TRAIN] Step 162 | Loss=0.636711 | Best makespan in group=428.00
[TRAIN] Step 163/350 | 21:42:19
[TRAIN] Step 163 | Loss=0.710409 | Best makespan in group=329.00
[TRAIN] Step 164/350 | 21:42:56
[TRAIN] Step 164 | Loss=0.664044 | Best makespan in group=348.00
[TRAIN] Step 165/350 | 21:43:39
[TRAIN] Step 165 | Loss=0.534597 | Best makespan in group=344.00
[TRAIN] Step 166/350 | 21:44:16
[TRAIN] Step 166 | Loss=0.561232 | Best makespan in group=409.00
[TRAIN] Step 167/350 | 21:44:55
[TRAIN] Step 167 | Loss=0.660419 | Best makespan in group=339.00
[TRAIN] Step 168/350 | 21:45:36
[TRAIN] Step 168 | Loss=0.800984 | Best makespan in group=328.00
[TRAIN] Step 169/350 | 21:46:19
[TRAIN] Step 169 | Loss=0.673657 | Best makespan in group=390.00
[TRAIN] Step 170/350 | 21:46:58
[TRAIN] Step 170 | Loss=0.666679 | Best makespan in group=435.00
[TRAIN] Step 171/350 | 21:47:36
[TRAIN] Step 171 | Loss=0.634984 | Best makespan in group=437.00
[TRAIN] Step 172/350 | 21:48:13
[TRAIN] Step 172 | Loss=0.719075 | Best makespan in group=305.00
[TRAIN] Step 173/350 | 21:48:56
[TRAIN] Step 173 | Loss=0.545766 | Best makespan in group=360.00
[TRAIN] Step 174/350 | 21:49:34
[TRAIN] Step 174 | Loss=0.496019 | Best makespan in group=444.00
[TRAIN] Step 175/350 | 21:50:10
[TRAIN] Step 175 | Loss=0.753105 | Best makespan in group=358.00
[TRAIN][VAL][ep 175] avg_gap=0.1956 | std_gap=0.0879 | q80_gap=0.2753 | n=20
[TRAIN] Step 176/350 | 21:51:29
[TRAIN] Step 176 | Loss=0.649805 | Best makespan in group=358.00
[TRAIN] Step 177/350 | 21:52:07
[TRAIN] Step 177 | Loss=0.569691 | Best makespan in group=296.00
[TRAIN] Step 178/350 | 21:52:53
[TRAIN] Step 178 | Loss=0.568402 | Best makespan in group=365.00
[TRAIN] Step 179/350 | 21:53:29
[TRAIN] Step 179 | Loss=0.730204 | Best makespan in group=352.00
[TRAIN] Step 180/350 | 21:54:07
[TRAIN] Step 180 | Loss=0.644548 | Best makespan in group=378.00
[TRAIN] Step 181/350 | 21:54:50
[TRAIN] Step 181 | Loss=0.589260 | Best makespan in group=311.00
[TRAIN] Step 182/350 | 21:55:33
[TRAIN] Step 182 | Loss=0.708730 | Best makespan in group=365.00
[TRAIN] Step 183/350 | 21:56:09
[TRAIN] Step 183 | Loss=0.609689 | Best makespan in group=484.00
[TRAIN] Step 184/350 | 21:56:48
[TRAIN] Step 184 | Loss=0.675548 | Best makespan in group=475.00
[TRAIN] Step 185/350 | 21:57:28
[TRAIN] Step 185 | Loss=0.641037 | Best makespan in group=391.00
[TRAIN] Step 186/350 | 21:58:07
[TRAIN] Step 186 | Loss=0.682420 | Best makespan in group=457.00
[TRAIN] Step 187/350 | 21:58:44
[TRAIN] Step 187 | Loss=0.643591 | Best makespan in group=374.00
[TRAIN] Step 188/350 | 21:59:23
[TRAIN] Step 188 | Loss=0.675901 | Best makespan in group=487.00
[TRAIN] Step 189/350 | 22:00:03
[TRAIN] Step 189 | Loss=0.584209 | Best makespan in group=470.00
[TRAIN] Step 190/350 | 22:00:39
[TRAIN] Step 190 | Loss=0.696865 | Best makespan in group=433.00
[TRAIN] Step 191/350 | 22:01:20
[TRAIN] Step 191 | Loss=0.538575 | Best makespan in group=436.00
[TRAIN] Step 192/350 | 22:02:01
[TRAIN] Step 192 | Loss=0.679223 | Best makespan in group=416.00
[TRAIN] Step 193/350 | 22:02:42
[TRAIN] Step 193 | Loss=0.691357 | Best makespan in group=438.00
[TRAIN] Step 194/350 | 22:03:28
[TRAIN] Step 194 | Loss=0.660616 | Best makespan in group=354.00
[TRAIN] Step 195/350 | 22:04:11
[TRAIN] Step 195 | Loss=0.578588 | Best makespan in group=426.00
[TRAIN] Step 196/350 | 22:04:49
[TRAIN] Step 196 | Loss=0.601827 | Best makespan in group=328.00
[TRAIN] Step 197/350 | 22:05:33
[TRAIN] Step 197 | Loss=0.683680 | Best makespan in group=435.00
[TRAIN] Step 198/350 | 22:06:12
[TRAIN] Step 198 | Loss=0.803954 | Best makespan in group=379.00
[TRAIN] Step 199/350 | 22:06:56
[TRAIN] Step 199 | Loss=0.700060 | Best makespan in group=340.00
[TRAIN] Step 200/350 | 22:07:35
[TRAIN] Step 200 | Loss=0.496265 | Best makespan in group=323.00
[TRAIN] Refreshing training instances (step 200)...
[TRAIN][VAL][ep 200] avg_gap=0.1879 | std_gap=0.1103 | q80_gap=0.2961 | n=20
[TRAIN] Validation improved | smoothed_avg_gap=0.1881 (raw=0.1879) | saving candidate: 902418671079639.pth
[TRAIN] Step 201/350 | 22:09:03
[TRAIN] Step 201 | Loss=0.627304 | Best makespan in group=371.00
[TRAIN] Step 202/350 | 22:09:44
[TRAIN] Step 202 | Loss=0.545309 | Best makespan in group=390.00
[TRAIN] Step 203/350 | 22:10:20
[TRAIN] Step 203 | Loss=0.831150 | Best makespan in group=406.00
[TRAIN] Step 204/350 | 22:10:57
[TRAIN] Step 204 | Loss=0.721544 | Best makespan in group=270.00
[TRAIN] Step 205/350 | 22:11:33
[TRAIN] Step 205 | Loss=0.747279 | Best makespan in group=536.00
[TRAIN] Step 206/350 | 22:12:14
[TRAIN] Step 206 | Loss=0.600181 | Best makespan in group=567.00
[TRAIN] Step 207/350 | 22:12:53
[TRAIN] Step 207 | Loss=0.844232 | Best makespan in group=375.00
[TRAIN] Step 208/350 | 22:13:34
[TRAIN] Step 208 | Loss=0.655284 | Best makespan in group=319.00
[TRAIN] Step 209/350 | 22:14:16
[TRAIN] Step 209 | Loss=0.575682 | Best makespan in group=330.00
[TRAIN] Step 210/350 | 22:14:51
[TRAIN] Step 210 | Loss=0.640078 | Best makespan in group=352.00
[TRAIN] Step 211/350 | 22:15:31
[TRAIN] Step 211 | Loss=0.793832 | Best makespan in group=378.00
[TRAIN] Step 212/350 | 22:16:11
[TRAIN] Step 212 | Loss=0.617194 | Best makespan in group=324.00
[TRAIN] Step 213/350 | 22:16:50
[TRAIN] Step 213 | Loss=0.635839 | Best makespan in group=444.00
[TRAIN] Step 214/350 | 22:17:30
[TRAIN] Step 214 | Loss=0.601169 | Best makespan in group=373.00
[TRAIN] Step 215/350 | 22:18:13
[TRAIN] Step 215 | Loss=0.729172 | Best makespan in group=496.00
[TRAIN] Step 216/350 | 22:18:49
[TRAIN] Step 216 | Loss=0.623840 | Best makespan in group=392.00
[TRAIN] Step 217/350 | 22:19:25
[TRAIN] Step 217 | Loss=0.693514 | Best makespan in group=491.00
[TRAIN] Step 218/350 | 22:20:02
[TRAIN] Step 218 | Loss=0.585421 | Best makespan in group=341.00
[TRAIN] Step 219/350 | 22:20:40
[TRAIN] Step 219 | Loss=0.622258 | Best makespan in group=519.00
[TRAIN] Step 220/350 | 22:21:23
[TRAIN] Step 220 | Loss=0.717707 | Best makespan in group=459.00
[TRAIN] Step 221/350 | 22:22:06
[TRAIN] Step 221 | Loss=0.631502 | Best makespan in group=428.00
[TRAIN] Step 222/350 | 22:22:45
[TRAIN] Step 222 | Loss=0.941441 | Best makespan in group=416.00
[TRAIN] Step 223/350 | 22:23:22
[TRAIN] Step 223 | Loss=0.613918 | Best makespan in group=384.00
[TRAIN] Step 224/350 | 22:24:03
[TRAIN] Step 224 | Loss=0.807902 | Best makespan in group=425.00
[TRAIN] Step 225/350 | 22:24:42
[TRAIN] Step 225 | Loss=0.776030 | Best makespan in group=440.00
[TRAIN][VAL][ep 225] avg_gap=0.1880 | std_gap=0.1125 | q80_gap=0.2951 | n=20
[TRAIN] Step 226/350 | 22:26:06
[TRAIN] Step 226 | Loss=0.704856 | Best makespan in group=346.00
[TRAIN] Step 227/350 | 22:26:42
[TRAIN] Step 227 | Loss=0.710672 | Best makespan in group=332.00
[TRAIN] Step 228/350 | 22:27:26
[TRAIN] Step 228 | Loss=0.735359 | Best makespan in group=431.00
[TRAIN] Step 229/350 | 22:28:09
[TRAIN] Step 229 | Loss=0.587175 | Best makespan in group=404.00
[TRAIN] Step 230/350 | 22:28:48
[TRAIN] Step 230 | Loss=0.669506 | Best makespan in group=419.00
[TRAIN] Step 231/350 | 22:29:31
[TRAIN] Step 231 | Loss=0.741419 | Best makespan in group=377.00
[TRAIN] Step 232/350 | 22:30:09
[TRAIN] Step 232 | Loss=0.591211 | Best makespan in group=389.00
[TRAIN] Step 233/350 | 22:30:51
[TRAIN] Step 233 | Loss=0.634605 | Best makespan in group=433.00
[TRAIN] Step 234/350 | 22:31:33
[TRAIN] Step 234 | Loss=0.647494 | Best makespan in group=494.00
[TRAIN] Step 235/350 | 22:32:09
[TRAIN] Step 235 | Loss=0.607777 | Best makespan in group=335.00
[TRAIN] Step 236/350 | 22:32:44
[TRAIN] Step 236 | Loss=0.674019 | Best makespan in group=317.00
[TRAIN] Step 237/350 | 22:33:27
[TRAIN] Step 237 | Loss=0.549655 | Best makespan in group=358.00
[TRAIN] Step 238/350 | 22:34:06
[TRAIN] Step 238 | Loss=0.575202 | Best makespan in group=346.00
[TRAIN] Step 239/350 | 22:34:50
[TRAIN] Step 239 | Loss=0.649083 | Best makespan in group=521.00
[TRAIN] Step 240/350 | 22:35:34
[TRAIN] Step 240 | Loss=0.708917 | Best makespan in group=360.00
[TRAIN] Step 241/350 | 22:36:15
[TRAIN] Step 241 | Loss=0.727921 | Best makespan in group=372.00
[TRAIN] Step 242/350 | 22:37:00
[TRAIN] Step 242 | Loss=0.687794 | Best makespan in group=276.00
[TRAIN] Step 243/350 | 22:37:37
[TRAIN] Step 243 | Loss=0.570715 | Best makespan in group=432.00
[TRAIN] Step 244/350 | 22:38:20
[TRAIN] Step 244 | Loss=0.655649 | Best makespan in group=421.00
[TRAIN] Step 245/350 | 22:39:00
[TRAIN] Step 245 | Loss=0.605710 | Best makespan in group=532.00
[TRAIN] Step 246/350 | 22:39:41
[TRAIN] Step 246 | Loss=0.661062 | Best makespan in group=467.00
[TRAIN] Step 247/350 | 22:40:24
[TRAIN] Step 247 | Loss=0.568701 | Best makespan in group=348.00
[TRAIN] Step 248/350 | 22:41:00
[TRAIN] Step 248 | Loss=0.578809 | Best makespan in group=420.00
[TRAIN] Step 249/350 | 22:41:38
[TRAIN] Step 249 | Loss=0.661192 | Best makespan in group=480.00
[TRAIN] Step 250/350 | 22:42:15
[TRAIN] Step 250 | Loss=0.785032 | Best makespan in group=313.00
[TRAIN][VAL][ep 250] avg_gap=0.1684 | std_gap=0.1008 | q80_gap=0.2788 | n=20
[TRAIN] Validation improved | smoothed_avg_gap=0.1814 (raw=0.1684) | saving candidate: 242474377008717.pth
[TRAIN] Step 251/350 | 22:43:37
[TRAIN] Step 251 | Loss=0.535346 | Best makespan in group=389.00
[TRAIN] Step 252/350 | 22:44:16
[TRAIN] Step 252 | Loss=0.723090 | Best makespan in group=389.00
[TRAIN] Step 253/350 | 22:44:53
[TRAIN] Step 253 | Loss=0.698474 | Best makespan in group=369.00
[TRAIN] Step 254/350 | 22:45:33
[TRAIN] Step 254 | Loss=0.711130 | Best makespan in group=404.00
[TRAIN] Step 255/350 | 22:46:11
[TRAIN] Step 255 | Loss=0.649640 | Best makespan in group=433.00
[TRAIN] Step 256/350 | 22:46:53
[TRAIN] Step 256 | Loss=0.632473 | Best makespan in group=564.00
[TRAIN] Step 257/350 | 22:47:33
[TRAIN] Step 257 | Loss=0.597086 | Best makespan in group=396.00
[TRAIN] Step 258/350 | 22:48:16
[TRAIN] Step 258 | Loss=0.534904 | Best makespan in group=428.00
[TRAIN] Step 259/350 | 22:48:57
[TRAIN] Step 259 | Loss=0.556787 | Best makespan in group=399.00
[TRAIN] Step 260/350 | 22:49:32
[TRAIN] Step 260 | Loss=0.594366 | Best makespan in group=359.00
[TRAIN] Step 261/350 | 22:50:10
[TRAIN] Step 261 | Loss=0.614881 | Best makespan in group=349.00
[TRAIN] Step 262/350 | 22:50:47
[TRAIN] Step 262 | Loss=0.689514 | Best makespan in group=389.00
[TRAIN] Step 263/350 | 22:51:24
[TRAIN] Step 263 | Loss=0.756863 | Best makespan in group=396.00
[TRAIN] Step 264/350 | 22:51:59
[TRAIN] Step 264 | Loss=0.653016 | Best makespan in group=459.00
[TRAIN] Step 265/350 | 22:52:41
[TRAIN] Step 265 | Loss=0.662896 | Best makespan in group=276.00
[TRAIN] Step 266/350 | 22:53:18
[TRAIN] Step 266 | Loss=0.585594 | Best makespan in group=585.00
[TRAIN] Step 267/350 | 22:53:56
[TRAIN] Step 267 | Loss=0.570293 | Best makespan in group=326.00
[TRAIN] Step 268/350 | 22:54:36
[TRAIN] Step 268 | Loss=0.800726 | Best makespan in group=332.00
[TRAIN] Step 269/350 | 22:55:11
[TRAIN] Step 269 | Loss=0.643694 | Best makespan in group=517.00
[TRAIN] Step 270/350 | 22:55:50
[TRAIN] Step 270 | Loss=0.510387 | Best makespan in group=383.00
[TRAIN] Step 271/350 | 22:56:32
[TRAIN] Step 271 | Loss=0.706323 | Best makespan in group=402.00
[TRAIN] Step 272/350 | 22:57:09
[TRAIN] Step 272 | Loss=0.616812 | Best makespan in group=385.00
[TRAIN] Step 273/350 | 22:57:49
[TRAIN] Step 273 | Loss=0.637455 | Best makespan in group=369.00
[TRAIN] Step 274/350 | 22:58:28
[TRAIN] Step 274 | Loss=0.712564 | Best makespan in group=438.00
[TRAIN] Step 275/350 | 22:59:09
[TRAIN] Step 275 | Loss=0.632920 | Best makespan in group=429.00
[TRAIN][VAL][ep 275] avg_gap=0.1793 | std_gap=0.1164 | q80_gap=0.2902 | n=20
[TRAIN] Validation improved | smoothed_avg_gap=0.1786 (raw=0.1793) | saving candidate: 406682941508989.pth
[TRAIN] Step 276/350 | 23:00:30
[TRAIN] Step 276 | Loss=0.706229 | Best makespan in group=487.00
[TRAIN] Step 277/350 | 23:01:06
[TRAIN] Step 277 | Loss=0.684572 | Best makespan in group=517.00
[TRAIN] Step 278/350 | 23:01:47
[TRAIN] Step 278 | Loss=0.797702 | Best makespan in group=354.00
[TRAIN] Step 279/350 | 23:02:25
[TRAIN] Step 279 | Loss=0.697937 | Best makespan in group=426.00
[TRAIN] Step 280/350 | 23:03:06
[TRAIN] Step 280 | Loss=0.653956 | Best makespan in group=322.00
[TRAIN] Step 281/350 | 23:03:47
[TRAIN] Step 281 | Loss=0.604414 | Best makespan in group=370.00
[TRAIN] Step 282/350 | 23:04:27
[TRAIN] Step 282 | Loss=0.601419 | Best makespan in group=376.00
[TRAIN] Step 283/350 | 23:05:13
[TRAIN] Step 283 | Loss=0.660883 | Best makespan in group=360.00
[TRAIN] Step 284/350 | 23:05:52
[TRAIN] Step 284 | Loss=0.613662 | Best makespan in group=435.00
[TRAIN] Step 285/350 | 23:06:34
[TRAIN] Step 285 | Loss=0.703997 | Best makespan in group=425.00
[TRAIN] Step 286/350 | 23:07:16
[TRAIN] Step 286 | Loss=0.628062 | Best makespan in group=422.00
[TRAIN] Step 287/350 | 23:07:56
[TRAIN] Step 287 | Loss=0.718475 | Best makespan in group=517.00
[TRAIN] Step 288/350 | 23:08:39
[TRAIN] Step 288 | Loss=0.621160 | Best makespan in group=374.00
[TRAIN] Step 289/350 | 23:09:21
[TRAIN] Step 289 | Loss=0.726511 | Best makespan in group=333.00
[TRAIN] Step 290/350 | 23:10:04
[TRAIN] Step 290 | Loss=0.612226 | Best makespan in group=383.00
[TRAIN] Step 291/350 | 23:10:40
[TRAIN] Step 291 | Loss=0.752380 | Best makespan in group=393.00
[TRAIN] Step 292/350 | 23:11:15
[TRAIN] Step 292 | Loss=0.682720 | Best makespan in group=511.00
[TRAIN] Step 293/350 | 23:11:58
[TRAIN] Step 293 | Loss=0.706322 | Best makespan in group=483.00
[TRAIN] Step 294/350 | 23:12:34
[TRAIN] Step 294 | Loss=0.567517 | Best makespan in group=368.00
[TRAIN] Step 295/350 | 23:13:14
[TRAIN] Step 295 | Loss=0.675228 | Best makespan in group=319.00
[TRAIN] Step 296/350 | 23:13:55
[TRAIN] Step 296 | Loss=0.750907 | Best makespan in group=571.00
[TRAIN] Step 297/350 | 23:14:33
[TRAIN] Step 297 | Loss=0.555579 | Best makespan in group=357.00
[TRAIN] Step 298/350 | 23:15:12
[TRAIN] Step 298 | Loss=0.720307 | Best makespan in group=344.00
[TRAIN] Step 299/350 | 23:15:50
[TRAIN] Step 299 | Loss=0.605919 | Best makespan in group=497.00
[TRAIN] Step 300/350 | 23:16:27
[TRAIN] Step 300 | Loss=0.697845 | Best makespan in group=520.00
[TRAIN][VAL][ep 300] avg_gap=0.1700 | std_gap=0.0817 | q80_gap=0.2412 | n=20
[TRAIN] Validation improved | smoothed_avg_gap=0.1726 (raw=0.1700) | saving candidate: 224007151760602.pth
[TRAIN] Step 301/350 | 23:17:52
[TRAIN] Step 301 | Loss=0.631206 | Best makespan in group=364.00
[TRAIN] Step 302/350 | 23:18:31
[TRAIN] Step 302 | Loss=0.644096 | Best makespan in group=380.00
[TRAIN] Step 303/350 | 23:19:12
[TRAIN] Step 303 | Loss=0.599332 | Best makespan in group=418.00
[TRAIN] Step 304/350 | 23:19:50
[TRAIN] Step 304 | Loss=0.536449 | Best makespan in group=422.00
[TRAIN] Step 305/350 | 23:20:32
[TRAIN] Step 305 | Loss=0.655991 | Best makespan in group=400.00
[TRAIN] Step 306/350 | 23:21:14
[TRAIN] Step 306 | Loss=0.608849 | Best makespan in group=316.00
[TRAIN] Step 307/350 | 23:21:56
[TRAIN] Step 307 | Loss=0.688916 | Best makespan in group=383.00
[TRAIN] Step 308/350 | 23:22:32
[TRAIN] Step 308 | Loss=0.499746 | Best makespan in group=316.00
[TRAIN] Step 309/350 | 23:23:07
[TRAIN] Step 309 | Loss=0.655623 | Best makespan in group=433.00
[TRAIN] Step 310/350 | 23:23:50
[TRAIN] Step 310 | Loss=0.614186 | Best makespan in group=280.00
[TRAIN] Step 311/350 | 23:24:27
[TRAIN] Step 311 | Loss=0.525503 | Best makespan in group=415.00
[TRAIN] Step 312/350 | 23:25:03
[TRAIN] Step 312 | Loss=0.570607 | Best makespan in group=428.00
[TRAIN] Step 313/350 | 23:25:43
[TRAIN] Step 313 | Loss=0.616778 | Best makespan in group=309.00
[TRAIN] Step 314/350 | 23:26:23
[TRAIN] Step 314 | Loss=0.627299 | Best makespan in group=369.00
[TRAIN] Step 315/350 | 23:27:04
[TRAIN] Step 315 | Loss=0.521591 | Best makespan in group=340.00
[TRAIN] Step 316/350 | 23:27:39
[TRAIN] Step 316 | Loss=0.580391 | Best makespan in group=456.00
[TRAIN] Step 317/350 | 23:28:23
[TRAIN] Step 317 | Loss=0.678732 | Best makespan in group=372.00
[TRAIN] Step 318/350 | 23:29:08
[TRAIN] Step 318 | Loss=0.586628 | Best makespan in group=422.00
[TRAIN] Step 319/350 | 23:29:51
[TRAIN] Step 319 | Loss=0.652925 | Best makespan in group=419.00
[TRAIN] Step 320/350 | 23:30:30
[TRAIN] Step 320 | Loss=0.754608 | Best makespan in group=372.00
[TRAIN] Step 321/350 | 23:31:07
[TRAIN] Step 321 | Loss=0.742730 | Best makespan in group=417.00
[TRAIN] Step 322/350 | 23:31:47
[TRAIN] Step 322 | Loss=0.779621 | Best makespan in group=421.00
[TRAIN] Step 323/350 | 23:32:29
[TRAIN] Step 323 | Loss=0.895388 | Best makespan in group=383.00
[TRAIN] Step 324/350 | 23:33:04
[TRAIN] Step 324 | Loss=0.647659 | Best makespan in group=366.00
[TRAIN] Step 325/350 | 23:33:46
[TRAIN] Step 325 | Loss=0.604928 | Best makespan in group=426.00
[TRAIN][VAL][ep 325] avg_gap=0.1523 | std_gap=0.0905 | q80_gap=0.2163 | n=20
[TRAIN] Validation improved | smoothed_avg_gap=0.1672 (raw=0.1523) | saving candidate: 194104811325163.pth
[TRAIN] Step 326/350 | 23:35:08
[TRAIN] Step 326 | Loss=0.690276 | Best makespan in group=464.00
[TRAIN] Step 327/350 | 23:35:50
[TRAIN] Step 327 | Loss=0.657663 | Best makespan in group=383.00
[TRAIN] Step 328/350 | 23:36:26
[TRAIN] Step 328 | Loss=0.623291 | Best makespan in group=373.00
[TRAIN] Step 329/350 | 23:37:05
[TRAIN] Step 329 | Loss=0.678232 | Best makespan in group=371.00
[TRAIN] Step 330/350 | 23:37:49
[TRAIN] Step 330 | Loss=0.634653 | Best makespan in group=512.00
[TRAIN] Step 331/350 | 23:38:29
[TRAIN] Step 331 | Loss=0.587796 | Best makespan in group=315.00
[TRAIN] Step 332/350 | 23:39:08
[TRAIN] Step 332 | Loss=0.682571 | Best makespan in group=347.00
[TRAIN] Step 333/350 | 23:39:45
[TRAIN] Step 333 | Loss=0.697349 | Best makespan in group=320.00
[TRAIN] Step 334/350 | 23:40:20
[TRAIN] Step 334 | Loss=0.607648 | Best makespan in group=342.00
[TRAIN] Step 335/350 | 23:40:57
[TRAIN] Step 335 | Loss=0.739302 | Best makespan in group=401.00
[TRAIN] Step 336/350 | 23:41:33
[TRAIN] Step 336 | Loss=0.629677 | Best makespan in group=427.00
[TRAIN] Step 337/350 | 23:42:15
[TRAIN] Step 337 | Loss=0.568262 | Best makespan in group=349.00
[TRAIN] Step 338/350 | 23:42:54
[TRAIN] Step 338 | Loss=0.732398 | Best makespan in group=354.00
[TRAIN] Step 339/350 | 23:43:34
[TRAIN] Step 339 | Loss=0.668967 | Best makespan in group=509.00
[TRAIN] Step 340/350 | 23:44:11
[TRAIN] Step 340 | Loss=0.667597 | Best makespan in group=314.00
[TRAIN] Step 341/350 | 23:44:53
[TRAIN] Step 341 | Loss=0.578574 | Best makespan in group=268.00
[TRAIN] Step 342/350 | 23:45:29
[TRAIN] Step 342 | Loss=0.608759 | Best makespan in group=504.00
[TRAIN] Step 343/350 | 23:46:12
[TRAIN] Step 343 | Loss=0.799636 | Best makespan in group=410.00
[TRAIN] Step 344/350 | 23:46:49
[TRAIN] Step 344 | Loss=0.590907 | Best makespan in group=317.00
[TRAIN] Step 345/350 | 23:47:30
[TRAIN] Step 345 | Loss=0.625611 | Best makespan in group=424.00
[TRAIN] Step 346/350 | 23:48:12
[TRAIN] Step 346 | Loss=0.708092 | Best makespan in group=398.00
[TRAIN] Step 347/350 | 23:48:53
[TRAIN] Step 347 | Loss=0.773239 | Best makespan in group=415.00
[TRAIN] Step 348/350 | 23:49:30
[TRAIN] Step 348 | Loss=0.728830 | Best makespan in group=485.00
[TRAIN] Step 349/350 | 23:50:07
[TRAIN] Step 349 | Loss=0.618595 | Best makespan in group=546.00
[TRAIN] Step 350/350 | 23:50:45
[TRAIN] Step 350 | Loss=0.502680 | Best makespan in group=373.00
[TRAIN][VAL][ep 350] avg_gap=0.1731 | std_gap=0.1065 | q80_gap=0.2294 | n=20
[TRAIN] Validation improved | smoothed_avg_gap=0.1651 (raw=0.1731) | saving candidate: 896415652061583.pth
[TRAIN] Evaluating best checkpoint (candidate_models/896415652061583.pth) on the held-out test split...
[TRAIN][TEST] avg_gap=0.1498 | std_gap=0.1642 | q80_gap=0.3003 | n=20
[TRAIN][23:52:49] Training ended. Validation history and plots updated.
