D:\Dissertação\dissertation-bopo_introduction\venv\Lib\site-packages\torch\jit\_script.py:1485: FutureWarning: `torch.jit.script` is not supported in Python 3.14+ and may break. Please switch to `torch.compile` or `torch.export`.
  warnings.warn(
============================================================
[TRAIN] Training started at: 2026-09-29 02:17:26
[TRAIN] Hyperparams | max_steps=350 | new_freq=200
[TRAIN]             | n_cases=30 | B=32 | K=10 | use_greedy=True | lr=0.0047 (decaying to 9.40e-04)
[TRAIN]             | warm_start_steps=200 | checkpoint_smooth_window=3 | seed=43
[TRAIN]             | hidden_channels=128 | num_layers=2 | heads=3
[TRAIN]             | logp_norm=mean | exclude_greedy_from_loss=True
[TRAIN] Representation | ojmb_node | GNN | gat | jm_design | edges
[TRAIN] Device | cuda:0 (NVIDIA GeForce GTX 1650 Ti)
[TRAIN] Problem size | jobs=[8,10] | machines=[5,10] | ops_per_job=[5,6] | max_proc=100
============================================================
[TRAIN] Output run folder: results\batching_gat_L2_ojmb_node_s43_steps
[TRAIN] Validation config | every=25 steps | instances=20 (representative subset)
[TRAIN][TEACHER] validation avg_gap=0.5023 | q80_gap=0.6593 || test avg_gap=0.4129 | q80_gap=0.6096
[TRAIN] Step metrics | every step on 4 validation instance(s) (bat001, bat003, bat005, bat007) -> results\batching_gat_L2_ojmb_node_s43_steps\step_metrics.json
[TRAIN] Warm-start (behavior cloning vs. dispatch heuristic) | 200 step(s)...
[TRAIN][WARMSTART] step 10/200 | instance=10 | bc_loss=1.7397 | decisions=45
[TRAIN][WARMSTART] step 20/200 | instance=2 | bc_loss=1.6626 | decisions=43
[TRAIN][WARMSTART] step 30/200 | instance=14 | bc_loss=1.5493 | decisions=43
[TRAIN][WARMSTART] step 40/200 | instance=27 | bc_loss=1.5472 | decisions=47
[TRAIN][WARMSTART] step 50/200 | instance=28 | bc_loss=1.3075 | decisions=43
[TRAIN][WARMSTART] step 60/200 | instance=27 | bc_loss=1.3666 | decisions=47
[TRAIN][WARMSTART] step 70/200 | instance=16 | bc_loss=1.2543 | decisions=46
[TRAIN][WARMSTART] step 80/200 | instance=23 | bc_loss=1.1609 | decisions=37
[TRAIN][WARMSTART] step 90/200 | instance=7 | bc_loss=1.3991 | decisions=51
[TRAIN][WARMSTART] step 100/200 | instance=16 | bc_loss=1.0385 | decisions=46
[TRAIN][WARMSTART] step 110/200 | instance=17 | bc_loss=0.9397 | decisions=46
[TRAIN][WARMSTART] step 120/200 | instance=12 | bc_loss=1.3097 | decisions=46
[TRAIN][WARMSTART] step 130/200 | instance=10 | bc_loss=1.2128 | decisions=45
[TRAIN][WARMSTART] step 140/200 | instance=2 | bc_loss=1.1048 | decisions=43
[TRAIN][WARMSTART] step 150/200 | instance=15 | bc_loss=1.1196 | decisions=40
[TRAIN][WARMSTART] step 160/200 | instance=6 | bc_loss=1.0703 | decisions=43
[TRAIN][WARMSTART] step 170/200 | instance=6 | bc_loss=1.0426 | decisions=43
[TRAIN][WARMSTART] step 180/200 | instance=2 | bc_loss=1.2004 | decisions=43
[TRAIN][WARMSTART] step 190/200 | instance=0 | bc_loss=1.2571 | decisions=41
[TRAIN][WARMSTART] step 200/200 | instance=28 | bc_loss=0.8768 | decisions=43
[TRAIN] Warm-start complete, switching to BOPO preference optimization.
------------------------------------------------------------
[TRAIN] BOPO agent ready. Starting training loop for 350 step(s)...
------------------------------------------------------------
[TRAIN] Step 1/350 | 02:27:37
[TRAIN] Step 1 | Loss=0.680139 | Best makespan in group=378.00
[TRAIN] Step 2/350 | 02:28:13
[TRAIN] Step 2 | Loss=0.814839 | Best makespan in group=406.00
[TRAIN] Step 3/350 | 02:28:45
[TRAIN] Step 3 | Loss=0.743671 | Best makespan in group=524.00
[TRAIN] Step 4/350 | 02:29:23
[TRAIN] Step 4 | Loss=0.739495 | Best makespan in group=556.00
[TRAIN] Step 5/350 | 02:29:56
[TRAIN] Step 5 | Loss=0.647551 | Best makespan in group=449.00
[TRAIN] Step 6/350 | 02:30:31
[TRAIN] Step 6 | Loss=0.960449 | Best makespan in group=369.00
[TRAIN] Step 7/350 | 02:31:07
[TRAIN] Step 7 | Loss=0.641300 | Best makespan in group=567.00
[TRAIN] Step 8/350 | 02:31:42
[TRAIN] Step 8 | Loss=0.628488 | Best makespan in group=508.00
[TRAIN] Step 9/350 | 02:32:12
[TRAIN] Step 9 | Loss=0.716634 | Best makespan in group=408.00
[TRAIN] Step 10/350 | 02:32:47
[TRAIN] Step 10 | Loss=0.647324 | Best makespan in group=390.00
[TRAIN] Step 11/350 | 02:33:19
[TRAIN] Step 11 | Loss=0.757163 | Best makespan in group=457.00
[TRAIN] Step 12/350 | 02:33:54
[TRAIN] Step 12 | Loss=0.845881 | Best makespan in group=441.00
[TRAIN] Step 13/350 | 02:34:31
[TRAIN] Step 13 | Loss=0.629200 | Best makespan in group=372.00
[TRAIN] Step 14/350 | 02:35:05
[TRAIN] Step 14 | Loss=0.722430 | Best makespan in group=387.00
[TRAIN] Step 15/350 | 02:35:36
[TRAIN] Step 15 | Loss=0.912271 | Best makespan in group=369.00
[TRAIN] Step 16/350 | 02:36:13
[TRAIN] Step 16 | Loss=0.814465 | Best makespan in group=353.00
[TRAIN] Step 17/350 | 02:36:45
[TRAIN] Step 17 | Loss=0.610419 | Best makespan in group=371.00
[TRAIN] Step 18/350 | 02:37:22
[TRAIN] Step 18 | Loss=0.589006 | Best makespan in group=465.00
[TRAIN] Step 19/350 | 02:37:54
[TRAIN] Step 19 | Loss=0.929740 | Best makespan in group=371.00
[TRAIN] Step 20/350 | 02:38:26
[TRAIN] Step 20 | Loss=0.803531 | Best makespan in group=352.00
[TRAIN] Step 21/350 | 02:38:57
[TRAIN] Step 21 | Loss=0.839077 | Best makespan in group=460.00
[TRAIN] Step 22/350 | 02:39:31
[TRAIN] Step 22 | Loss=0.657709 | Best makespan in group=438.00
[TRAIN] Step 23/350 | 02:40:03
[TRAIN] Step 23 | Loss=0.615824 | Best makespan in group=358.00
[TRAIN] Step 24/350 | 02:40:33
[TRAIN] Step 24 | Loss=0.636010 | Best makespan in group=304.00
[TRAIN] Step 25/350 | 02:41:10
[TRAIN] Step 25 | Loss=0.789194 | Best makespan in group=349.00
[TRAIN][VAL][ep 25] avg_gap=0.2760 | std_gap=0.1833 | q80_gap=0.3570 | n=20
[TRAIN] Validation improved | smoothed_avg_gap=0.2760 (raw=0.2760) | saving candidate: 885713510677009.pth
[TRAIN] Step 26/350 | 02:42:20
[TRAIN] Step 26 | Loss=0.810174 | Best makespan in group=302.00
[TRAIN] Step 27/350 | 02:42:52
[TRAIN] Step 27 | Loss=0.621308 | Best makespan in group=496.00
[TRAIN] Step 28/350 | 02:43:26
[TRAIN] Step 28 | Loss=0.635603 | Best makespan in group=380.00
[TRAIN] Step 29/350 | 02:43:58
[TRAIN] Step 29 | Loss=0.751184 | Best makespan in group=511.00
[TRAIN] Step 30/350 | 02:44:31
[TRAIN] Step 30 | Loss=0.675415 | Best makespan in group=365.00
[TRAIN] Step 31/350 | 02:45:02
[TRAIN] Step 31 | Loss=0.702859 | Best makespan in group=363.00
[TRAIN] Step 32/350 | 02:45:33
[TRAIN] Step 32 | Loss=0.679633 | Best makespan in group=307.00
[TRAIN] Step 33/350 | 02:46:09
[TRAIN] Step 33 | Loss=0.848199 | Best makespan in group=436.00
[TRAIN] Step 34/350 | 02:46:44
[TRAIN] Step 34 | Loss=0.716642 | Best makespan in group=302.00
[TRAIN] Step 35/350 | 02:47:20
[TRAIN] Step 35 | Loss=0.701860 | Best makespan in group=483.00
[TRAIN] Step 36/350 | 02:47:51
[TRAIN] Step 36 | Loss=0.649569 | Best makespan in group=472.00
[TRAIN] Step 37/350 | 02:48:26
[TRAIN] Step 37 | Loss=0.757302 | Best makespan in group=329.00
[TRAIN] Step 38/350 | 02:49:04
[TRAIN] Step 38 | Loss=0.699587 | Best makespan in group=494.00
[TRAIN] Step 39/350 | 02:49:38
[TRAIN] Step 39 | Loss=0.729435 | Best makespan in group=391.00
[TRAIN] Step 40/350 | 02:50:11
[TRAIN] Step 40 | Loss=0.673245 | Best makespan in group=333.00
[TRAIN] Step 41/350 | 02:50:48
[TRAIN] Step 41 | Loss=0.749057 | Best makespan in group=488.00
[TRAIN] Step 42/350 | 02:51:23
[TRAIN] Step 42 | Loss=0.605076 | Best makespan in group=298.00
[TRAIN] Step 43/350 | 02:51:54
[TRAIN] Step 43 | Loss=0.582721 | Best makespan in group=431.00
[TRAIN] Step 44/350 | 02:52:32
[TRAIN] Step 44 | Loss=0.553329 | Best makespan in group=386.00
[TRAIN] Step 45/350 | 02:53:06
[TRAIN] Step 45 | Loss=0.632758 | Best makespan in group=420.00
[TRAIN] Step 46/350 | 02:53:39
[TRAIN] Step 46 | Loss=0.808420 | Best makespan in group=365.00
[TRAIN] Step 47/350 | 02:54:10
[TRAIN] Step 47 | Loss=0.625676 | Best makespan in group=449.00
[TRAIN] Step 48/350 | 02:54:42
[TRAIN] Step 48 | Loss=0.723482 | Best makespan in group=364.00
[TRAIN] Step 49/350 | 02:55:15
[TRAIN] Step 49 | Loss=0.654208 | Best makespan in group=344.00
[TRAIN] Step 50/350 | 02:55:47
[TRAIN] Step 50 | Loss=0.687428 | Best makespan in group=344.00
[TRAIN][VAL][ep 50] avg_gap=0.1655 | std_gap=0.0760 | q80_gap=0.2442 | n=20
[TRAIN] Validation improved | smoothed_avg_gap=0.2208 (raw=0.1655) | saving candidate: 175422074648937.pth
[TRAIN] Step 51/350 | 02:56:54
[TRAIN] Step 51 | Loss=0.674830 | Best makespan in group=391.00
[TRAIN] Step 52/350 | 02:57:30
[TRAIN] Step 52 | Loss=0.723743 | Best makespan in group=348.00
[TRAIN] Step 53/350 | 02:58:06
[TRAIN] Step 53 | Loss=0.697515 | Best makespan in group=328.00
[TRAIN] Step 54/350 | 02:58:37
[TRAIN] Step 54 | Loss=0.699295 | Best makespan in group=345.00
[TRAIN] Step 55/350 | 02:59:08
[TRAIN] Step 55 | Loss=0.650568 | Best makespan in group=356.00
[TRAIN] Step 56/350 | 02:59:42
[TRAIN] Step 56 | Loss=0.586409 | Best makespan in group=340.00
[TRAIN] Step 57/350 | 03:00:14
[TRAIN] Step 57 | Loss=0.740729 | Best makespan in group=435.00
[TRAIN] Step 58/350 | 03:00:45
[TRAIN] Step 58 | Loss=0.734761 | Best makespan in group=414.00
[TRAIN] Step 59/350 | 03:01:19
[TRAIN] Step 59 | Loss=0.637267 | Best makespan in group=441.00
[TRAIN] Step 60/350 | 03:01:54
[TRAIN] Step 60 | Loss=0.738439 | Best makespan in group=362.00
[TRAIN] Step 61/350 | 03:02:25
[TRAIN] Step 61 | Loss=0.682546 | Best makespan in group=364.00
[TRAIN] Step 62/350 | 03:02:59
[TRAIN] Step 62 | Loss=0.512801 | Best makespan in group=429.00
[TRAIN] Step 63/350 | 03:03:31
[TRAIN] Step 63 | Loss=0.727971 | Best makespan in group=310.00
[TRAIN] Step 64/350 | 03:04:06
[TRAIN] Step 64 | Loss=0.682923 | Best makespan in group=396.00
[TRAIN] Step 65/350 | 03:04:39
[TRAIN] Step 65 | Loss=0.645846 | Best makespan in group=505.00
[TRAIN] Step 66/350 | 03:05:12
[TRAIN] Step 66 | Loss=0.752135 | Best makespan in group=473.00
[TRAIN] Step 67/350 | 03:05:46
[TRAIN] Step 67 | Loss=0.739862 | Best makespan in group=323.00
[TRAIN] Step 68/350 | 03:06:17
[TRAIN] Step 68 | Loss=0.633634 | Best makespan in group=378.00
[TRAIN] Step 69/350 | 03:06:54
[TRAIN] Step 69 | Loss=0.669162 | Best makespan in group=365.00
[TRAIN] Step 70/350 | 03:07:30
[TRAIN] Step 70 | Loss=0.579085 | Best makespan in group=347.00
[TRAIN] Step 71/350 | 03:08:00
[TRAIN] Step 71 | Loss=0.685751 | Best makespan in group=344.00
[TRAIN] Step 72/350 | 03:08:32
[TRAIN] Step 72 | Loss=0.563413 | Best makespan in group=476.00
[TRAIN] Step 73/350 | 03:09:06
[TRAIN] Step 73 | Loss=0.638006 | Best makespan in group=425.00
[TRAIN] Step 74/350 | 03:09:40
[TRAIN] Step 74 | Loss=0.684626 | Best makespan in group=365.00
[TRAIN] Step 75/350 | 03:10:10
[TRAIN] Step 75 | Loss=0.576614 | Best makespan in group=426.00
[TRAIN][VAL][ep 75] avg_gap=0.1331 | std_gap=0.0739 | q80_gap=0.1993 | n=20
[TRAIN] Validation improved | smoothed_avg_gap=0.1916 (raw=0.1331) | saving candidate: 357408973311299.pth
[TRAIN] Step 76/350 | 03:11:20
[TRAIN] Step 76 | Loss=0.660342 | Best makespan in group=362.00
[TRAIN] Step 77/350 | 03:11:53
[TRAIN] Step 77 | Loss=0.698057 | Best makespan in group=330.00
[TRAIN] Step 78/350 | 03:12:24
[TRAIN] Step 78 | Loss=0.701036 | Best makespan in group=428.00
[TRAIN] Step 79/350 | 03:13:01
[TRAIN] Step 79 | Loss=0.634748 | Best makespan in group=342.00
[TRAIN] Step 80/350 | 03:13:36
[TRAIN] Step 80 | Loss=0.684113 | Best makespan in group=327.00
[TRAIN] Step 81/350 | 03:14:12
[TRAIN] Step 81 | Loss=0.627606 | Best makespan in group=430.00
[TRAIN] Step 82/350 | 03:14:43
[TRAIN] Step 82 | Loss=0.663135 | Best makespan in group=296.00
[TRAIN] Step 83/350 | 03:15:13
[TRAIN] Step 83 | Loss=0.652447 | Best makespan in group=322.00
[TRAIN] Step 84/350 | 03:15:48
[TRAIN] Step 84 | Loss=0.658615 | Best makespan in group=390.00
[TRAIN] Step 85/350 | 03:16:20
[TRAIN] Step 85 | Loss=0.742015 | Best makespan in group=345.00
[TRAIN] Step 86/350 | 03:16:51
[TRAIN] Step 86 | Loss=0.692977 | Best makespan in group=413.00
[TRAIN] Step 87/350 | 03:17:25
[TRAIN] Step 87 | Loss=0.591145 | Best makespan in group=297.00
[TRAIN] Step 88/350 | 03:18:01
[TRAIN] Step 88 | Loss=0.730578 | Best makespan in group=338.00
[TRAIN] Step 89/350 | 03:18:32
[TRAIN] Step 89 | Loss=0.662962 | Best makespan in group=452.00
[TRAIN] Step 90/350 | 03:19:02
[TRAIN] Step 90 | Loss=0.726326 | Best makespan in group=434.00
[TRAIN] Step 91/350 | 03:19:35
[TRAIN] Step 91 | Loss=0.734807 | Best makespan in group=345.00
[TRAIN] Step 92/350 | 03:20:06
[TRAIN] Step 92 | Loss=0.637155 | Best makespan in group=423.00
[TRAIN] Step 93/350 | 03:20:37
[TRAIN] Step 93 | Loss=0.695944 | Best makespan in group=297.00
[TRAIN] Step 94/350 | 03:21:13
[TRAIN] Step 94 | Loss=0.679246 | Best makespan in group=345.00
[TRAIN] Step 95/350 | 03:21:47
[TRAIN] Step 95 | Loss=0.710928 | Best makespan in group=365.00
[TRAIN] Step 96/350 | 03:22:18
[TRAIN] Step 96 | Loss=0.642305 | Best makespan in group=467.00
[TRAIN] Step 97/350 | 03:22:52
[TRAIN] Step 97 | Loss=0.671439 | Best makespan in group=429.00
[TRAIN] Step 98/350 | 03:23:29
[TRAIN] Step 98 | Loss=0.836007 | Best makespan in group=457.00
[TRAIN] Step 99/350 | 03:23:59
[TRAIN] Step 99 | Loss=0.648129 | Best makespan in group=409.00
[TRAIN] Step 100/350 | 03:24:32
[TRAIN] Step 100 | Loss=0.631516 | Best makespan in group=352.00
[TRAIN][VAL][ep 100] avg_gap=0.1717 | std_gap=0.0959 | q80_gap=0.2405 | n=20
[TRAIN] Validation improved | smoothed_avg_gap=0.1568 (raw=0.1717) | saving candidate: 690574809317532.pth
[TRAIN] Step 101/350 | 03:25:41
[TRAIN] Step 101 | Loss=0.679007 | Best makespan in group=345.00
[TRAIN] Step 102/350 | 03:26:13
[TRAIN] Step 102 | Loss=0.600339 | Best makespan in group=349.00
[TRAIN] Step 103/350 | 03:26:44
[TRAIN] Step 103 | Loss=0.703448 | Best makespan in group=429.00
[TRAIN] Step 104/350 | 03:27:16
[TRAIN] Step 104 | Loss=0.785152 | Best makespan in group=320.00
[TRAIN] Step 105/350 | 03:27:51
[TRAIN] Step 105 | Loss=0.657539 | Best makespan in group=423.00
[TRAIN] Step 106/350 | 03:28:24
[TRAIN] Step 106 | Loss=0.567786 | Best makespan in group=433.00
[TRAIN] Step 107/350 | 03:28:58
[TRAIN] Step 107 | Loss=0.624231 | Best makespan in group=349.00
[TRAIN] Step 108/350 | 03:29:33
[TRAIN] Step 108 | Loss=0.679211 | Best makespan in group=362.00
[TRAIN] Step 109/350 | 03:30:05
[TRAIN] Step 109 | Loss=0.732729 | Best makespan in group=341.00
[TRAIN] Step 110/350 | 03:30:35
[TRAIN] Step 110 | Loss=0.628645 | Best makespan in group=341.00
[TRAIN] Step 111/350 | 03:31:11
[TRAIN] Step 111 | Loss=0.602645 | Best makespan in group=431.00
[TRAIN] Step 112/350 | 03:31:42
[TRAIN] Step 112 | Loss=0.688894 | Best makespan in group=491.00
[TRAIN] Step 113/350 | 03:32:14
[TRAIN] Step 113 | Loss=0.622610 | Best makespan in group=390.00
[TRAIN] Step 114/350 | 03:32:46
[TRAIN] Step 114 | Loss=0.655244 | Best makespan in group=308.00
[TRAIN] Step 115/350 | 03:33:20
[TRAIN] Step 115 | Loss=0.697051 | Best makespan in group=365.00
[TRAIN] Step 116/350 | 03:33:53
[TRAIN] Step 116 | Loss=0.598660 | Best makespan in group=384.00
[TRAIN] Step 117/350 | 03:34:28
[TRAIN] Step 117 | Loss=0.687117 | Best makespan in group=363.00
[TRAIN] Step 118/350 | 03:34:58
[TRAIN] Step 118 | Loss=0.624625 | Best makespan in group=373.00
[TRAIN] Step 119/350 | 03:35:30
[TRAIN] Step 119 | Loss=0.717405 | Best makespan in group=296.00
[TRAIN] Step 120/350 | 03:36:01
[TRAIN] Step 120 | Loss=0.586621 | Best makespan in group=475.00
[TRAIN] Step 121/350 | 03:36:33
[TRAIN] Step 121 | Loss=0.698228 | Best makespan in group=390.00
[TRAIN] Step 122/350 | 03:37:04
[TRAIN] Step 122 | Loss=0.597097 | Best makespan in group=378.00
[TRAIN] Step 123/350 | 03:37:36
[TRAIN] Step 123 | Loss=0.622374 | Best makespan in group=347.00
[TRAIN] Step 124/350 | 03:38:07
[TRAIN] Step 124 | Loss=0.624720 | Best makespan in group=333.00
[TRAIN] Step 125/350 | 03:38:37
[TRAIN] Step 125 | Loss=0.713430 | Best makespan in group=297.00
[TRAIN][VAL][ep 125] avg_gap=0.1797 | std_gap=0.0763 | q80_gap=0.2505 | n=20
[TRAIN] Step 126/350 | 03:39:48
[TRAIN] Step 126 | Loss=0.578996 | Best makespan in group=491.00
[TRAIN] Step 127/350 | 03:40:22
[TRAIN] Step 127 | Loss=0.652494 | Best makespan in group=350.00
[TRAIN] Step 128/350 | 03:40:57
[TRAIN] Step 128 | Loss=0.572011 | Best makespan in group=498.00
[TRAIN] Step 129/350 | 03:41:29
[TRAIN] Step 129 | Loss=0.655151 | Best makespan in group=356.00
[TRAIN] Step 130/350 | 03:42:01
[TRAIN] Step 130 | Loss=0.643907 | Best makespan in group=378.00
[TRAIN] Step 131/350 | 03:42:36
[TRAIN] Step 131 | Loss=0.681577 | Best makespan in group=425.00
[TRAIN] Step 132/350 | 03:43:07
[TRAIN] Step 132 | Loss=0.798884 | Best makespan in group=410.00
[TRAIN] Step 133/350 | 03:43:40
[TRAIN] Step 133 | Loss=0.711331 | Best makespan in group=295.00
[TRAIN] Step 134/350 | 03:44:10
[TRAIN] Step 134 | Loss=0.770978 | Best makespan in group=434.00
[TRAIN] Step 135/350 | 03:44:46
[TRAIN] Step 135 | Loss=0.646714 | Best makespan in group=437.00
[TRAIN] Step 136/350 | 03:45:17
[TRAIN] Step 136 | Loss=0.702645 | Best makespan in group=349.00
[TRAIN] Step 137/350 | 03:45:47
[TRAIN] Step 137 | Loss=0.623586 | Best makespan in group=490.00
[TRAIN] Step 138/350 | 03:46:20
[TRAIN] Step 138 | Loss=0.788645 | Best makespan in group=341.00
[TRAIN] Step 139/350 | 03:46:56
[TRAIN] Step 139 | Loss=0.581097 | Best makespan in group=458.00
[TRAIN] Step 140/350 | 03:47:26
[TRAIN] Step 140 | Loss=0.770844 | Best makespan in group=352.00
[TRAIN] Step 141/350 | 03:47:57
[TRAIN] Step 141 | Loss=0.609388 | Best makespan in group=413.00
[TRAIN] Step 142/350 | 03:48:32
[TRAIN] Step 142 | Loss=0.627208 | Best makespan in group=292.00
[TRAIN] Step 143/350 | 03:49:07
[TRAIN] Step 143 | Loss=0.726855 | Best makespan in group=453.00
[TRAIN] Step 144/350 | 03:49:40
[TRAIN] Step 144 | Loss=0.517723 | Best makespan in group=438.00
[TRAIN] Step 145/350 | 03:50:12
[TRAIN] Step 145 | Loss=0.569356 | Best makespan in group=353.00
[TRAIN] Step 146/350 | 03:50:46
[TRAIN] Step 146 | Loss=0.683123 | Best makespan in group=365.00
[TRAIN] Step 147/350 | 03:51:19
[TRAIN] Step 147 | Loss=0.660679 | Best makespan in group=363.00
[TRAIN] Step 148/350 | 03:51:51
[TRAIN] Step 148 | Loss=0.598592 | Best makespan in group=324.00
[TRAIN] Step 149/350 | 03:52:24
[TRAIN] Step 149 | Loss=0.662314 | Best makespan in group=331.00
[TRAIN] Step 150/350 | 03:52:55
[TRAIN] Step 150 | Loss=0.717655 | Best makespan in group=365.00
[TRAIN][VAL][ep 150] avg_gap=0.1647 | std_gap=0.0946 | q80_gap=0.2651 | n=20
[TRAIN] Step 151/350 | 03:54:00
[TRAIN] Step 151 | Loss=0.534169 | Best makespan in group=431.00
[TRAIN] Step 152/350 | 03:54:31
[TRAIN] Step 152 | Loss=0.608225 | Best makespan in group=334.00
[TRAIN] Step 153/350 | 03:55:00
[TRAIN] Step 153 | Loss=0.623524 | Best makespan in group=463.00
[TRAIN] Step 154/350 | 03:55:30
[TRAIN] Step 154 | Loss=0.676384 | Best makespan in group=441.00
[TRAIN] Step 155/350 | 03:56:03
[TRAIN] Step 155 | Loss=0.632572 | Best makespan in group=383.00
[TRAIN] Step 156/350 | 03:56:35
[TRAIN] Step 156 | Loss=0.614729 | Best makespan in group=352.00
[TRAIN] Step 157/350 | 03:57:07
[TRAIN] Step 157 | Loss=0.643979 | Best makespan in group=365.00
[TRAIN] Step 158/350 | 03:57:40
[TRAIN] Step 158 | Loss=0.608777 | Best makespan in group=348.00
[TRAIN] Step 159/350 | 03:58:15
[TRAIN] Step 159 | Loss=0.738487 | Best makespan in group=340.00
[TRAIN] Step 160/350 | 03:58:47
[TRAIN] Step 160 | Loss=0.612118 | Best makespan in group=341.00
[TRAIN] Step 161/350 | 03:59:17
[TRAIN] Step 161 | Loss=0.635513 | Best makespan in group=435.00
[TRAIN] Step 162/350 | 03:59:49
[TRAIN] Step 162 | Loss=0.736796 | Best makespan in group=444.00
[TRAIN] Step 163/350 | 04:00:21
[TRAIN] Step 163 | Loss=0.710181 | Best makespan in group=422.00
[TRAIN] Step 164/350 | 04:00:56
[TRAIN] Step 164 | Loss=0.708485 | Best makespan in group=390.00
[TRAIN] Step 165/350 | 04:01:31
[TRAIN] Step 165 | Loss=0.711818 | Best makespan in group=365.00
[TRAIN] Step 166/350 | 04:02:02
[TRAIN] Step 166 | Loss=0.763282 | Best makespan in group=300.00
[TRAIN] Step 167/350 | 04:02:38
[TRAIN] Step 167 | Loss=0.896723 | Best makespan in group=344.00
[TRAIN] Step 168/350 | 04:03:09
[TRAIN] Step 168 | Loss=0.567505 | Best makespan in group=363.00
[TRAIN] Step 169/350 | 04:03:40
[TRAIN] Step 169 | Loss=0.690988 | Best makespan in group=480.00
[TRAIN] Step 170/350 | 04:04:12
[TRAIN] Step 170 | Loss=0.792099 | Best makespan in group=322.00
[TRAIN] Step 171/350 | 04:04:47
[TRAIN] Step 171 | Loss=0.657453 | Best makespan in group=411.00
[TRAIN] Step 172/350 | 04:05:20
[TRAIN] Step 172 | Loss=0.653009 | Best makespan in group=458.00
[TRAIN] Step 173/350 | 04:05:53
[TRAIN] Step 173 | Loss=0.744903 | Best makespan in group=486.00
[TRAIN] Step 174/350 | 04:06:26
[TRAIN] Step 174 | Loss=0.616181 | Best makespan in group=346.00
[TRAIN] Step 175/350 | 04:06:59
[TRAIN] Step 175 | Loss=0.658428 | Best makespan in group=390.00
[TRAIN][VAL][ep 175] avg_gap=0.2028 | std_gap=0.1032 | q80_gap=0.2954 | n=20
[TRAIN] Step 176/350 | 04:08:06
[TRAIN] Step 176 | Loss=0.550334 | Best makespan in group=295.00
[TRAIN] Step 177/350 | 04:08:41
[TRAIN] Step 177 | Loss=0.670427 | Best makespan in group=426.00
[TRAIN] Step 178/350 | 04:09:18
[TRAIN] Step 178 | Loss=0.648090 | Best makespan in group=350.00
[TRAIN] Step 179/350 | 04:09:54
[TRAIN] Step 179 | Loss=0.639198 | Best makespan in group=300.00
[TRAIN] Step 180/350 | 04:10:25
[TRAIN] Step 180 | Loss=0.639831 | Best makespan in group=351.00
[TRAIN] Step 181/350 | 04:10:56
[TRAIN] Step 181 | Loss=0.637322 | Best makespan in group=371.00
[TRAIN] Step 182/350 | 04:11:30
[TRAIN] Step 182 | Loss=0.727761 | Best makespan in group=310.00
[TRAIN] Step 183/350 | 04:12:06
[TRAIN] Step 183 | Loss=0.770466 | Best makespan in group=349.00
[TRAIN] Step 184/350 | 04:12:39
[TRAIN] Step 184 | Loss=0.526212 | Best makespan in group=478.00
[TRAIN] Step 185/350 | 04:13:13
[TRAIN] Step 185 | Loss=0.686582 | Best makespan in group=416.00
[TRAIN] Step 186/350 | 04:13:47
[TRAIN] Step 186 | Loss=0.840815 | Best makespan in group=347.00
[TRAIN] Step 187/350 | 04:14:17
[TRAIN] Step 187 | Loss=0.664342 | Best makespan in group=358.00
[TRAIN] Step 188/350 | 04:14:49
[TRAIN] Step 188 | Loss=0.626699 | Best makespan in group=484.00
[TRAIN] Step 189/350 | 04:15:23
[TRAIN] Step 189 | Loss=0.679206 | Best makespan in group=297.00
[TRAIN] Step 190/350 | 04:15:59
[TRAIN] Step 190 | Loss=0.630388 | Best makespan in group=463.00
[TRAIN] Step 191/350 | 04:16:32
[TRAIN] Step 191 | Loss=0.647768 | Best makespan in group=360.00
[TRAIN] Step 192/350 | 04:17:06
[TRAIN] Step 192 | Loss=0.767078 | Best makespan in group=300.00
[TRAIN] Step 193/350 | 04:17:37
[TRAIN] Step 193 | Loss=0.640475 | Best makespan in group=383.00
[TRAIN] Step 194/350 | 04:18:11
[TRAIN] Step 194 | Loss=0.689861 | Best makespan in group=357.00
[TRAIN] Step 195/350 | 04:18:42
[TRAIN] Step 195 | Loss=0.676858 | Best makespan in group=417.00
[TRAIN] Step 196/350 | 04:19:16
[TRAIN] Step 196 | Loss=0.692184 | Best makespan in group=450.00
[TRAIN] Step 197/350 | 04:19:49
[TRAIN] Step 197 | Loss=0.650626 | Best makespan in group=352.00
[TRAIN] Step 198/350 | 04:20:25
[TRAIN] Step 198 | Loss=0.786574 | Best makespan in group=363.00
[TRAIN] Step 199/350 | 04:20:57
[TRAIN] Step 199 | Loss=0.752939 | Best makespan in group=391.00
[TRAIN] Step 200/350 | 04:21:29
[TRAIN] Step 200 | Loss=0.608105 | Best makespan in group=350.00
[TRAIN] Refreshing training instances (step 200)...
[TRAIN][VAL][ep 200] avg_gap=0.3255 | std_gap=0.2154 | q80_gap=0.4048 | n=20
[TRAIN] Step 201/350 | 04:22:41
[TRAIN] Step 201 | Loss=0.743736 | Best makespan in group=451.00
[TRAIN] Step 202/350 | 04:23:13
[TRAIN] Step 202 | Loss=0.601139 | Best makespan in group=435.00
[TRAIN] Step 203/350 | 04:23:47
[TRAIN] Step 203 | Loss=0.839076 | Best makespan in group=324.00
[TRAIN] Step 204/350 | 04:24:21
[TRAIN] Step 204 | Loss=0.699513 | Best makespan in group=358.00
[TRAIN] Step 205/350 | 04:24:56
[TRAIN] Step 205 | Loss=0.721676 | Best makespan in group=441.00
[TRAIN] Step 206/350 | 04:25:33
[TRAIN] Step 206 | Loss=0.721772 | Best makespan in group=339.00
[TRAIN] Step 207/350 | 04:26:07
[TRAIN] Step 207 | Loss=0.614804 | Best makespan in group=401.00
[TRAIN] Step 208/350 | 04:26:38
[TRAIN] Step 208 | Loss=0.544455 | Best makespan in group=321.00
[TRAIN] Step 209/350 | 04:27:12
[TRAIN] Step 209 | Loss=0.626459 | Best makespan in group=394.00
[TRAIN] Step 210/350 | 04:27:44
[TRAIN] Step 210 | Loss=0.602571 | Best makespan in group=415.00
[TRAIN] Step 211/350 | 04:28:20
[TRAIN] Step 211 | Loss=0.664136 | Best makespan in group=345.00
[TRAIN] Step 212/350 | 04:28:57
[TRAIN] Step 212 | Loss=0.648235 | Best makespan in group=339.00
[TRAIN] Step 213/350 | 04:29:29
[TRAIN] Step 213 | Loss=0.660204 | Best makespan in group=403.00
[TRAIN] Step 214/350 | 04:30:04
[TRAIN] Step 214 | Loss=0.722301 | Best makespan in group=400.00
[TRAIN] Step 215/350 | 04:30:40
[TRAIN] Step 215 | Loss=0.619031 | Best makespan in group=529.00
[TRAIN] Step 216/350 | 04:31:13
[TRAIN] Step 216 | Loss=0.665176 | Best makespan in group=338.00
[TRAIN] Step 217/350 | 04:31:47
[TRAIN] Step 217 | Loss=0.634565 | Best makespan in group=348.00
[TRAIN] Step 218/350 | 04:32:20
[TRAIN] Step 218 | Loss=0.620095 | Best makespan in group=298.00
[TRAIN] Step 219/350 | 04:32:51
[TRAIN] Step 219 | Loss=0.723180 | Best makespan in group=305.00
[TRAIN] Step 220/350 | 04:33:22
[TRAIN] Step 220 | Loss=0.763102 | Best makespan in group=409.00
[TRAIN] Step 221/350 | 04:33:56
[TRAIN] Step 221 | Loss=0.644984 | Best makespan in group=372.00
[TRAIN] Step 222/350 | 04:34:34
[TRAIN] Step 222 | Loss=0.678305 | Best makespan in group=517.00
[TRAIN] Step 223/350 | 04:35:07
[TRAIN] Step 223 | Loss=0.778376 | Best makespan in group=341.00
[TRAIN] Step 224/350 | 04:35:39
[TRAIN] Step 224 | Loss=0.909854 | Best makespan in group=406.00
[TRAIN] Step 225/350 | 04:36:15
[TRAIN] Step 225 | Loss=0.598354 | Best makespan in group=391.00
[TRAIN][VAL][ep 225] avg_gap=0.2567 | std_gap=0.1242 | q80_gap=0.3629 | n=20
[TRAIN] Step 226/350 | 04:37:25
[TRAIN] Step 226 | Loss=0.667915 | Best makespan in group=423.00
[TRAIN] Step 227/350 | 04:38:00
[TRAIN] Step 227 | Loss=0.663436 | Best makespan in group=345.00
[TRAIN] Step 228/350 | 04:38:32
[TRAIN] Step 228 | Loss=0.632234 | Best makespan in group=402.00
[TRAIN] Step 229/350 | 04:39:06
[TRAIN] Step 229 | Loss=0.721476 | Best makespan in group=336.00
[TRAIN] Step 230/350 | 04:39:38
[TRAIN] Step 230 | Loss=0.742875 | Best makespan in group=339.00
[TRAIN] Step 231/350 | 04:40:12
[TRAIN] Step 231 | Loss=0.795341 | Best makespan in group=430.00
[TRAIN] Step 232/350 | 04:40:47
[TRAIN] Step 232 | Loss=0.633038 | Best makespan in group=396.00
[TRAIN] Step 233/350 | 04:41:21
[TRAIN] Step 233 | Loss=0.734683 | Best makespan in group=416.00
[TRAIN] Step 234/350 | 04:41:56
[TRAIN] Step 234 | Loss=0.592940 | Best makespan in group=343.00
[TRAIN] Step 235/350 | 04:42:28
[TRAIN] Step 235 | Loss=0.669259 | Best makespan in group=395.00
[TRAIN] Step 236/350 | 04:43:03
[TRAIN] Step 236 | Loss=0.697126 | Best makespan in group=402.00
[TRAIN] Step 237/350 | 04:43:36
[TRAIN] Step 237 | Loss=0.697848 | Best makespan in group=492.00
[TRAIN] Step 238/350 | 04:44:10
[TRAIN] Step 238 | Loss=0.648684 | Best makespan in group=498.00
[TRAIN] Step 239/350 | 04:44:42
[TRAIN] Step 239 | Loss=0.658787 | Best makespan in group=304.00
[TRAIN] Step 240/350 | 04:45:13
[TRAIN] Step 240 | Loss=0.651178 | Best makespan in group=349.00
[TRAIN] Step 241/350 | 04:45:49
[TRAIN] Step 241 | Loss=0.700239 | Best makespan in group=323.00
[TRAIN] Step 242/350 | 04:46:22
[TRAIN] Step 242 | Loss=0.565150 | Best makespan in group=401.00
[TRAIN] Step 243/350 | 04:46:53
[TRAIN] Step 243 | Loss=0.665070 | Best makespan in group=338.00
[TRAIN] Step 244/350 | 04:47:28
[TRAIN] Step 244 | Loss=0.742714 | Best makespan in group=423.00
[TRAIN] Step 245/350 | 04:48:01
[TRAIN] Step 245 | Loss=0.581855 | Best makespan in group=341.00
[TRAIN] Step 246/350 | 04:48:32
[TRAIN] Step 246 | Loss=0.683485 | Best makespan in group=361.00
[TRAIN] Step 247/350 | 04:49:07
[TRAIN] Step 247 | Loss=0.716899 | Best makespan in group=365.00
[TRAIN] Step 248/350 | 04:49:39
[TRAIN] Step 248 | Loss=0.661223 | Best makespan in group=400.00
[TRAIN] Step 249/350 | 04:50:12
[TRAIN] Step 249 | Loss=0.658249 | Best makespan in group=322.00
[TRAIN] Step 250/350 | 04:50:45
[TRAIN] Step 250 | Loss=0.677003 | Best makespan in group=298.00
[TRAIN][VAL][ep 250] avg_gap=0.1908 | std_gap=0.1064 | q80_gap=0.3239 | n=20
[TRAIN] Step 251/350 | 04:51:51
[TRAIN] Step 251 | Loss=0.764258 | Best makespan in group=370.00
[TRAIN] Step 252/350 | 04:52:25
[TRAIN] Step 252 | Loss=0.587099 | Best makespan in group=395.00
[TRAIN] Step 253/350 | 04:52:57
[TRAIN] Step 253 | Loss=0.731518 | Best makespan in group=330.00
[TRAIN] Step 254/350 | 04:53:28
[TRAIN] Step 254 | Loss=0.672990 | Best makespan in group=453.00
[TRAIN] Step 255/350 | 04:54:04
[TRAIN] Step 255 | Loss=0.657069 | Best makespan in group=320.00
[TRAIN] Step 256/350 | 04:54:37
[TRAIN] Step 256 | Loss=0.695942 | Best makespan in group=338.00
[TRAIN] Step 257/350 | 04:55:09
[TRAIN] Step 257 | Loss=0.736039 | Best makespan in group=446.00
[TRAIN] Step 258/350 | 04:55:41
[TRAIN] Step 258 | Loss=0.637760 | Best makespan in group=394.00
[TRAIN] Step 259/350 | 04:56:16
[TRAIN] Step 259 | Loss=0.612341 | Best makespan in group=332.00
[TRAIN] Step 260/350 | 04:56:51
[TRAIN] Step 260 | Loss=0.672309 | Best makespan in group=367.00
[TRAIN] Step 261/350 | 04:57:29
[TRAIN] Step 261 | Loss=0.727703 | Best makespan in group=328.00
[TRAIN] Step 262/350 | 04:58:02
[TRAIN] Step 262 | Loss=0.644806 | Best makespan in group=390.00
[TRAIN] Step 263/350 | 04:58:38
[TRAIN] Step 263 | Loss=0.689950 | Best makespan in group=388.00
[TRAIN] Step 264/350 | 04:59:10
[TRAIN] Step 264 | Loss=0.657738 | Best makespan in group=390.00
[TRAIN] Step 265/350 | 04:59:43
[TRAIN] Step 265 | Loss=0.574255 | Best makespan in group=339.00
[TRAIN] Step 266/350 | 05:00:15
[TRAIN] Step 266 | Loss=0.688699 | Best makespan in group=359.00
[TRAIN] Step 267/350 | 05:00:53
[TRAIN] Step 267 | Loss=0.718243 | Best makespan in group=289.00
[TRAIN] Step 268/350 | 05:01:24
[TRAIN] Step 268 | Loss=0.643606 | Best makespan in group=454.00
[TRAIN] Step 269/350 | 05:01:56
[TRAIN] Step 269 | Loss=0.610493 | Best makespan in group=332.00
[TRAIN] Step 270/350 | 05:02:29
[TRAIN] Step 270 | Loss=0.650366 | Best makespan in group=332.00
[TRAIN] Step 271/350 | 05:03:03
[TRAIN] Step 271 | Loss=0.676480 | Best makespan in group=317.00
[TRAIN] Step 272/350 | 05:03:36
[TRAIN] Step 272 | Loss=0.683835 | Best makespan in group=520.00
[TRAIN] Step 273/350 | 05:04:09
[TRAIN] Step 273 | Loss=0.711170 | Best makespan in group=400.00
[TRAIN] Step 274/350 | 05:04:41
[TRAIN] Step 274 | Loss=0.608412 | Best makespan in group=368.00
[TRAIN] Step 275/350 | 05:05:18
[TRAIN] Step 275 | Loss=0.589934 | Best makespan in group=393.00
[TRAIN][VAL][ep 275] avg_gap=0.2149 | std_gap=0.0727 | q80_gap=0.2623 | n=20
[TRAIN] Step 276/350 | 05:06:28
[TRAIN] Step 276 | Loss=0.585775 | Best makespan in group=343.00
[TRAIN] Step 277/350 | 05:07:01
[TRAIN] Step 277 | Loss=0.656734 | Best makespan in group=336.00
[TRAIN] Step 278/350 | 05:07:32
[TRAIN] Step 278 | Loss=0.705733 | Best makespan in group=441.00
[TRAIN] Step 279/350 | 05:08:07
[TRAIN] Step 279 | Loss=0.648762 | Best makespan in group=400.00
[TRAIN] Step 280/350 | 05:08:41
[TRAIN] Step 280 | Loss=0.706004 | Best makespan in group=289.00
[TRAIN] Step 281/350 | 05:09:12
[TRAIN] Step 281 | Loss=0.640407 | Best makespan in group=330.00
[TRAIN] Step 282/350 | 05:09:43
[TRAIN] Step 282 | Loss=0.560766 | Best makespan in group=441.00
[TRAIN] Step 283/350 | 05:10:16
[TRAIN] Step 283 | Loss=0.698904 | Best makespan in group=362.00
[TRAIN] Step 284/350 | 05:10:51
[TRAIN] Step 284 | Loss=0.652364 | Best makespan in group=426.00
[TRAIN] Step 285/350 | 05:11:27
[TRAIN] Step 285 | Loss=0.570199 | Best makespan in group=322.00
[TRAIN] Step 286/350 | 05:12:01
[TRAIN] Step 286 | Loss=0.653716 | Best makespan in group=486.00
[TRAIN] Step 287/350 | 05:12:33
[TRAIN] Step 287 | Loss=0.696300 | Best makespan in group=364.00
[TRAIN] Step 288/350 | 05:13:09
[TRAIN] Step 288 | Loss=0.600453 | Best makespan in group=374.00
[TRAIN] Step 289/350 | 05:13:42
[TRAIN] Step 289 | Loss=0.664653 | Best makespan in group=398.00
[TRAIN] Step 290/350 | 05:14:17
[TRAIN] Step 290 | Loss=0.622782 | Best makespan in group=415.00
[TRAIN] Step 291/350 | 05:14:51
[TRAIN] Step 291 | Loss=0.663809 | Best makespan in group=304.00
[TRAIN] Step 292/350 | 05:15:23
[TRAIN] Step 292 | Loss=0.662593 | Best makespan in group=339.00
[TRAIN] Step 293/350 | 05:15:53
[TRAIN] Step 293 | Loss=0.755943 | Best makespan in group=312.00
[TRAIN] Step 294/350 | 05:16:27
[TRAIN] Step 294 | Loss=0.803387 | Best makespan in group=293.00
[TRAIN] Step 295/350 | 05:16:58
[TRAIN] Step 295 | Loss=0.723111 | Best makespan in group=392.00
[TRAIN] Step 296/350 | 05:17:31
[TRAIN] Step 296 | Loss=0.690976 | Best makespan in group=422.00
[TRAIN] Step 297/350 | 05:18:07
[TRAIN] Step 297 | Loss=0.681228 | Best makespan in group=390.00
[TRAIN] Step 298/350 | 05:18:43
[TRAIN] Step 298 | Loss=0.648579 | Best makespan in group=347.00
[TRAIN] Step 299/350 | 05:19:18
[TRAIN] Step 299 | Loss=0.638890 | Best makespan in group=334.00
[TRAIN] Step 300/350 | 05:19:53
[TRAIN] Step 300 | Loss=0.593395 | Best makespan in group=437.00
[TRAIN][VAL][ep 300] avg_gap=0.1967 | std_gap=0.0996 | q80_gap=0.2854 | n=20
[TRAIN] Step 301/350 | 05:21:00
[TRAIN] Step 301 | Loss=0.690644 | Best makespan in group=315.00
[TRAIN] Step 302/350 | 05:21:32
[TRAIN] Step 302 | Loss=0.597722 | Best makespan in group=400.00
[TRAIN] Step 303/350 | 05:22:07
[TRAIN] Step 303 | Loss=0.568343 | Best makespan in group=338.00
[TRAIN] Step 304/350 | 05:22:40
[TRAIN] Step 304 | Loss=0.590613 | Best makespan in group=343.00
[TRAIN] Step 305/350 | 05:23:12
[TRAIN] Step 305 | Loss=0.568946 | Best makespan in group=331.00
[TRAIN] Step 306/350 | 05:23:44
[TRAIN] Step 306 | Loss=0.586194 | Best makespan in group=330.00
[TRAIN] Step 307/350 | 05:24:18
[TRAIN] Step 307 | Loss=0.635077 | Best makespan in group=388.00
[TRAIN] Step 308/350 | 05:24:52
[TRAIN] Step 308 | Loss=0.711400 | Best makespan in group=427.00
[TRAIN] Step 309/350 | 05:25:25
[TRAIN] Step 309 | Loss=0.659263 | Best makespan in group=319.00
[TRAIN] Step 310/350 | 05:25:59
[TRAIN] Step 310 | Loss=0.586785 | Best makespan in group=392.00
[TRAIN] Step 311/350 | 05:26:30
[TRAIN] Step 311 | Loss=0.733001 | Best makespan in group=401.00
[TRAIN] Step 312/350 | 05:27:02
[TRAIN] Step 312 | Loss=0.623173 | Best makespan in group=405.00
[TRAIN] Step 313/350 | 05:27:35
[TRAIN] Step 313 | Loss=0.613746 | Best makespan in group=409.00
[TRAIN] Step 314/350 | 05:28:09
[TRAIN] Step 314 | Loss=0.577649 | Best makespan in group=363.00
[TRAIN] Step 315/350 | 05:28:42
[TRAIN] Step 315 | Loss=0.586534 | Best makespan in group=469.00
[TRAIN] Step 316/350 | 05:29:14
[TRAIN] Step 316 | Loss=0.641464 | Best makespan in group=325.00
[TRAIN] Step 317/350 | 05:29:44
[TRAIN] Step 317 | Loss=0.629893 | Best makespan in group=504.00
[TRAIN] Step 318/350 | 05:30:16
[TRAIN] Step 318 | Loss=0.731776 | Best makespan in group=393.00
[TRAIN] Step 319/350 | 05:30:51
[TRAIN] Step 319 | Loss=0.610352 | Best makespan in group=350.00
[TRAIN] Step 320/350 | 05:31:27
[TRAIN] Step 320 | Loss=0.622742 | Best makespan in group=367.00
[TRAIN] Step 321/350 | 05:32:04
[TRAIN] Step 321 | Loss=0.666157 | Best makespan in group=313.00
[TRAIN] Step 322/350 | 05:32:38
[TRAIN] Step 322 | Loss=0.664057 | Best makespan in group=337.00
[TRAIN] Step 323/350 | 05:33:09
[TRAIN] Step 323 | Loss=0.639409 | Best makespan in group=390.00
[TRAIN] Step 324/350 | 05:33:40
[TRAIN] Step 324 | Loss=0.718502 | Best makespan in group=323.00
[TRAIN] Step 325/350 | 05:34:10
[TRAIN] Step 325 | Loss=0.588853 | Best makespan in group=401.00
[TRAIN][VAL][ep 325] avg_gap=0.1404 | std_gap=0.0613 | q80_gap=0.2014 | n=20
[TRAIN] Step 326/350 | 05:35:21
[TRAIN] Step 326 | Loss=0.691149 | Best makespan in group=309.00
[TRAIN] Step 327/350 | 05:35:55
[TRAIN] Step 327 | Loss=0.631600 | Best makespan in group=337.00
[TRAIN] Step 328/350 | 05:36:25
[TRAIN] Step 328 | Loss=0.628092 | Best makespan in group=364.00
[TRAIN] Step 329/350 | 05:37:02
[TRAIN] Step 329 | Loss=0.668541 | Best makespan in group=388.00
[TRAIN] Step 330/350 | 05:37:35
[TRAIN] Step 330 | Loss=0.726790 | Best makespan in group=347.00
[TRAIN] Step 331/350 | 05:38:10
[TRAIN] Step 331 | Loss=0.625763 | Best makespan in group=294.00
[TRAIN] Step 332/350 | 05:38:41
[TRAIN] Step 332 | Loss=0.593854 | Best makespan in group=394.00
[TRAIN] Step 333/350 | 05:39:16
[TRAIN] Step 333 | Loss=0.681885 | Best makespan in group=388.00
[TRAIN] Step 334/350 | 05:39:49
[TRAIN] Step 334 | Loss=0.519909 | Best makespan in group=289.00
[TRAIN] Step 335/350 | 05:40:20
[TRAIN] Step 335 | Loss=0.753035 | Best makespan in group=339.00
[TRAIN] Step 336/350 | 05:40:53
[TRAIN] Step 336 | Loss=0.639209 | Best makespan in group=494.00
[TRAIN] Step 337/350 | 05:41:25
[TRAIN] Step 337 | Loss=0.661618 | Best makespan in group=321.00
[TRAIN] Step 338/350 | 05:41:57
[TRAIN] Step 338 | Loss=0.631966 | Best makespan in group=504.00
[TRAIN] Step 339/350 | 05:42:29
[TRAIN] Step 339 | Loss=0.603174 | Best makespan in group=332.00
[TRAIN] Step 340/350 | 05:43:01
[TRAIN] Step 340 | Loss=0.611647 | Best makespan in group=330.00
[TRAIN] Step 341/350 | 05:43:33
[TRAIN] Step 341 | Loss=0.682652 | Best makespan in group=424.00
[TRAIN] Step 342/350 | 05:44:08
[TRAIN] Step 342 | Loss=0.730129 | Best makespan in group=426.00
[TRAIN] Step 343/350 | 05:44:41
[TRAIN] Step 343 | Loss=0.653295 | Best makespan in group=382.00
[TRAIN] Step 344/350 | 05:45:13
[TRAIN] Step 344 | Loss=0.678394 | Best makespan in group=388.00
[TRAIN] Step 345/350 | 05:45:46
[TRAIN] Step 345 | Loss=0.548072 | Best makespan in group=325.00
[TRAIN] Step 346/350 | 05:46:20
[TRAIN] Step 346 | Loss=0.738083 | Best makespan in group=385.00
[TRAIN] Step 347/350 | 05:46:55
[TRAIN] Step 347 | Loss=0.677603 | Best makespan in group=344.00
[TRAIN] Step 348/350 | 05:47:31
[TRAIN] Step 348 | Loss=0.594506 | Best makespan in group=441.00
[TRAIN] Step 349/350 | 05:48:03
[TRAIN] Step 349 | Loss=0.680506 | Best makespan in group=366.00
[TRAIN] Step 350/350 | 05:48:36
[TRAIN] Step 350 | Loss=0.557799 | Best makespan in group=411.00
[TRAIN][VAL][ep 350] avg_gap=0.1471 | std_gap=0.0679 | q80_gap=0.2192 | n=20
[TRAIN] Evaluating best checkpoint (candidate_models/690574809317532.pth) on the held-out test split...
[TRAIN][TEST] avg_gap=0.1530 | std_gap=0.1078 | q80_gap=0.2239 | n=20
[TRAIN][05:50:27] Training ended. Validation history and plots updated.
