D:\Dissertação\dissertation-bopo_introduction\venv\Lib\site-packages\torch\jit\_script.py:1485: FutureWarning: `torch.jit.script` is not supported in Python 3.14+ and may break. Please switch to `torch.compile` or `torch.export`.
  warnings.warn(
============================================================
[TRAIN] Training started at: 2026-09-28 08:16:02
[TRAIN] Hyperparams | max_steps=350 | new_freq=200
[TRAIN]             | n_cases=30 | B=32 | K=10 | use_greedy=True | lr=0.0047 (decaying to 9.40e-04)
[TRAIN]             | warm_start_steps=200 | checkpoint_smooth_window=3 | seed=42
[TRAIN]             | hidden_channels=128 | num_layers=3 | heads=3
[TRAIN]             | logp_norm=mean | exclude_greedy_from_loss=True
[TRAIN] Representation | ojmb_node | GNN | gin | jm_design | edges
[TRAIN] Device | cuda:0 (NVIDIA GeForce GTX 1650 Ti)
[TRAIN] Problem size | jobs=[8,10] | machines=[5,10] | ops_per_job=[5,6] | max_proc=100
============================================================
[TRAIN] Output run folder: results\batching_gin_L3_ojmb_node_s42
[TRAIN] Validation config | every=25 steps | instances=20 (representative subset)
[TRAIN][TEACHER] validation avg_gap=0.5023 | q80_gap=0.6593 || test avg_gap=0.4129 | q80_gap=0.6096
[TRAIN] Warm-start (behavior cloning vs. dispatch heuristic) | 200 step(s)...
[TRAIN][WARMSTART] step 10/200 | instance=2 | bc_loss=1.6477 | decisions=46
[TRAIN][WARMSTART] step 20/200 | instance=4 | bc_loss=0.9235 | decisions=49
[TRAIN][WARMSTART] step 30/200 | instance=9 | bc_loss=0.8187 | decisions=41
[TRAIN][WARMSTART] step 40/200 | instance=24 | bc_loss=0.9799 | decisions=50
[TRAIN][WARMSTART] step 50/200 | instance=18 | bc_loss=0.8250 | decisions=46
[TRAIN][WARMSTART] step 60/200 | instance=27 | bc_loss=0.3422 | decisions=44
[TRAIN][WARMSTART] step 70/200 | instance=26 | bc_loss=0.4671 | decisions=40
[TRAIN][WARMSTART] step 80/200 | instance=10 | bc_loss=0.7975 | decisions=41
[TRAIN][WARMSTART] step 90/200 | instance=2 | bc_loss=0.5666 | decisions=46
[TRAIN][WARMSTART] step 100/200 | instance=10 | bc_loss=0.3945 | decisions=41
[TRAIN][WARMSTART] step 110/200 | instance=19 | bc_loss=0.6038 | decisions=42
[TRAIN][WARMSTART] step 120/200 | instance=1 | bc_loss=0.2862 | decisions=44
[TRAIN][WARMSTART] step 130/200 | instance=1 | bc_loss=0.1855 | decisions=44
[TRAIN][WARMSTART] step 140/200 | instance=8 | bc_loss=0.2534 | decisions=35
[TRAIN][WARMSTART] step 150/200 | instance=1 | bc_loss=0.2100 | decisions=44
[TRAIN][WARMSTART] step 160/200 | instance=0 | bc_loss=0.3865 | decisions=47
[TRAIN][WARMSTART] step 170/200 | instance=4 | bc_loss=0.3509 | decisions=49
[TRAIN][WARMSTART] step 180/200 | instance=16 | bc_loss=0.4553 | decisions=53
[TRAIN][WARMSTART] step 190/200 | instance=27 | bc_loss=0.5287 | decisions=44
[TRAIN][WARMSTART] step 200/200 | instance=23 | bc_loss=0.2548 | decisions=43
[TRAIN] Warm-start complete, switching to BOPO preference optimization.
------------------------------------------------------------
[TRAIN] BOPO agent ready. Starting training loop for 350 step(s)...
------------------------------------------------------------
[TRAIN] Step 1/350 | 08:26:06
[TRAIN] Step 1 | Loss=0.640136 | Best makespan in group=295.00
[TRAIN] Step 2/350 | 08:26:23
[TRAIN] Step 2 | Loss=0.671454 | Best makespan in group=517.00
[TRAIN] Step 3/350 | 08:26:41
[TRAIN] Step 3 | Loss=0.730629 | Best makespan in group=401.00
[TRAIN] Step 4/350 | 08:26:57
[TRAIN] Step 4 | Loss=0.728238 | Best makespan in group=436.00
[TRAIN] Step 5/350 | 08:27:15
[TRAIN] Step 5 | Loss=0.642788 | Best makespan in group=487.00
[TRAIN] Step 6/350 | 08:27:36
[TRAIN] Step 6 | Loss=0.750755 | Best makespan in group=392.00
[TRAIN] Step 7/350 | 08:27:55
[TRAIN] Step 7 | Loss=0.710045 | Best makespan in group=469.00
[TRAIN] Step 8/350 | 08:28:12
[TRAIN] Step 8 | Loss=0.775370 | Best makespan in group=575.00
[TRAIN] Step 9/350 | 08:28:34
[TRAIN] Step 9 | Loss=0.774213 | Best makespan in group=478.00
[TRAIN] Step 10/350 | 08:28:52
[TRAIN] Step 10 | Loss=0.809602 | Best makespan in group=449.00
[TRAIN] Step 11/350 | 08:29:14
[TRAIN] Step 11 | Loss=0.663892 | Best makespan in group=420.00
[TRAIN] Step 12/350 | 08:29:33
[TRAIN] Step 12 | Loss=0.612692 | Best makespan in group=346.00
[TRAIN] Step 13/350 | 08:29:55
[TRAIN] Step 13 | Loss=0.799353 | Best makespan in group=313.00
[TRAIN] Step 14/350 | 08:30:11
[TRAIN] Step 14 | Loss=0.636632 | Best makespan in group=425.00
[TRAIN] Step 15/350 | 08:30:30
[TRAIN] Step 15 | Loss=0.746380 | Best makespan in group=310.00
[TRAIN] Step 16/350 | 08:30:49
[TRAIN] Step 16 | Loss=0.816668 | Best makespan in group=448.00
[TRAIN] Step 17/350 | 08:31:07
[TRAIN] Step 17 | Loss=0.570989 | Best makespan in group=442.00
[TRAIN] Step 18/350 | 08:31:25
[TRAIN] Step 18 | Loss=0.854243 | Best makespan in group=325.00
[TRAIN] Step 19/350 | 08:31:48
[TRAIN] Step 19 | Loss=0.782671 | Best makespan in group=388.00
[TRAIN] Step 20/350 | 08:32:10
[TRAIN] Step 20 | Loss=0.793623 | Best makespan in group=327.00
[TRAIN] Step 21/350 | 08:32:32
[TRAIN] Step 21 | Loss=0.722100 | Best makespan in group=388.00
[TRAIN] Step 22/350 | 08:32:50
[TRAIN] Step 22 | Loss=0.606376 | Best makespan in group=342.00
[TRAIN] Step 23/350 | 08:33:08
[TRAIN] Step 23 | Loss=0.767613 | Best makespan in group=307.00
[TRAIN] Step 24/350 | 08:33:26
[TRAIN] Step 24 | Loss=0.584928 | Best makespan in group=375.00
[TRAIN] Step 25/350 | 08:33:49
[TRAIN] Step 25 | Loss=0.863167 | Best makespan in group=413.00
[TRAIN][VAL][ep 25] avg_gap=0.2041 | std_gap=0.1019 | q80_gap=0.2864 | n=20
[TRAIN] Validation improved | smoothed_avg_gap=0.2041 (raw=0.2041) | saving candidate: 851560812823601.pth
[TRAIN] Step 26/350 | 08:34:40
[TRAIN] Step 26 | Loss=0.648185 | Best makespan in group=334.00
[TRAIN] Step 27/350 | 08:34:57
[TRAIN] Step 27 | Loss=0.667348 | Best makespan in group=430.00
[TRAIN] Step 28/350 | 08:35:19
[TRAIN] Step 28 | Loss=0.659352 | Best makespan in group=403.00
[TRAIN] Step 29/350 | 08:35:39
[TRAIN] Step 29 | Loss=0.667625 | Best makespan in group=375.00
[TRAIN] Step 30/350 | 08:36:00
[TRAIN] Step 30 | Loss=0.802275 | Best makespan in group=324.00
[TRAIN] Step 31/350 | 08:36:17
[TRAIN] Step 31 | Loss=0.624995 | Best makespan in group=388.00
[TRAIN] Step 32/350 | 08:36:40
[TRAIN] Step 32 | Loss=0.622864 | Best makespan in group=352.00
[TRAIN] Step 33/350 | 08:36:59
[TRAIN] Step 33 | Loss=0.667614 | Best makespan in group=360.00
[TRAIN] Step 34/350 | 08:37:19
[TRAIN] Step 34 | Loss=0.712259 | Best makespan in group=259.00
[TRAIN] Step 35/350 | 08:37:36
[TRAIN] Step 35 | Loss=0.615435 | Best makespan in group=372.00
[TRAIN] Step 36/350 | 08:37:51
[TRAIN] Step 36 | Loss=0.688396 | Best makespan in group=326.00
[TRAIN] Step 37/350 | 08:38:13
[TRAIN] Step 37 | Loss=0.820103 | Best makespan in group=373.00
[TRAIN] Step 38/350 | 08:38:30
[TRAIN] Step 38 | Loss=0.749400 | Best makespan in group=287.00
[TRAIN] Step 39/350 | 08:38:47
[TRAIN] Step 39 | Loss=0.689380 | Best makespan in group=388.00
[TRAIN] Step 40/350 | 08:39:04
[TRAIN] Step 40 | Loss=0.682421 | Best makespan in group=376.00
[TRAIN] Step 41/350 | 08:39:24
[TRAIN] Step 41 | Loss=0.589126 | Best makespan in group=383.00
[TRAIN] Step 42/350 | 08:39:43
[TRAIN] Step 42 | Loss=0.775955 | Best makespan in group=354.00
[TRAIN] Step 43/350 | 08:40:00
[TRAIN] Step 43 | Loss=0.623185 | Best makespan in group=308.00
[TRAIN] Step 44/350 | 08:40:19
[TRAIN] Step 44 | Loss=0.797219 | Best makespan in group=326.00
[TRAIN] Step 45/350 | 08:40:36
[TRAIN] Step 45 | Loss=0.705288 | Best makespan in group=359.00
[TRAIN] Step 46/350 | 08:40:56
[TRAIN] Step 46 | Loss=0.705210 | Best makespan in group=410.00
[TRAIN] Step 47/350 | 08:41:14
[TRAIN] Step 47 | Loss=0.701903 | Best makespan in group=365.00
[TRAIN] Step 48/350 | 08:41:33
[TRAIN] Step 48 | Loss=0.783448 | Best makespan in group=292.00
[TRAIN] Step 49/350 | 08:41:53
[TRAIN] Step 49 | Loss=0.781671 | Best makespan in group=438.00
[TRAIN] Step 50/350 | 08:42:13
[TRAIN] Step 50 | Loss=0.773408 | Best makespan in group=393.00
[TRAIN][VAL][ep 50] avg_gap=0.1755 | std_gap=0.1116 | q80_gap=0.2535 | n=20
[TRAIN] Validation improved | smoothed_avg_gap=0.1898 (raw=0.1755) | saving candidate: 528766600313156.pth
[TRAIN] Step 51/350 | 08:43:10
[TRAIN] Step 51 | Loss=0.627398 | Best makespan in group=448.00
[TRAIN] Step 52/350 | 08:43:33
[TRAIN] Step 52 | Loss=0.624934 | Best makespan in group=306.00
[TRAIN] Step 53/350 | 08:43:53
[TRAIN] Step 53 | Loss=0.645719 | Best makespan in group=298.00
[TRAIN] Step 54/350 | 08:44:11
[TRAIN] Step 54 | Loss=0.871873 | Best makespan in group=415.00
[TRAIN] Step 55/350 | 08:44:33
[TRAIN] Step 55 | Loss=0.722081 | Best makespan in group=352.00
[TRAIN] Step 56/350 | 08:44:54
[TRAIN] Step 56 | Loss=0.655342 | Best makespan in group=321.00
[TRAIN] Step 57/350 | 08:45:15
[TRAIN] Step 57 | Loss=0.576695 | Best makespan in group=383.00
[TRAIN] Step 58/350 | 08:45:36
[TRAIN] Step 58 | Loss=0.570979 | Best makespan in group=324.00
[TRAIN] Step 59/350 | 08:45:53
[TRAIN] Step 59 | Loss=0.620763 | Best makespan in group=471.00
[TRAIN] Step 60/350 | 08:46:13
[TRAIN] Step 60 | Loss=0.659488 | Best makespan in group=430.00
[TRAIN] Step 61/350 | 08:46:34
[TRAIN] Step 61 | Loss=0.784562 | Best makespan in group=383.00
[TRAIN] Step 62/350 | 08:46:54
[TRAIN] Step 62 | Loss=0.630728 | Best makespan in group=452.00
[TRAIN] Step 63/350 | 08:47:17
[TRAIN] Step 63 | Loss=0.855570 | Best makespan in group=292.00
[TRAIN] Step 64/350 | 08:47:37
[TRAIN] Step 64 | Loss=0.621862 | Best makespan in group=464.00
[TRAIN] Step 65/350 | 08:47:56
[TRAIN] Step 65 | Loss=0.698441 | Best makespan in group=392.00
[TRAIN] Step 66/350 | 08:48:15
[TRAIN] Step 66 | Loss=0.789218 | Best makespan in group=255.00
[TRAIN] Step 67/350 | 08:48:32
[TRAIN] Step 67 | Loss=0.751648 | Best makespan in group=299.00
[TRAIN] Step 68/350 | 08:48:51
[TRAIN] Step 68 | Loss=0.705736 | Best makespan in group=385.00
[TRAIN] Step 69/350 | 08:49:06
[TRAIN] Step 69 | Loss=0.566340 | Best makespan in group=343.00
[TRAIN] Step 70/350 | 08:49:25
[TRAIN] Step 70 | Loss=0.829345 | Best makespan in group=433.00
[TRAIN] Step 71/350 | 08:49:45
[TRAIN] Step 71 | Loss=0.735628 | Best makespan in group=356.00
[TRAIN] Step 72/350 | 08:50:03
[TRAIN] Step 72 | Loss=0.732736 | Best makespan in group=289.00
[TRAIN] Step 73/350 | 08:50:20
[TRAIN] Step 73 | Loss=0.767030 | Best makespan in group=326.00
[TRAIN] Step 74/350 | 08:50:37
[TRAIN] Step 74 | Loss=0.540565 | Best makespan in group=324.00
[TRAIN] Step 75/350 | 08:50:53
[TRAIN] Step 75 | Loss=0.871527 | Best makespan in group=378.00
[TRAIN][VAL][ep 75] avg_gap=0.3314 | std_gap=0.2070 | q80_gap=0.5065 | n=20
[TRAIN] Step 76/350 | 08:51:44
[TRAIN] Step 76 | Loss=0.732810 | Best makespan in group=323.00
[TRAIN] Step 77/350 | 08:52:06
[TRAIN] Step 77 | Loss=0.687291 | Best makespan in group=430.00
[TRAIN] Step 78/350 | 08:52:27
[TRAIN] Step 78 | Loss=0.759692 | Best makespan in group=376.00
[TRAIN] Step 79/350 | 08:52:49
[TRAIN] Step 79 | Loss=0.713087 | Best makespan in group=399.00
[TRAIN] Step 80/350 | 08:53:09
[TRAIN] Step 80 | Loss=0.700260 | Best makespan in group=389.00
[TRAIN] Step 81/350 | 08:53:32
[TRAIN] Step 81 | Loss=0.653712 | Best makespan in group=379.00
[TRAIN] Step 82/350 | 08:53:52
[TRAIN] Step 82 | Loss=0.748389 | Best makespan in group=303.00
[TRAIN] Step 83/350 | 08:54:10
[TRAIN] Step 83 | Loss=0.788822 | Best makespan in group=357.00
[TRAIN] Step 84/350 | 08:54:27
[TRAIN] Step 84 | Loss=0.783372 | Best makespan in group=406.00
[TRAIN] Step 85/350 | 08:54:44
[TRAIN] Step 85 | Loss=0.674435 | Best makespan in group=354.00
[TRAIN] Step 86/350 | 08:55:04
[TRAIN] Step 86 | Loss=0.716751 | Best makespan in group=364.00
[TRAIN] Step 87/350 | 08:55:25
[TRAIN] Step 87 | Loss=0.818875 | Best makespan in group=414.00
[TRAIN] Step 88/350 | 08:55:47
[TRAIN] Step 88 | Loss=0.774842 | Best makespan in group=361.00
[TRAIN] Step 89/350 | 08:56:06
[TRAIN] Step 89 | Loss=0.760248 | Best makespan in group=308.00
[TRAIN] Step 90/350 | 08:56:26
[TRAIN] Step 90 | Loss=0.696782 | Best makespan in group=321.00
[TRAIN] Step 91/350 | 08:56:46
[TRAIN] Step 91 | Loss=0.705422 | Best makespan in group=256.00
[TRAIN] Step 92/350 | 08:57:03
[TRAIN] Step 92 | Loss=0.655646 | Best makespan in group=382.00
[TRAIN] Step 93/350 | 08:57:21
[TRAIN] Step 93 | Loss=0.656831 | Best makespan in group=314.00
[TRAIN] Step 94/350 | 08:57:41
[TRAIN] Step 94 | Loss=0.753050 | Best makespan in group=430.00
[TRAIN] Step 95/350 | 08:58:02
[TRAIN] Step 95 | Loss=0.738442 | Best makespan in group=468.00
[TRAIN] Step 96/350 | 08:58:24
[TRAIN] Step 96 | Loss=0.579863 | Best makespan in group=318.00
[TRAIN] Step 97/350 | 08:58:44
[TRAIN] Step 97 | Loss=0.711891 | Best makespan in group=394.00
[TRAIN] Step 98/350 | 08:59:01
[TRAIN] Step 98 | Loss=0.631239 | Best makespan in group=328.00
[TRAIN] Step 99/350 | 08:59:17
[TRAIN] Step 99 | Loss=0.750099 | Best makespan in group=380.00
[TRAIN] Step 100/350 | 08:59:37
[TRAIN] Step 100 | Loss=0.727181 | Best makespan in group=292.00
[TRAIN][VAL][ep 100] avg_gap=0.1657 | std_gap=0.0820 | q80_gap=0.2299 | n=20
[TRAIN] Step 101/350 | 09:00:30
[TRAIN] Step 101 | Loss=0.699903 | Best makespan in group=369.00
[TRAIN] Step 102/350 | 09:00:49
[TRAIN] Step 102 | Loss=0.698063 | Best makespan in group=298.00
[TRAIN] Step 103/350 | 09:01:06
[TRAIN] Step 103 | Loss=0.668060 | Best makespan in group=286.00
[TRAIN] Step 104/350 | 09:01:23
[TRAIN] Step 104 | Loss=0.832024 | Best makespan in group=365.00
[TRAIN] Step 105/350 | 09:01:41
[TRAIN] Step 105 | Loss=0.751078 | Best makespan in group=379.00
[TRAIN] Step 106/350 | 09:02:01
[TRAIN] Step 106 | Loss=0.678827 | Best makespan in group=407.00
[TRAIN] Step 107/350 | 09:02:23
[TRAIN] Step 107 | Loss=0.717165 | Best makespan in group=444.00
[TRAIN] Step 108/350 | 09:02:42
[TRAIN] Step 108 | Loss=0.694295 | Best makespan in group=402.00
[TRAIN] Step 109/350 | 09:03:00
[TRAIN] Step 109 | Loss=0.846008 | Best makespan in group=356.00
[TRAIN] Step 110/350 | 09:03:16
[TRAIN] Step 110 | Loss=0.646515 | Best makespan in group=371.00
[TRAIN] Step 111/350 | 09:03:35
[TRAIN] Step 111 | Loss=0.734646 | Best makespan in group=475.00
[TRAIN] Step 112/350 | 09:03:54
[TRAIN] Step 112 | Loss=0.659310 | Best makespan in group=352.00
[TRAIN] Step 113/350 | 09:04:14
[TRAIN] Step 113 | Loss=0.591826 | Best makespan in group=355.00
[TRAIN] Step 114/350 | 09:04:33
[TRAIN] Step 114 | Loss=0.649223 | Best makespan in group=377.00
[TRAIN] Step 115/350 | 09:04:48
[TRAIN] Step 115 | Loss=0.613449 | Best makespan in group=370.00
[TRAIN] Step 116/350 | 09:05:06
[TRAIN] Step 116 | Loss=0.672054 | Best makespan in group=319.00
[TRAIN] Step 117/350 | 09:05:22
[TRAIN] Step 117 | Loss=0.760637 | Best makespan in group=377.00
[TRAIN] Step 118/350 | 09:05:44
[TRAIN] Step 118 | Loss=0.739416 | Best makespan in group=307.00
[TRAIN] Step 119/350 | 09:06:02
[TRAIN] Step 119 | Loss=0.652551 | Best makespan in group=375.00
[TRAIN] Step 120/350 | 09:06:21
[TRAIN] Step 120 | Loss=0.581428 | Best makespan in group=322.00
[TRAIN] Step 121/350 | 09:06:42
[TRAIN] Step 121 | Loss=0.764163 | Best makespan in group=359.00
[TRAIN] Step 122/350 | 09:07:01
[TRAIN] Step 122 | Loss=0.659678 | Best makespan in group=353.00
[TRAIN] Step 123/350 | 09:07:20
[TRAIN] Step 123 | Loss=0.703207 | Best makespan in group=459.00
[TRAIN] Step 124/350 | 09:07:39
[TRAIN] Step 124 | Loss=0.628342 | Best makespan in group=356.00
[TRAIN] Step 125/350 | 09:08:00
[TRAIN] Step 125 | Loss=0.614243 | Best makespan in group=322.00
[TRAIN][VAL][ep 125] avg_gap=0.1951 | std_gap=0.1069 | q80_gap=0.2928 | n=20
[TRAIN] Step 126/350 | 09:08:53
[TRAIN] Step 126 | Loss=0.682300 | Best makespan in group=326.00
[TRAIN] Step 127/350 | 09:09:10
[TRAIN] Step 127 | Loss=0.684313 | Best makespan in group=430.00
[TRAIN] Step 128/350 | 09:09:32
[TRAIN] Step 128 | Loss=0.655540 | Best makespan in group=377.00
[TRAIN] Step 129/350 | 09:09:46
[TRAIN] Step 129 | Loss=0.594205 | Best makespan in group=324.00
[TRAIN] Step 130/350 | 09:10:03
[TRAIN] Step 130 | Loss=0.650392 | Best makespan in group=433.00
[TRAIN] Step 131/350 | 09:10:21
[TRAIN] Step 131 | Loss=0.787744 | Best makespan in group=306.00
[TRAIN] Step 132/350 | 09:10:41
[TRAIN] Step 132 | Loss=0.508873 | Best makespan in group=359.00
[TRAIN] Step 133/350 | 09:10:58
[TRAIN] Step 133 | Loss=0.614803 | Best makespan in group=359.00
[TRAIN] Step 134/350 | 09:11:17
[TRAIN] Step 134 | Loss=0.640701 | Best makespan in group=371.00
[TRAIN] Step 135/350 | 09:11:39
[TRAIN] Step 135 | Loss=0.694590 | Best makespan in group=359.00
[TRAIN] Step 136/350 | 09:11:57
[TRAIN] Step 136 | Loss=0.781410 | Best makespan in group=388.00
[TRAIN] Step 137/350 | 09:12:14
[TRAIN] Step 137 | Loss=0.626580 | Best makespan in group=282.00
[TRAIN] Step 138/350 | 09:12:34
[TRAIN] Step 138 | Loss=0.698174 | Best makespan in group=299.00
[TRAIN] Step 139/350 | 09:12:51
[TRAIN] Step 139 | Loss=0.806824 | Best makespan in group=253.00
[TRAIN] Step 140/350 | 09:13:08
[TRAIN] Step 140 | Loss=0.889908 | Best makespan in group=364.00
[TRAIN] Step 141/350 | 09:13:25
[TRAIN] Step 141 | Loss=0.638078 | Best makespan in group=442.00
[TRAIN] Step 142/350 | 09:13:47
[TRAIN] Step 142 | Loss=0.653239 | Best makespan in group=354.00
[TRAIN] Step 143/350 | 09:14:03
[TRAIN] Step 143 | Loss=0.795317 | Best makespan in group=282.00
[TRAIN] Step 144/350 | 09:14:19
[TRAIN] Step 144 | Loss=0.665897 | Best makespan in group=391.00
[TRAIN] Step 145/350 | 09:14:38
[TRAIN] Step 145 | Loss=0.557932 | Best makespan in group=385.00
[TRAIN] Step 146/350 | 09:14:55
[TRAIN] Step 146 | Loss=0.623566 | Best makespan in group=328.00
[TRAIN] Step 147/350 | 09:15:16
[TRAIN] Step 147 | Loss=0.829423 | Best makespan in group=366.00
[TRAIN] Step 148/350 | 09:15:38
[TRAIN] Step 148 | Loss=0.633921 | Best makespan in group=362.00
[TRAIN] Step 149/350 | 09:15:58
[TRAIN] Step 149 | Loss=0.644960 | Best makespan in group=395.00
[TRAIN] Step 150/350 | 09:16:20
[TRAIN] Step 150 | Loss=0.606779 | Best makespan in group=301.00
[TRAIN][VAL][ep 150] avg_gap=0.1573 | std_gap=0.1055 | q80_gap=0.2113 | n=20
[TRAIN] Validation improved | smoothed_avg_gap=0.1727 (raw=0.1573) | saving candidate: 357527311057634.pth
[TRAIN] Step 151/350 | 09:17:14
[TRAIN] Step 151 | Loss=0.654998 | Best makespan in group=433.00
[TRAIN] Step 152/350 | 09:17:34
[TRAIN] Step 152 | Loss=0.693123 | Best makespan in group=349.00
[TRAIN] Step 153/350 | 09:17:56
[TRAIN] Step 153 | Loss=0.649809 | Best makespan in group=339.00
[TRAIN] Step 154/350 | 09:18:17
[TRAIN] Step 154 | Loss=0.703955 | Best makespan in group=430.00
[TRAIN] Step 155/350 | 09:18:39
[TRAIN] Step 155 | Loss=0.718242 | Best makespan in group=295.00
[TRAIN] Step 156/350 | 09:18:55
[TRAIN] Step 156 | Loss=0.664061 | Best makespan in group=255.00
[TRAIN] Step 157/350 | 09:19:13
[TRAIN] Step 157 | Loss=0.760517 | Best makespan in group=325.00
[TRAIN] Step 158/350 | 09:19:29
[TRAIN] Step 158 | Loss=0.783229 | Best makespan in group=294.00
[TRAIN] Step 159/350 | 09:19:49
[TRAIN] Step 159 | Loss=0.687890 | Best makespan in group=362.00
[TRAIN] Step 160/350 | 09:20:11
[TRAIN] Step 160 | Loss=0.673686 | Best makespan in group=399.00
[TRAIN] Step 161/350 | 09:20:28
[TRAIN] Step 161 | Loss=0.667012 | Best makespan in group=370.00
[TRAIN] Step 162/350 | 09:20:51
[TRAIN] Step 162 | Loss=0.642024 | Best makespan in group=387.00
[TRAIN] Step 163/350 | 09:21:13
[TRAIN] Step 163 | Loss=0.767774 | Best makespan in group=394.00
[TRAIN] Step 164/350 | 09:21:31
[TRAIN] Step 164 | Loss=0.686381 | Best makespan in group=365.00
[TRAIN] Step 165/350 | 09:21:51
[TRAIN] Step 165 | Loss=0.706335 | Best makespan in group=304.00
[TRAIN] Step 166/350 | 09:22:10
[TRAIN] Step 166 | Loss=0.724651 | Best makespan in group=349.00
[TRAIN] Step 167/350 | 09:22:29
[TRAIN] Step 167 | Loss=0.672111 | Best makespan in group=398.00
[TRAIN] Step 168/350 | 09:22:48
[TRAIN] Step 168 | Loss=0.594550 | Best makespan in group=369.00
[TRAIN] Step 169/350 | 09:23:10
[TRAIN] Step 169 | Loss=0.627013 | Best makespan in group=462.00
[TRAIN] Step 170/350 | 09:23:29
[TRAIN] Step 170 | Loss=0.609291 | Best makespan in group=376.00
[TRAIN] Step 171/350 | 09:23:44
[TRAIN] Step 171 | Loss=0.623622 | Best makespan in group=442.00
[TRAIN] Step 172/350 | 09:24:06
[TRAIN] Step 172 | Loss=0.520871 | Best makespan in group=298.00
[TRAIN] Step 173/350 | 09:24:24
[TRAIN] Step 173 | Loss=0.630966 | Best makespan in group=334.00
[TRAIN] Step 174/350 | 09:24:40
[TRAIN] Step 174 | Loss=0.673874 | Best makespan in group=383.00
[TRAIN] Step 175/350 | 09:24:58
[TRAIN] Step 175 | Loss=0.657043 | Best makespan in group=285.00
[TRAIN][VAL][ep 175] avg_gap=0.1492 | std_gap=0.0778 | q80_gap=0.2333 | n=20
[TRAIN] Validation improved | smoothed_avg_gap=0.1672 (raw=0.1492) | saving candidate: 731765085505371.pth
[TRAIN] Step 176/350 | 09:25:50
[TRAIN] Step 176 | Loss=0.589312 | Best makespan in group=364.00
[TRAIN] Step 177/350 | 09:26:09
[TRAIN] Step 177 | Loss=0.725287 | Best makespan in group=320.00
[TRAIN] Step 178/350 | 09:26:29
[TRAIN] Step 178 | Loss=0.717369 | Best makespan in group=351.00
[TRAIN] Step 179/350 | 09:26:48
[TRAIN] Step 179 | Loss=0.772960 | Best makespan in group=354.00
[TRAIN] Step 180/350 | 09:27:06
[TRAIN] Step 180 | Loss=0.748644 | Best makespan in group=351.00
[TRAIN] Step 181/350 | 09:27:23
[TRAIN] Step 181 | Loss=0.660651 | Best makespan in group=395.00
[TRAIN] Step 182/350 | 09:27:40
[TRAIN] Step 182 | Loss=0.630912 | Best makespan in group=318.00
[TRAIN] Step 183/350 | 09:28:00
[TRAIN] Step 183 | Loss=0.683220 | Best makespan in group=297.00
[TRAIN] Step 184/350 | 09:28:18
[TRAIN] Step 184 | Loss=0.670723 | Best makespan in group=356.00
[TRAIN] Step 185/350 | 09:28:36
[TRAIN] Step 185 | Loss=0.696289 | Best makespan in group=397.00
[TRAIN] Step 186/350 | 09:28:55
[TRAIN] Step 186 | Loss=0.811456 | Best makespan in group=370.00
[TRAIN] Step 187/350 | 09:29:13
[TRAIN] Step 187 | Loss=0.765213 | Best makespan in group=253.00
[TRAIN] Step 188/350 | 09:29:32
[TRAIN] Step 188 | Loss=0.698836 | Best makespan in group=371.00
[TRAIN] Step 189/350 | 09:29:54
[TRAIN] Step 189 | Loss=0.730165 | Best makespan in group=394.00
[TRAIN] Step 190/350 | 09:30:16
[TRAIN] Step 190 | Loss=0.823309 | Best makespan in group=374.00
[TRAIN] Step 191/350 | 09:30:30
[TRAIN] Step 191 | Loss=0.725209 | Best makespan in group=391.00
[TRAIN] Step 192/350 | 09:30:49
[TRAIN] Step 192 | Loss=0.701920 | Best makespan in group=284.00
[TRAIN] Step 193/350 | 09:31:06
[TRAIN] Step 193 | Loss=0.667641 | Best makespan in group=331.00
[TRAIN] Step 194/350 | 09:31:22
[TRAIN] Step 194 | Loss=0.620877 | Best makespan in group=324.00
[TRAIN] Step 195/350 | 09:31:43
[TRAIN] Step 195 | Loss=0.660177 | Best makespan in group=345.00
[TRAIN] Step 196/350 | 09:32:04
[TRAIN] Step 196 | Loss=0.767198 | Best makespan in group=441.00
[TRAIN] Step 197/350 | 09:32:26
[TRAIN] Step 197 | Loss=0.793336 | Best makespan in group=369.00
[TRAIN] Step 198/350 | 09:32:47
[TRAIN] Step 198 | Loss=0.633862 | Best makespan in group=316.00
[TRAIN] Step 199/350 | 09:33:03
[TRAIN] Step 199 | Loss=0.662303 | Best makespan in group=372.00
[TRAIN] Step 200/350 | 09:33:23
[TRAIN] Step 200 | Loss=0.652332 | Best makespan in group=383.00
[TRAIN] Refreshing training instances (step 200)...
[TRAIN][VAL][ep 200] avg_gap=0.1507 | std_gap=0.0877 | q80_gap=0.2259 | n=20
[TRAIN] Validation improved | smoothed_avg_gap=0.1524 (raw=0.1507) | saving candidate: 678701542087132.pth
[TRAIN] Step 201/350 | 09:34:18
[TRAIN] Step 201 | Loss=0.660133 | Best makespan in group=356.00
[TRAIN] Step 202/350 | 09:34:38
[TRAIN] Step 202 | Loss=0.712976 | Best makespan in group=411.00
[TRAIN] Step 203/350 | 09:34:57
[TRAIN] Step 203 | Loss=0.670773 | Best makespan in group=358.00
[TRAIN] Step 204/350 | 09:35:14
[TRAIN] Step 204 | Loss=0.611121 | Best makespan in group=324.00
[TRAIN] Step 205/350 | 09:35:31
[TRAIN] Step 205 | Loss=0.662684 | Best makespan in group=461.00
[TRAIN] Step 206/350 | 09:35:50
[TRAIN] Step 206 | Loss=0.774582 | Best makespan in group=314.00
[TRAIN] Step 207/350 | 09:36:06
[TRAIN] Step 207 | Loss=0.750584 | Best makespan in group=443.00
[TRAIN] Step 208/350 | 09:36:26
[TRAIN] Step 208 | Loss=0.698018 | Best makespan in group=318.00
[TRAIN] Step 209/350 | 09:36:44
[TRAIN] Step 209 | Loss=0.737117 | Best makespan in group=450.00
[TRAIN] Step 210/350 | 09:37:01
[TRAIN] Step 210 | Loss=0.690991 | Best makespan in group=449.00
[TRAIN] Step 211/350 | 09:37:18
[TRAIN] Step 211 | Loss=0.652932 | Best makespan in group=407.00
[TRAIN] Step 212/350 | 09:37:37
[TRAIN] Step 212 | Loss=0.763363 | Best makespan in group=379.00
[TRAIN] Step 213/350 | 09:37:57
[TRAIN] Step 213 | Loss=0.754062 | Best makespan in group=368.00
[TRAIN] Step 214/350 | 09:38:14
[TRAIN] Step 214 | Loss=0.708040 | Best makespan in group=375.00
[TRAIN] Step 215/350 | 09:38:36
[TRAIN] Step 215 | Loss=0.792793 | Best makespan in group=433.00
[TRAIN] Step 216/350 | 09:38:54
[TRAIN] Step 216 | Loss=0.665829 | Best makespan in group=367.00
[TRAIN] Step 217/350 | 09:39:11
[TRAIN] Step 217 | Loss=0.799965 | Best makespan in group=471.00
[TRAIN] Step 218/350 | 09:39:29
[TRAIN] Step 218 | Loss=0.687085 | Best makespan in group=310.00
[TRAIN] Step 219/350 | 09:39:51
[TRAIN] Step 219 | Loss=0.670766 | Best makespan in group=348.00
[TRAIN] Step 220/350 | 09:40:07
[TRAIN] Step 220 | Loss=0.747988 | Best makespan in group=437.00
[TRAIN] Step 221/350 | 09:40:27
[TRAIN] Step 221 | Loss=0.615989 | Best makespan in group=411.00
[TRAIN] Step 222/350 | 09:40:43
[TRAIN] Step 222 | Loss=0.593682 | Best makespan in group=435.00
[TRAIN] Step 223/350 | 09:40:59
[TRAIN] Step 223 | Loss=0.637676 | Best makespan in group=369.00
[TRAIN] Step 224/350 | 09:41:19
[TRAIN] Step 224 | Loss=0.660304 | Best makespan in group=369.00
[TRAIN] Step 225/350 | 09:41:41
[TRAIN] Step 225 | Loss=0.662264 | Best makespan in group=474.00
[TRAIN][VAL][ep 225] avg_gap=0.1186 | std_gap=0.0785 | q80_gap=0.2007 | n=20
[TRAIN] Validation improved | smoothed_avg_gap=0.1395 (raw=0.1186) | saving candidate: 768605753410992.pth
[TRAIN] Step 226/350 | 09:42:36
[TRAIN] Step 226 | Loss=0.733715 | Best makespan in group=297.00
[TRAIN] Step 227/350 | 09:42:53
[TRAIN] Step 227 | Loss=0.638268 | Best makespan in group=342.00
[TRAIN] Step 228/350 | 09:43:09
[TRAIN] Step 228 | Loss=0.705490 | Best makespan in group=445.00
[TRAIN] Step 229/350 | 09:43:29
[TRAIN] Step 229 | Loss=0.717385 | Best makespan in group=342.00
[TRAIN] Step 230/350 | 09:43:45
[TRAIN] Step 230 | Loss=0.607936 | Best makespan in group=307.00
[TRAIN] Step 231/350 | 09:44:06
[TRAIN] Step 231 | Loss=0.802678 | Best makespan in group=430.00
[TRAIN] Step 232/350 | 09:44:22
[TRAIN] Step 232 | Loss=0.718446 | Best makespan in group=445.00
[TRAIN] Step 233/350 | 09:44:38
[TRAIN] Step 233 | Loss=0.670857 | Best makespan in group=310.00
[TRAIN] Step 234/350 | 09:45:00
[TRAIN] Step 234 | Loss=0.855797 | Best makespan in group=348.00
[TRAIN] Step 235/350 | 09:45:17
[TRAIN] Step 235 | Loss=0.820366 | Best makespan in group=394.00
[TRAIN] Step 236/350 | 09:45:37
[TRAIN] Step 236 | Loss=0.740564 | Best makespan in group=441.00
[TRAIN] Step 237/350 | 09:45:56
[TRAIN] Step 237 | Loss=0.664914 | Best makespan in group=384.00
[TRAIN] Step 238/350 | 09:46:19
[TRAIN] Step 238 | Loss=0.668827 | Best makespan in group=453.00
[TRAIN] Step 239/350 | 09:46:37
[TRAIN] Step 239 | Loss=0.598392 | Best makespan in group=342.00
[TRAIN] Step 240/350 | 09:46:53
[TRAIN] Step 240 | Loss=0.801003 | Best makespan in group=366.00
[TRAIN] Step 241/350 | 09:47:12
[TRAIN] Step 241 | Loss=0.646040 | Best makespan in group=358.00
[TRAIN] Step 242/350 | 09:47:30
[TRAIN] Step 242 | Loss=0.652374 | Best makespan in group=304.00
[TRAIN] Step 243/350 | 09:47:46
[TRAIN] Step 243 | Loss=0.594499 | Best makespan in group=350.00
[TRAIN] Step 244/350 | 09:48:01
[TRAIN] Step 244 | Loss=0.653343 | Best makespan in group=356.00
[TRAIN] Step 245/350 | 09:48:19
[TRAIN] Step 245 | Loss=0.635182 | Best makespan in group=406.00
[TRAIN] Step 246/350 | 09:48:35
[TRAIN] Step 246 | Loss=0.599102 | Best makespan in group=493.00
[TRAIN] Step 247/350 | 09:48:54
[TRAIN] Step 247 | Loss=0.704589 | Best makespan in group=371.00
[TRAIN] Step 248/350 | 09:49:17
[TRAIN] Step 248 | Loss=0.640140 | Best makespan in group=392.00
[TRAIN] Step 249/350 | 09:49:35
[TRAIN] Step 249 | Loss=0.667260 | Best makespan in group=314.00
[TRAIN] Step 250/350 | 09:49:50
[TRAIN] Step 250 | Loss=0.715628 | Best makespan in group=447.00
[TRAIN][VAL][ep 250] avg_gap=0.1381 | std_gap=0.0675 | q80_gap=0.2140 | n=20
[TRAIN] Validation improved | smoothed_avg_gap=0.1358 (raw=0.1381) | saving candidate: 370462206185440.pth
[TRAIN] Step 251/350 | 09:50:45
[TRAIN] Step 251 | Loss=0.583951 | Best makespan in group=367.00
[TRAIN] Step 252/350 | 09:51:02
[TRAIN] Step 252 | Loss=0.679270 | Best makespan in group=445.00
[TRAIN] Step 253/350 | 09:51:20
[TRAIN] Step 253 | Loss=0.665529 | Best makespan in group=417.00
[TRAIN] Step 254/350 | 09:51:39
[TRAIN] Step 254 | Loss=0.812821 | Best makespan in group=325.00
[TRAIN] Step 255/350 | 09:51:55
[TRAIN] Step 255 | Loss=0.693452 | Best makespan in group=303.00
[TRAIN] Step 256/350 | 09:52:16
[TRAIN] Step 256 | Loss=0.728155 | Best makespan in group=482.00
[TRAIN] Step 257/350 | 09:52:36
[TRAIN] Step 257 | Loss=0.657101 | Best makespan in group=455.00
[TRAIN] Step 258/350 | 09:52:55
[TRAIN] Step 258 | Loss=0.592174 | Best makespan in group=474.00
[TRAIN] Step 259/350 | 09:53:14
[TRAIN] Step 259 | Loss=0.680525 | Best makespan in group=318.00
[TRAIN] Step 260/350 | 09:53:32
[TRAIN] Step 260 | Loss=0.673571 | Best makespan in group=369.00
[TRAIN] Step 261/350 | 09:53:48
[TRAIN] Step 261 | Loss=0.636775 | Best makespan in group=371.00
[TRAIN] Step 262/350 | 09:54:10
[TRAIN] Step 262 | Loss=0.661954 | Best makespan in group=446.00
[TRAIN] Step 263/350 | 09:54:30
[TRAIN] Step 263 | Loss=0.655045 | Best makespan in group=442.00
[TRAIN] Step 264/350 | 09:54:50
[TRAIN] Step 264 | Loss=0.655704 | Best makespan in group=325.00
[TRAIN] Step 265/350 | 09:55:10
[TRAIN] Step 265 | Loss=0.694728 | Best makespan in group=479.00
[TRAIN] Step 266/350 | 09:55:29
[TRAIN] Step 266 | Loss=0.644455 | Best makespan in group=304.00
[TRAIN] Step 267/350 | 10:21:26
[TRAIN] Step 267 | Loss=0.745296 | Best makespan in group=443.00
[TRAIN] Step 268/350 | 10:21:45
[TRAIN] Step 268 | Loss=0.727041 | Best makespan in group=445.00
[TRAIN] Step 269/350 | 10:22:03
[TRAIN] Step 269 | Loss=0.681310 | Best makespan in group=479.00
[TRAIN] Step 270/350 | 10:22:23
[TRAIN] Step 270 | Loss=0.753709 | Best makespan in group=346.00
[TRAIN] Step 271/350 | 10:22:37
[TRAIN] Step 271 | Loss=0.680176 | Best makespan in group=341.00
[TRAIN] Step 272/350 | 10:22:53
[TRAIN] Step 272 | Loss=0.675122 | Best makespan in group=383.00
[TRAIN] Step 273/350 | 10:23:13
[TRAIN] Step 273 | Loss=0.778742 | Best makespan in group=464.00
[TRAIN] Step 274/350 | 10:23:33
[TRAIN] Step 274 | Loss=0.630708 | Best makespan in group=410.00
[TRAIN] Step 275/350 | 10:23:51
[TRAIN] Step 275 | Loss=0.712442 | Best makespan in group=467.00
[TRAIN][VAL][ep 275] avg_gap=0.1203 | std_gap=0.0555 | q80_gap=0.1801 | n=20
[TRAIN] Validation improved | smoothed_avg_gap=0.1257 (raw=0.1203) | saving candidate: 39108826801431.pth
[TRAIN] Step 276/350 | 10:24:41
[TRAIN] Step 276 | Loss=0.677820 | Best makespan in group=305.00
[TRAIN] Step 277/350 | 10:25:03
[TRAIN] Step 277 | Loss=0.732210 | Best makespan in group=447.00
[TRAIN] Step 278/350 | 10:25:24
[TRAIN] Step 278 | Loss=0.583922 | Best makespan in group=367.00
[TRAIN] Step 279/350 | 10:25:40
[TRAIN] Step 279 | Loss=0.712368 | Best makespan in group=353.00
[TRAIN] Step 280/350 | 10:26:00
[TRAIN] Step 280 | Loss=0.666742 | Best makespan in group=318.00
[TRAIN] Step 281/350 | 10:26:21
[TRAIN] Step 281 | Loss=0.770026 | Best makespan in group=313.00
[TRAIN] Step 282/350 | 10:26:44
[TRAIN] Step 282 | Loss=0.678169 | Best makespan in group=366.00
[TRAIN] Step 283/350 | 10:27:06
[TRAIN] Step 283 | Loss=0.692457 | Best makespan in group=419.00
[TRAIN] Step 284/350 | 10:27:22
[TRAIN] Step 284 | Loss=0.628911 | Best makespan in group=364.00
[TRAIN] Step 285/350 | 10:27:40
[TRAIN] Step 285 | Loss=0.726574 | Best makespan in group=368.00
[TRAIN] Step 286/350 | 10:28:00
[TRAIN] Step 286 | Loss=0.643849 | Best makespan in group=368.00
[TRAIN] Step 287/350 | 10:28:17
[TRAIN] Step 287 | Loss=0.663813 | Best makespan in group=419.00
[TRAIN] Step 288/350 | 10:28:37
[TRAIN] Step 288 | Loss=0.793465 | Best makespan in group=319.00
[TRAIN] Step 289/350 | 10:28:52
[TRAIN] Step 289 | Loss=0.637758 | Best makespan in group=348.00
[TRAIN] Step 290/350 | 10:29:08
[TRAIN] Step 290 | Loss=0.762323 | Best makespan in group=404.00
[TRAIN] Step 291/350 | 10:29:23
[TRAIN] Step 291 | Loss=0.603973 | Best makespan in group=360.00
[TRAIN] Step 292/350 | 10:29:41
[TRAIN] Step 292 | Loss=0.642305 | Best makespan in group=474.00
[TRAIN] Step 293/350 | 10:30:00
[TRAIN] Step 293 | Loss=0.766550 | Best makespan in group=438.00
[TRAIN] Step 294/350 | 10:30:18
[TRAIN] Step 294 | Loss=0.618493 | Best makespan in group=318.00
[TRAIN] Step 295/350 | 10:30:36
[TRAIN] Step 295 | Loss=0.665653 | Best makespan in group=491.00
[TRAIN] Step 296/350 | 10:30:53
[TRAIN] Step 296 | Loss=0.689759 | Best makespan in group=443.00
[TRAIN] Step 297/350 | 10:31:12
[TRAIN] Step 297 | Loss=0.653195 | Best makespan in group=360.00
[TRAIN] Step 298/350 | 10:31:30
[TRAIN] Step 298 | Loss=0.677596 | Best makespan in group=476.00
[TRAIN] Step 299/350 | 10:31:46
[TRAIN] Step 299 | Loss=0.713479 | Best makespan in group=304.00
[TRAIN] Step 300/350 | 10:32:02
[TRAIN] Step 300 | Loss=0.684936 | Best makespan in group=348.00
[TRAIN][VAL][ep 300] avg_gap=0.1579 | std_gap=0.0964 | q80_gap=0.2303 | n=20
[TRAIN] Step 301/350 | 10:32:49
[TRAIN] Step 301 | Loss=0.647059 | Best makespan in group=394.00
[TRAIN] Step 302/350 | 10:33:08
[TRAIN] Step 302 | Loss=0.680765 | Best makespan in group=441.00
[TRAIN] Step 303/350 | 10:33:25
[TRAIN] Step 303 | Loss=0.689131 | Best makespan in group=347.00
[TRAIN] Step 304/350 | 10:33:40
[TRAIN] Step 304 | Loss=0.720732 | Best makespan in group=419.00
[TRAIN] Step 305/350 | 10:33:59
[TRAIN] Step 305 | Loss=0.694745 | Best makespan in group=362.00
[TRAIN] Step 306/350 | 10:34:21
[TRAIN] Step 306 | Loss=0.656487 | Best makespan in group=424.00
[TRAIN] Step 307/350 | 10:34:40
[TRAIN] Step 307 | Loss=0.742484 | Best makespan in group=368.00
[TRAIN] Step 308/350 | 10:34:55
[TRAIN] Step 308 | Loss=0.830271 | Best makespan in group=380.00
[TRAIN] Step 309/350 | 10:35:14
[TRAIN] Step 309 | Loss=0.656469 | Best makespan in group=421.00
[TRAIN] Step 310/350 | 10:35:30
[TRAIN] Step 310 | Loss=0.742538 | Best makespan in group=462.00
[TRAIN] Step 311/350 | 10:35:50
[TRAIN] Step 311 | Loss=0.751541 | Best makespan in group=311.00
[TRAIN] Step 312/350 | 10:36:11
[TRAIN] Step 312 | Loss=0.775700 | Best makespan in group=314.00
[TRAIN] Step 313/350 | 10:36:26
[TRAIN] Step 313 | Loss=0.706981 | Best makespan in group=453.00
[TRAIN] Step 314/350 | 10:36:46
[TRAIN] Step 314 | Loss=0.554762 | Best makespan in group=449.00
[TRAIN] Step 315/350 | 10:37:05
[TRAIN] Step 315 | Loss=0.763656 | Best makespan in group=321.00
[TRAIN] Step 316/350 | 10:37:20
[TRAIN] Step 316 | Loss=0.763252 | Best makespan in group=373.00
[TRAIN] Step 317/350 | 10:37:42
[TRAIN] Step 317 | Loss=0.670030 | Best makespan in group=367.00
[TRAIN] Step 318/350 | 10:37:58
[TRAIN] Step 318 | Loss=0.708322 | Best makespan in group=352.00
[TRAIN] Step 319/350 | 10:38:12
[TRAIN] Step 319 | Loss=0.583577 | Best makespan in group=422.00
[TRAIN] Step 320/350 | 10:38:27
[TRAIN] Step 320 | Loss=0.661797 | Best makespan in group=308.00
[TRAIN] Step 321/350 | 10:38:47
[TRAIN] Step 321 | Loss=0.543249 | Best makespan in group=363.00
[TRAIN] Step 322/350 | 10:39:09
[TRAIN] Step 322 | Loss=0.640611 | Best makespan in group=408.00
[TRAIN] Step 323/350 | 10:39:26
[TRAIN] Step 323 | Loss=0.720233 | Best makespan in group=364.00
[TRAIN] Step 324/350 | 10:39:43
[TRAIN] Step 324 | Loss=0.732200 | Best makespan in group=355.00
[TRAIN] Step 325/350 | 10:40:02
[TRAIN] Step 325 | Loss=0.659682 | Best makespan in group=443.00
[TRAIN][VAL][ep 325] avg_gap=0.1415 | std_gap=0.0743 | q80_gap=0.2152 | n=20
[TRAIN] Step 326/350 | 10:40:54
[TRAIN] Step 326 | Loss=0.803039 | Best makespan in group=341.00
[TRAIN] Step 327/350 | 10:41:09
[TRAIN] Step 327 | Loss=0.662541 | Best makespan in group=420.00
[TRAIN] Step 328/350 | 10:41:29
[TRAIN] Step 328 | Loss=0.742822 | Best makespan in group=445.00
[TRAIN] Step 329/350 | 10:41:49
[TRAIN] Step 329 | Loss=0.729247 | Best makespan in group=304.00
[TRAIN] Step 330/350 | 10:42:08
[TRAIN] Step 330 | Loss=0.608573 | Best makespan in group=469.00
[TRAIN] Step 331/350 | 10:42:28
[TRAIN] Step 331 | Loss=0.592529 | Best makespan in group=318.00
[TRAIN] Step 332/350 | 10:42:47
[TRAIN] Step 332 | Loss=0.715690 | Best makespan in group=457.00
[TRAIN] Step 333/350 | 10:43:05
[TRAIN] Step 333 | Loss=0.633530 | Best makespan in group=493.00
[TRAIN] Step 334/350 | 10:43:22
[TRAIN] Step 334 | Loss=0.691102 | Best makespan in group=397.00
[TRAIN] Step 335/350 | 10:43:44
[TRAIN] Step 335 | Loss=0.664230 | Best makespan in group=367.00
[TRAIN] Step 336/350 | 10:43:59
[TRAIN] Step 336 | Loss=0.679014 | Best makespan in group=416.00
[TRAIN] Step 337/350 | 10:44:15
[TRAIN] Step 337 | Loss=0.734286 | Best makespan in group=348.00
[TRAIN] Step 338/350 | 10:44:32
[TRAIN] Step 338 | Loss=0.850322 | Best makespan in group=447.00
[TRAIN] Step 339/350 | 10:44:51
[TRAIN] Step 339 | Loss=0.697988 | Best makespan in group=314.00
[TRAIN] Step 340/350 | 10:45:07
[TRAIN] Step 340 | Loss=0.719987 | Best makespan in group=391.00
[TRAIN] Step 341/350 | 10:45:27
[TRAIN] Step 341 | Loss=0.656385 | Best makespan in group=414.00
[TRAIN] Step 342/350 | 10:45:47
[TRAIN] Step 342 | Loss=0.573976 | Best makespan in group=474.00
[TRAIN] Step 343/350 | 10:46:08
[TRAIN] Step 343 | Loss=0.683837 | Best makespan in group=324.00
[TRAIN] Step 344/350 | 10:46:24
[TRAIN] Step 344 | Loss=0.648815 | Best makespan in group=311.00
[TRAIN] Step 345/350 | 10:46:45
[TRAIN] Step 345 | Loss=0.630513 | Best makespan in group=438.00
[TRAIN] Step 346/350 | 10:47:06
[TRAIN] Step 346 | Loss=0.623678 | Best makespan in group=426.00
[TRAIN] Step 347/350 | 10:47:23
[TRAIN] Step 347 | Loss=0.725779 | Best makespan in group=348.00
[TRAIN] Step 348/350 | 10:47:39
[TRAIN] Step 348 | Loss=0.622854 | Best makespan in group=368.00
[TRAIN] Step 349/350 | 10:47:57
[TRAIN] Step 349 | Loss=0.606525 | Best makespan in group=312.00
[TRAIN] Step 350/350 | 10:48:21
[TRAIN] Step 350 | Loss=0.718379 | Best makespan in group=368.00
[TRAIN][VAL][ep 350] avg_gap=0.1696 | std_gap=0.0839 | q80_gap=0.2488 | n=20
[TRAIN] Evaluating best checkpoint (candidate_models/39108826801431.pth) on the held-out test split...
[TRAIN][TEST] avg_gap=0.1172 | std_gap=0.0872 | q80_gap=0.1834 | n=20
[TRAIN][10:49:47] Training ended. Validation history and plots updated.
