D:\Dissertação\dissertation-bopo_introduction\venv\Lib\site-packages\torch\jit\_script.py:1485: FutureWarning: `torch.jit.script` is not supported in Python 3.14+ and may break. Please switch to `torch.compile` or `torch.export`.
  warnings.warn(
============================================================
[TRAIN] Training started at: 2026-09-28 23:36:22
[TRAIN] Hyperparams | max_steps=350 | new_freq=200
[TRAIN]             | n_cases=30 | B=32 | K=10 | use_greedy=True | lr=0.0047 (decaying to 9.40e-04)
[TRAIN]             | warm_start_steps=200 | checkpoint_smooth_window=3 | seed=42
[TRAIN]             | hidden_channels=128 | num_layers=2 | heads=3
[TRAIN]             | logp_norm=mean | exclude_greedy_from_loss=True
[TRAIN] Representation | ojmb_base | GNN | gat | jm_design | edges
[TRAIN] Device | cuda:0 (NVIDIA GeForce GTX 1650 Ti)
[TRAIN] Problem size | jobs=[8,10] | machines=[5,10] | ops_per_job=[5,6] | max_proc=100
============================================================
[TRAIN] Output run folder: results\batching_gat_L2_ojmb_base_s42_steps
[TRAIN] Validation config | every=25 steps | instances=20 (representative subset)
[TRAIN][TEACHER] validation avg_gap=0.4971 | q80_gap=0.6263 || test avg_gap=0.3786 | q80_gap=0.5250
[TRAIN] Step metrics | every step on 4 validation instance(s) (bat001, bat003, bat005, bat007) -> results\batching_gat_L2_ojmb_base_s42_steps\step_metrics.json
[TRAIN] Warm-start (behavior cloning vs. dispatch heuristic) | 200 step(s)...
[TRAIN][WARMSTART] step 10/200 | instance=3 | bc_loss=1.7604 | decisions=53
[TRAIN][WARMSTART] step 20/200 | instance=23 | bc_loss=1.8959 | decisions=49
[TRAIN][WARMSTART] step 30/200 | instance=22 | bc_loss=1.8514 | decisions=48
[TRAIN][WARMSTART] step 40/200 | instance=27 | bc_loss=1.4629 | decisions=44
[TRAIN][WARMSTART] step 50/200 | instance=16 | bc_loss=1.3967 | decisions=47
[TRAIN][WARMSTART] step 60/200 | instance=19 | bc_loss=1.5383 | decisions=48
[TRAIN][WARMSTART] step 70/200 | instance=6 | bc_loss=1.4257 | decisions=48
[TRAIN][WARMSTART] step 80/200 | instance=27 | bc_loss=1.1660 | decisions=44
[TRAIN][WARMSTART] step 90/200 | instance=9 | bc_loss=1.5062 | decisions=52
[TRAIN][WARMSTART] step 100/200 | instance=2 | bc_loss=1.1015 | decisions=51
[TRAIN][WARMSTART] step 110/200 | instance=6 | bc_loss=1.2152 | decisions=48
[TRAIN][WARMSTART] step 120/200 | instance=11 | bc_loss=1.1120 | decisions=55
[TRAIN][WARMSTART] step 130/200 | instance=14 | bc_loss=1.2601 | decisions=47
[TRAIN][WARMSTART] step 140/200 | instance=18 | bc_loss=1.3813 | decisions=46
[TRAIN][WARMSTART] step 150/200 | instance=20 | bc_loss=1.0064 | decisions=39
[TRAIN][WARMSTART] step 160/200 | instance=14 | bc_loss=1.1502 | decisions=47
[TRAIN][WARMSTART] step 170/200 | instance=24 | bc_loss=0.9233 | decisions=39
[TRAIN][WARMSTART] step 180/200 | instance=9 | bc_loss=1.3324 | decisions=52
[TRAIN][WARMSTART] step 190/200 | instance=9 | bc_loss=1.2793 | decisions=52
[TRAIN][WARMSTART] step 200/200 | instance=7 | bc_loss=0.9565 | decisions=45
[TRAIN] Warm-start complete, switching to BOPO preference optimization.
------------------------------------------------------------
[TRAIN] BOPO agent ready. Starting training loop for 350 step(s)...
------------------------------------------------------------
[TRAIN] Step 1/350 | 23:43:46
[TRAIN] Step 1 | Loss=0.712746 | Best makespan in group=536.00
[TRAIN] Step 2/350 | 23:44:17
[TRAIN] Step 2 | Loss=0.589606 | Best makespan in group=365.00
[TRAIN] Step 3/350 | 23:44:43
[TRAIN] Step 3 | Loss=0.634712 | Best makespan in group=454.00
[TRAIN] Step 4/350 | 23:45:11
[TRAIN] Step 4 | Loss=0.731155 | Best makespan in group=439.00
[TRAIN] Step 5/350 | 23:45:35
[TRAIN] Step 5 | Loss=0.708125 | Best makespan in group=375.00
[TRAIN] Step 6/350 | 23:46:03
[TRAIN] Step 6 | Loss=0.691151 | Best makespan in group=569.00
[TRAIN] Step 7/350 | 23:46:29
[TRAIN] Step 7 | Loss=0.543743 | Best makespan in group=347.00
[TRAIN] Step 8/350 | 23:46:52
[TRAIN] Step 8 | Loss=0.697037 | Best makespan in group=370.00
[TRAIN] Step 9/350 | 23:47:19
[TRAIN] Step 9 | Loss=0.836490 | Best makespan in group=349.00
[TRAIN] Step 10/350 | 23:47:45
[TRAIN] Step 10 | Loss=0.641484 | Best makespan in group=403.00
[TRAIN] Step 11/350 | 23:48:10
[TRAIN] Step 11 | Loss=0.745748 | Best makespan in group=482.00
[TRAIN] Step 12/350 | 23:48:34
[TRAIN] Step 12 | Loss=0.757324 | Best makespan in group=353.00
[TRAIN] Step 13/350 | 23:49:01
[TRAIN] Step 13 | Loss=0.780042 | Best makespan in group=522.00
[TRAIN] Step 14/350 | 23:49:27
[TRAIN] Step 14 | Loss=0.681140 | Best makespan in group=365.00
[TRAIN] Step 15/350 | 23:49:53
[TRAIN] Step 15 | Loss=0.614230 | Best makespan in group=385.00
[TRAIN] Step 16/350 | 23:50:16
[TRAIN] Step 16 | Loss=0.579597 | Best makespan in group=304.00
[TRAIN] Step 17/350 | 23:50:37
[TRAIN] Step 17 | Loss=0.709664 | Best makespan in group=435.00
[TRAIN] Step 18/350 | 23:51:00
[TRAIN] Step 18 | Loss=0.746890 | Best makespan in group=332.00
[TRAIN] Step 19/350 | 23:51:26
[TRAIN] Step 19 | Loss=0.717365 | Best makespan in group=408.00
[TRAIN] Step 20/350 | 23:51:50
[TRAIN] Step 20 | Loss=0.651867 | Best makespan in group=430.00
[TRAIN] Step 21/350 | 23:52:15
[TRAIN] Step 21 | Loss=0.602562 | Best makespan in group=446.00
[TRAIN] Step 22/350 | 23:52:39
[TRAIN] Step 22 | Loss=0.695879 | Best makespan in group=480.00
[TRAIN] Step 23/350 | 23:53:06
[TRAIN] Step 23 | Loss=0.724153 | Best makespan in group=383.00
[TRAIN] Step 24/350 | 23:53:31
[TRAIN] Step 24 | Loss=0.576507 | Best makespan in group=426.00
[TRAIN] Step 25/350 | 23:53:58
[TRAIN] Step 25 | Loss=0.596924 | Best makespan in group=344.00
[TRAIN][VAL][ep 25] avg_gap=0.1735 | std_gap=0.1218 | q80_gap=0.3202 | n=20
[TRAIN] Validation improved | smoothed_avg_gap=0.1735 (raw=0.1735) | saving candidate: 613261824423563.pth
[TRAIN] Step 26/350 | 23:54:48
[TRAIN] Step 26 | Loss=0.629551 | Best makespan in group=514.00
[TRAIN] Step 27/350 | 23:55:14
[TRAIN] Step 27 | Loss=0.811969 | Best makespan in group=448.00
[TRAIN] Step 28/350 | 23:55:39
[TRAIN] Step 28 | Loss=0.637573 | Best makespan in group=481.00
[TRAIN] Step 29/350 | 23:56:04
[TRAIN] Step 29 | Loss=0.752294 | Best makespan in group=334.00
[TRAIN] Step 30/350 | 23:56:31
[TRAIN] Step 30 | Loss=0.693346 | Best makespan in group=506.00
[TRAIN] Step 31/350 | 23:56:54
[TRAIN] Step 31 | Loss=0.712028 | Best makespan in group=462.00
[TRAIN] Step 32/350 | 23:57:18
[TRAIN] Step 32 | Loss=0.696377 | Best makespan in group=365.00
[TRAIN] Step 33/350 | 23:57:44
[TRAIN] Step 33 | Loss=0.818115 | Best makespan in group=428.00
[TRAIN] Step 34/350 | 23:58:08
[TRAIN] Step 34 | Loss=0.766253 | Best makespan in group=462.00
[TRAIN] Step 35/350 | 23:58:34
[TRAIN] Step 35 | Loss=0.700721 | Best makespan in group=370.00
[TRAIN] Step 36/350 | 23:58:59
[TRAIN] Step 36 | Loss=0.749551 | Best makespan in group=478.00
[TRAIN] Step 37/350 | 23:59:23
[TRAIN] Step 37 | Loss=0.750015 | Best makespan in group=344.00
[TRAIN] Step 38/350 | 23:59:49
[TRAIN] Step 38 | Loss=0.538316 | Best makespan in group=304.00
[TRAIN] Step 39/350 | 00:00:11
[TRAIN] Step 39 | Loss=0.579977 | Best makespan in group=535.00
[TRAIN] Step 40/350 | 00:00:36
[TRAIN] Step 40 | Loss=0.609174 | Best makespan in group=421.00
[TRAIN] Step 41/350 | 00:01:02
[TRAIN] Step 41 | Loss=0.673084 | Best makespan in group=344.00
[TRAIN] Step 42/350 | 00:01:29
[TRAIN] Step 42 | Loss=0.573210 | Best makespan in group=345.00
[TRAIN] Step 43/350 | 00:01:50
[TRAIN] Step 43 | Loss=0.740338 | Best makespan in group=532.00
[TRAIN] Step 44/350 | 00:02:15
[TRAIN] Step 44 | Loss=0.729757 | Best makespan in group=417.00
[TRAIN] Step 45/350 | 00:02:38
[TRAIN] Step 45 | Loss=0.723486 | Best makespan in group=460.00
[TRAIN] Step 46/350 | 00:03:04
[TRAIN] Step 46 | Loss=0.631447 | Best makespan in group=382.00
[TRAIN] Step 47/350 | 00:03:27
[TRAIN] Step 47 | Loss=0.623328 | Best makespan in group=370.00
[TRAIN] Step 48/350 | 00:03:53
[TRAIN] Step 48 | Loss=0.697822 | Best makespan in group=412.00
[TRAIN] Step 49/350 | 00:04:20
[TRAIN] Step 49 | Loss=0.678003 | Best makespan in group=397.00
[TRAIN] Step 50/350 | 00:04:42
[TRAIN] Step 50 | Loss=0.726758 | Best makespan in group=358.00
[TRAIN][VAL][ep 50] avg_gap=0.1553 | std_gap=0.0750 | q80_gap=0.2326 | n=20
[TRAIN] Validation improved | smoothed_avg_gap=0.1644 (raw=0.1553) | saving candidate: 75187811913589.pth
[TRAIN] Step 51/350 | 00:05:33
[TRAIN] Step 51 | Loss=0.520323 | Best makespan in group=517.00
[TRAIN] Step 52/350 | 00:06:00
[TRAIN] Step 52 | Loss=0.640165 | Best makespan in group=341.00
[TRAIN] Step 53/350 | 00:06:26
[TRAIN] Step 53 | Loss=0.647111 | Best makespan in group=516.00
[TRAIN] Step 54/350 | 00:06:49
[TRAIN] Step 54 | Loss=0.604752 | Best makespan in group=344.00
[TRAIN] Step 55/350 | 00:07:12
[TRAIN] Step 55 | Loss=0.666572 | Best makespan in group=491.00
[TRAIN] Step 56/350 | 00:07:36
[TRAIN] Step 56 | Loss=0.651185 | Best makespan in group=455.00
[TRAIN] Step 57/350 | 00:08:02
[TRAIN] Step 57 | Loss=0.600822 | Best makespan in group=349.00
[TRAIN] Step 58/350 | 00:08:27
[TRAIN] Step 58 | Loss=0.645912 | Best makespan in group=323.00
[TRAIN] Step 59/350 | 00:08:55
[TRAIN] Step 59 | Loss=0.679243 | Best makespan in group=409.00
[TRAIN] Step 60/350 | 00:09:17
[TRAIN] Step 60 | Loss=0.615681 | Best makespan in group=445.00
[TRAIN] Step 61/350 | 00:09:42
[TRAIN] Step 61 | Loss=0.636664 | Best makespan in group=323.00
[TRAIN] Step 62/350 | 00:10:09
[TRAIN] Step 62 | Loss=0.652894 | Best makespan in group=419.00
[TRAIN] Step 63/350 | 00:10:32
[TRAIN] Step 63 | Loss=0.782847 | Best makespan in group=334.00
[TRAIN] Step 64/350 | 00:10:58
[TRAIN] Step 64 | Loss=0.643227 | Best makespan in group=458.00
[TRAIN] Step 65/350 | 00:11:22
[TRAIN] Step 65 | Loss=0.587932 | Best makespan in group=406.00
[TRAIN] Step 66/350 | 00:11:49
[TRAIN] Step 66 | Loss=0.688128 | Best makespan in group=359.00
[TRAIN] Step 67/350 | 00:12:14
[TRAIN] Step 67 | Loss=0.621101 | Best makespan in group=500.00
[TRAIN] Step 68/350 | 00:12:37
[TRAIN] Step 68 | Loss=0.709541 | Best makespan in group=479.00
[TRAIN] Step 69/350 | 00:13:01
[TRAIN] Step 69 | Loss=0.640914 | Best makespan in group=349.00
[TRAIN] Step 70/350 | 00:13:27
[TRAIN] Step 70 | Loss=0.684500 | Best makespan in group=345.00
[TRAIN] Step 71/350 | 00:13:49
[TRAIN] Step 71 | Loss=0.713534 | Best makespan in group=344.00
[TRAIN] Step 72/350 | 00:14:14
[TRAIN] Step 72 | Loss=0.606645 | Best makespan in group=542.00
[TRAIN] Step 73/350 | 00:14:39
[TRAIN] Step 73 | Loss=0.640470 | Best makespan in group=374.00
[TRAIN] Step 74/350 | 00:15:01
[TRAIN] Step 74 | Loss=0.744253 | Best makespan in group=441.00
[TRAIN] Step 75/350 | 00:15:25
[TRAIN] Step 75 | Loss=0.705726 | Best makespan in group=358.00
[TRAIN][VAL][ep 75] avg_gap=0.1626 | std_gap=0.0767 | q80_gap=0.2354 | n=20
[TRAIN] Validation improved | smoothed_avg_gap=0.1638 (raw=0.1626) | saving candidate: 900833452098253.pth
[TRAIN] Step 76/350 | 00:16:17
[TRAIN] Step 76 | Loss=0.719820 | Best makespan in group=453.00
[TRAIN] Step 77/350 | 00:16:43
[TRAIN] Step 77 | Loss=0.766366 | Best makespan in group=444.00
[TRAIN] Step 78/350 | 00:17:08
[TRAIN] Step 78 | Loss=0.719709 | Best makespan in group=354.00
[TRAIN] Step 79/350 | 00:17:34
[TRAIN] Step 79 | Loss=0.693623 | Best makespan in group=475.00
[TRAIN] Step 80/350 | 00:17:58
[TRAIN] Step 80 | Loss=0.875898 | Best makespan in group=351.00
[TRAIN] Step 81/350 | 00:18:21
[TRAIN] Step 81 | Loss=0.585410 | Best makespan in group=384.00
[TRAIN] Step 82/350 | 00:18:45
[TRAIN] Step 82 | Loss=0.687666 | Best makespan in group=532.00
[TRAIN] Step 83/350 | 00:19:11
[TRAIN] Step 83 | Loss=0.566929 | Best makespan in group=403.00
[TRAIN] Step 84/350 | 00:19:33
[TRAIN] Step 84 | Loss=0.620230 | Best makespan in group=466.00
[TRAIN] Step 85/350 | 00:20:00
[TRAIN] Step 85 | Loss=0.671351 | Best makespan in group=413.00
[TRAIN] Step 86/350 | 00:20:23
[TRAIN] Step 86 | Loss=0.576873 | Best makespan in group=304.00
[TRAIN] Step 87/350 | 00:20:45
[TRAIN] Step 87 | Loss=0.575165 | Best makespan in group=410.00
[TRAIN] Step 88/350 | 00:21:09
[TRAIN] Step 88 | Loss=0.706613 | Best makespan in group=413.00
[TRAIN] Step 89/350 | 00:21:35
[TRAIN] Step 89 | Loss=0.563881 | Best makespan in group=370.00
[TRAIN] Step 90/350 | 00:22:01
[TRAIN] Step 90 | Loss=0.695792 | Best makespan in group=520.00
[TRAIN] Step 91/350 | 00:22:26
[TRAIN] Step 91 | Loss=0.575198 | Best makespan in group=437.00
[TRAIN] Step 92/350 | 00:22:50
[TRAIN] Step 92 | Loss=0.652875 | Best makespan in group=439.00
[TRAIN] Step 93/350 | 00:23:13
[TRAIN] Step 93 | Loss=0.540908 | Best makespan in group=419.00
[TRAIN] Step 94/350 | 00:23:37
[TRAIN] Step 94 | Loss=0.621082 | Best makespan in group=456.00
[TRAIN] Step 95/350 | 00:24:03
[TRAIN] Step 95 | Loss=0.601036 | Best makespan in group=361.00
[TRAIN] Step 96/350 | 00:24:29
[TRAIN] Step 96 | Loss=0.641739 | Best makespan in group=349.00
[TRAIN] Step 97/350 | 00:24:55
[TRAIN] Step 97 | Loss=0.573213 | Best makespan in group=304.00
[TRAIN] Step 98/350 | 00:25:17
[TRAIN] Step 98 | Loss=0.591182 | Best makespan in group=377.00
[TRAIN] Step 99/350 | 00:25:41
[TRAIN] Step 99 | Loss=0.708608 | Best makespan in group=356.00
[TRAIN] Step 100/350 | 00:26:08
[TRAIN] Step 100 | Loss=0.641757 | Best makespan in group=534.00
[TRAIN][VAL][ep 100] avg_gap=0.1533 | std_gap=0.0822 | q80_gap=0.2411 | n=20
[TRAIN] Validation improved | smoothed_avg_gap=0.1571 (raw=0.1533) | saving candidate: 951042479229448.pth
[TRAIN] Step 101/350 | 00:26:57
[TRAIN] Step 101 | Loss=0.547846 | Best makespan in group=408.00
[TRAIN] Step 102/350 | 00:27:24
[TRAIN] Step 102 | Loss=0.655944 | Best makespan in group=420.00
[TRAIN] Step 103/350 | 00:27:50
[TRAIN] Step 103 | Loss=0.805320 | Best makespan in group=348.00
[TRAIN] Step 104/350 | 00:28:16
[TRAIN] Step 104 | Loss=0.570069 | Best makespan in group=386.00
[TRAIN] Step 105/350 | 00:28:38
[TRAIN] Step 105 | Loss=0.528863 | Best makespan in group=339.00
[TRAIN] Step 106/350 | 00:29:00
[TRAIN] Step 106 | Loss=0.586318 | Best makespan in group=471.00
[TRAIN] Step 107/350 | 00:29:25
[TRAIN] Step 107 | Loss=0.703088 | Best makespan in group=524.00
[TRAIN] Step 108/350 | 00:29:51
[TRAIN] Step 108 | Loss=0.737258 | Best makespan in group=335.00
[TRAIN] Step 109/350 | 00:30:17
[TRAIN] Step 109 | Loss=0.690084 | Best makespan in group=496.00
[TRAIN] Step 110/350 | 00:30:40
[TRAIN] Step 110 | Loss=0.570773 | Best makespan in group=348.00
[TRAIN] Step 111/350 | 00:31:02
[TRAIN] Step 111 | Loss=0.728205 | Best makespan in group=445.00
[TRAIN] Step 112/350 | 00:31:24
[TRAIN] Step 112 | Loss=0.637331 | Best makespan in group=464.00
[TRAIN] Step 113/350 | 00:31:51
[TRAIN] Step 113 | Loss=0.757282 | Best makespan in group=437.00
[TRAIN] Step 114/350 | 00:32:14
[TRAIN] Step 114 | Loss=0.652244 | Best makespan in group=500.00
[TRAIN] Step 115/350 | 00:32:38
[TRAIN] Step 115 | Loss=0.723667 | Best makespan in group=328.00
[TRAIN] Step 116/350 | 00:33:06
[TRAIN] Step 116 | Loss=0.591506 | Best makespan in group=521.00
[TRAIN] Step 117/350 | 00:33:32
[TRAIN] Step 117 | Loss=0.595353 | Best makespan in group=389.00
[TRAIN] Step 118/350 | 00:33:54
[TRAIN] Step 118 | Loss=0.788130 | Best makespan in group=359.00
[TRAIN] Step 119/350 | 00:34:20
[TRAIN] Step 119 | Loss=0.595922 | Best makespan in group=437.00
[TRAIN] Step 120/350 | 00:34:44
[TRAIN] Step 120 | Loss=0.675990 | Best makespan in group=366.00
[TRAIN] Step 121/350 | 00:35:10
[TRAIN] Step 121 | Loss=0.575085 | Best makespan in group=345.00
[TRAIN] Step 122/350 | 00:35:32
[TRAIN] Step 122 | Loss=0.572773 | Best makespan in group=367.00
[TRAIN] Step 123/350 | 00:35:57
[TRAIN] Step 123 | Loss=0.655086 | Best makespan in group=327.00
[TRAIN] Step 124/350 | 00:36:24
[TRAIN] Step 124 | Loss=0.659041 | Best makespan in group=414.00
[TRAIN] Step 125/350 | 00:36:46
[TRAIN] Step 125 | Loss=0.641536 | Best makespan in group=545.00
[TRAIN][VAL][ep 125] avg_gap=0.1592 | std_gap=0.0737 | q80_gap=0.2151 | n=20
[TRAIN] Step 126/350 | 00:37:35
[TRAIN] Step 126 | Loss=0.567522 | Best makespan in group=527.00
[TRAIN] Step 127/350 | 00:38:01
[TRAIN] Step 127 | Loss=0.735981 | Best makespan in group=304.00
[TRAIN] Step 128/350 | 00:38:22
[TRAIN] Step 128 | Loss=0.685003 | Best makespan in group=361.00
[TRAIN] Step 129/350 | 00:38:45
[TRAIN] Step 129 | Loss=0.593460 | Best makespan in group=349.00
[TRAIN] Step 130/350 | 00:39:11
[TRAIN] Step 130 | Loss=0.474185 | Best makespan in group=449.00
[TRAIN] Step 131/350 | 00:39:37
[TRAIN] Step 131 | Loss=0.692154 | Best makespan in group=357.00
[TRAIN] Step 132/350 | 00:40:04
[TRAIN] Step 132 | Loss=0.624064 | Best makespan in group=332.00
[TRAIN] Step 133/350 | 00:40:30
[TRAIN] Step 133 | Loss=0.690321 | Best makespan in group=399.00
[TRAIN] Step 134/350 | 00:40:52
[TRAIN] Step 134 | Loss=0.645168 | Best makespan in group=483.00
[TRAIN] Step 135/350 | 00:41:15
[TRAIN] Step 135 | Loss=0.643397 | Best makespan in group=454.00
[TRAIN] Step 136/350 | 00:41:42
[TRAIN] Step 136 | Loss=0.642644 | Best makespan in group=377.00
[TRAIN] Step 137/350 | 00:42:08
[TRAIN] Step 137 | Loss=0.738390 | Best makespan in group=519.00
[TRAIN] Step 138/350 | 00:42:35
[TRAIN] Step 138 | Loss=0.607354 | Best makespan in group=424.00
[TRAIN] Step 139/350 | 00:42:59
[TRAIN] Step 139 | Loss=0.831687 | Best makespan in group=354.00
[TRAIN] Step 140/350 | 00:43:26
[TRAIN] Step 140 | Loss=0.722449 | Best makespan in group=395.00
[TRAIN] Step 141/350 | 00:43:52
[TRAIN] Step 141 | Loss=0.700859 | Best makespan in group=479.00
[TRAIN] Step 142/350 | 00:44:17
[TRAIN] Step 142 | Loss=0.694094 | Best makespan in group=393.00
[TRAIN] Step 143/350 | 00:44:39
[TRAIN] Step 143 | Loss=0.563226 | Best makespan in group=463.00
[TRAIN] Step 144/350 | 00:45:03
[TRAIN] Step 144 | Loss=0.837207 | Best makespan in group=359.00
[TRAIN] Step 145/350 | 00:45:29
[TRAIN] Step 145 | Loss=0.648179 | Best makespan in group=450.00
[TRAIN] Step 146/350 | 00:45:54
[TRAIN] Step 146 | Loss=0.722294 | Best makespan in group=446.00
[TRAIN] Step 147/350 | 00:46:18
[TRAIN] Step 147 | Loss=0.616492 | Best makespan in group=457.00
[TRAIN] Step 148/350 | 00:46:42
[TRAIN] Step 148 | Loss=0.599645 | Best makespan in group=398.00
[TRAIN] Step 149/350 | 00:47:09
[TRAIN] Step 149 | Loss=0.614699 | Best makespan in group=362.00
[TRAIN] Step 150/350 | 00:47:35
[TRAIN] Step 150 | Loss=0.598031 | Best makespan in group=387.00
[TRAIN][VAL][ep 150] avg_gap=0.1829 | std_gap=0.1083 | q80_gap=0.2422 | n=20
[TRAIN] Step 151/350 | 00:48:20
[TRAIN] Step 151 | Loss=0.614213 | Best makespan in group=377.00
[TRAIN] Step 152/350 | 00:48:45
[TRAIN] Step 152 | Loss=0.671273 | Best makespan in group=404.00
[TRAIN] Step 153/350 | 00:49:08
[TRAIN] Step 153 | Loss=0.632949 | Best makespan in group=323.00
[TRAIN] Step 154/350 | 00:49:34
[TRAIN] Step 154 | Loss=0.593126 | Best makespan in group=358.00
[TRAIN] Step 155/350 | 00:50:00
[TRAIN] Step 155 | Loss=0.660136 | Best makespan in group=426.00
[TRAIN] Step 156/350 | 00:50:23
[TRAIN] Step 156 | Loss=0.670825 | Best makespan in group=474.00
[TRAIN] Step 157/350 | 00:50:51
[TRAIN] Step 157 | Loss=0.773376 | Best makespan in group=438.00
[TRAIN] Step 158/350 | 00:51:15
[TRAIN] Step 158 | Loss=0.683975 | Best makespan in group=441.00
[TRAIN] Step 159/350 | 00:51:40
[TRAIN] Step 159 | Loss=0.543343 | Best makespan in group=357.00
[TRAIN] Step 160/350 | 00:52:06
[TRAIN] Step 160 | Loss=0.743546 | Best makespan in group=463.00
[TRAIN] Step 161/350 | 00:52:32
[TRAIN] Step 161 | Loss=0.545424 | Best makespan in group=304.00
[TRAIN] Step 162/350 | 00:52:53
[TRAIN] Step 162 | Loss=0.606828 | Best makespan in group=402.00
[TRAIN] Step 163/350 | 00:53:15
[TRAIN] Step 163 | Loss=0.588099 | Best makespan in group=362.00
[TRAIN] Step 164/350 | 00:53:41
[TRAIN] Step 164 | Loss=0.566916 | Best makespan in group=443.00
[TRAIN] Step 165/350 | 00:54:07
[TRAIN] Step 165 | Loss=0.657610 | Best makespan in group=430.00
[TRAIN] Step 166/350 | 00:54:33
[TRAIN] Step 166 | Loss=0.699007 | Best makespan in group=332.00
[TRAIN] Step 167/350 | 00:55:00
[TRAIN] Step 167 | Loss=0.564230 | Best makespan in group=348.00
[TRAIN] Step 168/350 | 00:55:23
[TRAIN] Step 168 | Loss=0.555161 | Best makespan in group=387.00
[TRAIN] Step 169/350 | 00:55:46
[TRAIN] Step 169 | Loss=0.618498 | Best makespan in group=345.00
[TRAIN] Step 170/350 | 00:56:08
[TRAIN] Step 170 | Loss=0.634613 | Best makespan in group=514.00
[TRAIN] Step 171/350 | 00:56:33
[TRAIN] Step 171 | Loss=0.626829 | Best makespan in group=368.00
[TRAIN] Step 172/350 | 00:56:59
[TRAIN] Step 172 | Loss=0.637739 | Best makespan in group=406.00
[TRAIN] Step 173/350 | 00:57:23
[TRAIN] Step 173 | Loss=0.550115 | Best makespan in group=519.00
[TRAIN] Step 174/350 | 00:57:49
[TRAIN] Step 174 | Loss=0.666554 | Best makespan in group=471.00
[TRAIN] Step 175/350 | 00:58:14
[TRAIN] Step 175 | Loss=0.686659 | Best makespan in group=349.00
[TRAIN][VAL][ep 175] avg_gap=0.1731 | std_gap=0.0903 | q80_gap=0.2407 | n=20
[TRAIN] Step 176/350 | 00:59:05
[TRAIN] Step 176 | Loss=0.726067 | Best makespan in group=555.00
[TRAIN] Step 177/350 | 00:59:30
[TRAIN] Step 177 | Loss=0.537201 | Best makespan in group=506.00
[TRAIN] Step 178/350 | 00:59:53
[TRAIN] Step 178 | Loss=0.620627 | Best makespan in group=428.00
[TRAIN] Step 179/350 | 01:00:20
[TRAIN] Step 179 | Loss=0.642225 | Best makespan in group=370.00
[TRAIN] Step 180/350 | 01:00:46
[TRAIN] Step 180 | Loss=0.652173 | Best makespan in group=475.00
[TRAIN] Step 181/350 | 01:01:10
[TRAIN] Step 181 | Loss=0.720533 | Best makespan in group=372.00
[TRAIN] Step 182/350 | 01:01:35
[TRAIN] Step 182 | Loss=0.672016 | Best makespan in group=354.00
[TRAIN] Step 183/350 | 01:02:01
[TRAIN] Step 183 | Loss=0.718276 | Best makespan in group=433.00
[TRAIN] Step 184/350 | 01:02:28
[TRAIN] Step 184 | Loss=0.705082 | Best makespan in group=436.00
[TRAIN] Step 185/350 | 01:02:52
[TRAIN] Step 185 | Loss=0.649531 | Best makespan in group=349.00
[TRAIN] Step 186/350 | 01:03:18
[TRAIN] Step 186 | Loss=0.543988 | Best makespan in group=520.00
[TRAIN] Step 187/350 | 01:03:44
[TRAIN] Step 187 | Loss=0.793967 | Best makespan in group=332.00
[TRAIN] Step 188/350 | 01:04:11
[TRAIN] Step 188 | Loss=0.645034 | Best makespan in group=545.00
[TRAIN] Step 189/350 | 01:04:36
[TRAIN] Step 189 | Loss=0.493857 | Best makespan in group=509.00
[TRAIN] Step 190/350 | 01:05:01
[TRAIN] Step 190 | Loss=0.628257 | Best makespan in group=450.00
[TRAIN] Step 191/350 | 01:05:26
[TRAIN] Step 191 | Loss=0.681909 | Best makespan in group=476.00
[TRAIN] Step 192/350 | 01:05:52
[TRAIN] Step 192 | Loss=0.691908 | Best makespan in group=396.00
[TRAIN] Step 193/350 | 01:06:16
[TRAIN] Step 193 | Loss=0.528292 | Best makespan in group=368.00
[TRAIN] Step 194/350 | 01:06:43
[TRAIN] Step 194 | Loss=0.665540 | Best makespan in group=327.00
[TRAIN] Step 195/350 | 01:07:10
[TRAIN] Step 195 | Loss=0.528725 | Best makespan in group=495.00
[TRAIN] Step 196/350 | 01:07:34
[TRAIN] Step 196 | Loss=0.721050 | Best makespan in group=370.00
[TRAIN] Step 197/350 | 01:07:58
[TRAIN] Step 197 | Loss=0.556397 | Best makespan in group=405.00
[TRAIN] Step 198/350 | 01:08:21
[TRAIN] Step 198 | Loss=0.691790 | Best makespan in group=378.00
[TRAIN] Step 199/350 | 01:08:43
[TRAIN] Step 199 | Loss=0.504167 | Best makespan in group=417.00
[TRAIN] Step 200/350 | 01:09:10
[TRAIN] Step 200 | Loss=0.625515 | Best makespan in group=483.00
[TRAIN] Refreshing training instances (step 200)...
[TRAIN][VAL][ep 200] avg_gap=0.1570 | std_gap=0.0916 | q80_gap=0.2242 | n=20
[TRAIN] Step 201/350 | 01:09:57
[TRAIN] Step 201 | Loss=0.669344 | Best makespan in group=239.00
[TRAIN] Step 202/350 | 01:10:20
[TRAIN] Step 202 | Loss=0.671163 | Best makespan in group=457.00
[TRAIN] Step 203/350 | 01:10:47
[TRAIN] Step 203 | Loss=0.643156 | Best makespan in group=367.00
[TRAIN] Step 204/350 | 01:11:10
[TRAIN] Step 204 | Loss=0.559403 | Best makespan in group=360.00
[TRAIN] Step 205/350 | 01:11:34
[TRAIN] Step 205 | Loss=0.686801 | Best makespan in group=394.00
[TRAIN] Step 206/350 | 01:11:58
[TRAIN] Step 206 | Loss=0.617563 | Best makespan in group=315.00
[TRAIN] Step 207/350 | 01:12:21
[TRAIN] Step 207 | Loss=0.654788 | Best makespan in group=346.00
[TRAIN] Step 208/350 | 01:12:44
[TRAIN] Step 208 | Loss=0.706453 | Best makespan in group=330.00
[TRAIN] Step 209/350 | 01:13:07
[TRAIN] Step 209 | Loss=0.545685 | Best makespan in group=400.00
[TRAIN] Step 210/350 | 01:13:32
[TRAIN] Step 210 | Loss=0.638441 | Best makespan in group=385.00
[TRAIN] Step 211/350 | 01:13:58
[TRAIN] Step 211 | Loss=0.712168 | Best makespan in group=296.00
[TRAIN] Step 212/350 | 01:14:22
[TRAIN] Step 212 | Loss=0.671908 | Best makespan in group=359.00
[TRAIN] Step 213/350 | 01:14:44
[TRAIN] Step 213 | Loss=0.624560 | Best makespan in group=510.00
[TRAIN] Step 214/350 | 01:15:08
[TRAIN] Step 214 | Loss=0.623481 | Best makespan in group=387.00
[TRAIN] Step 215/350 | 01:15:31
[TRAIN] Step 215 | Loss=0.599908 | Best makespan in group=313.00
[TRAIN] Step 216/350 | 01:15:57
[TRAIN] Step 216 | Loss=0.604195 | Best makespan in group=408.00
[TRAIN] Step 217/350 | 01:16:19
[TRAIN] Step 217 | Loss=0.730270 | Best makespan in group=423.00
[TRAIN] Step 218/350 | 01:16:44
[TRAIN] Step 218 | Loss=0.674783 | Best makespan in group=377.00
[TRAIN] Step 219/350 | 01:17:10
[TRAIN] Step 219 | Loss=0.581733 | Best makespan in group=461.00
[TRAIN] Step 220/350 | 01:17:33
[TRAIN] Step 220 | Loss=0.839613 | Best makespan in group=318.00
[TRAIN] Step 221/350 | 01:18:00
[TRAIN] Step 221 | Loss=0.705608 | Best makespan in group=402.00
[TRAIN] Step 222/350 | 01:18:25
[TRAIN] Step 222 | Loss=0.657332 | Best makespan in group=267.00
[TRAIN] Step 223/350 | 01:18:48
[TRAIN] Step 223 | Loss=0.623191 | Best makespan in group=307.00
[TRAIN] Step 224/350 | 01:19:12
[TRAIN] Step 224 | Loss=0.567813 | Best makespan in group=443.00
[TRAIN] Step 225/350 | 01:19:34
[TRAIN] Step 225 | Loss=0.778292 | Best makespan in group=375.00
[TRAIN][VAL][ep 225] avg_gap=0.1551 | std_gap=0.0917 | q80_gap=0.2249 | n=20
[TRAIN] Step 226/350 | 01:20:23
[TRAIN] Step 226 | Loss=0.662073 | Best makespan in group=380.00
[TRAIN] Step 227/350 | 01:20:44
[TRAIN] Step 227 | Loss=0.621280 | Best makespan in group=314.00
[TRAIN] Step 228/350 | 01:21:10
[TRAIN] Step 228 | Loss=0.692202 | Best makespan in group=426.00
[TRAIN] Step 229/350 | 01:21:39
[TRAIN] Step 229 | Loss=0.609831 | Best makespan in group=346.00
[TRAIN] Step 230/350 | 01:22:02
[TRAIN] Step 230 | Loss=0.620217 | Best makespan in group=340.00
[TRAIN] Step 231/350 | 01:22:24
[TRAIN] Step 231 | Loss=0.687209 | Best makespan in group=330.00
[TRAIN] Step 232/350 | 01:22:46
[TRAIN] Step 232 | Loss=0.561064 | Best makespan in group=296.00
[TRAIN] Step 233/350 | 01:23:10
[TRAIN] Step 233 | Loss=0.757996 | Best makespan in group=364.00
[TRAIN] Step 234/350 | 01:23:35
[TRAIN] Step 234 | Loss=0.762998 | Best makespan in group=267.00
[TRAIN] Step 235/350 | 01:23:59
[TRAIN] Step 235 | Loss=0.672658 | Best makespan in group=369.00
[TRAIN] Step 236/350 | 01:24:22
[TRAIN] Step 236 | Loss=0.678215 | Best makespan in group=389.00
[TRAIN] Step 237/350 | 01:24:48
[TRAIN] Step 237 | Loss=0.521721 | Best makespan in group=456.00
[TRAIN] Step 238/350 | 01:25:11
[TRAIN] Step 238 | Loss=0.639539 | Best makespan in group=457.00
[TRAIN] Step 239/350 | 01:25:38
[TRAIN] Step 239 | Loss=0.689148 | Best makespan in group=346.00
[TRAIN] Step 240/350 | 01:26:01
[TRAIN] Step 240 | Loss=0.844506 | Best makespan in group=332.00
[TRAIN] Step 241/350 | 01:26:25
[TRAIN] Step 241 | Loss=0.562679 | Best makespan in group=434.00
[TRAIN] Step 242/350 | 01:26:52
[TRAIN] Step 242 | Loss=0.756517 | Best makespan in group=341.00
[TRAIN] Step 243/350 | 01:27:14
[TRAIN] Step 243 | Loss=0.673195 | Best makespan in group=314.00
[TRAIN] Step 244/350 | 01:27:39
[TRAIN] Step 244 | Loss=0.605772 | Best makespan in group=319.00
[TRAIN] Step 245/350 | 01:28:06
[TRAIN] Step 245 | Loss=0.731472 | Best makespan in group=407.00
[TRAIN] Step 246/350 | 01:28:31
[TRAIN] Step 246 | Loss=0.545804 | Best makespan in group=408.00
[TRAIN] Step 247/350 | 01:28:53
[TRAIN] Step 247 | Loss=0.539812 | Best makespan in group=448.00
[TRAIN] Step 248/350 | 01:29:15
[TRAIN] Step 248 | Loss=0.607126 | Best makespan in group=309.00
[TRAIN] Step 249/350 | 01:29:39
[TRAIN] Step 249 | Loss=0.670400 | Best makespan in group=513.00
[TRAIN] Step 250/350 | 01:30:04
[TRAIN] Step 250 | Loss=0.719362 | Best makespan in group=434.00
[TRAIN][VAL][ep 250] avg_gap=0.1696 | std_gap=0.1055 | q80_gap=0.2363 | n=20
[TRAIN] Step 251/350 | 01:30:52
[TRAIN] Step 251 | Loss=0.618405 | Best makespan in group=380.00
[TRAIN] Step 252/350 | 01:31:14
[TRAIN] Step 252 | Loss=0.603181 | Best makespan in group=239.00
[TRAIN] Step 253/350 | 01:31:37
[TRAIN] Step 253 | Loss=0.680631 | Best makespan in group=382.00
[TRAIN] Step 254/350 | 01:32:03
[TRAIN] Step 254 | Loss=0.601454 | Best makespan in group=392.00
[TRAIN] Step 255/350 | 01:32:28
[TRAIN] Step 255 | Loss=0.531560 | Best makespan in group=382.00
[TRAIN] Step 256/350 | 01:32:50
[TRAIN] Step 256 | Loss=0.704591 | Best makespan in group=346.00
[TRAIN] Step 257/350 | 01:33:14
[TRAIN] Step 257 | Loss=0.606866 | Best makespan in group=375.00
[TRAIN] Step 258/350 | 01:33:39
[TRAIN] Step 258 | Loss=0.582802 | Best makespan in group=346.00
[TRAIN] Step 259/350 | 01:34:02
[TRAIN] Step 259 | Loss=0.609594 | Best makespan in group=404.00
[TRAIN] Step 260/350 | 01:34:26
[TRAIN] Step 260 | Loss=0.713494 | Best makespan in group=329.00
[TRAIN] Step 261/350 | 01:34:53
[TRAIN] Step 261 | Loss=0.581177 | Best makespan in group=316.00
[TRAIN] Step 262/350 | 01:35:17
[TRAIN] Step 262 | Loss=0.700264 | Best makespan in group=362.00
[TRAIN] Step 263/350 | 01:35:41
[TRAIN] Step 263 | Loss=0.623295 | Best makespan in group=349.00
[TRAIN] Step 264/350 | 01:36:02
[TRAIN] Step 264 | Loss=0.770255 | Best makespan in group=449.00
[TRAIN] Step 265/350 | 01:36:25
[TRAIN] Step 265 | Loss=0.646818 | Best makespan in group=444.00
[TRAIN] Step 266/350 | 01:36:49
[TRAIN] Step 266 | Loss=0.683269 | Best makespan in group=463.00
[TRAIN] Step 267/350 | 01:37:11
[TRAIN] Step 267 | Loss=0.723018 | Best makespan in group=319.00
[TRAIN] Step 268/350 | 01:37:37
[TRAIN] Step 268 | Loss=0.769549 | Best makespan in group=457.00
[TRAIN] Step 269/350 | 01:38:03
[TRAIN] Step 269 | Loss=0.717401 | Best makespan in group=302.00
[TRAIN] Step 270/350 | 01:38:27
[TRAIN] Step 270 | Loss=0.704930 | Best makespan in group=398.00
[TRAIN] Step 271/350 | 01:38:52
[TRAIN] Step 271 | Loss=0.652369 | Best makespan in group=377.00
[TRAIN] Step 272/350 | 01:39:18
[TRAIN] Step 272 | Loss=0.738591 | Best makespan in group=331.00
[TRAIN] Step 273/350 | 01:39:41
[TRAIN] Step 273 | Loss=0.664607 | Best makespan in group=402.00
[TRAIN] Step 274/350 | 01:40:06
[TRAIN] Step 274 | Loss=0.621403 | Best makespan in group=386.00
[TRAIN] Step 275/350 | 01:40:31
[TRAIN] Step 275 | Loss=0.682029 | Best makespan in group=380.00
[TRAIN][VAL][ep 275] avg_gap=0.1784 | std_gap=0.0884 | q80_gap=0.2282 | n=20
[TRAIN] Step 276/350 | 01:41:19
[TRAIN] Step 276 | Loss=0.749748 | Best makespan in group=346.00
[TRAIN] Step 277/350 | 01:41:42
[TRAIN] Step 277 | Loss=0.646960 | Best makespan in group=312.00
[TRAIN] Step 278/350 | 01:42:05
[TRAIN] Step 278 | Loss=0.686773 | Best makespan in group=331.00
[TRAIN] Step 279/350 | 01:42:32
[TRAIN] Step 279 | Loss=0.627661 | Best makespan in group=382.00
[TRAIN] Step 280/350 | 01:42:54
[TRAIN] Step 280 | Loss=0.681044 | Best makespan in group=367.00
[TRAIN] Step 281/350 | 01:43:18
[TRAIN] Step 281 | Loss=0.602719 | Best makespan in group=346.00
[TRAIN] Step 282/350 | 01:43:42
[TRAIN] Step 282 | Loss=0.792598 | Best makespan in group=404.00
[TRAIN] Step 283/350 | 01:44:05
[TRAIN] Step 283 | Loss=0.722126 | Best makespan in group=406.00
[TRAIN] Step 284/350 | 01:44:31
[TRAIN] Step 284 | Loss=0.666128 | Best makespan in group=239.00
[TRAIN] Step 285/350 | 01:44:54
[TRAIN] Step 285 | Loss=0.715998 | Best makespan in group=267.00
[TRAIN] Step 286/350 | 01:45:17
[TRAIN] Step 286 | Loss=0.633676 | Best makespan in group=320.00
[TRAIN] Step 287/350 | 01:45:44
[TRAIN] Step 287 | Loss=0.593511 | Best makespan in group=408.00
[TRAIN] Step 288/350 | 01:46:07
[TRAIN] Step 288 | Loss=0.789262 | Best makespan in group=364.00
[TRAIN] Step 289/350 | 01:46:32
[TRAIN] Step 289 | Loss=0.816776 | Best makespan in group=520.00
[TRAIN] Step 290/350 | 01:46:56
[TRAIN] Step 290 | Loss=0.800157 | Best makespan in group=426.00
[TRAIN] Step 291/350 | 01:47:24
[TRAIN] Step 291 | Loss=0.719695 | Best makespan in group=368.00
[TRAIN] Step 292/350 | 01:47:49
[TRAIN] Step 292 | Loss=0.726294 | Best makespan in group=377.00
[TRAIN] Step 293/350 | 01:48:16
[TRAIN] Step 293 | Loss=0.628412 | Best makespan in group=376.00
[TRAIN] Step 294/350 | 01:48:40
[TRAIN] Step 294 | Loss=0.805373 | Best makespan in group=369.00
[TRAIN] Step 295/350 | 01:49:04
[TRAIN] Step 295 | Loss=0.653210 | Best makespan in group=239.00
[TRAIN] Step 296/350 | 01:49:27
[TRAIN] Step 296 | Loss=0.844142 | Best makespan in group=398.00
[TRAIN] Step 297/350 | 01:49:52
[TRAIN] Step 297 | Loss=0.676118 | Best makespan in group=448.00
[TRAIN] Step 298/350 | 01:50:13
[TRAIN] Step 298 | Loss=0.714661 | Best makespan in group=346.00
[TRAIN] Step 299/350 | 01:50:36
[TRAIN] Step 299 | Loss=0.720465 | Best makespan in group=434.00
[TRAIN] Step 300/350 | 01:51:04
[TRAIN] Step 300 | Loss=0.756553 | Best makespan in group=512.00
[TRAIN][VAL][ep 300] avg_gap=0.1694 | std_gap=0.0808 | q80_gap=0.2315 | n=20
[TRAIN] Step 301/350 | 01:51:52
[TRAIN] Step 301 | Loss=0.818738 | Best makespan in group=353.00
[TRAIN] Step 302/350 | 01:52:15
[TRAIN] Step 302 | Loss=0.700721 | Best makespan in group=396.00
[TRAIN] Step 303/350 | 01:52:42
[TRAIN] Step 303 | Loss=0.665686 | Best makespan in group=448.00
[TRAIN] Step 304/350 | 01:53:05
[TRAIN] Step 304 | Loss=0.588710 | Best makespan in group=406.00
[TRAIN] Step 305/350 | 01:53:31
[TRAIN] Step 305 | Loss=0.679204 | Best makespan in group=457.00
[TRAIN] Step 306/350 | 01:53:59
[TRAIN] Step 306 | Loss=0.739839 | Best makespan in group=330.00
[TRAIN] Step 307/350 | 01:54:23
[TRAIN] Step 307 | Loss=0.632730 | Best makespan in group=295.00
[TRAIN] Step 308/350 | 01:54:47
[TRAIN] Step 308 | Loss=0.642481 | Best makespan in group=408.00
[TRAIN] Step 309/350 | 01:55:10
[TRAIN] Step 309 | Loss=0.705106 | Best makespan in group=347.00
[TRAIN] Step 310/350 | 01:55:35
[TRAIN] Step 310 | Loss=0.768588 | Best makespan in group=402.00
[TRAIN] Step 311/350 | 01:56:01
[TRAIN] Step 311 | Loss=0.775736 | Best makespan in group=354.00
[TRAIN] Step 312/350 | 01:56:24
[TRAIN] Step 312 | Loss=0.602732 | Best makespan in group=385.00
[TRAIN] Step 313/350 | 01:56:48
[TRAIN] Step 313 | Loss=0.686025 | Best makespan in group=315.00
[TRAIN] Step 314/350 | 01:57:15
[TRAIN] Step 314 | Loss=0.695988 | Best makespan in group=306.00
[TRAIN] Step 315/350 | 01:57:40
[TRAIN] Step 315 | Loss=0.635740 | Best makespan in group=429.00
[TRAIN] Step 316/350 | 01:58:06
[TRAIN] Step 316 | Loss=0.595872 | Best makespan in group=325.00
[TRAIN] Step 317/350 | 01:58:34
[TRAIN] Step 317 | Loss=0.676574 | Best makespan in group=315.00
[TRAIN] Step 318/350 | 01:58:57
[TRAIN] Step 318 | Loss=0.670705 | Best makespan in group=332.00
[TRAIN] Step 319/350 | 01:59:24
[TRAIN] Step 319 | Loss=0.820697 | Best makespan in group=267.00
[TRAIN] Step 320/350 | 01:59:48
[TRAIN] Step 320 | Loss=0.769526 | Best makespan in group=380.00
[TRAIN] Step 321/350 | 02:00:11
[TRAIN] Step 321 | Loss=0.637014 | Best makespan in group=323.00
[TRAIN] Step 322/350 | 02:00:37
[TRAIN] Step 322 | Loss=0.616917 | Best makespan in group=390.00
[TRAIN] Step 323/350 | 02:01:01
[TRAIN] Step 323 | Loss=0.622217 | Best makespan in group=330.00
[TRAIN] Step 324/350 | 02:01:26
[TRAIN] Step 324 | Loss=0.665485 | Best makespan in group=236.00
[TRAIN] Step 325/350 | 02:01:50
[TRAIN] Step 325 | Loss=0.571297 | Best makespan in group=309.00
[TRAIN][VAL][ep 325] avg_gap=0.1698 | std_gap=0.1031 | q80_gap=0.2325 | n=20
[TRAIN] Step 326/350 | 02:02:39
[TRAIN] Step 326 | Loss=0.566943 | Best makespan in group=321.00
[TRAIN] Step 327/350 | 02:03:03
[TRAIN] Step 327 | Loss=0.647588 | Best makespan in group=408.00
[TRAIN] Step 328/350 | 02:03:26
[TRAIN] Step 328 | Loss=0.670884 | Best makespan in group=333.00
[TRAIN] Step 329/350 | 02:03:53
[TRAIN] Step 329 | Loss=0.683363 | Best makespan in group=267.00
[TRAIN] Step 330/350 | 02:04:17
[TRAIN] Step 330 | Loss=0.651522 | Best makespan in group=367.00
[TRAIN] Step 331/350 | 02:04:42
[TRAIN] Step 331 | Loss=0.648672 | Best makespan in group=295.00
[TRAIN] Step 332/350 | 02:05:06
[TRAIN] Step 332 | Loss=0.621004 | Best makespan in group=436.00
[TRAIN] Step 333/350 | 02:05:31
[TRAIN] Step 333 | Loss=0.634316 | Best makespan in group=362.00
[TRAIN] Step 334/350 | 02:05:56
[TRAIN] Step 334 | Loss=0.648152 | Best makespan in group=479.00
[TRAIN] Step 335/350 | 02:06:22
[TRAIN] Step 335 | Loss=0.790377 | Best makespan in group=320.00
[TRAIN] Step 336/350 | 02:06:49
[TRAIN] Step 336 | Loss=0.574581 | Best makespan in group=433.00
[TRAIN] Step 337/350 | 02:07:12
[TRAIN] Step 337 | Loss=0.643312 | Best makespan in group=346.00
[TRAIN] Step 338/350 | 02:07:35
[TRAIN] Step 338 | Loss=0.726374 | Best makespan in group=427.00
[TRAIN] Step 339/350 | 02:08:04
[TRAIN] Step 339 | Loss=0.672294 | Best makespan in group=359.00
[TRAIN] Step 340/350 | 02:08:26
[TRAIN] Step 340 | Loss=0.645024 | Best makespan in group=377.00
[TRAIN] Step 341/350 | 02:08:54
[TRAIN] Step 341 | Loss=0.526222 | Best makespan in group=385.00
[TRAIN] Step 342/350 | 02:09:17
[TRAIN] Step 342 | Loss=0.790309 | Best makespan in group=386.00
[TRAIN] Step 343/350 | 02:09:43
[TRAIN] Step 343 | Loss=0.750608 | Best makespan in group=397.00
[TRAIN] Step 344/350 | 02:10:10
[TRAIN] Step 344 | Loss=0.695013 | Best makespan in group=409.00
[TRAIN] Step 345/350 | 02:10:36
[TRAIN] Step 345 | Loss=0.699459 | Best makespan in group=348.00
[TRAIN] Step 346/350 | 02:11:01
[TRAIN] Step 346 | Loss=0.667578 | Best makespan in group=458.00
[TRAIN] Step 347/350 | 02:11:24
[TRAIN] Step 347 | Loss=0.553816 | Best makespan in group=355.00
[TRAIN] Step 348/350 | 02:11:46
[TRAIN] Step 348 | Loss=0.671588 | Best makespan in group=380.00
[TRAIN] Step 349/350 | 02:12:09
[TRAIN] Step 349 | Loss=0.656651 | Best makespan in group=457.00
[TRAIN] Step 350/350 | 02:12:36
[TRAIN] Step 350 | Loss=0.674113 | Best makespan in group=375.00
[TRAIN][VAL][ep 350] avg_gap=0.1546 | std_gap=0.0599 | q80_gap=0.2043 | n=20
[TRAIN] Evaluating best checkpoint (candidate_models/951042479229448.pth) on the held-out test split...
[TRAIN][TEST] avg_gap=0.1259 | std_gap=0.1169 | q80_gap=0.1866 | n=20
[TRAIN][02:13:52] Training ended. Validation history and plots updated.
