D:\Dissertação\dissertation-bopo_introduction\venv\Lib\site-packages\torch\jit\_script.py:1485: FutureWarning: `torch.jit.script` is not supported in Python 3.14+ and may break. Please switch to `torch.compile` or `torch.export`.
  warnings.warn(
============================================================
[TRAIN] Training started at: 2026-10-01 06:30:19
[TRAIN] Hyperparams | max_steps=350 | new_freq=200
[TRAIN]             | n_cases=30 | B=32 | K=10 | use_greedy=True | lr=0.0047 (decaying to 9.40e-04)
[TRAIN]             | warm_start_steps=200 | checkpoint_smooth_window=3 | seed=43
[TRAIN]             | hidden_channels=128 | num_layers=2 | heads=3
[TRAIN]             | logp_norm=mean | exclude_greedy_from_loss=True
[TRAIN] Representation | ojmb_feat_v2 | GNN | gat | jm_design | edges
[TRAIN] Device | cuda:0 (NVIDIA GeForce GTX 1650 Ti)
[TRAIN] Problem size | jobs=[8,10] | machines=[5,10] | ops_per_job=[5,6] | max_proc=100
============================================================
[TRAIN] Output run folder: results\batching_gat_L2_ojmb_feat_v2_s43_steps
[TRAIN] Validation config | every=25 steps | instances=20 (representative subset)
[TRAIN][TEACHER] validation avg_gap=0.5033 | q80_gap=0.6593 || test avg_gap=0.4287 | q80_gap=0.6096
[TRAIN] Step metrics | every step on 4 validation instance(s) (bat001, bat003, bat005, bat007) -> results\batching_gat_L2_ojmb_feat_v2_s43_steps\step_metrics.json
[TRAIN] Warm-start (behavior cloning vs. dispatch heuristic) | 200 step(s)...
[TRAIN][WARMSTART] step 10/200 | instance=10 | bc_loss=2.0000 | decisions=45
[TRAIN][WARMSTART] step 20/200 | instance=2 | bc_loss=1.7229 | decisions=43
[TRAIN][WARMSTART] step 30/200 | instance=14 | bc_loss=1.4995 | decisions=43
[TRAIN][WARMSTART] step 40/200 | instance=27 | bc_loss=1.6225 | decisions=47
[TRAIN][WARMSTART] step 50/200 | instance=28 | bc_loss=1.3125 | decisions=43
[TRAIN][WARMSTART] step 60/200 | instance=27 | bc_loss=1.3465 | decisions=47
[TRAIN][WARMSTART] step 70/200 | instance=16 | bc_loss=1.1442 | decisions=46
[TRAIN][WARMSTART] step 80/200 | instance=23 | bc_loss=0.9865 | decisions=37
[TRAIN][WARMSTART] step 90/200 | instance=7 | bc_loss=1.4653 | decisions=51
[TRAIN][WARMSTART] step 100/200 | instance=16 | bc_loss=0.9391 | decisions=46
[TRAIN][WARMSTART] step 110/200 | instance=17 | bc_loss=1.0167 | decisions=46
[TRAIN][WARMSTART] step 120/200 | instance=5 | bc_loss=1.2207 | decisions=52
[TRAIN][WARMSTART] step 130/200 | instance=23 | bc_loss=0.8749 | decisions=37
[TRAIN][WARMSTART] step 140/200 | instance=18 | bc_loss=1.0087 | decisions=39
[TRAIN][WARMSTART] step 150/200 | instance=24 | bc_loss=0.8260 | decisions=47
[TRAIN][WARMSTART] step 160/200 | instance=27 | bc_loss=0.9639 | decisions=47
[TRAIN][WARMSTART] step 170/200 | instance=20 | bc_loss=0.9658 | decisions=47
[TRAIN][WARMSTART] step 180/200 | instance=28 | bc_loss=0.8477 | decisions=43
[TRAIN][WARMSTART] step 190/200 | instance=9 | bc_loss=1.1057 | decisions=37
[TRAIN][WARMSTART] step 200/200 | instance=19 | bc_loss=0.7598 | decisions=47
[TRAIN] Warm-start complete, switching to BOPO preference optimization.
------------------------------------------------------------
[TRAIN] BOPO agent ready. Starting training loop for 350 step(s)...
------------------------------------------------------------
[TRAIN] Step 1/350 | 06:38:26
[TRAIN] Step 1 | Loss=0.803037 | Best makespan in group=431.00
[TRAIN] Step 2/350 | 06:39:00
[TRAIN] Step 2 | Loss=0.883988 | Best makespan in group=342.00
[TRAIN] Step 3/350 | 06:39:38
[TRAIN] Step 3 | Loss=0.840135 | Best makespan in group=359.00
[TRAIN] Step 4/350 | 06:40:15
[TRAIN] Step 4 | Loss=0.808383 | Best makespan in group=401.00
[TRAIN] Step 5/350 | 06:40:46
[TRAIN] Step 5 | Loss=0.738380 | Best makespan in group=530.00
[TRAIN] Step 6/350 | 06:41:24
[TRAIN] Step 6 | Loss=0.730108 | Best makespan in group=577.00
[TRAIN] Step 7/350 | 06:41:55
[TRAIN] Step 7 | Loss=0.610078 | Best makespan in group=479.00
[TRAIN] Step 8/350 | 06:42:29
[TRAIN] Step 8 | Loss=0.917123 | Best makespan in group=382.00
[TRAIN] Step 9/350 | 06:43:04
[TRAIN] Step 9 | Loss=0.694001 | Best makespan in group=538.00
[TRAIN] Step 10/350 | 06:43:38
[TRAIN] Step 10 | Loss=0.805053 | Best makespan in group=396.00
[TRAIN] Step 11/350 | 06:44:12
[TRAIN] Step 11 | Loss=0.646151 | Best makespan in group=515.00
[TRAIN] Step 12/350 | 06:44:46
[TRAIN] Step 12 | Loss=0.732503 | Best makespan in group=393.00
[TRAIN] Step 13/350 | 06:45:19
[TRAIN] Step 13 | Loss=0.646190 | Best makespan in group=372.00
[TRAIN] Step 14/350 | 06:45:49
[TRAIN] Step 14 | Loss=0.748449 | Best makespan in group=367.00
[TRAIN] Step 15/350 | 06:46:23
[TRAIN] Step 15 | Loss=0.636020 | Best makespan in group=496.00
[TRAIN] Step 16/350 | 06:46:51
[TRAIN] Step 16 | Loss=0.773632 | Best makespan in group=465.00
[TRAIN] Step 17/350 | 06:47:23
[TRAIN] Step 17 | Loss=0.955938 | Best makespan in group=370.00
[TRAIN] Step 18/350 | 06:47:54
[TRAIN] Step 18 | Loss=0.746181 | Best makespan in group=354.00
[TRAIN] Step 19/350 | 06:48:30
[TRAIN] Step 19 | Loss=0.653018 | Best makespan in group=362.00
[TRAIN] Step 20/350 | 06:49:06
[TRAIN] Step 20 | Loss=0.875756 | Best makespan in group=423.00
[TRAIN] Step 21/350 | 06:49:40
[TRAIN] Step 21 | Loss=0.645340 | Best makespan in group=352.00
[TRAIN] Step 22/350 | 06:50:10
[TRAIN] Step 22 | Loss=0.663891 | Best makespan in group=470.00
[TRAIN] Step 23/350 | 06:50:44
[TRAIN] Step 23 | Loss=0.748968 | Best makespan in group=344.00
[TRAIN] Step 24/350 | 06:51:16
[TRAIN] Step 24 | Loss=0.661578 | Best makespan in group=520.00
[TRAIN] Step 25/350 | 06:51:48
[TRAIN] Step 25 | Loss=0.651891 | Best makespan in group=384.00
[TRAIN][VAL][ep 25] avg_gap=0.3943 | std_gap=0.2111 | q80_gap=0.5011 | n=20
[TRAIN] Validation improved | smoothed_avg_gap=0.3943 (raw=0.3943) | saving candidate: 323656894980793.pth
[TRAIN] Step 26/350 | 06:52:56
[TRAIN] Step 26 | Loss=0.700910 | Best makespan in group=376.00
[TRAIN] Step 27/350 | 06:53:25
[TRAIN] Step 27 | Loss=0.745028 | Best makespan in group=370.00
[TRAIN] Step 28/350 | 06:53:55
[TRAIN] Step 28 | Loss=0.689318 | Best makespan in group=371.00
[TRAIN] Step 29/350 | 06:54:27
[TRAIN] Step 29 | Loss=0.670679 | Best makespan in group=300.00
[TRAIN] Step 30/350 | 06:54:56
[TRAIN] Step 30 | Loss=0.698719 | Best makespan in group=471.00
[TRAIN] Step 31/350 | 06:55:26
[TRAIN] Step 31 | Loss=0.683211 | Best makespan in group=320.00
[TRAIN] Step 32/350 | 06:56:03
[TRAIN] Step 32 | Loss=0.650957 | Best makespan in group=434.00
[TRAIN] Step 33/350 | 06:56:33
[TRAIN] Step 33 | Loss=0.598551 | Best makespan in group=503.00
[TRAIN] Step 34/350 | 06:57:05
[TRAIN] Step 34 | Loss=0.605162 | Best makespan in group=411.00
[TRAIN] Step 35/350 | 06:57:37
[TRAIN] Step 35 | Loss=0.695728 | Best makespan in group=300.00
[TRAIN] Step 36/350 | 06:58:08
[TRAIN] Step 36 | Loss=0.670509 | Best makespan in group=514.00
[TRAIN] Step 37/350 | 06:58:41
[TRAIN] Step 37 | Loss=0.841730 | Best makespan in group=454.00
[TRAIN] Step 38/350 | 06:59:18
[TRAIN] Step 38 | Loss=0.742460 | Best makespan in group=352.00
[TRAIN] Step 39/350 | 06:59:50
[TRAIN] Step 39 | Loss=0.624399 | Best makespan in group=344.00
[TRAIN] Step 40/350 | 07:00:26
[TRAIN] Step 40 | Loss=0.761450 | Best makespan in group=375.00
[TRAIN] Step 41/350 | 07:01:01
[TRAIN] Step 41 | Loss=0.750129 | Best makespan in group=425.00
[TRAIN] Step 42/350 | 07:01:35
[TRAIN] Step 42 | Loss=0.684941 | Best makespan in group=348.00
[TRAIN] Step 43/350 | 07:02:11
[TRAIN] Step 43 | Loss=0.736067 | Best makespan in group=362.00
[TRAIN] Step 44/350 | 07:02:39
[TRAIN] Step 44 | Loss=0.794306 | Best makespan in group=330.00
[TRAIN] Step 45/350 | 07:03:14
[TRAIN] Step 45 | Loss=0.655529 | Best makespan in group=390.00
[TRAIN] Step 46/350 | 07:03:50
[TRAIN] Step 46 | Loss=0.721737 | Best makespan in group=371.00
[TRAIN] Step 47/350 | 07:04:23
[TRAIN] Step 47 | Loss=0.655531 | Best makespan in group=475.00
[TRAIN] Step 48/350 | 07:04:54
[TRAIN] Step 48 | Loss=0.793451 | Best makespan in group=429.00
[TRAIN] Step 49/350 | 07:05:27
[TRAIN] Step 49 | Loss=0.578507 | Best makespan in group=447.00
[TRAIN] Step 50/350 | 07:06:00
[TRAIN] Step 50 | Loss=0.734295 | Best makespan in group=433.00
[TRAIN][VAL][ep 50] avg_gap=0.2532 | std_gap=0.1249 | q80_gap=0.3296 | n=20
[TRAIN] Validation improved | smoothed_avg_gap=0.3237 (raw=0.2532) | saving candidate: 609760523393048.pth
[TRAIN] Step 51/350 | 07:07:01
[TRAIN] Step 51 | Loss=0.588418 | Best makespan in group=349.00
[TRAIN] Step 52/350 | 07:07:31
[TRAIN] Step 52 | Loss=0.639713 | Best makespan in group=346.00
[TRAIN] Step 53/350 | 07:08:02
[TRAIN] Step 53 | Loss=0.703016 | Best makespan in group=345.00
[TRAIN] Step 54/350 | 07:08:32
[TRAIN] Step 54 | Loss=0.613936 | Best makespan in group=482.00
[TRAIN] Step 55/350 | 07:09:05
[TRAIN] Step 55 | Loss=0.661006 | Best makespan in group=365.00
[TRAIN] Step 56/350 | 07:09:34
[TRAIN] Step 56 | Loss=0.676138 | Best makespan in group=339.00
[TRAIN] Step 57/350 | 07:10:05
[TRAIN] Step 57 | Loss=0.609783 | Best makespan in group=347.00
[TRAIN] Step 58/350 | 07:10:36
[TRAIN] Step 58 | Loss=0.648555 | Best makespan in group=390.00
[TRAIN] Step 59/350 | 07:11:06
[TRAIN] Step 59 | Loss=0.678885 | Best makespan in group=296.00
[TRAIN] Step 60/350 | 07:11:43
[TRAIN] Step 60 | Loss=0.555017 | Best makespan in group=460.00
[TRAIN] Step 61/350 | 07:12:11
[TRAIN] Step 61 | Loss=0.640064 | Best makespan in group=338.00
[TRAIN] Step 62/350 | 07:12:41
[TRAIN] Step 62 | Loss=0.565124 | Best makespan in group=430.00
[TRAIN] Step 63/350 | 07:13:14
[TRAIN] Step 63 | Loss=0.628866 | Best makespan in group=362.00
[TRAIN] Step 64/350 | 07:13:46
[TRAIN] Step 64 | Loss=0.677735 | Best makespan in group=350.00
[TRAIN] Step 65/350 | 07:14:19
[TRAIN] Step 65 | Loss=0.642831 | Best makespan in group=340.00
[TRAIN] Step 66/350 | 07:14:48
[TRAIN] Step 66 | Loss=0.614846 | Best makespan in group=431.00
[TRAIN] Step 67/350 | 07:15:18
[TRAIN] Step 67 | Loss=0.526600 | Best makespan in group=421.00
[TRAIN] Step 68/350 | 07:15:51
[TRAIN] Step 68 | Loss=0.657397 | Best makespan in group=365.00
[TRAIN] Step 69/350 | 07:16:23
[TRAIN] Step 69 | Loss=0.676137 | Best makespan in group=345.00
[TRAIN] Step 70/350 | 07:16:53
[TRAIN] Step 70 | Loss=0.625984 | Best makespan in group=378.00
[TRAIN] Step 71/350 | 07:17:28
[TRAIN] Step 71 | Loss=0.634012 | Best makespan in group=311.00
[TRAIN] Step 72/350 | 07:18:03
[TRAIN] Step 72 | Loss=0.753188 | Best makespan in group=332.00
[TRAIN] Step 73/350 | 07:18:39
[TRAIN] Step 73 | Loss=0.524027 | Best makespan in group=421.00
[TRAIN] Step 74/350 | 07:19:11
[TRAIN] Step 74 | Loss=0.818092 | Best makespan in group=390.00
[TRAIN] Step 75/350 | 07:19:43
[TRAIN] Step 75 | Loss=0.655720 | Best makespan in group=433.00
[TRAIN][VAL][ep 75] avg_gap=0.2268 | std_gap=0.1381 | q80_gap=0.3448 | n=20
[TRAIN] Validation improved | smoothed_avg_gap=0.2914 (raw=0.2268) | saving candidate: 804376625325771.pth
[TRAIN] Step 76/350 | 07:20:44
[TRAIN] Step 76 | Loss=0.641213 | Best makespan in group=352.00
[TRAIN] Step 77/350 | 07:21:15
[TRAIN] Step 77 | Loss=0.729976 | Best makespan in group=344.00
[TRAIN] Step 78/350 | 07:21:48
[TRAIN] Step 78 | Loss=0.689197 | Best makespan in group=501.00
[TRAIN] Step 79/350 | 07:22:22
[TRAIN] Step 79 | Loss=0.623616 | Best makespan in group=426.00
[TRAIN] Step 80/350 | 07:22:54
[TRAIN] Step 80 | Loss=0.752340 | Best makespan in group=297.00
[TRAIN] Step 81/350 | 07:23:30
[TRAIN] Step 81 | Loss=0.741110 | Best makespan in group=458.00
[TRAIN] Step 82/350 | 07:24:03
[TRAIN] Step 82 | Loss=0.621126 | Best makespan in group=504.00
[TRAIN] Step 83/350 | 07:24:38
[TRAIN] Step 83 | Loss=0.588412 | Best makespan in group=295.00
[TRAIN] Step 84/350 | 07:25:13
[TRAIN] Step 84 | Loss=0.686876 | Best makespan in group=329.00
[TRAIN] Step 85/350 | 07:25:43
[TRAIN] Step 85 | Loss=0.689886 | Best makespan in group=349.00
[TRAIN] Step 86/350 | 07:26:22
[TRAIN] Step 86 | Loss=0.660198 | Best makespan in group=320.00
[TRAIN] Step 87/350 | 07:27:04
[TRAIN] Step 87 | Loss=0.611145 | Best makespan in group=430.00
[TRAIN] Step 88/350 | 07:27:47
[TRAIN] Step 88 | Loss=0.596325 | Best makespan in group=344.00
[TRAIN] Step 89/350 | 07:28:20
[TRAIN] Step 89 | Loss=0.700289 | Best makespan in group=358.00
[TRAIN] Step 90/350 | 07:28:52
[TRAIN] Step 90 | Loss=0.625660 | Best makespan in group=455.00
[TRAIN] Step 91/350 | 07:29:23
[TRAIN] Step 91 | Loss=0.769890 | Best makespan in group=361.00
[TRAIN] Step 92/350 | 07:29:56
[TRAIN] Step 92 | Loss=0.678373 | Best makespan in group=405.00
[TRAIN] Step 93/350 | 07:30:30
[TRAIN] Step 93 | Loss=0.704481 | Best makespan in group=349.00
[TRAIN] Step 94/350 | 07:31:07
[TRAIN] Step 94 | Loss=0.584504 | Best makespan in group=299.00
[TRAIN] Step 95/350 | 07:31:45
[TRAIN] Step 95 | Loss=0.560332 | Best makespan in group=439.00
[TRAIN] Step 96/350 | 07:32:15
[TRAIN] Step 96 | Loss=0.621182 | Best makespan in group=331.00
[TRAIN] Step 97/350 | 07:32:51
[TRAIN] Step 97 | Loss=0.706165 | Best makespan in group=378.00
[TRAIN] Step 98/350 | 07:33:25
[TRAIN] Step 98 | Loss=0.757681 | Best makespan in group=419.00
[TRAIN] Step 99/350 | 07:33:57
[TRAIN] Step 99 | Loss=0.660042 | Best makespan in group=344.00
[TRAIN] Step 100/350 | 07:34:27
[TRAIN] Step 100 | Loss=0.639657 | Best makespan in group=354.00
[TRAIN][VAL][ep 100] avg_gap=0.1939 | std_gap=0.1164 | q80_gap=0.2568 | n=20
[TRAIN] Validation improved | smoothed_avg_gap=0.2246 (raw=0.1939) | saving candidate: 50043844051783.pth
[TRAIN] Step 101/350 | 07:35:28
[TRAIN] Step 101 | Loss=0.571756 | Best makespan in group=299.00
[TRAIN] Step 102/350 | 07:36:03
[TRAIN] Step 102 | Loss=0.636283 | Best makespan in group=320.00
[TRAIN] Step 103/350 | 07:36:39
[TRAIN] Step 103 | Loss=0.712715 | Best makespan in group=349.00
[TRAIN] Step 104/350 | 07:37:12
[TRAIN] Step 104 | Loss=0.604289 | Best makespan in group=420.00
[TRAIN] Step 105/350 | 07:37:42
[TRAIN] Step 105 | Loss=0.912981 | Best makespan in group=428.00
[TRAIN] Step 106/350 | 07:38:12
[TRAIN] Step 106 | Loss=0.631807 | Best makespan in group=369.00
[TRAIN] Step 107/350 | 07:38:44
[TRAIN] Step 107 | Loss=0.611655 | Best makespan in group=471.00
[TRAIN] Step 108/350 | 07:39:16
[TRAIN] Step 108 | Loss=0.769136 | Best makespan in group=360.00
[TRAIN] Step 109/350 | 07:39:47
[TRAIN] Step 109 | Loss=0.666771 | Best makespan in group=319.00
[TRAIN] Step 110/350 | 07:40:16
[TRAIN] Step 110 | Loss=0.761341 | Best makespan in group=390.00
[TRAIN] Step 111/350 | 07:40:47
[TRAIN] Step 111 | Loss=0.634965 | Best makespan in group=452.00
[TRAIN] Step 112/350 | 07:41:19
[TRAIN] Step 112 | Loss=0.641012 | Best makespan in group=475.00
[TRAIN] Step 113/350 | 07:41:52
[TRAIN] Step 113 | Loss=0.628377 | Best makespan in group=434.00
[TRAIN] Step 114/350 | 07:42:29
[TRAIN] Step 114 | Loss=0.648934 | Best makespan in group=341.00
[TRAIN] Step 115/350 | 07:42:59
[TRAIN] Step 115 | Loss=0.572397 | Best makespan in group=455.00
[TRAIN] Step 116/350 | 07:43:27
[TRAIN] Step 116 | Loss=0.615080 | Best makespan in group=433.00
[TRAIN] Step 117/350 | 07:44:00
[TRAIN] Step 117 | Loss=0.625818 | Best makespan in group=295.00
[TRAIN] Step 118/350 | 07:44:29
[TRAIN] Step 118 | Loss=0.627623 | Best makespan in group=321.00
[TRAIN] Step 119/350 | 07:44:59
[TRAIN] Step 119 | Loss=0.606603 | Best makespan in group=352.00
[TRAIN] Step 120/350 | 07:45:30
[TRAIN] Step 120 | Loss=0.598465 | Best makespan in group=352.00
[TRAIN] Step 121/350 | 07:46:01
[TRAIN] Step 121 | Loss=0.745318 | Best makespan in group=349.00
[TRAIN] Step 122/350 | 07:46:31
[TRAIN] Step 122 | Loss=0.648757 | Best makespan in group=372.00
[TRAIN] Step 123/350 | 07:47:03
[TRAIN] Step 123 | Loss=0.600376 | Best makespan in group=403.00
[TRAIN] Step 124/350 | 07:47:36
[TRAIN] Step 124 | Loss=0.583163 | Best makespan in group=436.00
[TRAIN] Step 125/350 | 07:48:03
[TRAIN] Step 125 | Loss=0.650151 | Best makespan in group=352.00
[TRAIN][VAL][ep 125] avg_gap=0.1874 | std_gap=0.1075 | q80_gap=0.2336 | n=20
[TRAIN] Validation improved | smoothed_avg_gap=0.2027 (raw=0.1874) | saving candidate: 206592778249054.pth
[TRAIN] Step 126/350 | 07:49:05
[TRAIN] Step 126 | Loss=0.606723 | Best makespan in group=428.00
[TRAIN] Step 127/350 | 07:49:35
[TRAIN] Step 127 | Loss=0.658833 | Best makespan in group=349.00
[TRAIN] Step 128/350 | 07:50:11
[TRAIN] Step 128 | Loss=0.564348 | Best makespan in group=358.00
[TRAIN] Step 129/350 | 07:50:40
[TRAIN] Step 129 | Loss=0.638639 | Best makespan in group=344.00
[TRAIN] Step 130/350 | 07:51:11
[TRAIN] Step 130 | Loss=0.607105 | Best makespan in group=470.00
[TRAIN] Step 131/350 | 07:51:43
[TRAIN] Step 131 | Loss=0.768003 | Best makespan in group=300.00
[TRAIN] Step 132/350 | 07:52:20
[TRAIN] Step 132 | Loss=0.649944 | Best makespan in group=295.00
[TRAIN] Step 133/350 | 07:52:49
[TRAIN] Step 133 | Loss=0.722262 | Best makespan in group=349.00
[TRAIN] Step 134/350 | 07:53:25
[TRAIN] Step 134 | Loss=0.681557 | Best makespan in group=390.00
[TRAIN] Step 135/350 | 07:53:55
[TRAIN] Step 135 | Loss=0.659662 | Best makespan in group=437.00
[TRAIN] Step 136/350 | 07:54:25
[TRAIN] Step 136 | Loss=0.640289 | Best makespan in group=495.00
[TRAIN] Step 137/350 | 07:54:57
[TRAIN] Step 137 | Loss=0.735911 | Best makespan in group=352.00
[TRAIN] Step 138/350 | 07:55:27
[TRAIN] Step 138 | Loss=0.644082 | Best makespan in group=452.00
[TRAIN] Step 139/350 | 07:55:59
[TRAIN] Step 139 | Loss=0.686887 | Best makespan in group=432.00
[TRAIN] Step 140/350 | 07:56:28
[TRAIN] Step 140 | Loss=0.709159 | Best makespan in group=307.00
[TRAIN] Step 141/350 | 07:57:04
[TRAIN] Step 141 | Loss=0.722409 | Best makespan in group=351.00
[TRAIN] Step 142/350 | 07:57:34
[TRAIN] Step 142 | Loss=0.625218 | Best makespan in group=443.00
[TRAIN] Step 143/350 | 07:58:07
[TRAIN] Step 143 | Loss=0.771294 | Best makespan in group=429.00
[TRAIN] Step 144/350 | 07:58:45
[TRAIN] Step 144 | Loss=0.586307 | Best makespan in group=320.00
[TRAIN] Step 145/350 | 07:59:20
[TRAIN] Step 145 | Loss=0.675024 | Best makespan in group=365.00
[TRAIN] Step 146/350 | 07:59:53
[TRAIN] Step 146 | Loss=0.675472 | Best makespan in group=413.00
[TRAIN] Step 147/350 | 08:00:25
[TRAIN] Step 147 | Loss=0.646686 | Best makespan in group=337.00
[TRAIN] Step 148/350 | 08:00:59
[TRAIN] Step 148 | Loss=0.828968 | Best makespan in group=348.00
[TRAIN] Step 149/350 | 08:01:26
[TRAIN] Step 149 | Loss=0.723887 | Best makespan in group=329.00
[TRAIN] Step 150/350 | 08:01:56
[TRAIN] Step 150 | Loss=0.627365 | Best makespan in group=378.00
[TRAIN][VAL][ep 150] avg_gap=0.1606 | std_gap=0.0843 | q80_gap=0.2384 | n=20
[TRAIN] Validation improved | smoothed_avg_gap=0.1806 (raw=0.1606) | saving candidate: 510869766757647.pth
[TRAIN] Step 151/350 | 08:03:02
[TRAIN] Step 151 | Loss=0.739875 | Best makespan in group=449.00
[TRAIN] Step 152/350 | 08:03:35
[TRAIN] Step 152 | Loss=0.795455 | Best makespan in group=358.00
[TRAIN] Step 153/350 | 08:04:05
[TRAIN] Step 153 | Loss=0.710825 | Best makespan in group=296.00
[TRAIN] Step 154/350 | 08:04:41
[TRAIN] Step 154 | Loss=0.653256 | Best makespan in group=365.00
[TRAIN] Step 155/350 | 08:05:10
[TRAIN] Step 155 | Loss=0.698486 | Best makespan in group=341.00
[TRAIN] Step 156/350 | 08:05:41
[TRAIN] Step 156 | Loss=0.660524 | Best makespan in group=390.00
[TRAIN] Step 157/350 | 08:06:11
[TRAIN] Step 157 | Loss=0.639960 | Best makespan in group=321.00
[TRAIN] Step 158/350 | 08:06:39
[TRAIN] Step 158 | Loss=0.701465 | Best makespan in group=346.00
[TRAIN] Step 159/350 | 08:07:10
[TRAIN] Step 159 | Loss=0.630075 | Best makespan in group=322.00
[TRAIN] Step 160/350 | 08:07:45
[TRAIN] Step 160 | Loss=0.609933 | Best makespan in group=473.00
[TRAIN] Step 161/350 | 08:08:17
[TRAIN] Step 161 | Loss=0.752042 | Best makespan in group=372.00
[TRAIN] Step 162/350 | 08:08:48
[TRAIN] Step 162 | Loss=0.707879 | Best makespan in group=435.00
[TRAIN] Step 163/350 | 08:09:18
[TRAIN] Step 163 | Loss=0.677086 | Best makespan in group=332.00
[TRAIN] Step 164/350 | 08:09:47
[TRAIN] Step 164 | Loss=0.687680 | Best makespan in group=343.00
[TRAIN] Step 165/350 | 08:10:18
[TRAIN] Step 165 | Loss=0.670799 | Best makespan in group=406.00
[TRAIN] Step 166/350 | 08:10:48
[TRAIN] Step 166 | Loss=0.791010 | Best makespan in group=347.00
[TRAIN] Step 167/350 | 08:11:24
[TRAIN] Step 167 | Loss=0.727775 | Best makespan in group=418.00
[TRAIN] Step 168/350 | 08:12:01
[TRAIN] Step 168 | Loss=0.652452 | Best makespan in group=432.00
[TRAIN] Step 169/350 | 08:12:34
[TRAIN] Step 169 | Loss=0.630769 | Best makespan in group=295.00
[TRAIN] Step 170/350 | 08:13:04
[TRAIN] Step 170 | Loss=0.656125 | Best makespan in group=364.00
[TRAIN] Step 171/350 | 08:13:36
[TRAIN] Step 171 | Loss=0.691906 | Best makespan in group=348.00
[TRAIN] Step 172/350 | 08:14:10
[TRAIN] Step 172 | Loss=0.739774 | Best makespan in group=325.00
[TRAIN] Step 173/350 | 08:14:46
[TRAIN] Step 173 | Loss=0.694057 | Best makespan in group=435.00
[TRAIN] Step 174/350 | 08:15:15
[TRAIN] Step 174 | Loss=0.581574 | Best makespan in group=300.00
[TRAIN] Step 175/350 | 08:15:51
[TRAIN] Step 175 | Loss=0.703822 | Best makespan in group=352.00
[TRAIN][VAL][ep 175] avg_gap=0.1374 | std_gap=0.0843 | q80_gap=0.1912 | n=20
[TRAIN] Validation improved | smoothed_avg_gap=0.1618 (raw=0.1374) | saving candidate: 440196762208358.pth
[TRAIN] Step 176/350 | 08:16:53
[TRAIN] Step 176 | Loss=0.661480 | Best makespan in group=413.00
[TRAIN] Step 177/350 | 08:17:26
[TRAIN] Step 177 | Loss=0.674234 | Best makespan in group=480.00
[TRAIN] Step 178/350 | 08:17:58
[TRAIN] Step 178 | Loss=0.767617 | Best makespan in group=459.00
[TRAIN] Step 179/350 | 08:18:27
[TRAIN] Step 179 | Loss=0.603288 | Best makespan in group=416.00
[TRAIN] Step 180/350 | 08:19:00
[TRAIN] Step 180 | Loss=0.770411 | Best makespan in group=378.00
[TRAIN] Step 181/350 | 08:19:36
[TRAIN] Step 181 | Loss=0.673254 | Best makespan in group=341.00
[TRAIN] Step 182/350 | 08:20:06
[TRAIN] Step 182 | Loss=0.768144 | Best makespan in group=296.00
[TRAIN] Step 183/350 | 08:20:43
[TRAIN] Step 183 | Loss=0.643719 | Best makespan in group=365.00
[TRAIN] Step 184/350 | 08:21:15
[TRAIN] Step 184 | Loss=0.741754 | Best makespan in group=445.00
[TRAIN] Step 185/350 | 08:21:43
[TRAIN] Step 185 | Loss=0.634892 | Best makespan in group=465.00
[TRAIN] Step 186/350 | 08:22:15
[TRAIN] Step 186 | Loss=0.647852 | Best makespan in group=379.00
[TRAIN] Step 187/350 | 08:22:45
[TRAIN] Step 187 | Loss=0.673270 | Best makespan in group=295.00
[TRAIN] Step 188/350 | 08:23:14
[TRAIN] Step 188 | Loss=0.730847 | Best makespan in group=336.00
[TRAIN] Step 189/350 | 08:23:48
[TRAIN] Step 189 | Loss=0.722572 | Best makespan in group=418.00
[TRAIN] Step 190/350 | 08:24:25
[TRAIN] Step 190 | Loss=0.618188 | Best makespan in group=352.00
[TRAIN] Step 191/350 | 08:24:57
[TRAIN] Step 191 | Loss=0.807657 | Best makespan in group=335.00
[TRAIN] Step 192/350 | 08:25:27
[TRAIN] Step 192 | Loss=0.651168 | Best makespan in group=374.00
[TRAIN] Step 193/350 | 08:25:58
[TRAIN] Step 193 | Loss=0.756057 | Best makespan in group=468.00
[TRAIN] Step 194/350 | 08:26:31
[TRAIN] Step 194 | Loss=0.603555 | Best makespan in group=413.00
[TRAIN] Step 195/350 | 08:27:03
[TRAIN] Step 195 | Loss=0.739751 | Best makespan in group=328.00
[TRAIN] Step 196/350 | 08:27:39
[TRAIN] Step 196 | Loss=0.568352 | Best makespan in group=424.00
[TRAIN] Step 197/350 | 08:28:12
[TRAIN] Step 197 | Loss=0.603022 | Best makespan in group=357.00
[TRAIN] Step 198/350 | 08:28:48
[TRAIN] Step 198 | Loss=0.710167 | Best makespan in group=327.00
[TRAIN] Step 199/350 | 08:29:18
[TRAIN] Step 199 | Loss=0.778063 | Best makespan in group=298.00
[TRAIN] Step 200/350 | 08:29:52
[TRAIN] Step 200 | Loss=0.730496 | Best makespan in group=433.00
[TRAIN] Refreshing training instances (step 200)...
[TRAIN][VAL][ep 200] avg_gap=0.1675 | std_gap=0.0997 | q80_gap=0.2138 | n=20
[TRAIN] Validation improved | smoothed_avg_gap=0.1551 (raw=0.1675) | saving candidate: 171071779414594.pth
[TRAIN] Step 201/350 | 08:30:52
[TRAIN] Step 201 | Loss=0.828054 | Best makespan in group=391.00
[TRAIN] Step 202/350 | 08:31:22
[TRAIN] Step 202 | Loss=0.697133 | Best makespan in group=337.00
[TRAIN] Step 203/350 | 08:31:54
[TRAIN] Step 203 | Loss=0.653839 | Best makespan in group=373.00
[TRAIN] Step 204/350 | 08:32:25
[TRAIN] Step 204 | Loss=0.592169 | Best makespan in group=331.00
[TRAIN] Step 205/350 | 08:32:57
[TRAIN] Step 205 | Loss=0.766794 | Best makespan in group=344.00
[TRAIN] Step 206/350 | 08:33:32
[TRAIN] Step 206 | Loss=0.847985 | Best makespan in group=334.00
[TRAIN] Step 207/350 | 08:34:07
[TRAIN] Step 207 | Loss=0.608373 | Best makespan in group=393.00
[TRAIN] Step 208/350 | 08:34:39
[TRAIN] Step 208 | Loss=0.748437 | Best makespan in group=405.00
[TRAIN] Step 209/350 | 08:35:15
[TRAIN] Step 209 | Loss=0.637096 | Best makespan in group=434.00
[TRAIN] Step 210/350 | 08:35:48
[TRAIN] Step 210 | Loss=0.911793 | Best makespan in group=386.00
[TRAIN] Step 211/350 | 08:36:16
[TRAIN] Step 211 | Loss=0.761983 | Best makespan in group=353.00
[TRAIN] Step 212/350 | 08:36:50
[TRAIN] Step 212 | Loss=0.677823 | Best makespan in group=454.00
[TRAIN] Step 213/350 | 08:37:20
[TRAIN] Step 213 | Loss=0.686064 | Best makespan in group=416.00
[TRAIN] Step 214/350 | 08:37:48
[TRAIN] Step 214 | Loss=0.633356 | Best makespan in group=337.00
[TRAIN] Step 215/350 | 08:38:24
[TRAIN] Step 215 | Loss=0.743352 | Best makespan in group=372.00
[TRAIN] Step 216/350 | 08:38:54
[TRAIN] Step 216 | Loss=0.652559 | Best makespan in group=497.00
[TRAIN] Step 217/350 | 08:39:27
[TRAIN] Step 217 | Loss=0.677375 | Best makespan in group=563.00
[TRAIN] Step 218/350 | 08:40:00
[TRAIN] Step 218 | Loss=0.682257 | Best makespan in group=451.00
[TRAIN] Step 219/350 | 08:40:34
[TRAIN] Step 219 | Loss=0.737784 | Best makespan in group=356.00
[TRAIN] Step 220/350 | 08:41:03
[TRAIN] Step 220 | Loss=0.738035 | Best makespan in group=535.00
[TRAIN] Step 221/350 | 08:41:37
[TRAIN] Step 221 | Loss=0.696603 | Best makespan in group=395.00
[TRAIN] Step 222/350 | 08:42:09
[TRAIN] Step 222 | Loss=0.739205 | Best makespan in group=366.00
[TRAIN] Step 223/350 | 08:42:38
[TRAIN] Step 223 | Loss=0.644902 | Best makespan in group=297.00
[TRAIN] Step 224/350 | 08:43:09
[TRAIN] Step 224 | Loss=0.629894 | Best makespan in group=308.00
[TRAIN] Step 225/350 | 08:43:39
[TRAIN] Step 225 | Loss=0.598359 | Best makespan in group=435.00
[TRAIN][VAL][ep 225] avg_gap=0.1536 | std_gap=0.1011 | q80_gap=0.2034 | n=20
[TRAIN] Validation improved | smoothed_avg_gap=0.1528 (raw=0.1536) | saving candidate: 404754901038671.pth
[TRAIN] Step 226/350 | 08:44:45
[TRAIN] Step 226 | Loss=0.543674 | Best makespan in group=350.00
[TRAIN] Step 227/350 | 08:45:14
[TRAIN] Step 227 | Loss=0.714937 | Best makespan in group=275.00
[TRAIN] Step 228/350 | 08:45:45
[TRAIN] Step 228 | Loss=0.588376 | Best makespan in group=274.00
[TRAIN] Step 229/350 | 08:46:19
[TRAIN] Step 229 | Loss=0.597281 | Best makespan in group=320.00
[TRAIN] Step 230/350 | 08:46:54
[TRAIN] Step 230 | Loss=0.647549 | Best makespan in group=346.00
[TRAIN] Step 231/350 | 08:47:26
[TRAIN] Step 231 | Loss=0.589112 | Best makespan in group=323.00
[TRAIN] Step 232/350 | 08:47:58
[TRAIN] Step 232 | Loss=0.785240 | Best makespan in group=471.00
[TRAIN] Step 233/350 | 08:48:28
[TRAIN] Step 233 | Loss=0.701670 | Best makespan in group=344.00
[TRAIN] Step 234/350 | 08:49:01
[TRAIN] Step 234 | Loss=0.746168 | Best makespan in group=527.00
[TRAIN] Step 235/350 | 08:49:35
[TRAIN] Step 235 | Loss=0.643225 | Best makespan in group=339.00
[TRAIN] Step 236/350 | 08:50:09
[TRAIN] Step 236 | Loss=0.596965 | Best makespan in group=337.00
[TRAIN] Step 237/350 | 08:50:46
[TRAIN] Step 237 | Loss=0.672564 | Best makespan in group=395.00
[TRAIN] Step 238/350 | 08:51:20
[TRAIN] Step 238 | Loss=0.781765 | Best makespan in group=288.00
[TRAIN] Step 239/350 | 08:51:50
[TRAIN] Step 239 | Loss=0.708095 | Best makespan in group=357.00
[TRAIN] Step 240/350 | 08:52:19
[TRAIN] Step 240 | Loss=0.638005 | Best makespan in group=335.00
[TRAIN] Step 241/350 | 08:52:54
[TRAIN] Step 241 | Loss=0.727959 | Best makespan in group=276.00
[TRAIN] Step 242/350 | 08:53:28
[TRAIN] Step 242 | Loss=0.739989 | Best makespan in group=376.00
[TRAIN] Step 243/350 | 08:54:03
[TRAIN] Step 243 | Loss=0.629394 | Best makespan in group=418.00
[TRAIN] Step 244/350 | 08:54:36
[TRAIN] Step 244 | Loss=0.703671 | Best makespan in group=405.00
[TRAIN] Step 245/350 | 08:55:12
[TRAIN] Step 245 | Loss=0.593329 | Best makespan in group=356.00
[TRAIN] Step 246/350 | 08:55:42
[TRAIN] Step 246 | Loss=0.706662 | Best makespan in group=424.00
[TRAIN] Step 247/350 | 08:56:16
[TRAIN] Step 247 | Loss=0.678632 | Best makespan in group=411.00
[TRAIN] Step 248/350 | 08:56:45
[TRAIN] Step 248 | Loss=0.743172 | Best makespan in group=276.00
[TRAIN] Step 249/350 | 08:57:16
[TRAIN] Step 249 | Loss=0.616817 | Best makespan in group=414.00
[TRAIN] Step 250/350 | 08:57:52
[TRAIN] Step 250 | Loss=0.584024 | Best makespan in group=360.00
[TRAIN][VAL][ep 250] avg_gap=0.1562 | std_gap=0.0801 | q80_gap=0.2295 | n=20
[TRAIN] Step 251/350 | 08:58:52
[TRAIN] Step 251 | Loss=0.719784 | Best makespan in group=366.00
[TRAIN] Step 252/350 | 08:59:21
[TRAIN] Step 252 | Loss=0.668374 | Best makespan in group=371.00
[TRAIN] Step 253/350 | 08:59:51
[TRAIN] Step 253 | Loss=0.715544 | Best makespan in group=383.00
[TRAIN] Step 254/350 | 09:00:20
[TRAIN] Step 254 | Loss=0.691790 | Best makespan in group=482.00
[TRAIN] Step 255/350 | 09:00:54
[TRAIN] Step 255 | Loss=0.591935 | Best makespan in group=323.00
[TRAIN] Step 256/350 | 09:01:29
[TRAIN] Step 256 | Loss=0.696230 | Best makespan in group=312.00
[TRAIN] Step 257/350 | 09:01:59
[TRAIN] Step 257 | Loss=0.572605 | Best makespan in group=408.00
[TRAIN] Step 258/350 | 09:02:29
[TRAIN] Step 258 | Loss=0.753523 | Best makespan in group=559.00
[TRAIN] Step 259/350 | 09:03:01
[TRAIN] Step 259 | Loss=0.571066 | Best makespan in group=395.00
[TRAIN] Step 260/350 | 09:03:34
[TRAIN] Step 260 | Loss=0.761731 | Best makespan in group=346.00
[TRAIN] Step 261/350 | 09:04:05
[TRAIN] Step 261 | Loss=0.726075 | Best makespan in group=371.00
[TRAIN] Step 262/350 | 09:04:35
[TRAIN] Step 262 | Loss=0.657712 | Best makespan in group=406.00
[TRAIN] Step 263/350 | 09:05:05
[TRAIN] Step 263 | Loss=0.603078 | Best makespan in group=346.00
[TRAIN] Step 264/350 | 09:05:37
[TRAIN] Step 264 | Loss=0.749654 | Best makespan in group=340.00
[TRAIN] Step 265/350 | 09:06:11
[TRAIN] Step 265 | Loss=0.791945 | Best makespan in group=350.00
[TRAIN] Step 266/350 | 09:06:47
[TRAIN] Step 266 | Loss=0.558032 | Best makespan in group=323.00
[TRAIN] Step 267/350 | 09:07:19
[TRAIN] Step 267 | Loss=0.852147 | Best makespan in group=337.00
[TRAIN] Step 268/350 | 09:07:55
[TRAIN] Step 268 | Loss=0.570875 | Best makespan in group=393.00
[TRAIN] Step 269/350 | 09:08:28
[TRAIN] Step 269 | Loss=0.654526 | Best makespan in group=356.00
[TRAIN] Step 270/350 | 09:08:57
[TRAIN] Step 270 | Loss=0.698384 | Best makespan in group=356.00
[TRAIN] Step 271/350 | 09:09:27
[TRAIN] Step 271 | Loss=0.613883 | Best makespan in group=517.00
[TRAIN] Step 272/350 | 09:10:01
[TRAIN] Step 272 | Loss=0.661398 | Best makespan in group=406.00
[TRAIN] Step 273/350 | 09:10:36
[TRAIN] Step 273 | Loss=0.583838 | Best makespan in group=311.00
[TRAIN] Step 274/350 | 09:11:08
[TRAIN] Step 274 | Loss=0.895270 | Best makespan in group=424.00
[TRAIN] Step 275/350 | 09:11:44
[TRAIN] Step 275 | Loss=0.635438 | Best makespan in group=444.00
[TRAIN][VAL][ep 275] avg_gap=0.1467 | std_gap=0.1017 | q80_gap=0.2090 | n=20
[TRAIN] Validation improved | smoothed_avg_gap=0.1522 (raw=0.1467) | saving candidate: 482729522553108.pth
[TRAIN] Step 276/350 | 09:12:49
[TRAIN] Step 276 | Loss=0.661809 | Best makespan in group=395.00
[TRAIN] Step 277/350 | 09:13:22
[TRAIN] Step 277 | Loss=0.673634 | Best makespan in group=315.00
[TRAIN] Step 278/350 | 09:13:58
[TRAIN] Step 278 | Loss=0.613192 | Best makespan in group=383.00
[TRAIN] Step 279/350 | 09:14:26
[TRAIN] Step 279 | Loss=0.606244 | Best makespan in group=465.00
[TRAIN] Step 280/350 | 09:14:55
[TRAIN] Step 280 | Loss=0.584161 | Best makespan in group=496.00
[TRAIN] Step 281/350 | 09:15:29
[TRAIN] Step 281 | Loss=0.715351 | Best makespan in group=271.00
[TRAIN] Step 282/350 | 09:16:00
[TRAIN] Step 282 | Loss=0.625078 | Best makespan in group=366.00
[TRAIN] Step 283/350 | 09:16:30
[TRAIN] Step 283 | Loss=0.622152 | Best makespan in group=554.00
[TRAIN] Step 284/350 | 09:17:02
[TRAIN] Step 284 | Loss=0.639539 | Best makespan in group=291.00
[TRAIN] Step 285/350 | 09:17:33
[TRAIN] Step 285 | Loss=0.686170 | Best makespan in group=416.00
[TRAIN] Step 286/350 | 09:18:06
[TRAIN] Step 286 | Loss=0.793581 | Best makespan in group=365.00
[TRAIN] Step 287/350 | 09:18:37
[TRAIN] Step 287 | Loss=0.725703 | Best makespan in group=276.00
[TRAIN] Step 288/350 | 09:19:11
[TRAIN] Step 288 | Loss=0.724048 | Best makespan in group=407.00
[TRAIN] Step 289/350 | 09:19:39
[TRAIN] Step 289 | Loss=0.642778 | Best makespan in group=342.00
[TRAIN] Step 290/350 | 09:20:12
[TRAIN] Step 290 | Loss=0.612990 | Best makespan in group=371.00
[TRAIN] Step 291/350 | 09:20:47
[TRAIN] Step 291 | Loss=0.582774 | Best makespan in group=516.00
[TRAIN] Step 292/350 | 09:21:21
[TRAIN] Step 292 | Loss=0.647717 | Best makespan in group=346.00
[TRAIN] Step 293/350 | 09:21:52
[TRAIN] Step 293 | Loss=0.600913 | Best makespan in group=371.00
[TRAIN] Step 294/350 | 09:22:23
[TRAIN] Step 294 | Loss=0.737020 | Best makespan in group=446.00
[TRAIN] Step 295/350 | 09:22:57
[TRAIN] Step 295 | Loss=0.670514 | Best makespan in group=366.00
[TRAIN] Step 296/350 | 09:23:27
[TRAIN] Step 296 | Loss=0.653741 | Best makespan in group=399.00
[TRAIN] Step 297/350 | 09:23:57
[TRAIN] Step 297 | Loss=0.570443 | Best makespan in group=336.00
[TRAIN] Step 298/350 | 09:24:30
[TRAIN] Step 298 | Loss=0.751143 | Best makespan in group=356.00
[TRAIN] Step 299/350 | 09:24:59
[TRAIN] Step 299 | Loss=0.629847 | Best makespan in group=297.00
[TRAIN] Step 300/350 | 09:25:30
[TRAIN] Step 300 | Loss=0.677447 | Best makespan in group=276.00
[TRAIN][VAL][ep 300] avg_gap=0.1596 | std_gap=0.1143 | q80_gap=0.2262 | n=20
[TRAIN] Step 301/350 | 09:26:32
[TRAIN] Step 301 | Loss=0.754150 | Best makespan in group=392.00
[TRAIN] Step 302/350 | 09:27:05
[TRAIN] Step 302 | Loss=0.717207 | Best makespan in group=395.00
[TRAIN] Step 303/350 | 09:27:39
[TRAIN] Step 303 | Loss=0.778282 | Best makespan in group=384.00
[TRAIN] Step 304/350 | 09:28:08
[TRAIN] Step 304 | Loss=0.672082 | Best makespan in group=272.00
[TRAIN] Step 305/350 | 09:28:39
[TRAIN] Step 305 | Loss=0.667991 | Best makespan in group=339.00
[TRAIN] Step 306/350 | 09:29:14
[TRAIN] Step 306 | Loss=0.662812 | Best makespan in group=375.00
[TRAIN] Step 307/350 | 09:29:49
[TRAIN] Step 307 | Loss=0.685164 | Best makespan in group=418.00
[TRAIN] Step 308/350 | 09:30:18
[TRAIN] Step 308 | Loss=0.638053 | Best makespan in group=291.00
[TRAIN] Step 309/350 | 09:30:48
[TRAIN] Step 309 | Loss=0.712935 | Best makespan in group=340.00
[TRAIN] Step 310/350 | 09:31:23
[TRAIN] Step 310 | Loss=0.620839 | Best makespan in group=323.00
[TRAIN] Step 311/350 | 09:31:55
[TRAIN] Step 311 | Loss=0.797443 | Best makespan in group=567.00
[TRAIN] Step 312/350 | 09:32:28
[TRAIN] Step 312 | Loss=0.661788 | Best makespan in group=312.00
[TRAIN] Step 313/350 | 09:33:03
[TRAIN] Step 313 | Loss=0.649263 | Best makespan in group=337.00
[TRAIN] Step 314/350 | 09:33:39
[TRAIN] Step 314 | Loss=0.638161 | Best makespan in group=352.00
[TRAIN] Step 315/350 | 09:34:08
[TRAIN] Step 315 | Loss=0.669519 | Best makespan in group=354.00
[TRAIN] Step 316/350 | 09:34:40
[TRAIN] Step 316 | Loss=0.579695 | Best makespan in group=480.00
[TRAIN] Step 317/350 | 09:35:09
[TRAIN] Step 317 | Loss=0.794024 | Best makespan in group=401.00
[TRAIN] Step 318/350 | 09:35:45
[TRAIN] Step 318 | Loss=0.664664 | Best makespan in group=425.00
[TRAIN] Step 319/350 | 09:36:19
[TRAIN] Step 319 | Loss=0.656809 | Best makespan in group=435.00
[TRAIN] Step 320/350 | 09:36:55
[TRAIN] Step 320 | Loss=0.710917 | Best makespan in group=500.00
[TRAIN] Step 321/350 | 09:37:30
[TRAIN] Step 321 | Loss=0.597209 | Best makespan in group=400.00
[TRAIN] Step 322/350 | 09:37:59
[TRAIN] Step 322 | Loss=0.793951 | Best makespan in group=286.00
[TRAIN] Step 323/350 | 09:38:29
[TRAIN] Step 323 | Loss=0.625779 | Best makespan in group=278.00
[TRAIN] Step 324/350 | 09:39:02
[TRAIN] Step 324 | Loss=0.720421 | Best makespan in group=376.00
[TRAIN] Step 325/350 | 09:39:31
[TRAIN] Step 325 | Loss=0.581784 | Best makespan in group=346.00
[TRAIN][VAL][ep 325] avg_gap=0.1578 | std_gap=0.1012 | q80_gap=0.2167 | n=20
[TRAIN] Step 326/350 | 09:40:34
[TRAIN] Step 326 | Loss=0.724937 | Best makespan in group=339.00
[TRAIN] Step 327/350 | 09:41:08
[TRAIN] Step 327 | Loss=0.627964 | Best makespan in group=499.00
[TRAIN] Step 328/350 | 09:41:42
[TRAIN] Step 328 | Loss=0.766655 | Best makespan in group=312.00
[TRAIN] Step 329/350 | 09:42:18
[TRAIN] Step 329 | Loss=0.715761 | Best makespan in group=305.00
[TRAIN] Step 330/350 | 09:42:49
[TRAIN] Step 330 | Loss=0.667093 | Best makespan in group=514.00
[TRAIN] Step 331/350 | 09:43:23
[TRAIN] Step 331 | Loss=0.601574 | Best makespan in group=392.00
[TRAIN] Step 332/350 | 09:43:56
[TRAIN] Step 332 | Loss=0.635716 | Best makespan in group=414.00
[TRAIN] Step 333/350 | 09:44:29
[TRAIN] Step 333 | Loss=0.758895 | Best makespan in group=272.00
[TRAIN] Step 334/350 | 09:44:59
[TRAIN] Step 334 | Loss=0.596812 | Best makespan in group=350.00
[TRAIN] Step 335/350 | 09:45:28
[TRAIN] Step 335 | Loss=0.539688 | Best makespan in group=356.00
[TRAIN] Step 336/350 | 09:45:58
[TRAIN] Step 336 | Loss=0.834053 | Best makespan in group=407.00
[TRAIN] Step 337/350 | 09:46:26
[TRAIN] Step 337 | Loss=0.795454 | Best makespan in group=371.00
[TRAIN] Step 338/350 | 09:46:57
[TRAIN] Step 338 | Loss=0.710805 | Best makespan in group=338.00
[TRAIN] Step 339/350 | 09:47:33
[TRAIN] Step 339 | Loss=0.591319 | Best makespan in group=323.00
[TRAIN] Step 340/350 | 09:48:05
[TRAIN] Step 340 | Loss=0.573126 | Best makespan in group=475.00
[TRAIN] Step 341/350 | 09:48:34
[TRAIN] Step 341 | Loss=0.696781 | Best makespan in group=354.00
[TRAIN] Step 342/350 | 09:49:06
[TRAIN] Step 342 | Loss=0.629181 | Best makespan in group=395.00
[TRAIN] Step 343/350 | 09:49:39
[TRAIN] Step 343 | Loss=0.659365 | Best makespan in group=429.00
[TRAIN] Step 344/350 | 09:50:15
[TRAIN] Step 344 | Loss=0.635808 | Best makespan in group=338.00
[TRAIN] Step 345/350 | 09:50:48
[TRAIN] Step 345 | Loss=0.793393 | Best makespan in group=401.00
[TRAIN] Step 346/350 | 09:51:24
[TRAIN] Step 346 | Loss=0.757674 | Best makespan in group=448.00
[TRAIN] Step 347/350 | 09:51:58
[TRAIN] Step 347 | Loss=0.685446 | Best makespan in group=334.00
[TRAIN] Step 348/350 | 09:52:32
[TRAIN] Step 348 | Loss=0.629319 | Best makespan in group=578.00
[TRAIN] Step 349/350 | 09:53:05
[TRAIN] Step 349 | Loss=0.655230 | Best makespan in group=375.00
[TRAIN] Step 350/350 | 09:53:39
[TRAIN] Step 350 | Loss=0.636531 | Best makespan in group=366.00
[TRAIN][VAL][ep 350] avg_gap=0.1523 | std_gap=0.1174 | q80_gap=0.2439 | n=20
[TRAIN] Evaluating best checkpoint (candidate_models/482729522553108.pth) on the held-out test split...
[TRAIN][TEST] avg_gap=0.1246 | std_gap=0.0980 | q80_gap=0.2115 | n=20
[TRAIN][09:55:09] Training ended. Validation history and plots updated.
