D:\Dissertação\dissertation-bopo_introduction\venv\Lib\site-packages\torch\jit\_script.py:1485: FutureWarning: `torch.jit.script` is not supported in Python 3.14+ and may break. Please switch to `torch.compile` or `torch.export`.
  warnings.warn(
============================================================
[MAIN] Run started at 2026-09-26 15:34:10
[MAIN] mode=train
[MAIN] run_name=batching_50steps
[MAIN] representation(s)=['ojmb_node', 'ojmb_edge', 'ojmb_base']
[MAIN] gnn_type=gat
============================================================
[MAIN] Training representation=ojmb_node | run_name=batching_50steps_ojmb_node | gnn_type=gat
============================================================
[TRAIN] Training started at: 2026-09-26 15:34:10
[TRAIN] Hyperparams | max_steps=50 | new_freq=500
[TRAIN]             | n_cases=100 | B=64 | K=16 | use_greedy=True | lr=0.0005 (decaying to 1.00e-04)
[TRAIN]             | warm_start_steps=200 | checkpoint_smooth_window=3 | seed=None
[TRAIN]             | hidden_channels=128 | num_layers=3 | heads=3
[TRAIN]             | logp_norm=mean | exclude_greedy_from_loss=True
[TRAIN] Representation | ojmb_node | GNN | gat | jm_design | baseline
[TRAIN] Problem size | jobs=[8,10] | machines=[5,10] | ops_per_job=[5,6] | max_proc=100
============================================================
[TRAIN] Output run folder: results\batching_50steps_ojmb_node
[TRAIN] Validation config | every=20 steps | instances=20 (representative subset)
[TRAIN] Warm-start (behavior cloning vs. dispatch heuristic) | 200 step(s)...
[TRAIN][WARMSTART] step 10/200 | instance=47 | bc_loss=3.1274 | decisions=50
[TRAIN][WARMSTART] step 20/200 | instance=81 | bc_loss=3.5764 | decisions=48
[TRAIN][WARMSTART] step 30/200 | instance=31 | bc_loss=3.5308 | decisions=42
[TRAIN][WARMSTART] step 40/200 | instance=49 | bc_loss=3.4847 | decisions=42
[TRAIN][WARMSTART] step 50/200 | instance=3 | bc_loss=2.5498 | decisions=40
[TRAIN][WARMSTART] step 60/200 | instance=24 | bc_loss=3.0413 | decisions=50
[TRAIN][WARMSTART] step 70/200 | instance=47 | bc_loss=2.5738 | decisions=50
[TRAIN][WARMSTART] step 80/200 | instance=60 | bc_loss=2.3492 | decisions=40
[TRAIN][WARMSTART] step 90/200 | instance=2 | bc_loss=2.2107 | decisions=40
[TRAIN][WARMSTART] step 100/200 | instance=77 | bc_loss=2.3926 | decisions=40
[TRAIN][WARMSTART] step 110/200 | instance=92 | bc_loss=2.9763 | decisions=50
[TRAIN][WARMSTART] step 120/200 | instance=85 | bc_loss=2.4963 | decisions=48
[TRAIN][WARMSTART] step 130/200 | instance=78 | bc_loss=3.1024 | decisions=46
[TRAIN][WARMSTART] step 140/200 | instance=9 | bc_loss=2.9565 | decisions=45
[TRAIN][WARMSTART] step 150/200 | instance=86 | bc_loss=3.3258 | decisions=44
[TRAIN][WARMSTART] step 160/200 | instance=57 | bc_loss=2.4193 | decisions=47
[TRAIN][WARMSTART] step 170/200 | instance=74 | bc_loss=2.1969 | decisions=40
[TRAIN][WARMSTART] step 180/200 | instance=77 | bc_loss=2.2141 | decisions=40
[TRAIN][WARMSTART] step 190/200 | instance=78 | bc_loss=3.0073 | decisions=46
[TRAIN][WARMSTART] step 200/200 | instance=24 | bc_loss=2.9162 | decisions=50
[TRAIN] Warm-start complete, switching to BOPO preference optimization.
------------------------------------------------------------
[TRAIN] BOPO agent ready. Starting training loop for 50 step(s)...
------------------------------------------------------------
[TRAIN] Step 1/50 | 15:44:02
[TRAIN] Step 1 | Loss=0.848510 | Best makespan in group=396.00
[TRAIN] Step 2/50 | 15:44:44
[TRAIN] Step 2 | Loss=0.660647 | Best makespan in group=573.00
[TRAIN] Step 3/50 | 15:45:15
[TRAIN] Step 3 | Loss=0.702635 | Best makespan in group=579.00
[TRAIN] Step 4/50 | 15:46:03
[TRAIN] Step 4 | Loss=0.957102 | Best makespan in group=589.00
[TRAIN] Step 5/50 | 15:46:32
[TRAIN] Step 5 | Loss=0.920709 | Best makespan in group=327.00
[TRAIN] Step 6/50 | 15:47:10
[TRAIN] Step 6 | Loss=0.562124 | Best makespan in group=510.00
[TRAIN] Step 7/50 | 15:47:52
[TRAIN] Step 7 | Loss=0.842599 | Best makespan in group=435.00
[TRAIN] Step 8/50 | 15:48:46
[TRAIN] Step 8 | Loss=0.634606 | Best makespan in group=581.00
[TRAIN] Step 9/50 | 15:49:29
[TRAIN] Step 9 | Loss=0.681641 | Best makespan in group=457.00
[TRAIN] Step 10/50 | 15:50:16
[TRAIN] Step 10 | Loss=0.790567 | Best makespan in group=437.00
[TRAIN] Step 11/50 | 15:51:05
[TRAIN] Step 11 | Loss=0.803854 | Best makespan in group=593.00
[TRAIN] Step 12/50 | 15:51:57
[TRAIN] Step 12 | Loss=0.693149 | Best makespan in group=578.00
[TRAIN] Step 13/50 | 15:52:45
[TRAIN] Step 13 | Loss=0.653842 | Best makespan in group=431.00
[TRAIN] Step 14/50 | 15:53:43
[TRAIN] Step 14 | Loss=0.694536 | Best makespan in group=440.00
[TRAIN] Step 15/50 | 15:54:18
[TRAIN] Step 15 | Loss=0.745660 | Best makespan in group=500.00
[TRAIN] Step 16/50 | 15:55:09
[TRAIN] Step 16 | Loss=0.702451 | Best makespan in group=347.00
[TRAIN] Step 17/50 | 15:55:54
[TRAIN] Step 17 | Loss=0.687833 | Best makespan in group=349.00
[TRAIN] Step 18/50 | 15:56:33
[TRAIN] Step 18 | Loss=0.814584 | Best makespan in group=392.00
[TRAIN] Step 19/50 | 15:57:08
[TRAIN] Step 19 | Loss=0.502409 | Best makespan in group=525.00
[TRAIN] Step 20/50 | 15:57:47
[TRAIN] Step 20 | Loss=0.669831 | Best makespan in group=446.00
[TRAIN][VAL][ep 20] avg_gap=0.3752 | std_gap=0.1869 | q80_gap=0.4922 | n=20
[TRAIN] Validation improved | smoothed_avg_gap=0.3752 (raw=0.3752) | saving candidate: 544246645347739.pth
[TRAIN] Step 21/50 | 15:58:57
[TRAIN] Step 21 | Loss=0.530663 | Best makespan in group=361.00
[TRAIN] Step 22/50 | 15:59:43
[TRAIN] Step 22 | Loss=0.611798 | Best makespan in group=464.00
[TRAIN] Step 23/50 | 16:00:22
[TRAIN] Step 23 | Loss=0.529666 | Best makespan in group=444.00
[TRAIN] Step 24/50 | 16:00:51
[TRAIN] Step 24 | Loss=0.530114 | Best makespan in group=513.00
[TRAIN] Step 25/50 | 16:01:46
[TRAIN] Step 25 | Loss=0.627441 | Best makespan in group=513.00
[TRAIN] Step 26/50 | 16:02:32
[TRAIN] Step 26 | Loss=0.816387 | Best makespan in group=403.00
[TRAIN] Step 27/50 | 16:03:07
[TRAIN] Step 27 | Loss=0.692058 | Best makespan in group=539.00
[TRAIN] Step 28/50 | 16:03:59
[TRAIN] Step 28 | Loss=0.700004 | Best makespan in group=479.00
[TRAIN] Step 29/50 | 16:04:45
[TRAIN] Step 29 | Loss=0.712404 | Best makespan in group=449.00
[TRAIN] Step 30/50 | 16:05:30
[TRAIN] Step 30 | Loss=0.679263 | Best makespan in group=504.00
[TRAIN] Step 31/50 | 16:06:09
[TRAIN] Step 31 | Loss=0.652951 | Best makespan in group=499.00
[TRAIN] Step 32/50 | 16:06:48
[TRAIN] Step 32 | Loss=0.595638 | Best makespan in group=355.00
[TRAIN] Step 33/50 | 16:07:28
[TRAIN] Step 33 | Loss=0.612530 | Best makespan in group=431.00
[TRAIN] Step 34/50 | 16:08:17
[TRAIN] Step 34 | Loss=0.456628 | Best makespan in group=516.00
[TRAIN] Step 35/50 | 16:09:01
[TRAIN] Step 35 | Loss=0.590264 | Best makespan in group=357.00
[TRAIN] Step 36/50 | 16:09:44
[TRAIN] Step 36 | Loss=0.596349 | Best makespan in group=400.00
[TRAIN] Step 37/50 | 16:10:32
[TRAIN] Step 37 | Loss=0.565202 | Best makespan in group=450.00
[TRAIN] Step 38/50 | 16:11:04
[TRAIN] Step 38 | Loss=0.680269 | Best makespan in group=405.00
[TRAIN] Step 39/50 | 16:11:49
[TRAIN] Step 39 | Loss=0.538164 | Best makespan in group=421.00
[TRAIN] Step 40/50 | 16:12:43
[TRAIN] Step 40 | Loss=0.431820 | Best makespan in group=492.00
[TRAIN][VAL][ep 40] avg_gap=0.4184 | std_gap=0.2274 | q80_gap=0.4916 | n=20
[TRAIN] Step 41/50 | 16:13:55
[TRAIN] Step 41 | Loss=0.677228 | Best makespan in group=554.00
[TRAIN] Step 42/50 | 16:14:36
[TRAIN] Step 42 | Loss=0.672579 | Best makespan in group=556.00
[TRAIN] Step 43/50 | 16:15:13
[TRAIN] Step 43 | Loss=0.612677 | Best makespan in group=377.00
[TRAIN] Step 44/50 | 16:16:14
[TRAIN] Step 44 | Loss=0.584578 | Best makespan in group=396.00
[TRAIN] Step 45/50 | 16:16:57
[TRAIN] Step 45 | Loss=0.680314 | Best makespan in group=527.00
[TRAIN] Step 46/50 | 16:17:42
[TRAIN] Step 46 | Loss=0.596595 | Best makespan in group=501.00
[TRAIN] Step 47/50 | 16:18:30
[TRAIN] Step 47 | Loss=0.501894 | Best makespan in group=400.00
[TRAIN] Step 48/50 | 16:19:12
[TRAIN] Step 48 | Loss=0.575995 | Best makespan in group=562.00
[TRAIN] Step 49/50 | 16:19:51
[TRAIN] Step 49 | Loss=0.537008 | Best makespan in group=417.00
[TRAIN] Step 50/50 | 16:20:44
[TRAIN] Step 50 | Loss=0.726884 | Best makespan in group=461.00
[TRAIN][VAL][ep 50] avg_gap=0.4218 | std_gap=0.2215 | q80_gap=0.6706 | n=20
[TRAIN] Evaluating best checkpoint (candidate_models/544246645347739.pth) on the held-out test split...
[TRAIN][TEST] avg_gap=0.3667 | std_gap=0.1368 | q80_gap=0.4545 | n=20
[TRAIN][16:22:24] Training ended. Validation history and plots updated.
[MAIN] Training representation=ojmb_edge | run_name=batching_50steps_ojmb_edge | gnn_type=gat
============================================================
[TRAIN] Training started at: 2026-09-26 16:22:24
[TRAIN] Hyperparams | max_steps=50 | new_freq=500
[TRAIN]             | n_cases=100 | B=64 | K=16 | use_greedy=True | lr=0.0005 (decaying to 1.00e-04)
[TRAIN]             | warm_start_steps=200 | checkpoint_smooth_window=3 | seed=None
[TRAIN]             | hidden_channels=128 | num_layers=3 | heads=3
[TRAIN]             | logp_norm=mean | exclude_greedy_from_loss=True
[TRAIN] Representation | ojmb_edge | GNN | gat | jm_design | baseline
[TRAIN] Problem size | jobs=[8,10] | machines=[5,10] | ops_per_job=[5,6] | max_proc=100
============================================================
[TRAIN] Output run folder: results\batching_50steps_ojmb_edge
[TRAIN] Validation config | every=20 steps | instances=20 (representative subset)
[TRAIN] Warm-start (behavior cloning vs. dispatch heuristic) | 200 step(s)...
[TRAIN][WARMSTART] step 10/200 | instance=38 | bc_loss=3.3382 | decisions=51
[TRAIN][WARMSTART] step 20/200 | instance=23 | bc_loss=3.8156 | decisions=51
[TRAIN][WARMSTART] step 30/200 | instance=22 | bc_loss=2.9521 | decisions=45
[TRAIN][WARMSTART] step 40/200 | instance=77 | bc_loss=3.3460 | decisions=48
[TRAIN][WARMSTART] step 50/200 | instance=17 | bc_loss=3.6563 | decisions=44
[TRAIN][WARMSTART] step 60/200 | instance=96 | bc_loss=3.5297 | decisions=52
[TRAIN][WARMSTART] step 70/200 | instance=88 | bc_loss=2.9152 | decisions=37
[TRAIN][WARMSTART] step 80/200 | instance=19 | bc_loss=3.4648 | decisions=47
[TRAIN][WARMSTART] step 90/200 | instance=47 | bc_loss=2.6297 | decisions=49
[TRAIN][WARMSTART] step 100/200 | instance=93 | bc_loss=2.9587 | decisions=40
[TRAIN][WARMSTART] step 110/200 | instance=88 | bc_loss=2.8263 | decisions=37
[TRAIN][WARMSTART] step 120/200 | instance=63 | bc_loss=2.3512 | decisions=44
[TRAIN][WARMSTART] step 130/200 | instance=89 | bc_loss=2.7578 | decisions=50
[TRAIN][WARMSTART] step 140/200 | instance=84 | bc_loss=2.7839 | decisions=39
[TRAIN][WARMSTART] step 150/200 | instance=38 | bc_loss=2.5383 | decisions=51
[TRAIN][WARMSTART] step 160/200 | instance=35 | bc_loss=2.2759 | decisions=43
[TRAIN][WARMSTART] step 170/200 | instance=26 | bc_loss=2.4202 | decisions=41
[TRAIN][WARMSTART] step 180/200 | instance=64 | bc_loss=2.4609 | decisions=40
[TRAIN][WARMSTART] step 190/200 | instance=93 | bc_loss=2.9806 | decisions=40
[TRAIN][WARMSTART] step 200/200 | instance=19 | bc_loss=3.3343 | decisions=47
[TRAIN] Warm-start complete, switching to BOPO preference optimization.
------------------------------------------------------------
[TRAIN] BOPO agent ready. Starting training loop for 50 step(s)...
------------------------------------------------------------
[TRAIN] Step 1/50 | 16:29:08
[TRAIN] Step 1 | Loss=0.712730 | Best makespan in group=479.00
[TRAIN] Step 2/50 | 16:29:40
[TRAIN] Step 2 | Loss=0.861156 | Best makespan in group=430.00
[TRAIN] Step 3/50 | 16:30:23
[TRAIN] Step 3 | Loss=0.632852 | Best makespan in group=406.00
[TRAIN] Step 4/50 | 16:30:52
[TRAIN] Step 4 | Loss=0.760604 | Best makespan in group=545.00
[TRAIN] Step 5/50 | 16:31:34
[TRAIN] Step 5 | Loss=0.581860 | Best makespan in group=518.00
[TRAIN] Step 6/50 | 16:32:18
[TRAIN] Step 6 | Loss=0.738903 | Best makespan in group=423.00
[TRAIN] Step 7/50 | 16:33:06
[TRAIN] Step 7 | Loss=0.795886 | Best makespan in group=514.00
[TRAIN] Step 8/50 | 16:33:34
[TRAIN] Step 8 | Loss=0.456289 | Best makespan in group=538.00
[TRAIN] Step 9/50 | 16:34:06
[TRAIN] Step 9 | Loss=0.661238 | Best makespan in group=431.00
[TRAIN] Step 10/50 | 16:34:49
[TRAIN] Step 10 | Loss=0.585143 | Best makespan in group=477.00
[TRAIN] Step 11/50 | 16:35:24
[TRAIN] Step 11 | Loss=0.591614 | Best makespan in group=360.00
[TRAIN] Step 12/50 | 16:35:58
[TRAIN] Step 12 | Loss=0.603224 | Best makespan in group=323.00
[TRAIN] Step 13/50 | 16:36:33
[TRAIN] Step 13 | Loss=0.633728 | Best makespan in group=367.00
[TRAIN] Step 14/50 | 16:37:03
[TRAIN] Step 14 | Loss=0.735308 | Best makespan in group=629.00
[TRAIN] Step 15/50 | 16:37:42
[TRAIN] Step 15 | Loss=0.581649 | Best makespan in group=427.00
[TRAIN] Step 16/50 | 16:38:21
[TRAIN] Step 16 | Loss=0.610950 | Best makespan in group=393.00
[TRAIN] Step 17/50 | 16:39:03
[TRAIN] Step 17 | Loss=0.552407 | Best makespan in group=476.00
[TRAIN] Step 18/50 | 16:39:37
[TRAIN] Step 18 | Loss=0.570841 | Best makespan in group=492.00
[TRAIN] Step 19/50 | 16:40:06
[TRAIN] Step 19 | Loss=0.559958 | Best makespan in group=499.00
[TRAIN] Step 20/50 | 16:40:52
[TRAIN] Step 20 | Loss=0.795115 | Best makespan in group=549.00
[TRAIN][VAL][ep 20] avg_gap=0.4428 | std_gap=0.2271 | q80_gap=0.5908 | n=20
[TRAIN] Validation improved | smoothed_avg_gap=0.4428 (raw=0.4428) | saving candidate: 579291802352713.pth
[TRAIN] Step 21/50 | 16:41:44
[TRAIN] Step 21 | Loss=0.692628 | Best makespan in group=462.00
[TRAIN] Step 22/50 | 16:42:19
[TRAIN] Step 22 | Loss=0.704788 | Best makespan in group=427.00
[TRAIN] Step 23/50 | 16:42:58
[TRAIN] Step 23 | Loss=0.635108 | Best makespan in group=565.00
[TRAIN] Step 24/50 | 16:43:38
[TRAIN] Step 24 | Loss=0.699357 | Best makespan in group=375.00
[TRAIN] Step 25/50 | 16:44:08
[TRAIN] Step 25 | Loss=0.639538 | Best makespan in group=423.00
[TRAIN] Step 26/50 | 16:44:54
[TRAIN] Step 26 | Loss=0.822015 | Best makespan in group=365.00
[TRAIN] Step 27/50 | 16:45:25
[TRAIN] Step 27 | Loss=0.469042 | Best makespan in group=478.00
[TRAIN] Step 28/50 | 16:45:55
[TRAIN] Step 28 | Loss=0.691374 | Best makespan in group=406.00
[TRAIN] Step 29/50 | 16:46:28
[TRAIN] Step 29 | Loss=0.613924 | Best makespan in group=483.00
[TRAIN] Step 30/50 | 16:47:00
[TRAIN] Step 30 | Loss=0.726466 | Best makespan in group=408.00
[TRAIN] Step 31/50 | 16:47:34
[TRAIN] Step 31 | Loss=0.601665 | Best makespan in group=519.00
[TRAIN] Step 32/50 | 16:48:04
[TRAIN] Step 32 | Loss=0.560979 | Best makespan in group=464.00
[TRAIN] Step 33/50 | 16:48:33
[TRAIN] Step 33 | Loss=0.822136 | Best makespan in group=466.00
[TRAIN] Step 34/50 | 16:49:15
[TRAIN] Step 34 | Loss=0.579895 | Best makespan in group=613.00
[TRAIN] Step 35/50 | 16:49:48
[TRAIN] Step 35 | Loss=0.545915 | Best makespan in group=457.00
[TRAIN] Step 36/50 | 16:50:30
[TRAIN] Step 36 | Loss=0.659242 | Best makespan in group=509.00
[TRAIN] Step 37/50 | 16:50:58
[TRAIN] Step 37 | Loss=0.765573 | Best makespan in group=388.00
[TRAIN] Step 38/50 | 16:51:23
[TRAIN] Step 38 | Loss=0.452605 | Best makespan in group=507.00
[TRAIN] Step 39/50 | 16:51:48
[TRAIN] Step 39 | Loss=0.667300 | Best makespan in group=492.00
[TRAIN] Step 40/50 | 16:52:17
[TRAIN] Step 40 | Loss=0.578652 | Best makespan in group=428.00
[TRAIN][VAL][ep 40] avg_gap=0.4987 | std_gap=0.2970 | q80_gap=0.6663 | n=20
[TRAIN] Step 41/50 | 16:53:10
[TRAIN] Step 41 | Loss=0.836670 | Best makespan in group=452.00
[TRAIN] Step 42/50 | 16:53:37
[TRAIN] Step 42 | Loss=0.536676 | Best makespan in group=348.00
[TRAIN] Step 43/50 | 16:54:07
[TRAIN] Step 43 | Loss=0.734654 | Best makespan in group=510.00
[TRAIN] Step 44/50 | 16:54:40
[TRAIN] Step 44 | Loss=0.611017 | Best makespan in group=479.00
[TRAIN] Step 45/50 | 16:55:16
[TRAIN] Step 45 | Loss=0.590913 | Best makespan in group=431.00
[TRAIN] Step 46/50 | 16:55:58
[TRAIN] Step 46 | Loss=0.603656 | Best makespan in group=503.00
[TRAIN] Step 47/50 | 16:56:23
[TRAIN] Step 47 | Loss=0.853188 | Best makespan in group=431.00
[TRAIN] Step 48/50 | 16:56:58
[TRAIN] Step 48 | Loss=0.765571 | Best makespan in group=492.00
[TRAIN] Step 49/50 | 16:57:35
[TRAIN] Step 49 | Loss=0.561403 | Best makespan in group=384.00
[TRAIN] Step 50/50 | 16:58:24
[TRAIN] Step 50 | Loss=0.788086 | Best makespan in group=416.00
[TRAIN][VAL][ep 50] avg_gap=0.4683 | std_gap=0.2371 | q80_gap=0.5897 | n=20
[TRAIN] Evaluating best checkpoint (candidate_models/579291802352713.pth) on the held-out test split...
[TRAIN][TEST] avg_gap=0.5238 | std_gap=0.4270 | q80_gap=0.5435 | n=20
[TRAIN][16:59:51] Training ended. Validation history and plots updated.
[MAIN] Training representation=ojmb_base | run_name=batching_50steps_ojmb_base | gnn_type=gat
============================================================
[TRAIN] Training started at: 2026-09-26 16:59:51
[TRAIN] Hyperparams | max_steps=50 | new_freq=500
[TRAIN]             | n_cases=100 | B=64 | K=16 | use_greedy=True | lr=0.0005 (decaying to 1.00e-04)
[TRAIN]             | warm_start_steps=200 | checkpoint_smooth_window=3 | seed=None
[TRAIN]             | hidden_channels=128 | num_layers=3 | heads=3
[TRAIN]             | logp_norm=mean | exclude_greedy_from_loss=True
[TRAIN] Representation | ojmb_base | GNN | gat | jm_design | baseline
[TRAIN] Problem size | jobs=[8,10] | machines=[5,10] | ops_per_job=[5,6] | max_proc=100
============================================================
[TRAIN] Output run folder: results\batching_50steps_ojmb_base
[TRAIN] Validation config | every=20 steps | instances=20 (representative subset)
[TRAIN] Warm-start (behavior cloning vs. dispatch heuristic) | 200 step(s)...
[TRAIN][WARMSTART] step 10/200 | instance=15 | bc_loss=3.3509 | decisions=41
[TRAIN][WARMSTART] step 20/200 | instance=0 | bc_loss=3.6450 | decisions=47
[TRAIN][WARMSTART] step 30/200 | instance=45 | bc_loss=3.4598 | decisions=50
[TRAIN][WARMSTART] step 40/200 | instance=13 | bc_loss=2.5514 | decisions=40
[TRAIN][WARMSTART] step 50/200 | instance=88 | bc_loss=2.6644 | decisions=39
[TRAIN][WARMSTART] step 60/200 | instance=76 | bc_loss=2.7135 | decisions=48
[TRAIN][WARMSTART] step 70/200 | instance=98 | bc_loss=2.7826 | decisions=44
[TRAIN][WARMSTART] step 80/200 | instance=19 | bc_loss=2.7445 | decisions=41
[TRAIN][WARMSTART] step 90/200 | instance=0 | bc_loss=3.5333 | decisions=47
[TRAIN][WARMSTART] step 100/200 | instance=94 | bc_loss=3.3589 | decisions=40
[TRAIN][WARMSTART] step 110/200 | instance=95 | bc_loss=3.1885 | decisions=52
[TRAIN][WARMSTART] step 120/200 | instance=55 | bc_loss=3.2362 | decisions=42
[TRAIN][WARMSTART] step 130/200 | instance=33 | bc_loss=2.3819 | decisions=50
[TRAIN][WARMSTART] step 140/200 | instance=48 | bc_loss=3.1570 | decisions=49
[TRAIN][WARMSTART] step 150/200 | instance=61 | bc_loss=2.9296 | decisions=50
[TRAIN][WARMSTART] step 160/200 | instance=38 | bc_loss=3.3257 | decisions=43
[TRAIN][WARMSTART] step 170/200 | instance=49 | bc_loss=2.1690 | decisions=41
[TRAIN][WARMSTART] step 180/200 | instance=55 | bc_loss=3.2359 | decisions=42
[TRAIN][WARMSTART] step 190/200 | instance=80 | bc_loss=2.9485 | decisions=42
[TRAIN][WARMSTART] step 200/200 | instance=93 | bc_loss=3.3060 | decisions=44
[TRAIN] Warm-start complete, switching to BOPO preference optimization.
------------------------------------------------------------
[TRAIN] BOPO agent ready. Starting training loop for 50 step(s)...
------------------------------------------------------------
[TRAIN] Step 1/50 | 17:06:23
[TRAIN] Step 1 | Loss=0.646285 | Best makespan in group=464.00
[TRAIN] Step 2/50 | 17:06:56
[TRAIN] Step 2 | Loss=0.662709 | Best makespan in group=456.00
[TRAIN] Step 3/50 | 17:07:30
[TRAIN] Step 3 | Loss=0.875515 | Best makespan in group=363.00
[TRAIN] Step 4/50 | 17:08:10
[TRAIN] Step 4 | Loss=0.892574 | Best makespan in group=373.00
[TRAIN] Step 5/50 | 17:08:48
[TRAIN] Step 5 | Loss=0.625013 | Best makespan in group=621.00
[TRAIN] Step 6/50 | 17:09:19
[TRAIN] Step 6 | Loss=0.806032 | Best makespan in group=336.00
[TRAIN] Step 7/50 | 17:09:53
[TRAIN] Step 7 | Loss=1.005259 | Best makespan in group=497.00
[TRAIN] Step 8/50 | 17:10:31
[TRAIN] Step 8 | Loss=0.738340 | Best makespan in group=537.00
[TRAIN] Step 9/50 | 17:11:19
[TRAIN] Step 9 | Loss=0.755704 | Best makespan in group=494.00
[TRAIN] Step 10/50 | 17:11:55
[TRAIN] Step 10 | Loss=0.608670 | Best makespan in group=561.00
[TRAIN] Step 11/50 | 17:12:38
[TRAIN] Step 11 | Loss=0.627549 | Best makespan in group=536.00
[TRAIN] Step 12/50 | 17:13:18
[TRAIN] Step 12 | Loss=0.914168 | Best makespan in group=381.00
[TRAIN] Step 13/50 | 17:13:57
[TRAIN] Step 13 | Loss=0.855362 | Best makespan in group=415.00
[TRAIN] Step 14/50 | 17:14:33
[TRAIN] Step 14 | Loss=0.627343 | Best makespan in group=448.00
[TRAIN] Step 15/50 | 17:15:06
[TRAIN] Step 15 | Loss=0.615444 | Best makespan in group=491.00
[TRAIN] Step 16/50 | 17:15:39
[TRAIN] Step 16 | Loss=0.755492 | Best makespan in group=511.00
[TRAIN] Step 17/50 | 17:16:24
[TRAIN] Step 17 | Loss=0.626779 | Best makespan in group=443.00
[TRAIN] Step 18/50 | 17:17:11
[TRAIN] Step 18 | Loss=0.743658 | Best makespan in group=459.00
[TRAIN] Step 19/50 | 17:17:52
[TRAIN] Step 19 | Loss=0.672544 | Best makespan in group=632.00
[TRAIN] Step 20/50 | 17:18:22
[TRAIN] Step 20 | Loss=0.659753 | Best makespan in group=441.00
[TRAIN][VAL][ep 20] avg_gap=0.4242 | std_gap=0.1744 | q80_gap=0.5245 | n=20
[TRAIN] Validation improved | smoothed_avg_gap=0.4242 (raw=0.4242) | saving candidate: 414124137814601.pth
[TRAIN] Step 21/50 | 17:19:28
[TRAIN] Step 21 | Loss=0.646530 | Best makespan in group=578.00
[TRAIN] Step 22/50 | 17:20:11
[TRAIN] Step 22 | Loss=0.732700 | Best makespan in group=465.00
[TRAIN] Step 23/50 | 17:20:59
[TRAIN] Step 23 | Loss=0.781748 | Best makespan in group=438.00
[TRAIN] Step 24/50 | 17:21:46
[TRAIN] Step 24 | Loss=0.729673 | Best makespan in group=647.00
[TRAIN] Step 25/50 | 17:22:32
[TRAIN] Step 25 | Loss=0.699872 | Best makespan in group=527.00
[TRAIN] Step 26/50 | 17:23:08
[TRAIN] Step 26 | Loss=0.735525 | Best makespan in group=471.00
[TRAIN] Step 27/50 | 17:23:44
[TRAIN] Step 27 | Loss=0.681502 | Best makespan in group=583.00
[TRAIN] Step 28/50 | 17:24:39
[TRAIN] Step 28 | Loss=0.854646 | Best makespan in group=507.00
[TRAIN] Step 29/50 | 17:25:21
[TRAIN] Step 29 | Loss=0.769679 | Best makespan in group=444.00
[TRAIN] Step 30/50 | 17:26:04
[TRAIN] Step 30 | Loss=0.521326 | Best makespan in group=666.00
[TRAIN] Step 31/50 | 17:26:46
[TRAIN] Step 31 | Loss=0.644778 | Best makespan in group=413.00
[TRAIN] Step 32/50 | 17:27:32
[TRAIN] Step 32 | Loss=0.587936 | Best makespan in group=397.00
[TRAIN] Step 33/50 | 17:28:08
[TRAIN] Step 33 | Loss=0.729049 | Best makespan in group=486.00
[TRAIN] Step 34/50 | 17:28:57
[TRAIN] Step 34 | Loss=0.638261 | Best makespan in group=445.00
[TRAIN] Step 35/50 | 17:29:36
[TRAIN] Step 35 | Loss=0.618777 | Best makespan in group=439.00
[TRAIN] Step 36/50 | 17:30:12
[TRAIN] Step 36 | Loss=0.800846 | Best makespan in group=474.00
[TRAIN] Step 37/50 | 17:30:58
[TRAIN] Step 37 | Loss=0.666690 | Best makespan in group=409.00
[TRAIN] Step 38/50 | 17:31:33
[TRAIN] Step 38 | Loss=0.522746 | Best makespan in group=496.00
[TRAIN] Step 39/50 | 17:32:07
[TRAIN] Step 39 | Loss=0.651559 | Best makespan in group=466.00
[TRAIN] Step 40/50 | 17:32:37
[TRAIN] Step 40 | Loss=0.683370 | Best makespan in group=422.00
[TRAIN][VAL][ep 40] avg_gap=0.4585 | std_gap=0.2369 | q80_gap=0.5959 | n=20
[TRAIN] Step 41/50 | 17:33:46
[TRAIN] Step 41 | Loss=0.724564 | Best makespan in group=566.00
[TRAIN] Step 42/50 | 17:34:31
[TRAIN] Step 42 | Loss=0.585614 | Best makespan in group=560.00
[TRAIN] Step 43/50 | 17:35:05
[TRAIN] Step 43 | Loss=0.440294 | Best makespan in group=517.00
[TRAIN] Step 44/50 | 17:35:42
[TRAIN] Step 44 | Loss=0.625753 | Best makespan in group=353.00
[TRAIN] Step 45/50 | 17:36:25
[TRAIN] Step 45 | Loss=0.590878 | Best makespan in group=465.00
[TRAIN] Step 46/50 | 17:37:00
[TRAIN] Step 46 | Loss=0.919963 | Best makespan in group=495.00
[TRAIN] Step 47/50 | 17:37:41
[TRAIN] Step 47 | Loss=0.770559 | Best makespan in group=445.00
[TRAIN] Step 48/50 | 17:38:15
[TRAIN] Step 48 | Loss=0.819802 | Best makespan in group=509.00
[TRAIN] Step 49/50 | 17:38:58
[TRAIN] Step 49 | Loss=0.565602 | Best makespan in group=680.00
[TRAIN] Step 50/50 | 17:39:36
[TRAIN] Step 50 | Loss=0.592675 | Best makespan in group=492.00
[TRAIN][VAL][ep 50] avg_gap=0.4512 | std_gap=0.1665 | q80_gap=0.5851 | n=20
[TRAIN] Evaluating best checkpoint (candidate_models/414124137814601.pth) on the held-out test split...
[TRAIN][TEST] avg_gap=0.3887 | std_gap=0.1779 | q80_gap=0.4751 | n=20
[TRAIN][17:41:06] Training ended. Validation history and plots updated.
[MAIN] Run finished at 2026-09-26 17:41:06
============================================================
