D:\Dissertação\dissertation-bopo_introduction\venv\Lib\site-packages\torch\jit\_script.py:1485: FutureWarning: `torch.jit.script` is not supported in Python 3.14+ and may break. Please switch to `torch.compile` or `torch.export`.
  warnings.warn(
============================================================
[TRAIN] Training started at: 2026-09-30 23:53:11
[TRAIN] Hyperparams | max_steps=350 | new_freq=200
[TRAIN]             | n_cases=30 | B=32 | K=10 | use_greedy=True | lr=0.0047 (decaying to 9.40e-04)
[TRAIN]             | warm_start_steps=200 | checkpoint_smooth_window=3 | seed=43
[TRAIN]             | hidden_channels=128 | num_layers=2 | heads=3
[TRAIN]             | logp_norm=mean | exclude_greedy_from_loss=True
[TRAIN] Representation | ojmb_edge_v2 | GNN | gat | jm_design | edges
[TRAIN] Device | cuda:0 (NVIDIA GeForce GTX 1650 Ti)
[TRAIN] Problem size | jobs=[8,10] | machines=[5,10] | ops_per_job=[5,6] | max_proc=100
============================================================
[TRAIN] Output run folder: results\batching_gat_L2_ojmb_edge_v2_s43_steps
[TRAIN] Validation config | every=25 steps | instances=20 (representative subset)
[TRAIN][TEACHER] validation avg_gap=0.5033 | q80_gap=0.6593 || test avg_gap=0.4287 | q80_gap=0.6096
[TRAIN] Step metrics | every step on 4 validation instance(s) (bat001, bat003, bat005, bat007) -> results\batching_gat_L2_ojmb_edge_v2_s43_steps\step_metrics.json
[TRAIN] Warm-start (behavior cloning vs. dispatch heuristic) | 200 step(s)...
[TRAIN][WARMSTART] step 10/200 | instance=10 | bc_loss=1.9738 | decisions=45
[TRAIN][WARMSTART] step 20/200 | instance=2 | bc_loss=1.5659 | decisions=43
[TRAIN][WARMSTART] step 30/200 | instance=14 | bc_loss=1.5033 | decisions=43
[TRAIN][WARMSTART] step 40/200 | instance=27 | bc_loss=1.6685 | decisions=47
[TRAIN][WARMSTART] step 50/200 | instance=28 | bc_loss=1.2320 | decisions=43
[TRAIN][WARMSTART] step 60/200 | instance=27 | bc_loss=1.2891 | decisions=47
[TRAIN][WARMSTART] step 70/200 | instance=16 | bc_loss=1.1428 | decisions=46
[TRAIN][WARMSTART] step 80/200 | instance=23 | bc_loss=1.0869 | decisions=37
[TRAIN][WARMSTART] step 90/200 | instance=7 | bc_loss=1.3835 | decisions=51
[TRAIN][WARMSTART] step 100/200 | instance=16 | bc_loss=1.0290 | decisions=46
[TRAIN][WARMSTART] step 110/200 | instance=17 | bc_loss=1.0341 | decisions=46
[TRAIN][WARMSTART] step 120/200 | instance=5 | bc_loss=1.2194 | decisions=52
[TRAIN][WARMSTART] step 130/200 | instance=23 | bc_loss=1.0374 | decisions=37
[TRAIN][WARMSTART] step 140/200 | instance=18 | bc_loss=1.0537 | decisions=39
[TRAIN][WARMSTART] step 150/200 | instance=24 | bc_loss=0.8868 | decisions=47
[TRAIN][WARMSTART] step 160/200 | instance=27 | bc_loss=0.8287 | decisions=47
[TRAIN][WARMSTART] step 170/200 | instance=20 | bc_loss=0.9815 | decisions=47
[TRAIN][WARMSTART] step 180/200 | instance=28 | bc_loss=0.8556 | decisions=43
[TRAIN][WARMSTART] step 190/200 | instance=9 | bc_loss=1.1629 | decisions=37
[TRAIN][WARMSTART] step 200/200 | instance=19 | bc_loss=0.7809 | decisions=47
[TRAIN] Warm-start complete, switching to BOPO preference optimization.
------------------------------------------------------------
[TRAIN] BOPO agent ready. Starting training loop for 350 step(s)...
------------------------------------------------------------
[TRAIN] Step 1/350 | 00:01:51
[TRAIN] Step 1 | Loss=0.904456 | Best makespan in group=438.00
[TRAIN] Step 2/350 | 00:02:26
[TRAIN] Step 2 | Loss=0.820844 | Best makespan in group=348.00
[TRAIN] Step 3/350 | 00:03:04
[TRAIN] Step 3 | Loss=0.608356 | Best makespan in group=358.00
[TRAIN] Step 4/350 | 00:03:42
[TRAIN] Step 4 | Loss=0.810789 | Best makespan in group=391.00
[TRAIN] Step 5/350 | 00:04:14
[TRAIN] Step 5 | Loss=0.982537 | Best makespan in group=527.00
[TRAIN] Step 6/350 | 00:04:53
[TRAIN] Step 6 | Loss=0.846837 | Best makespan in group=539.00
[TRAIN] Step 7/350 | 00:05:26
[TRAIN] Step 7 | Loss=0.922858 | Best makespan in group=450.00
[TRAIN] Step 8/350 | 00:06:02
[TRAIN] Step 8 | Loss=0.840054 | Best makespan in group=397.00
[TRAIN] Step 9/350 | 00:06:40
[TRAIN] Step 9 | Loss=0.713691 | Best makespan in group=537.00
[TRAIN] Step 10/350 | 00:07:16
[TRAIN] Step 10 | Loss=0.558226 | Best makespan in group=389.00
[TRAIN] Step 11/350 | 00:07:51
[TRAIN] Step 11 | Loss=0.659548 | Best makespan in group=528.00
[TRAIN] Step 12/350 | 00:08:27
[TRAIN] Step 12 | Loss=0.631553 | Best makespan in group=391.00
[TRAIN] Step 13/350 | 00:09:01
[TRAIN] Step 13 | Loss=0.571242 | Best makespan in group=391.00
[TRAIN] Step 14/350 | 00:09:32
[TRAIN] Step 14 | Loss=0.581714 | Best makespan in group=385.00
[TRAIN] Step 15/350 | 00:10:08
[TRAIN] Step 15 | Loss=0.607208 | Best makespan in group=486.00
[TRAIN] Step 16/350 | 00:10:39
[TRAIN] Step 16 | Loss=0.637451 | Best makespan in group=451.00
[TRAIN] Step 17/350 | 00:11:12
[TRAIN] Step 17 | Loss=0.707702 | Best makespan in group=378.00
[TRAIN] Step 18/350 | 00:11:46
[TRAIN] Step 18 | Loss=0.939924 | Best makespan in group=369.00
[TRAIN] Step 19/350 | 00:12:24
[TRAIN] Step 19 | Loss=0.611943 | Best makespan in group=361.00
[TRAIN] Step 20/350 | 00:13:03
[TRAIN] Step 20 | Loss=0.609956 | Best makespan in group=456.00
[TRAIN] Step 21/350 | 00:13:39
[TRAIN] Step 21 | Loss=0.672117 | Best makespan in group=358.00
[TRAIN] Step 22/350 | 00:14:10
[TRAIN] Step 22 | Loss=0.651340 | Best makespan in group=444.00
[TRAIN] Step 23/350 | 00:14:45
[TRAIN] Step 23 | Loss=0.689552 | Best makespan in group=358.00
[TRAIN] Step 24/350 | 00:15:19
[TRAIN] Step 24 | Loss=0.663002 | Best makespan in group=503.00
[TRAIN] Step 25/350 | 00:15:53
[TRAIN] Step 25 | Loss=0.639919 | Best makespan in group=415.00
[TRAIN][VAL][ep 25] avg_gap=0.3210 | std_gap=0.1883 | q80_gap=0.4739 | n=20
[TRAIN] Validation improved | smoothed_avg_gap=0.3210 (raw=0.3210) | saving candidate: 763160813491186.pth
[TRAIN] Step 26/350 | 00:17:06
[TRAIN] Step 26 | Loss=0.908658 | Best makespan in group=363.00
[TRAIN] Step 27/350 | 00:17:37
[TRAIN] Step 27 | Loss=0.628216 | Best makespan in group=367.00
[TRAIN] Step 28/350 | 00:18:08
[TRAIN] Step 28 | Loss=0.846273 | Best makespan in group=359.00
[TRAIN] Step 29/350 | 00:18:42
[TRAIN] Step 29 | Loss=0.667534 | Best makespan in group=296.00
[TRAIN] Step 30/350 | 00:19:13
[TRAIN] Step 30 | Loss=0.601099 | Best makespan in group=460.00
[TRAIN] Step 31/350 | 00:19:46
[TRAIN] Step 31 | Loss=0.627714 | Best makespan in group=505.00
[TRAIN] Step 32/350 | 00:20:22
[TRAIN] Step 32 | Loss=0.582429 | Best makespan in group=356.00
[TRAIN] Step 33/350 | 00:20:53
[TRAIN] Step 33 | Loss=0.852749 | Best makespan in group=374.00
[TRAIN] Step 34/350 | 00:21:27
[TRAIN] Step 34 | Loss=0.799722 | Best makespan in group=395.00
[TRAIN] Step 35/350 | 00:22:01
[TRAIN] Step 35 | Loss=0.715439 | Best makespan in group=365.00
[TRAIN] Step 36/350 | 00:22:32
[TRAIN] Step 36 | Loss=0.662708 | Best makespan in group=390.00
[TRAIN] Step 37/350 | 00:23:06
[TRAIN] Step 37 | Loss=0.789900 | Best makespan in group=459.00
[TRAIN] Step 38/350 | 00:23:36
[TRAIN] Step 38 | Loss=0.672558 | Best makespan in group=341.00
[TRAIN] Step 39/350 | 00:24:15
[TRAIN] Step 39 | Loss=0.912545 | Best makespan in group=353.00
[TRAIN] Step 40/350 | 00:24:48
[TRAIN] Step 40 | Loss=0.635343 | Best makespan in group=303.00
[TRAIN] Step 41/350 | 00:25:27
[TRAIN] Step 41 | Loss=0.634138 | Best makespan in group=345.00
[TRAIN] Step 42/350 | 00:26:03
[TRAIN] Step 42 | Loss=0.602164 | Best makespan in group=433.00
[TRAIN] Step 43/350 | 00:26:36
[TRAIN] Step 43 | Loss=0.801072 | Best makespan in group=303.00
[TRAIN] Step 44/350 | 00:27:14
[TRAIN] Step 44 | Loss=0.723853 | Best makespan in group=421.00
[TRAIN] Step 45/350 | 00:27:50
[TRAIN] Step 45 | Loss=0.715473 | Best makespan in group=322.00
[TRAIN] Step 46/350 | 00:28:29
[TRAIN] Step 46 | Loss=0.677745 | Best makespan in group=519.00
[TRAIN] Step 47/350 | 00:29:03
[TRAIN] Step 47 | Loss=0.703375 | Best makespan in group=357.00
[TRAIN] Step 48/350 | 00:29:36
[TRAIN] Step 48 | Loss=0.580321 | Best makespan in group=337.00
[TRAIN] Step 49/350 | 00:30:08
[TRAIN] Step 49 | Loss=0.758011 | Best makespan in group=389.00
[TRAIN] Step 50/350 | 00:30:46
[TRAIN] Step 50 | Loss=0.605855 | Best makespan in group=484.00
[TRAIN][VAL][ep 50] avg_gap=0.2030 | std_gap=0.1010 | q80_gap=0.2893 | n=20
[TRAIN] Validation improved | smoothed_avg_gap=0.2620 (raw=0.2030) | saving candidate: 262946788495883.pth
[TRAIN] Step 51/350 | 00:31:55
[TRAIN] Step 51 | Loss=0.604242 | Best makespan in group=298.00
[TRAIN] Step 52/350 | 00:32:27
[TRAIN] Step 52 | Loss=0.793896 | Best makespan in group=344.00
[TRAIN] Step 53/350 | 00:33:01
[TRAIN] Step 53 | Loss=0.692415 | Best makespan in group=365.00
[TRAIN] Step 54/350 | 00:33:36
[TRAIN] Step 54 | Loss=0.640940 | Best makespan in group=441.00
[TRAIN] Step 55/350 | 00:34:10
[TRAIN] Step 55 | Loss=0.611536 | Best makespan in group=459.00
[TRAIN] Step 56/350 | 00:34:43
[TRAIN] Step 56 | Loss=0.701317 | Best makespan in group=438.00
[TRAIN] Step 57/350 | 00:35:15
[TRAIN] Step 57 | Loss=0.683997 | Best makespan in group=455.00
[TRAIN] Step 58/350 | 00:35:56
[TRAIN] Step 58 | Loss=0.652529 | Best makespan in group=410.00
[TRAIN] Step 59/350 | 00:36:31
[TRAIN] Step 59 | Loss=0.625506 | Best makespan in group=350.00
[TRAIN] Step 60/350 | 00:37:09
[TRAIN] Step 60 | Loss=0.689062 | Best makespan in group=338.00
[TRAIN] Step 61/350 | 00:37:41
[TRAIN] Step 61 | Loss=0.753407 | Best makespan in group=433.00
[TRAIN] Step 62/350 | 00:38:16
[TRAIN] Step 62 | Loss=0.505283 | Best makespan in group=323.00
[TRAIN] Step 63/350 | 00:38:45
[TRAIN] Step 63 | Loss=0.634638 | Best makespan in group=341.00
[TRAIN] Step 64/350 | 00:39:15
[TRAIN] Step 64 | Loss=0.669645 | Best makespan in group=299.00
[TRAIN] Step 65/350 | 00:39:47
[TRAIN] Step 65 | Loss=0.618371 | Best makespan in group=358.00
[TRAIN] Step 66/350 | 00:40:17
[TRAIN] Step 66 | Loss=0.622874 | Best makespan in group=412.00
[TRAIN] Step 67/350 | 00:40:52
[TRAIN] Step 67 | Loss=0.723600 | Best makespan in group=322.00
[TRAIN] Step 68/350 | 00:41:28
[TRAIN] Step 68 | Loss=0.670136 | Best makespan in group=480.00
[TRAIN] Step 69/350 | 00:42:01
[TRAIN] Step 69 | Loss=0.632784 | Best makespan in group=352.00
[TRAIN] Step 70/350 | 00:42:33
[TRAIN] Step 70 | Loss=0.567363 | Best makespan in group=419.00
[TRAIN] Step 71/350 | 00:43:04
[TRAIN] Step 71 | Loss=0.779140 | Best makespan in group=439.00
[TRAIN] Step 72/350 | 00:43:38
[TRAIN] Step 72 | Loss=0.691705 | Best makespan in group=325.00
[TRAIN] Step 73/350 | 00:44:14
[TRAIN] Step 73 | Loss=0.600051 | Best makespan in group=344.00
[TRAIN] Step 74/350 | 00:44:46
[TRAIN] Step 74 | Loss=0.747696 | Best makespan in group=439.00
[TRAIN] Step 75/350 | 00:45:17
[TRAIN] Step 75 | Loss=0.634711 | Best makespan in group=327.00
[TRAIN][VAL][ep 75] avg_gap=0.1746 | std_gap=0.0942 | q80_gap=0.2321 | n=20
[TRAIN] Validation improved | smoothed_avg_gap=0.2329 (raw=0.1746) | saving candidate: 670821528416642.pth
[TRAIN] Step 76/350 | 00:46:21
[TRAIN] Step 76 | Loss=0.633112 | Best makespan in group=390.00
[TRAIN] Step 77/350 | 00:46:54
[TRAIN] Step 77 | Loss=0.676143 | Best makespan in group=341.00
[TRAIN] Step 78/350 | 00:47:28
[TRAIN] Step 78 | Loss=0.621237 | Best makespan in group=336.00
[TRAIN] Step 79/350 | 00:47:59
[TRAIN] Step 79 | Loss=0.679413 | Best makespan in group=348.00
[TRAIN] Step 80/350 | 00:48:37
[TRAIN] Step 80 | Loss=0.789877 | Best makespan in group=452.00
[TRAIN] Step 81/350 | 00:49:06
[TRAIN] Step 81 | Loss=0.700552 | Best makespan in group=387.00
[TRAIN] Step 82/350 | 00:49:38
[TRAIN] Step 82 | Loss=0.636490 | Best makespan in group=334.00
[TRAIN] Step 83/350 | 00:50:10
[TRAIN] Step 83 | Loss=0.720962 | Best makespan in group=462.00
[TRAIN] Step 84/350 | 00:50:44
[TRAIN] Step 84 | Loss=0.697198 | Best makespan in group=473.00
[TRAIN] Step 85/350 | 00:51:18
[TRAIN] Step 85 | Loss=0.663445 | Best makespan in group=378.00
[TRAIN] Step 86/350 | 00:51:55
[TRAIN] Step 86 | Loss=0.658504 | Best makespan in group=422.00
[TRAIN] Step 87/350 | 00:52:27
[TRAIN] Step 87 | Loss=0.682224 | Best makespan in group=299.00
[TRAIN] Step 88/350 | 00:53:03
[TRAIN] Step 88 | Loss=0.724622 | Best makespan in group=297.00
[TRAIN] Step 89/350 | 00:53:41
[TRAIN] Step 89 | Loss=0.813636 | Best makespan in group=365.00
[TRAIN] Step 90/350 | 00:54:16
[TRAIN] Step 90 | Loss=0.672237 | Best makespan in group=430.00
[TRAIN] Step 91/350 | 00:54:55
[TRAIN] Step 91 | Loss=0.708781 | Best makespan in group=298.00
[TRAIN] Step 92/350 | 00:55:26
[TRAIN] Step 92 | Loss=0.810565 | Best makespan in group=319.00
[TRAIN] Step 93/350 | 00:55:56
[TRAIN] Step 93 | Loss=0.625203 | Best makespan in group=431.00
[TRAIN] Step 94/350 | 00:56:35
[TRAIN] Step 94 | Loss=0.594250 | Best makespan in group=344.00
[TRAIN] Step 95/350 | 00:57:06
[TRAIN] Step 95 | Loss=0.622147 | Best makespan in group=332.00
[TRAIN] Step 96/350 | 00:57:38
[TRAIN] Step 96 | Loss=0.655700 | Best makespan in group=428.00
[TRAIN] Step 97/350 | 00:58:09
[TRAIN] Step 97 | Loss=0.644535 | Best makespan in group=365.00
[TRAIN] Step 98/350 | 00:58:44
[TRAIN] Step 98 | Loss=0.799045 | Best makespan in group=412.00
[TRAIN] Step 99/350 | 00:59:18
[TRAIN] Step 99 | Loss=0.695221 | Best makespan in group=358.00
[TRAIN] Step 100/350 | 00:59:49
[TRAIN] Step 100 | Loss=0.638732 | Best makespan in group=434.00
[TRAIN][VAL][ep 100] avg_gap=0.1731 | std_gap=0.0916 | q80_gap=0.2548 | n=20
[TRAIN] Validation improved | smoothed_avg_gap=0.1836 (raw=0.1731) | saving candidate: 788216353815544.pth
[TRAIN] Step 101/350 | 01:00:52
[TRAIN] Step 101 | Loss=0.827043 | Best makespan in group=352.00
[TRAIN] Step 102/350 | 01:01:23
[TRAIN] Step 102 | Loss=0.590730 | Best makespan in group=291.00
[TRAIN] Step 103/350 | 01:01:59
[TRAIN] Step 103 | Loss=0.628090 | Best makespan in group=428.00
[TRAIN] Step 104/350 | 01:02:32
[TRAIN] Step 104 | Loss=0.586676 | Best makespan in group=367.00
[TRAIN] Step 105/350 | 01:03:03
[TRAIN] Step 105 | Loss=0.716560 | Best makespan in group=357.00
[TRAIN] Step 106/350 | 01:03:39
[TRAIN] Step 106 | Loss=0.647188 | Best makespan in group=455.00
[TRAIN] Step 107/350 | 01:04:08
[TRAIN] Step 107 | Loss=0.600283 | Best makespan in group=414.00
[TRAIN] Step 108/350 | 01:04:41
[TRAIN] Step 108 | Loss=0.717123 | Best makespan in group=343.00
[TRAIN] Step 109/350 | 01:05:12
[TRAIN] Step 109 | Loss=0.582157 | Best makespan in group=459.00
[TRAIN] Step 110/350 | 01:05:46
[TRAIN] Step 110 | Loss=0.598667 | Best makespan in group=351.00
[TRAIN] Step 111/350 | 01:06:17
[TRAIN] Step 111 | Loss=0.596215 | Best makespan in group=464.00
[TRAIN] Step 112/350 | 01:06:45
[TRAIN] Step 112 | Loss=0.738140 | Best makespan in group=320.00
[TRAIN] Step 113/350 | 01:07:21
[TRAIN] Step 113 | Loss=0.665582 | Best makespan in group=384.00
[TRAIN] Step 114/350 | 01:07:57
[TRAIN] Step 114 | Loss=0.710571 | Best makespan in group=337.00
[TRAIN] Step 115/350 | 01:08:32
[TRAIN] Step 115 | Loss=0.521350 | Best makespan in group=483.00
[TRAIN] Step 116/350 | 01:09:04
[TRAIN] Step 116 | Loss=0.680066 | Best makespan in group=299.00
[TRAIN] Step 117/350 | 01:09:40
[TRAIN] Step 117 | Loss=0.603601 | Best makespan in group=352.00
[TRAIN] Step 118/350 | 01:10:14
[TRAIN] Step 118 | Loss=0.578355 | Best makespan in group=390.00
[TRAIN] Step 119/350 | 01:10:45
[TRAIN] Step 119 | Loss=0.633518 | Best makespan in group=345.00
[TRAIN] Step 120/350 | 01:11:15
[TRAIN] Step 120 | Loss=0.616599 | Best makespan in group=477.00
[TRAIN] Step 121/350 | 01:11:47
[TRAIN] Step 121 | Loss=0.655741 | Best makespan in group=379.00
[TRAIN] Step 122/350 | 01:12:23
[TRAIN] Step 122 | Loss=0.775965 | Best makespan in group=345.00
[TRAIN] Step 123/350 | 01:12:52
[TRAIN] Step 123 | Loss=0.640047 | Best makespan in group=458.00
[TRAIN] Step 124/350 | 01:13:25
[TRAIN] Step 124 | Loss=0.748225 | Best makespan in group=295.00
[TRAIN] Step 125/350 | 01:13:54
[TRAIN] Step 125 | Loss=0.607034 | Best makespan in group=407.00
[TRAIN][VAL][ep 125] avg_gap=0.1729 | std_gap=0.0961 | q80_gap=0.2587 | n=20
[TRAIN] Validation improved | smoothed_avg_gap=0.1735 (raw=0.1729) | saving candidate: 708783615802340.pth
[TRAIN] Step 126/350 | 01:14:59
[TRAIN] Step 126 | Loss=0.662466 | Best makespan in group=331.00
[TRAIN] Step 127/350 | 01:15:33
[TRAIN] Step 127 | Loss=0.647942 | Best makespan in group=413.00
[TRAIN] Step 128/350 | 01:16:10
[TRAIN] Step 128 | Loss=0.726995 | Best makespan in group=468.00
[TRAIN] Step 129/350 | 01:16:43
[TRAIN] Step 129 | Loss=0.833060 | Best makespan in group=348.00
[TRAIN] Step 130/350 | 01:17:18
[TRAIN] Step 130 | Loss=0.789648 | Best makespan in group=341.00
[TRAIN] Step 131/350 | 01:17:49
[TRAIN] Step 131 | Loss=0.647163 | Best makespan in group=468.00
[TRAIN] Step 132/350 | 01:18:17
[TRAIN] Step 132 | Loss=0.653533 | Best makespan in group=349.00
[TRAIN] Step 133/350 | 01:18:46
[TRAIN] Step 133 | Loss=0.623871 | Best makespan in group=285.00
[TRAIN] Step 134/350 | 01:19:22
[TRAIN] Step 134 | Loss=0.640941 | Best makespan in group=390.00
[TRAIN] Step 135/350 | 01:19:53
[TRAIN] Step 135 | Loss=0.632882 | Best makespan in group=325.00
[TRAIN] Step 136/350 | 01:20:22
[TRAIN] Step 136 | Loss=0.703878 | Best makespan in group=296.00
[TRAIN] Step 137/350 | 01:20:58
[TRAIN] Step 137 | Loss=0.618380 | Best makespan in group=435.00
[TRAIN] Step 138/350 | 01:21:28
[TRAIN] Step 138 | Loss=0.710543 | Best makespan in group=429.00
[TRAIN] Step 139/350 | 01:22:01
[TRAIN] Step 139 | Loss=0.750059 | Best makespan in group=344.00
[TRAIN] Step 140/350 | 01:22:32
[TRAIN] Step 140 | Loss=0.638927 | Best makespan in group=322.00
[TRAIN] Step 141/350 | 01:23:07
[TRAIN] Step 141 | Loss=0.702898 | Best makespan in group=428.00
[TRAIN] Step 142/350 | 01:23:37
[TRAIN] Step 142 | Loss=0.694425 | Best makespan in group=450.00
[TRAIN] Step 143/350 | 01:24:09
[TRAIN] Step 143 | Loss=0.692230 | Best makespan in group=432.00
[TRAIN] Step 144/350 | 01:24:39
[TRAIN] Step 144 | Loss=0.600854 | Best makespan in group=429.00
[TRAIN] Step 145/350 | 01:25:11
[TRAIN] Step 145 | Loss=0.585393 | Best makespan in group=365.00
[TRAIN] Step 146/350 | 01:25:40
[TRAIN] Step 146 | Loss=0.640940 | Best makespan in group=352.00
[TRAIN] Step 147/350 | 01:26:11
[TRAIN] Step 147 | Loss=0.640171 | Best makespan in group=333.00
[TRAIN] Step 148/350 | 01:26:41
[TRAIN] Step 148 | Loss=0.620900 | Best makespan in group=378.00
[TRAIN] Step 149/350 | 01:27:13
[TRAIN] Step 149 | Loss=0.628104 | Best makespan in group=325.00
[TRAIN] Step 150/350 | 01:27:48
[TRAIN] Step 150 | Loss=0.669053 | Best makespan in group=365.00
[TRAIN][VAL][ep 150] avg_gap=0.1630 | std_gap=0.0858 | q80_gap=0.2211 | n=20
[TRAIN] Validation improved | smoothed_avg_gap=0.1697 (raw=0.1630) | saving candidate: 715697438813567.pth
[TRAIN] Step 151/350 | 01:28:53
[TRAIN] Step 151 | Loss=0.617352 | Best makespan in group=419.00
[TRAIN] Step 152/350 | 01:29:24
[TRAIN] Step 152 | Loss=0.589173 | Best makespan in group=379.00
[TRAIN] Step 153/350 | 01:29:59
[TRAIN] Step 153 | Loss=0.637782 | Best makespan in group=297.00
[TRAIN] Step 154/350 | 01:30:34
[TRAIN] Step 154 | Loss=0.736991 | Best makespan in group=342.00
[TRAIN] Step 155/350 | 01:31:04
[TRAIN] Step 155 | Loss=0.661423 | Best makespan in group=295.00
[TRAIN] Step 156/350 | 01:31:34
[TRAIN] Step 156 | Loss=0.909633 | Best makespan in group=323.00
[TRAIN] Step 157/350 | 01:32:02
[TRAIN] Step 157 | Loss=0.545308 | Best makespan in group=439.00
[TRAIN] Step 158/350 | 01:32:30
[TRAIN] Step 158 | Loss=0.756802 | Best makespan in group=332.00
[TRAIN] Step 159/350 | 01:33:01
[TRAIN] Step 159 | Loss=0.705185 | Best makespan in group=344.00
[TRAIN] Step 160/350 | 01:33:31
[TRAIN] Step 160 | Loss=0.617961 | Best makespan in group=465.00
[TRAIN] Step 161/350 | 01:34:04
[TRAIN] Step 161 | Loss=0.659290 | Best makespan in group=296.00
[TRAIN] Step 162/350 | 01:34:40
[TRAIN] Step 162 | Loss=0.641340 | Best makespan in group=450.00
[TRAIN] Step 163/350 | 01:35:11
[TRAIN] Step 163 | Loss=0.682419 | Best makespan in group=417.00
[TRAIN] Step 164/350 | 01:35:43
[TRAIN] Step 164 | Loss=0.636576 | Best makespan in group=321.00
[TRAIN] Step 165/350 | 01:36:19
[TRAIN] Step 165 | Loss=0.594882 | Best makespan in group=475.00
[TRAIN] Step 166/350 | 01:36:51
[TRAIN] Step 166 | Loss=0.602362 | Best makespan in group=436.00
[TRAIN] Step 167/350 | 01:37:24
[TRAIN] Step 167 | Loss=0.555627 | Best makespan in group=351.00
[TRAIN] Step 168/350 | 01:38:00
[TRAIN] Step 168 | Loss=0.647876 | Best makespan in group=434.00
[TRAIN] Step 169/350 | 01:38:36
[TRAIN] Step 169 | Loss=0.638552 | Best makespan in group=473.00
[TRAIN] Step 170/350 | 01:39:07
[TRAIN] Step 170 | Loss=0.708031 | Best makespan in group=412.00
[TRAIN] Step 171/350 | 01:39:40
[TRAIN] Step 171 | Loss=0.682312 | Best makespan in group=365.00
[TRAIN] Step 172/350 | 01:40:13
[TRAIN] Step 172 | Loss=0.669053 | Best makespan in group=327.00
[TRAIN] Step 173/350 | 01:40:48
[TRAIN] Step 173 | Loss=0.671855 | Best makespan in group=379.00
[TRAIN] Step 174/350 | 01:41:20
[TRAIN] Step 174 | Loss=0.541702 | Best makespan in group=331.00
[TRAIN] Step 175/350 | 01:41:53
[TRAIN] Step 175 | Loss=0.630954 | Best makespan in group=390.00
[TRAIN][VAL][ep 175] avg_gap=0.1625 | std_gap=0.1172 | q80_gap=0.2126 | n=20
[TRAIN] Validation improved | smoothed_avg_gap=0.1661 (raw=0.1625) | saving candidate: 722357159332114.pth
[TRAIN] Step 176/350 | 01:42:57
[TRAIN] Step 176 | Loss=0.569743 | Best makespan in group=358.00
[TRAIN] Step 177/350 | 01:43:26
[TRAIN] Step 177 | Loss=0.675404 | Best makespan in group=340.00
[TRAIN] Step 178/350 | 01:43:56
[TRAIN] Step 178 | Loss=0.647731 | Best makespan in group=424.00
[TRAIN] Step 179/350 | 01:44:26
[TRAIN] Step 179 | Loss=0.602516 | Best makespan in group=333.00
[TRAIN] Step 180/350 | 01:44:56
[TRAIN] Step 180 | Loss=0.626286 | Best makespan in group=352.00
[TRAIN] Step 181/350 | 01:45:26
[TRAIN] Step 181 | Loss=0.639580 | Best makespan in group=365.00
[TRAIN] Step 182/350 | 01:45:59
[TRAIN] Step 182 | Loss=0.621219 | Best makespan in group=425.00
[TRAIN] Step 183/350 | 01:46:32
[TRAIN] Step 183 | Loss=0.661354 | Best makespan in group=343.00
[TRAIN] Step 184/350 | 01:47:02
[TRAIN] Step 184 | Loss=0.682338 | Best makespan in group=343.00
[TRAIN] Step 185/350 | 01:47:33
[TRAIN] Step 185 | Loss=0.676230 | Best makespan in group=352.00
[TRAIN] Step 186/350 | 01:48:04
[TRAIN] Step 186 | Loss=0.587976 | Best makespan in group=390.00
[TRAIN] Step 187/350 | 01:48:35
[TRAIN] Step 187 | Loss=0.583562 | Best makespan in group=295.00
[TRAIN] Step 188/350 | 01:49:05
[TRAIN] Step 188 | Loss=0.650680 | Best makespan in group=418.00
[TRAIN] Step 189/350 | 01:49:42
[TRAIN] Step 189 | Loss=0.774013 | Best makespan in group=296.00
[TRAIN] Step 190/350 | 01:50:19
[TRAIN] Step 190 | Loss=0.752584 | Best makespan in group=366.00
[TRAIN] Step 191/350 | 01:50:51
[TRAIN] Step 191 | Loss=0.601784 | Best makespan in group=338.00
[TRAIN] Step 192/350 | 01:51:22
[TRAIN] Step 192 | Loss=0.597491 | Best makespan in group=322.00
[TRAIN] Step 193/350 | 01:51:52
[TRAIN] Step 193 | Loss=0.631049 | Best makespan in group=361.00
[TRAIN] Step 194/350 | 01:52:22
[TRAIN] Step 194 | Loss=0.498796 | Best makespan in group=433.00
[TRAIN] Step 195/350 | 01:52:52
[TRAIN] Step 195 | Loss=0.785136 | Best makespan in group=467.00
[TRAIN] Step 196/350 | 01:53:23
[TRAIN] Step 196 | Loss=0.603740 | Best makespan in group=326.00
[TRAIN] Step 197/350 | 01:53:59
[TRAIN] Step 197 | Loss=0.714319 | Best makespan in group=415.00
[TRAIN] Step 198/350 | 01:54:30
[TRAIN] Step 198 | Loss=0.710529 | Best makespan in group=457.00
[TRAIN] Step 199/350 | 01:54:58
[TRAIN] Step 199 | Loss=0.735493 | Best makespan in group=436.00
[TRAIN] Step 200/350 | 01:55:28
[TRAIN] Step 200 | Loss=0.663257 | Best makespan in group=300.00
[TRAIN] Refreshing training instances (step 200)...
[TRAIN][VAL][ep 200] avg_gap=0.1538 | std_gap=0.0978 | q80_gap=0.1723 | n=20
[TRAIN] Validation improved | smoothed_avg_gap=0.1598 (raw=0.1538) | saving candidate: 341117912976071.pth
[TRAIN] Step 201/350 | 01:56:36
[TRAIN] Step 201 | Loss=0.651909 | Best makespan in group=298.00
[TRAIN] Step 202/350 | 01:57:07
[TRAIN] Step 202 | Loss=0.646351 | Best makespan in group=376.00
[TRAIN] Step 203/350 | 01:57:35
[TRAIN] Step 203 | Loss=0.717345 | Best makespan in group=337.00
[TRAIN] Step 204/350 | 01:58:10
[TRAIN] Step 204 | Loss=0.633181 | Best makespan in group=483.00
[TRAIN] Step 205/350 | 01:58:40
[TRAIN] Step 205 | Loss=0.881946 | Best makespan in group=414.00
[TRAIN] Step 206/350 | 01:59:11
[TRAIN] Step 206 | Loss=0.580762 | Best makespan in group=332.00
[TRAIN] Step 207/350 | 01:59:45
[TRAIN] Step 207 | Loss=0.547115 | Best makespan in group=333.00
[TRAIN] Step 208/350 | 02:00:14
[TRAIN] Step 208 | Loss=0.653430 | Best makespan in group=361.00
[TRAIN] Step 209/350 | 02:00:45
[TRAIN] Step 209 | Loss=0.628280 | Best makespan in group=247.00
[TRAIN] Step 210/350 | 02:01:16
[TRAIN] Step 210 | Loss=0.676199 | Best makespan in group=389.00
[TRAIN] Step 211/350 | 02:01:48
[TRAIN] Step 211 | Loss=0.599880 | Best makespan in group=309.00
[TRAIN] Step 212/350 | 02:02:19
[TRAIN] Step 212 | Loss=0.686836 | Best makespan in group=383.00
[TRAIN] Step 213/350 | 02:02:49
[TRAIN] Step 213 | Loss=0.683033 | Best makespan in group=357.00
[TRAIN] Step 214/350 | 02:03:21
[TRAIN] Step 214 | Loss=0.624628 | Best makespan in group=403.00
[TRAIN] Step 215/350 | 02:03:54
[TRAIN] Step 215 | Loss=0.780695 | Best makespan in group=386.00
[TRAIN] Step 216/350 | 02:04:31
[TRAIN] Step 216 | Loss=0.564729 | Best makespan in group=319.00
[TRAIN] Step 217/350 | 02:05:08
[TRAIN] Step 217 | Loss=0.615737 | Best makespan in group=362.00
[TRAIN] Step 218/350 | 02:05:40
[TRAIN] Step 218 | Loss=0.678934 | Best makespan in group=330.00
[TRAIN] Step 219/350 | 02:06:11
[TRAIN] Step 219 | Loss=0.660879 | Best makespan in group=366.00
[TRAIN] Step 220/350 | 02:06:45
[TRAIN] Step 220 | Loss=0.676450 | Best makespan in group=422.00
[TRAIN] Step 221/350 | 02:07:16
[TRAIN] Step 221 | Loss=0.618441 | Best makespan in group=374.00
[TRAIN] Step 222/350 | 02:07:46
[TRAIN] Step 222 | Loss=0.692715 | Best makespan in group=365.00
[TRAIN] Step 223/350 | 02:08:19
[TRAIN] Step 223 | Loss=0.558159 | Best makespan in group=340.00
[TRAIN] Step 224/350 | 02:08:51
[TRAIN] Step 224 | Loss=0.715082 | Best makespan in group=351.00
[TRAIN] Step 225/350 | 02:09:26
[TRAIN] Step 225 | Loss=0.526829 | Best makespan in group=391.00
[TRAIN][VAL][ep 225] avg_gap=0.1473 | std_gap=0.0810 | q80_gap=0.2144 | n=20
[TRAIN] Validation improved | smoothed_avg_gap=0.1545 (raw=0.1473) | saving candidate: 311811497487778.pth
[TRAIN] Step 226/350 | 02:10:27
[TRAIN] Step 226 | Loss=0.628732 | Best makespan in group=342.00
[TRAIN] Step 227/350 | 02:11:02
[TRAIN] Step 227 | Loss=0.638346 | Best makespan in group=359.00
[TRAIN] Step 228/350 | 02:11:39
[TRAIN] Step 228 | Loss=0.680511 | Best makespan in group=320.00
[TRAIN] Step 229/350 | 02:12:14
[TRAIN] Step 229 | Loss=0.582119 | Best makespan in group=474.00
[TRAIN] Step 230/350 | 02:12:46
[TRAIN] Step 230 | Loss=0.680278 | Best makespan in group=355.00
[TRAIN] Step 231/350 | 02:13:22
[TRAIN] Step 231 | Loss=0.662454 | Best makespan in group=334.00
[TRAIN] Step 232/350 | 02:13:53
[TRAIN] Step 232 | Loss=0.705555 | Best makespan in group=378.00
[TRAIN] Step 233/350 | 02:14:24
[TRAIN] Step 233 | Loss=0.715084 | Best makespan in group=338.00
[TRAIN] Step 234/350 | 02:15:00
[TRAIN] Step 234 | Loss=0.598267 | Best makespan in group=359.00
[TRAIN] Step 235/350 | 02:15:36
[TRAIN] Step 235 | Loss=0.710954 | Best makespan in group=369.00
[TRAIN] Step 236/350 | 02:16:08
[TRAIN] Step 236 | Loss=0.712631 | Best makespan in group=365.00
[TRAIN] Step 237/350 | 02:16:42
[TRAIN] Step 237 | Loss=0.674315 | Best makespan in group=375.00
[TRAIN] Step 238/350 | 02:17:11
[TRAIN] Step 238 | Loss=0.738763 | Best makespan in group=359.00
[TRAIN] Step 239/350 | 02:17:45
[TRAIN] Step 239 | Loss=0.659163 | Best makespan in group=365.00
[TRAIN] Step 240/350 | 02:18:20
[TRAIN] Step 240 | Loss=0.563171 | Best makespan in group=362.00
[TRAIN] Step 241/350 | 02:18:55
[TRAIN] Step 241 | Loss=0.556042 | Best makespan in group=346.00
[TRAIN] Step 242/350 | 02:19:24
[TRAIN] Step 242 | Loss=0.670893 | Best makespan in group=491.00
[TRAIN] Step 243/350 | 02:19:54
[TRAIN] Step 243 | Loss=0.609617 | Best makespan in group=247.00
[TRAIN] Step 244/350 | 02:20:24
[TRAIN] Step 244 | Loss=0.651450 | Best makespan in group=403.00
[TRAIN] Step 245/350 | 02:20:57
[TRAIN] Step 245 | Loss=0.650617 | Best makespan in group=327.00
[TRAIN] Step 246/350 | 02:21:32
[TRAIN] Step 246 | Loss=0.553274 | Best makespan in group=342.00
[TRAIN] Step 247/350 | 02:22:03
[TRAIN] Step 247 | Loss=0.633604 | Best makespan in group=360.00
[TRAIN] Step 248/350 | 02:22:35
[TRAIN] Step 248 | Loss=0.721214 | Best makespan in group=490.00
[TRAIN] Step 249/350 | 02:23:06
[TRAIN] Step 249 | Loss=0.637825 | Best makespan in group=438.00
[TRAIN] Step 250/350 | 02:23:37
[TRAIN] Step 250 | Loss=0.727021 | Best makespan in group=412.00
[TRAIN][VAL][ep 250] avg_gap=0.1748 | std_gap=0.0829 | q80_gap=0.2610 | n=20
[TRAIN] Step 251/350 | 02:24:38
[TRAIN] Step 251 | Loss=0.620081 | Best makespan in group=309.00
[TRAIN] Step 252/350 | 02:25:09
[TRAIN] Step 252 | Loss=0.755169 | Best makespan in group=350.00
[TRAIN] Step 253/350 | 02:25:44
[TRAIN] Step 253 | Loss=0.649283 | Best makespan in group=362.00
[TRAIN] Step 254/350 | 02:26:19
[TRAIN] Step 254 | Loss=0.648178 | Best makespan in group=389.00
[TRAIN] Step 255/350 | 02:26:56
[TRAIN] Step 255 | Loss=0.818893 | Best makespan in group=382.00
[TRAIN] Step 256/350 | 02:27:30
[TRAIN] Step 256 | Loss=0.514601 | Best makespan in group=349.00
[TRAIN] Step 257/350 | 02:28:06
[TRAIN] Step 257 | Loss=0.813436 | Best makespan in group=366.00
[TRAIN] Step 258/350 | 02:28:35
[TRAIN] Step 258 | Loss=0.825306 | Best makespan in group=291.00
[TRAIN] Step 259/350 | 02:29:05
[TRAIN] Step 259 | Loss=0.689524 | Best makespan in group=354.00
[TRAIN] Step 260/350 | 02:29:37
[TRAIN] Step 260 | Loss=0.579432 | Best makespan in group=390.00
[TRAIN] Step 261/350 | 02:30:06
[TRAIN] Step 261 | Loss=0.801370 | Best makespan in group=298.00
[TRAIN] Step 262/350 | 02:30:37
[TRAIN] Step 262 | Loss=0.684778 | Best makespan in group=382.00
[TRAIN] Step 263/350 | 02:31:06
[TRAIN] Step 263 | Loss=0.621433 | Best makespan in group=370.00
[TRAIN] Step 264/350 | 02:31:35
[TRAIN] Step 264 | Loss=0.570225 | Best makespan in group=324.00
[TRAIN] Step 265/350 | 02:32:07
[TRAIN] Step 265 | Loss=0.609580 | Best makespan in group=370.00
[TRAIN] Step 266/350 | 02:32:43
[TRAIN] Step 266 | Loss=0.696073 | Best makespan in group=247.00
[TRAIN] Step 267/350 | 02:33:14
[TRAIN] Step 267 | Loss=0.664789 | Best makespan in group=387.00
[TRAIN] Step 268/350 | 02:33:51
[TRAIN] Step 268 | Loss=0.585184 | Best makespan in group=348.00
[TRAIN] Step 269/350 | 02:34:26
[TRAIN] Step 269 | Loss=0.709649 | Best makespan in group=376.00
[TRAIN] Step 270/350 | 02:34:57
[TRAIN] Step 270 | Loss=0.696390 | Best makespan in group=360.00
[TRAIN] Step 271/350 | 02:35:28
[TRAIN] Step 271 | Loss=0.693010 | Best makespan in group=360.00
[TRAIN] Step 272/350 | 02:36:01
[TRAIN] Step 272 | Loss=0.615766 | Best makespan in group=381.00
[TRAIN] Step 273/350 | 02:36:33
[TRAIN] Step 273 | Loss=0.726169 | Best makespan in group=343.00
[TRAIN] Step 274/350 | 02:37:09
[TRAIN] Step 274 | Loss=0.629735 | Best makespan in group=334.00
[TRAIN] Step 275/350 | 02:37:44
[TRAIN] Step 275 | Loss=0.584519 | Best makespan in group=358.00
[TRAIN][VAL][ep 275] avg_gap=0.1581 | std_gap=0.0824 | q80_gap=0.2138 | n=20
[TRAIN] Step 276/350 | 02:38:49
[TRAIN] Step 276 | Loss=0.711024 | Best makespan in group=322.00
[TRAIN] Step 277/350 | 02:39:24
[TRAIN] Step 277 | Loss=0.635872 | Best makespan in group=356.00
[TRAIN] Step 278/350 | 02:39:55
[TRAIN] Step 278 | Loss=0.552498 | Best makespan in group=331.00
[TRAIN] Step 279/350 | 02:40:26
[TRAIN] Step 279 | Loss=0.579656 | Best makespan in group=363.00
[TRAIN] Step 280/350 | 02:41:00
[TRAIN] Step 280 | Loss=0.604735 | Best makespan in group=412.00
[TRAIN] Step 281/350 | 02:41:31
[TRAIN] Step 281 | Loss=0.690613 | Best makespan in group=391.00
[TRAIN] Step 282/350 | 02:42:00
[TRAIN] Step 282 | Loss=0.599175 | Best makespan in group=406.00
[TRAIN] Step 283/350 | 02:42:32
[TRAIN] Step 283 | Loss=0.602158 | Best makespan in group=323.00
[TRAIN] Step 284/350 | 02:43:09
[TRAIN] Step 284 | Loss=0.679356 | Best makespan in group=422.00
[TRAIN] Step 285/350 | 02:43:41
[TRAIN] Step 285 | Loss=0.754290 | Best makespan in group=321.00
[TRAIN] Step 286/350 | 02:44:10
[TRAIN] Step 286 | Loss=0.606305 | Best makespan in group=309.00
[TRAIN] Step 287/350 | 02:44:41
[TRAIN] Step 287 | Loss=0.763285 | Best makespan in group=359.00
[TRAIN] Step 288/350 | 02:45:15
[TRAIN] Step 288 | Loss=0.658204 | Best makespan in group=480.00
[TRAIN] Step 289/350 | 02:45:45
[TRAIN] Step 289 | Loss=0.817489 | Best makespan in group=365.00
[TRAIN] Step 290/350 | 02:46:18
[TRAIN] Step 290 | Loss=0.520191 | Best makespan in group=482.00
[TRAIN] Step 291/350 | 02:46:49
[TRAIN] Step 291 | Loss=0.649861 | Best makespan in group=296.00
[TRAIN] Step 292/350 | 02:47:20
[TRAIN] Step 292 | Loss=0.538672 | Best makespan in group=247.00
[TRAIN] Step 293/350 | 02:47:50
[TRAIN] Step 293 | Loss=0.540619 | Best makespan in group=329.00
[TRAIN] Step 294/350 | 02:48:23
[TRAIN] Step 294 | Loss=0.610313 | Best makespan in group=473.00
[TRAIN] Step 295/350 | 02:48:53
[TRAIN] Step 295 | Loss=0.596947 | Best makespan in group=359.00
[TRAIN] Step 296/350 | 02:49:28
[TRAIN] Step 296 | Loss=0.616601 | Best makespan in group=323.00
[TRAIN] Step 297/350 | 02:49:59
[TRAIN] Step 297 | Loss=0.678685 | Best makespan in group=365.00
[TRAIN] Step 298/350 | 02:50:34
[TRAIN] Step 298 | Loss=0.692943 | Best makespan in group=365.00
[TRAIN] Step 299/350 | 02:51:07
[TRAIN] Step 299 | Loss=0.691351 | Best makespan in group=331.00
[TRAIN] Step 300/350 | 02:51:39
[TRAIN] Step 300 | Loss=0.817250 | Best makespan in group=360.00
[TRAIN][VAL][ep 300] avg_gap=0.1569 | std_gap=0.0717 | q80_gap=0.2131 | n=20
[TRAIN] Step 301/350 | 02:52:41
[TRAIN] Step 301 | Loss=0.766408 | Best makespan in group=393.00
[TRAIN] Step 302/350 | 02:53:14
[TRAIN] Step 302 | Loss=0.598588 | Best makespan in group=390.00
[TRAIN] Step 303/350 | 02:53:43
[TRAIN] Step 303 | Loss=0.675108 | Best makespan in group=385.00
[TRAIN] Step 304/350 | 02:54:21
[TRAIN] Step 304 | Loss=0.735255 | Best makespan in group=420.00
[TRAIN] Step 305/350 | 02:54:53
[TRAIN] Step 305 | Loss=0.591094 | Best makespan in group=494.00
[TRAIN] Step 306/350 | 02:55:24
[TRAIN] Step 306 | Loss=0.652177 | Best makespan in group=344.00
[TRAIN] Step 307/350 | 02:56:01
[TRAIN] Step 307 | Loss=0.731886 | Best makespan in group=331.00
[TRAIN] Step 308/350 | 02:56:36
[TRAIN] Step 308 | Loss=0.812473 | Best makespan in group=381.00
[TRAIN] Step 309/350 | 02:57:06
[TRAIN] Step 309 | Loss=0.661690 | Best makespan in group=338.00
[TRAIN] Step 310/350 | 02:57:41
[TRAIN] Step 310 | Loss=0.789791 | Best makespan in group=359.00
[TRAIN] Step 311/350 | 02:58:14
[TRAIN] Step 311 | Loss=0.493817 | Best makespan in group=366.00
[TRAIN] Step 312/350 | 02:58:42
[TRAIN] Step 312 | Loss=0.595217 | Best makespan in group=325.00
[TRAIN] Step 313/350 | 02:59:19
[TRAIN] Step 313 | Loss=0.818190 | Best makespan in group=361.00
[TRAIN] Step 314/350 | 02:59:50
[TRAIN] Step 314 | Loss=0.678064 | Best makespan in group=371.00
[TRAIN] Step 315/350 | 03:00:20
[TRAIN] Step 315 | Loss=0.596191 | Best makespan in group=412.00
[TRAIN] Step 316/350 | 03:00:50
[TRAIN] Step 316 | Loss=0.619620 | Best makespan in group=406.00
[TRAIN] Step 317/350 | 03:01:23
[TRAIN] Step 317 | Loss=0.715009 | Best makespan in group=345.00
[TRAIN] Step 318/350 | 03:01:58
[TRAIN] Step 318 | Loss=0.659739 | Best makespan in group=309.00
[TRAIN] Step 319/350 | 03:02:30
[TRAIN] Step 319 | Loss=0.812488 | Best makespan in group=360.00
[TRAIN] Step 320/350 | 03:03:05
[TRAIN] Step 320 | Loss=0.624212 | Best makespan in group=354.00
[TRAIN] Step 321/350 | 03:03:37
[TRAIN] Step 321 | Loss=0.691024 | Best makespan in group=383.00
[TRAIN] Step 322/350 | 03:04:11
[TRAIN] Step 322 | Loss=0.562500 | Best makespan in group=309.00
[TRAIN] Step 323/350 | 03:04:41
[TRAIN] Step 323 | Loss=0.667737 | Best makespan in group=331.00
[TRAIN] Step 324/350 | 03:05:13
[TRAIN] Step 324 | Loss=0.688171 | Best makespan in group=354.00
[TRAIN] Step 325/350 | 03:05:49
[TRAIN] Step 325 | Loss=0.754390 | Best makespan in group=376.00
[TRAIN][VAL][ep 325] avg_gap=0.1261 | std_gap=0.0641 | q80_gap=0.1812 | n=20
[TRAIN] Validation improved | smoothed_avg_gap=0.1471 (raw=0.1261) | saving candidate: 353679720639032.pth
[TRAIN] Step 326/350 | 03:06:51
[TRAIN] Step 326 | Loss=0.624436 | Best makespan in group=385.00
[TRAIN] Step 327/350 | 03:07:28
[TRAIN] Step 327 | Loss=0.777450 | Best makespan in group=340.00
[TRAIN] Step 328/350 | 03:08:03
[TRAIN] Step 328 | Loss=0.766420 | Best makespan in group=360.00
[TRAIN] Step 329/350 | 03:08:36
[TRAIN] Step 329 | Loss=0.741902 | Best makespan in group=359.00
[TRAIN] Step 330/350 | 03:09:09
[TRAIN] Step 330 | Loss=0.665292 | Best makespan in group=312.00
[TRAIN] Step 331/350 | 03:09:46
[TRAIN] Step 331 | Loss=0.902656 | Best makespan in group=367.00
[TRAIN] Step 332/350 | 03:10:14
[TRAIN] Step 332 | Loss=0.743081 | Best makespan in group=296.00
[TRAIN] Step 333/350 | 03:10:45
[TRAIN] Step 333 | Loss=0.647875 | Best makespan in group=420.00
[TRAIN] Step 334/350 | 03:11:17
[TRAIN] Step 334 | Loss=0.768822 | Best makespan in group=319.00
[TRAIN] Step 335/350 | 03:11:47
[TRAIN] Step 335 | Loss=0.863910 | Best makespan in group=485.00
[TRAIN] Step 336/350 | 03:12:18
[TRAIN] Step 336 | Loss=0.713816 | Best makespan in group=412.00
[TRAIN] Step 337/350 | 03:12:49
[TRAIN] Step 337 | Loss=0.636794 | Best makespan in group=247.00
[TRAIN] Step 338/350 | 03:13:19
[TRAIN] Step 338 | Loss=0.702363 | Best makespan in group=365.00
[TRAIN] Step 339/350 | 03:13:52
[TRAIN] Step 339 | Loss=0.742685 | Best makespan in group=403.00
[TRAIN] Step 340/350 | 03:14:24
[TRAIN] Step 340 | Loss=0.703471 | Best makespan in group=336.00
[TRAIN] Step 341/350 | 03:14:59
[TRAIN] Step 341 | Loss=0.723660 | Best makespan in group=483.00
[TRAIN] Step 342/350 | 03:15:29
[TRAIN] Step 342 | Loss=0.704487 | Best makespan in group=321.00
[TRAIN] Step 343/350 | 03:16:05
[TRAIN] Step 343 | Loss=0.674558 | Best makespan in group=391.00
[TRAIN] Step 344/350 | 03:16:34
[TRAIN] Step 344 | Loss=0.599668 | Best makespan in group=356.00
[TRAIN] Step 345/350 | 03:17:10
[TRAIN] Step 345 | Loss=0.546349 | Best makespan in group=327.00
[TRAIN] Step 346/350 | 03:17:42
[TRAIN] Step 346 | Loss=0.764738 | Best makespan in group=367.00
[TRAIN] Step 347/350 | 03:18:15
[TRAIN] Step 347 | Loss=0.601912 | Best makespan in group=370.00
[TRAIN] Step 348/350 | 03:18:50
[TRAIN] Step 348 | Loss=0.744354 | Best makespan in group=347.00
[TRAIN] Step 349/350 | 03:19:27
[TRAIN] Step 349 | Loss=0.624080 | Best makespan in group=362.00
[TRAIN] Step 350/350 | 03:19:58
[TRAIN] Step 350 | Loss=0.553781 | Best makespan in group=389.00
[TRAIN][VAL][ep 350] avg_gap=0.1606 | std_gap=0.1044 | q80_gap=0.2495 | n=20
[TRAIN] Evaluating best checkpoint (candidate_models/353679720639032.pth) on the held-out test split...
[TRAIN][TEST] avg_gap=0.1256 | std_gap=0.0969 | q80_gap=0.2255 | n=20
[TRAIN][03:21:31] Training ended. Validation history and plots updated.
