D:\Dissertação\dissertation-bopo_introduction\venv\Lib\site-packages\torch\jit\_script.py:1485: FutureWarning: `torch.jit.script` is not supported in Python 3.14+ and may break. Please switch to `torch.compile` or `torch.export`.
  warnings.warn(
============================================================
[TRAIN] Training started at: 2026-09-28 10:50:07
[TRAIN] Hyperparams | max_steps=350 | new_freq=200
[TRAIN]             | n_cases=30 | B=32 | K=10 | use_greedy=True | lr=0.0047 (decaying to 9.40e-04)
[TRAIN]             | warm_start_steps=200 | checkpoint_smooth_window=3 | seed=42
[TRAIN]             | hidden_channels=128 | num_layers=3 | heads=3
[TRAIN]             | logp_norm=mean | exclude_greedy_from_loss=True
[TRAIN] Representation | ojmb_edge | GNN | gin | jm_design | edges
[TRAIN] Device | cuda:0 (NVIDIA GeForce GTX 1650 Ti)
[TRAIN] Problem size | jobs=[8,10] | machines=[5,10] | ops_per_job=[5,6] | max_proc=100
============================================================
[TRAIN] Output run folder: results\batching_gin_L3_ojmb_edge_s42
[TRAIN] Validation config | every=25 steps | instances=20 (representative subset)
[TRAIN][TEACHER] validation avg_gap=0.5023 | q80_gap=0.6593 || test avg_gap=0.4129 | q80_gap=0.6096
[TRAIN] Warm-start (behavior cloning vs. dispatch heuristic) | 200 step(s)...
[TRAIN][WARMSTART] step 10/200 | instance=2 | bc_loss=1.3825 | decisions=46
[TRAIN][WARMSTART] step 20/200 | instance=4 | bc_loss=0.9084 | decisions=49
[TRAIN][WARMSTART] step 30/200 | instance=9 | bc_loss=0.7308 | decisions=41
[TRAIN][WARMSTART] step 40/200 | instance=24 | bc_loss=1.0734 | decisions=50
[TRAIN][WARMSTART] step 50/200 | instance=18 | bc_loss=0.8984 | decisions=46
[TRAIN][WARMSTART] step 60/200 | instance=27 | bc_loss=0.3793 | decisions=44
[TRAIN][WARMSTART] step 70/200 | instance=26 | bc_loss=0.4193 | decisions=40
[TRAIN][WARMSTART] step 80/200 | instance=10 | bc_loss=0.5278 | decisions=41
[TRAIN][WARMSTART] step 90/200 | instance=2 | bc_loss=0.7164 | decisions=46
[TRAIN][WARMSTART] step 100/200 | instance=10 | bc_loss=0.5777 | decisions=41
[TRAIN][WARMSTART] step 110/200 | instance=19 | bc_loss=0.4460 | decisions=42
[TRAIN][WARMSTART] step 120/200 | instance=1 | bc_loss=0.2096 | decisions=44
[TRAIN][WARMSTART] step 130/200 | instance=1 | bc_loss=0.2689 | decisions=44
[TRAIN][WARMSTART] step 140/200 | instance=8 | bc_loss=0.3539 | decisions=35
[TRAIN][WARMSTART] step 150/200 | instance=1 | bc_loss=0.2061 | decisions=44
[TRAIN][WARMSTART] step 160/200 | instance=0 | bc_loss=0.4441 | decisions=47
[TRAIN][WARMSTART] step 170/200 | instance=4 | bc_loss=0.4921 | decisions=49
[TRAIN][WARMSTART] step 180/200 | instance=16 | bc_loss=0.4449 | decisions=53
[TRAIN][WARMSTART] step 190/200 | instance=27 | bc_loss=0.5202 | decisions=44
[TRAIN][WARMSTART] step 200/200 | instance=23 | bc_loss=0.3504 | decisions=43
[TRAIN] Warm-start complete, switching to BOPO preference optimization.
------------------------------------------------------------
[TRAIN] BOPO agent ready. Starting training loop for 350 step(s)...
------------------------------------------------------------
[TRAIN] Step 1/350 | 10:58:11
[TRAIN] Step 1 | Loss=0.770395 | Best makespan in group=288.00
[TRAIN] Step 2/350 | 10:58:26
[TRAIN] Step 2 | Loss=0.709185 | Best makespan in group=434.00
[TRAIN] Step 3/350 | 10:58:40
[TRAIN] Step 3 | Loss=0.669544 | Best makespan in group=401.00
[TRAIN] Step 4/350 | 10:58:55
[TRAIN] Step 4 | Loss=0.666354 | Best makespan in group=436.00
[TRAIN] Step 5/350 | 10:59:11
[TRAIN] Step 5 | Loss=0.803376 | Best makespan in group=426.00
[TRAIN] Step 6/350 | 10:59:29
[TRAIN] Step 6 | Loss=0.644694 | Best makespan in group=414.00
[TRAIN] Step 7/350 | 10:59:45
[TRAIN] Step 7 | Loss=0.939583 | Best makespan in group=454.00
[TRAIN] Step 8/350 | 11:00:00
[TRAIN] Step 8 | Loss=0.721344 | Best makespan in group=547.00
[TRAIN] Step 9/350 | 11:00:19
[TRAIN] Step 9 | Loss=0.724052 | Best makespan in group=473.00
[TRAIN] Step 10/350 | 11:00:35
[TRAIN] Step 10 | Loss=0.693781 | Best makespan in group=434.00
[TRAIN] Step 11/350 | 11:00:56
[TRAIN] Step 11 | Loss=0.809669 | Best makespan in group=367.00
[TRAIN] Step 12/350 | 11:01:15
[TRAIN] Step 12 | Loss=0.619768 | Best makespan in group=333.00
[TRAIN] Step 13/350 | 11:01:34
[TRAIN] Step 13 | Loss=0.689761 | Best makespan in group=285.00
[TRAIN] Step 14/350 | 11:01:50
[TRAIN] Step 14 | Loss=0.604021 | Best makespan in group=359.00
[TRAIN] Step 15/350 | 11:02:09
[TRAIN] Step 15 | Loss=0.658960 | Best makespan in group=295.00
[TRAIN] Step 16/350 | 11:02:26
[TRAIN] Step 16 | Loss=0.845678 | Best makespan in group=447.00
[TRAIN] Step 17/350 | 11:02:43
[TRAIN] Step 17 | Loss=0.722065 | Best makespan in group=421.00
[TRAIN] Step 18/350 | 11:03:00
[TRAIN] Step 18 | Loss=0.710615 | Best makespan in group=321.00
[TRAIN] Step 19/350 | 11:03:17
[TRAIN] Step 19 | Loss=0.815313 | Best makespan in group=355.00
[TRAIN] Step 20/350 | 11:03:33
[TRAIN] Step 20 | Loss=0.827716 | Best makespan in group=316.00
[TRAIN] Step 21/350 | 11:03:50
[TRAIN] Step 21 | Loss=0.738629 | Best makespan in group=388.00
[TRAIN] Step 22/350 | 11:04:06
[TRAIN] Step 22 | Loss=0.613023 | Best makespan in group=323.00
[TRAIN] Step 23/350 | 11:04:22
[TRAIN] Step 23 | Loss=0.710810 | Best makespan in group=302.00
[TRAIN] Step 24/350 | 11:04:36
[TRAIN] Step 24 | Loss=0.760982 | Best makespan in group=398.00
[TRAIN] Step 25/350 | 11:04:57
[TRAIN] Step 25 | Loss=0.642859 | Best makespan in group=398.00
[TRAIN][VAL][ep 25] avg_gap=0.2582 | std_gap=0.1247 | q80_gap=0.3336 | n=20
[TRAIN] Validation improved | smoothed_avg_gap=0.2582 (raw=0.2582) | saving candidate: 30643833680782.pth
[TRAIN] Step 26/350 | 11:05:38
[TRAIN] Step 26 | Loss=0.754733 | Best makespan in group=333.00
[TRAIN] Step 27/350 | 11:05:53
[TRAIN] Step 27 | Loss=0.664201 | Best makespan in group=431.00
[TRAIN] Step 28/350 | 11:06:12
[TRAIN] Step 28 | Loss=0.891762 | Best makespan in group=415.00
[TRAIN] Step 29/350 | 11:06:29
[TRAIN] Step 29 | Loss=0.967154 | Best makespan in group=389.00
[TRAIN] Step 30/350 | 11:06:46
[TRAIN] Step 30 | Loss=0.625515 | Best makespan in group=340.00
[TRAIN] Step 31/350 | 11:07:00
[TRAIN] Step 31 | Loss=0.721268 | Best makespan in group=358.00
[TRAIN] Step 32/350 | 11:07:18
[TRAIN] Step 32 | Loss=0.888757 | Best makespan in group=441.00
[TRAIN] Step 33/350 | 11:07:35
[TRAIN] Step 33 | Loss=0.695682 | Best makespan in group=388.00
[TRAIN] Step 34/350 | 11:07:50
[TRAIN] Step 34 | Loss=0.625720 | Best makespan in group=496.00
[TRAIN] Step 35/350 | 11:08:07
[TRAIN] Step 35 | Loss=0.685498 | Best makespan in group=309.00
[TRAIN] Step 36/350 | 11:08:23
[TRAIN] Step 36 | Loss=0.770559 | Best makespan in group=323.00
[TRAIN] Step 37/350 | 11:08:39
[TRAIN] Step 37 | Loss=0.760448 | Best makespan in group=379.00
[TRAIN] Step 38/350 | 11:08:55
[TRAIN] Step 38 | Loss=0.850862 | Best makespan in group=322.00
[TRAIN] Step 39/350 | 11:09:09
[TRAIN] Step 39 | Loss=0.714519 | Best makespan in group=407.00
[TRAIN] Step 40/350 | 11:09:24
[TRAIN] Step 40 | Loss=0.813275 | Best makespan in group=385.00
[TRAIN] Step 41/350 | 11:09:41
[TRAIN] Step 41 | Loss=0.668883 | Best makespan in group=385.00
[TRAIN] Step 42/350 | 11:09:56
[TRAIN] Step 42 | Loss=0.609426 | Best makespan in group=328.00
[TRAIN] Step 43/350 | 11:10:10
[TRAIN] Step 43 | Loss=0.704292 | Best makespan in group=311.00
[TRAIN] Step 44/350 | 11:10:25
[TRAIN] Step 44 | Loss=0.665285 | Best makespan in group=320.00
[TRAIN] Step 45/350 | 11:10:44
[TRAIN] Step 45 | Loss=0.746535 | Best makespan in group=396.00
[TRAIN] Step 46/350 | 11:11:01
[TRAIN] Step 46 | Loss=0.652139 | Best makespan in group=404.00
[TRAIN] Step 47/350 | 11:11:19
[TRAIN] Step 47 | Loss=0.578445 | Best makespan in group=424.00
[TRAIN] Step 48/350 | 11:11:33
[TRAIN] Step 48 | Loss=0.613968 | Best makespan in group=287.00
[TRAIN] Step 49/350 | 11:11:47
[TRAIN] Step 49 | Loss=0.679476 | Best makespan in group=443.00
[TRAIN] Step 50/350 | 11:12:02
[TRAIN] Step 50 | Loss=0.651802 | Best makespan in group=398.00
[TRAIN][VAL][ep 50] avg_gap=0.1992 | std_gap=0.0986 | q80_gap=0.2812 | n=20
[TRAIN] Validation improved | smoothed_avg_gap=0.2287 (raw=0.1992) | saving candidate: 386619134865512.pth
[TRAIN] Step 51/350 | 11:12:44
[TRAIN] Step 51 | Loss=0.749347 | Best makespan in group=330.00
[TRAIN] Step 52/350 | 11:13:01
[TRAIN] Step 52 | Loss=0.630087 | Best makespan in group=256.00
[TRAIN] Step 53/350 | 11:13:16
[TRAIN] Step 53 | Loss=0.606495 | Best makespan in group=350.00
[TRAIN] Step 54/350 | 11:13:32
[TRAIN] Step 54 | Loss=0.604381 | Best makespan in group=380.00
[TRAIN] Step 55/350 | 11:13:49
[TRAIN] Step 55 | Loss=0.671727 | Best makespan in group=400.00
[TRAIN] Step 56/350 | 11:14:02
[TRAIN] Step 56 | Loss=0.804884 | Best makespan in group=298.00
[TRAIN] Step 57/350 | 11:14:19
[TRAIN] Step 57 | Loss=0.647131 | Best makespan in group=379.00
[TRAIN] Step 58/350 | 11:14:39
[TRAIN] Step 58 | Loss=0.694277 | Best makespan in group=375.00
[TRAIN] Step 59/350 | 11:14:55
[TRAIN] Step 59 | Loss=0.682770 | Best makespan in group=363.00
[TRAIN] Step 60/350 | 11:15:10
[TRAIN] Step 60 | Loss=0.606664 | Best makespan in group=484.00
[TRAIN] Step 61/350 | 11:15:26
[TRAIN] Step 61 | Loss=0.679939 | Best makespan in group=496.00
[TRAIN] Step 62/350 | 11:15:45
[TRAIN] Step 62 | Loss=0.711164 | Best makespan in group=420.00
[TRAIN] Step 63/350 | 11:16:04
[TRAIN] Step 63 | Loss=0.661006 | Best makespan in group=335.00
[TRAIN] Step 64/350 | 11:16:19
[TRAIN] Step 64 | Loss=0.706662 | Best makespan in group=379.00
[TRAIN] Step 65/350 | 11:16:40
[TRAIN] Step 65 | Loss=0.670466 | Best makespan in group=257.00
[TRAIN] Step 66/350 | 11:16:55
[TRAIN] Step 66 | Loss=0.721036 | Best makespan in group=357.00
[TRAIN] Step 67/350 | 11:17:14
[TRAIN] Step 67 | Loss=0.616507 | Best makespan in group=413.00
[TRAIN] Step 68/350 | 11:17:31
[TRAIN] Step 68 | Loss=0.640668 | Best makespan in group=290.00
[TRAIN] Step 69/350 | 11:17:47
[TRAIN] Step 69 | Loss=0.666267 | Best makespan in group=440.00
[TRAIN] Step 70/350 | 11:18:04
[TRAIN] Step 70 | Loss=0.613390 | Best makespan in group=318.00
[TRAIN] Step 71/350 | 11:18:20
[TRAIN] Step 71 | Loss=0.647490 | Best makespan in group=366.00
[TRAIN] Step 72/350 | 11:18:33
[TRAIN] Step 72 | Loss=0.686961 | Best makespan in group=471.00
[TRAIN] Step 73/350 | 11:18:48
[TRAIN] Step 73 | Loss=0.809226 | Best makespan in group=306.00
[TRAIN] Step 74/350 | 11:19:04
[TRAIN] Step 74 | Loss=0.640467 | Best makespan in group=373.00
[TRAIN] Step 75/350 | 11:19:20
[TRAIN] Step 75 | Loss=0.562148 | Best makespan in group=421.00
[TRAIN][VAL][ep 75] avg_gap=0.2839 | std_gap=0.1662 | q80_gap=0.4259 | n=20
[TRAIN] Step 76/350 | 11:20:02
[TRAIN] Step 76 | Loss=0.787635 | Best makespan in group=450.00
[TRAIN] Step 77/350 | 11:20:17
[TRAIN] Step 77 | Loss=0.759546 | Best makespan in group=385.00
[TRAIN] Step 78/350 | 11:20:34
[TRAIN] Step 78 | Loss=0.585633 | Best makespan in group=402.00
[TRAIN] Step 79/350 | 11:20:48
[TRAIN] Step 79 | Loss=0.674538 | Best makespan in group=400.00
[TRAIN] Step 80/350 | 11:21:03
[TRAIN] Step 80 | Loss=0.659415 | Best makespan in group=286.00
[TRAIN] Step 81/350 | 11:21:18
[TRAIN] Step 81 | Loss=0.624251 | Best makespan in group=329.00
[TRAIN] Step 82/350 | 11:21:32
[TRAIN] Step 82 | Loss=0.680562 | Best makespan in group=310.00
[TRAIN] Step 83/350 | 11:21:47
[TRAIN] Step 83 | Loss=0.647558 | Best makespan in group=332.00
[TRAIN] Step 84/350 | 11:22:04
[TRAIN] Step 84 | Loss=0.706343 | Best makespan in group=430.00
[TRAIN] Step 85/350 | 11:22:22
[TRAIN] Step 85 | Loss=0.623631 | Best makespan in group=377.00
[TRAIN] Step 86/350 | 11:22:37
[TRAIN] Step 86 | Loss=0.751396 | Best makespan in group=317.00
[TRAIN] Step 87/350 | 11:22:54
[TRAIN] Step 87 | Loss=0.667056 | Best makespan in group=383.00
[TRAIN] Step 88/350 | 11:23:10
[TRAIN] Step 88 | Loss=0.630499 | Best makespan in group=353.00
[TRAIN] Step 89/350 | 11:23:27
[TRAIN] Step 89 | Loss=0.757414 | Best makespan in group=390.00
[TRAIN] Step 90/350 | 11:23:45
[TRAIN] Step 90 | Loss=0.812949 | Best makespan in group=375.00
[TRAIN] Step 91/350 | 11:23:59
[TRAIN] Step 91 | Loss=0.625796 | Best makespan in group=326.00
[TRAIN] Step 92/350 | 11:24:14
[TRAIN] Step 92 | Loss=0.657364 | Best makespan in group=303.00
[TRAIN] Step 93/350 | 11:24:30
[TRAIN] Step 93 | Loss=0.687941 | Best makespan in group=447.00
[TRAIN] Step 94/350 | 11:24:47
[TRAIN] Step 94 | Loss=0.707106 | Best makespan in group=383.00
[TRAIN] Step 95/350 | 11:25:03
[TRAIN] Step 95 | Loss=0.745462 | Best makespan in group=403.00
[TRAIN] Step 96/350 | 11:25:15
[TRAIN] Step 96 | Loss=0.659290 | Best makespan in group=313.00
[TRAIN] Step 97/350 | 11:25:31
[TRAIN] Step 97 | Loss=0.675572 | Best makespan in group=430.00
[TRAIN] Step 98/350 | 11:25:49
[TRAIN] Step 98 | Loss=0.793273 | Best makespan in group=369.00
[TRAIN] Step 99/350 | 11:26:08
[TRAIN] Step 99 | Loss=0.746976 | Best makespan in group=365.00
[TRAIN] Step 100/350 | 11:26:23
[TRAIN] Step 100 | Loss=0.729348 | Best makespan in group=387.00
[TRAIN][VAL][ep 100] avg_gap=0.2310 | std_gap=0.1210 | q80_gap=0.3705 | n=20
[TRAIN] Step 101/350 | 11:27:02
[TRAIN] Step 101 | Loss=0.644320 | Best makespan in group=322.00
[TRAIN] Step 102/350 | 11:27:16
[TRAIN] Step 102 | Loss=0.618786 | Best makespan in group=380.00
[TRAIN] Step 103/350 | 11:27:36
[TRAIN] Step 103 | Loss=0.723157 | Best makespan in group=462.00
[TRAIN] Step 104/350 | 11:27:52
[TRAIN] Step 104 | Loss=0.717821 | Best makespan in group=325.00
[TRAIN] Step 105/350 | 11:28:12
[TRAIN] Step 105 | Loss=0.707305 | Best makespan in group=289.00
[TRAIN] Step 106/350 | 11:28:26
[TRAIN] Step 106 | Loss=0.672209 | Best makespan in group=400.00
[TRAIN] Step 107/350 | 11:28:46
[TRAIN] Step 107 | Loss=0.602450 | Best makespan in group=377.00
[TRAIN] Step 108/350 | 11:29:03
[TRAIN] Step 108 | Loss=0.673019 | Best makespan in group=352.00
[TRAIN] Step 109/350 | 11:29:19
[TRAIN] Step 109 | Loss=0.648231 | Best makespan in group=409.00
[TRAIN] Step 110/350 | 11:29:36
[TRAIN] Step 110 | Loss=0.670917 | Best makespan in group=371.00
[TRAIN] Step 111/350 | 11:29:55
[TRAIN] Step 111 | Loss=0.714290 | Best makespan in group=359.00
[TRAIN] Step 112/350 | 11:30:10
[TRAIN] Step 112 | Loss=0.813170 | Best makespan in group=309.00
[TRAIN] Step 113/350 | 11:30:27
[TRAIN] Step 113 | Loss=0.652987 | Best makespan in group=402.00
[TRAIN] Step 114/350 | 11:30:42
[TRAIN] Step 114 | Loss=0.549528 | Best makespan in group=254.00
[TRAIN] Step 115/350 | 11:30:57
[TRAIN] Step 115 | Loss=0.891028 | Best makespan in group=359.00
[TRAIN] Step 116/350 | 11:31:14
[TRAIN] Step 116 | Loss=0.751395 | Best makespan in group=294.00
[TRAIN] Step 117/350 | 11:31:30
[TRAIN] Step 117 | Loss=0.650564 | Best makespan in group=457.00
[TRAIN] Step 118/350 | 11:31:48
[TRAIN] Step 118 | Loss=0.715501 | Best makespan in group=393.00
[TRAIN] Step 119/350 | 11:32:02
[TRAIN] Step 119 | Loss=0.662718 | Best makespan in group=307.00
[TRAIN] Step 120/350 | 11:32:18
[TRAIN] Step 120 | Loss=0.747534 | Best makespan in group=354.00
[TRAIN] Step 121/350 | 11:32:33
[TRAIN] Step 121 | Loss=0.617741 | Best makespan in group=402.00
[TRAIN] Step 122/350 | 11:32:45
[TRAIN] Step 122 | Loss=0.647153 | Best makespan in group=314.00
[TRAIN] Step 123/350 | 11:32:58
[TRAIN] Step 123 | Loss=0.623892 | Best makespan in group=303.00
[TRAIN] Step 124/350 | 11:33:15
[TRAIN] Step 124 | Loss=0.762669 | Best makespan in group=301.00
[TRAIN] Step 125/350 | 11:33:30
[TRAIN] Step 125 | Loss=0.624974 | Best makespan in group=365.00
[TRAIN][VAL][ep 125] avg_gap=0.1780 | std_gap=0.1065 | q80_gap=0.2060 | n=20
[TRAIN] Step 126/350 | 11:34:12
[TRAIN] Step 126 | Loss=0.676467 | Best makespan in group=367.00
[TRAIN] Step 127/350 | 11:34:30
[TRAIN] Step 127 | Loss=0.676233 | Best makespan in group=383.00
[TRAIN] Step 128/350 | 11:34:46
[TRAIN] Step 128 | Loss=0.806178 | Best makespan in group=385.00
[TRAIN] Step 129/350 | 11:35:02
[TRAIN] Step 129 | Loss=0.808243 | Best makespan in group=372.00
[TRAIN] Step 130/350 | 11:35:19
[TRAIN] Step 130 | Loss=0.699653 | Best makespan in group=326.00
[TRAIN] Step 131/350 | 11:35:39
[TRAIN] Step 131 | Loss=0.669482 | Best makespan in group=453.00
[TRAIN] Step 132/350 | 11:35:54
[TRAIN] Step 132 | Loss=0.673065 | Best makespan in group=445.00
[TRAIN] Step 133/350 | 11:36:10
[TRAIN] Step 133 | Loss=0.627546 | Best makespan in group=360.00
[TRAIN] Step 134/350 | 11:36:26
[TRAIN] Step 134 | Loss=0.704231 | Best makespan in group=390.00
[TRAIN] Step 135/350 | 11:36:44
[TRAIN] Step 135 | Loss=0.653965 | Best makespan in group=394.00
[TRAIN] Step 136/350 | 11:36:59
[TRAIN] Step 136 | Loss=0.609782 | Best makespan in group=447.00
[TRAIN] Step 137/350 | 11:37:18
[TRAIN] Step 137 | Loss=0.655251 | Best makespan in group=292.00
[TRAIN] Step 138/350 | 11:37:34
[TRAIN] Step 138 | Loss=0.707155 | Best makespan in group=351.00
[TRAIN] Step 139/350 | 11:37:48
[TRAIN] Step 139 | Loss=0.768051 | Best makespan in group=399.00
[TRAIN] Step 140/350 | 11:38:03
[TRAIN] Step 140 | Loss=0.658562 | Best makespan in group=316.00
[TRAIN] Step 141/350 | 11:38:19
[TRAIN] Step 141 | Loss=0.589479 | Best makespan in group=322.00
[TRAIN] Step 142/350 | 11:38:33
[TRAIN] Step 142 | Loss=0.668182 | Best makespan in group=345.00
[TRAIN] Step 143/350 | 11:38:49
[TRAIN] Step 143 | Loss=0.685474 | Best makespan in group=374.00
[TRAIN] Step 144/350 | 11:39:09
[TRAIN] Step 144 | Loss=0.780299 | Best makespan in group=365.00
[TRAIN] Step 145/350 | 11:39:24
[TRAIN] Step 145 | Loss=0.751725 | Best makespan in group=430.00
[TRAIN] Step 146/350 | 11:39:42
[TRAIN] Step 146 | Loss=0.641925 | Best makespan in group=368.00
[TRAIN] Step 147/350 | 11:40:00
[TRAIN] Step 147 | Loss=0.734031 | Best makespan in group=286.00
[TRAIN] Step 148/350 | 11:40:14
[TRAIN] Step 148 | Loss=0.680630 | Best makespan in group=305.00
[TRAIN] Step 149/350 | 11:40:29
[TRAIN] Step 149 | Loss=0.814617 | Best makespan in group=259.00
[TRAIN] Step 150/350 | 11:40:44
[TRAIN] Step 150 | Loss=0.686147 | Best makespan in group=366.00
[TRAIN][VAL][ep 150] avg_gap=0.1776 | std_gap=0.0912 | q80_gap=0.2353 | n=20
[TRAIN] Validation improved | smoothed_avg_gap=0.1955 (raw=0.1776) | saving candidate: 831654972710076.pth
[TRAIN] Step 151/350 | 11:41:26
[TRAIN] Step 151 | Loss=0.624487 | Best makespan in group=329.00
[TRAIN] Step 152/350 | 11:41:45
[TRAIN] Step 152 | Loss=0.666616 | Best makespan in group=397.00
[TRAIN] Step 153/350 | 11:41:58
[TRAIN] Step 153 | Loss=0.647067 | Best makespan in group=396.00
[TRAIN] Step 154/350 | 11:42:17
[TRAIN] Step 154 | Loss=0.808421 | Best makespan in group=326.00
[TRAIN] Step 155/350 | 11:42:33
[TRAIN] Step 155 | Loss=0.650517 | Best makespan in group=359.00
[TRAIN] Step 156/350 | 11:42:48
[TRAIN] Step 156 | Loss=0.703350 | Best makespan in group=382.00
[TRAIN] Step 157/350 | 11:43:04
[TRAIN] Step 157 | Loss=0.590411 | Best makespan in group=361.00
[TRAIN] Step 158/350 | 11:43:21
[TRAIN] Step 158 | Loss=0.678994 | Best makespan in group=438.00
[TRAIN] Step 159/350 | 11:43:38
[TRAIN] Step 159 | Loss=0.646690 | Best makespan in group=357.00
[TRAIN] Step 160/350 | 11:43:53
[TRAIN] Step 160 | Loss=0.622914 | Best makespan in group=256.00
[TRAIN] Step 161/350 | 11:44:08
[TRAIN] Step 161 | Loss=0.670165 | Best makespan in group=406.00
[TRAIN] Step 162/350 | 11:44:24
[TRAIN] Step 162 | Loss=0.671181 | Best makespan in group=307.00
[TRAIN] Step 163/350 | 11:44:41
[TRAIN] Step 163 | Loss=0.715572 | Best makespan in group=301.00
[TRAIN] Step 164/350 | 11:44:55
[TRAIN] Step 164 | Loss=0.834192 | Best makespan in group=352.00
[TRAIN] Step 165/350 | 11:45:15
[TRAIN] Step 165 | Loss=0.606467 | Best makespan in group=302.00
[TRAIN] Step 166/350 | 11:45:31
[TRAIN] Step 166 | Loss=0.636870 | Best makespan in group=283.00
[TRAIN] Step 167/350 | 11:45:46
[TRAIN] Step 167 | Loss=0.692549 | Best makespan in group=292.00
[TRAIN] Step 168/350 | 11:46:02
[TRAIN] Step 168 | Loss=0.582088 | Best makespan in group=376.00
[TRAIN] Step 169/350 | 11:46:19
[TRAIN] Step 169 | Loss=0.756634 | Best makespan in group=378.00
[TRAIN] Step 170/350 | 11:46:40
[TRAIN] Step 170 | Loss=0.620916 | Best makespan in group=361.00
[TRAIN] Step 171/350 | 11:46:59
[TRAIN] Step 171 | Loss=0.705689 | Best makespan in group=307.00
[TRAIN] Step 172/350 | 11:47:14
[TRAIN] Step 172 | Loss=0.704061 | Best makespan in group=369.00
[TRAIN] Step 173/350 | 11:47:31
[TRAIN] Step 173 | Loss=0.714891 | Best makespan in group=430.00
[TRAIN] Step 174/350 | 11:47:49
[TRAIN] Step 174 | Loss=0.749244 | Best makespan in group=397.00
[TRAIN] Step 175/350 | 11:48:04
[TRAIN] Step 175 | Loss=0.723871 | Best makespan in group=393.00
[TRAIN][VAL][ep 175] avg_gap=0.2092 | std_gap=0.1053 | q80_gap=0.2896 | n=20
[TRAIN] Validation improved | smoothed_avg_gap=0.1882 (raw=0.2092) | saving candidate: 320967735990796.pth
[TRAIN] Step 176/350 | 11:48:48
[TRAIN] Step 176 | Loss=0.571486 | Best makespan in group=476.00
[TRAIN] Step 177/350 | 11:49:08
[TRAIN] Step 177 | Loss=0.624944 | Best makespan in group=386.00
[TRAIN] Step 178/350 | 11:49:23
[TRAIN] Step 178 | Loss=0.718308 | Best makespan in group=325.00
[TRAIN] Step 179/350 | 11:49:38
[TRAIN] Step 179 | Loss=0.607683 | Best makespan in group=345.00
[TRAIN] Step 180/350 | 11:49:55
[TRAIN] Step 180 | Loss=0.652488 | Best makespan in group=473.00
[TRAIN] Step 181/350 | 11:50:10
[TRAIN] Step 181 | Loss=0.707507 | Best makespan in group=386.00
[TRAIN] Step 182/350 | 11:50:25
[TRAIN] Step 182 | Loss=0.659403 | Best makespan in group=382.00
[TRAIN] Step 183/350 | 11:50:37
[TRAIN] Step 183 | Loss=0.645604 | Best makespan in group=255.00
[TRAIN] Step 184/350 | 11:50:52
[TRAIN] Step 184 | Loss=0.621952 | Best makespan in group=385.00
[TRAIN] Step 185/350 | 11:51:07
[TRAIN] Step 185 | Loss=0.659650 | Best makespan in group=309.00
[TRAIN] Step 186/350 | 11:51:24
[TRAIN] Step 186 | Loss=0.644872 | Best makespan in group=369.00
[TRAIN] Step 187/350 | 11:51:42
[TRAIN] Step 187 | Loss=0.711534 | Best makespan in group=360.00
[TRAIN] Step 188/350 | 11:51:57
[TRAIN] Step 188 | Loss=0.629344 | Best makespan in group=430.00
[TRAIN] Step 189/350 | 11:52:15
[TRAIN] Step 189 | Loss=0.885118 | Best makespan in group=362.00
[TRAIN] Step 190/350 | 11:52:32
[TRAIN] Step 190 | Loss=0.767073 | Best makespan in group=307.00
[TRAIN] Step 191/350 | 11:52:47
[TRAIN] Step 191 | Loss=0.779343 | Best makespan in group=291.00
[TRAIN] Step 192/350 | 11:53:04
[TRAIN] Step 192 | Loss=0.703036 | Best makespan in group=323.00
[TRAIN] Step 193/350 | 11:53:22
[TRAIN] Step 193 | Loss=0.610117 | Best makespan in group=378.00
[TRAIN] Step 194/350 | 11:53:42
[TRAIN] Step 194 | Loss=0.729333 | Best makespan in group=378.00
[TRAIN] Step 195/350 | 11:53:59
[TRAIN] Step 195 | Loss=0.570219 | Best makespan in group=314.00
[TRAIN] Step 196/350 | 11:54:12
[TRAIN] Step 196 | Loss=0.705376 | Best makespan in group=398.00
[TRAIN] Step 197/350 | 11:54:30
[TRAIN] Step 197 | Loss=0.570702 | Best makespan in group=347.00
[TRAIN] Step 198/350 | 11:54:46
[TRAIN] Step 198 | Loss=0.717156 | Best makespan in group=386.00
[TRAIN] Step 199/350 | 11:55:03
[TRAIN] Step 199 | Loss=0.731530 | Best makespan in group=394.00
[TRAIN] Step 200/350 | 11:55:18
[TRAIN] Step 200 | Loss=0.734765 | Best makespan in group=321.00
[TRAIN] Refreshing training instances (step 200)...
[TRAIN][VAL][ep 200] avg_gap=0.1593 | std_gap=0.0728 | q80_gap=0.1893 | n=20
[TRAIN] Validation improved | smoothed_avg_gap=0.1820 (raw=0.1593) | saving candidate: 300660306743545.pth
[TRAIN] Step 201/350 | 11:56:00
[TRAIN] Step 201 | Loss=0.627832 | Best makespan in group=447.00
[TRAIN] Step 202/350 | 11:56:14
[TRAIN] Step 202 | Loss=0.653353 | Best makespan in group=361.00
[TRAIN] Step 203/350 | 11:56:30
[TRAIN] Step 203 | Loss=0.689399 | Best makespan in group=381.00
[TRAIN] Step 204/350 | 11:56:47
[TRAIN] Step 204 | Loss=0.635281 | Best makespan in group=377.00
[TRAIN] Step 205/350 | 11:57:04
[TRAIN] Step 205 | Loss=0.742540 | Best makespan in group=393.00
[TRAIN] Step 206/350 | 11:57:19
[TRAIN] Step 206 | Loss=0.733229 | Best makespan in group=197.00
[TRAIN] Step 207/350 | 11:57:33
[TRAIN] Step 207 | Loss=0.656242 | Best makespan in group=381.00
[TRAIN] Step 208/350 | 11:57:50
[TRAIN] Step 208 | Loss=0.656705 | Best makespan in group=386.00
[TRAIN] Step 209/350 | 11:58:05
[TRAIN] Step 209 | Loss=0.637038 | Best makespan in group=383.00
[TRAIN] Step 210/350 | 11:58:17
[TRAIN] Step 210 | Loss=0.665535 | Best makespan in group=276.00
[TRAIN] Step 211/350 | 11:58:31
[TRAIN] Step 211 | Loss=0.640080 | Best makespan in group=515.00
[TRAIN] Step 212/350 | 11:58:48
[TRAIN] Step 212 | Loss=0.654752 | Best makespan in group=340.00
[TRAIN] Step 213/350 | 11:59:05
[TRAIN] Step 213 | Loss=0.718283 | Best makespan in group=347.00
[TRAIN] Step 214/350 | 11:59:23
[TRAIN] Step 214 | Loss=0.768531 | Best makespan in group=367.00
[TRAIN] Step 215/350 | 11:59:36
[TRAIN] Step 215 | Loss=0.566005 | Best makespan in group=422.00
[TRAIN] Step 216/350 | 11:59:49
[TRAIN] Step 216 | Loss=0.621681 | Best makespan in group=312.00
[TRAIN] Step 217/350 | 12:00:07
[TRAIN] Step 217 | Loss=0.738065 | Best makespan in group=438.00
[TRAIN] Step 218/350 | 12:00:26
[TRAIN] Step 218 | Loss=0.696441 | Best makespan in group=275.00
[TRAIN] Step 219/350 | 12:00:45
[TRAIN] Step 219 | Loss=0.650159 | Best makespan in group=474.00
[TRAIN] Step 220/350 | 12:00:58
[TRAIN] Step 220 | Loss=0.663617 | Best makespan in group=315.00
[TRAIN] Step 221/350 | 12:01:17
[TRAIN] Step 221 | Loss=0.582839 | Best makespan in group=525.00
[TRAIN] Step 222/350 | 12:01:33
[TRAIN] Step 222 | Loss=0.811045 | Best makespan in group=289.00
[TRAIN] Step 223/350 | 12:01:52
[TRAIN] Step 223 | Loss=0.732180 | Best makespan in group=407.00
[TRAIN] Step 224/350 | 12:02:08
[TRAIN] Step 224 | Loss=0.736176 | Best makespan in group=412.00
[TRAIN] Step 225/350 | 12:02:23
[TRAIN] Step 225 | Loss=0.734334 | Best makespan in group=414.00
[TRAIN][VAL][ep 225] avg_gap=0.1861 | std_gap=0.1134 | q80_gap=0.2719 | n=20
[TRAIN] Step 226/350 | 12:03:03
[TRAIN] Step 226 | Loss=0.867365 | Best makespan in group=444.00
[TRAIN] Step 227/350 | 12:03:17
[TRAIN] Step 227 | Loss=0.679400 | Best makespan in group=336.00
[TRAIN] Step 228/350 | 12:03:31
[TRAIN] Step 228 | Loss=0.622463 | Best makespan in group=298.00
[TRAIN] Step 229/350 | 12:03:48
[TRAIN] Step 229 | Loss=0.619123 | Best makespan in group=349.00
[TRAIN] Step 230/350 | 12:04:08
[TRAIN] Step 230 | Loss=0.649139 | Best makespan in group=340.00
[TRAIN] Step 231/350 | 12:04:23
[TRAIN] Step 231 | Loss=0.601698 | Best makespan in group=443.00
[TRAIN] Step 232/350 | 12:04:43
[TRAIN] Step 232 | Loss=0.727490 | Best makespan in group=334.00
[TRAIN] Step 233/350 | 12:04:56
[TRAIN] Step 233 | Loss=0.858182 | Best makespan in group=354.00
[TRAIN] Step 234/350 | 12:05:10
[TRAIN] Step 234 | Loss=0.629077 | Best makespan in group=388.00
[TRAIN] Step 235/350 | 12:05:24
[TRAIN] Step 235 | Loss=0.584476 | Best makespan in group=511.00
[TRAIN] Step 236/350 | 12:05:40
[TRAIN] Step 236 | Loss=0.672973 | Best makespan in group=386.00
[TRAIN] Step 237/350 | 12:05:54
[TRAIN] Step 237 | Loss=0.701005 | Best makespan in group=342.00
[TRAIN] Step 238/350 | 12:06:14
[TRAIN] Step 238 | Loss=0.600119 | Best makespan in group=422.00
[TRAIN] Step 239/350 | 12:06:29
[TRAIN] Step 239 | Loss=0.674674 | Best makespan in group=474.00
[TRAIN] Step 240/350 | 12:06:43
[TRAIN] Step 240 | Loss=0.699306 | Best makespan in group=295.00
[TRAIN] Step 241/350 | 12:07:00
[TRAIN] Step 241 | Loss=0.665357 | Best makespan in group=404.00
[TRAIN] Step 242/350 | 12:07:14
[TRAIN] Step 242 | Loss=0.694986 | Best makespan in group=417.00
[TRAIN] Step 243/350 | 12:07:30
[TRAIN] Step 243 | Loss=0.679328 | Best makespan in group=506.00
[TRAIN] Step 244/350 | 12:07:47
[TRAIN] Step 244 | Loss=0.643503 | Best makespan in group=342.00
[TRAIN] Step 245/350 | 12:08:05
[TRAIN] Step 245 | Loss=0.730123 | Best makespan in group=269.00
[TRAIN] Step 246/350 | 12:08:24
[TRAIN] Step 246 | Loss=0.617092 | Best makespan in group=276.00
[TRAIN] Step 247/350 | 12:08:40
[TRAIN] Step 247 | Loss=0.625667 | Best makespan in group=397.00
[TRAIN] Step 248/350 | 12:08:58
[TRAIN] Step 248 | Loss=0.728661 | Best makespan in group=380.00
[TRAIN] Step 249/350 | 12:09:10
[TRAIN] Step 249 | Loss=0.810041 | Best makespan in group=310.00
[TRAIN] Step 250/350 | 12:09:29
[TRAIN] Step 250 | Loss=0.709660 | Best makespan in group=197.00
[TRAIN][VAL][ep 250] avg_gap=0.1848 | std_gap=0.0995 | q80_gap=0.2785 | n=20
[TRAIN] Validation improved | smoothed_avg_gap=0.1767 (raw=0.1848) | saving candidate: 941200189550968.pth
[TRAIN] Step 251/350 | 12:10:09
[TRAIN] Step 251 | Loss=0.615040 | Best makespan in group=383.00
[TRAIN] Step 252/350 | 12:10:27
[TRAIN] Step 252 | Loss=0.788708 | Best makespan in group=298.00
[TRAIN] Step 253/350 | 12:10:45
[TRAIN] Step 253 | Loss=0.650119 | Best makespan in group=412.00
[TRAIN] Step 254/350 | 12:11:01
[TRAIN] Step 254 | Loss=0.607331 | Best makespan in group=383.00
[TRAIN] Step 255/350 | 12:11:18
[TRAIN] Step 255 | Loss=0.659045 | Best makespan in group=277.00
[TRAIN] Step 256/350 | 12:11:38
[TRAIN] Step 256 | Loss=0.778941 | Best makespan in group=335.00
[TRAIN] Step 257/350 | 12:11:55
[TRAIN] Step 257 | Loss=0.736941 | Best makespan in group=403.00
[TRAIN] Step 258/350 | 12:12:09
[TRAIN] Step 258 | Loss=0.557269 | Best makespan in group=340.00
[TRAIN] Step 259/350 | 12:12:25
[TRAIN] Step 259 | Loss=0.712743 | Best makespan in group=386.00
[TRAIN] Step 260/350 | 12:12:42
[TRAIN] Step 260 | Loss=0.687212 | Best makespan in group=362.00
[TRAIN] Step 261/350 | 12:13:00
[TRAIN] Step 261 | Loss=0.633070 | Best makespan in group=488.00
[TRAIN] Step 262/350 | 12:13:14
[TRAIN] Step 262 | Loss=0.711523 | Best makespan in group=390.00
[TRAIN] Step 263/350 | 12:13:31
[TRAIN] Step 263 | Loss=0.697904 | Best makespan in group=404.00
[TRAIN] Step 264/350 | 12:13:47
[TRAIN] Step 264 | Loss=0.686611 | Best makespan in group=274.00
[TRAIN] Step 265/350 | 12:14:06
[TRAIN] Step 265 | Loss=0.688066 | Best makespan in group=304.00
[TRAIN] Step 266/350 | 12:14:25
[TRAIN] Step 266 | Loss=0.665375 | Best makespan in group=412.00
[TRAIN] Step 267/350 | 12:14:40
[TRAIN] Step 267 | Loss=0.658889 | Best makespan in group=346.00
[TRAIN] Step 268/350 | 12:15:00
[TRAIN] Step 268 | Loss=0.695063 | Best makespan in group=515.00
[TRAIN] Step 269/350 | 12:15:17
[TRAIN] Step 269 | Loss=0.646843 | Best makespan in group=384.00
[TRAIN] Step 270/350 | 12:15:33
[TRAIN] Step 270 | Loss=0.588465 | Best makespan in group=423.00
[TRAIN] Step 271/350 | 12:15:47
[TRAIN] Step 271 | Loss=0.769476 | Best makespan in group=387.00
[TRAIN] Step 272/350 | 12:16:02
[TRAIN] Step 272 | Loss=0.753066 | Best makespan in group=446.00
[TRAIN] Step 273/350 | 12:16:20
[TRAIN] Step 273 | Loss=0.703068 | Best makespan in group=410.00
[TRAIN] Step 274/350 | 12:16:36
[TRAIN] Step 274 | Loss=0.772937 | Best makespan in group=351.00
[TRAIN] Step 275/350 | 12:16:50
[TRAIN] Step 275 | Loss=0.742587 | Best makespan in group=367.00
[TRAIN][VAL][ep 275] avg_gap=0.2269 | std_gap=0.1103 | q80_gap=0.3064 | n=20
[TRAIN] Step 276/350 | 12:17:30
[TRAIN] Step 276 | Loss=0.692193 | Best makespan in group=297.00
[TRAIN] Step 277/350 | 12:17:49
[TRAIN] Step 277 | Loss=0.567609 | Best makespan in group=332.00
[TRAIN] Step 278/350 | 12:18:06
[TRAIN] Step 278 | Loss=0.696637 | Best makespan in group=448.00
[TRAIN] Step 279/350 | 12:18:21
[TRAIN] Step 279 | Loss=0.696833 | Best makespan in group=379.00
[TRAIN] Step 280/350 | 12:18:35
[TRAIN] Step 280 | Loss=0.708825 | Best makespan in group=537.00
[TRAIN] Step 281/350 | 12:18:52
[TRAIN] Step 281 | Loss=0.591331 | Best makespan in group=395.00
[TRAIN] Step 282/350 | 12:19:10
[TRAIN] Step 282 | Loss=0.647638 | Best makespan in group=280.00
[TRAIN] Step 283/350 | 12:19:29
[TRAIN] Step 283 | Loss=0.682040 | Best makespan in group=340.00
[TRAIN] Step 284/350 | 12:19:44
[TRAIN] Step 284 | Loss=0.656033 | Best makespan in group=276.00
[TRAIN] Step 285/350 | 12:20:00
[TRAIN] Step 285 | Loss=0.669015 | Best makespan in group=335.00
[TRAIN] Step 286/350 | 12:20:14
[TRAIN] Step 286 | Loss=0.596257 | Best makespan in group=422.00
[TRAIN] Step 287/350 | 12:20:28
[TRAIN] Step 287 | Loss=0.642090 | Best makespan in group=296.00
[TRAIN] Step 288/350 | 12:20:45
[TRAIN] Step 288 | Loss=0.658497 | Best makespan in group=393.00
[TRAIN] Step 289/350 | 12:20:57
[TRAIN] Step 289 | Loss=0.711228 | Best makespan in group=197.00
[TRAIN] Step 290/350 | 12:21:11
[TRAIN] Step 290 | Loss=0.682784 | Best makespan in group=341.00
[TRAIN] Step 291/350 | 12:21:30
[TRAIN] Step 291 | Loss=0.557594 | Best makespan in group=298.00
[TRAIN] Step 292/350 | 12:21:48
[TRAIN] Step 292 | Loss=0.727131 | Best makespan in group=346.00
[TRAIN] Step 293/350 | 12:22:08
[TRAIN] Step 293 | Loss=0.752082 | Best makespan in group=268.00
[TRAIN] Step 294/350 | 12:22:27
[TRAIN] Step 294 | Loss=0.779531 | Best makespan in group=197.00
[TRAIN] Step 295/350 | 12:22:41
[TRAIN] Step 295 | Loss=0.709979 | Best makespan in group=449.00
[TRAIN] Step 296/350 | 12:22:55
[TRAIN] Step 296 | Loss=0.623783 | Best makespan in group=389.00
[TRAIN] Step 297/350 | 12:23:11
[TRAIN] Step 297 | Loss=0.683207 | Best makespan in group=412.00
[TRAIN] Step 298/350 | 12:23:27
[TRAIN] Step 298 | Loss=0.708814 | Best makespan in group=305.00
[TRAIN] Step 299/350 | 12:23:44
[TRAIN] Step 299 | Loss=0.610970 | Best makespan in group=415.00
[TRAIN] Step 300/350 | 12:23:58
[TRAIN] Step 300 | Loss=0.682931 | Best makespan in group=386.00
[TRAIN][VAL][ep 300] avg_gap=0.2007 | std_gap=0.1010 | q80_gap=0.2885 | n=20
[TRAIN] Step 301/350 | 12:24:34
[TRAIN] Step 301 | Loss=0.668420 | Best makespan in group=294.00
[TRAIN] Step 302/350 | 12:24:52
[TRAIN] Step 302 | Loss=0.754591 | Best makespan in group=502.00
[TRAIN] Step 303/350 | 12:25:08
[TRAIN] Step 303 | Loss=0.669101 | Best makespan in group=340.00
[TRAIN] Step 304/350 | 12:25:23
[TRAIN] Step 304 | Loss=0.623684 | Best makespan in group=272.00
[TRAIN] Step 305/350 | 12:25:42
[TRAIN] Step 305 | Loss=0.733396 | Best makespan in group=389.00
[TRAIN] Step 306/350 | 12:26:00
[TRAIN] Step 306 | Loss=0.824161 | Best makespan in group=276.00
[TRAIN] Step 307/350 | 12:26:14
[TRAIN] Step 307 | Loss=0.802484 | Best makespan in group=391.00
[TRAIN] Step 308/350 | 12:26:28
[TRAIN] Step 308 | Loss=0.650921 | Best makespan in group=363.00
[TRAIN] Step 309/350 | 12:26:44
[TRAIN] Step 309 | Loss=0.736091 | Best makespan in group=491.00
[TRAIN] Step 310/350 | 12:27:00
[TRAIN] Step 310 | Loss=0.732903 | Best makespan in group=352.00
[TRAIN] Step 311/350 | 12:27:19
[TRAIN] Step 311 | Loss=0.641406 | Best makespan in group=391.00
[TRAIN] Step 312/350 | 12:27:33
[TRAIN] Step 312 | Loss=0.786918 | Best makespan in group=332.00
[TRAIN] Step 313/350 | 12:27:51
[TRAIN] Step 313 | Loss=0.630562 | Best makespan in group=474.00
[TRAIN] Step 314/350 | 12:28:04
[TRAIN] Step 314 | Loss=0.713044 | Best makespan in group=427.00
[TRAIN] Step 315/350 | 12:28:23
[TRAIN] Step 315 | Loss=0.795207 | Best makespan in group=384.00
[TRAIN] Step 316/350 | 12:28:39
[TRAIN] Step 316 | Loss=0.742252 | Best makespan in group=334.00
[TRAIN] Step 317/350 | 12:28:53
[TRAIN] Step 317 | Loss=0.607730 | Best makespan in group=404.00
[TRAIN] Step 318/350 | 12:29:09
[TRAIN] Step 318 | Loss=0.674152 | Best makespan in group=356.00
[TRAIN] Step 319/350 | 12:29:22
[TRAIN] Step 319 | Loss=0.625088 | Best makespan in group=384.00
[TRAIN] Step 320/350 | 12:29:36
[TRAIN] Step 320 | Loss=0.704994 | Best makespan in group=417.00
[TRAIN] Step 321/350 | 12:29:52
[TRAIN] Step 321 | Loss=0.708255 | Best makespan in group=333.00
[TRAIN] Step 322/350 | 12:30:06
[TRAIN] Step 322 | Loss=0.626870 | Best makespan in group=336.00
[TRAIN] Step 323/350 | 12:30:23
[TRAIN] Step 323 | Loss=0.609538 | Best makespan in group=388.00
[TRAIN] Step 324/350 | 12:30:34
[TRAIN] Step 324 | Loss=0.621212 | Best makespan in group=384.00
[TRAIN] Step 325/350 | 12:30:49
[TRAIN] Step 325 | Loss=0.685377 | Best makespan in group=298.00
[TRAIN][VAL][ep 325] avg_gap=0.1722 | std_gap=0.0724 | q80_gap=0.2216 | n=20
[TRAIN] Step 326/350 | 12:31:29
[TRAIN] Step 326 | Loss=0.555334 | Best makespan in group=276.00
[TRAIN] Step 327/350 | 12:31:43
[TRAIN] Step 327 | Loss=0.775319 | Best makespan in group=310.00
[TRAIN] Step 328/350 | 12:32:02
[TRAIN] Step 328 | Loss=0.696466 | Best makespan in group=270.00
[TRAIN] Step 329/350 | 12:32:21
[TRAIN] Step 329 | Loss=0.755402 | Best makespan in group=391.00
[TRAIN] Step 330/350 | 12:32:35
[TRAIN] Step 330 | Loss=0.747653 | Best makespan in group=430.00
[TRAIN] Step 331/350 | 12:32:53
[TRAIN] Step 331 | Loss=0.626766 | Best makespan in group=500.00
[TRAIN] Step 332/350 | 12:33:10
[TRAIN] Step 332 | Loss=0.645796 | Best makespan in group=481.00
[TRAIN] Step 333/350 | 12:33:23
[TRAIN] Step 333 | Loss=0.655533 | Best makespan in group=361.00
[TRAIN] Step 334/350 | 12:33:40
[TRAIN] Step 334 | Loss=0.682019 | Best makespan in group=197.00
[TRAIN] Step 335/350 | 12:33:54
[TRAIN] Step 335 | Loss=0.708724 | Best makespan in group=340.00
[TRAIN] Step 336/350 | 12:34:09
[TRAIN] Step 336 | Loss=0.630530 | Best makespan in group=412.00
[TRAIN] Step 337/350 | 12:34:24
[TRAIN] Step 337 | Loss=0.665002 | Best makespan in group=381.00
[TRAIN] Step 338/350 | 12:34:40
[TRAIN] Step 338 | Loss=0.629903 | Best makespan in group=393.00
[TRAIN] Step 339/350 | 12:34:56
[TRAIN] Step 339 | Loss=0.679879 | Best makespan in group=272.00
[TRAIN] Step 340/350 | 12:35:16
[TRAIN] Step 340 | Loss=0.607620 | Best makespan in group=414.00
[TRAIN] Step 341/350 | 12:35:32
[TRAIN] Step 341 | Loss=0.662857 | Best makespan in group=351.00
[TRAIN] Step 342/350 | 12:35:45
[TRAIN] Step 342 | Loss=0.650588 | Best makespan in group=449.00
[TRAIN] Step 343/350 | 12:35:59
[TRAIN] Step 343 | Loss=0.728490 | Best makespan in group=345.00
[TRAIN] Step 344/350 | 12:36:19
[TRAIN] Step 344 | Loss=0.778556 | Best makespan in group=535.00
[TRAIN] Step 345/350 | 12:36:36
[TRAIN] Step 345 | Loss=0.544625 | Best makespan in group=392.00
[TRAIN] Step 346/350 | 12:36:51
[TRAIN] Step 346 | Loss=0.587551 | Best makespan in group=414.00
[TRAIN] Step 347/350 | 12:37:04
[TRAIN] Step 347 | Loss=0.704092 | Best makespan in group=377.00
[TRAIN] Step 348/350 | 12:37:21
[TRAIN] Step 348 | Loss=0.593842 | Best makespan in group=387.00
[TRAIN] Step 349/350 | 12:37:38
[TRAIN] Step 349 | Loss=0.784604 | Best makespan in group=304.00
[TRAIN] Step 350/350 | 12:37:54
[TRAIN] Step 350 | Loss=0.770391 | Best makespan in group=356.00
[TRAIN][VAL][ep 350] avg_gap=0.1595 | std_gap=0.0759 | q80_gap=0.2173 | n=20
[TRAIN] Evaluating best checkpoint (candidate_models/941200189550968.pth) on the held-out test split...
[TRAIN][TEST] avg_gap=0.1190 | std_gap=0.0984 | q80_gap=0.1808 | n=20
[TRAIN][12:39:00] Training ended. Validation history and plots updated.
