D:\Dissertação\dissertation-bopo_introduction\venv\Lib\site-packages\torch\jit\_script.py:1485: FutureWarning: `torch.jit.script` is not supported in Python 3.14+ and may break. Please switch to `torch.compile` or `torch.export`.
  warnings.warn(
============================================================
[TRAIN] Training started at: 2026-10-01 22:58:48
[TRAIN] Hyperparams | max_steps=350 | new_freq=200
[TRAIN]             | n_cases=30 | B=32 | K=10 | use_greedy=True | lr=0.0047 (decaying to 9.40e-04)
[TRAIN]             | warm_start_steps=200 | checkpoint_smooth_window=3 | seed=43
[TRAIN]             | hidden_channels=128 | num_layers=3 | heads=3
[TRAIN]             | logp_norm=mean | exclude_greedy_from_loss=True
[TRAIN] Representation | ojmb_node_v2 | GNN | gin | jm_design | edges
[TRAIN] Device | cuda:0 (NVIDIA GeForce GTX 1650 Ti)
[TRAIN] Problem size | jobs=[8,10] | machines=[5,10] | ops_per_job=[5,6] | max_proc=100
============================================================
[TRAIN] Output run folder: results\batching_gin_L3_k5_ojmb_node_v2_s43_steps
[TRAIN] Validation config | every=25 steps | instances=20 (representative subset)
[TRAIN][TEACHER] validation avg_gap=0.5273 | q80_gap=0.7198 || test avg_gap=0.4277 | q80_gap=0.6075
[TRAIN] Step metrics | every step on 4 validation instance(s) (bat001, bat003, bat005, bat007) -> results\batching_gin_L3_k5_ojmb_node_v2_s43_steps\step_metrics.json
[TRAIN] Warm-start (behavior cloning vs. dispatch heuristic) | 200 step(s)...
[TRAIN][WARMSTART] step 10/200 | instance=26 | bc_loss=2.2446 | decisions=41
[TRAIN][WARMSTART] step 20/200 | instance=5 | bc_loss=2.3197 | decisions=53
[TRAIN][WARMSTART] step 30/200 | instance=28 | bc_loss=1.8267 | decisions=48
[TRAIN][WARMSTART] step 40/200 | instance=0 | bc_loss=1.3654 | decisions=38
[TRAIN][WARMSTART] step 50/200 | instance=14 | bc_loss=1.4548 | decisions=40
[TRAIN][WARMSTART] step 60/200 | instance=20 | bc_loss=1.3511 | decisions=42
[TRAIN][WARMSTART] step 70/200 | instance=23 | bc_loss=1.2286 | decisions=43
[TRAIN][WARMSTART] step 80/200 | instance=20 | bc_loss=1.1703 | decisions=42
[TRAIN][WARMSTART] step 90/200 | instance=5 | bc_loss=1.8434 | decisions=53
[TRAIN][WARMSTART] step 100/200 | instance=10 | bc_loss=0.7656 | decisions=48
[TRAIN][WARMSTART] step 110/200 | instance=27 | bc_loss=1.6513 | decisions=52
[TRAIN][WARMSTART] step 120/200 | instance=5 | bc_loss=1.5885 | decisions=53
[TRAIN][WARMSTART] step 130/200 | instance=27 | bc_loss=1.0963 | decisions=52
[TRAIN][WARMSTART] step 140/200 | instance=29 | bc_loss=0.9394 | decisions=44
[TRAIN][WARMSTART] step 150/200 | instance=12 | bc_loss=1.0054 | decisions=46
[TRAIN][WARMSTART] step 160/200 | instance=3 | bc_loss=1.0931 | decisions=44
[TRAIN][WARMSTART] step 170/200 | instance=15 | bc_loss=1.2179 | decisions=43
[TRAIN][WARMSTART] step 180/200 | instance=23 | bc_loss=0.4866 | decisions=43
[TRAIN][WARMSTART] step 190/200 | instance=24 | bc_loss=0.9356 | decisions=54
[TRAIN][WARMSTART] step 200/200 | instance=13 | bc_loss=0.7025 | decisions=38
[TRAIN] Warm-start complete, switching to BOPO preference optimization.
------------------------------------------------------------
[TRAIN] BOPO agent ready. Starting training loop for 350 step(s)...
------------------------------------------------------------
[TRAIN] Step 1/350 | 23:10:41
[TRAIN] Step 1 | Loss=0.617608 | Best makespan in group=474.00
[TRAIN] Step 2/350 | 23:11:35
[TRAIN] Step 2 | Loss=0.893888 | Best makespan in group=414.00
[TRAIN] Step 3/350 | 23:12:17
[TRAIN] Step 3 | Loss=1.077514 | Best makespan in group=451.00
[TRAIN] Step 4/350 | 23:12:58
[TRAIN] Step 4 | Loss=0.545831 | Best makespan in group=458.00
[TRAIN] Step 5/350 | 23:13:36
[TRAIN] Step 5 | Loss=0.748278 | Best makespan in group=586.00
[TRAIN] Step 6/350 | 23:14:12
[TRAIN] Step 6 | Loss=0.825930 | Best makespan in group=482.00
[TRAIN] Step 7/350 | 23:14:49
[TRAIN] Step 7 | Loss=0.508659 | Best makespan in group=469.00
[TRAIN] Step 8/350 | 23:15:32
[TRAIN] Step 8 | Loss=0.808481 | Best makespan in group=550.00
[TRAIN] Step 9/350 | 23:16:13
[TRAIN] Step 9 | Loss=0.539690 | Best makespan in group=497.00
[TRAIN] Step 10/350 | 23:16:55
[TRAIN] Step 10 | Loss=0.566419 | Best makespan in group=631.00
[TRAIN] Step 11/350 | 23:17:36
[TRAIN] Step 11 | Loss=0.832260 | Best makespan in group=356.00
[TRAIN] Step 12/350 | 23:18:11
[TRAIN] Step 12 | Loss=0.644119 | Best makespan in group=374.00
[TRAIN] Step 13/350 | 23:18:50
[TRAIN] Step 13 | Loss=0.666675 | Best makespan in group=442.00
[TRAIN] Step 14/350 | 23:19:30
[TRAIN] Step 14 | Loss=0.736119 | Best makespan in group=465.00
[TRAIN] Step 15/350 | 23:20:10
[TRAIN] Step 15 | Loss=0.589072 | Best makespan in group=521.00
[TRAIN] Step 16/350 | 23:20:45
[TRAIN] Step 16 | Loss=0.824256 | Best makespan in group=414.00
[TRAIN] Step 17/350 | 23:21:29
[TRAIN] Step 17 | Loss=0.922574 | Best makespan in group=404.00
[TRAIN] Step 18/350 | 23:22:03
[TRAIN] Step 18 | Loss=0.637144 | Best makespan in group=343.00
[TRAIN] Step 19/350 | 23:22:45
[TRAIN] Step 19 | Loss=0.596816 | Best makespan in group=276.00
[TRAIN] Step 20/350 | 23:23:22
[TRAIN] Step 20 | Loss=0.715337 | Best makespan in group=367.00
[TRAIN] Step 21/350 | 23:23:58
[TRAIN] Step 21 | Loss=0.584192 | Best makespan in group=356.00
[TRAIN] Step 22/350 | 23:24:36
[TRAIN] Step 22 | Loss=0.906962 | Best makespan in group=426.00
[TRAIN] Step 23/350 | 23:25:11
[TRAIN] Step 23 | Loss=0.567864 | Best makespan in group=572.00
[TRAIN] Step 24/350 | 23:25:46
[TRAIN] Step 24 | Loss=0.507941 | Best makespan in group=551.00
[TRAIN] Step 25/350 | 23:26:25
[TRAIN] Step 25 | Loss=0.727243 | Best makespan in group=426.00
[TRAIN][VAL][ep 25] avg_gap=0.3346 | std_gap=0.1351 | q80_gap=0.4726 | n=20
[TRAIN] Validation improved | smoothed_avg_gap=0.3346 (raw=0.3346) | saving candidate: 904381814713105.pth
[TRAIN] Step 26/350 | 23:27:49
[TRAIN] Step 26 | Loss=0.584475 | Best makespan in group=365.00
[TRAIN] Step 27/350 | 23:28:30
[TRAIN] Step 27 | Loss=0.695616 | Best makespan in group=382.00
[TRAIN] Step 28/350 | 23:29:13
[TRAIN] Step 28 | Loss=0.512249 | Best makespan in group=360.00
[TRAIN] Step 29/350 | 23:29:50
[TRAIN] Step 29 | Loss=0.642940 | Best makespan in group=382.00
[TRAIN] Step 30/350 | 23:30:36
[TRAIN] Step 30 | Loss=0.732968 | Best makespan in group=355.00
[TRAIN] Step 31/350 | 23:31:13
[TRAIN] Step 31 | Loss=0.710467 | Best makespan in group=405.00
[TRAIN] Step 32/350 | 23:31:47
[TRAIN] Step 32 | Loss=0.631674 | Best makespan in group=550.00
[TRAIN] Step 33/350 | 23:32:27
[TRAIN] Step 33 | Loss=0.659286 | Best makespan in group=409.00
[TRAIN] Step 34/350 | 23:33:05
[TRAIN] Step 34 | Loss=0.668883 | Best makespan in group=334.00
[TRAIN] Step 35/350 | 23:33:42
[TRAIN] Step 35 | Loss=0.693122 | Best makespan in group=405.00
[TRAIN] Step 36/350 | 23:34:25
[TRAIN] Step 36 | Loss=0.661552 | Best makespan in group=280.00
[TRAIN] Step 37/350 | 23:35:03
[TRAIN] Step 37 | Loss=0.576114 | Best makespan in group=391.00
[TRAIN] Step 38/350 | 23:35:37
[TRAIN] Step 38 | Loss=0.549558 | Best makespan in group=370.00
[TRAIN] Step 39/350 | 23:36:16
[TRAIN] Step 39 | Loss=0.496205 | Best makespan in group=340.00
[TRAIN] Step 40/350 | 23:36:52
[TRAIN] Step 40 | Loss=0.748815 | Best makespan in group=564.00
[TRAIN] Step 41/350 | 23:37:27
[TRAIN] Step 41 | Loss=0.599106 | Best makespan in group=487.00
[TRAIN] Step 42/350 | 23:38:10
[TRAIN] Step 42 | Loss=0.781476 | Best makespan in group=401.00
[TRAIN] Step 43/350 | 23:38:48
[TRAIN] Step 43 | Loss=0.641173 | Best makespan in group=461.00
[TRAIN] Step 44/350 | 23:39:35
[TRAIN] Step 44 | Loss=0.660957 | Best makespan in group=428.00
[TRAIN] Step 45/350 | 23:40:17
[TRAIN] Step 45 | Loss=0.669570 | Best makespan in group=449.00
[TRAIN] Step 46/350 | 23:40:59
[TRAIN] Step 46 | Loss=0.832325 | Best makespan in group=500.00
[TRAIN] Step 47/350 | 23:41:35
[TRAIN] Step 47 | Loss=0.584778 | Best makespan in group=429.00
[TRAIN] Step 48/350 | 23:42:18
[TRAIN] Step 48 | Loss=0.622180 | Best makespan in group=382.00
[TRAIN] Step 49/350 | 23:42:57
[TRAIN] Step 49 | Loss=0.619424 | Best makespan in group=464.00
[TRAIN] Step 50/350 | 23:43:36
[TRAIN] Step 50 | Loss=0.830587 | Best makespan in group=369.00
[TRAIN][VAL][ep 50] avg_gap=0.2655 | std_gap=0.1124 | q80_gap=0.3833 | n=20
[TRAIN] Validation improved | smoothed_avg_gap=0.3000 (raw=0.2655) | saving candidate: 755644222551795.pth
[TRAIN] Step 51/350 | 23:44:59
[TRAIN] Step 51 | Loss=0.615120 | Best makespan in group=316.00
[TRAIN] Step 52/350 | 23:45:40
[TRAIN] Step 52 | Loss=0.660323 | Best makespan in group=440.00
[TRAIN] Step 53/350 | 23:46:21
[TRAIN] Step 53 | Loss=0.608859 | Best makespan in group=366.00
[TRAIN] Step 54/350 | 23:47:06
[TRAIN] Step 54 | Loss=0.769553 | Best makespan in group=433.00
[TRAIN] Step 55/350 | 23:47:46
[TRAIN] Step 55 | Loss=0.694519 | Best makespan in group=358.00
[TRAIN] Step 56/350 | 23:48:23
[TRAIN] Step 56 | Loss=0.781773 | Best makespan in group=340.00
[TRAIN] Step 57/350 | 23:49:02
[TRAIN] Step 57 | Loss=0.695227 | Best makespan in group=454.00
[TRAIN] Step 58/350 | 23:49:44
[TRAIN] Step 58 | Loss=0.860279 | Best makespan in group=369.00
[TRAIN] Step 59/350 | 23:50:28
[TRAIN] Step 59 | Loss=0.640016 | Best makespan in group=396.00
[TRAIN] Step 60/350 | 23:51:07
[TRAIN] Step 60 | Loss=0.821594 | Best makespan in group=513.00
[TRAIN] Step 61/350 | 23:51:44
[TRAIN] Step 61 | Loss=0.869975 | Best makespan in group=473.00
[TRAIN] Step 62/350 | 23:52:19
[TRAIN] Step 62 | Loss=0.913833 | Best makespan in group=356.00
[TRAIN] Step 63/350 | 23:52:56
[TRAIN] Step 63 | Loss=0.701049 | Best makespan in group=532.00
[TRAIN] Step 64/350 | 23:53:37
[TRAIN] Step 64 | Loss=0.685651 | Best makespan in group=363.00
[TRAIN] Step 65/350 | 23:54:17
[TRAIN] Step 65 | Loss=0.532704 | Best makespan in group=339.00
[TRAIN] Step 66/350 | 23:54:56
[TRAIN] Step 66 | Loss=0.706417 | Best makespan in group=526.00
[TRAIN] Step 67/350 | 23:55:34
[TRAIN] Step 67 | Loss=0.866146 | Best makespan in group=369.00
[TRAIN] Step 68/350 | 23:56:22
[TRAIN] Step 68 | Loss=0.651513 | Best makespan in group=393.00
[TRAIN] Step 69/350 | 23:57:01
[TRAIN] Step 69 | Loss=0.753141 | Best makespan in group=322.00
[TRAIN] Step 70/350 | 23:57:43
[TRAIN] Step 70 | Loss=0.808647 | Best makespan in group=421.00
[TRAIN] Step 71/350 | 23:58:27
[TRAIN] Step 71 | Loss=0.642309 | Best makespan in group=437.00
[TRAIN] Step 72/350 | 23:59:09
[TRAIN] Step 72 | Loss=0.714454 | Best makespan in group=510.00
[TRAIN] Step 73/350 | 23:59:52
[TRAIN] Step 73 | Loss=0.750382 | Best makespan in group=394.00
[TRAIN] Step 74/350 | 00:00:32
[TRAIN] Step 74 | Loss=0.692133 | Best makespan in group=392.00
[TRAIN] Step 75/350 | 00:01:14
[TRAIN] Step 75 | Loss=0.666316 | Best makespan in group=372.00
[TRAIN][VAL][ep 75] avg_gap=0.2828 | std_gap=0.1155 | q80_gap=0.3742 | n=20
[TRAIN] Validation improved | smoothed_avg_gap=0.2943 (raw=0.2828) | saving candidate: 102545711271958.pth
[TRAIN] Step 76/350 | 00:02:35
[TRAIN] Step 76 | Loss=0.579544 | Best makespan in group=416.00
[TRAIN] Step 77/350 | 00:03:18
[TRAIN] Step 77 | Loss=0.761882 | Best makespan in group=401.00
[TRAIN] Step 78/350 | 00:03:54
[TRAIN] Step 78 | Loss=0.689213 | Best makespan in group=426.00
[TRAIN] Step 79/350 | 00:04:37
[TRAIN] Step 79 | Loss=0.593179 | Best makespan in group=449.00
[TRAIN] Step 80/350 | 00:05:18
[TRAIN] Step 80 | Loss=0.608577 | Best makespan in group=559.00
[TRAIN] Step 81/350 | 00:05:54
[TRAIN] Step 81 | Loss=0.747218 | Best makespan in group=342.00
[TRAIN] Step 82/350 | 00:06:31
[TRAIN] Step 82 | Loss=0.834701 | Best makespan in group=393.00
[TRAIN] Step 83/350 | 00:07:07
[TRAIN] Step 83 | Loss=0.578970 | Best makespan in group=430.00
[TRAIN] Step 84/350 | 00:07:49
[TRAIN] Step 84 | Loss=0.513109 | Best makespan in group=409.00
[TRAIN] Step 85/350 | 00:08:29
[TRAIN] Step 85 | Loss=0.555797 | Best makespan in group=458.00
[TRAIN] Step 86/350 | 00:09:13
[TRAIN] Step 86 | Loss=0.483263 | Best makespan in group=283.00
[TRAIN] Step 87/350 | 00:09:52
[TRAIN] Step 87 | Loss=0.615449 | Best makespan in group=446.00
[TRAIN] Step 88/350 | 00:10:39
[TRAIN] Step 88 | Loss=0.701216 | Best makespan in group=361.00
[TRAIN] Step 89/350 | 00:11:25
[TRAIN] Step 89 | Loss=0.719504 | Best makespan in group=390.00
[TRAIN] Step 90/350 | 00:12:10
[TRAIN] Step 90 | Loss=0.615201 | Best makespan in group=322.00
[TRAIN] Step 91/350 | 00:12:49
[TRAIN] Step 91 | Loss=0.786429 | Best makespan in group=534.00
[TRAIN] Step 92/350 | 00:13:24
[TRAIN] Step 92 | Loss=0.666529 | Best makespan in group=268.00
[TRAIN] Step 93/350 | 00:14:03
[TRAIN] Step 93 | Loss=0.943768 | Best makespan in group=406.00
[TRAIN] Step 94/350 | 00:14:43
[TRAIN] Step 94 | Loss=0.710892 | Best makespan in group=482.00
[TRAIN] Step 95/350 | 00:15:22
[TRAIN] Step 95 | Loss=0.566809 | Best makespan in group=469.00
[TRAIN] Step 96/350 | 00:15:57
[TRAIN] Step 96 | Loss=0.653598 | Best makespan in group=336.00
[TRAIN] Step 97/350 | 00:16:34
[TRAIN] Step 97 | Loss=0.677499 | Best makespan in group=325.00
[TRAIN] Step 98/350 | 00:17:16
[TRAIN] Step 98 | Loss=0.660044 | Best makespan in group=450.00
[TRAIN] Step 99/350 | 00:17:58
[TRAIN] Step 99 | Loss=0.693664 | Best makespan in group=387.00
[TRAIN] Step 100/350 | 00:18:40
[TRAIN] Step 100 | Loss=0.671157 | Best makespan in group=417.00
[TRAIN][VAL][ep 100] avg_gap=0.2305 | std_gap=0.1062 | q80_gap=0.3219 | n=20
[TRAIN] Validation improved | smoothed_avg_gap=0.2596 (raw=0.2305) | saving candidate: 46822052074532.pth
[TRAIN] Step 101/350 | 00:20:02
[TRAIN] Step 101 | Loss=0.618704 | Best makespan in group=408.00
[TRAIN] Step 102/350 | 00:20:46
[TRAIN] Step 102 | Loss=0.679566 | Best makespan in group=361.00
[TRAIN] Step 103/350 | 00:21:24
[TRAIN] Step 103 | Loss=0.754954 | Best makespan in group=385.00
[TRAIN] Step 104/350 | 00:22:02
[TRAIN] Step 104 | Loss=0.626662 | Best makespan in group=352.00
[TRAIN] Step 105/350 | 00:22:41
[TRAIN] Step 105 | Loss=0.903754 | Best makespan in group=330.00
[TRAIN] Step 106/350 | 00:23:18
[TRAIN] Step 106 | Loss=0.679612 | Best makespan in group=412.00
[TRAIN] Step 107/350 | 00:24:02
[TRAIN] Step 107 | Loss=0.714960 | Best makespan in group=376.00
[TRAIN] Step 108/350 | 00:24:40
[TRAIN] Step 108 | Loss=0.744437 | Best makespan in group=391.00
[TRAIN] Step 109/350 | 00:25:15
[TRAIN] Step 109 | Loss=0.642784 | Best makespan in group=398.00
[TRAIN] Step 110/350 | 00:25:59
[TRAIN] Step 110 | Loss=0.613290 | Best makespan in group=435.00
[TRAIN] Step 111/350 | 00:26:46
[TRAIN] Step 111 | Loss=0.549509 | Best makespan in group=499.00
[TRAIN] Step 112/350 | 00:27:27
[TRAIN] Step 112 | Loss=0.616972 | Best makespan in group=347.00
[TRAIN] Step 113/350 | 00:28:09
[TRAIN] Step 113 | Loss=0.777845 | Best makespan in group=372.00
[TRAIN] Step 114/350 | 00:28:50
[TRAIN] Step 114 | Loss=0.736393 | Best makespan in group=407.00
[TRAIN] Step 115/350 | 00:29:31
[TRAIN] Step 115 | Loss=0.826825 | Best makespan in group=417.00
[TRAIN] Step 116/350 | 00:30:15
[TRAIN] Step 116 | Loss=0.576851 | Best makespan in group=358.00
[TRAIN] Step 117/350 | 00:30:55
[TRAIN] Step 117 | Loss=0.688615 | Best makespan in group=423.00
[TRAIN] Step 118/350 | 00:31:36
[TRAIN] Step 118 | Loss=0.767091 | Best makespan in group=367.00
[TRAIN] Step 119/350 | 00:32:22
[TRAIN] Step 119 | Loss=0.651712 | Best makespan in group=363.00
[TRAIN] Step 120/350 | 00:33:08
[TRAIN] Step 120 | Loss=0.627745 | Best makespan in group=390.00
[TRAIN] Step 121/350 | 00:33:43
[TRAIN] Step 121 | Loss=0.607764 | Best makespan in group=578.00
[TRAIN] Step 122/350 | 00:34:19
[TRAIN] Step 122 | Loss=0.491995 | Best makespan in group=355.00
[TRAIN] Step 123/350 | 00:35:04
[TRAIN] Step 123 | Loss=0.715048 | Best makespan in group=490.00
[TRAIN] Step 124/350 | 00:35:39
[TRAIN] Step 124 | Loss=0.672817 | Best makespan in group=435.00
[TRAIN] Step 125/350 | 00:36:21
[TRAIN] Step 125 | Loss=0.916803 | Best makespan in group=353.00
[TRAIN][VAL][ep 125] avg_gap=0.3306 | std_gap=0.1675 | q80_gap=0.4596 | n=20
[TRAIN] Step 126/350 | 00:37:38
[TRAIN] Step 126 | Loss=0.698153 | Best makespan in group=492.00
[TRAIN] Step 127/350 | 00:38:16
[TRAIN] Step 127 | Loss=0.595300 | Best makespan in group=358.00
[TRAIN] Step 128/350 | 00:38:58
[TRAIN] Step 128 | Loss=0.890395 | Best makespan in group=404.00
[TRAIN] Step 129/350 | 00:39:42
[TRAIN] Step 129 | Loss=0.620160 | Best makespan in group=361.00
[TRAIN] Step 130/350 | 00:40:30
[TRAIN] Step 130 | Loss=0.623961 | Best makespan in group=369.00
[TRAIN] Step 131/350 | 00:41:10
[TRAIN] Step 131 | Loss=0.657251 | Best makespan in group=392.00
[TRAIN] Step 132/350 | 00:41:48
[TRAIN] Step 132 | Loss=0.877492 | Best makespan in group=352.00
[TRAIN] Step 133/350 | 00:42:29
[TRAIN] Step 133 | Loss=0.699792 | Best makespan in group=356.00
[TRAIN] Step 134/350 | 00:43:06
[TRAIN] Step 134 | Loss=0.695359 | Best makespan in group=394.00
[TRAIN] Step 135/350 | 00:43:54
[TRAIN] Step 135 | Loss=0.658101 | Best makespan in group=319.00
[TRAIN] Step 136/350 | 00:44:37
[TRAIN] Step 136 | Loss=0.675583 | Best makespan in group=388.00
[TRAIN] Step 137/350 | 00:45:13
[TRAIN] Step 137 | Loss=0.626774 | Best makespan in group=499.00
[TRAIN] Step 138/350 | 00:45:52
[TRAIN] Step 138 | Loss=0.576305 | Best makespan in group=276.00
[TRAIN] Step 139/350 | 00:46:30
[TRAIN] Step 139 | Loss=0.455763 | Best makespan in group=383.00
[TRAIN] Step 140/350 | 00:47:08
[TRAIN] Step 140 | Loss=0.479362 | Best makespan in group=429.00
[TRAIN] Step 141/350 | 00:47:50
[TRAIN] Step 141 | Loss=0.603958 | Best makespan in group=428.00
[TRAIN] Step 142/350 | 00:48:29
[TRAIN] Step 142 | Loss=0.726828 | Best makespan in group=414.00
[TRAIN] Step 143/350 | 00:49:07
[TRAIN] Step 143 | Loss=0.624749 | Best makespan in group=441.00
[TRAIN] Step 144/350 | 00:49:51
[TRAIN] Step 144 | Loss=0.735784 | Best makespan in group=415.00
[TRAIN] Step 145/350 | 00:50:33
[TRAIN] Step 145 | Loss=0.835205 | Best makespan in group=390.00
[TRAIN] Step 146/350 | 00:51:05
[TRAIN] Step 146 | Loss=0.758663 | Best makespan in group=338.00
[TRAIN] Step 147/350 | 00:51:41
[TRAIN] Step 147 | Loss=0.682687 | Best makespan in group=375.00
[TRAIN] Step 148/350 | 00:52:18
[TRAIN] Step 148 | Loss=0.741431 | Best makespan in group=403.00
[TRAIN] Step 149/350 | 00:52:59
[TRAIN] Step 149 | Loss=0.878351 | Best makespan in group=322.00
[TRAIN] Step 150/350 | 00:53:33
[TRAIN] Step 150 | Loss=0.523259 | Best makespan in group=467.00
[TRAIN][VAL][ep 150] avg_gap=0.2122 | std_gap=0.0953 | q80_gap=0.2968 | n=20
[TRAIN] Validation improved | smoothed_avg_gap=0.2578 (raw=0.2122) | saving candidate: 831454147279608.pth
[TRAIN] Step 151/350 | 00:54:54
[TRAIN] Step 151 | Loss=0.575988 | Best makespan in group=395.00
[TRAIN] Step 152/350 | 00:55:36
[TRAIN] Step 152 | Loss=0.682688 | Best makespan in group=265.00
[TRAIN] Step 153/350 | 00:56:13
[TRAIN] Step 153 | Loss=0.672600 | Best makespan in group=364.00
[TRAIN] Step 154/350 | 00:56:51
[TRAIN] Step 154 | Loss=0.720659 | Best makespan in group=420.00
[TRAIN] Step 155/350 | 00:57:32
[TRAIN] Step 155 | Loss=0.655475 | Best makespan in group=430.00
[TRAIN] Step 156/350 | 00:58:10
[TRAIN] Step 156 | Loss=0.809539 | Best makespan in group=530.00
[TRAIN] Step 157/350 | 00:58:44
[TRAIN] Step 157 | Loss=0.443069 | Best makespan in group=443.00
[TRAIN] Step 158/350 | 00:59:28
[TRAIN] Step 158 | Loss=0.660700 | Best makespan in group=458.00
[TRAIN] Step 159/350 | 01:00:09
[TRAIN] Step 159 | Loss=0.689677 | Best makespan in group=407.00
[TRAIN] Step 160/350 | 01:00:47
[TRAIN] Step 160 | Loss=0.697857 | Best makespan in group=447.00
[TRAIN] Step 161/350 | 01:01:21
[TRAIN] Step 161 | Loss=0.696708 | Best makespan in group=421.00
[TRAIN] Step 162/350 | 01:02:01
[TRAIN] Step 162 | Loss=0.603932 | Best makespan in group=325.00
[TRAIN] Step 163/350 | 01:02:41
[TRAIN] Step 163 | Loss=0.536681 | Best makespan in group=328.00
[TRAIN] Step 164/350 | 01:03:18
[TRAIN] Step 164 | Loss=0.754747 | Best makespan in group=368.00
[TRAIN] Step 165/350 | 01:03:58
[TRAIN] Step 165 | Loss=0.613979 | Best makespan in group=370.00
[TRAIN] Step 166/350 | 01:04:30
[TRAIN] Step 166 | Loss=0.603825 | Best makespan in group=427.00
[TRAIN] Step 167/350 | 01:05:08
[TRAIN] Step 167 | Loss=0.610992 | Best makespan in group=545.00
[TRAIN] Step 168/350 | 01:05:45
[TRAIN] Step 168 | Loss=0.618776 | Best makespan in group=364.00
[TRAIN] Step 169/350 | 01:06:20
[TRAIN] Step 169 | Loss=0.714095 | Best makespan in group=392.00
[TRAIN] Step 170/350 | 01:07:01
[TRAIN] Step 170 | Loss=0.688853 | Best makespan in group=529.00
[TRAIN] Step 171/350 | 01:07:40
[TRAIN] Step 171 | Loss=0.557727 | Best makespan in group=404.00
[TRAIN] Step 172/350 | 01:08:18
[TRAIN] Step 172 | Loss=0.549058 | Best makespan in group=386.00
[TRAIN] Step 173/350 | 01:08:54
[TRAIN] Step 173 | Loss=0.768761 | Best makespan in group=363.00
[TRAIN] Step 174/350 | 01:09:30
[TRAIN] Step 174 | Loss=0.515143 | Best makespan in group=371.00
[TRAIN] Step 175/350 | 01:10:14
[TRAIN] Step 175 | Loss=0.729095 | Best makespan in group=376.00
[TRAIN][VAL][ep 175] avg_gap=0.2327 | std_gap=0.0798 | q80_gap=0.2952 | n=20
[TRAIN] Step 176/350 | 01:11:32
[TRAIN] Step 176 | Loss=0.731921 | Best makespan in group=377.00
[TRAIN] Step 177/350 | 01:12:07
[TRAIN] Step 177 | Loss=0.619656 | Best makespan in group=398.00
[TRAIN] Step 178/350 | 01:12:40
[TRAIN] Step 178 | Loss=0.587267 | Best makespan in group=436.00
[TRAIN] Step 179/350 | 01:13:21
[TRAIN] Step 179 | Loss=0.525464 | Best makespan in group=334.00
[TRAIN] Step 180/350 | 01:13:56
[TRAIN] Step 180 | Loss=0.623885 | Best makespan in group=372.00
[TRAIN] Step 181/350 | 01:14:32
[TRAIN] Step 181 | Loss=0.510944 | Best makespan in group=397.00
[TRAIN] Step 182/350 | 01:15:13
[TRAIN] Step 182 | Loss=0.619416 | Best makespan in group=347.00
[TRAIN] Step 183/350 | 01:15:49
[TRAIN] Step 183 | Loss=0.573430 | Best makespan in group=469.00
[TRAIN] Step 184/350 | 01:16:22
[TRAIN] Step 184 | Loss=0.508891 | Best makespan in group=382.00
[TRAIN] Step 185/350 | 01:16:54
[TRAIN] Step 185 | Loss=0.632920 | Best makespan in group=479.00
[TRAIN] Step 186/350 | 01:17:30
[TRAIN] Step 186 | Loss=0.811629 | Best makespan in group=376.00
[TRAIN] Step 187/350 | 01:18:04
[TRAIN] Step 187 | Loss=0.602132 | Best makespan in group=484.00
[TRAIN] Step 188/350 | 01:18:44
[TRAIN] Step 188 | Loss=0.600452 | Best makespan in group=431.00
[TRAIN] Step 189/350 | 01:19:21
[TRAIN] Step 189 | Loss=0.665791 | Best makespan in group=267.00
[TRAIN] Step 190/350 | 01:19:57
[TRAIN] Step 190 | Loss=0.673721 | Best makespan in group=316.00
[TRAIN] Step 191/350 | 01:20:36
[TRAIN] Step 191 | Loss=0.665169 | Best makespan in group=419.00
[TRAIN] Step 192/350 | 01:21:14
[TRAIN] Step 192 | Loss=0.557317 | Best makespan in group=402.00
[TRAIN] Step 193/350 | 01:21:52
[TRAIN] Step 193 | Loss=0.583579 | Best makespan in group=390.00
[TRAIN] Step 194/350 | 01:22:30
[TRAIN] Step 194 | Loss=0.602636 | Best makespan in group=367.00
[TRAIN] Step 195/350 | 01:23:12
[TRAIN] Step 195 | Loss=0.773656 | Best makespan in group=338.00
[TRAIN] Step 196/350 | 01:23:47
[TRAIN] Step 196 | Loss=0.610315 | Best makespan in group=408.00
[TRAIN] Step 197/350 | 01:24:27
[TRAIN] Step 197 | Loss=0.499713 | Best makespan in group=356.00
[TRAIN] Step 198/350 | 01:25:05
[TRAIN] Step 198 | Loss=0.601132 | Best makespan in group=365.00
[TRAIN] Step 199/350 | 01:25:43
[TRAIN] Step 199 | Loss=0.508049 | Best makespan in group=452.00
[TRAIN] Step 200/350 | 01:26:26
[TRAIN] Step 200 | Loss=0.639142 | Best makespan in group=378.00
[TRAIN] Refreshing training instances (step 200)...
[TRAIN][VAL][ep 200] avg_gap=0.1802 | std_gap=0.0763 | q80_gap=0.2407 | n=20
[TRAIN] Validation improved | smoothed_avg_gap=0.2084 (raw=0.1802) | saving candidate: 625556975118123.pth
[TRAIN] Step 201/350 | 01:27:41
[TRAIN] Step 201 | Loss=0.744026 | Best makespan in group=476.00
[TRAIN] Step 202/350 | 01:28:16
[TRAIN] Step 202 | Loss=0.607412 | Best makespan in group=403.00
[TRAIN] Step 203/350 | 01:28:57
[TRAIN] Step 203 | Loss=0.808827 | Best makespan in group=362.00
[TRAIN] Step 204/350 | 01:29:31
[TRAIN] Step 204 | Loss=0.572983 | Best makespan in group=335.00
[TRAIN] Step 205/350 | 01:30:12
[TRAIN] Step 205 | Loss=0.648052 | Best makespan in group=386.00
[TRAIN] Step 206/350 | 01:30:52
[TRAIN] Step 206 | Loss=0.612631 | Best makespan in group=358.00
[TRAIN] Step 207/350 | 01:31:32
[TRAIN] Step 207 | Loss=0.602351 | Best makespan in group=394.00
[TRAIN] Step 208/350 | 01:32:13
[TRAIN] Step 208 | Loss=0.682881 | Best makespan in group=366.00
[TRAIN] Step 209/350 | 01:32:57
[TRAIN] Step 209 | Loss=0.776028 | Best makespan in group=460.00
[TRAIN] Step 210/350 | 01:33:40
[TRAIN] Step 210 | Loss=0.644961 | Best makespan in group=409.00
[TRAIN] Step 211/350 | 01:34:15
[TRAIN] Step 211 | Loss=0.668746 | Best makespan in group=362.00
[TRAIN] Step 212/350 | 01:34:51
[TRAIN] Step 212 | Loss=0.575933 | Best makespan in group=344.00
[TRAIN] Step 213/350 | 01:35:34
[TRAIN] Step 213 | Loss=0.569030 | Best makespan in group=447.00
[TRAIN] Step 214/350 | 01:36:09
[TRAIN] Step 214 | Loss=0.645500 | Best makespan in group=425.00
[TRAIN] Step 215/350 | 01:36:47
[TRAIN] Step 215 | Loss=0.737559 | Best makespan in group=355.00
[TRAIN] Step 216/350 | 01:37:28
[TRAIN] Step 216 | Loss=0.622384 | Best makespan in group=333.00
[TRAIN] Step 217/350 | 01:38:02
[TRAIN] Step 217 | Loss=0.513640 | Best makespan in group=379.00
[TRAIN] Step 218/350 | 01:38:37
[TRAIN] Step 218 | Loss=0.613621 | Best makespan in group=381.00
[TRAIN] Step 219/350 | 01:39:17
[TRAIN] Step 219 | Loss=0.804392 | Best makespan in group=296.00
[TRAIN] Step 220/350 | 01:39:52
[TRAIN] Step 220 | Loss=0.814490 | Best makespan in group=353.00
[TRAIN] Step 221/350 | 01:40:27
[TRAIN] Step 221 | Loss=0.585495 | Best makespan in group=426.00
[TRAIN] Step 222/350 | 01:41:03
[TRAIN] Step 222 | Loss=0.929784 | Best makespan in group=354.00
[TRAIN] Step 223/350 | 01:41:45
[TRAIN] Step 223 | Loss=0.595392 | Best makespan in group=363.00
[TRAIN] Step 224/350 | 01:42:27
[TRAIN] Step 224 | Loss=0.793215 | Best makespan in group=389.00
[TRAIN] Step 225/350 | 01:43:07
[TRAIN] Step 225 | Loss=0.781938 | Best makespan in group=470.00
[TRAIN][VAL][ep 225] avg_gap=0.2069 | std_gap=0.0903 | q80_gap=0.2694 | n=20
[TRAIN] Validation improved | smoothed_avg_gap=0.2066 (raw=0.2069) | saving candidate: 169425715190394.pth
[TRAIN] Step 226/350 | 01:44:20
[TRAIN] Step 226 | Loss=0.674690 | Best makespan in group=542.00
[TRAIN] Step 227/350 | 01:44:59
[TRAIN] Step 227 | Loss=0.659425 | Best makespan in group=520.00
[TRAIN] Step 228/350 | 01:45:37
[TRAIN] Step 228 | Loss=0.657863 | Best makespan in group=429.00
[TRAIN] Step 229/350 | 01:46:16
[TRAIN] Step 229 | Loss=0.661153 | Best makespan in group=585.00
[TRAIN] Step 230/350 | 01:46:54
[TRAIN] Step 230 | Loss=0.599346 | Best makespan in group=325.00
[TRAIN] Step 231/350 | 01:47:31
[TRAIN] Step 231 | Loss=0.576407 | Best makespan in group=297.00
[TRAIN] Step 232/350 | 01:48:07
[TRAIN] Step 232 | Loss=0.659841 | Best makespan in group=324.00
[TRAIN] Step 233/350 | 01:48:49
[TRAIN] Step 233 | Loss=0.616024 | Best makespan in group=335.00
[TRAIN] Step 234/350 | 01:49:24
[TRAIN] Step 234 | Loss=0.618790 | Best makespan in group=411.00
[TRAIN] Step 235/350 | 01:50:02
[TRAIN] Step 235 | Loss=0.888928 | Best makespan in group=362.00
[TRAIN] Step 236/350 | 01:50:36
[TRAIN] Step 236 | Loss=0.699253 | Best makespan in group=377.00
[TRAIN] Step 237/350 | 01:51:10
[TRAIN] Step 237 | Loss=0.694600 | Best makespan in group=435.00
[TRAIN] Step 238/350 | 01:51:47
[TRAIN] Step 238 | Loss=0.716181 | Best makespan in group=318.00
[TRAIN] Step 239/350 | 01:52:24
[TRAIN] Step 239 | Loss=0.560361 | Best makespan in group=408.00
[TRAIN] Step 240/350 | 01:53:04
[TRAIN] Step 240 | Loss=0.849687 | Best makespan in group=373.00
[TRAIN] Step 241/350 | 01:53:44
[TRAIN] Step 241 | Loss=0.674990 | Best makespan in group=442.00
[TRAIN] Step 242/350 | 01:54:18
[TRAIN] Step 242 | Loss=0.766224 | Best makespan in group=346.00
[TRAIN] Step 243/350 | 01:55:03
[TRAIN] Step 243 | Loss=0.784032 | Best makespan in group=365.00
[TRAIN] Step 244/350 | 01:55:36
[TRAIN] Step 244 | Loss=0.625207 | Best makespan in group=517.00
[TRAIN] Step 245/350 | 01:56:14
[TRAIN] Step 245 | Loss=0.841714 | Best makespan in group=375.00
[TRAIN] Step 246/350 | 01:56:55
[TRAIN] Step 246 | Loss=0.678815 | Best makespan in group=376.00
[TRAIN] Step 247/350 | 01:57:37
[TRAIN] Step 247 | Loss=0.536508 | Best makespan in group=368.00
[TRAIN] Step 248/350 | 01:58:13
[TRAIN] Step 248 | Loss=0.807559 | Best makespan in group=471.00
[TRAIN] Step 249/350 | 01:58:54
[TRAIN] Step 249 | Loss=0.619131 | Best makespan in group=403.00
[TRAIN] Step 250/350 | 01:59:29
[TRAIN] Step 250 | Loss=0.811360 | Best makespan in group=379.00
[TRAIN][VAL][ep 250] avg_gap=0.1973 | std_gap=0.0833 | q80_gap=0.2551 | n=20
[TRAIN] Validation improved | smoothed_avg_gap=0.1948 (raw=0.1973) | saving candidate: 19196220104575.pth
[TRAIN] Step 251/350 | 02:00:52
[TRAIN] Step 251 | Loss=0.681868 | Best makespan in group=543.00
[TRAIN] Step 252/350 | 02:01:30
[TRAIN] Step 252 | Loss=0.589224 | Best makespan in group=489.00
[TRAIN] Step 253/350 | 02:02:04
[TRAIN] Step 253 | Loss=0.729627 | Best makespan in group=390.00
[TRAIN] Step 254/350 | 02:02:45
[TRAIN] Step 254 | Loss=0.517115 | Best makespan in group=465.00
[TRAIN] Step 255/350 | 02:03:20
[TRAIN] Step 255 | Loss=0.671127 | Best makespan in group=402.00
[TRAIN] Step 256/350 | 02:04:01
[TRAIN] Step 256 | Loss=0.683116 | Best makespan in group=427.00
[TRAIN] Step 257/350 | 02:04:37
[TRAIN] Step 257 | Loss=0.724615 | Best makespan in group=351.00
[TRAIN] Step 258/350 | 02:05:20
[TRAIN] Step 258 | Loss=0.545028 | Best makespan in group=366.00
[TRAIN] Step 259/350 | 02:06:01
[TRAIN] Step 259 | Loss=0.622645 | Best makespan in group=528.00
[TRAIN] Step 260/350 | 02:06:40
[TRAIN] Step 260 | Loss=0.617875 | Best makespan in group=385.00
[TRAIN] Step 261/350 | 02:07:20
[TRAIN] Step 261 | Loss=0.609770 | Best makespan in group=431.00
[TRAIN] Step 262/350 | 02:07:55
[TRAIN] Step 262 | Loss=0.654376 | Best makespan in group=416.00
[TRAIN] Step 263/350 | 02:08:33
[TRAIN] Step 263 | Loss=0.528235 | Best makespan in group=366.00
[TRAIN] Step 264/350 | 02:09:06
[TRAIN] Step 264 | Loss=0.479143 | Best makespan in group=411.00
[TRAIN] Step 265/350 | 02:09:42
[TRAIN] Step 265 | Loss=0.698534 | Best makespan in group=362.00
[TRAIN] Step 266/350 | 02:10:22
[TRAIN] Step 266 | Loss=0.503884 | Best makespan in group=371.00
[TRAIN] Step 267/350 | 02:11:02
[TRAIN] Step 267 | Loss=0.575286 | Best makespan in group=525.00
[TRAIN] Step 268/350 | 02:11:42
[TRAIN] Step 268 | Loss=0.626377 | Best makespan in group=518.00
[TRAIN] Step 269/350 | 02:12:20
[TRAIN] Step 269 | Loss=0.551242 | Best makespan in group=407.00
[TRAIN] Step 270/350 | 02:13:01
[TRAIN] Step 270 | Loss=0.625160 | Best makespan in group=346.00
[TRAIN] Step 271/350 | 02:13:43
[TRAIN] Step 271 | Loss=0.555446 | Best makespan in group=330.00
[TRAIN] Step 272/350 | 02:14:20
[TRAIN] Step 272 | Loss=0.814534 | Best makespan in group=382.00
[TRAIN] Step 273/350 | 02:15:03
[TRAIN] Step 273 | Loss=0.611453 | Best makespan in group=369.00
[TRAIN] Step 274/350 | 02:15:45
[TRAIN] Step 274 | Loss=0.802451 | Best makespan in group=359.00
[TRAIN] Step 275/350 | 02:16:22
[TRAIN] Step 275 | Loss=0.656223 | Best makespan in group=403.00
[TRAIN][VAL][ep 275] avg_gap=0.1654 | std_gap=0.0683 | q80_gap=0.2335 | n=20
[TRAIN] Validation improved | smoothed_avg_gap=0.1899 (raw=0.1654) | saving candidate: 655380677086636.pth
[TRAIN] Step 276/350 | 02:17:38
[TRAIN] Step 276 | Loss=0.518314 | Best makespan in group=338.00
[TRAIN] Step 277/350 | 02:18:21
[TRAIN] Step 277 | Loss=0.634310 | Best makespan in group=416.00
[TRAIN] Step 278/350 | 02:18:56
[TRAIN] Step 278 | Loss=0.758839 | Best makespan in group=460.00
[TRAIN] Step 279/350 | 02:19:38
[TRAIN] Step 279 | Loss=0.637264 | Best makespan in group=374.00
[TRAIN] Step 280/350 | 02:20:18
[TRAIN] Step 280 | Loss=0.891179 | Best makespan in group=375.00
[TRAIN] Step 281/350 | 02:20:58
[TRAIN] Step 281 | Loss=0.514054 | Best makespan in group=355.00
[TRAIN] Step 282/350 | 02:21:32
[TRAIN] Step 282 | Loss=0.607325 | Best makespan in group=321.00
[TRAIN] Step 283/350 | 02:22:06
[TRAIN] Step 283 | Loss=0.677672 | Best makespan in group=550.00
[TRAIN] Step 284/350 | 02:22:44
[TRAIN] Step 284 | Loss=0.585170 | Best makespan in group=396.00
[TRAIN] Step 285/350 | 02:23:24
[TRAIN] Step 285 | Loss=0.652253 | Best makespan in group=300.00
[TRAIN] Step 286/350 | 02:23:59
[TRAIN] Step 286 | Loss=0.635459 | Best makespan in group=484.00
[TRAIN] Step 287/350 | 02:24:33
[TRAIN] Step 287 | Loss=0.517758 | Best makespan in group=462.00
[TRAIN] Step 288/350 | 02:25:08
[TRAIN] Step 288 | Loss=0.651122 | Best makespan in group=378.00
[TRAIN] Step 289/350 | 02:25:42
[TRAIN] Step 289 | Loss=0.659603 | Best makespan in group=352.00
[TRAIN] Step 290/350 | 02:26:24
[TRAIN] Step 290 | Loss=0.695890 | Best makespan in group=388.00
[TRAIN] Step 291/350 | 02:27:05
[TRAIN] Step 291 | Loss=0.668270 | Best makespan in group=320.00
[TRAIN] Step 292/350 | 02:27:46
[TRAIN] Step 292 | Loss=0.695321 | Best makespan in group=457.00
[TRAIN] Step 293/350 | 02:28:22
[TRAIN] Step 293 | Loss=0.596620 | Best makespan in group=362.00
[TRAIN] Step 294/350 | 02:29:01
[TRAIN] Step 294 | Loss=0.658682 | Best makespan in group=548.00
[TRAIN] Step 295/350 | 02:29:39
[TRAIN] Step 295 | Loss=0.625597 | Best makespan in group=363.00
[TRAIN] Step 296/350 | 02:30:13
[TRAIN] Step 296 | Loss=0.658293 | Best makespan in group=358.00
[TRAIN] Step 297/350 | 02:30:47
[TRAIN] Step 297 | Loss=0.575897 | Best makespan in group=522.00
[TRAIN] Step 298/350 | 02:31:25
[TRAIN] Step 298 | Loss=0.559562 | Best makespan in group=381.00
[TRAIN] Step 299/350 | 02:32:05
[TRAIN] Step 299 | Loss=0.625557 | Best makespan in group=399.00
[TRAIN] Step 300/350 | 02:32:42
[TRAIN] Step 300 | Loss=0.538844 | Best makespan in group=391.00
[TRAIN][VAL][ep 300] avg_gap=0.1684 | std_gap=0.0643 | q80_gap=0.2123 | n=20
[TRAIN] Validation improved | smoothed_avg_gap=0.1771 (raw=0.1684) | saving candidate: 99726506189412.pth
[TRAIN] Step 301/350 | 02:34:02
[TRAIN] Step 301 | Loss=0.677733 | Best makespan in group=460.00
[TRAIN] Step 302/350 | 02:34:43
[TRAIN] Step 302 | Loss=0.553648 | Best makespan in group=397.00
[TRAIN] Step 303/350 | 02:35:23
[TRAIN] Step 303 | Loss=0.719615 | Best makespan in group=298.00
[TRAIN] Step 304/350 | 02:35:58
[TRAIN] Step 304 | Loss=0.837921 | Best makespan in group=400.00
[TRAIN] Step 305/350 | 02:36:33
[TRAIN] Step 305 | Loss=0.669986 | Best makespan in group=528.00
[TRAIN] Step 306/350 | 02:37:11
[TRAIN] Step 306 | Loss=0.591976 | Best makespan in group=358.00
[TRAIN] Step 307/350 | 02:37:46
[TRAIN] Step 307 | Loss=0.693922 | Best makespan in group=410.00
[TRAIN] Step 308/350 | 02:38:24
[TRAIN] Step 308 | Loss=0.597591 | Best makespan in group=328.00
[TRAIN] Step 309/350 | 02:39:02
[TRAIN] Step 309 | Loss=0.711874 | Best makespan in group=370.00
[TRAIN] Step 310/350 | 02:39:43
[TRAIN] Step 310 | Loss=0.522142 | Best makespan in group=359.00
[TRAIN] Step 311/350 | 02:40:22
[TRAIN] Step 311 | Loss=0.767318 | Best makespan in group=364.00
[TRAIN] Step 312/350 | 02:41:05
[TRAIN] Step 312 | Loss=0.682721 | Best makespan in group=378.00
[TRAIN] Step 313/350 | 02:41:46
[TRAIN] Step 313 | Loss=0.604168 | Best makespan in group=378.00
[TRAIN] Step 314/350 | 02:42:21
[TRAIN] Step 314 | Loss=0.618159 | Best makespan in group=349.00
[TRAIN] Step 315/350 | 02:43:04
[TRAIN] Step 315 | Loss=0.659995 | Best makespan in group=325.00
[TRAIN] Step 316/350 | 02:43:39
[TRAIN] Step 316 | Loss=0.693781 | Best makespan in group=347.00
[TRAIN] Step 317/350 | 02:44:20
[TRAIN] Step 317 | Loss=0.755349 | Best makespan in group=385.00
[TRAIN] Step 318/350 | 02:45:02
[TRAIN] Step 318 | Loss=0.723714 | Best makespan in group=476.00
[TRAIN] Step 319/350 | 02:45:35
[TRAIN] Step 319 | Loss=0.679430 | Best makespan in group=460.00
[TRAIN] Step 320/350 | 02:46:09
[TRAIN] Step 320 | Loss=0.606261 | Best makespan in group=426.00
[TRAIN] Step 321/350 | 02:46:44
[TRAIN] Step 321 | Loss=0.707502 | Best makespan in group=397.00
[TRAIN] Step 322/350 | 02:47:25
[TRAIN] Step 322 | Loss=0.656615 | Best makespan in group=532.00
[TRAIN] Step 323/350 | 02:48:03
[TRAIN] Step 323 | Loss=0.521902 | Best makespan in group=349.00
[TRAIN] Step 324/350 | 02:48:45
[TRAIN] Step 324 | Loss=0.680670 | Best makespan in group=367.00
[TRAIN] Step 325/350 | 02:49:19
[TRAIN] Step 325 | Loss=0.561866 | Best makespan in group=360.00
[TRAIN][VAL][ep 325] avg_gap=0.1724 | std_gap=0.0734 | q80_gap=0.2313 | n=20
[TRAIN] Validation improved | smoothed_avg_gap=0.1688 (raw=0.1724) | saving candidate: 932692304751720.pth
[TRAIN] Step 326/350 | 02:50:39
[TRAIN] Step 326 | Loss=0.644953 | Best makespan in group=330.00
[TRAIN] Step 327/350 | 02:51:20
[TRAIN] Step 327 | Loss=0.665381 | Best makespan in group=355.00
[TRAIN] Step 328/350 | 02:52:02
[TRAIN] Step 328 | Loss=0.594114 | Best makespan in group=332.00
[TRAIN] Step 329/350 | 02:52:38
[TRAIN] Step 329 | Loss=0.622227 | Best makespan in group=369.00
[TRAIN] Step 330/350 | 02:53:18
[TRAIN] Step 330 | Loss=0.653186 | Best makespan in group=417.00
[TRAIN] Step 331/350 | 02:53:53
[TRAIN] Step 331 | Loss=0.556507 | Best makespan in group=389.00
[TRAIN] Step 332/350 | 02:54:33
[TRAIN] Step 332 | Loss=0.723748 | Best makespan in group=465.00
[TRAIN] Step 333/350 | 02:55:08
[TRAIN] Step 333 | Loss=0.673659 | Best makespan in group=526.00
[TRAIN] Step 334/350 | 02:55:47
[TRAIN] Step 334 | Loss=0.676204 | Best makespan in group=515.00
[TRAIN] Step 335/350 | 02:56:27
[TRAIN] Step 335 | Loss=0.600869 | Best makespan in group=413.00
[TRAIN] Step 336/350 | 02:57:02
[TRAIN] Step 336 | Loss=0.612815 | Best makespan in group=377.00
[TRAIN] Step 337/350 | 02:57:45
[TRAIN] Step 337 | Loss=0.639445 | Best makespan in group=422.00
[TRAIN] Step 338/350 | 02:58:23
[TRAIN] Step 338 | Loss=0.718191 | Best makespan in group=471.00
[TRAIN] Step 339/350 | 02:58:57
[TRAIN] Step 339 | Loss=0.780828 | Best makespan in group=303.00
[TRAIN] Step 340/350 | 02:59:32
[TRAIN] Step 340 | Loss=0.551757 | Best makespan in group=372.00
[TRAIN] Step 341/350 | 03:00:06
[TRAIN] Step 341 | Loss=0.799767 | Best makespan in group=363.00
[TRAIN] Step 342/350 | 03:00:46
[TRAIN] Step 342 | Loss=0.655643 | Best makespan in group=318.00
[TRAIN] Step 343/350 | 03:01:24
[TRAIN] Step 343 | Loss=0.587096 | Best makespan in group=401.00
[TRAIN] Step 344/350 | 03:02:03
[TRAIN] Step 344 | Loss=0.559730 | Best makespan in group=373.00
[TRAIN] Step 345/350 | 03:02:45
[TRAIN] Step 345 | Loss=0.598403 | Best makespan in group=344.00
[TRAIN] Step 346/350 | 03:03:30
[TRAIN] Step 346 | Loss=0.632722 | Best makespan in group=359.00
[TRAIN] Step 347/350 | 03:04:05
[TRAIN] Step 347 | Loss=0.789054 | Best makespan in group=360.00
[TRAIN] Step 348/350 | 03:04:38
[TRAIN] Step 348 | Loss=0.671993 | Best makespan in group=431.00
[TRAIN] Step 349/350 | 03:05:14
[TRAIN] Step 349 | Loss=0.781003 | Best makespan in group=368.00
[TRAIN] Step 350/350 | 03:05:55
[TRAIN] Step 350 | Loss=0.577590 | Best makespan in group=460.00
[TRAIN][VAL][ep 350] avg_gap=0.1612 | std_gap=0.0797 | q80_gap=0.2420 | n=20
[TRAIN] Validation improved | smoothed_avg_gap=0.1673 (raw=0.1612) | saving candidate: 411825325582948.pth
[TRAIN] Evaluating best checkpoint (candidate_models/411825325582948.pth) on the held-out test split...
[TRAIN][TEST] avg_gap=0.1276 | std_gap=0.0801 | q80_gap=0.2048 | n=20
[TRAIN][03:07:53] Training ended. Validation history and plots updated.
