D:\Dissertação\dissertation-bopo_introduction\venv\Lib\site-packages\torch\jit\_script.py:1485: FutureWarning: `torch.jit.script` is not supported in Python 3.14+ and may break. Please switch to `torch.compile` or `torch.export`.
  warnings.warn(
=== START convergence_check_ojm_gin_fixed @ 15:07:25 ===
============================================================
[TRAIN] Training started at: 2026-09-18 15:07:25
[TRAIN] Hyperparams | max_steps=250 | new_freq=125
[TRAIN]             | n_cases=25 | B=24 | K=8 | use_greedy=True | lr=0.0005
[TRAIN]             | warm_start_steps=150
[TRAIN]             | hidden_channels=128 | num_layers=2 | heads=3
[TRAIN] Representation | ojm | GNN | gin
[TRAIN] Problem size | jobs=[8,10] | machines=[5,10] | ops_per_job=[5,6] | max_proc=100
============================================================
[TRAIN] Output run folder: results\convergence_check_ojm_gin_fixed
[TRAIN] Validation config | every=25 steps | instances=30 (representative subset)
[TRAIN] Warm-start (behavior cloning vs. dispatch heuristic) | 150 step(s)...
[TRAIN][WARMSTART] step 7/150 | instance=2 | bc_loss=2.2062 | decisions=47
[TRAIN][WARMSTART] step 14/150 | instance=0 | bc_loss=1.9697 | decisions=52
[TRAIN][WARMSTART] step 21/150 | instance=6 | bc_loss=1.9298 | decisions=42
[TRAIN][WARMSTART] step 28/150 | instance=8 | bc_loss=1.8749 | decisions=55
[TRAIN][WARMSTART] step 35/150 | instance=10 | bc_loss=1.4578 | decisions=44
[TRAIN][WARMSTART] step 42/150 | instance=15 | bc_loss=1.7823 | decisions=44
[TRAIN][WARMSTART] step 49/150 | instance=13 | bc_loss=1.4385 | decisions=44
[TRAIN][WARMSTART] step 56/150 | instance=9 | bc_loss=1.3750 | decisions=42
[TRAIN][WARMSTART] step 63/150 | instance=6 | bc_loss=1.6950 | decisions=42
[TRAIN][WARMSTART] step 70/150 | instance=14 | bc_loss=1.7821 | decisions=44
[TRAIN][WARMSTART] step 77/150 | instance=15 | bc_loss=1.8044 | decisions=44
[TRAIN][WARMSTART] step 84/150 | instance=14 | bc_loss=1.5858 | decisions=44
[TRAIN][WARMSTART] step 91/150 | instance=11 | bc_loss=1.8652 | decisions=58
[TRAIN][WARMSTART] step 98/150 | instance=1 | bc_loss=1.7513 | decisions=50
[TRAIN][WARMSTART] step 105/150 | instance=18 | bc_loss=1.6290 | decisions=44
[TRAIN][WARMSTART] step 112/150 | instance=23 | bc_loss=1.6203 | decisions=46
[TRAIN][WARMSTART] step 119/150 | instance=2 | bc_loss=1.3532 | decisions=47
[TRAIN][WARMSTART] step 126/150 | instance=5 | bc_loss=1.4891 | decisions=44
[TRAIN][WARMSTART] step 133/150 | instance=11 | bc_loss=1.5844 | decisions=58
[TRAIN][WARMSTART] step 140/150 | instance=12 | bc_loss=1.6941 | decisions=47
[TRAIN][WARMSTART] step 147/150 | instance=11 | bc_loss=1.4581 | decisions=58
[TRAIN][WARMSTART] step 150/150 | instance=2 | bc_loss=1.2997 | decisions=47
[TRAIN] Warm-start complete, switching to BOPO preference optimization.
------------------------------------------------------------
[TRAIN] BOPO agent ready. Starting training loop for 250 step(s)...
------------------------------------------------------------
[TRAIN] Step 1/250 | 15:12:26
[TRAIN] Step 1 | Loss=5.444548 | Best makespan in group=420.00
[TRAIN] Step 2/250 | 15:12:49
[TRAIN] Step 2 | Loss=9.617071 | Best makespan in group=530.00
[TRAIN] Step 3/250 | 15:13:09
[TRAIN] Step 3 | Loss=-0.000000 | Best makespan in group=442.00
[TRAIN] Step 4/250 | 15:13:26
[TRAIN] Step 4 | Loss=-0.000000 | Best makespan in group=406.00
[TRAIN] Step 5/250 | 15:13:44
[TRAIN] Step 5 | Loss=15.852576 | Best makespan in group=495.00
[TRAIN] Step 6/250 | 15:14:10
[TRAIN] Step 6 | Loss=2.978355 | Best makespan in group=407.00
[TRAIN] Step 7/250 | 15:14:31
[TRAIN] Step 7 | Loss=0.018601 | Best makespan in group=458.00
[TRAIN] Step 8/250 | 15:14:57
[TRAIN] Step 8 | Loss=0.000000 | Best makespan in group=380.00
[TRAIN] Step 9/250 | 15:15:15
[TRAIN] Step 9 | Loss=0.012944 | Best makespan in group=438.00
[TRAIN] Step 10/250 | 15:15:31
[TRAIN] Step 10 | Loss=4.223630 | Best makespan in group=490.00
[TRAIN] Step 11/250 | 15:15:56
[TRAIN] Step 11 | Loss=4.840280 | Best makespan in group=337.00
[TRAIN] Step 12/250 | 15:16:23
[TRAIN] Step 12 | Loss=0.886967 | Best makespan in group=494.00
[TRAIN] Step 13/250 | 15:16:42
[TRAIN] Step 13 | Loss=2.123984 | Best makespan in group=468.00
[TRAIN] Step 14/250 | 15:17:08
[TRAIN] Step 14 | Loss=0.941136 | Best makespan in group=588.00
[TRAIN] Step 15/250 | 15:17:29
[TRAIN] Step 15 | Loss=0.063842 | Best makespan in group=436.00
[TRAIN] Step 16/250 | 15:17:51
[TRAIN] Step 16 | Loss=0.000000 | Best makespan in group=420.00
[TRAIN] Step 17/250 | 15:18:09
[TRAIN] Step 17 | Loss=1.135385 | Best makespan in group=456.00
[TRAIN] Step 18/250 | 15:18:37
[TRAIN] Step 18 | Loss=2.601370 | Best makespan in group=508.00
[TRAIN] Step 19/250 | 15:18:57
[TRAIN] Step 19 | Loss=0.180224 | Best makespan in group=370.00
[TRAIN] Step 20/250 | 15:19:20
[TRAIN] Step 20 | Loss=0.408914 | Best makespan in group=391.00
[TRAIN] Step 21/250 | 15:19:40
[TRAIN] Step 21 | Loss=-0.000000 | Best makespan in group=596.00
[TRAIN] Step 22/250 | 15:20:06
[TRAIN] Step 22 | Loss=0.404140 | Best makespan in group=582.00
[TRAIN] Step 23/250 | 15:20:31
[TRAIN] Step 23 | Loss=0.002852 | Best makespan in group=446.00
[TRAIN] Step 24/250 | 15:21:00
[TRAIN] Step 24 | Loss=0.000001 | Best makespan in group=332.00
[TRAIN] Step 25/250 | 15:21:22
[TRAIN] Step 25 | Loss=3.016215 | Best makespan in group=575.00
[TRAIN][VAL][ep 25] avg_gap=0.2518 | std_gap=0.1124 | q80_gap=0.3771 | n=30
[TRAIN] Validation improved | avg_gap=0.2518 | saving candidate: 957311527520975.pth
[TRAIN] Step 26/250 | 15:23:09
[TRAIN] Step 26 | Loss=3.313656 | Best makespan in group=335.00
[TRAIN] Step 27/250 | 15:23:36
[TRAIN] Step 27 | Loss=2.430644 | Best makespan in group=450.00
[TRAIN] Step 28/250 | 15:23:52
[TRAIN] Step 28 | Loss=2.651827 | Best makespan in group=544.00
[TRAIN] Step 29/250 | 15:24:09
[TRAIN] Step 29 | Loss=8.237028 | Best makespan in group=473.00
[TRAIN] Step 30/250 | 15:24:28
[TRAIN] Step 30 | Loss=5.772700 | Best makespan in group=562.00
[TRAIN] Step 31/250 | 15:24:46
[TRAIN] Step 31 | Loss=0.000580 | Best makespan in group=466.00
[TRAIN] Step 32/250 | 15:25:06
[TRAIN] Step 32 | Loss=0.000002 | Best makespan in group=507.00
[TRAIN] Step 33/250 | 15:25:26
[TRAIN] Step 33 | Loss=0.273473 | Best makespan in group=462.00
[TRAIN] Step 34/250 | 15:25:51
[TRAIN] Step 34 | Loss=0.001891 | Best makespan in group=492.00
[TRAIN] Step 35/250 | 15:26:14
[TRAIN] Step 35 | Loss=0.000009 | Best makespan in group=490.00
[TRAIN] Step 36/250 | 15:26:33
[TRAIN] Step 36 | Loss=1.317900 | Best makespan in group=436.00
[TRAIN] Step 37/250 | 15:26:55
[TRAIN] Step 37 | Loss=0.000016 | Best makespan in group=590.00
[TRAIN] Step 38/250 | 15:27:18
[TRAIN] Step 38 | Loss=0.000002 | Best makespan in group=442.00
[TRAIN] Step 39/250 | 15:27:44
[TRAIN] Step 39 | Loss=6.007123 | Best makespan in group=361.00
[TRAIN] Step 40/250 | 15:28:05
[TRAIN] Step 40 | Loss=0.000014 | Best makespan in group=389.00
[TRAIN] Step 41/250 | 15:28:25
[TRAIN] Step 41 | Loss=1.194671 | Best makespan in group=402.00
[TRAIN] Step 42/250 | 15:28:43
[TRAIN] Step 42 | Loss=0.000314 | Best makespan in group=424.00
[TRAIN] Step 43/250 | 15:29:09
[TRAIN] Step 43 | Loss=0.518476 | Best makespan in group=544.00
[TRAIN] Step 44/250 | 15:29:30
[TRAIN] Step 44 | Loss=0.000348 | Best makespan in group=375.00
[TRAIN] Step 45/250 | 15:29:52
[TRAIN] Step 45 | Loss=0.334303 | Best makespan in group=351.00
[TRAIN] Step 46/250 | 15:30:11
[TRAIN] Step 46 | Loss=0.000159 | Best makespan in group=533.00
[TRAIN] Step 47/250 | 15:30:31
[TRAIN] Step 47 | Loss=0.003195 | Best makespan in group=384.00
[TRAIN] Step 48/250 | 15:30:49
[TRAIN] Step 48 | Loss=0.028626 | Best makespan in group=328.00
[TRAIN] Step 49/250 | 15:31:09
[TRAIN] Step 49 | Loss=0.054056 | Best makespan in group=431.00
[TRAIN] Step 50/250 | 15:31:27
[TRAIN] Step 50 | Loss=0.007053 | Best makespan in group=396.00
[TRAIN][VAL][ep 50] avg_gap=0.2144 | std_gap=0.0896 | q80_gap=0.2971 | n=30
[TRAIN] Validation improved | avg_gap=0.2144 | saving candidate: 449277503639480.pth
[TRAIN] Step 51/250 | 15:33:05
[TRAIN] Step 51 | Loss=1.193221 | Best makespan in group=448.00
[TRAIN] Step 52/250 | 15:33:27
[TRAIN] Step 52 | Loss=0.046994 | Best makespan in group=378.00
[TRAIN] Step 53/250 | 15:33:49
[TRAIN] Step 53 | Loss=0.001246 | Best makespan in group=443.00
[TRAIN] Step 54/250 | 15:34:12
[TRAIN] Step 54 | Loss=0.395552 | Best makespan in group=383.00
[TRAIN] Step 55/250 | 15:34:32
[TRAIN] Step 55 | Loss=0.001099 | Best makespan in group=503.00
[TRAIN] Step 56/250 | 15:34:57
[TRAIN] Step 56 | Loss=0.000442 | Best makespan in group=392.00
[TRAIN] Step 57/250 | 15:35:16
[TRAIN] Step 57 | Loss=0.038988 | Best makespan in group=522.00
[TRAIN] Step 58/250 | 15:35:37
[TRAIN] Step 58 | Loss=0.010606 | Best makespan in group=328.00
[TRAIN] Step 59/250 | 15:36:03
[TRAIN] Step 59 | Loss=0.113561 | Best makespan in group=342.00
[TRAIN] Step 60/250 | 15:36:22
[TRAIN] Step 60 | Loss=0.255400 | Best makespan in group=413.00
[TRAIN] Step 61/250 | 15:36:42
[TRAIN] Step 61 | Loss=0.015667 | Best makespan in group=535.00
[TRAIN] Step 62/250 | 15:37:00
[TRAIN] Step 62 | Loss=0.000137 | Best makespan in group=443.00
[TRAIN] Step 63/250 | 15:37:26
[TRAIN] Step 63 | Loss=0.000051 | Best makespan in group=443.00
[TRAIN] Step 64/250 | 15:37:45
[TRAIN] Step 64 | Loss=0.000761 | Best makespan in group=534.00
[TRAIN] Step 65/250 | 15:38:04
[TRAIN] Step 65 | Loss=0.000133 | Best makespan in group=435.00
[TRAIN] Step 66/250 | 15:38:28
[TRAIN] Step 66 | Loss=0.405823 | Best makespan in group=499.00
[TRAIN] Step 67/250 | 15:38:48
[TRAIN] Step 67 | Loss=0.021632 | Best makespan in group=364.00
[TRAIN] Step 68/250 | 15:39:09
[TRAIN] Step 68 | Loss=0.012868 | Best makespan in group=408.00
[TRAIN] Step 69/250 | 15:39:26
[TRAIN] Step 69 | Loss=0.000294 | Best makespan in group=540.00
[TRAIN] Step 70/250 | 15:39:48
[TRAIN] Step 70 | Loss=0.000011 | Best makespan in group=394.00
[TRAIN] Step 71/250 | 15:40:16
[TRAIN] Step 71 | Loss=0.004246 | Best makespan in group=393.00
[TRAIN] Step 72/250 | 15:40:34
[TRAIN] Step 72 | Loss=0.002334 | Best makespan in group=414.00
[TRAIN] Step 73/250 | 15:40:51
[TRAIN] Step 73 | Loss=0.000056 | Best makespan in group=581.00
[TRAIN] Step 74/250 | 15:41:14
[TRAIN] Step 74 | Loss=0.000024 | Best makespan in group=436.00
[TRAIN] Step 75/250 | 15:41:37
[TRAIN] Step 75 | Loss=0.000167 | Best makespan in group=497.00
[TRAIN][VAL][ep 75] avg_gap=0.2137 | std_gap=0.1007 | q80_gap=0.2945 | n=30
[TRAIN] Validation improved | avg_gap=0.2137 | saving candidate: 723412193543104.pth
[TRAIN] Step 76/250 | 15:43:00
[TRAIN] Step 76 | Loss=0.000003 | Best makespan in group=455.00
[TRAIN] Step 77/250 | 15:43:25
[TRAIN] Step 77 | Loss=0.000034 | Best makespan in group=377.00
[TRAIN] Step 78/250 | 15:43:46
[TRAIN] Step 78 | Loss=0.120376 | Best makespan in group=371.00
[TRAIN] Step 79/250 | 15:44:07
[TRAIN] Step 79 | Loss=0.000306 | Best makespan in group=448.00
[TRAIN] Step 80/250 | 15:44:24
[TRAIN] Step 80 | Loss=0.000008 | Best makespan in group=405.00
[TRAIN] Step 81/250 | 15:44:40
[TRAIN] Step 81 | Loss=0.000328 | Best makespan in group=348.00
[TRAIN] Step 82/250 | 15:44:59
[TRAIN] Step 82 | Loss=1.920571 | Best makespan in group=490.00
[TRAIN] Step 83/250 | 15:45:13
[TRAIN] Step 83 | Loss=-0.000000 | Best makespan in group=518.00
[TRAIN] Step 84/250 | 15:45:30
[TRAIN] Step 84 | Loss=0.000003 | Best makespan in group=477.00
[TRAIN] Step 85/250 | 15:45:51
[TRAIN] Step 85 | Loss=0.000018 | Best makespan in group=408.00
[TRAIN] Step 86/250 | 15:46:13
[TRAIN] Step 86 | Loss=0.000034 | Best makespan in group=586.00
[TRAIN] Step 87/250 | 15:46:28
[TRAIN] Step 87 | Loss=0.418156 | Best makespan in group=420.00
[TRAIN] Step 88/250 | 15:46:47
[TRAIN] Step 88 | Loss=0.000000 | Best makespan in group=457.00
[TRAIN] Step 89/250 | 15:47:09
[TRAIN] Step 89 | Loss=0.000250 | Best makespan in group=565.00
[TRAIN] Step 90/250 | 15:47:23
[TRAIN] Step 90 | Loss=1.172675 | Best makespan in group=350.00
[TRAIN] Step 91/250 | 15:47:43
[TRAIN] Step 91 | Loss=0.063048 | Best makespan in group=582.00
[TRAIN] Step 92/250 | 15:48:00
[TRAIN] Step 92 | Loss=0.019349 | Best makespan in group=381.00
[TRAIN] Step 93/250 | 15:48:16
[TRAIN] Step 93 | Loss=0.260206 | Best makespan in group=402.00
[TRAIN] Step 94/250 | 15:48:29
[TRAIN] Step 94 | Loss=0.000008 | Best makespan in group=441.00
[TRAIN] Step 95/250 | 15:48:44
[TRAIN] Step 95 | Loss=0.000082 | Best makespan in group=429.00
[TRAIN] Step 96/250 | 15:48:57
[TRAIN] Step 96 | Loss=0.454437 | Best makespan in group=446.00
[TRAIN] Step 97/250 | 15:49:12
[TRAIN] Step 97 | Loss=0.612808 | Best makespan in group=399.00
[TRAIN] Step 98/250 | 15:49:24
[TRAIN] Step 98 | Loss=0.000080 | Best makespan in group=502.00
[TRAIN] Step 99/250 | 15:49:36
[TRAIN] Step 99 | Loss=0.000020 | Best makespan in group=588.00
[TRAIN] Step 100/250 | 15:49:50
[TRAIN] Step 100 | Loss=0.000113 | Best makespan in group=341.00
[TRAIN][VAL][ep 100] avg_gap=0.2326 | std_gap=0.1241 | q80_gap=0.3456 | n=30
[TRAIN] Step 101/250 | 15:50:41
[TRAIN] Step 101 | Loss=0.000002 | Best makespan in group=562.00
[TRAIN] Step 102/250 | 15:50:54
[TRAIN] Step 102 | Loss=1.659732 | Best makespan in group=393.00
[TRAIN] Step 103/250 | 15:51:05
[TRAIN] Step 103 | Loss=0.000064 | Best makespan in group=563.00
[TRAIN] Step 104/250 | 15:51:17
[TRAIN] Step 104 | Loss=0.000008 | Best makespan in group=359.00
[TRAIN] Step 105/250 | 15:51:30
[TRAIN] Step 105 | Loss=0.084907 | Best makespan in group=375.00
[TRAIN] Step 106/250 | 15:51:44
[TRAIN] Step 106 | Loss=0.000029 | Best makespan in group=480.00
[TRAIN] Step 107/250 | 15:51:55
[TRAIN] Step 107 | Loss=0.192959 | Best makespan in group=521.00
[TRAIN] Step 108/250 | 15:52:11
[TRAIN] Step 108 | Loss=0.000013 | Best makespan in group=426.00
[TRAIN] Step 109/250 | 15:52:26
[TRAIN] Step 109 | Loss=0.000028 | Best makespan in group=540.00
[TRAIN] Step 110/250 | 15:52:37
[TRAIN] Step 110 | Loss=0.816292 | Best makespan in group=335.00
[TRAIN] Step 111/250 | 15:52:49
[TRAIN] Step 111 | Loss=0.013991 | Best makespan in group=333.00
[TRAIN] Step 112/250 | 15:53:04
[TRAIN] Step 112 | Loss=0.000004 | Best makespan in group=462.00
[TRAIN] Step 113/250 | 15:53:20
[TRAIN] Step 113 | Loss=0.000210 | Best makespan in group=432.00
[TRAIN] Step 114/250 | 15:53:31
[TRAIN] Step 114 | Loss=0.000003 | Best makespan in group=435.00
[TRAIN] Step 115/250 | 15:53:42
[TRAIN] Step 115 | Loss=1.027918 | Best makespan in group=380.00
[TRAIN] Step 116/250 | 15:53:55
[TRAIN] Step 116 | Loss=0.000203 | Best makespan in group=456.00
[TRAIN] Step 117/250 | 15:54:05
[TRAIN] Step 117 | Loss=0.000185 | Best makespan in group=516.00
[TRAIN] Step 118/250 | 15:54:16
[TRAIN] Step 118 | Loss=0.000467 | Best makespan in group=399.00
[TRAIN] Step 119/250 | 15:54:33
[TRAIN] Step 119 | Loss=0.003007 | Best makespan in group=420.00
[TRAIN] Step 120/250 | 15:54:45
[TRAIN] Step 120 | Loss=0.001521 | Best makespan in group=597.00
[TRAIN] Step 121/250 | 15:55:00
[TRAIN] Step 121 | Loss=0.000045 | Best makespan in group=366.00
[TRAIN] Step 122/250 | 15:55:12
[TRAIN] Step 122 | Loss=0.000597 | Best makespan in group=444.00
[TRAIN] Step 123/250 | 15:55:25
[TRAIN] Step 123 | Loss=0.000025 | Best makespan in group=435.00
[TRAIN] Step 124/250 | 15:55:42
[TRAIN] Step 124 | Loss=0.000051 | Best makespan in group=558.00
[TRAIN] Step 125/250 | 15:55:56
[TRAIN] Step 125 | Loss=0.000142 | Best makespan in group=459.00
[TRAIN] Refreshing training instances (step 125)...
[TRAIN][VAL][ep 125] avg_gap=0.2296 | std_gap=0.0979 | q80_gap=0.3436 | n=30
[TRAIN] Step 126/250 | 15:56:49
[TRAIN] Step 126 | Loss=0.000009 | Best makespan in group=367.00
[TRAIN] Step 127/250 | 15:57:06
[TRAIN] Step 127 | Loss=0.000019 | Best makespan in group=399.00
[TRAIN] Step 128/250 | 15:57:21
[TRAIN] Step 128 | Loss=0.118900 | Best makespan in group=441.00
[TRAIN] Step 129/250 | 15:57:32
[TRAIN] Step 129 | Loss=0.000222 | Best makespan in group=384.00
[TRAIN] Step 130/250 | 15:57:47
[TRAIN] Step 130 | Loss=3.166583 | Best makespan in group=408.00
[TRAIN] Step 131/250 | 15:58:03
[TRAIN] Step 131 | Loss=0.000151 | Best makespan in group=456.00
[TRAIN] Step 132/250 | 15:58:17
[TRAIN] Step 132 | Loss=0.003827 | Best makespan in group=593.00
[TRAIN] Step 133/250 | 15:58:31
[TRAIN] Step 133 | Loss=0.000037 | Best makespan in group=482.00
[TRAIN] Step 134/250 | 15:58:44
[TRAIN] Step 134 | Loss=0.000481 | Best makespan in group=604.00
[TRAIN] Step 135/250 | 15:58:54
[TRAIN] Step 135 | Loss=3.355361 | Best makespan in group=560.00
[TRAIN] Step 136/250 | 15:59:05
[TRAIN] Step 136 | Loss=0.000003 | Best makespan in group=573.00
[TRAIN] Step 137/250 | 15:59:18
[TRAIN] Step 137 | Loss=0.334971 | Best makespan in group=514.00
[TRAIN] Step 138/250 | 15:59:32
[TRAIN] Step 138 | Loss=0.000293 | Best makespan in group=499.00
[TRAIN] Step 139/250 | 15:59:45
[TRAIN] Step 139 | Loss=0.000008 | Best makespan in group=385.00
[TRAIN] Step 140/250 | 16:00:01
[TRAIN] Step 140 | Loss=0.000554 | Best makespan in group=390.00
[TRAIN] Step 141/250 | 16:00:11
[TRAIN] Step 141 | Loss=0.000000 | Best makespan in group=448.00
[TRAIN] Step 142/250 | 16:00:25
[TRAIN] Step 142 | Loss=0.000023 | Best makespan in group=370.00
[TRAIN] Step 143/250 | 16:00:41
[TRAIN] Step 143 | Loss=1.232604 | Best makespan in group=469.00
[TRAIN] Step 144/250 | 16:00:53
[TRAIN] Step 144 | Loss=0.348017 | Best makespan in group=380.00
[TRAIN] Step 145/250 | 16:01:05
[TRAIN] Step 145 | Loss=0.000014 | Best makespan in group=435.00
[TRAIN] Step 146/250 | 16:01:21
[TRAIN] Step 146 | Loss=0.000000 | Best makespan in group=362.00
[TRAIN] Step 147/250 | 16:01:33
[TRAIN] Step 147 | Loss=0.125873 | Best makespan in group=382.00
[TRAIN] Step 148/250 | 16:01:46
[TRAIN] Step 148 | Loss=0.002760 | Best makespan in group=509.00
[TRAIN] Step 149/250 | 16:02:05
[TRAIN] Step 149 | Loss=0.001893 | Best makespan in group=448.00
[TRAIN] Step 150/250 | 16:02:19
[TRAIN] Step 150 | Loss=0.000001 | Best makespan in group=422.00
[TRAIN][VAL][ep 150] avg_gap=0.2197 | std_gap=0.1036 | q80_gap=0.2925 | n=30
[TRAIN] Step 151/250 | 16:03:14
[TRAIN] Step 151 | Loss=0.000002 | Best makespan in group=448.00
[TRAIN] Step 152/250 | 16:03:27
[TRAIN] Step 152 | Loss=-0.000000 | Best makespan in group=360.00
[TRAIN] Step 153/250 | 16:03:44
[TRAIN] Step 153 | Loss=0.350086 | Best makespan in group=499.00
[TRAIN] Step 154/250 | 16:03:58
[TRAIN] Step 154 | Loss=-0.000000 | Best makespan in group=392.00
[TRAIN] Step 155/250 | 16:04:12
[TRAIN] Step 155 | Loss=0.000513 | Best makespan in group=645.00
[TRAIN] Step 156/250 | 16:04:24
[TRAIN] Step 156 | Loss=0.223312 | Best makespan in group=602.00
[TRAIN] Step 157/250 | 16:04:33
[TRAIN] Step 157 | Loss=1.112453 | Best makespan in group=427.00
[TRAIN] Step 158/250 | 16:04:45
[TRAIN] Step 158 | Loss=0.000005 | Best makespan in group=393.00
[TRAIN] Step 159/250 | 16:04:58
[TRAIN] Step 159 | Loss=0.323478 | Best makespan in group=372.00
[TRAIN] Step 160/250 | 16:05:11
[TRAIN] Step 160 | Loss=1.518447 | Best makespan in group=424.00
[TRAIN] Step 161/250 | 16:05:20
[TRAIN] Step 161 | Loss=0.504218 | Best makespan in group=557.00
[TRAIN] Step 162/250 | 16:05:28
[TRAIN] Step 162 | Loss=0.000001 | Best makespan in group=471.00
[TRAIN] Step 163/250 | 16:05:37
[TRAIN] Step 163 | Loss=0.172417 | Best makespan in group=395.00
[TRAIN] Step 164/250 | 16:05:51
[TRAIN] Step 164 | Loss=0.000002 | Best makespan in group=452.00
[TRAIN] Step 165/250 | 16:06:07
[TRAIN] Step 165 | Loss=0.000001 | Best makespan in group=583.00
[TRAIN] Step 166/250 | 16:06:18
[TRAIN] Step 166 | Loss=0.000000 | Best makespan in group=370.00
[TRAIN] Step 167/250 | 16:06:29
[TRAIN] Step 167 | Loss=-0.000000 | Best makespan in group=414.00
[TRAIN] Step 168/250 | 16:06:41
[TRAIN] Step 168 | Loss=0.020246 | Best makespan in group=422.00
[TRAIN] Step 169/250 | 16:06:54
[TRAIN] Step 169 | Loss=0.123563 | Best makespan in group=381.00
[TRAIN] Step 170/250 | 16:07:08
[TRAIN] Step 170 | Loss=0.000004 | Best makespan in group=390.00
[TRAIN] Step 171/250 | 16:07:16
[TRAIN] Step 171 | Loss=2.043182 | Best makespan in group=430.00
[TRAIN] Step 172/250 | 16:07:26
[TRAIN] Step 172 | Loss=-0.000000 | Best makespan in group=402.00
[TRAIN] Step 173/250 | 16:07:39
[TRAIN] Step 173 | Loss=0.128028 | Best makespan in group=515.00
[TRAIN] Step 174/250 | 16:07:50
[TRAIN] Step 174 | Loss=-0.000000 | Best makespan in group=362.00
[TRAIN] Step 175/250 | 16:08:00
[TRAIN] Step 175 | Loss=1.198554 | Best makespan in group=356.00
[TRAIN][VAL][ep 175] avg_gap=0.1944 | std_gap=0.0919 | q80_gap=0.2904 | n=30
[TRAIN] Validation improved | avg_gap=0.1944 | saving candidate: 277030756904800.pth
[TRAIN] Step 176/250 | 16:08:44
[TRAIN] Step 176 | Loss=4.765040 | Best makespan in group=408.00
[TRAIN] Step 177/250 | 16:08:55
[TRAIN] Step 177 | Loss=0.000015 | Best makespan in group=466.00
[TRAIN] Step 178/250 | 16:09:05
[TRAIN] Step 178 | Loss=0.000001 | Best makespan in group=415.00
[TRAIN] Step 179/250 | 16:09:16
[TRAIN] Step 179 | Loss=0.000012 | Best makespan in group=637.00
[TRAIN] Step 180/250 | 16:09:28
[TRAIN] Step 180 | Loss=0.001575 | Best makespan in group=442.00
[TRAIN] Step 181/250 | 16:09:41
[TRAIN] Step 181 | Loss=0.000003 | Best makespan in group=375.00
[TRAIN] Step 182/250 | 16:09:54
[TRAIN] Step 182 | Loss=-0.000000 | Best makespan in group=424.00
[TRAIN] Step 183/250 | 16:10:07
[TRAIN] Step 183 | Loss=0.481322 | Best makespan in group=626.00
[TRAIN] Step 184/250 | 16:10:16
[TRAIN] Step 184 | Loss=0.261607 | Best makespan in group=504.00
[TRAIN] Step 185/250 | 16:10:27
[TRAIN] Step 185 | Loss=0.000006 | Best makespan in group=435.00
[TRAIN] Step 186/250 | 16:10:38
[TRAIN] Step 186 | Loss=0.000000 | Best makespan in group=380.00
[TRAIN] Step 187/250 | 16:10:52
[TRAIN] Step 187 | Loss=0.871807 | Best makespan in group=576.00
[TRAIN] Step 188/250 | 16:11:00
[TRAIN] Step 188 | Loss=0.008055 | Best makespan in group=504.00
[TRAIN] Step 189/250 | 16:11:15
[TRAIN] Step 189 | Loss=-0.000000 | Best makespan in group=464.00
[TRAIN] Step 190/250 | 16:11:27
[TRAIN] Step 190 | Loss=4.645515 | Best makespan in group=359.00
[TRAIN] Step 191/250 | 16:11:37
[TRAIN] Step 191 | Loss=0.054803 | Best makespan in group=337.00
[TRAIN] Step 192/250 | 16:11:47
[TRAIN] Step 192 | Loss=0.000001 | Best makespan in group=368.00
[TRAIN] Step 193/250 | 16:12:01
[TRAIN] Step 193 | Loss=0.235179 | Best makespan in group=469.00
[TRAIN] Step 194/250 | 16:12:10
[TRAIN] Step 194 | Loss=0.000017 | Best makespan in group=387.00
[TRAIN] Step 195/250 | 16:12:22
[TRAIN] Step 195 | Loss=0.016846 | Best makespan in group=364.00
[TRAIN] Step 196/250 | 16:12:33
[TRAIN] Step 196 | Loss=2.988285 | Best makespan in group=392.00
[TRAIN] Step 197/250 | 16:12:46
[TRAIN] Step 197 | Loss=0.050751 | Best makespan in group=408.00
[TRAIN] Step 198/250 | 16:12:53
[TRAIN] Step 198 | Loss=0.010164 | Best makespan in group=496.00
[TRAIN] Step 199/250 | 16:13:04
[TRAIN] Step 199 | Loss=0.609811 | Best makespan in group=606.00
[TRAIN] Step 200/250 | 16:13:15
[TRAIN] Step 200 | Loss=0.000897 | Best makespan in group=383.00
[TRAIN][VAL][ep 200] avg_gap=0.1797 | std_gap=0.0807 | q80_gap=0.2223 | n=30
[TRAIN] Validation improved | avg_gap=0.1797 | saving candidate: 597438411176434.pth
[TRAIN] Step 201/250 | 16:14:02
[TRAIN] Step 201 | Loss=0.002670 | Best makespan in group=404.00
[TRAIN] Step 202/250 | 16:14:15
[TRAIN] Step 202 | Loss=0.007379 | Best makespan in group=466.00
[TRAIN] Step 203/250 | 16:14:26
[TRAIN] Step 203 | Loss=1.259074 | Best makespan in group=449.00
[TRAIN] Step 204/250 | 16:14:38
[TRAIN] Step 204 | Loss=0.062965 | Best makespan in group=620.00
[TRAIN] Step 205/250 | 16:14:47
[TRAIN] Step 205 | Loss=0.073220 | Best makespan in group=436.00
[TRAIN] Step 206/250 | 16:15:02
[TRAIN] Step 206 | Loss=0.061343 | Best makespan in group=545.00
[TRAIN] Step 207/250 | 16:15:10
[TRAIN] Step 207 | Loss=2.359965 | Best makespan in group=510.00
[TRAIN] Step 208/250 | 16:15:22
[TRAIN] Step 208 | Loss=0.000052 | Best makespan in group=380.00
[TRAIN] Step 209/250 | 16:15:36
[TRAIN] Step 209 | Loss=0.000001 | Best makespan in group=376.00
[TRAIN] Step 210/250 | 16:15:49
[TRAIN] Step 210 | Loss=0.000028 | Best makespan in group=535.00
[TRAIN] Step 211/250 | 16:15:59
[TRAIN] Step 211 | Loss=0.000002 | Best makespan in group=454.00
[TRAIN] Step 212/250 | 16:16:11
[TRAIN] Step 212 | Loss=0.013581 | Best makespan in group=402.00
[TRAIN] Step 213/250 | 16:16:23
[TRAIN] Step 213 | Loss=0.000008 | Best makespan in group=612.00
[TRAIN] Step 214/250 | 16:16:35
[TRAIN] Step 214 | Loss=0.000001 | Best makespan in group=452.00
[TRAIN] Step 215/250 | 16:16:47
[TRAIN] Step 215 | Loss=-0.000000 | Best makespan in group=366.00
[TRAIN] Step 216/250 | 16:17:01
[TRAIN] Step 216 | Loss=0.675510 | Best makespan in group=364.00
[TRAIN] Step 217/250 | 16:17:11
[TRAIN] Step 217 | Loss=0.223619 | Best makespan in group=428.00
[TRAIN] Step 218/250 | 16:17:24
[TRAIN] Step 218 | Loss=2.330499 | Best makespan in group=468.00
[TRAIN] Step 219/250 | 16:17:33
[TRAIN] Step 219 | Loss=1.140551 | Best makespan in group=373.00
[TRAIN] Step 220/250 | 16:17:44
[TRAIN] Step 220 | Loss=0.000243 | Best makespan in group=473.00
[TRAIN] Step 221/250 | 16:17:53
[TRAIN] Step 221 | Loss=0.000758 | Best makespan in group=384.00
[TRAIN] Step 222/250 | 16:18:01
[TRAIN] Step 222 | Loss=0.000010 | Best makespan in group=411.00
[TRAIN] Step 223/250 | 16:18:15
[TRAIN] Step 223 | Loss=0.000003 | Best makespan in group=374.00
[TRAIN] Step 224/250 | 16:18:27
[TRAIN] Step 224 | Loss=2.273880 | Best makespan in group=374.00
[TRAIN] Step 225/250 | 16:18:37
[TRAIN] Step 225 | Loss=0.002735 | Best makespan in group=639.00
[TRAIN][VAL][ep 225] avg_gap=0.1645 | std_gap=0.0693 | q80_gap=0.2441 | n=30
[TRAIN] Validation improved | avg_gap=0.1645 | saving candidate: 230634030095048.pth
[TRAIN] Step 226/250 | 16:19:22
[TRAIN] Step 226 | Loss=0.000040 | Best makespan in group=356.00
[TRAIN] Step 227/250 | 16:19:32
[TRAIN] Step 227 | Loss=0.000445 | Best makespan in group=503.00
[TRAIN] Step 228/250 | 16:19:43
[TRAIN] Step 228 | Loss=0.001598 | Best makespan in group=489.00
[TRAIN] Step 229/250 | 16:19:58
[TRAIN] Step 229 | Loss=0.000096 | Best makespan in group=441.00
[TRAIN] Step 230/250 | 16:20:09
[TRAIN] Step 230 | Loss=0.001916 | Best makespan in group=466.00
[TRAIN] Step 231/250 | 16:20:19
[TRAIN] Step 231 | Loss=0.000348 | Best makespan in group=543.00
[TRAIN] Step 232/250 | 16:20:27
[TRAIN] Step 232 | Loss=0.236630 | Best makespan in group=373.00
[TRAIN] Step 233/250 | 16:20:39
[TRAIN] Step 233 | Loss=0.003300 | Best makespan in group=389.00
[TRAIN] Step 234/250 | 16:20:47
[TRAIN] Step 234 | Loss=0.000270 | Best makespan in group=384.00
[TRAIN] Step 235/250 | 16:21:01
[TRAIN] Step 235 | Loss=0.009915 | Best makespan in group=575.00
[TRAIN] Step 236/250 | 16:21:12
[TRAIN] Step 236 | Loss=0.072489 | Best makespan in group=432.00
[TRAIN] Step 237/250 | 16:21:24
[TRAIN] Step 237 | Loss=0.000339 | Best makespan in group=546.00
[TRAIN] Step 238/250 | 16:21:33
[TRAIN] Step 238 | Loss=0.024304 | Best makespan in group=434.00
[TRAIN] Step 239/250 | 16:21:43
[TRAIN] Step 239 | Loss=0.002234 | Best makespan in group=417.00
[TRAIN] Step 240/250 | 16:21:56
[TRAIN] Step 240 | Loss=0.015175 | Best makespan in group=383.00
[TRAIN] Step 241/250 | 16:22:09
[TRAIN] Step 241 | Loss=0.005522 | Best makespan in group=383.00
[TRAIN] Step 242/250 | 16:22:23
[TRAIN] Step 242 | Loss=0.002961 | Best makespan in group=445.00
[TRAIN] Step 243/250 | 16:22:36
[TRAIN] Step 243 | Loss=0.000826 | Best makespan in group=528.00
[TRAIN] Step 244/250 | 16:22:48
[TRAIN] Step 244 | Loss=0.001421 | Best makespan in group=363.00
[TRAIN] Step 245/250 | 16:23:02
[TRAIN] Step 245 | Loss=0.006020 | Best makespan in group=361.00
[TRAIN] Step 246/250 | 16:23:12
[TRAIN] Step 246 | Loss=0.000292 | Best makespan in group=368.00
[TRAIN] Step 247/250 | 16:23:24
[TRAIN] Step 247 | Loss=0.000051 | Best makespan in group=348.00
[TRAIN] Step 248/250 | 16:23:35
[TRAIN] Step 248 | Loss=0.004031 | Best makespan in group=654.00
[TRAIN] Step 249/250 | 16:23:46
[TRAIN] Step 249 | Loss=0.004969 | Best makespan in group=440.00
[TRAIN] Step 250/250 | 16:23:54
[TRAIN] Step 250 | Loss=0.000114 | Best makespan in group=368.00
[TRAIN] Refreshing training instances (step 250)...
[TRAIN][VAL][ep 250] avg_gap=0.1814 | std_gap=0.0936 | q80_gap=0.2857 | n=30
[TRAIN] Evaluating best checkpoint (candidate_models/230634030095048.pth) on the held-out test split...
[TRAIN][TEST] avg_gap=0.1779 | std_gap=0.0936 | q80_gap=0.2663 | n=30
[TRAIN][16:25:11] Training ended. Validation history and plots updated.
=== DONE convergence_check_ojm_gin_fixed in 4665.4s ===
