D:\Dissertação\dissertation-bopo_introduction\venv\Lib\site-packages\torch\jit\_script.py:1485: FutureWarning: `torch.jit.script` is not supported in Python 3.14+ and may break. Please switch to `torch.compile` or `torch.export`.
  warnings.warn(
============================================================
[TRAIN] Training started at: 2026-10-02 23:50:41
[TRAIN] Hyperparams | max_steps=30 | new_freq=200
[TRAIN]             | n_cases=30 | B=32 | K=10 | use_greedy=True | lr=0.0005 (decaying to 1.00e-04)
[TRAIN]             | warm_start_steps=200 | checkpoint_smooth_window=3 | seed=42
[TRAIN]             | hidden_channels=128 | num_layers=2 | heads=3
[TRAIN]             | logp_norm=sum | exclude_greedy_from_loss=False
[TRAIN] Representation | ojm | GNN | gat | jm_design | baseline
[TRAIN] Device | cuda:0 (NVIDIA GeForce GTX 1650 Ti)
[TRAIN] Problem size | jobs=[8,10] | machines=[5,10] | ops_per_job=[5,6] | max_proc=100
============================================================
[TRAIN] Output run folder: results\csv_ojm_gat_L2_k10_m0_e30_s42
[TRAIN] Validation config | every=25 steps | instances=40 (representative subset)
[TRAIN][TEACHER] validation avg_gap=0.2429 | q80_gap=0.3011 || test avg_gap=0.2729 | q80_gap=0.3841
[TRAIN] Warm-start (behavior cloning vs. dispatch heuristic) | 200 step(s)...
[TRAIN][WARMSTART] step 10/200 | instance=0 | bc_loss=3.3537 | decisions=42
[TRAIN][WARMSTART] step 20/200 | instance=1 | bc_loss=3.0576 | decisions=45
[TRAIN][WARMSTART] step 30/200 | instance=18 | bc_loss=2.3646 | decisions=48
[TRAIN][WARMSTART] step 40/200 | instance=20 | bc_loss=2.6451 | decisions=53
[TRAIN][WARMSTART] step 50/200 | instance=19 | bc_loss=1.6603 | decisions=43
[TRAIN][WARMSTART] step 60/200 | instance=0 | bc_loss=2.1181 | decisions=42
[TRAIN][WARMSTART] step 70/200 | instance=23 | bc_loss=2.0569 | decisions=50
[TRAIN][WARMSTART] step 80/200 | instance=18 | bc_loss=2.0668 | decisions=48
[TRAIN][WARMSTART] step 90/200 | instance=0 | bc_loss=1.9228 | decisions=42
[TRAIN][WARMSTART] step 100/200 | instance=10 | bc_loss=1.7561 | decisions=57
[TRAIN][WARMSTART] step 110/200 | instance=27 | bc_loss=1.9859 | decisions=51
[TRAIN][WARMSTART] step 120/200 | instance=0 | bc_loss=2.2022 | decisions=42
[TRAIN][WARMSTART] step 130/200 | instance=20 | bc_loss=2.1130 | decisions=53
[TRAIN][WARMSTART] step 140/200 | instance=0 | bc_loss=2.0132 | decisions=42
[TRAIN][WARMSTART] step 150/200 | instance=25 | bc_loss=2.5794 | decisions=52
[TRAIN][WARMSTART] step 160/200 | instance=28 | bc_loss=1.3490 | decisions=56
[TRAIN][WARMSTART] step 170/200 | instance=27 | bc_loss=1.8677 | decisions=51
[TRAIN][WARMSTART] step 180/200 | instance=2 | bc_loss=1.1293 | decisions=47
[TRAIN][WARMSTART] step 190/200 | instance=5 | bc_loss=1.4228 | decisions=49
[TRAIN][WARMSTART] step 200/200 | instance=22 | bc_loss=1.8473 | decisions=43
[TRAIN] Warm-start complete, switching to BOPO preference optimization.
------------------------------------------------------------
[TRAIN] BOPO agent ready. Starting training loop for 30 step(s)...
------------------------------------------------------------
[TRAIN] Step 1/30 | 23:58:12
[TRAIN] Step 1 | Loss=4.729609 | Best makespan in group=485.00
[TRAIN] Step 2/30 | 23:58:26
[TRAIN] Step 2 | Loss=8.975075 | Best makespan in group=412.00
[TRAIN] Step 3/30 | 23:58:40
[TRAIN] Step 3 | Loss=6.367978 | Best makespan in group=456.00
[TRAIN] Step 4/30 | 23:58:57
[TRAIN] Step 4 | Loss=-0.000000 | Best makespan in group=401.00
[TRAIN] Step 5/30 | 23:59:11
[TRAIN] Step 5 | Loss=16.117889 | Best makespan in group=463.00
[TRAIN] Step 6/30 | 23:59:26
[TRAIN] Step 6 | Loss=5.176728 | Best makespan in group=551.00
[TRAIN] Step 7/30 | 23:59:38
[TRAIN] Step 7 | Loss=0.000002 | Best makespan in group=325.00
[TRAIN] Step 8/30 | 23:59:50
[TRAIN] Step 8 | Loss=5.215837 | Best makespan in group=414.00
[TRAIN] Step 9/30 | 00:00:02
[TRAIN] Step 9 | Loss=-0.000000 | Best makespan in group=469.00
[TRAIN] Step 10/30 | 00:00:17
[TRAIN] Step 10 | Loss=-0.000000 | Best makespan in group=374.00
[TRAIN] Step 11/30 | 00:00:30
[TRAIN] Step 11 | Loss=-0.000000 | Best makespan in group=576.00
[TRAIN] Step 12/30 | 00:00:45
[TRAIN] Step 12 | Loss=-0.000000 | Best makespan in group=451.00
[TRAIN] Step 13/30 | 00:00:59
[TRAIN] Step 13 | Loss=7.943566 | Best makespan in group=455.00
[TRAIN] Step 14/30 | 00:01:15
[TRAIN] Step 14 | Loss=2.706342 | Best makespan in group=388.00
[TRAIN] Step 15/30 | 00:01:28
[TRAIN] Step 15 | Loss=2.388552 | Best makespan in group=459.00
[TRAIN] Step 16/30 | 00:01:41
[TRAIN] Step 16 | Loss=5.083894 | Best makespan in group=395.00
[TRAIN] Step 17/30 | 00:01:53
[TRAIN] Step 17 | Loss=-0.000000 | Best makespan in group=500.00
[TRAIN] Step 18/30 | 00:02:07
[TRAIN] Step 18 | Loss=1.753199 | Best makespan in group=421.00
[TRAIN] Step 19/30 | 00:02:19
[TRAIN] Step 19 | Loss=7.159393 | Best makespan in group=422.00
[TRAIN] Step 20/30 | 00:02:33
[TRAIN] Step 20 | Loss=1.697084 | Best makespan in group=361.00
[TRAIN] Step 21/30 | 00:02:48
[TRAIN] Step 21 | Loss=7.429217 | Best makespan in group=406.00
[TRAIN] Step 22/30 | 00:03:04
[TRAIN] Step 22 | Loss=0.000022 | Best makespan in group=502.00
[TRAIN] Step 23/30 | 00:03:18
[TRAIN] Step 23 | Loss=-0.000000 | Best makespan in group=391.00
[TRAIN] Step 24/30 | 00:03:30
[TRAIN] Step 24 | Loss=6.877430 | Best makespan in group=457.00
[TRAIN] Step 25/30 | 00:03:44
[TRAIN] Step 25 | Loss=1.727260 | Best makespan in group=599.00
[TRAIN][VAL][ep 25] avg_gap=0.2342 | std_gap=0.0751 | q80_gap=0.2982 | n=40
[TRAIN] Validation improved | smoothed_avg_gap=0.2342 (raw=0.2342) | saving candidate: 39826095303697.pth
[TRAIN] Step 26/30 | 00:05:09
[TRAIN] Step 26 | Loss=-0.000000 | Best makespan in group=450.00
[TRAIN] Step 27/30 | 00:05:23
[TRAIN] Step 27 | Loss=-0.000000 | Best makespan in group=411.00
[TRAIN] Step 28/30 | 00:05:37
[TRAIN] Step 28 | Loss=0.000006 | Best makespan in group=369.00
[TRAIN] Step 29/30 | 00:05:51
[TRAIN] Step 29 | Loss=1.557985 | Best makespan in group=423.00
[TRAIN] Step 30/30 | 00:06:07
[TRAIN] Step 30 | Loss=0.848167 | Best makespan in group=442.00
[TRAIN][VAL][ep 30] avg_gap=0.1982 | std_gap=0.0698 | q80_gap=0.2696 | n=40
[TRAIN] Validation improved | smoothed_avg_gap=0.2162 (raw=0.1982) | saving candidate: 86386664314157.pth
[TRAIN] Evaluating best checkpoint (candidate_models/86386664314157.pth) on the held-out test split...
[TRAIN][TEST] avg_gap=0.2150 | std_gap=0.0883 | q80_gap=0.2988 | n=40
[TRAIN][00:08:43] Training ended. Validation history and plots updated.
