D:\Dissertação\dissertation-bopo_introduction\venv\Lib\site-packages\torch\jit\_script.py:1485: FutureWarning: `torch.jit.script` is not supported in Python 3.14+ and may break. Please switch to `torch.compile` or `torch.export`.
  warnings.warn(
============================================================
[TRAIN] Training started at: 2026-10-03 02:27:43
[TRAIN] Hyperparams | max_steps=400 | new_freq=200
[TRAIN]             | n_cases=30 | B=32 | K=10 | use_greedy=True | lr=0.0005 (decaying to 1.00e-04)
[TRAIN]             | warm_start_steps=200 | checkpoint_smooth_window=3 | seed=42
[TRAIN]             | hidden_channels=128 | num_layers=2 | heads=3
[TRAIN]             | logp_norm=sum | exclude_greedy_from_loss=False
[TRAIN] Representation | ojm | GNN | gin | jm_design | baseline
[TRAIN] Device | cuda:0 (NVIDIA GeForce GTX 1650 Ti)
[TRAIN] Problem size | jobs=[8,10] | machines=[5,10] | ops_per_job=[5,6] | max_proc=100
============================================================
[TRAIN] Output run folder: results\csv_ojm_gin_L2_k1_m1_e400_s42
[TRAIN] Validation config | every=25 steps | instances=40 (representative subset)
[TRAIN][TEACHER] validation avg_gap=0.3945 | q80_gap=0.5007 || test avg_gap=0.4226 | q80_gap=0.5228
[TRAIN] Warm-start (behavior cloning vs. dispatch heuristic) | 200 step(s)...
[TRAIN][WARMSTART] step 10/200 | instance=4 | bc_loss=1.3799 | decisions=51
[TRAIN][WARMSTART] step 20/200 | instance=20 | bc_loss=1.1394 | decisions=43
[TRAIN][WARMSTART] step 30/200 | instance=7 | bc_loss=1.1309 | decisions=45
[TRAIN][WARMSTART] step 40/200 | instance=18 | bc_loss=1.0181 | decisions=42
[TRAIN][WARMSTART] step 50/200 | instance=26 | bc_loss=1.2025 | decisions=51
[TRAIN][WARMSTART] step 60/200 | instance=19 | bc_loss=1.1344 | decisions=48
[TRAIN][WARMSTART] step 70/200 | instance=12 | bc_loss=1.0285 | decisions=42
[TRAIN][WARMSTART] step 80/200 | instance=7 | bc_loss=1.0059 | decisions=45
[TRAIN][WARMSTART] step 90/200 | instance=17 | bc_loss=1.3517 | decisions=42
[TRAIN][WARMSTART] step 100/200 | instance=0 | bc_loss=1.2506 | decisions=56
[TRAIN][WARMSTART] step 110/200 | instance=7 | bc_loss=1.1630 | decisions=45
[TRAIN][WARMSTART] step 120/200 | instance=10 | bc_loss=0.7887 | decisions=42
[TRAIN][WARMSTART] step 130/200 | instance=24 | bc_loss=0.8972 | decisions=46
[TRAIN][WARMSTART] step 140/200 | instance=5 | bc_loss=0.9402 | decisions=41
[TRAIN][WARMSTART] step 150/200 | instance=15 | bc_loss=0.9959 | decisions=43
[TRAIN][WARMSTART] step 160/200 | instance=9 | bc_loss=1.1404 | decisions=53
[TRAIN][WARMSTART] step 170/200 | instance=6 | bc_loss=1.2419 | decisions=56
[TRAIN][WARMSTART] step 180/200 | instance=2 | bc_loss=0.9333 | decisions=44
[TRAIN][WARMSTART] step 190/200 | instance=28 | bc_loss=1.3068 | decisions=53
[TRAIN][WARMSTART] step 200/200 | instance=5 | bc_loss=1.0858 | decisions=41
[TRAIN] Warm-start complete, switching to BOPO preference optimization.
------------------------------------------------------------
[TRAIN] BOPO agent ready. Starting training loop for 400 step(s)...
------------------------------------------------------------
[TRAIN] Step 1/400 | 02:32:19
[TRAIN] Step 1 | Loss=9.620844 | Best makespan in group=327.00
[TRAIN] Step 2/400 | 02:32:31
[TRAIN] Step 2 | Loss=0.381689 | Best makespan in group=508.00
[TRAIN] Step 3/400 | 02:32:45
[TRAIN] Step 3 | Loss=3.764750 | Best makespan in group=472.00
[TRAIN] Step 4/400 | 02:32:56
[TRAIN] Step 4 | Loss=0.863006 | Best makespan in group=394.00
[TRAIN] Step 5/400 | 02:33:08
[TRAIN] Step 5 | Loss=4.694883 | Best makespan in group=585.00
[TRAIN] Step 6/400 | 02:33:23
[TRAIN] Step 6 | Loss=1.757916 | Best makespan in group=355.00
[TRAIN] Step 7/400 | 02:33:35
[TRAIN] Step 7 | Loss=11.574656 | Best makespan in group=446.00
[TRAIN] Step 8/400 | 02:33:51
[TRAIN] Step 8 | Loss=0.290234 | Best makespan in group=589.00
[TRAIN] Step 9/400 | 02:34:03
[TRAIN] Step 9 | Loss=2.767181 | Best makespan in group=427.00
[TRAIN] Step 10/400 | 02:34:17
[TRAIN] Step 10 | Loss=5.300074 | Best makespan in group=532.00
[TRAIN] Step 11/400 | 02:34:32
[TRAIN] Step 11 | Loss=4.167355 | Best makespan in group=401.00
[TRAIN] Step 12/400 | 02:34:45
[TRAIN] Step 12 | Loss=0.000759 | Best makespan in group=430.00
[TRAIN] Step 13/400 | 02:35:01
[TRAIN] Step 13 | Loss=1.220046 | Best makespan in group=666.00
[TRAIN] Step 14/400 | 02:35:16
[TRAIN] Step 14 | Loss=0.018882 | Best makespan in group=416.00
[TRAIN] Step 15/400 | 02:35:32
[TRAIN] Step 15 | Loss=0.010814 | Best makespan in group=349.00
[TRAIN] Step 16/400 | 02:35:44
[TRAIN] Step 16 | Loss=1.358954 | Best makespan in group=463.00
[TRAIN] Step 17/400 | 02:35:58
[TRAIN] Step 17 | Loss=0.330360 | Best makespan in group=320.00
[TRAIN] Step 18/400 | 02:36:09
[TRAIN] Step 18 | Loss=6.248772 | Best makespan in group=400.00
[TRAIN] Step 19/400 | 02:36:22
[TRAIN] Step 19 | Loss=0.000131 | Best makespan in group=288.00
[TRAIN] Step 20/400 | 02:36:37
[TRAIN] Step 20 | Loss=0.425548 | Best makespan in group=362.00
[TRAIN] Step 21/400 | 02:36:51
[TRAIN] Step 21 | Loss=0.162840 | Best makespan in group=481.00
[TRAIN] Step 22/400 | 02:37:01
[TRAIN] Step 22 | Loss=0.075663 | Best makespan in group=453.00
[TRAIN] Step 23/400 | 02:37:12
[TRAIN] Step 23 | Loss=0.000003 | Best makespan in group=550.00
[TRAIN] Step 24/400 | 02:37:28
[TRAIN] Step 24 | Loss=0.438886 | Best makespan in group=374.00
[TRAIN] Step 25/400 | 02:37:40
[TRAIN] Step 25 | Loss=0.000002 | Best makespan in group=334.00
[TRAIN][VAL][ep 25] avg_gap=0.1360 | std_gap=0.0608 | q80_gap=0.1797 | n=40
[TRAIN] Validation improved | smoothed_avg_gap=0.1360 (raw=0.1360) | saving candidate: 27674959884835.pth
[TRAIN] Step 26/400 | 02:38:48
[TRAIN] Step 26 | Loss=-0.000000 | Best makespan in group=373.00
[TRAIN] Step 27/400 | 02:39:01
[TRAIN] Step 27 | Loss=0.046639 | Best makespan in group=387.00
[TRAIN] Step 28/400 | 02:39:17
[TRAIN] Step 28 | Loss=0.193083 | Best makespan in group=315.00
[TRAIN] Step 29/400 | 02:39:28
[TRAIN] Step 29 | Loss=1.071649 | Best makespan in group=462.00
[TRAIN] Step 30/400 | 02:39:41
[TRAIN] Step 30 | Loss=0.072860 | Best makespan in group=436.00
[TRAIN] Step 31/400 | 02:39:52
[TRAIN] Step 31 | Loss=-0.000000 | Best makespan in group=328.00
[TRAIN] Step 32/400 | 02:40:08
[TRAIN] Step 32 | Loss=0.897026 | Best makespan in group=362.00
[TRAIN] Step 33/400 | 02:40:22
[TRAIN] Step 33 | Loss=0.000000 | Best makespan in group=634.00
[TRAIN] Step 34/400 | 02:40:36
[TRAIN] Step 34 | Loss=0.000003 | Best makespan in group=473.00
[TRAIN] Step 35/400 | 02:40:48
[TRAIN] Step 35 | Loss=0.365616 | Best makespan in group=420.00
[TRAIN] Step 36/400 | 02:41:01
[TRAIN] Step 36 | Loss=0.693188 | Best makespan in group=387.00
[TRAIN] Step 37/400 | 02:41:12
[TRAIN] Step 37 | Loss=0.021635 | Best makespan in group=466.00
[TRAIN] Step 38/400 | 02:41:23
[TRAIN] Step 38 | Loss=3.400530 | Best makespan in group=264.00
[TRAIN] Step 39/400 | 02:41:35
[TRAIN] Step 39 | Loss=1.103667 | Best makespan in group=373.00
[TRAIN] Step 40/400 | 02:41:51
[TRAIN] Step 40 | Loss=0.000004 | Best makespan in group=357.00
[TRAIN] Step 41/400 | 02:42:03
[TRAIN] Step 41 | Loss=0.000731 | Best makespan in group=277.00
[TRAIN] Step 42/400 | 02:42:17
[TRAIN] Step 42 | Loss=0.000007 | Best makespan in group=354.00
[TRAIN] Step 43/400 | 02:42:29
[TRAIN] Step 43 | Loss=0.538250 | Best makespan in group=567.00
[TRAIN] Step 44/400 | 02:42:44
[TRAIN] Step 44 | Loss=1.199926 | Best makespan in group=458.00
[TRAIN] Step 45/400 | 02:42:58
[TRAIN] Step 45 | Loss=0.009083 | Best makespan in group=390.00
[TRAIN] Step 46/400 | 02:43:12
[TRAIN] Step 46 | Loss=0.000188 | Best makespan in group=333.00
[TRAIN] Step 47/400 | 02:43:25
[TRAIN] Step 47 | Loss=0.003323 | Best makespan in group=383.00
[TRAIN] Step 48/400 | 02:43:37
[TRAIN] Step 48 | Loss=0.000001 | Best makespan in group=405.00
[TRAIN] Step 49/400 | 02:43:53
[TRAIN] Step 49 | Loss=0.259544 | Best makespan in group=419.00
[TRAIN] Step 50/400 | 02:44:04
[TRAIN] Step 50 | Loss=0.000332 | Best makespan in group=316.00
[TRAIN][VAL][ep 50] avg_gap=0.1312 | std_gap=0.0544 | q80_gap=0.1757 | n=40
[TRAIN] Validation improved | smoothed_avg_gap=0.1336 (raw=0.1312) | saving candidate: 334069490239904.pth
[TRAIN] Step 51/400 | 02:45:08
[TRAIN] Step 51 | Loss=0.128756 | Best makespan in group=310.00
[TRAIN] Step 52/400 | 02:45:20
[TRAIN] Step 52 | Loss=0.000123 | Best makespan in group=397.00
[TRAIN] Step 53/400 | 02:45:36
[TRAIN] Step 53 | Loss=0.000224 | Best makespan in group=550.00
[TRAIN] Step 54/400 | 02:45:47
[TRAIN] Step 54 | Loss=0.000145 | Best makespan in group=519.00
[TRAIN] Step 55/400 | 02:46:03
[TRAIN] Step 55 | Loss=0.109590 | Best makespan in group=428.00
[TRAIN] Step 56/400 | 02:46:14
[TRAIN] Step 56 | Loss=0.150375 | Best makespan in group=429.00
[TRAIN] Step 57/400 | 02:46:30
[TRAIN] Step 57 | Loss=0.001370 | Best makespan in group=444.00
[TRAIN] Step 58/400 | 02:46:42
[TRAIN] Step 58 | Loss=0.000289 | Best makespan in group=385.00
[TRAIN] Step 59/400 | 02:46:55
[TRAIN] Step 59 | Loss=2.442189 | Best makespan in group=401.00
[TRAIN] Step 60/400 | 02:47:08
[TRAIN] Step 60 | Loss=0.000003 | Best makespan in group=571.00
[TRAIN] Step 61/400 | 02:47:23
[TRAIN] Step 61 | Loss=0.000707 | Best makespan in group=385.00
[TRAIN] Step 62/400 | 02:47:36
[TRAIN] Step 62 | Loss=0.000272 | Best makespan in group=336.00
[TRAIN] Step 63/400 | 02:47:49
[TRAIN] Step 63 | Loss=0.000036 | Best makespan in group=540.00
[TRAIN] Step 64/400 | 02:48:05
[TRAIN] Step 64 | Loss=0.000019 | Best makespan in group=406.00
[TRAIN] Step 65/400 | 02:48:20
[TRAIN] Step 65 | Loss=0.000357 | Best makespan in group=507.00
[TRAIN] Step 66/400 | 02:48:36
[TRAIN] Step 66 | Loss=0.000042 | Best makespan in group=568.00
[TRAIN] Step 67/400 | 02:48:51
[TRAIN] Step 67 | Loss=0.009214 | Best makespan in group=434.00
[TRAIN] Step 68/400 | 02:49:02
[TRAIN] Step 68 | Loss=0.090130 | Best makespan in group=387.00
[TRAIN] Step 69/400 | 02:49:14
[TRAIN] Step 69 | Loss=0.000074 | Best makespan in group=425.00
[TRAIN] Step 70/400 | 02:49:29
[TRAIN] Step 70 | Loss=0.527634 | Best makespan in group=270.00
[TRAIN] Step 71/400 | 02:49:41
[TRAIN] Step 71 | Loss=0.083448 | Best makespan in group=475.00
[TRAIN] Step 72/400 | 02:49:53
[TRAIN] Step 72 | Loss=0.000080 | Best makespan in group=387.00
[TRAIN] Step 73/400 | 02:50:05
[TRAIN] Step 73 | Loss=0.469480 | Best makespan in group=328.00
[TRAIN] Step 74/400 | 02:50:17
[TRAIN] Step 74 | Loss=0.000614 | Best makespan in group=277.00
[TRAIN] Step 75/400 | 02:50:31
[TRAIN] Step 75 | Loss=0.809794 | Best makespan in group=314.00
[TRAIN][VAL][ep 75] avg_gap=0.1156 | std_gap=0.0479 | q80_gap=0.1619 | n=40
[TRAIN] Validation improved | smoothed_avg_gap=0.1276 (raw=0.1156) | saving candidate: 667279683705461.pth
[TRAIN] Step 76/400 | 02:51:34
[TRAIN] Step 76 | Loss=0.004878 | Best makespan in group=452.00
[TRAIN] Step 77/400 | 02:51:47
[TRAIN] Step 77 | Loss=0.000055 | Best makespan in group=601.00
[TRAIN] Step 78/400 | 02:52:02
[TRAIN] Step 78 | Loss=0.742774 | Best makespan in group=337.00
[TRAIN] Step 79/400 | 02:52:16
[TRAIN] Step 79 | Loss=0.000148 | Best makespan in group=398.00
[TRAIN] Step 80/400 | 02:52:30
[TRAIN] Step 80 | Loss=0.000155 | Best makespan in group=360.00
[TRAIN] Step 81/400 | 02:52:42
[TRAIN] Step 81 | Loss=0.000184 | Best makespan in group=469.00
[TRAIN] Step 82/400 | 02:52:55
[TRAIN] Step 82 | Loss=0.888262 | Best makespan in group=584.00
[TRAIN] Step 83/400 | 02:53:07
[TRAIN] Step 83 | Loss=0.000915 | Best makespan in group=365.00
[TRAIN] Step 84/400 | 02:53:19
[TRAIN] Step 84 | Loss=0.000152 | Best makespan in group=325.00
[TRAIN] Step 85/400 | 02:53:35
[TRAIN] Step 85 | Loss=0.182372 | Best makespan in group=411.00
[TRAIN] Step 86/400 | 02:53:51
[TRAIN] Step 86 | Loss=0.000455 | Best makespan in group=406.00
[TRAIN] Step 87/400 | 02:54:06
[TRAIN] Step 87 | Loss=2.067949 | Best makespan in group=401.00
[TRAIN] Step 88/400 | 02:54:19
[TRAIN] Step 88 | Loss=0.002428 | Best makespan in group=421.00
[TRAIN] Step 89/400 | 02:54:30
[TRAIN] Step 89 | Loss=0.000377 | Best makespan in group=434.00
[TRAIN] Step 90/400 | 02:54:44
[TRAIN] Step 90 | Loss=0.000703 | Best makespan in group=477.00
[TRAIN] Step 91/400 | 02:54:55
[TRAIN] Step 91 | Loss=0.000037 | Best makespan in group=336.00
[TRAIN] Step 92/400 | 02:55:11
[TRAIN] Step 92 | Loss=0.000127 | Best makespan in group=499.00
[TRAIN] Step 93/400 | 02:55:26
[TRAIN] Step 93 | Loss=0.123190 | Best makespan in group=277.00
[TRAIN] Step 94/400 | 02:55:38
[TRAIN] Step 94 | Loss=2.172109 | Best makespan in group=401.00
[TRAIN] Step 95/400 | 02:55:51
[TRAIN] Step 95 | Loss=0.000227 | Best makespan in group=470.00
[TRAIN] Step 96/400 | 02:56:02
[TRAIN] Step 96 | Loss=0.004238 | Best makespan in group=553.00
[TRAIN] Step 97/400 | 02:56:18
[TRAIN] Step 97 | Loss=0.161436 | Best makespan in group=368.00
[TRAIN] Step 98/400 | 02:56:33
[TRAIN] Step 98 | Loss=0.002694 | Best makespan in group=369.00
[TRAIN] Step 99/400 | 02:56:45
[TRAIN] Step 99 | Loss=0.244393 | Best makespan in group=575.00
[TRAIN] Step 100/400 | 02:57:00
[TRAIN] Step 100 | Loss=0.103287 | Best makespan in group=323.00
[TRAIN][VAL][ep 100] avg_gap=0.1174 | std_gap=0.0540 | q80_gap=0.1562 | n=40
[TRAIN] Validation improved | smoothed_avg_gap=0.1214 (raw=0.1174) | saving candidate: 790118696404314.pth
[TRAIN] Step 101/400 | 02:58:04
[TRAIN] Step 101 | Loss=0.580999 | Best makespan in group=466.00
[TRAIN] Step 102/400 | 02:58:17
[TRAIN] Step 102 | Loss=0.013386 | Best makespan in group=435.00
[TRAIN] Step 103/400 | 02:58:29
[TRAIN] Step 103 | Loss=0.012182 | Best makespan in group=332.00
[TRAIN] Step 104/400 | 02:58:42
[TRAIN] Step 104 | Loss=0.003283 | Best makespan in group=420.00
[TRAIN] Step 105/400 | 02:58:58
[TRAIN] Step 105 | Loss=0.040716 | Best makespan in group=391.00
[TRAIN] Step 106/400 | 02:59:15
[TRAIN] Step 106 | Loss=0.002561 | Best makespan in group=605.00
[TRAIN] Step 107/400 | 02:59:30
[TRAIN] Step 107 | Loss=0.305003 | Best makespan in group=347.00
[TRAIN] Step 108/400 | 02:59:44
[TRAIN] Step 108 | Loss=0.358938 | Best makespan in group=425.00
[TRAIN] Step 109/400 | 03:00:00
[TRAIN] Step 109 | Loss=0.108016 | Best makespan in group=401.00
[TRAIN] Step 110/400 | 03:00:13
[TRAIN] Step 110 | Loss=0.118912 | Best makespan in group=515.00
[TRAIN] Step 111/400 | 03:00:27
[TRAIN] Step 111 | Loss=0.009872 | Best makespan in group=498.00
[TRAIN] Step 112/400 | 03:00:38
[TRAIN] Step 112 | Loss=0.002378 | Best makespan in group=555.00
[TRAIN] Step 113/400 | 03:00:50
[TRAIN] Step 113 | Loss=0.015289 | Best makespan in group=430.00
[TRAIN] Step 114/400 | 03:01:01
[TRAIN] Step 114 | Loss=0.022108 | Best makespan in group=282.00
[TRAIN] Step 115/400 | 03:01:16
[TRAIN] Step 115 | Loss=0.003510 | Best makespan in group=360.00
[TRAIN] Step 116/400 | 03:01:28
[TRAIN] Step 116 | Loss=0.098326 | Best makespan in group=466.00
[TRAIN] Step 117/400 | 03:01:42
[TRAIN] Step 117 | Loss=0.059943 | Best makespan in group=391.00
[TRAIN] Step 118/400 | 03:01:54
[TRAIN] Step 118 | Loss=0.002925 | Best makespan in group=382.00
[TRAIN] Step 119/400 | 03:02:08
[TRAIN] Step 119 | Loss=0.012084 | Best makespan in group=321.00
[TRAIN] Step 120/400 | 03:02:20
[TRAIN] Step 120 | Loss=0.011788 | Best makespan in group=403.00
[TRAIN] Step 121/400 | 03:02:34
[TRAIN] Step 121 | Loss=0.002037 | Best makespan in group=403.00
[TRAIN] Step 122/400 | 03:02:48
[TRAIN] Step 122 | Loss=0.000395 | Best makespan in group=372.00
[TRAIN] Step 123/400 | 03:03:04
[TRAIN] Step 123 | Loss=0.004565 | Best makespan in group=436.00
[TRAIN] Step 124/400 | 03:03:16
[TRAIN] Step 124 | Loss=0.002539 | Best makespan in group=332.00
[TRAIN] Step 125/400 | 03:03:29
[TRAIN] Step 125 | Loss=0.000297 | Best makespan in group=587.00
[TRAIN][VAL][ep 125] avg_gap=0.1154 | std_gap=0.0454 | q80_gap=0.1585 | n=40
[TRAIN] Validation improved | smoothed_avg_gap=0.1161 (raw=0.1154) | saving candidate: 444077367887883.pth
[TRAIN] Step 126/400 | 03:04:35
[TRAIN] Step 126 | Loss=0.233902 | Best makespan in group=456.00
[TRAIN] Step 127/400 | 03:04:47
[TRAIN] Step 127 | Loss=0.002755 | Best makespan in group=280.00
[TRAIN] Step 128/400 | 03:05:02
[TRAIN] Step 128 | Loss=0.000044 | Best makespan in group=360.00
[TRAIN] Step 129/400 | 03:05:14
[TRAIN] Step 129 | Loss=0.345449 | Best makespan in group=335.00
[TRAIN] Step 130/400 | 03:05:28
[TRAIN] Step 130 | Loss=0.002580 | Best makespan in group=320.00
[TRAIN] Step 131/400 | 03:05:40
[TRAIN] Step 131 | Loss=0.306915 | Best makespan in group=474.00
[TRAIN] Step 132/400 | 03:05:51
[TRAIN] Step 132 | Loss=0.000217 | Best makespan in group=479.00
[TRAIN] Step 133/400 | 03:06:02
[TRAIN] Step 133 | Loss=0.000045 | Best makespan in group=419.00
[TRAIN] Step 134/400 | 03:06:18
[TRAIN] Step 134 | Loss=0.000080 | Best makespan in group=336.00
[TRAIN] Step 135/400 | 03:06:35
[TRAIN] Step 135 | Loss=0.000014 | Best makespan in group=497.00
[TRAIN] Step 136/400 | 03:06:50
[TRAIN] Step 136 | Loss=0.000154 | Best makespan in group=574.00
[TRAIN] Step 137/400 | 03:07:06
[TRAIN] Step 137 | Loss=0.000035 | Best makespan in group=407.00
[TRAIN] Step 138/400 | 03:07:22
[TRAIN] Step 138 | Loss=0.000058 | Best makespan in group=482.00
[TRAIN] Step 139/400 | 03:07:36
[TRAIN] Step 139 | Loss=0.000391 | Best makespan in group=607.00
[TRAIN] Step 140/400 | 03:07:51
[TRAIN] Step 140 | Loss=0.012326 | Best makespan in group=353.00
[TRAIN] Step 141/400 | 03:08:03
[TRAIN] Step 141 | Loss=0.181540 | Best makespan in group=268.00
[TRAIN] Step 142/400 | 03:08:16
[TRAIN] Step 142 | Loss=0.000384 | Best makespan in group=315.00
[TRAIN] Step 143/400 | 03:08:28
[TRAIN] Step 143 | Loss=0.000031 | Best makespan in group=553.00
[TRAIN] Step 144/400 | 03:08:43
[TRAIN] Step 144 | Loss=0.001244 | Best makespan in group=421.00
[TRAIN] Step 145/400 | 03:08:55
[TRAIN] Step 145 | Loss=0.000077 | Best makespan in group=419.00
[TRAIN] Step 146/400 | 03:09:11
[TRAIN] Step 146 | Loss=0.000087 | Best makespan in group=433.00
[TRAIN] Step 147/400 | 03:09:25
[TRAIN] Step 147 | Loss=0.003781 | Best makespan in group=387.00
[TRAIN] Step 148/400 | 03:09:37
[TRAIN] Step 148 | Loss=2.495599 | Best makespan in group=401.00
[TRAIN] Step 149/400 | 03:09:50
[TRAIN] Step 149 | Loss=0.000055 | Best makespan in group=382.00
[TRAIN] Step 150/400 | 03:10:04
[TRAIN] Step 150 | Loss=0.000323 | Best makespan in group=384.00
[TRAIN][VAL][ep 150] avg_gap=0.1134 | std_gap=0.0475 | q80_gap=0.1618 | n=40
[TRAIN] Validation improved | smoothed_avg_gap=0.1154 (raw=0.1134) | saving candidate: 188331763499282.pth
[TRAIN] Step 151/400 | 03:11:09
[TRAIN] Step 151 | Loss=0.000330 | Best makespan in group=382.00
[TRAIN] Step 152/400 | 03:11:23
[TRAIN] Step 152 | Loss=0.000182 | Best makespan in group=418.00
[TRAIN] Step 153/400 | 03:11:39
[TRAIN] Step 153 | Loss=0.000018 | Best makespan in group=336.00
[TRAIN] Step 154/400 | 03:11:55
[TRAIN] Step 154 | Loss=0.285578 | Best makespan in group=589.00
[TRAIN] Step 155/400 | 03:12:10
[TRAIN] Step 155 | Loss=0.074273 | Best makespan in group=384.00
[TRAIN] Step 156/400 | 03:12:22
[TRAIN] Step 156 | Loss=0.000459 | Best makespan in group=382.00
[TRAIN] Step 157/400 | 03:12:36
[TRAIN] Step 157 | Loss=0.000026 | Best makespan in group=372.00
[TRAIN] Step 158/400 | 03:12:52
[TRAIN] Step 158 | Loss=0.247805 | Best makespan in group=362.00
[TRAIN] Step 159/400 | 03:13:06
[TRAIN] Step 159 | Loss=0.000720 | Best makespan in group=544.00
[TRAIN] Step 160/400 | 03:13:18
[TRAIN] Step 160 | Loss=0.007151 | Best makespan in group=442.00
[TRAIN] Step 161/400 | 03:13:30
[TRAIN] Step 161 | Loss=0.001461 | Best makespan in group=324.00
[TRAIN] Step 162/400 | 03:13:43
[TRAIN] Step 162 | Loss=0.003786 | Best makespan in group=320.00
[TRAIN] Step 163/400 | 03:13:54
[TRAIN] Step 163 | Loss=1.603464 | Best makespan in group=401.00
[TRAIN] Step 164/400 | 03:14:07
[TRAIN] Step 164 | Loss=0.473078 | Best makespan in group=496.00
[TRAIN] Step 165/400 | 03:14:21
[TRAIN] Step 165 | Loss=0.002377 | Best makespan in group=438.00
[TRAIN] Step 166/400 | 03:14:34
[TRAIN] Step 166 | Loss=0.007443 | Best makespan in group=524.00
[TRAIN] Step 167/400 | 03:14:49
[TRAIN] Step 167 | Loss=0.657801 | Best makespan in group=477.00
[TRAIN] Step 168/400 | 03:15:01
[TRAIN] Step 168 | Loss=0.000913 | Best makespan in group=486.00
[TRAIN] Step 169/400 | 03:15:12
[TRAIN] Step 169 | Loss=0.081591 | Best makespan in group=387.00
[TRAIN] Step 170/400 | 03:15:24
[TRAIN] Step 170 | Loss=0.029455 | Best makespan in group=421.00
[TRAIN] Step 171/400 | 03:15:36
[TRAIN] Step 171 | Loss=0.000368 | Best makespan in group=349.00
[TRAIN] Step 172/400 | 03:15:47
[TRAIN] Step 172 | Loss=0.006153 | Best makespan in group=611.00
[TRAIN] Step 173/400 | 03:16:02
[TRAIN] Step 173 | Loss=2.057977 | Best makespan in group=314.00
[TRAIN] Step 174/400 | 03:16:13
[TRAIN] Step 174 | Loss=0.026368 | Best makespan in group=292.00
[TRAIN] Step 175/400 | 03:16:28
[TRAIN] Step 175 | Loss=0.067877 | Best makespan in group=268.00
[TRAIN][VAL][ep 175] avg_gap=0.1278 | std_gap=0.0511 | q80_gap=0.1577 | n=40
[TRAIN] Step 176/400 | 03:17:30
[TRAIN] Step 176 | Loss=0.100676 | Best makespan in group=498.00
[TRAIN] Step 177/400 | 03:17:42
[TRAIN] Step 177 | Loss=0.006792 | Best makespan in group=407.00
[TRAIN] Step 178/400 | 03:17:57
[TRAIN] Step 178 | Loss=0.005233 | Best makespan in group=540.00
[TRAIN] Step 179/400 | 03:18:13
[TRAIN] Step 179 | Loss=0.004525 | Best makespan in group=402.00
[TRAIN] Step 180/400 | 03:18:28
[TRAIN] Step 180 | Loss=0.041086 | Best makespan in group=367.00
[TRAIN] Step 181/400 | 03:18:40
[TRAIN] Step 181 | Loss=0.000852 | Best makespan in group=540.00
[TRAIN] Step 182/400 | 03:18:55
[TRAIN] Step 182 | Loss=0.004154 | Best makespan in group=374.00
[TRAIN] Step 183/400 | 03:19:09
[TRAIN] Step 183 | Loss=0.053092 | Best makespan in group=391.00
[TRAIN] Step 184/400 | 03:19:20
[TRAIN] Step 184 | Loss=0.021354 | Best makespan in group=490.00
[TRAIN] Step 185/400 | 03:19:35
[TRAIN] Step 185 | Loss=0.008832 | Best makespan in group=405.00
[TRAIN] Step 186/400 | 03:19:47
[TRAIN] Step 186 | Loss=0.001410 | Best makespan in group=588.00
[TRAIN] Step 187/400 | 03:20:02
[TRAIN] Step 187 | Loss=0.275026 | Best makespan in group=401.00
[TRAIN] Step 188/400 | 03:20:14
[TRAIN] Step 188 | Loss=0.006120 | Best makespan in group=321.00
[TRAIN] Step 189/400 | 03:20:27
[TRAIN] Step 189 | Loss=0.006755 | Best makespan in group=488.00
[TRAIN] Step 190/400 | 03:20:40
[TRAIN] Step 190 | Loss=0.007132 | Best makespan in group=634.00
[TRAIN] Step 191/400 | 03:20:55
[TRAIN] Step 191 | Loss=0.007268 | Best makespan in group=273.00
[TRAIN] Step 192/400 | 03:21:07
[TRAIN] Step 192 | Loss=0.001012 | Best makespan in group=325.00
[TRAIN] Step 193/400 | 03:21:23
[TRAIN] Step 193 | Loss=0.001728 | Best makespan in group=298.00
[TRAIN] Step 194/400 | 03:21:35
[TRAIN] Step 194 | Loss=0.004284 | Best makespan in group=449.00
[TRAIN] Step 195/400 | 03:21:47
[TRAIN] Step 195 | Loss=0.012066 | Best makespan in group=455.00
[TRAIN] Step 196/400 | 03:21:59
[TRAIN] Step 196 | Loss=0.001541 | Best makespan in group=349.00
[TRAIN] Step 197/400 | 03:22:10
[TRAIN] Step 197 | Loss=0.003220 | Best makespan in group=362.00
[TRAIN] Step 198/400 | 03:22:23
[TRAIN] Step 198 | Loss=0.044381 | Best makespan in group=314.00
[TRAIN] Step 199/400 | 03:22:34
[TRAIN] Step 199 | Loss=0.003092 | Best makespan in group=373.00
[TRAIN] Step 200/400 | 03:22:47
[TRAIN] Step 200 | Loss=0.000583 | Best makespan in group=399.00
[TRAIN] Refreshing training instances (step 200)...
[TRAIN][VAL][ep 200] avg_gap=0.1295 | std_gap=0.0589 | q80_gap=0.1672 | n=40
[TRAIN] Step 201/400 | 03:23:52
[TRAIN] Step 201 | Loss=0.000334 | Best makespan in group=473.00
[TRAIN] Step 202/400 | 03:24:08
[TRAIN] Step 202 | Loss=1.586208 | Best makespan in group=379.00
[TRAIN] Step 203/400 | 03:24:19
[TRAIN] Step 203 | Loss=0.030194 | Best makespan in group=381.00
[TRAIN] Step 204/400 | 03:24:32
[TRAIN] Step 204 | Loss=0.716918 | Best makespan in group=400.00
[TRAIN] Step 205/400 | 03:24:46
[TRAIN] Step 205 | Loss=0.105288 | Best makespan in group=416.00
[TRAIN] Step 206/400 | 03:25:03
[TRAIN] Step 206 | Loss=0.001180 | Best makespan in group=342.00
[TRAIN] Step 207/400 | 03:25:19
[TRAIN] Step 207 | Loss=0.002903 | Best makespan in group=371.00
[TRAIN] Step 208/400 | 03:25:35
[TRAIN] Step 208 | Loss=0.000172 | Best makespan in group=454.00
[TRAIN] Step 209/400 | 03:25:48
[TRAIN] Step 209 | Loss=1.071082 | Best makespan in group=312.00
[TRAIN] Step 210/400 | 03:26:01
[TRAIN] Step 210 | Loss=0.000609 | Best makespan in group=342.00
[TRAIN] Step 211/400 | 03:26:15
[TRAIN] Step 211 | Loss=0.002891 | Best makespan in group=367.00
[TRAIN] Step 212/400 | 03:26:27
[TRAIN] Step 212 | Loss=0.000148 | Best makespan in group=618.00
[TRAIN] Step 213/400 | 03:26:42
[TRAIN] Step 213 | Loss=0.002402 | Best makespan in group=368.00
[TRAIN] Step 214/400 | 03:26:55
[TRAIN] Step 214 | Loss=0.005878 | Best makespan in group=337.00
[TRAIN] Step 215/400 | 03:27:07
[TRAIN] Step 215 | Loss=0.565082 | Best makespan in group=465.00
[TRAIN] Step 216/400 | 03:27:21
[TRAIN] Step 216 | Loss=0.013154 | Best makespan in group=321.00
[TRAIN] Step 217/400 | 03:27:33
[TRAIN] Step 217 | Loss=0.006837 | Best makespan in group=452.00
[TRAIN] Step 218/400 | 03:27:49
[TRAIN] Step 218 | Loss=0.000175 | Best makespan in group=474.00
[TRAIN] Step 219/400 | 03:28:03
[TRAIN] Step 219 | Loss=0.000128 | Best makespan in group=416.00
[TRAIN] Step 220/400 | 03:28:18
[TRAIN] Step 220 | Loss=0.210397 | Best makespan in group=365.00
[TRAIN] Step 221/400 | 03:28:35
[TRAIN] Step 221 | Loss=0.001323 | Best makespan in group=569.00
[TRAIN] Step 222/400 | 03:28:49
[TRAIN] Step 222 | Loss=0.000062 | Best makespan in group=374.00
[TRAIN] Step 223/400 | 03:29:05
[TRAIN] Step 223 | Loss=0.002559 | Best makespan in group=351.00
[TRAIN] Step 224/400 | 03:29:20
[TRAIN] Step 224 | Loss=0.007726 | Best makespan in group=300.00
[TRAIN] Step 225/400 | 03:29:34
[TRAIN] Step 225 | Loss=0.000128 | Best makespan in group=411.00
[TRAIN][VAL][ep 225] avg_gap=0.1176 | std_gap=0.0517 | q80_gap=0.1556 | n=40
[TRAIN] Step 226/400 | 03:30:39
[TRAIN] Step 226 | Loss=0.004835 | Best makespan in group=311.00
[TRAIN] Step 227/400 | 03:30:54
[TRAIN] Step 227 | Loss=0.000612 | Best makespan in group=502.00
[TRAIN] Step 228/400 | 03:31:10
[TRAIN] Step 228 | Loss=0.808240 | Best makespan in group=313.00
[TRAIN] Step 229/400 | 03:31:23
[TRAIN] Step 229 | Loss=0.000496 | Best makespan in group=510.00
[TRAIN] Step 230/400 | 03:31:38
[TRAIN] Step 230 | Loss=0.036802 | Best makespan in group=366.00
[TRAIN] Step 231/400 | 03:31:50
[TRAIN] Step 231 | Loss=0.622386 | Best makespan in group=567.00
[TRAIN] Step 232/400 | 03:32:04
[TRAIN] Step 232 | Loss=0.000039 | Best makespan in group=415.00
[TRAIN] Step 233/400 | 03:32:19
[TRAIN] Step 233 | Loss=0.000095 | Best makespan in group=374.00
[TRAIN] Step 234/400 | 03:32:34
[TRAIN] Step 234 | Loss=0.004892 | Best makespan in group=374.00
[TRAIN] Step 235/400 | 03:32:51
[TRAIN] Step 235 | Loss=0.001638 | Best makespan in group=351.00
[TRAIN] Step 236/400 | 03:33:07
[TRAIN] Step 236 | Loss=0.164423 | Best makespan in group=312.00
[TRAIN] Step 237/400 | 03:33:19
[TRAIN] Step 237 | Loss=0.000067 | Best makespan in group=460.00
[TRAIN] Step 238/400 | 03:33:33
[TRAIN] Step 238 | Loss=0.000422 | Best makespan in group=363.00
[TRAIN] Step 239/400 | 03:33:45
[TRAIN] Step 239 | Loss=0.000224 | Best makespan in group=411.00
[TRAIN] Step 240/400 | 03:33:59
[TRAIN] Step 240 | Loss=0.000015 | Best makespan in group=501.00
[TRAIN] Step 241/400 | 03:34:14
[TRAIN] Step 241 | Loss=0.962781 | Best makespan in group=399.00
[TRAIN] Step 242/400 | 03:34:28
[TRAIN] Step 242 | Loss=1.087698 | Best makespan in group=520.00
[TRAIN] Step 243/400 | 03:34:43
[TRAIN] Step 243 | Loss=0.170893 | Best makespan in group=503.00
[TRAIN] Step 244/400 | 03:34:58
[TRAIN] Step 244 | Loss=0.380894 | Best makespan in group=300.00
[TRAIN] Step 245/400 | 03:35:12
[TRAIN] Step 245 | Loss=0.321482 | Best makespan in group=617.00
[TRAIN] Step 246/400 | 03:35:28
[TRAIN] Step 246 | Loss=0.105572 | Best makespan in group=314.00
[TRAIN] Step 247/400 | 03:35:40
[TRAIN] Step 247 | Loss=0.035986 | Best makespan in group=384.00
[TRAIN] Step 248/400 | 03:35:52
[TRAIN] Step 248 | Loss=0.000010 | Best makespan in group=436.00
[TRAIN] Step 249/400 | 03:36:08
[TRAIN] Step 249 | Loss=0.586575 | Best makespan in group=412.00
[TRAIN] Step 250/400 | 03:36:25
[TRAIN] Step 250 | Loss=0.000498 | Best makespan in group=366.00
[TRAIN][VAL][ep 250] avg_gap=0.1252 | std_gap=0.0552 | q80_gap=0.1674 | n=40
[TRAIN] Step 251/400 | 03:37:28
[TRAIN] Step 251 | Loss=0.000033 | Best makespan in group=349.00
[TRAIN] Step 252/400 | 03:37:45
[TRAIN] Step 252 | Loss=3.402820 | Best makespan in group=481.00
[TRAIN] Step 253/400 | 03:37:59
[TRAIN] Step 253 | Loss=0.000120 | Best makespan in group=344.00
[TRAIN] Step 254/400 | 03:38:14
[TRAIN] Step 254 | Loss=0.000214 | Best makespan in group=371.00
[TRAIN] Step 255/400 | 03:38:29
[TRAIN] Step 255 | Loss=0.000682 | Best makespan in group=368.00
[TRAIN] Step 256/400 | 03:38:41
[TRAIN] Step 256 | Loss=0.742763 | Best makespan in group=381.00
[TRAIN] Step 257/400 | 03:38:54
[TRAIN] Step 257 | Loss=0.005949 | Best makespan in group=315.00
[TRAIN] Step 258/400 | 03:39:08
[TRAIN] Step 258 | Loss=0.001524 | Best makespan in group=337.00
[TRAIN] Step 259/400 | 03:39:21
[TRAIN] Step 259 | Loss=0.000258 | Best makespan in group=470.00
[TRAIN] Step 260/400 | 03:39:36
[TRAIN] Step 260 | Loss=0.005006 | Best makespan in group=324.00
[TRAIN] Step 261/400 | 03:39:48
[TRAIN] Step 261 | Loss=0.007700 | Best makespan in group=300.00
[TRAIN] Step 262/400 | 03:40:02
[TRAIN] Step 262 | Loss=0.001275 | Best makespan in group=475.00
[TRAIN] Step 263/400 | 03:40:15
[TRAIN] Step 263 | Loss=0.131595 | Best makespan in group=308.00
[TRAIN] Step 264/400 | 03:40:30
[TRAIN] Step 264 | Loss=0.131330 | Best makespan in group=340.00
[TRAIN] Step 265/400 | 03:40:42
[TRAIN] Step 265 | Loss=0.000105 | Best makespan in group=483.00
[TRAIN] Step 266/400 | 03:40:58
[TRAIN] Step 266 | Loss=0.290598 | Best makespan in group=402.00
[TRAIN] Step 267/400 | 03:41:15
[TRAIN] Step 267 | Loss=1.981774 | Best makespan in group=545.00
[TRAIN] Step 268/400 | 03:41:29
[TRAIN] Step 268 | Loss=0.006317 | Best makespan in group=453.00
[TRAIN] Step 269/400 | 03:41:45
[TRAIN] Step 269 | Loss=0.000296 | Best makespan in group=396.00
[TRAIN] Step 270/400 | 03:42:00
[TRAIN] Step 270 | Loss=0.042968 | Best makespan in group=364.00
[TRAIN] Step 271/400 | 03:42:16
[TRAIN] Step 271 | Loss=0.000150 | Best makespan in group=470.00
[TRAIN] Step 272/400 | 03:42:30
[TRAIN] Step 272 | Loss=0.002490 | Best makespan in group=349.00
[TRAIN] Step 273/400 | 03:42:45
[TRAIN] Step 273 | Loss=0.004028 | Best makespan in group=366.00
[TRAIN] Step 274/400 | 03:42:57
[TRAIN] Step 274 | Loss=0.002501 | Best makespan in group=367.00
[TRAIN] Step 275/400 | 03:43:09
[TRAIN] Step 275 | Loss=0.000567 | Best makespan in group=533.00
[TRAIN][VAL][ep 275] avg_gap=0.1257 | std_gap=0.0542 | q80_gap=0.1652 | n=40
[TRAIN] Step 276/400 | 03:44:17
[TRAIN] Step 276 | Loss=0.009415 | Best makespan in group=378.00
[TRAIN] Step 277/400 | 03:44:35
[TRAIN] Step 277 | Loss=0.123055 | Best makespan in group=381.00
[TRAIN] Step 278/400 | 03:44:48
[TRAIN] Step 278 | Loss=0.002115 | Best makespan in group=386.00
[TRAIN] Step 279/400 | 03:45:01
[TRAIN] Step 279 | Loss=0.000560 | Best makespan in group=411.00
[TRAIN] Step 280/400 | 03:45:16
[TRAIN] Step 280 | Loss=2.425336 | Best makespan in group=617.00
[TRAIN] Step 281/400 | 03:45:32
[TRAIN] Step 281 | Loss=0.009955 | Best makespan in group=316.00
[TRAIN] Step 282/400 | 03:45:45
[TRAIN] Step 282 | Loss=0.003519 | Best makespan in group=363.00
[TRAIN] Step 283/400 | 03:46:00
[TRAIN] Step 283 | Loss=0.174648 | Best makespan in group=389.00
[TRAIN] Step 284/400 | 03:46:13
[TRAIN] Step 284 | Loss=0.025075 | Best makespan in group=337.00
[TRAIN] Step 285/400 | 03:46:26
[TRAIN] Step 285 | Loss=0.941113 | Best makespan in group=312.00
[TRAIN] Step 286/400 | 03:46:38
[TRAIN] Step 286 | Loss=0.679099 | Best makespan in group=461.00
[TRAIN] Step 287/400 | 03:46:52
[TRAIN] Step 287 | Loss=0.003221 | Best makespan in group=472.00
[TRAIN] Step 288/400 | 03:47:07
[TRAIN] Step 288 | Loss=0.002827 | Best makespan in group=355.00
[TRAIN] Step 289/400 | 03:47:24
[TRAIN] Step 289 | Loss=0.503822 | Best makespan in group=399.00
[TRAIN] Step 290/400 | 03:47:37
[TRAIN] Step 290 | Loss=0.006056 | Best makespan in group=365.00
[TRAIN] Step 291/400 | 03:47:50
[TRAIN] Step 291 | Loss=0.489772 | Best makespan in group=467.00
[TRAIN] Step 292/400 | 03:48:04
[TRAIN] Step 292 | Loss=0.688212 | Best makespan in group=370.00
[TRAIN] Step 293/400 | 03:48:16
[TRAIN] Step 293 | Loss=0.000704 | Best makespan in group=543.00
[TRAIN] Step 294/400 | 03:48:31
[TRAIN] Step 294 | Loss=0.450273 | Best makespan in group=312.00
[TRAIN] Step 295/400 | 03:48:44
[TRAIN] Step 295 | Loss=0.609774 | Best makespan in group=399.00
[TRAIN] Step 296/400 | 03:48:58
[TRAIN] Step 296 | Loss=0.001664 | Best makespan in group=367.00
[TRAIN] Step 297/400 | 03:49:09
[TRAIN] Step 297 | Loss=0.006427 | Best makespan in group=356.00
[TRAIN] Step 298/400 | 03:49:27
[TRAIN] Step 298 | Loss=0.003049 | Best makespan in group=349.00
[TRAIN] Step 299/400 | 03:49:43
[TRAIN] Step 299 | Loss=0.001398 | Best makespan in group=401.00
[TRAIN] Step 300/400 | 03:49:57
[TRAIN] Step 300 | Loss=3.226206 | Best makespan in group=300.00
[TRAIN][VAL][ep 300] avg_gap=0.1274 | std_gap=0.0517 | q80_gap=0.1644 | n=40
[TRAIN] Step 301/400 | 03:51:03
[TRAIN] Step 301 | Loss=0.009852 | Best makespan in group=371.00
[TRAIN] Step 302/400 | 03:51:15
[TRAIN] Step 302 | Loss=0.001649 | Best makespan in group=346.00
[TRAIN] Step 303/400 | 03:51:30
[TRAIN] Step 303 | Loss=0.698523 | Best makespan in group=337.00
[TRAIN] Step 304/400 | 03:51:42
[TRAIN] Step 304 | Loss=0.422322 | Best makespan in group=592.00
[TRAIN] Step 305/400 | 03:51:57
[TRAIN] Step 305 | Loss=0.001814 | Best makespan in group=471.00
[TRAIN] Step 306/400 | 03:52:11
[TRAIN] Step 306 | Loss=0.000942 | Best makespan in group=501.00
[TRAIN] Step 307/400 | 03:52:26
[TRAIN] Step 307 | Loss=0.001451 | Best makespan in group=420.00
[TRAIN] Step 308/400 | 03:52:40
[TRAIN] Step 308 | Loss=0.273578 | Best makespan in group=315.00
[TRAIN] Step 309/400 | 03:52:52
[TRAIN] Step 309 | Loss=0.000278 | Best makespan in group=384.00
[TRAIN] Step 310/400 | 03:53:07
[TRAIN] Step 310 | Loss=0.134452 | Best makespan in group=414.00
[TRAIN] Step 311/400 | 03:53:23
[TRAIN] Step 311 | Loss=0.000817 | Best makespan in group=421.00
[TRAIN] Step 312/400 | 03:53:39
[TRAIN] Step 312 | Loss=0.212392 | Best makespan in group=381.00
[TRAIN] Step 313/400 | 03:53:51
[TRAIN] Step 313 | Loss=0.003909 | Best makespan in group=489.00
[TRAIN] Step 314/400 | 03:54:04
[TRAIN] Step 314 | Loss=0.014088 | Best makespan in group=505.00
[TRAIN] Step 315/400 | 03:54:19
[TRAIN] Step 315 | Loss=0.036663 | Best makespan in group=307.00
[TRAIN] Step 316/400 | 03:54:33
[TRAIN] Step 316 | Loss=0.002649 | Best makespan in group=371.00
[TRAIN] Step 317/400 | 03:54:48
[TRAIN] Step 317 | Loss=0.372340 | Best makespan in group=358.00
[TRAIN] Step 318/400 | 03:55:03
[TRAIN] Step 318 | Loss=0.006326 | Best makespan in group=330.00
[TRAIN] Step 319/400 | 03:55:15
[TRAIN] Step 319 | Loss=0.019909 | Best makespan in group=548.00
[TRAIN] Step 320/400 | 03:55:28
[TRAIN] Step 320 | Loss=0.004098 | Best makespan in group=366.00
[TRAIN] Step 321/400 | 03:55:40
[TRAIN] Step 321 | Loss=0.681969 | Best makespan in group=381.00
[TRAIN] Step 322/400 | 03:55:52
[TRAIN] Step 322 | Loss=0.001730 | Best makespan in group=346.00
[TRAIN] Step 323/400 | 03:56:07
[TRAIN] Step 323 | Loss=0.002600 | Best makespan in group=371.00
[TRAIN] Step 324/400 | 03:56:18
[TRAIN] Step 324 | Loss=0.000511 | Best makespan in group=501.00
[TRAIN] Step 325/400 | 03:56:33
[TRAIN] Step 325 | Loss=0.001968 | Best makespan in group=438.00
[TRAIN][VAL][ep 325] avg_gap=0.1226 | std_gap=0.0480 | q80_gap=0.1557 | n=40
[TRAIN] Step 326/400 | 03:57:39
[TRAIN] Step 326 | Loss=0.250294 | Best makespan in group=361.00
[TRAIN] Step 327/400 | 03:57:55
[TRAIN] Step 327 | Loss=0.002306 | Best makespan in group=498.00
[TRAIN] Step 328/400 | 03:58:08
[TRAIN] Step 328 | Loss=0.003072 | Best makespan in group=371.00
[TRAIN] Step 329/400 | 03:58:25
[TRAIN] Step 329 | Loss=0.000897 | Best makespan in group=412.00
[TRAIN] Step 330/400 | 03:58:40
[TRAIN] Step 330 | Loss=0.000480 | Best makespan in group=366.00
[TRAIN] Step 331/400 | 03:58:51
[TRAIN] Step 331 | Loss=0.377633 | Best makespan in group=313.00
[TRAIN] Step 332/400 | 03:59:03
[TRAIN] Step 332 | Loss=0.000776 | Best makespan in group=363.00
[TRAIN] Step 333/400 | 03:59:15
[TRAIN] Step 333 | Loss=0.004078 | Best makespan in group=337.00
[TRAIN] Step 334/400 | 03:59:27
[TRAIN] Step 334 | Loss=0.001332 | Best makespan in group=368.00
[TRAIN] Step 335/400 | 03:59:39
[TRAIN] Step 335 | Loss=0.001851 | Best makespan in group=542.00
[TRAIN] Step 336/400 | 03:59:53
[TRAIN] Step 336 | Loss=0.713271 | Best makespan in group=488.00
[TRAIN] Step 337/400 | 04:00:06
[TRAIN] Step 337 | Loss=0.955064 | Best makespan in group=442.00
[TRAIN] Step 338/400 | 04:00:23
[TRAIN] Step 338 | Loss=0.000047 | Best makespan in group=610.00
[TRAIN] Step 339/400 | 04:00:38
[TRAIN] Step 339 | Loss=0.185986 | Best makespan in group=399.00
[TRAIN] Step 340/400 | 04:00:53
[TRAIN] Step 340 | Loss=0.001294 | Best makespan in group=490.00
[TRAIN] Step 341/400 | 04:01:09
[TRAIN] Step 341 | Loss=0.342037 | Best makespan in group=315.00
[TRAIN] Step 342/400 | 04:01:23
[TRAIN] Step 342 | Loss=0.001400 | Best makespan in group=401.00
[TRAIN] Step 343/400 | 04:01:36
[TRAIN] Step 343 | Loss=0.000074 | Best makespan in group=384.00
[TRAIN] Step 344/400 | 04:01:51
[TRAIN] Step 344 | Loss=0.000696 | Best makespan in group=350.00
[TRAIN] Step 345/400 | 04:02:07
[TRAIN] Step 345 | Loss=0.001096 | Best makespan in group=369.00
[TRAIN] Step 346/400 | 04:02:22
[TRAIN] Step 346 | Loss=0.564185 | Best makespan in group=476.00
[TRAIN] Step 347/400 | 04:02:36
[TRAIN] Step 347 | Loss=0.000032 | Best makespan in group=515.00
[TRAIN] Step 348/400 | 04:02:51
[TRAIN] Step 348 | Loss=0.016756 | Best makespan in group=330.00
[TRAIN] Step 349/400 | 04:03:03
[TRAIN] Step 349 | Loss=0.007071 | Best makespan in group=300.00
[TRAIN] Step 350/400 | 04:03:16
[TRAIN] Step 350 | Loss=0.642017 | Best makespan in group=311.00
[TRAIN][VAL][ep 350] avg_gap=0.1209 | std_gap=0.0430 | q80_gap=0.1596 | n=40
[TRAIN] Step 351/400 | 04:04:18
[TRAIN] Step 351 | Loss=0.000495 | Best makespan in group=368.00
[TRAIN] Step 352/400 | 04:04:31
[TRAIN] Step 352 | Loss=0.143671 | Best makespan in group=416.00
[TRAIN] Step 353/400 | 04:04:48
[TRAIN] Step 353 | Loss=0.001707 | Best makespan in group=437.00
[TRAIN] Step 354/400 | 04:05:04
[TRAIN] Step 354 | Loss=0.004462 | Best makespan in group=337.00
[TRAIN] Step 355/400 | 04:05:16
[TRAIN] Step 355 | Loss=0.093621 | Best makespan in group=381.00
[TRAIN] Step 356/400 | 04:05:29
[TRAIN] Step 356 | Loss=0.202706 | Best makespan in group=332.00
[TRAIN] Step 357/400 | 04:05:44
[TRAIN] Step 357 | Loss=0.000117 | Best makespan in group=356.00
[TRAIN] Step 358/400 | 04:06:02
[TRAIN] Step 358 | Loss=0.001097 | Best makespan in group=371.00
[TRAIN] Step 359/400 | 04:06:17
[TRAIN] Step 359 | Loss=0.004088 | Best makespan in group=349.00
[TRAIN] Step 360/400 | 04:06:29
[TRAIN] Step 360 | Loss=0.034376 | Best makespan in group=363.00
[TRAIN] Step 361/400 | 04:06:41
[TRAIN] Step 361 | Loss=0.000128 | Best makespan in group=554.00
[TRAIN] Step 362/400 | 04:06:56
[TRAIN] Step 362 | Loss=0.000316 | Best makespan in group=478.00
[TRAIN] Step 363/400 | 04:07:11
[TRAIN] Step 363 | Loss=0.177714 | Best makespan in group=434.00
[TRAIN] Step 364/400 | 04:07:24
[TRAIN] Step 364 | Loss=0.000211 | Best makespan in group=384.00
[TRAIN] Step 365/400 | 04:07:39
[TRAIN] Step 365 | Loss=0.378154 | Best makespan in group=312.00
[TRAIN] Step 366/400 | 04:07:52
[TRAIN] Step 366 | Loss=0.178819 | Best makespan in group=521.00
[TRAIN] Step 367/400 | 04:08:06
[TRAIN] Step 367 | Loss=0.001401 | Best makespan in group=478.00
[TRAIN] Step 368/400 | 04:08:20
[TRAIN] Step 368 | Loss=0.000239 | Best makespan in group=429.00
[TRAIN] Step 369/400 | 04:08:35
[TRAIN] Step 369 | Loss=0.426966 | Best makespan in group=399.00
[TRAIN] Step 370/400 | 04:08:49
[TRAIN] Step 370 | Loss=0.014342 | Best makespan in group=392.00
[TRAIN] Step 371/400 | 04:09:03
[TRAIN] Step 371 | Loss=0.000207 | Best makespan in group=366.00
[TRAIN] Step 372/400 | 04:09:15
[TRAIN] Step 372 | Loss=0.003363 | Best makespan in group=300.00
[TRAIN] Step 373/400 | 04:09:29
[TRAIN] Step 373 | Loss=0.000279 | Best makespan in group=554.00
[TRAIN] Step 374/400 | 04:09:43
[TRAIN] Step 374 | Loss=0.000468 | Best makespan in group=378.00
[TRAIN] Step 375/400 | 04:09:55
[TRAIN] Step 375 | Loss=0.339200 | Best makespan in group=317.00
[TRAIN][VAL][ep 375] avg_gap=0.1278 | std_gap=0.0472 | q80_gap=0.1623 | n=40
[TRAIN] Step 376/400 | 04:11:00
[TRAIN] Step 376 | Loss=0.708763 | Best makespan in group=314.00
[TRAIN] Step 377/400 | 04:11:13
[TRAIN] Step 377 | Loss=0.048460 | Best makespan in group=619.00
[TRAIN] Step 378/400 | 04:11:28
[TRAIN] Step 378 | Loss=0.000145 | Best makespan in group=356.00
[TRAIN] Step 379/400 | 04:11:44
[TRAIN] Step 379 | Loss=0.000415 | Best makespan in group=346.00
[TRAIN] Step 380/400 | 04:11:59
[TRAIN] Step 380 | Loss=0.000249 | Best makespan in group=519.00
[TRAIN] Step 381/400 | 04:12:14
[TRAIN] Step 381 | Loss=0.609576 | Best makespan in group=399.00
[TRAIN] Step 382/400 | 04:12:28
[TRAIN] Step 382 | Loss=0.000123 | Best makespan in group=384.00
[TRAIN] Step 383/400 | 04:12:42
[TRAIN] Step 383 | Loss=0.000028 | Best makespan in group=478.00
[TRAIN] Step 384/400 | 04:12:56
[TRAIN] Step 384 | Loss=0.000122 | Best makespan in group=333.00
[TRAIN] Step 385/400 | 04:13:11
[TRAIN] Step 385 | Loss=0.002487 | Best makespan in group=326.00
[TRAIN] Step 386/400 | 04:13:23
[TRAIN] Step 386 | Loss=0.000507 | Best makespan in group=440.00
[TRAIN] Step 387/400 | 04:13:37
[TRAIN] Step 387 | Loss=0.000493 | Best makespan in group=346.00
[TRAIN] Step 388/400 | 04:13:52
[TRAIN] Step 388 | Loss=0.000040 | Best makespan in group=356.00
[TRAIN] Step 389/400 | 04:14:08
[TRAIN] Step 389 | Loss=0.954963 | Best makespan in group=381.00
[TRAIN] Step 390/400 | 04:14:20
[TRAIN] Step 390 | Loss=0.314602 | Best makespan in group=368.00
[TRAIN] Step 391/400 | 04:14:32
[TRAIN] Step 391 | Loss=0.134509 | Best makespan in group=366.00
[TRAIN] Step 392/400 | 04:14:44
[TRAIN] Step 392 | Loss=0.000681 | Best makespan in group=363.00
[TRAIN] Step 393/400 | 04:14:55
[TRAIN] Step 393 | Loss=0.030269 | Best makespan in group=430.00
[TRAIN] Step 394/400 | 04:15:11
[TRAIN] Step 394 | Loss=0.004449 | Best makespan in group=300.00
[TRAIN] Step 395/400 | 04:15:25
[TRAIN] Step 395 | Loss=0.003743 | Best makespan in group=337.00
[TRAIN] Step 396/400 | 04:15:37
[TRAIN] Step 396 | Loss=0.001088 | Best makespan in group=312.00
[TRAIN] Step 397/400 | 04:15:49
[TRAIN] Step 397 | Loss=0.000026 | Best makespan in group=469.00
[TRAIN] Step 398/400 | 04:16:03
[TRAIN] Step 398 | Loss=0.696217 | Best makespan in group=424.00
[TRAIN] Step 399/400 | 04:16:19
[TRAIN] Step 399 | Loss=0.185556 | Best makespan in group=501.00
[TRAIN] Step 400/400 | 04:16:33
[TRAIN] Step 400 | Loss=0.000039 | Best makespan in group=541.00
[TRAIN] Refreshing training instances (step 400)...
[TRAIN][VAL][ep 400] avg_gap=0.1293 | std_gap=0.0539 | q80_gap=0.1812 | n=40
[TRAIN] Evaluating best checkpoint (candidate_models/188331763499282.pth) on the held-out test split...
[TRAIN][TEST] avg_gap=0.1166 | std_gap=0.0487 | q80_gap=0.1672 | n=40
[TRAIN][04:18:29] Training ended. Validation history and plots updated.
