D:\Dissertação\dissertation-bopo_introduction\venv\Lib\site-packages\torch\jit\_script.py:1485: FutureWarning: `torch.jit.script` is not supported in Python 3.14+ and may break. Please switch to `torch.compile` or `torch.export`.
  warnings.warn(
============================================================
[TRAIN] Training started at: 2026-10-03 00:08:51
[TRAIN] Hyperparams | max_steps=30 | new_freq=200
[TRAIN]             | n_cases=30 | B=32 | K=10 | use_greedy=True | lr=0.0005 (decaying to 1.00e-04)
[TRAIN]             | warm_start_steps=200 | checkpoint_smooth_window=3 | seed=42
[TRAIN]             | hidden_channels=128 | num_layers=3 | heads=3
[TRAIN]             | logp_norm=mean | exclude_greedy_from_loss=True
[TRAIN] Representation | ojm | GNN | gat | jm_design | baseline
[TRAIN] Device | cuda:0 (NVIDIA GeForce GTX 1650 Ti)
[TRAIN] Problem size | jobs=[8,10] | machines=[5,10] | ops_per_job=[5,6] | max_proc=100
============================================================
[TRAIN] Output run folder: results\diag_ojm_gat_L3_selk1_newloss
[TRAIN] Validation config | every=25 steps | instances=40 (representative subset)
[TRAIN][TEACHER] validation avg_gap=0.3945 | q80_gap=0.5007 || test avg_gap=0.4226 | q80_gap=0.5228
[TRAIN] Warm-start (behavior cloning vs. dispatch heuristic) | 200 step(s)...
[TRAIN][WARMSTART] step 10/200 | instance=4 | bc_loss=2.0113 | decisions=51
[TRAIN][WARMSTART] step 20/200 | instance=20 | bc_loss=1.6320 | decisions=43
[TRAIN][WARMSTART] step 30/200 | instance=7 | bc_loss=1.8213 | decisions=45
[TRAIN][WARMSTART] step 40/200 | instance=18 | bc_loss=1.8010 | decisions=42
[TRAIN][WARMSTART] step 50/200 | instance=26 | bc_loss=1.5558 | decisions=51
[TRAIN][WARMSTART] step 60/200 | instance=19 | bc_loss=1.6682 | decisions=48
[TRAIN][WARMSTART] step 70/200 | instance=12 | bc_loss=1.4552 | decisions=42
[TRAIN][WARMSTART] step 80/200 | instance=7 | bc_loss=1.4822 | decisions=45
[TRAIN][WARMSTART] step 90/200 | instance=17 | bc_loss=1.4035 | decisions=42
[TRAIN][WARMSTART] step 100/200 | instance=0 | bc_loss=1.4991 | decisions=56
[TRAIN][WARMSTART] step 110/200 | instance=7 | bc_loss=1.2711 | decisions=45
[TRAIN][WARMSTART] step 120/200 | instance=10 | bc_loss=1.1075 | decisions=42
[TRAIN][WARMSTART] step 130/200 | instance=24 | bc_loss=1.0584 | decisions=46
[TRAIN][WARMSTART] step 140/200 | instance=5 | bc_loss=1.0303 | decisions=41
[TRAIN][WARMSTART] step 150/200 | instance=15 | bc_loss=1.0959 | decisions=43
[TRAIN][WARMSTART] step 160/200 | instance=9 | bc_loss=1.2134 | decisions=53
[TRAIN][WARMSTART] step 170/200 | instance=6 | bc_loss=1.7405 | decisions=56
[TRAIN][WARMSTART] step 180/200 | instance=2 | bc_loss=1.0346 | decisions=44
[TRAIN][WARMSTART] step 190/200 | instance=28 | bc_loss=1.2204 | decisions=53
[TRAIN][WARMSTART] step 200/200 | instance=5 | bc_loss=1.0820 | decisions=41
[TRAIN] Warm-start complete, switching to BOPO preference optimization.
------------------------------------------------------------
[TRAIN] BOPO agent ready. Starting training loop for 30 step(s)...
------------------------------------------------------------
[TRAIN] Step 1/30 | 00:17:57
[TRAIN] Step 1 | Loss=0.687611 | Best makespan in group=286.00
[TRAIN] Step 2/30 | 00:18:10
[TRAIN] Step 2 | Loss=0.683666 | Best makespan in group=514.00
[TRAIN] Step 3/30 | 00:18:23
[TRAIN] Step 3 | Loss=0.634807 | Best makespan in group=457.00
[TRAIN] Step 4/30 | 00:18:35
[TRAIN] Step 4 | Loss=0.874264 | Best makespan in group=398.00
[TRAIN] Step 5/30 | 00:18:47
[TRAIN] Step 5 | Loss=0.757945 | Best makespan in group=612.00
[TRAIN] Step 6/30 | 00:19:02
[TRAIN] Step 6 | Loss=0.853785 | Best makespan in group=357.00
[TRAIN] Step 7/30 | 00:19:13
[TRAIN] Step 7 | Loss=0.666099 | Best makespan in group=422.00
[TRAIN] Step 8/30 | 00:19:29
[TRAIN] Step 8 | Loss=0.591521 | Best makespan in group=583.00
[TRAIN] Step 9/30 | 00:19:41
[TRAIN] Step 9 | Loss=0.728301 | Best makespan in group=419.00
[TRAIN] Step 10/30 | 00:19:55
[TRAIN] Step 10 | Loss=0.733844 | Best makespan in group=552.00
[TRAIN] Step 11/30 | 00:20:10
[TRAIN] Step 11 | Loss=0.857075 | Best makespan in group=401.00
[TRAIN] Step 12/30 | 00:20:24
[TRAIN] Step 12 | Loss=0.666219 | Best makespan in group=432.00
[TRAIN] Step 13/30 | 00:20:40
[TRAIN] Step 13 | Loss=0.735710 | Best makespan in group=633.00
[TRAIN] Step 14/30 | 00:20:55
[TRAIN] Step 14 | Loss=0.689987 | Best makespan in group=431.00
[TRAIN] Step 15/30 | 00:21:10
[TRAIN] Step 15 | Loss=0.788974 | Best makespan in group=325.00
[TRAIN] Step 16/30 | 00:21:23
[TRAIN] Step 16 | Loss=0.720306 | Best makespan in group=430.00
[TRAIN] Step 17/30 | 00:21:37
[TRAIN] Step 17 | Loss=0.677058 | Best makespan in group=314.00
[TRAIN] Step 18/30 | 00:21:48
[TRAIN] Step 18 | Loss=0.626242 | Best makespan in group=369.00
[TRAIN] Step 19/30 | 00:22:02
[TRAIN] Step 19 | Loss=0.666713 | Best makespan in group=278.00
[TRAIN] Step 20/30 | 00:22:17
[TRAIN] Step 20 | Loss=0.661839 | Best makespan in group=362.00
[TRAIN] Step 21/30 | 00:22:31
[TRAIN] Step 21 | Loss=0.639768 | Best makespan in group=465.00
[TRAIN] Step 22/30 | 00:22:42
[TRAIN] Step 22 | Loss=0.562856 | Best makespan in group=459.00
[TRAIN] Step 23/30 | 00:22:54
[TRAIN] Step 23 | Loss=0.780542 | Best makespan in group=551.00
[TRAIN] Step 24/30 | 00:23:10
[TRAIN] Step 24 | Loss=0.525356 | Best makespan in group=362.00
[TRAIN] Step 25/30 | 00:23:22
[TRAIN] Step 25 | Loss=0.569942 | Best makespan in group=310.00
[TRAIN][VAL][ep 25] avg_gap=0.1211 | std_gap=0.0507 | q80_gap=0.1639 | n=40
[TRAIN] Validation improved | smoothed_avg_gap=0.1211 (raw=0.1211) | saving candidate: 122925367673868.pth
[TRAIN] Step 26/30 | 00:25:16
[TRAIN] Step 26 | Loss=0.596973 | Best makespan in group=373.00
[TRAIN] Step 27/30 | 00:25:29
[TRAIN] Step 27 | Loss=0.665316 | Best makespan in group=361.00
[TRAIN] Step 28/30 | 00:25:47
[TRAIN] Step 28 | Loss=0.762633 | Best makespan in group=309.00
[TRAIN] Step 29/30 | 00:25:59
[TRAIN] Step 29 | Loss=0.684468 | Best makespan in group=451.00
[TRAIN] Step 30/30 | 00:26:12
[TRAIN] Step 30 | Loss=0.668263 | Best makespan in group=405.00
[TRAIN][VAL][ep 30] avg_gap=0.1161 | std_gap=0.0512 | q80_gap=0.1628 | n=40
[TRAIN] Validation improved | smoothed_avg_gap=0.1186 (raw=0.1161) | saving candidate: 244499334456651.pth
[TRAIN] Evaluating best checkpoint (candidate_models/244499334456651.pth) on the held-out test split...
[TRAIN][TEST] avg_gap=0.1245 | std_gap=0.0568 | q80_gap=0.1764 | n=40
[TRAIN][00:29:35] Training ended. Validation history and plots updated.
