D:\Dissertação\dissertation-bopo_introduction\venv\Lib\site-packages\torch\jit\_script.py:1485: FutureWarning: `torch.jit.script` is not supported in Python 3.14+ and may break. Please switch to `torch.compile` or `torch.export`.
  warnings.warn(
============================================================
[TRAIN] Training started at: 2026-10-02 23:31:28
[TRAIN] Hyperparams | max_steps=30 | new_freq=200
[TRAIN]             | n_cases=30 | B=32 | K=10 | use_greedy=True | lr=0.0005 (decaying to 1.00e-04)
[TRAIN]             | warm_start_steps=200 | checkpoint_smooth_window=3 | seed=42
[TRAIN]             | hidden_channels=128 | num_layers=2 | heads=3
[TRAIN]             | logp_norm=sum | exclude_greedy_from_loss=False
[TRAIN] Representation | ojm | GNN | gat | jm_design | baseline
[TRAIN] Device | cuda:0 (NVIDIA GeForce GTX 1650 Ti)
[TRAIN] Problem size | jobs=[8,10] | machines=[5,10] | ops_per_job=[5,6] | max_proc=100
============================================================
[TRAIN] Output run folder: results\csv_ojm_gat_L2_k100_m1_e30_s42
[TRAIN] Validation config | every=25 steps | instances=40 (representative subset)
[TRAIN][TEACHER] validation avg_gap=0.3989 | q80_gap=0.5426 || test avg_gap=0.4193 | q80_gap=0.5240
[TRAIN] Warm-start (behavior cloning vs. dispatch heuristic) | 200 step(s)...
[TRAIN][WARMSTART] step 10/200 | instance=21 | bc_loss=3.0697 | decisions=42
[TRAIN][WARMSTART] step 20/200 | instance=6 | bc_loss=2.8106 | decisions=54
[TRAIN][WARMSTART] step 30/200 | instance=28 | bc_loss=2.7184 | decisions=56
[TRAIN][WARMSTART] step 40/200 | instance=0 | bc_loss=2.7716 | decisions=42
[TRAIN][WARMSTART] step 50/200 | instance=8 | bc_loss=2.1685 | decisions=46
[TRAIN][WARMSTART] step 60/200 | instance=19 | bc_loss=2.0240 | decisions=44
[TRAIN][WARMSTART] step 70/200 | instance=23 | bc_loss=2.2620 | decisions=50
[TRAIN][WARMSTART] step 80/200 | instance=26 | bc_loss=2.6400 | decisions=47
[TRAIN][WARMSTART] step 90/200 | instance=9 | bc_loss=2.2333 | decisions=48
[TRAIN][WARMSTART] step 100/200 | instance=23 | bc_loss=1.9095 | decisions=50
[TRAIN][WARMSTART] step 110/200 | instance=19 | bc_loss=1.9935 | decisions=44
[TRAIN][WARMSTART] step 120/200 | instance=1 | bc_loss=2.2756 | decisions=45
[TRAIN][WARMSTART] step 130/200 | instance=1 | bc_loss=2.3191 | decisions=45
[TRAIN][WARMSTART] step 140/200 | instance=8 | bc_loss=1.7306 | decisions=46
[TRAIN][WARMSTART] step 150/200 | instance=23 | bc_loss=1.8015 | decisions=50
[TRAIN][WARMSTART] step 160/200 | instance=18 | bc_loss=2.1167 | decisions=48
[TRAIN][WARMSTART] step 170/200 | instance=0 | bc_loss=2.4160 | decisions=42
[TRAIN][WARMSTART] step 180/200 | instance=28 | bc_loss=1.7663 | decisions=56
[TRAIN][WARMSTART] step 190/200 | instance=7 | bc_loss=1.7278 | decisions=53
[TRAIN][WARMSTART] step 200/200 | instance=9 | bc_loss=2.0291 | decisions=48
[TRAIN] Warm-start complete, switching to BOPO preference optimization.
------------------------------------------------------------
[TRAIN] BOPO agent ready. Starting training loop for 30 step(s)...
------------------------------------------------------------
[TRAIN] Step 1/30 | 23:38:42
[TRAIN] Step 1 | Loss=0.731126 | Best makespan in group=691.00
[TRAIN] Step 2/30 | 23:38:55
[TRAIN] Step 2 | Loss=1.104433 | Best makespan in group=466.00
[TRAIN] Step 3/30 | 23:39:08
[TRAIN] Step 3 | Loss=5.476470 | Best makespan in group=564.00
[TRAIN] Step 4/30 | 23:39:25
[TRAIN] Step 4 | Loss=-0.000000 | Best makespan in group=471.00
[TRAIN] Step 5/30 | 23:39:39
[TRAIN] Step 5 | Loss=1.258557 | Best makespan in group=467.00
[TRAIN] Step 6/30 | 23:39:57
[TRAIN] Step 6 | Loss=1.138936 | Best makespan in group=400.00
[TRAIN] Step 7/30 | 23:40:14
[TRAIN] Step 7 | Loss=1.266336 | Best makespan in group=543.00
[TRAIN] Step 8/30 | 23:40:28
[TRAIN] Step 8 | Loss=1.194968 | Best makespan in group=506.00
[TRAIN] Step 9/30 | 23:40:43
[TRAIN] Step 9 | Loss=0.000000 | Best makespan in group=429.00
[TRAIN] Step 10/30 | 23:40:55
[TRAIN] Step 10 | Loss=0.018233 | Best makespan in group=411.00
[TRAIN] Step 11/30 | 23:41:08
[TRAIN] Step 11 | Loss=-0.000000 | Best makespan in group=459.00
[TRAIN] Step 12/30 | 23:41:24
[TRAIN] Step 12 | Loss=0.000000 | Best makespan in group=454.00
[TRAIN] Step 13/30 | 23:41:40
[TRAIN] Step 13 | Loss=-0.000000 | Best makespan in group=445.00
[TRAIN] Step 14/30 | 23:41:56
[TRAIN] Step 14 | Loss=12.130812 | Best makespan in group=482.00
[TRAIN] Step 15/30 | 23:42:15
[TRAIN] Step 15 | Loss=-0.000000 | Best makespan in group=469.00
[TRAIN] Step 16/30 | 23:42:30
[TRAIN] Step 16 | Loss=0.015381 | Best makespan in group=442.00
[TRAIN] Step 17/30 | 23:42:47
[TRAIN] Step 17 | Loss=-0.000000 | Best makespan in group=469.00
[TRAIN] Step 18/30 | 23:43:01
[TRAIN] Step 18 | Loss=-0.000000 | Best makespan in group=507.00
[TRAIN] Step 19/30 | 23:43:16
[TRAIN] Step 19 | Loss=-0.000000 | Best makespan in group=385.00
[TRAIN] Step 20/30 | 23:43:31
[TRAIN] Step 20 | Loss=0.449597 | Best makespan in group=411.00
[TRAIN] Step 21/30 | 23:43:48
[TRAIN] Step 21 | Loss=0.367483 | Best makespan in group=541.00
[TRAIN] Step 22/30 | 23:44:06
[TRAIN] Step 22 | Loss=-0.000000 | Best makespan in group=426.00
[TRAIN] Step 23/30 | 23:44:20
[TRAIN] Step 23 | Loss=-0.000000 | Best makespan in group=414.00
[TRAIN] Step 24/30 | 23:44:34
[TRAIN] Step 24 | Loss=1.176324 | Best makespan in group=377.00
[TRAIN] Step 25/30 | 23:44:49
[TRAIN] Step 25 | Loss=0.182261 | Best makespan in group=564.00
[TRAIN][VAL][ep 25] avg_gap=0.1847 | std_gap=0.0960 | q80_gap=0.2422 | n=40
[TRAIN] Validation improved | smoothed_avg_gap=0.1847 (raw=0.1847) | saving candidate: 182685972859788.pth
[TRAIN] Step 26/30 | 23:46:20
[TRAIN] Step 26 | Loss=-0.000000 | Best makespan in group=419.00
[TRAIN] Step 27/30 | 23:46:35
[TRAIN] Step 27 | Loss=-0.000000 | Best makespan in group=431.00
[TRAIN] Step 28/30 | 23:46:48
[TRAIN] Step 28 | Loss=-0.000000 | Best makespan in group=425.00
[TRAIN] Step 29/30 | 23:47:05
[TRAIN] Step 29 | Loss=-0.000000 | Best makespan in group=424.00
[TRAIN] Step 30/30 | 23:47:20
[TRAIN] Step 30 | Loss=-0.000000 | Best makespan in group=351.00
[TRAIN][VAL][ep 30] avg_gap=0.1898 | std_gap=0.1013 | q80_gap=0.2289 | n=40
[TRAIN] Evaluating best checkpoint (candidate_models/182685972859788.pth) on the held-out test split...
[TRAIN][TEST] avg_gap=0.1880 | std_gap=0.0881 | q80_gap=0.2406 | n=40
[TRAIN][23:50:33] Training ended. Validation history and plots updated.
