D:\Dissertação\dissertation-bopo_introduction\venv\Lib\site-packages\torch\jit\_script.py:1485: FutureWarning: `torch.jit.script` is not supported in Python 3.14+ and may break. Please switch to `torch.compile` or `torch.export`.
  warnings.warn(
============================================================
[TRAIN] Training started at: 2026-10-03 04:18:47
[TRAIN] Hyperparams | max_steps=400 | new_freq=200
[TRAIN]             | n_cases=30 | B=32 | K=10 | use_greedy=True | lr=0.0005 (decaying to 1.00e-04)
[TRAIN]             | warm_start_steps=200 | checkpoint_smooth_window=3 | seed=42
[TRAIN]             | hidden_channels=128 | num_layers=2 | heads=3
[TRAIN]             | logp_norm=sum | exclude_greedy_from_loss=False
[TRAIN] Representation | ojm | GNN | transformer | jm_design | baseline
[TRAIN] Device | cuda:0 (NVIDIA GeForce GTX 1650 Ti)
[TRAIN] Problem size | jobs=[8,10] | machines=[5,10] | ops_per_job=[5,6] | max_proc=100
============================================================
[TRAIN] Output run folder: results\csv_ojm_transformer_L2_k1_m1_e400_s42
[TRAIN] Validation config | every=25 steps | instances=40 (representative subset)
[TRAIN][TEACHER] validation avg_gap=0.3945 | q80_gap=0.5007 || test avg_gap=0.4226 | q80_gap=0.5228
[TRAIN] Warm-start (behavior cloning vs. dispatch heuristic) | 200 step(s)...
[TRAIN][WARMSTART] step 10/200 | instance=4 | bc_loss=1.5646 | decisions=51
[TRAIN][WARMSTART] step 20/200 | instance=20 | bc_loss=1.1958 | decisions=43
[TRAIN][WARMSTART] step 30/200 | instance=7 | bc_loss=1.1545 | decisions=45
[TRAIN][WARMSTART] step 40/200 | instance=18 | bc_loss=0.9421 | decisions=42
[TRAIN][WARMSTART] step 50/200 | instance=26 | bc_loss=0.9748 | decisions=51
[TRAIN][WARMSTART] step 60/200 | instance=19 | bc_loss=0.9592 | decisions=48
[TRAIN][WARMSTART] step 70/200 | instance=12 | bc_loss=0.9173 | decisions=42
[TRAIN][WARMSTART] step 80/200 | instance=7 | bc_loss=0.9257 | decisions=45
[TRAIN][WARMSTART] step 90/200 | instance=17 | bc_loss=1.2849 | decisions=42
[TRAIN][WARMSTART] step 100/200 | instance=0 | bc_loss=1.0339 | decisions=56
[TRAIN][WARMSTART] step 110/200 | instance=7 | bc_loss=0.9220 | decisions=45
[TRAIN][WARMSTART] step 120/200 | instance=10 | bc_loss=0.6733 | decisions=42
[TRAIN][WARMSTART] step 130/200 | instance=24 | bc_loss=0.5887 | decisions=46
[TRAIN][WARMSTART] step 140/200 | instance=5 | bc_loss=0.9035 | decisions=41
[TRAIN][WARMSTART] step 150/200 | instance=15 | bc_loss=0.7415 | decisions=43
[TRAIN][WARMSTART] step 160/200 | instance=9 | bc_loss=0.8370 | decisions=53
[TRAIN][WARMSTART] step 170/200 | instance=6 | bc_loss=1.1521 | decisions=56
[TRAIN][WARMSTART] step 180/200 | instance=2 | bc_loss=0.8843 | decisions=44
[TRAIN][WARMSTART] step 190/200 | instance=28 | bc_loss=0.9876 | decisions=53
[TRAIN][WARMSTART] step 200/200 | instance=5 | bc_loss=0.8778 | decisions=41
[TRAIN] Warm-start complete, switching to BOPO preference optimization.
------------------------------------------------------------
[TRAIN] BOPO agent ready. Starting training loop for 400 step(s)...
------------------------------------------------------------
[TRAIN] Step 1/400 | 04:26:17
[TRAIN] Step 1 | Loss=12.274695 | Best makespan in group=283.00
[TRAIN] Step 2/400 | 04:26:29
[TRAIN] Step 2 | Loss=2.235536 | Best makespan in group=530.00
[TRAIN] Step 3/400 | 04:26:43
[TRAIN] Step 3 | Loss=10.570965 | Best makespan in group=528.00
[TRAIN] Step 4/400 | 04:26:55
[TRAIN] Step 4 | Loss=13.212175 | Best makespan in group=438.00
[TRAIN] Step 5/400 | 04:27:06
[TRAIN] Step 5 | Loss=11.235214 | Best makespan in group=614.00
[TRAIN] Step 6/400 | 04:27:22
[TRAIN] Step 6 | Loss=5.293893 | Best makespan in group=360.00
[TRAIN] Step 7/400 | 04:27:34
[TRAIN] Step 7 | Loss=7.656556 | Best makespan in group=434.00
[TRAIN] Step 8/400 | 04:27:50
[TRAIN] Step 8 | Loss=2.069433 | Best makespan in group=580.00
[TRAIN] Step 9/400 | 04:28:03
[TRAIN] Step 9 | Loss=3.762073 | Best makespan in group=410.00
[TRAIN] Step 10/400 | 04:28:17
[TRAIN] Step 10 | Loss=0.028591 | Best makespan in group=492.00
[TRAIN] Step 11/400 | 04:28:32
[TRAIN] Step 11 | Loss=5.504302 | Best makespan in group=401.00
[TRAIN] Step 12/400 | 04:28:46
[TRAIN] Step 12 | Loss=1.023479 | Best makespan in group=389.00
[TRAIN] Step 13/400 | 04:29:02
[TRAIN] Step 13 | Loss=0.742517 | Best makespan in group=599.00
[TRAIN] Step 14/400 | 04:29:17
[TRAIN] Step 14 | Loss=1.078215 | Best makespan in group=404.00
[TRAIN] Step 15/400 | 04:29:32
[TRAIN] Step 15 | Loss=-0.000000 | Best makespan in group=307.00
[TRAIN] Step 16/400 | 04:29:45
[TRAIN] Step 16 | Loss=0.363018 | Best makespan in group=423.00
[TRAIN] Step 17/400 | 04:29:58
[TRAIN] Step 17 | Loss=3.790540 | Best makespan in group=314.00
[TRAIN] Step 18/400 | 04:30:10
[TRAIN] Step 18 | Loss=0.333434 | Best makespan in group=375.00
[TRAIN] Step 19/400 | 04:30:24
[TRAIN] Step 19 | Loss=0.637967 | Best makespan in group=280.00
[TRAIN] Step 20/400 | 04:30:39
[TRAIN] Step 20 | Loss=1.592930 | Best makespan in group=362.00
[TRAIN] Step 21/400 | 04:30:54
[TRAIN] Step 21 | Loss=0.476291 | Best makespan in group=454.00
[TRAIN] Step 22/400 | 04:31:05
[TRAIN] Step 22 | Loss=0.000000 | Best makespan in group=439.00
[TRAIN] Step 23/400 | 04:31:17
[TRAIN] Step 23 | Loss=0.120246 | Best makespan in group=527.00
[TRAIN] Step 24/400 | 04:31:33
[TRAIN] Step 24 | Loss=3.690236 | Best makespan in group=359.00
[TRAIN] Step 25/400 | 04:31:45
[TRAIN] Step 25 | Loss=0.115245 | Best makespan in group=320.00
[TRAIN][VAL][ep 25] avg_gap=0.0877 | std_gap=0.0414 | q80_gap=0.1115 | n=40
[TRAIN] Validation improved | smoothed_avg_gap=0.0877 (raw=0.0877) | saving candidate: 614899626579347.pth
[TRAIN] Step 26/400 | 04:33:22
[TRAIN] Step 26 | Loss=1.921827 | Best makespan in group=379.00
[TRAIN] Step 27/400 | 04:33:36
[TRAIN] Step 27 | Loss=0.639598 | Best makespan in group=376.00
[TRAIN] Step 28/400 | 04:33:53
[TRAIN] Step 28 | Loss=1.944180 | Best makespan in group=307.00
[TRAIN] Step 29/400 | 04:34:06
[TRAIN] Step 29 | Loss=0.074994 | Best makespan in group=451.00
[TRAIN] Step 30/400 | 04:34:19
[TRAIN] Step 30 | Loss=0.073842 | Best makespan in group=397.00
[TRAIN] Step 31/400 | 04:34:30
[TRAIN] Step 31 | Loss=-0.000000 | Best makespan in group=445.00
[TRAIN] Step 32/400 | 04:34:43
[TRAIN] Step 32 | Loss=1.926545 | Best makespan in group=359.00
[TRAIN] Step 33/400 | 04:34:56
[TRAIN] Step 33 | Loss=3.891819 | Best makespan in group=457.00
[TRAIN] Step 34/400 | 04:35:09
[TRAIN] Step 34 | Loss=0.327770 | Best makespan in group=337.00
[TRAIN] Step 35/400 | 04:35:23
[TRAIN] Step 35 | Loss=3.241601 | Best makespan in group=387.00
[TRAIN] Step 36/400 | 04:35:35
[TRAIN] Step 36 | Loss=-0.000000 | Best makespan in group=398.00
[TRAIN] Step 37/400 | 04:35:51
[TRAIN] Step 37 | Loss=0.235793 | Best makespan in group=583.00
[TRAIN] Step 38/400 | 04:36:07
[TRAIN] Step 38 | Loss=0.000042 | Best makespan in group=401.00
[TRAIN] Step 39/400 | 04:36:22
[TRAIN] Step 39 | Loss=0.014439 | Best makespan in group=272.00
[TRAIN] Step 40/400 | 04:36:38
[TRAIN] Step 40 | Loss=0.000000 | Best makespan in group=420.00
[TRAIN] Step 41/400 | 04:36:49
[TRAIN] Step 41 | Loss=-0.000000 | Best makespan in group=546.00
[TRAIN] Step 42/400 | 04:37:05
[TRAIN] Step 42 | Loss=0.198255 | Best makespan in group=401.00
[TRAIN] Step 43/400 | 04:37:19
[TRAIN] Step 43 | Loss=0.009762 | Best makespan in group=267.00
[TRAIN] Step 44/400 | 04:37:31
[TRAIN] Step 44 | Loss=-0.000000 | Best makespan in group=440.00
[TRAIN] Step 45/400 | 04:37:42
[TRAIN] Step 45 | Loss=0.620556 | Best makespan in group=480.00
[TRAIN] Step 46/400 | 04:37:55
[TRAIN] Step 46 | Loss=0.535019 | Best makespan in group=381.00
[TRAIN] Step 47/400 | 04:38:09
[TRAIN] Step 47 | Loss=-0.000000 | Best makespan in group=394.00
[TRAIN] Step 48/400 | 04:38:24
[TRAIN] Step 48 | Loss=0.314031 | Best makespan in group=430.00
[TRAIN] Step 49/400 | 04:38:37
[TRAIN] Step 49 | Loss=-0.000000 | Best makespan in group=311.00
[TRAIN] Step 50/400 | 04:38:53
[TRAIN] Step 50 | Loss=-0.000000 | Best makespan in group=318.00
[TRAIN][VAL][ep 50] avg_gap=0.0999 | std_gap=0.0414 | q80_gap=0.1358 | n=40
[TRAIN] Step 51/400 | 04:40:26
[TRAIN] Step 51 | Loss=0.865503 | Best makespan in group=307.00
[TRAIN] Step 52/400 | 04:40:38
[TRAIN] Step 52 | Loss=-0.000000 | Best makespan in group=376.00
[TRAIN] Step 53/400 | 04:40:50
[TRAIN] Step 53 | Loss=-0.000000 | Best makespan in group=358.00
[TRAIN] Step 54/400 | 04:41:03
[TRAIN] Step 54 | Loss=-0.000000 | Best makespan in group=430.00
[TRAIN] Step 55/400 | 04:41:16
[TRAIN] Step 55 | Loss=-0.000000 | Best makespan in group=609.00
[TRAIN] Step 56/400 | 04:41:32
[TRAIN] Step 56 | Loss=3.328570 | Best makespan in group=504.00
[TRAIN] Step 57/400 | 04:41:48
[TRAIN] Step 57 | Loss=1.097067 | Best makespan in group=370.00
[TRAIN] Step 58/400 | 04:42:06
[TRAIN] Step 58 | Loss=-0.000000 | Best makespan in group=367.00
[TRAIN] Step 59/400 | 04:42:19
[TRAIN] Step 59 | Loss=-0.000000 | Best makespan in group=556.00
[TRAIN] Step 60/400 | 04:42:32
[TRAIN] Step 60 | Loss=4.522681 | Best makespan in group=314.00
[TRAIN] Step 61/400 | 04:42:44
[TRAIN] Step 61 | Loss=0.992943 | Best makespan in group=276.00
[TRAIN] Step 62/400 | 04:43:00
[TRAIN] Step 62 | Loss=0.002933 | Best makespan in group=496.00
[TRAIN] Step 63/400 | 04:43:16
[TRAIN] Step 63 | Loss=0.003270 | Best makespan in group=400.00
[TRAIN] Step 64/400 | 04:43:30
[TRAIN] Step 64 | Loss=-0.000000 | Best makespan in group=556.00
[TRAIN] Step 65/400 | 04:43:42
[TRAIN] Step 65 | Loss=1.506432 | Best makespan in group=486.00
[TRAIN] Step 66/400 | 04:43:54
[TRAIN] Step 66 | Loss=-0.000000 | Best makespan in group=406.00
[TRAIN] Step 67/400 | 04:44:09
[TRAIN] Step 67 | Loss=-0.000000 | Best makespan in group=442.00
[TRAIN] Step 68/400 | 04:44:22
[TRAIN] Step 68 | Loss=1.879148 | Best makespan in group=568.00
[TRAIN] Step 69/400 | 04:44:38
[TRAIN] Step 69 | Loss=0.000000 | Best makespan in group=324.00
[TRAIN] Step 70/400 | 04:44:52
[TRAIN] Step 70 | Loss=0.219248 | Best makespan in group=369.00
[TRAIN] Step 71/400 | 04:45:04
[TRAIN] Step 71 | Loss=1.568661 | Best makespan in group=314.00
[TRAIN] Step 72/400 | 04:45:17
[TRAIN] Step 72 | Loss=-0.000000 | Best makespan in group=297.00
[TRAIN] Step 73/400 | 04:45:28
[TRAIN] Step 73 | Loss=-0.000000 | Best makespan in group=372.00
[TRAIN] Step 74/400 | 04:45:44
[TRAIN] Step 74 | Loss=-0.000000 | Best makespan in group=470.00
[TRAIN] Step 75/400 | 04:45:56
[TRAIN] Step 75 | Loss=-0.000000 | Best makespan in group=364.00
[TRAIN][VAL][ep 75] avg_gap=0.1003 | std_gap=0.0442 | q80_gap=0.1435 | n=40
[TRAIN] Step 76/400 | 04:47:30
[TRAIN] Step 76 | Loss=-0.000000 | Best makespan in group=599.00
[TRAIN] Step 77/400 | 04:47:46
[TRAIN] Step 77 | Loss=0.000001 | Best makespan in group=357.00
[TRAIN] Step 78/400 | 04:47:58
[TRAIN] Step 78 | Loss=0.000032 | Best makespan in group=387.00
[TRAIN] Step 79/400 | 04:48:10
[TRAIN] Step 79 | Loss=0.000003 | Best makespan in group=423.00
[TRAIN] Step 80/400 | 04:48:22
[TRAIN] Step 80 | Loss=-0.000000 | Best makespan in group=323.00
[TRAIN] Step 81/400 | 04:48:38
[TRAIN] Step 81 | Loss=0.000003 | Best makespan in group=423.00
[TRAIN] Step 82/400 | 04:48:53
[TRAIN] Step 82 | Loss=0.000628 | Best makespan in group=482.00
[TRAIN] Step 83/400 | 04:49:07
[TRAIN] Step 83 | Loss=1.525907 | Best makespan in group=266.00
[TRAIN] Step 84/400 | 04:49:19
[TRAIN] Step 84 | Loss=0.000005 | Best makespan in group=378.00
[TRAIN] Step 85/400 | 04:49:35
[TRAIN] Step 85 | Loss=1.010351 | Best makespan in group=387.00
[TRAIN] Step 86/400 | 04:49:47
[TRAIN] Step 86 | Loss=0.000006 | Best makespan in group=430.00
[TRAIN] Step 87/400 | 04:50:01
[TRAIN] Step 87 | Loss=0.952506 | Best makespan in group=418.00
[TRAIN] Step 88/400 | 04:50:13
[TRAIN] Step 88 | Loss=0.000001 | Best makespan in group=627.00
[TRAIN] Step 89/400 | 04:50:28
[TRAIN] Step 89 | Loss=0.536538 | Best makespan in group=362.00
[TRAIN] Step 90/400 | 04:50:42
[TRAIN] Step 90 | Loss=0.087622 | Best makespan in group=401.00
[TRAIN] Step 91/400 | 04:50:55
[TRAIN] Step 91 | Loss=0.000000 | Best makespan in group=452.00
[TRAIN] Step 92/400 | 04:51:07
[TRAIN] Step 92 | Loss=0.000005 | Best makespan in group=273.00
[TRAIN] Step 93/400 | 04:51:20
[TRAIN] Step 93 | Loss=0.000005 | Best makespan in group=357.00
[TRAIN] Step 94/400 | 04:51:32
[TRAIN] Step 94 | Loss=0.145139 | Best makespan in group=574.00
[TRAIN] Step 95/400 | 04:51:47
[TRAIN] Step 95 | Loss=0.000008 | Best makespan in group=423.00
[TRAIN] Step 96/400 | 04:52:03
[TRAIN] Step 96 | Loss=-0.000000 | Best makespan in group=466.00
[TRAIN] Step 97/400 | 04:52:14
[TRAIN] Step 97 | Loss=-0.000000 | Best makespan in group=409.00
[TRAIN] Step 98/400 | 04:52:30
[TRAIN] Step 98 | Loss=0.000004 | Best makespan in group=363.00
[TRAIN] Step 99/400 | 04:52:43
[TRAIN] Step 99 | Loss=0.000001 | Best makespan in group=533.00
[TRAIN] Step 100/400 | 04:52:58
[TRAIN] Step 100 | Loss=-0.000000 | Best makespan in group=303.00
[TRAIN][VAL][ep 100] avg_gap=0.0985 | std_gap=0.0425 | q80_gap=0.1321 | n=40
[TRAIN] Step 101/400 | 04:54:32
[TRAIN] Step 101 | Loss=0.045592 | Best makespan in group=401.00
[TRAIN] Step 102/400 | 04:54:45
[TRAIN] Step 102 | Loss=0.004141 | Best makespan in group=392.00
[TRAIN] Step 103/400 | 04:54:59
[TRAIN] Step 103 | Loss=1.715291 | Best makespan in group=392.00
[TRAIN] Step 104/400 | 04:55:16
[TRAIN] Step 104 | Loss=0.000004 | Best makespan in group=399.00
[TRAIN] Step 105/400 | 04:55:27
[TRAIN] Step 105 | Loss=-0.000000 | Best makespan in group=432.00
[TRAIN] Step 106/400 | 04:55:40
[TRAIN] Step 106 | Loss=-0.000000 | Best makespan in group=491.00
[TRAIN] Step 107/400 | 04:55:56
[TRAIN] Step 107 | Loss=0.000000 | Best makespan in group=358.00
[TRAIN] Step 108/400 | 04:56:10
[TRAIN] Step 108 | Loss=0.000000 | Best makespan in group=615.00
[TRAIN] Step 109/400 | 04:56:25
[TRAIN] Step 109 | Loss=0.519840 | Best makespan in group=342.00
[TRAIN] Step 110/400 | 04:56:40
[TRAIN] Step 110 | Loss=0.000002 | Best makespan in group=429.00
[TRAIN] Step 111/400 | 04:56:54
[TRAIN] Step 111 | Loss=0.000009 | Best makespan in group=324.00
[TRAIN] Step 112/400 | 04:57:07
[TRAIN] Step 112 | Loss=0.000000 | Best makespan in group=550.00
[TRAIN] Step 113/400 | 04:57:19
[TRAIN] Step 113 | Loss=0.000000 | Best makespan in group=486.00
[TRAIN] Step 114/400 | 04:57:30
[TRAIN] Step 114 | Loss=0.000001 | Best makespan in group=272.00
[TRAIN] Step 115/400 | 04:57:46
[TRAIN] Step 115 | Loss=-0.000000 | Best makespan in group=381.00
[TRAIN] Step 116/400 | 04:58:01
[TRAIN] Step 116 | Loss=0.000000 | Best makespan in group=466.00
[TRAIN] Step 117/400 | 04:58:15
[TRAIN] Step 117 | Loss=0.000000 | Best makespan in group=301.00
[TRAIN] Step 118/400 | 04:58:27
[TRAIN] Step 118 | Loss=0.097958 | Best makespan in group=387.00
[TRAIN] Step 119/400 | 04:58:39
[TRAIN] Step 119 | Loss=0.000006 | Best makespan in group=373.00
[TRAIN] Step 120/400 | 04:58:52
[TRAIN] Step 120 | Loss=0.592781 | Best makespan in group=314.00
[TRAIN] Step 121/400 | 04:59:04
[TRAIN] Step 121 | Loss=0.000000 | Best makespan in group=619.00
[TRAIN] Step 122/400 | 04:59:19
[TRAIN] Step 122 | Loss=0.000000 | Best makespan in group=486.00
[TRAIN] Step 123/400 | 04:59:30
[TRAIN] Step 123 | Loss=0.000024 | Best makespan in group=324.00
[TRAIN] Step 124/400 | 04:59:43
[TRAIN] Step 124 | Loss=0.181172 | Best makespan in group=314.00
[TRAIN] Step 125/400 | 04:59:55
[TRAIN] Step 125 | Loss=0.000001 | Best makespan in group=357.00
[TRAIN][VAL][ep 125] avg_gap=0.1072 | std_gap=0.0539 | q80_gap=0.1388 | n=40
[TRAIN] Step 126/400 | 05:01:26
[TRAIN] Step 126 | Loss=0.000004 | Best makespan in group=391.00
[TRAIN] Step 127/400 | 05:01:41
[TRAIN] Step 127 | Loss=0.471574 | Best makespan in group=278.00
[TRAIN] Step 128/400 | 05:01:56
[TRAIN] Step 128 | Loss=0.484375 | Best makespan in group=443.00
[TRAIN] Step 129/400 | 05:02:08
[TRAIN] Step 129 | Loss=-0.000000 | Best makespan in group=532.00
[TRAIN] Step 130/400 | 05:02:24
[TRAIN] Step 130 | Loss=0.287282 | Best makespan in group=365.00
[TRAIN] Step 131/400 | 05:02:41
[TRAIN] Step 131 | Loss=0.000001 | Best makespan in group=373.00
[TRAIN] Step 132/400 | 05:02:53
[TRAIN] Step 132 | Loss=-0.000000 | Best makespan in group=398.00
[TRAIN] Step 133/400 | 05:03:09
[TRAIN] Step 133 | Loss=-0.000000 | Best makespan in group=403.00
[TRAIN] Step 134/400 | 05:03:24
[TRAIN] Step 134 | Loss=0.000011 | Best makespan in group=414.00
[TRAIN] Step 135/400 | 05:03:40
[TRAIN] Step 135 | Loss=-0.000000 | Best makespan in group=361.00
[TRAIN] Step 136/400 | 05:03:53
[TRAIN] Step 136 | Loss=0.000912 | Best makespan in group=269.00
[TRAIN] Step 137/400 | 05:04:07
[TRAIN] Step 137 | Loss=1.224921 | Best makespan in group=441.00
[TRAIN] Step 138/400 | 05:04:19
[TRAIN] Step 138 | Loss=0.000001 | Best makespan in group=467.00
[TRAIN] Step 139/400 | 05:04:31
[TRAIN] Step 139 | Loss=-0.000000 | Best makespan in group=563.00
[TRAIN] Step 140/400 | 05:04:46
[TRAIN] Step 140 | Loss=0.000000 | Best makespan in group=550.00
[TRAIN] Step 141/400 | 05:04:59
[TRAIN] Step 141 | Loss=0.042933 | Best makespan in group=387.00
[TRAIN] Step 142/400 | 05:05:11
[TRAIN] Step 142 | Loss=-0.000000 | Best makespan in group=306.00
[TRAIN] Step 143/400 | 05:05:27
[TRAIN] Step 143 | Loss=0.000003 | Best makespan in group=300.00
[TRAIN] Step 144/400 | 05:05:40
[TRAIN] Step 144 | Loss=0.000010 | Best makespan in group=402.00
[TRAIN] Step 145/400 | 05:05:51
[TRAIN] Step 145 | Loss=0.000000 | Best makespan in group=420.00
[TRAIN] Step 146/400 | 05:06:05
[TRAIN] Step 146 | Loss=0.000002 | Best makespan in group=362.00
[TRAIN] Step 147/400 | 05:06:20
[TRAIN] Step 147 | Loss=0.371154 | Best makespan in group=401.00
[TRAIN] Step 148/400 | 05:06:33
[TRAIN] Step 148 | Loss=0.000001 | Best makespan in group=363.00
[TRAIN] Step 149/400 | 05:06:46
[TRAIN] Step 149 | Loss=-0.000000 | Best makespan in group=527.00
[TRAIN] Step 150/400 | 05:07:01
[TRAIN] Step 150 | Loss=0.009090 | Best makespan in group=481.00
[TRAIN][VAL][ep 150] avg_gap=0.1019 | std_gap=0.0410 | q80_gap=0.1387 | n=40
[TRAIN] Step 151/400 | 05:08:35
[TRAIN] Step 151 | Loss=0.586261 | Best makespan in group=266.00
[TRAIN] Step 152/400 | 05:08:47
[TRAIN] Step 152 | Loss=0.000003 | Best makespan in group=315.00
[TRAIN] Step 153/400 | 05:09:00
[TRAIN] Step 153 | Loss=0.204553 | Best makespan in group=617.00
[TRAIN] Step 154/400 | 05:09:16
[TRAIN] Step 154 | Loss=-0.000000 | Best makespan in group=564.00
[TRAIN] Step 155/400 | 05:09:30
[TRAIN] Step 155 | Loss=0.000001 | Best makespan in group=404.00
[TRAIN] Step 156/400 | 05:09:43
[TRAIN] Step 156 | Loss=0.000008 | Best makespan in group=363.00
[TRAIN] Step 157/400 | 05:09:55
[TRAIN] Step 157 | Loss=-0.000000 | Best makespan in group=393.00
[TRAIN] Step 158/400 | 05:10:10
[TRAIN] Step 158 | Loss=0.556765 | Best makespan in group=387.00
[TRAIN] Step 159/400 | 05:10:23
[TRAIN] Step 159 | Loss=0.000000 | Best makespan in group=413.00
[TRAIN] Step 160/400 | 05:10:38
[TRAIN] Step 160 | Loss=-0.000000 | Best makespan in group=376.00
[TRAIN] Step 161/400 | 05:10:50
[TRAIN] Step 161 | Loss=0.041994 | Best makespan in group=463.00
[TRAIN] Step 162/400 | 05:11:04
[TRAIN] Step 162 | Loss=0.000000 | Best makespan in group=443.00
[TRAIN] Step 163/400 | 05:11:17
[TRAIN] Step 163 | Loss=-0.000000 | Best makespan in group=516.00
[TRAIN] Step 164/400 | 05:11:33
[TRAIN] Step 164 | Loss=0.351931 | Best makespan in group=318.00
[TRAIN] Step 165/400 | 05:11:45
[TRAIN] Step 165 | Loss=1.112572 | Best makespan in group=272.00
[TRAIN] Step 166/400 | 05:12:01
[TRAIN] Step 166 | Loss=0.018855 | Best makespan in group=554.00
[TRAIN] Step 167/400 | 05:12:16
[TRAIN] Step 167 | Loss=-0.000000 | Best makespan in group=313.00
[TRAIN] Step 168/400 | 05:12:32
[TRAIN] Step 168 | Loss=0.114923 | Best makespan in group=314.00
[TRAIN] Step 169/400 | 05:12:45
[TRAIN] Step 169 | Loss=0.016857 | Best makespan in group=406.00
[TRAIN] Step 170/400 | 05:12:59
[TRAIN] Step 170 | Loss=0.344894 | Best makespan in group=446.00
[TRAIN] Step 171/400 | 05:13:11
[TRAIN] Step 171 | Loss=-0.000000 | Best makespan in group=548.00
[TRAIN] Step 172/400 | 05:13:23
[TRAIN] Step 172 | Loss=0.000002 | Best makespan in group=438.00
[TRAIN] Step 173/400 | 05:13:35
[TRAIN] Step 173 | Loss=0.687399 | Best makespan in group=337.00
[TRAIN] Step 174/400 | 05:13:50
[TRAIN] Step 174 | Loss=-0.000000 | Best makespan in group=367.00
[TRAIN] Step 175/400 | 05:14:03
[TRAIN] Step 175 | Loss=-0.000000 | Best makespan in group=360.00
[TRAIN][VAL][ep 175] avg_gap=0.0973 | std_gap=0.0407 | q80_gap=0.1223 | n=40
[TRAIN] Step 176/400 | 05:15:34
[TRAIN] Step 176 | Loss=0.057781 | Best makespan in group=399.00
[TRAIN] Step 177/400 | 05:15:50
[TRAIN] Step 177 | Loss=0.036438 | Best makespan in group=401.00
[TRAIN] Step 178/400 | 05:16:04
[TRAIN] Step 178 | Loss=0.153048 | Best makespan in group=369.00
[TRAIN] Step 179/400 | 05:16:21
[TRAIN] Step 179 | Loss=-0.000000 | Best makespan in group=487.00
[TRAIN] Step 180/400 | 05:16:32
[TRAIN] Step 180 | Loss=0.194843 | Best makespan in group=467.00
[TRAIN] Step 181/400 | 05:16:44
[TRAIN] Step 181 | Loss=-0.000000 | Best makespan in group=548.00
[TRAIN] Step 182/400 | 05:16:56
[TRAIN] Step 182 | Loss=1.327530 | Best makespan in group=401.00
[TRAIN] Step 183/400 | 05:17:10
[TRAIN] Step 183 | Loss=0.000200 | Best makespan in group=583.00
[TRAIN] Step 184/400 | 05:17:26
[TRAIN] Step 184 | Loss=-0.000000 | Best makespan in group=464.00
[TRAIN] Step 185/400 | 05:17:40
[TRAIN] Step 185 | Loss=0.000000 | Best makespan in group=373.00
[TRAIN] Step 186/400 | 05:17:53
[TRAIN] Step 186 | Loss=0.033757 | Best makespan in group=482.00
[TRAIN] Step 187/400 | 05:18:05
[TRAIN] Step 187 | Loss=0.000000 | Best makespan in group=404.00
[TRAIN] Step 188/400 | 05:18:17
[TRAIN] Step 188 | Loss=0.000000 | Best makespan in group=277.00
[TRAIN] Step 189/400 | 05:18:31
[TRAIN] Step 189 | Loss=-0.000000 | Best makespan in group=415.00
[TRAIN] Step 190/400 | 05:18:46
[TRAIN] Step 190 | Loss=-0.000000 | Best makespan in group=568.00
[TRAIN] Step 191/400 | 05:19:01
[TRAIN] Step 191 | Loss=-0.000000 | Best makespan in group=367.00
[TRAIN] Step 192/400 | 05:19:15
[TRAIN] Step 192 | Loss=-0.000000 | Best makespan in group=623.00
[TRAIN] Step 193/400 | 05:19:30
[TRAIN] Step 193 | Loss=0.020210 | Best makespan in group=265.00
[TRAIN] Step 194/400 | 05:19:42
[TRAIN] Step 194 | Loss=3.224414 | Best makespan in group=337.00
[TRAIN] Step 195/400 | 05:19:57
[TRAIN] Step 195 | Loss=0.024233 | Best makespan in group=372.00
[TRAIN] Step 196/400 | 05:20:14
[TRAIN] Step 196 | Loss=0.038317 | Best makespan in group=318.00
[TRAIN] Step 197/400 | 05:20:26
[TRAIN] Step 197 | Loss=0.565824 | Best makespan in group=357.00
[TRAIN] Step 198/400 | 05:20:38
[TRAIN] Step 198 | Loss=-0.000000 | Best makespan in group=387.00
[TRAIN] Step 199/400 | 05:20:53
[TRAIN] Step 199 | Loss=-0.000000 | Best makespan in group=352.00
[TRAIN] Step 200/400 | 05:21:05
[TRAIN] Step 200 | Loss=0.000000 | Best makespan in group=440.00
[TRAIN] Refreshing training instances (step 200)...
[TRAIN][VAL][ep 200] avg_gap=0.0969 | std_gap=0.0402 | q80_gap=0.1259 | n=40
[TRAIN] Step 201/400 | 05:22:36
[TRAIN] Step 201 | Loss=0.012243 | Best makespan in group=444.00
[TRAIN] Step 202/400 | 05:22:50
[TRAIN] Step 202 | Loss=-0.000000 | Best makespan in group=557.00
[TRAIN] Step 203/400 | 05:23:04
[TRAIN] Step 203 | Loss=2.883945 | Best makespan in group=456.00
[TRAIN] Step 204/400 | 05:23:17
[TRAIN] Step 204 | Loss=-0.000000 | Best makespan in group=378.00
[TRAIN] Step 205/400 | 05:23:30
[TRAIN] Step 205 | Loss=0.000000 | Best makespan in group=331.00
[TRAIN] Step 206/400 | 05:23:46
[TRAIN] Step 206 | Loss=-0.000000 | Best makespan in group=464.00
[TRAIN] Step 207/400 | 05:23:57
[TRAIN] Step 207 | Loss=-0.000000 | Best makespan in group=427.00
[TRAIN] Step 208/400 | 05:24:12
[TRAIN] Step 208 | Loss=0.000032 | Best makespan in group=307.00
[TRAIN] Step 209/400 | 05:24:24
[TRAIN] Step 209 | Loss=0.000001 | Best makespan in group=354.00
[TRAIN] Step 210/400 | 05:24:37
[TRAIN] Step 210 | Loss=0.908619 | Best makespan in group=337.00
[TRAIN] Step 211/400 | 05:24:49
[TRAIN] Step 211 | Loss=0.193269 | Best makespan in group=535.00
[TRAIN] Step 212/400 | 05:25:03
[TRAIN] Step 212 | Loss=-0.000000 | Best makespan in group=355.00
[TRAIN] Step 213/400 | 05:25:16
[TRAIN] Step 213 | Loss=-0.000000 | Best makespan in group=440.00
[TRAIN] Step 214/400 | 05:25:33
[TRAIN] Step 214 | Loss=-0.000000 | Best makespan in group=353.00
[TRAIN] Step 215/400 | 05:25:46
[TRAIN] Step 215 | Loss=-0.000000 | Best makespan in group=472.00
[TRAIN] Step 216/400 | 05:26:01
[TRAIN] Step 216 | Loss=-0.000000 | Best makespan in group=437.00
[TRAIN] Step 217/400 | 05:26:13
[TRAIN] Step 217 | Loss=-0.000000 | Best makespan in group=552.00
[TRAIN] Step 218/400 | 05:26:27
[TRAIN] Step 218 | Loss=0.000000 | Best makespan in group=317.00
[TRAIN] Step 219/400 | 05:26:40
[TRAIN] Step 219 | Loss=0.000000 | Best makespan in group=395.00
[TRAIN] Step 220/400 | 05:26:56
[TRAIN] Step 220 | Loss=-0.000000 | Best makespan in group=469.00
[TRAIN] Step 221/400 | 05:27:09
[TRAIN] Step 221 | Loss=-0.000000 | Best makespan in group=567.00
[TRAIN] Step 222/400 | 05:27:23
[TRAIN] Step 222 | Loss=0.000017 | Best makespan in group=463.00
[TRAIN] Step 223/400 | 05:27:35
[TRAIN] Step 223 | Loss=0.000000 | Best makespan in group=345.00
[TRAIN] Step 224/400 | 05:27:51
[TRAIN] Step 224 | Loss=0.000001 | Best makespan in group=343.00
[TRAIN] Step 225/400 | 05:28:03
[TRAIN] Step 225 | Loss=0.488452 | Best makespan in group=326.00
[TRAIN][VAL][ep 225] avg_gap=0.0993 | std_gap=0.0406 | q80_gap=0.1387 | n=40
[TRAIN] Step 226/400 | 05:29:34
[TRAIN] Step 226 | Loss=0.000006 | Best makespan in group=370.00
[TRAIN] Step 227/400 | 05:29:49
[TRAIN] Step 227 | Loss=0.285911 | Best makespan in group=375.00
[TRAIN] Step 228/400 | 05:30:01
[TRAIN] Step 228 | Loss=0.000001 | Best makespan in group=440.00
[TRAIN] Step 229/400 | 05:30:14
[TRAIN] Step 229 | Loss=0.000002 | Best makespan in group=374.00
[TRAIN] Step 230/400 | 05:30:29
[TRAIN] Step 230 | Loss=0.000129 | Best makespan in group=381.00
[TRAIN] Step 231/400 | 05:30:43
[TRAIN] Step 231 | Loss=0.000041 | Best makespan in group=372.00
[TRAIN] Step 232/400 | 05:30:55
[TRAIN] Step 232 | Loss=0.311130 | Best makespan in group=369.00
[TRAIN] Step 233/400 | 05:31:10
[TRAIN] Step 233 | Loss=0.129670 | Best makespan in group=370.00
[TRAIN] Step 234/400 | 05:31:24
[TRAIN] Step 234 | Loss=0.000000 | Best makespan in group=525.00
[TRAIN] Step 235/400 | 05:31:38
[TRAIN] Step 235 | Loss=-0.000000 | Best makespan in group=511.00
[TRAIN] Step 236/400 | 05:31:53
[TRAIN] Step 236 | Loss=0.000001 | Best makespan in group=382.00
[TRAIN] Step 237/400 | 05:32:08
[TRAIN] Step 237 | Loss=0.000002 | Best makespan in group=428.00
[TRAIN] Step 238/400 | 05:32:21
[TRAIN] Step 238 | Loss=-0.000000 | Best makespan in group=542.00
[TRAIN] Step 239/400 | 05:32:35
[TRAIN] Step 239 | Loss=0.000725 | Best makespan in group=399.00
[TRAIN] Step 240/400 | 05:32:53
[TRAIN] Step 240 | Loss=0.005526 | Best makespan in group=330.00
[TRAIN] Step 241/400 | 05:33:05
[TRAIN] Step 241 | Loss=-0.000000 | Best makespan in group=339.00
[TRAIN] Step 242/400 | 05:33:20
[TRAIN] Step 242 | Loss=0.003672 | Best makespan in group=342.00
[TRAIN] Step 243/400 | 05:33:37
[TRAIN] Step 243 | Loss=0.000001 | Best makespan in group=428.00
[TRAIN] Step 244/400 | 05:33:53
[TRAIN] Step 244 | Loss=0.000001 | Best makespan in group=422.00
[TRAIN] Step 245/400 | 05:34:04
[TRAIN] Step 245 | Loss=0.000002 | Best makespan in group=305.00
[TRAIN] Step 246/400 | 05:34:16
[TRAIN] Step 246 | Loss=0.868536 | Best makespan in group=328.00
[TRAIN] Step 247/400 | 05:34:28
[TRAIN] Step 247 | Loss=0.005002 | Best makespan in group=463.00
[TRAIN] Step 248/400 | 05:34:41
[TRAIN] Step 248 | Loss=-0.000000 | Best makespan in group=353.00
[TRAIN] Step 249/400 | 05:34:54
[TRAIN] Step 249 | Loss=0.005706 | Best makespan in group=350.00
[TRAIN] Step 250/400 | 05:35:09
[TRAIN] Step 250 | Loss=-0.000000 | Best makespan in group=378.00
[TRAIN][VAL][ep 250] avg_gap=0.1009 | std_gap=0.0411 | q80_gap=0.1266 | n=40
[TRAIN] Step 251/400 | 05:36:40
[TRAIN] Step 251 | Loss=0.000000 | Best makespan in group=581.00
[TRAIN] Step 252/400 | 05:36:54
[TRAIN] Step 252 | Loss=0.138840 | Best makespan in group=327.00
[TRAIN] Step 253/400 | 05:37:07
[TRAIN] Step 253 | Loss=0.055757 | Best makespan in group=567.00
[TRAIN] Step 254/400 | 05:37:21
[TRAIN] Step 254 | Loss=-0.000000 | Best makespan in group=338.00
[TRAIN] Step 255/400 | 05:37:33
[TRAIN] Step 255 | Loss=0.413744 | Best makespan in group=375.00
[TRAIN] Step 256/400 | 05:37:46
[TRAIN] Step 256 | Loss=0.000001 | Best makespan in group=421.00
[TRAIN] Step 257/400 | 05:37:58
[TRAIN] Step 257 | Loss=-0.000000 | Best makespan in group=469.00
[TRAIN] Step 258/400 | 05:38:11
[TRAIN] Step 258 | Loss=-0.000000 | Best makespan in group=456.00
[TRAIN] Step 259/400 | 05:38:22
[TRAIN] Step 259 | Loss=0.172818 | Best makespan in group=436.00
[TRAIN] Step 260/400 | 05:38:35
[TRAIN] Step 260 | Loss=0.011919 | Best makespan in group=478.00
[TRAIN] Step 261/400 | 05:38:52
[TRAIN] Step 261 | Loss=0.058910 | Best makespan in group=375.00
[TRAIN] Step 262/400 | 05:39:05
[TRAIN] Step 262 | Loss=0.000001 | Best makespan in group=422.00
[TRAIN] Step 263/400 | 05:39:17
[TRAIN] Step 263 | Loss=0.000000 | Best makespan in group=338.00
[TRAIN] Step 264/400 | 05:39:29
[TRAIN] Step 264 | Loss=0.000000 | Best makespan in group=338.00
[TRAIN] Step 265/400 | 05:39:44
[TRAIN] Step 265 | Loss=0.000000 | Best makespan in group=382.00
[TRAIN] Step 266/400 | 05:39:59
[TRAIN] Step 266 | Loss=0.507276 | Best makespan in group=350.00
[TRAIN] Step 267/400 | 05:40:14
[TRAIN] Step 267 | Loss=-0.000000 | Best makespan in group=570.00
[TRAIN] Step 268/400 | 05:40:28
[TRAIN] Step 268 | Loss=0.000005 | Best makespan in group=519.00
[TRAIN] Step 269/400 | 05:40:42
[TRAIN] Step 269 | Loss=0.030503 | Best makespan in group=567.00
[TRAIN] Step 270/400 | 05:40:56
[TRAIN] Step 270 | Loss=0.000000 | Best makespan in group=421.00
[TRAIN] Step 271/400 | 05:41:08
[TRAIN] Step 271 | Loss=0.000007 | Best makespan in group=328.00
[TRAIN] Step 272/400 | 05:41:20
[TRAIN] Step 272 | Loss=0.000001 | Best makespan in group=372.00
[TRAIN] Step 273/400 | 05:41:32
[TRAIN] Step 273 | Loss=0.099289 | Best makespan in group=360.00
[TRAIN] Step 274/400 | 05:41:47
[TRAIN] Step 274 | Loss=-0.000000 | Best makespan in group=355.00
[TRAIN] Step 275/400 | 05:42:00
[TRAIN] Step 275 | Loss=0.057643 | Best makespan in group=463.00
[TRAIN][VAL][ep 275] avg_gap=0.0990 | std_gap=0.0424 | q80_gap=0.1271 | n=40
[TRAIN] Step 276/400 | 05:43:30
[TRAIN] Step 276 | Loss=0.209308 | Best makespan in group=341.00
[TRAIN] Step 277/400 | 05:43:47
[TRAIN] Step 277 | Loss=-0.000000 | Best makespan in group=435.00
[TRAIN] Step 278/400 | 05:44:03
[TRAIN] Step 278 | Loss=-0.000000 | Best makespan in group=469.00
[TRAIN] Step 279/400 | 05:44:16
[TRAIN] Step 279 | Loss=0.103102 | Best makespan in group=481.00
[TRAIN] Step 280/400 | 05:44:32
[TRAIN] Step 280 | Loss=0.123964 | Best makespan in group=449.00
[TRAIN] Step 281/400 | 05:44:46
[TRAIN] Step 281 | Loss=0.000000 | Best makespan in group=456.00
[TRAIN] Step 282/400 | 05:44:57
[TRAIN] Step 282 | Loss=-0.000000 | Best makespan in group=552.00
[TRAIN] Step 283/400 | 05:45:11
[TRAIN] Step 283 | Loss=-0.000000 | Best makespan in group=333.00
[TRAIN] Step 284/400 | 05:45:23
[TRAIN] Step 284 | Loss=-0.000000 | Best makespan in group=398.00
[TRAIN] Step 285/400 | 05:45:39
[TRAIN] Step 285 | Loss=0.000001 | Best makespan in group=431.00
[TRAIN] Step 286/400 | 05:45:51
[TRAIN] Step 286 | Loss=-0.000000 | Best makespan in group=378.00
[TRAIN] Step 287/400 | 05:46:05
[TRAIN] Step 287 | Loss=0.960997 | Best makespan in group=358.00
[TRAIN] Step 288/400 | 05:46:20
[TRAIN] Step 288 | Loss=0.000006 | Best makespan in group=305.00
[TRAIN] Step 289/400 | 05:46:31
[TRAIN] Step 289 | Loss=2.020649 | Best makespan in group=337.00
[TRAIN] Step 290/400 | 05:46:43
[TRAIN] Step 290 | Loss=-0.000000 | Best makespan in group=486.00
[TRAIN] Step 291/400 | 05:46:58
[TRAIN] Step 291 | Loss=0.000000 | Best makespan in group=338.00
[TRAIN] Step 292/400 | 05:47:10
[TRAIN] Step 292 | Loss=0.000000 | Best makespan in group=451.00
[TRAIN] Step 293/400 | 05:47:24
[TRAIN] Step 293 | Loss=-0.000000 | Best makespan in group=552.00
[TRAIN] Step 294/400 | 05:47:38
[TRAIN] Step 294 | Loss=0.000000 | Best makespan in group=377.00
[TRAIN] Step 295/400 | 05:47:53
[TRAIN] Step 295 | Loss=0.341421 | Best makespan in group=448.00
[TRAIN] Step 296/400 | 05:48:06
[TRAIN] Step 296 | Loss=-0.000000 | Best makespan in group=421.00
[TRAIN] Step 297/400 | 05:48:18
[TRAIN] Step 297 | Loss=0.000000 | Best makespan in group=382.00
[TRAIN] Step 298/400 | 05:48:32
[TRAIN] Step 298 | Loss=-0.000000 | Best makespan in group=338.00
[TRAIN] Step 299/400 | 05:48:48
[TRAIN] Step 299 | Loss=1.054328 | Best makespan in group=375.00
[TRAIN] Step 300/400 | 05:49:02
[TRAIN] Step 300 | Loss=0.000000 | Best makespan in group=350.00
[TRAIN][VAL][ep 300] avg_gap=0.1023 | std_gap=0.0474 | q80_gap=0.1344 | n=40
[TRAIN] Step 301/400 | 05:50:35
[TRAIN] Step 301 | Loss=-0.000000 | Best makespan in group=384.00
[TRAIN] Step 302/400 | 05:50:49
[TRAIN] Step 302 | Loss=0.000031 | Best makespan in group=328.00
[TRAIN] Step 303/400 | 05:51:01
[TRAIN] Step 303 | Loss=0.855744 | Best makespan in group=376.00
[TRAIN] Step 304/400 | 05:51:13
[TRAIN] Step 304 | Loss=-0.000000 | Best makespan in group=469.00
[TRAIN] Step 305/400 | 05:51:26
[TRAIN] Step 305 | Loss=0.000001 | Best makespan in group=355.00
[TRAIN] Step 306/400 | 05:51:41
[TRAIN] Step 306 | Loss=0.000001 | Best makespan in group=422.00
[TRAIN] Step 307/400 | 05:51:52
[TRAIN] Step 307 | Loss=-0.000000 | Best makespan in group=355.00
[TRAIN] Step 308/400 | 05:52:05
[TRAIN] Step 308 | Loss=0.056805 | Best makespan in group=361.00
[TRAIN] Step 309/400 | 05:52:20
[TRAIN] Step 309 | Loss=0.005344 | Best makespan in group=561.00
[TRAIN] Step 310/400 | 05:52:34
[TRAIN] Step 310 | Loss=0.000000 | Best makespan in group=398.00
[TRAIN] Step 311/400 | 05:52:50
[TRAIN] Step 311 | Loss=0.000270 | Best makespan in group=533.00
[TRAIN] Step 312/400 | 05:53:03
[TRAIN] Step 312 | Loss=0.035732 | Best makespan in group=556.00
[TRAIN] Step 313/400 | 05:53:18
[TRAIN] Step 313 | Loss=0.000378 | Best makespan in group=333.00
[TRAIN] Step 314/400 | 05:53:30
[TRAIN] Step 314 | Loss=0.827064 | Best makespan in group=325.00
[TRAIN] Step 315/400 | 05:53:42
[TRAIN] Step 315 | Loss=-0.000000 | Best makespan in group=470.00
[TRAIN] Step 316/400 | 05:53:57
[TRAIN] Step 316 | Loss=0.000000 | Best makespan in group=433.00
[TRAIN] Step 317/400 | 05:54:13
[TRAIN] Step 317 | Loss=0.020113 | Best makespan in group=305.00
[TRAIN] Step 318/400 | 05:54:25
[TRAIN] Step 318 | Loss=-0.000000 | Best makespan in group=449.00
[TRAIN] Step 319/400 | 05:54:41
[TRAIN] Step 319 | Loss=-0.000000 | Best makespan in group=414.00
[TRAIN] Step 320/400 | 05:54:53
[TRAIN] Step 320 | Loss=-0.000000 | Best makespan in group=456.00
[TRAIN] Step 321/400 | 05:55:05
[TRAIN] Step 321 | Loss=-0.000000 | Best makespan in group=382.00
[TRAIN] Step 322/400 | 05:55:19
[TRAIN] Step 322 | Loss=0.830382 | Best makespan in group=367.00
[TRAIN] Step 323/400 | 05:55:34
[TRAIN] Step 323 | Loss=0.565882 | Best makespan in group=315.00
[TRAIN] Step 324/400 | 05:55:46
[TRAIN] Step 324 | Loss=-0.000000 | Best makespan in group=469.00
[TRAIN] Step 325/400 | 05:55:59
[TRAIN] Step 325 | Loss=0.124671 | Best makespan in group=375.00
[TRAIN][VAL][ep 325] avg_gap=0.1032 | std_gap=0.0478 | q80_gap=0.1230 | n=40
[TRAIN] Step 326/400 | 05:57:30
[TRAIN] Step 326 | Loss=0.004186 | Best makespan in group=416.00
[TRAIN] Step 327/400 | 05:57:42
[TRAIN] Step 327 | Loss=-0.000000 | Best makespan in group=338.00
[TRAIN] Step 328/400 | 05:57:58
[TRAIN] Step 328 | Loss=-0.000000 | Best makespan in group=533.00
[TRAIN] Step 329/400 | 05:58:12
[TRAIN] Step 329 | Loss=0.000004 | Best makespan in group=338.00
[TRAIN] Step 330/400 | 05:58:25
[TRAIN] Step 330 | Loss=-0.000000 | Best makespan in group=491.00
[TRAIN] Step 331/400 | 05:58:40
[TRAIN] Step 331 | Loss=0.000000 | Best makespan in group=476.00
[TRAIN] Step 332/400 | 05:58:51
[TRAIN] Step 332 | Loss=0.114509 | Best makespan in group=396.00
[TRAIN] Step 333/400 | 05:59:04
[TRAIN] Step 333 | Loss=0.000218 | Best makespan in group=328.00
[TRAIN] Step 334/400 | 05:59:16
[TRAIN] Step 334 | Loss=0.000001 | Best makespan in group=521.00
[TRAIN] Step 335/400 | 05:59:30
[TRAIN] Step 335 | Loss=1.207863 | Best makespan in group=337.00
[TRAIN] Step 336/400 | 05:59:42
[TRAIN] Step 336 | Loss=0.000002 | Best makespan in group=433.00
[TRAIN] Step 337/400 | 05:59:58
[TRAIN] Step 337 | Loss=-0.000000 | Best makespan in group=461.00
[TRAIN] Step 338/400 | 06:00:14
[TRAIN] Step 338 | Loss=0.000000 | Best makespan in group=451.00
[TRAIN] Step 339/400 | 06:00:27
[TRAIN] Step 339 | Loss=0.000001 | Best makespan in group=365.00
[TRAIN] Step 340/400 | 06:00:41
[TRAIN] Step 340 | Loss=0.013008 | Best makespan in group=344.00
[TRAIN] Step 341/400 | 06:00:58
[TRAIN] Step 341 | Loss=0.000000 | Best makespan in group=570.00
[TRAIN] Step 342/400 | 06:01:12
[TRAIN] Step 342 | Loss=0.000009 | Best makespan in group=566.00
[TRAIN] Step 343/400 | 06:01:26
[TRAIN] Step 343 | Loss=-0.000000 | Best makespan in group=388.00
[TRAIN] Step 344/400 | 06:01:40
[TRAIN] Step 344 | Loss=0.000000 | Best makespan in group=398.00
[TRAIN] Step 345/400 | 06:01:57
[TRAIN] Step 345 | Loss=0.101778 | Best makespan in group=452.00
[TRAIN] Step 346/400 | 06:02:10
[TRAIN] Step 346 | Loss=0.000007 | Best makespan in group=383.00
[TRAIN] Step 347/400 | 06:02:25
[TRAIN] Step 347 | Loss=0.000009 | Best makespan in group=355.00
[TRAIN] Step 348/400 | 06:02:40
[TRAIN] Step 348 | Loss=0.000001 | Best makespan in group=440.00
[TRAIN] Step 349/400 | 06:02:52
[TRAIN] Step 349 | Loss=0.000007 | Best makespan in group=421.00
[TRAIN] Step 350/400 | 06:03:04
[TRAIN] Step 350 | Loss=0.000004 | Best makespan in group=305.00
[TRAIN][VAL][ep 350] avg_gap=0.1035 | std_gap=0.0417 | q80_gap=0.1243 | n=40
[TRAIN] Step 351/400 | 06:04:34
[TRAIN] Step 351 | Loss=0.000003 | Best makespan in group=372.00
[TRAIN] Step 352/400 | 06:04:47
[TRAIN] Step 352 | Loss=0.000003 | Best makespan in group=382.00
[TRAIN] Step 353/400 | 06:05:02
[TRAIN] Step 353 | Loss=0.000000 | Best makespan in group=388.00
[TRAIN] Step 354/400 | 06:05:15
[TRAIN] Step 354 | Loss=-0.000000 | Best makespan in group=352.00
[TRAIN] Step 355/400 | 06:05:29
[TRAIN] Step 355 | Loss=0.033666 | Best makespan in group=554.00
[TRAIN] Step 356/400 | 06:05:44
[TRAIN] Step 356 | Loss=0.142426 | Best makespan in group=350.00
[TRAIN] Step 357/400 | 06:05:58
[TRAIN] Step 357 | Loss=-0.000000 | Best makespan in group=533.00
[TRAIN] Step 358/400 | 06:06:12
[TRAIN] Step 358 | Loss=0.000005 | Best makespan in group=433.00
[TRAIN] Step 359/400 | 06:06:29
[TRAIN] Step 359 | Loss=0.000031 | Best makespan in group=305.00
[TRAIN] Step 360/400 | 06:06:40
[TRAIN] Step 360 | Loss=0.000007 | Best makespan in group=338.00
[TRAIN] Step 361/400 | 06:06:57
[TRAIN] Step 361 | Loss=0.000001 | Best makespan in group=474.00
[TRAIN] Step 362/400 | 06:07:08
[TRAIN] Step 362 | Loss=0.728212 | Best makespan in group=366.00
[TRAIN] Step 363/400 | 06:07:23
[TRAIN] Step 363 | Loss=0.530533 | Best makespan in group=334.00
[TRAIN] Step 364/400 | 06:07:36
[TRAIN] Step 364 | Loss=0.000002 | Best makespan in group=398.00
[TRAIN] Step 365/400 | 06:07:52
[TRAIN] Step 365 | Loss=0.048541 | Best makespan in group=463.00
[TRAIN] Step 366/400 | 06:08:05
[TRAIN] Step 366 | Loss=0.000002 | Best makespan in group=422.00
[TRAIN] Step 367/400 | 06:08:17
[TRAIN] Step 367 | Loss=0.021855 | Best makespan in group=375.00
[TRAIN] Step 368/400 | 06:08:30
[TRAIN] Step 368 | Loss=1.497514 | Best makespan in group=370.00
[TRAIN] Step 369/400 | 06:08:44
[TRAIN] Step 369 | Loss=0.000003 | Best makespan in group=521.00
[TRAIN] Step 370/400 | 06:08:57
[TRAIN] Step 370 | Loss=0.000000 | Best makespan in group=469.00
[TRAIN] Step 371/400 | 06:09:11
[TRAIN] Step 371 | Loss=0.050740 | Best makespan in group=343.00
[TRAIN] Step 372/400 | 06:09:27
[TRAIN] Step 372 | Loss=0.000000 | Best makespan in group=451.00
[TRAIN] Step 373/400 | 06:09:40
[TRAIN] Step 373 | Loss=0.000002 | Best makespan in group=338.00
[TRAIN] Step 374/400 | 06:09:52
[TRAIN] Step 374 | Loss=-0.000000 | Best makespan in group=485.00
[TRAIN] Step 375/400 | 06:10:08
[TRAIN] Step 375 | Loss=0.000002 | Best makespan in group=421.00
[TRAIN][VAL][ep 375] avg_gap=0.1034 | std_gap=0.0425 | q80_gap=0.1374 | n=40
[TRAIN] Step 376/400 | 06:11:39
[TRAIN] Step 376 | Loss=0.196658 | Best makespan in group=326.00
[TRAIN] Step 377/400 | 06:11:52
[TRAIN] Step 377 | Loss=0.000051 | Best makespan in group=440.00
[TRAIN] Step 378/400 | 06:12:04
[TRAIN] Step 378 | Loss=0.000010 | Best makespan in group=348.00
[TRAIN] Step 379/400 | 06:12:16
[TRAIN] Step 379 | Loss=0.000000 | Best makespan in group=566.00
[TRAIN] Step 380/400 | 06:12:30
[TRAIN] Step 380 | Loss=-0.000000 | Best makespan in group=461.00
[TRAIN] Step 381/400 | 06:12:47
[TRAIN] Step 381 | Loss=-0.000000 | Best makespan in group=384.00
[TRAIN] Step 382/400 | 06:13:00
[TRAIN] Step 382 | Loss=0.000000 | Best makespan in group=433.00
[TRAIN] Step 383/400 | 06:13:17
[TRAIN] Step 383 | Loss=-0.000000 | Best makespan in group=422.00
[TRAIN] Step 384/400 | 06:13:28
[TRAIN] Step 384 | Loss=0.000001 | Best makespan in group=456.00
[TRAIN] Step 385/400 | 06:13:40
[TRAIN] Step 385 | Loss=0.000002 | Best makespan in group=338.00
[TRAIN] Step 386/400 | 06:13:52
[TRAIN] Step 386 | Loss=0.000001 | Best makespan in group=421.00
[TRAIN] Step 387/400 | 06:14:04
[TRAIN] Step 387 | Loss=0.000001 | Best makespan in group=459.00
[TRAIN] Step 388/400 | 06:14:16
[TRAIN] Step 388 | Loss=0.072150 | Best makespan in group=337.00
[TRAIN] Step 389/400 | 06:14:29
[TRAIN] Step 389 | Loss=0.000014 | Best makespan in group=348.00
[TRAIN] Step 390/400 | 06:14:41
[TRAIN] Step 390 | Loss=0.175175 | Best makespan in group=375.00
[TRAIN] Step 391/400 | 06:14:54
[TRAIN] Step 391 | Loss=0.013602 | Best makespan in group=365.00
[TRAIN] Step 392/400 | 06:15:09
[TRAIN] Step 392 | Loss=-0.000000 | Best makespan in group=464.00
[TRAIN] Step 393/400 | 06:15:23
[TRAIN] Step 393 | Loss=0.000003 | Best makespan in group=372.00
[TRAIN] Step 394/400 | 06:15:36
[TRAIN] Step 394 | Loss=0.004274 | Best makespan in group=373.00
[TRAIN] Step 395/400 | 06:15:51
[TRAIN] Step 395 | Loss=0.548802 | Best makespan in group=572.00
[TRAIN] Step 396/400 | 06:16:06
[TRAIN] Step 396 | Loss=0.006039 | Best makespan in group=430.00
[TRAIN] Step 397/400 | 06:16:18
[TRAIN] Step 397 | Loss=0.000001 | Best makespan in group=451.00
[TRAIN] Step 398/400 | 06:16:31
[TRAIN] Step 398 | Loss=0.105567 | Best makespan in group=355.00
[TRAIN] Step 399/400 | 06:16:46
[TRAIN] Step 399 | Loss=-0.000000 | Best makespan in group=466.00
[TRAIN] Step 400/400 | 06:17:02
[TRAIN] Step 400 | Loss=0.000012 | Best makespan in group=305.00
[TRAIN] Refreshing training instances (step 400)...
[TRAIN][VAL][ep 400] avg_gap=0.1034 | std_gap=0.0414 | q80_gap=0.1399 | n=40
[TRAIN] Evaluating best checkpoint (candidate_models/614899626579347.pth) on the held-out test split...
[TRAIN][TEST] avg_gap=0.0852 | std_gap=0.0451 | q80_gap=0.1075 | n=40
[TRAIN][06:19:51] Training ended. Validation history and plots updated.
