D:\Dissertação\dissertation-bopo_introduction\venv\Lib\site-packages\torch\jit\_script.py:1485: FutureWarning: `torch.jit.script` is not supported in Python 3.14+ and may break. Please switch to `torch.compile` or `torch.export`.
  warnings.warn(
============================================================
[TRAIN] Training started at: 2026-10-03 00:29:42
[TRAIN] Hyperparams | max_steps=400 | new_freq=200
[TRAIN]             | n_cases=30 | B=32 | K=10 | use_greedy=True | lr=0.0005 (decaying to 1.00e-04)
[TRAIN]             | warm_start_steps=200 | checkpoint_smooth_window=3 | seed=42
[TRAIN]             | hidden_channels=128 | num_layers=2 | heads=3
[TRAIN]             | logp_norm=sum | exclude_greedy_from_loss=False
[TRAIN] Representation | ojm | GNN | gat | jm_design | baseline
[TRAIN] Device | cuda:0 (NVIDIA GeForce GTX 1650 Ti)
[TRAIN] Problem size | jobs=[8,10] | machines=[5,10] | ops_per_job=[5,6] | max_proc=100
============================================================
[TRAIN] Output run folder: results\csv_ojm_gat_L2_k1_m1_e400_s42
[TRAIN] Validation config | every=25 steps | instances=40 (representative subset)
[TRAIN][TEACHER] validation avg_gap=0.3945 | q80_gap=0.5007 || test avg_gap=0.4226 | q80_gap=0.5228
[TRAIN] Warm-start (behavior cloning vs. dispatch heuristic) | 200 step(s)...
[TRAIN][WARMSTART] step 10/200 | instance=4 | bc_loss=1.9934 | decisions=51
[TRAIN][WARMSTART] step 20/200 | instance=20 | bc_loss=1.6230 | decisions=43
[TRAIN][WARMSTART] step 30/200 | instance=7 | bc_loss=1.7155 | decisions=45
[TRAIN][WARMSTART] step 40/200 | instance=18 | bc_loss=1.6738 | decisions=42
[TRAIN][WARMSTART] step 50/200 | instance=26 | bc_loss=1.3221 | decisions=51
[TRAIN][WARMSTART] step 60/200 | instance=19 | bc_loss=1.4689 | decisions=48
[TRAIN][WARMSTART] step 70/200 | instance=12 | bc_loss=1.1628 | decisions=42
[TRAIN][WARMSTART] step 80/200 | instance=7 | bc_loss=1.2306 | decisions=45
[TRAIN][WARMSTART] step 90/200 | instance=17 | bc_loss=1.3915 | decisions=42
[TRAIN][WARMSTART] step 100/200 | instance=0 | bc_loss=1.3949 | decisions=56
[TRAIN][WARMSTART] step 110/200 | instance=7 | bc_loss=1.0349 | decisions=45
[TRAIN][WARMSTART] step 120/200 | instance=10 | bc_loss=0.9412 | decisions=42
[TRAIN][WARMSTART] step 130/200 | instance=24 | bc_loss=1.0545 | decisions=46
[TRAIN][WARMSTART] step 140/200 | instance=5 | bc_loss=0.9870 | decisions=41
[TRAIN][WARMSTART] step 150/200 | instance=15 | bc_loss=1.0669 | decisions=43
[TRAIN][WARMSTART] step 160/200 | instance=9 | bc_loss=1.1796 | decisions=53
[TRAIN][WARMSTART] step 170/200 | instance=6 | bc_loss=1.5319 | decisions=56
[TRAIN][WARMSTART] step 180/200 | instance=2 | bc_loss=1.0766 | decisions=44
[TRAIN][WARMSTART] step 190/200 | instance=28 | bc_loss=1.2090 | decisions=53
[TRAIN][WARMSTART] step 200/200 | instance=5 | bc_loss=1.1312 | decisions=41
[TRAIN] Warm-start complete, switching to BOPO preference optimization.
------------------------------------------------------------
[TRAIN] BOPO agent ready. Starting training loop for 400 step(s)...
------------------------------------------------------------
[TRAIN] Step 1/400 | 00:36:14
[TRAIN] Step 1 | Loss=1.677397 | Best makespan in group=281.00
[TRAIN] Step 2/400 | 00:36:27
[TRAIN] Step 2 | Loss=7.416956 | Best makespan in group=487.00
[TRAIN] Step 3/400 | 00:36:41
[TRAIN] Step 3 | Loss=11.078412 | Best makespan in group=427.00
[TRAIN] Step 4/400 | 00:36:53
[TRAIN] Step 4 | Loss=1.360309 | Best makespan in group=387.00
[TRAIN] Step 5/400 | 00:37:05
[TRAIN] Step 5 | Loss=3.082813 | Best makespan in group=565.00
[TRAIN] Step 6/400 | 00:37:21
[TRAIN] Step 6 | Loss=1.431003 | Best makespan in group=357.00
[TRAIN] Step 7/400 | 00:37:33
[TRAIN] Step 7 | Loss=3.483462 | Best makespan in group=393.00
[TRAIN] Step 8/400 | 00:37:48
[TRAIN] Step 8 | Loss=2.869853 | Best makespan in group=551.00
[TRAIN] Step 9/400 | 00:38:01
[TRAIN] Step 9 | Loss=8.155057 | Best makespan in group=378.00
[TRAIN] Step 10/400 | 00:38:15
[TRAIN] Step 10 | Loss=0.008413 | Best makespan in group=498.00
[TRAIN] Step 11/400 | 00:38:31
[TRAIN] Step 11 | Loss=2.925697 | Best makespan in group=401.00
[TRAIN] Step 12/400 | 00:38:44
[TRAIN] Step 12 | Loss=-0.000000 | Best makespan in group=398.00
[TRAIN] Step 13/400 | 00:38:58
[TRAIN] Step 13 | Loss=0.016667 | Best makespan in group=597.00
[TRAIN] Step 14/400 | 00:39:14
[TRAIN] Step 14 | Loss=8.643766 | Best makespan in group=402.00
[TRAIN] Step 15/400 | 00:39:29
[TRAIN] Step 15 | Loss=6.228704 | Best makespan in group=313.00
[TRAIN] Step 16/400 | 00:39:42
[TRAIN] Step 16 | Loss=0.000280 | Best makespan in group=413.00
[TRAIN] Step 17/400 | 00:39:55
[TRAIN] Step 17 | Loss=1.148835 | Best makespan in group=314.00
[TRAIN] Step 18/400 | 00:40:07
[TRAIN] Step 18 | Loss=2.348115 | Best makespan in group=376.00
[TRAIN] Step 19/400 | 00:40:20
[TRAIN] Step 19 | Loss=2.321533 | Best makespan in group=270.00
[TRAIN] Step 20/400 | 00:40:34
[TRAIN] Step 20 | Loss=4.589213 | Best makespan in group=362.00
[TRAIN] Step 21/400 | 00:40:48
[TRAIN] Step 21 | Loss=0.202776 | Best makespan in group=473.00
[TRAIN] Step 22/400 | 00:40:59
[TRAIN] Step 22 | Loss=0.000001 | Best makespan in group=452.00
[TRAIN] Step 23/400 | 00:41:11
[TRAIN] Step 23 | Loss=4.241045 | Best makespan in group=551.00
[TRAIN] Step 24/400 | 00:41:27
[TRAIN] Step 24 | Loss=8.185680 | Best makespan in group=353.00
[TRAIN] Step 25/400 | 00:41:39
[TRAIN] Step 25 | Loss=6.571902 | Best makespan in group=321.00
[TRAIN][VAL][ep 25] avg_gap=0.0951 | std_gap=0.0458 | q80_gap=0.1282 | n=40
[TRAIN] Validation improved | smoothed_avg_gap=0.0951 (raw=0.0951) | saving candidate: 214130348607793.pth
[TRAIN] Step 26/400 | 00:43:08
[TRAIN] Step 26 | Loss=0.014042 | Best makespan in group=387.00
[TRAIN] Step 27/400 | 00:43:21
[TRAIN] Step 27 | Loss=-0.000000 | Best makespan in group=356.00
[TRAIN] Step 28/400 | 00:43:36
[TRAIN] Step 28 | Loss=0.021199 | Best makespan in group=309.00
[TRAIN] Step 29/400 | 00:43:48
[TRAIN] Step 29 | Loss=5.779345 | Best makespan in group=444.00
[TRAIN] Step 30/400 | 00:44:01
[TRAIN] Step 30 | Loss=5.345354 | Best makespan in group=431.00
[TRAIN] Step 31/400 | 00:44:13
[TRAIN] Step 31 | Loss=4.227313 | Best makespan in group=405.00
[TRAIN] Step 32/400 | 00:44:28
[TRAIN] Step 32 | Loss=-0.000000 | Best makespan in group=374.00
[TRAIN] Step 33/400 | 00:44:43
[TRAIN] Step 33 | Loss=7.893847 | Best makespan in group=317.00
[TRAIN] Step 34/400 | 00:44:55
[TRAIN] Step 34 | Loss=0.417999 | Best makespan in group=377.00
[TRAIN] Step 35/400 | 00:45:07
[TRAIN] Step 35 | Loss=8.270904 | Best makespan in group=554.00
[TRAIN] Step 36/400 | 00:45:23
[TRAIN] Step 36 | Loss=0.000102 | Best makespan in group=529.00
[TRAIN] Step 37/400 | 00:45:38
[TRAIN] Step 37 | Loss=4.621805 | Best makespan in group=405.00
[TRAIN] Step 38/400 | 00:45:50
[TRAIN] Step 38 | Loss=6.676132 | Best makespan in group=485.00
[TRAIN] Step 39/400 | 00:46:06
[TRAIN] Step 39 | Loss=8.307901 | Best makespan in group=269.00
[TRAIN] Step 40/400 | 00:46:20
[TRAIN] Step 40 | Loss=2.453548 | Best makespan in group=360.00
[TRAIN] Step 41/400 | 00:46:32
[TRAIN] Step 41 | Loss=1.189663 | Best makespan in group=456.00
[TRAIN] Step 42/400 | 00:46:43
[TRAIN] Step 42 | Loss=2.003946 | Best makespan in group=317.00
[TRAIN] Step 43/400 | 00:47:01
[TRAIN] Step 43 | Loss=-0.000000 | Best makespan in group=446.00
[TRAIN] Step 44/400 | 00:47:13
[TRAIN] Step 44 | Loss=0.000001 | Best makespan in group=358.00
[TRAIN] Step 45/400 | 00:47:28
[TRAIN] Step 45 | Loss=-0.000000 | Best makespan in group=457.00
[TRAIN] Step 46/400 | 00:47:40
[TRAIN] Step 46 | Loss=-0.000000 | Best makespan in group=386.00
[TRAIN] Step 47/400 | 00:47:56
[TRAIN] Step 47 | Loss=-0.000000 | Best makespan in group=436.00
[TRAIN] Step 48/400 | 00:48:09
[TRAIN] Step 48 | Loss=1.675453 | Best makespan in group=577.00
[TRAIN] Step 49/400 | 00:48:22
[TRAIN] Step 49 | Loss=0.058904 | Best makespan in group=382.00
[TRAIN] Step 50/400 | 00:48:36
[TRAIN] Step 50 | Loss=9.044122 | Best makespan in group=401.00
[TRAIN][VAL][ep 50] avg_gap=0.0829 | std_gap=0.0451 | q80_gap=0.1350 | n=40
[TRAIN] Validation improved | smoothed_avg_gap=0.0890 (raw=0.0829) | saving candidate: 370883274759912.pth
[TRAIN] Step 51/400 | 00:50:02
[TRAIN] Step 51 | Loss=2.201977 | Best makespan in group=270.00
[TRAIN] Step 52/400 | 00:50:15
[TRAIN] Step 52 | Loss=0.278508 | Best makespan in group=362.00
[TRAIN] Step 53/400 | 00:50:27
[TRAIN] Step 53 | Loss=0.000000 | Best makespan in group=628.00
[TRAIN] Step 54/400 | 00:50:41
[TRAIN] Step 54 | Loss=0.000000 | Best makespan in group=374.00
[TRAIN] Step 55/400 | 00:50:54
[TRAIN] Step 55 | Loss=0.685212 | Best makespan in group=419.00
[TRAIN] Step 56/400 | 00:51:07
[TRAIN] Step 56 | Loss=0.000056 | Best makespan in group=309.00
[TRAIN] Step 57/400 | 00:51:18
[TRAIN] Step 57 | Loss=0.452163 | Best makespan in group=362.00
[TRAIN] Step 58/400 | 00:51:33
[TRAIN] Step 58 | Loss=0.000001 | Best makespan in group=448.00
[TRAIN] Step 59/400 | 00:51:46
[TRAIN] Step 59 | Loss=0.000001 | Best makespan in group=325.00
[TRAIN] Step 60/400 | 00:51:59
[TRAIN] Step 60 | Loss=0.000226 | Best makespan in group=387.00
[TRAIN] Step 61/400 | 00:52:11
[TRAIN] Step 61 | Loss=1.789064 | Best makespan in group=392.00
[TRAIN] Step 62/400 | 00:52:23
[TRAIN] Step 62 | Loss=0.000000 | Best makespan in group=412.00
[TRAIN] Step 63/400 | 00:52:38
[TRAIN] Step 63 | Loss=1.339743 | Best makespan in group=269.00
[TRAIN] Step 64/400 | 00:52:53
[TRAIN] Step 64 | Loss=0.000819 | Best makespan in group=476.00
[TRAIN] Step 65/400 | 00:53:05
[TRAIN] Step 65 | Loss=-0.000000 | Best makespan in group=325.00
[TRAIN] Step 66/400 | 00:53:18
[TRAIN] Step 66 | Loss=0.000034 | Best makespan in group=550.00
[TRAIN] Step 67/400 | 00:53:34
[TRAIN] Step 67 | Loss=1.020460 | Best makespan in group=398.00
[TRAIN] Step 68/400 | 00:53:48
[TRAIN] Step 68 | Loss=0.000000 | Best makespan in group=361.00
[TRAIN] Step 69/400 | 00:54:03
[TRAIN] Step 69 | Loss=0.293311 | Best makespan in group=422.00
[TRAIN] Step 70/400 | 00:54:15
[TRAIN] Step 70 | Loss=0.000000 | Best makespan in group=482.00
[TRAIN] Step 71/400 | 00:54:26
[TRAIN] Step 71 | Loss=0.000001 | Best makespan in group=578.00
[TRAIN] Step 72/400 | 00:54:41
[TRAIN] Step 72 | Loss=1.431241 | Best makespan in group=373.00
[TRAIN] Step 73/400 | 00:54:55
[TRAIN] Step 73 | Loss=-0.000000 | Best makespan in group=320.00
[TRAIN] Step 74/400 | 00:55:10
[TRAIN] Step 74 | Loss=-0.000000 | Best makespan in group=630.00
[TRAIN] Step 75/400 | 00:55:24
[TRAIN] Step 75 | Loss=0.012356 | Best makespan in group=318.00
[TRAIN][VAL][ep 75] avg_gap=0.0801 | std_gap=0.0376 | q80_gap=0.0942 | n=40
[TRAIN] Validation improved | smoothed_avg_gap=0.0860 (raw=0.0801) | saving candidate: 260348062968098.pth
[TRAIN] Step 76/400 | 00:56:49
[TRAIN] Step 76 | Loss=0.074867 | Best makespan in group=266.00
[TRAIN] Step 77/400 | 00:57:01
[TRAIN] Step 77 | Loss=0.728877 | Best makespan in group=312.00
[TRAIN] Step 78/400 | 00:57:13
[TRAIN] Step 78 | Loss=0.331095 | Best makespan in group=387.00
[TRAIN] Step 79/400 | 00:57:25
[TRAIN] Step 79 | Loss=0.011645 | Best makespan in group=420.00
[TRAIN] Step 80/400 | 00:57:37
[TRAIN] Step 80 | Loss=0.000000 | Best makespan in group=447.00
[TRAIN] Step 81/400 | 00:57:49
[TRAIN] Step 81 | Loss=-0.000000 | Best makespan in group=393.00
[TRAIN] Step 82/400 | 00:58:04
[TRAIN] Step 82 | Loss=1.016361 | Best makespan in group=555.00
[TRAIN] Step 83/400 | 00:58:17
[TRAIN] Step 83 | Loss=0.258204 | Best makespan in group=515.00
[TRAIN] Step 84/400 | 00:58:33
[TRAIN] Step 84 | Loss=-0.000000 | Best makespan in group=428.00
[TRAIN] Step 85/400 | 00:58:45
[TRAIN] Step 85 | Loss=0.038001 | Best makespan in group=371.00
[TRAIN] Step 86/400 | 00:58:58
[TRAIN] Step 86 | Loss=-0.000000 | Best makespan in group=387.00
[TRAIN] Step 87/400 | 00:59:13
[TRAIN] Step 87 | Loss=-0.000000 | Best makespan in group=451.00
[TRAIN] Step 88/400 | 00:59:27
[TRAIN] Step 88 | Loss=0.176853 | Best makespan in group=362.00
[TRAIN] Step 89/400 | 00:59:42
[TRAIN] Step 89 | Loss=0.000000 | Best makespan in group=368.00
[TRAIN] Step 90/400 | 00:59:57
[TRAIN] Step 90 | Loss=1.245088 | Best makespan in group=401.00
[TRAIN] Step 91/400 | 01:00:12
[TRAIN] Step 91 | Loss=1.294195 | Best makespan in group=566.00
[TRAIN] Step 92/400 | 01:00:28
[TRAIN] Step 92 | Loss=0.156044 | Best makespan in group=374.00
[TRAIN] Step 93/400 | 01:00:44
[TRAIN] Step 93 | Loss=1.359215 | Best makespan in group=580.00
[TRAIN] Step 94/400 | 01:00:57
[TRAIN] Step 94 | Loss=-0.000000 | Best makespan in group=373.00
[TRAIN] Step 95/400 | 01:01:09
[TRAIN] Step 95 | Loss=-0.000000 | Best makespan in group=618.00
[TRAIN] Step 96/400 | 01:01:24
[TRAIN] Step 96 | Loss=0.766456 | Best makespan in group=347.00
[TRAIN] Step 97/400 | 01:01:37
[TRAIN] Step 97 | Loss=0.000001 | Best makespan in group=409.00
[TRAIN] Step 98/400 | 01:01:52
[TRAIN] Step 98 | Loss=0.431379 | Best makespan in group=304.00
[TRAIN] Step 99/400 | 01:02:05
[TRAIN] Step 99 | Loss=0.028842 | Best makespan in group=450.00
[TRAIN] Step 100/400 | 01:02:18
[TRAIN] Step 100 | Loss=0.388268 | Best makespan in group=401.00
[TRAIN][VAL][ep 100] avg_gap=0.0872 | std_gap=0.0452 | q80_gap=0.1265 | n=40
[TRAIN] Validation improved | smoothed_avg_gap=0.0834 (raw=0.0872) | saving candidate: 11213970833685.pth
[TRAIN] Step 101/400 | 01:03:46
[TRAIN] Step 101 | Loss=0.188342 | Best makespan in group=362.00
[TRAIN] Step 102/400 | 01:04:00
[TRAIN] Step 102 | Loss=0.000022 | Best makespan in group=418.00
[TRAIN] Step 103/400 | 01:04:13
[TRAIN] Step 103 | Loss=0.023002 | Best makespan in group=460.00
[TRAIN] Step 104/400 | 01:04:27
[TRAIN] Step 104 | Loss=2.826365 | Best makespan in group=264.00
[TRAIN] Step 105/400 | 01:04:39
[TRAIN] Step 105 | Loss=0.015098 | Best makespan in group=390.00
[TRAIN] Step 106/400 | 01:04:53
[TRAIN] Step 106 | Loss=0.000000 | Best makespan in group=488.00
[TRAIN] Step 107/400 | 01:05:08
[TRAIN] Step 107 | Loss=0.000000 | Best makespan in group=412.00
[TRAIN] Step 108/400 | 01:05:23
[TRAIN] Step 108 | Loss=3.212494 | Best makespan in group=328.00
[TRAIN] Step 109/400 | 01:05:36
[TRAIN] Step 109 | Loss=0.014906 | Best makespan in group=418.00
[TRAIN] Step 110/400 | 01:05:51
[TRAIN] Step 110 | Loss=0.105602 | Best makespan in group=314.00
[TRAIN] Step 111/400 | 01:06:03
[TRAIN] Step 111 | Loss=0.186684 | Best makespan in group=482.00
[TRAIN] Step 112/400 | 01:06:14
[TRAIN] Step 112 | Loss=0.002329 | Best makespan in group=323.00
[TRAIN] Step 113/400 | 01:06:31
[TRAIN] Step 113 | Loss=0.559538 | Best makespan in group=428.00
[TRAIN] Step 114/400 | 01:06:42
[TRAIN] Step 114 | Loss=-0.000000 | Best makespan in group=585.00
[TRAIN] Step 115/400 | 01:06:57
[TRAIN] Step 115 | Loss=0.014501 | Best makespan in group=398.00
[TRAIN] Step 116/400 | 01:07:09
[TRAIN] Step 116 | Loss=-0.000000 | Best makespan in group=272.00
[TRAIN] Step 117/400 | 01:07:24
[TRAIN] Step 117 | Loss=-0.000000 | Best makespan in group=375.00
[TRAIN] Step 118/400 | 01:07:37
[TRAIN] Step 118 | Loss=0.329574 | Best makespan in group=376.00
[TRAIN] Step 119/400 | 01:07:50
[TRAIN] Step 119 | Loss=-0.000000 | Best makespan in group=442.00
[TRAIN] Step 120/400 | 01:08:01
[TRAIN] Step 120 | Loss=0.263686 | Best makespan in group=387.00
[TRAIN] Step 121/400 | 01:08:13
[TRAIN] Step 121 | Loss=0.253002 | Best makespan in group=264.00
[TRAIN] Step 122/400 | 01:08:25
[TRAIN] Step 122 | Loss=0.000000 | Best makespan in group=375.00
[TRAIN] Step 123/400 | 01:08:40
[TRAIN] Step 123 | Loss=0.000022 | Best makespan in group=571.00
[TRAIN] Step 124/400 | 01:08:56
[TRAIN] Step 124 | Loss=0.173633 | Best makespan in group=387.00
[TRAIN] Step 125/400 | 01:09:07
[TRAIN] Step 125 | Loss=-0.000000 | Best makespan in group=487.00
[TRAIN][VAL][ep 125] avg_gap=0.0811 | std_gap=0.0357 | q80_gap=0.0992 | n=40
[TRAIN] Validation improved | smoothed_avg_gap=0.0828 (raw=0.0811) | saving candidate: 200312112703610.pth
[TRAIN] Step 126/400 | 01:10:31
[TRAIN] Step 126 | Loss=1.238405 | Best makespan in group=434.00
[TRAIN] Step 127/400 | 01:10:44
[TRAIN] Step 127 | Loss=0.249124 | Best makespan in group=263.00
[TRAIN] Step 128/400 | 01:10:58
[TRAIN] Step 128 | Loss=0.367209 | Best makespan in group=401.00
[TRAIN] Step 129/400 | 01:11:12
[TRAIN] Step 129 | Loss=-0.000000 | Best makespan in group=305.00
[TRAIN] Step 130/400 | 01:11:24
[TRAIN] Step 130 | Loss=0.005482 | Best makespan in group=358.00
[TRAIN] Step 131/400 | 01:11:36
[TRAIN] Step 131 | Loss=-0.000000 | Best makespan in group=464.00
[TRAIN] Step 132/400 | 01:11:49
[TRAIN] Step 132 | Loss=0.270934 | Best makespan in group=362.00
[TRAIN] Step 133/400 | 01:12:03
[TRAIN] Step 133 | Loss=-0.000000 | Best makespan in group=317.00
[TRAIN] Step 134/400 | 01:12:19
[TRAIN] Step 134 | Loss=1.527023 | Best makespan in group=376.00
[TRAIN] Step 135/400 | 01:12:32
[TRAIN] Step 135 | Loss=0.858436 | Best makespan in group=518.00
[TRAIN] Step 136/400 | 01:12:47
[TRAIN] Step 136 | Loss=2.537400 | Best makespan in group=476.00
[TRAIN] Step 137/400 | 01:12:58
[TRAIN] Step 137 | Loss=-0.000000 | Best makespan in group=408.00
[TRAIN] Step 138/400 | 01:13:13
[TRAIN] Step 138 | Loss=-0.000000 | Best makespan in group=454.00
[TRAIN] Step 139/400 | 01:13:25
[TRAIN] Step 139 | Loss=0.012781 | Best makespan in group=372.00
[TRAIN] Step 140/400 | 01:13:42
[TRAIN] Step 140 | Loss=0.343807 | Best makespan in group=421.00
[TRAIN] Step 141/400 | 01:13:53
[TRAIN] Step 141 | Loss=-0.000000 | Best makespan in group=423.00
[TRAIN] Step 142/400 | 01:14:06
[TRAIN] Step 142 | Loss=0.153059 | Best makespan in group=308.00
[TRAIN] Step 143/400 | 01:14:19
[TRAIN] Step 143 | Loss=0.044030 | Best makespan in group=570.00
[TRAIN] Step 144/400 | 01:14:35
[TRAIN] Step 144 | Loss=0.530845 | Best makespan in group=405.00
[TRAIN] Step 145/400 | 01:14:50
[TRAIN] Step 145 | Loss=0.000004 | Best makespan in group=369.00
[TRAIN] Step 146/400 | 01:15:02
[TRAIN] Step 146 | Loss=-0.000000 | Best makespan in group=375.00
[TRAIN] Step 147/400 | 01:15:15
[TRAIN] Step 147 | Loss=0.025793 | Best makespan in group=395.00
[TRAIN] Step 148/400 | 01:15:30
[TRAIN] Step 148 | Loss=0.043697 | Best makespan in group=314.00
[TRAIN] Step 149/400 | 01:15:41
[TRAIN] Step 149 | Loss=-0.000000 | Best makespan in group=634.00
[TRAIN] Step 150/400 | 01:15:56
[TRAIN] Step 150 | Loss=0.657048 | Best makespan in group=557.00
[TRAIN][VAL][ep 150] avg_gap=0.0852 | std_gap=0.0466 | q80_gap=0.1107 | n=40
[TRAIN] Step 151/400 | 01:17:19
[TRAIN] Step 151 | Loss=0.064984 | Best makespan in group=362.00
[TRAIN] Step 152/400 | 01:17:32
[TRAIN] Step 152 | Loss=-0.000000 | Best makespan in group=315.00
[TRAIN] Step 153/400 | 01:17:48
[TRAIN] Step 153 | Loss=0.080621 | Best makespan in group=558.00
[TRAIN] Step 154/400 | 01:18:05
[TRAIN] Step 154 | Loss=1.010535 | Best makespan in group=446.00
[TRAIN] Step 155/400 | 01:18:17
[TRAIN] Step 155 | Loss=0.169677 | Best makespan in group=367.00
[TRAIN] Step 156/400 | 01:18:30
[TRAIN] Step 156 | Loss=-0.000000 | Best makespan in group=384.00
[TRAIN] Step 157/400 | 01:18:45
[TRAIN] Step 157 | Loss=2.087035 | Best makespan in group=637.00
[TRAIN] Step 158/400 | 01:19:01
[TRAIN] Step 158 | Loss=0.001207 | Best makespan in group=559.00
[TRAIN] Step 159/400 | 01:19:14
[TRAIN] Step 159 | Loss=-0.000000 | Best makespan in group=464.00
[TRAIN] Step 160/400 | 01:19:27
[TRAIN] Step 160 | Loss=4.396999 | Best makespan in group=401.00
[TRAIN] Step 161/400 | 01:19:41
[TRAIN] Step 161 | Loss=-0.000000 | Best makespan in group=364.00
[TRAIN] Step 162/400 | 01:19:57
[TRAIN] Step 162 | Loss=0.256460 | Best makespan in group=480.00
[TRAIN] Step 163/400 | 01:20:08
[TRAIN] Step 163 | Loss=0.000024 | Best makespan in group=387.00
[TRAIN] Step 164/400 | 01:20:20
[TRAIN] Step 164 | Loss=0.000000 | Best makespan in group=312.00
[TRAIN] Step 165/400 | 01:20:33
[TRAIN] Step 165 | Loss=0.000000 | Best makespan in group=428.00
[TRAIN] Step 166/400 | 01:20:47
[TRAIN] Step 166 | Loss=2.020386 | Best makespan in group=362.00
[TRAIN] Step 167/400 | 01:21:01
[TRAIN] Step 167 | Loss=0.005139 | Best makespan in group=314.00
[TRAIN] Step 168/400 | 01:21:13
[TRAIN] Step 168 | Loss=-0.000000 | Best makespan in group=509.00
[TRAIN] Step 169/400 | 01:21:28
[TRAIN] Step 169 | Loss=0.004682 | Best makespan in group=436.00
[TRAIN] Step 170/400 | 01:21:41
[TRAIN] Step 170 | Loss=0.342866 | Best makespan in group=404.00
[TRAIN] Step 171/400 | 01:21:55
[TRAIN] Step 171 | Loss=-0.000000 | Best makespan in group=402.00
[TRAIN] Step 172/400 | 01:22:10
[TRAIN] Step 172 | Loss=-0.000000 | Best makespan in group=375.00
[TRAIN] Step 173/400 | 01:22:24
[TRAIN] Step 173 | Loss=2.531200 | Best makespan in group=376.00
[TRAIN] Step 174/400 | 01:22:37
[TRAIN] Step 174 | Loss=0.254367 | Best makespan in group=586.00
[TRAIN] Step 175/400 | 01:22:52
[TRAIN] Step 175 | Loss=0.000000 | Best makespan in group=265.00
[TRAIN][VAL][ep 175] avg_gap=0.0857 | std_gap=0.0426 | q80_gap=0.1150 | n=40
[TRAIN] Step 176/400 | 01:24:17
[TRAIN] Step 176 | Loss=0.340603 | Best makespan in group=426.00
[TRAIN] Step 177/400 | 01:24:30
[TRAIN] Step 177 | Loss=0.716080 | Best makespan in group=371.00
[TRAIN] Step 178/400 | 01:24:46
[TRAIN] Step 178 | Loss=0.043653 | Best makespan in group=315.00
[TRAIN] Step 179/400 | 01:24:58
[TRAIN] Step 179 | Loss=0.196610 | Best makespan in group=478.00
[TRAIN] Step 180/400 | 01:25:11
[TRAIN] Step 180 | Loss=-0.000000 | Best makespan in group=272.00
[TRAIN] Step 181/400 | 01:25:25
[TRAIN] Step 181 | Loss=0.060517 | Best makespan in group=333.00
[TRAIN] Step 182/400 | 01:25:39
[TRAIN] Step 182 | Loss=0.128321 | Best makespan in group=617.00
[TRAIN] Step 183/400 | 01:25:54
[TRAIN] Step 183 | Loss=5.207831 | Best makespan in group=577.00
[TRAIN] Step 184/400 | 01:26:06
[TRAIN] Step 184 | Loss=-0.000000 | Best makespan in group=344.00
[TRAIN] Step 185/400 | 01:26:22
[TRAIN] Step 185 | Loss=0.159958 | Best makespan in group=413.00
[TRAIN] Step 186/400 | 01:26:34
[TRAIN] Step 186 | Loss=0.079645 | Best makespan in group=387.00
[TRAIN] Step 187/400 | 01:26:47
[TRAIN] Step 187 | Loss=0.196934 | Best makespan in group=362.00
[TRAIN] Step 188/400 | 01:27:01
[TRAIN] Step 188 | Loss=-0.000000 | Best makespan in group=381.00
[TRAIN] Step 189/400 | 01:27:15
[TRAIN] Step 189 | Loss=0.000423 | Best makespan in group=473.00
[TRAIN] Step 190/400 | 01:27:26
[TRAIN] Step 190 | Loss=-0.000000 | Best makespan in group=428.00
[TRAIN] Step 191/400 | 01:27:39
[TRAIN] Step 191 | Loss=-0.000000 | Best makespan in group=481.00
[TRAIN] Step 192/400 | 01:27:54
[TRAIN] Step 192 | Loss=-0.000000 | Best makespan in group=391.00
[TRAIN] Step 193/400 | 01:28:10
[TRAIN] Step 193 | Loss=-0.000000 | Best makespan in group=564.00
[TRAIN] Step 194/400 | 01:28:26
[TRAIN] Step 194 | Loss=0.993554 | Best makespan in group=309.00
[TRAIN] Step 195/400 | 01:28:38
[TRAIN] Step 195 | Loss=0.000282 | Best makespan in group=394.00
[TRAIN] Step 196/400 | 01:28:55
[TRAIN] Step 196 | Loss=-0.000000 | Best makespan in group=472.00
[TRAIN] Step 197/400 | 01:29:08
[TRAIN] Step 197 | Loss=-0.000000 | Best makespan in group=271.00
[TRAIN] Step 198/400 | 01:29:22
[TRAIN] Step 198 | Loss=-0.000000 | Best makespan in group=388.00
[TRAIN] Step 199/400 | 01:29:36
[TRAIN] Step 199 | Loss=0.000000 | Best makespan in group=462.00
[TRAIN] Step 200/400 | 01:29:49
[TRAIN] Step 200 | Loss=0.218034 | Best makespan in group=400.00
[TRAIN] Refreshing training instances (step 200)...
[TRAIN][VAL][ep 200] avg_gap=0.0879 | std_gap=0.0449 | q80_gap=0.1270 | n=40
[TRAIN] Step 201/400 | 01:31:15
[TRAIN] Step 201 | Loss=-0.000000 | Best makespan in group=523.00
[TRAIN] Step 202/400 | 01:31:27
[TRAIN] Step 202 | Loss=0.087731 | Best makespan in group=444.00
[TRAIN] Step 203/400 | 01:31:41
[TRAIN] Step 203 | Loss=2.455049 | Best makespan in group=404.00
[TRAIN] Step 204/400 | 01:31:55
[TRAIN] Step 204 | Loss=2.310745 | Best makespan in group=318.00
[TRAIN] Step 205/400 | 01:32:08
[TRAIN] Step 205 | Loss=-0.000000 | Best makespan in group=381.00
[TRAIN] Step 206/400 | 01:32:21
[TRAIN] Step 206 | Loss=0.498588 | Best makespan in group=365.00
[TRAIN] Step 207/400 | 01:32:37
[TRAIN] Step 207 | Loss=-0.000000 | Best makespan in group=400.00
[TRAIN] Step 208/400 | 01:32:50
[TRAIN] Step 208 | Loss=0.522752 | Best makespan in group=529.00
[TRAIN] Step 209/400 | 01:33:03
[TRAIN] Step 209 | Loss=-0.000000 | Best makespan in group=398.00
[TRAIN] Step 210/400 | 01:33:18
[TRAIN] Step 210 | Loss=0.017835 | Best makespan in group=337.00
[TRAIN] Step 211/400 | 01:33:30
[TRAIN] Step 211 | Loss=0.010498 | Best makespan in group=403.00
[TRAIN] Step 212/400 | 01:33:44
[TRAIN] Step 212 | Loss=-0.000000 | Best makespan in group=449.00
[TRAIN] Step 213/400 | 01:34:00
[TRAIN] Step 213 | Loss=-0.000000 | Best makespan in group=497.00
[TRAIN] Step 214/400 | 01:34:15
[TRAIN] Step 214 | Loss=0.152088 | Best makespan in group=394.00
[TRAIN] Step 215/400 | 01:34:27
[TRAIN] Step 215 | Loss=0.235290 | Best makespan in group=373.00
[TRAIN] Step 216/400 | 01:34:42
[TRAIN] Step 216 | Loss=2.195643 | Best makespan in group=335.00
[TRAIN] Step 217/400 | 01:34:55
[TRAIN] Step 217 | Loss=0.000006 | Best makespan in group=394.00
[TRAIN] Step 218/400 | 01:35:09
[TRAIN] Step 218 | Loss=2.705359 | Best makespan in group=497.00
[TRAIN] Step 219/400 | 01:35:21
[TRAIN] Step 219 | Loss=0.000036 | Best makespan in group=351.00
[TRAIN] Step 220/400 | 01:35:36
[TRAIN] Step 220 | Loss=1.280469 | Best makespan in group=536.00
[TRAIN] Step 221/400 | 01:35:51
[TRAIN] Step 221 | Loss=-0.000000 | Best makespan in group=348.00
[TRAIN] Step 222/400 | 01:36:05
[TRAIN] Step 222 | Loss=0.699781 | Best makespan in group=262.00
[TRAIN] Step 223/400 | 01:36:17
[TRAIN] Step 223 | Loss=-0.000000 | Best makespan in group=550.00
[TRAIN] Step 224/400 | 01:36:31
[TRAIN] Step 224 | Loss=0.336959 | Best makespan in group=346.00
[TRAIN] Step 225/400 | 01:36:46
[TRAIN] Step 225 | Loss=0.000000 | Best makespan in group=345.00
[TRAIN][VAL][ep 225] avg_gap=0.0924 | std_gap=0.0523 | q80_gap=0.1356 | n=40
[TRAIN] Step 226/400 | 01:38:08
[TRAIN] Step 226 | Loss=0.000001 | Best makespan in group=370.00
[TRAIN] Step 227/400 | 01:38:21
[TRAIN] Step 227 | Loss=0.000000 | Best makespan in group=462.00
[TRAIN] Step 228/400 | 01:38:34
[TRAIN] Step 228 | Loss=0.914753 | Best makespan in group=378.00
[TRAIN] Step 229/400 | 01:38:47
[TRAIN] Step 229 | Loss=0.000012 | Best makespan in group=492.00
[TRAIN] Step 230/400 | 01:38:59
[TRAIN] Step 230 | Loss=0.006977 | Best makespan in group=516.00
[TRAIN] Step 231/400 | 01:39:12
[TRAIN] Step 231 | Loss=0.000001 | Best makespan in group=351.00
[TRAIN] Step 232/400 | 01:39:28
[TRAIN] Step 232 | Loss=0.160928 | Best makespan in group=266.00
[TRAIN] Step 233/400 | 01:39:40
[TRAIN] Step 233 | Loss=0.847979 | Best makespan in group=484.00
[TRAIN] Step 234/400 | 01:39:52
[TRAIN] Step 234 | Loss=1.037090 | Best makespan in group=356.00
[TRAIN] Step 235/400 | 01:40:07
[TRAIN] Step 235 | Loss=1.458690 | Best makespan in group=384.00
[TRAIN] Step 236/400 | 01:40:20
[TRAIN] Step 236 | Loss=0.000003 | Best makespan in group=518.00
[TRAIN] Step 237/400 | 01:40:32
[TRAIN] Step 237 | Loss=0.255160 | Best makespan in group=346.00
[TRAIN] Step 238/400 | 01:40:47
[TRAIN] Step 238 | Loss=1.589424 | Best makespan in group=509.00
[TRAIN] Step 239/400 | 01:41:00
[TRAIN] Step 239 | Loss=0.121747 | Best makespan in group=345.00
[TRAIN] Step 240/400 | 01:41:17
[TRAIN] Step 240 | Loss=0.000002 | Best makespan in group=373.00
[TRAIN] Step 241/400 | 01:41:30
[TRAIN] Step 241 | Loss=0.000000 | Best makespan in group=410.00
[TRAIN] Step 242/400 | 01:41:44
[TRAIN] Step 242 | Loss=0.868575 | Best makespan in group=431.00
[TRAIN] Step 243/400 | 01:41:59
[TRAIN] Step 243 | Loss=0.000001 | Best makespan in group=525.00
[TRAIN] Step 244/400 | 01:42:13
[TRAIN] Step 244 | Loss=-0.000000 | Best makespan in group=387.00
[TRAIN] Step 245/400 | 01:42:28
[TRAIN] Step 245 | Loss=0.000000 | Best makespan in group=479.00
[TRAIN] Step 246/400 | 01:42:42
[TRAIN] Step 246 | Loss=0.139745 | Best makespan in group=488.00
[TRAIN] Step 247/400 | 01:42:58
[TRAIN] Step 247 | Loss=0.630424 | Best makespan in group=409.00
[TRAIN] Step 248/400 | 01:43:10
[TRAIN] Step 248 | Loss=0.000025 | Best makespan in group=507.00
[TRAIN] Step 249/400 | 01:43:21
[TRAIN] Step 249 | Loss=0.291800 | Best makespan in group=328.00
[TRAIN] Step 250/400 | 01:43:34
[TRAIN] Step 250 | Loss=0.000001 | Best makespan in group=426.00
[TRAIN][VAL][ep 250] avg_gap=0.0922 | std_gap=0.0495 | q80_gap=0.1219 | n=40
[TRAIN] Step 251/400 | 01:45:01
[TRAIN] Step 251 | Loss=0.000001 | Best makespan in group=318.00
[TRAIN] Step 252/400 | 01:45:14
[TRAIN] Step 252 | Loss=0.172018 | Best makespan in group=375.00
[TRAIN] Step 253/400 | 01:45:29
[TRAIN] Step 253 | Loss=0.299974 | Best makespan in group=344.00
[TRAIN] Step 254/400 | 01:45:41
[TRAIN] Step 254 | Loss=0.061357 | Best makespan in group=348.00
[TRAIN] Step 255/400 | 01:45:51
[TRAIN] Step 255 | Loss=0.321449 | Best makespan in group=383.00
[TRAIN] Step 256/400 | 01:46:03
[TRAIN] Step 256 | Loss=0.000004 | Best makespan in group=408.00
[TRAIN] Step 257/400 | 01:46:16
[TRAIN] Step 257 | Loss=1.985146 | Best makespan in group=367.00
[TRAIN] Step 258/400 | 01:46:34
[TRAIN] Step 258 | Loss=-0.000000 | Best makespan in group=450.00
[TRAIN] Step 259/400 | 01:46:50
[TRAIN] Step 259 | Loss=0.242765 | Best makespan in group=519.00
[TRAIN] Step 260/400 | 01:47:04
[TRAIN] Step 260 | Loss=0.000004 | Best makespan in group=554.00
[TRAIN] Step 261/400 | 01:47:19
[TRAIN] Step 261 | Loss=1.194694 | Best makespan in group=345.00
[TRAIN] Step 262/400 | 01:47:34
[TRAIN] Step 262 | Loss=0.000004 | Best makespan in group=472.00
[TRAIN] Step 263/400 | 01:47:47
[TRAIN] Step 263 | Loss=1.758415 | Best makespan in group=400.00
[TRAIN] Step 264/400 | 01:48:02
[TRAIN] Step 264 | Loss=0.000040 | Best makespan in group=349.00
[TRAIN] Step 265/400 | 01:48:13
[TRAIN] Step 265 | Loss=0.000038 | Best makespan in group=381.00
[TRAIN] Step 266/400 | 01:48:25
[TRAIN] Step 266 | Loss=-0.000000 | Best makespan in group=495.00
[TRAIN] Step 267/400 | 01:48:40
[TRAIN] Step 267 | Loss=0.000891 | Best makespan in group=373.00
[TRAIN] Step 268/400 | 01:48:52
[TRAIN] Step 268 | Loss=-0.000000 | Best makespan in group=488.00
[TRAIN] Step 269/400 | 01:49:07
[TRAIN] Step 269 | Loss=0.000000 | Best makespan in group=470.00
[TRAIN] Step 270/400 | 01:49:23
[TRAIN] Step 270 | Loss=0.000001 | Best makespan in group=408.00
[TRAIN] Step 271/400 | 01:49:37
[TRAIN] Step 271 | Loss=0.000064 | Best makespan in group=354.00
[TRAIN] Step 272/400 | 01:49:49
[TRAIN] Step 272 | Loss=0.000001 | Best makespan in group=383.00
[TRAIN] Step 273/400 | 01:50:03
[TRAIN] Step 273 | Loss=0.499662 | Best makespan in group=262.00
[TRAIN] Step 274/400 | 01:50:14
[TRAIN] Step 274 | Loss=1.265369 | Best makespan in group=423.00
[TRAIN] Step 275/400 | 01:50:28
[TRAIN] Step 275 | Loss=0.000000 | Best makespan in group=405.00
[TRAIN][VAL][ep 275] avg_gap=0.0920 | std_gap=0.0417 | q80_gap=0.1144 | n=40
[TRAIN] Step 276/400 | 01:51:55
[TRAIN] Step 276 | Loss=0.016119 | Best makespan in group=328.00
[TRAIN] Step 277/400 | 01:52:08
[TRAIN] Step 277 | Loss=0.000059 | Best makespan in group=373.00
[TRAIN] Step 278/400 | 01:52:25
[TRAIN] Step 278 | Loss=0.000009 | Best makespan in group=516.00
[TRAIN] Step 279/400 | 01:52:37
[TRAIN] Step 279 | Loss=2.142740 | Best makespan in group=328.00
[TRAIN] Step 280/400 | 01:52:50
[TRAIN] Step 280 | Loss=0.000079 | Best makespan in group=464.00
[TRAIN] Step 281/400 | 01:53:02
[TRAIN] Step 281 | Loss=0.000003 | Best makespan in group=507.00
[TRAIN] Step 282/400 | 01:53:16
[TRAIN] Step 282 | Loss=0.000000 | Best makespan in group=354.00
[TRAIN] Step 283/400 | 01:53:31
[TRAIN] Step 283 | Loss=0.228548 | Best makespan in group=410.00
[TRAIN] Step 284/400 | 01:53:45
[TRAIN] Step 284 | Loss=0.000003 | Best makespan in group=355.00
[TRAIN] Step 285/400 | 01:54:01
[TRAIN] Step 285 | Loss=0.000001 | Best makespan in group=521.00
[TRAIN] Step 286/400 | 01:54:12
[TRAIN] Step 286 | Loss=1.806953 | Best makespan in group=356.00
[TRAIN] Step 287/400 | 01:54:27
[TRAIN] Step 287 | Loss=0.182406 | Best makespan in group=576.00
[TRAIN] Step 288/400 | 01:54:42
[TRAIN] Step 288 | Loss=0.000122 | Best makespan in group=523.00
[TRAIN] Step 289/400 | 01:54:53
[TRAIN] Step 289 | Loss=0.000066 | Best makespan in group=391.00
[TRAIN] Step 290/400 | 01:55:05
[TRAIN] Step 290 | Loss=0.156320 | Best makespan in group=375.00
[TRAIN] Step 291/400 | 01:55:20
[TRAIN] Step 291 | Loss=0.770327 | Best makespan in group=543.00
[TRAIN] Step 292/400 | 01:55:35
[TRAIN] Step 292 | Loss=0.000000 | Best makespan in group=355.00
[TRAIN] Step 293/400 | 01:55:51
[TRAIN] Step 293 | Loss=0.044082 | Best makespan in group=479.00
[TRAIN] Step 294/400 | 01:56:03
[TRAIN] Step 294 | Loss=0.000002 | Best makespan in group=411.00
[TRAIN] Step 295/400 | 01:56:18
[TRAIN] Step 295 | Loss=0.003107 | Best makespan in group=352.00
[TRAIN] Step 296/400 | 01:56:29
[TRAIN] Step 296 | Loss=0.798957 | Best makespan in group=377.00
[TRAIN] Step 297/400 | 01:56:43
[TRAIN] Step 297 | Loss=0.000000 | Best makespan in group=357.00
[TRAIN] Step 298/400 | 01:56:58
[TRAIN] Step 298 | Loss=0.629987 | Best makespan in group=262.00
[TRAIN] Step 299/400 | 01:57:10
[TRAIN] Step 299 | Loss=0.000009 | Best makespan in group=381.00
[TRAIN] Step 300/400 | 01:57:23
[TRAIN] Step 300 | Loss=0.006140 | Best makespan in group=516.00
[TRAIN][VAL][ep 300] avg_gap=0.0891 | std_gap=0.0529 | q80_gap=0.1207 | n=40
[TRAIN] Step 301/400 | 01:58:50
[TRAIN] Step 301 | Loss=0.001255 | Best makespan in group=498.00
[TRAIN] Step 302/400 | 01:59:02
[TRAIN] Step 302 | Loss=0.000353 | Best makespan in group=328.00
[TRAIN] Step 303/400 | 01:59:14
[TRAIN] Step 303 | Loss=0.000011 | Best makespan in group=454.00
[TRAIN] Step 304/400 | 01:59:27
[TRAIN] Step 304 | Loss=2.187434 | Best makespan in group=323.00
[TRAIN] Step 305/400 | 01:59:41
[TRAIN] Step 305 | Loss=0.040808 | Best makespan in group=345.00
[TRAIN] Step 306/400 | 01:59:56
[TRAIN] Step 306 | Loss=0.000031 | Best makespan in group=349.00
[TRAIN] Step 307/400 | 02:00:07
[TRAIN] Step 307 | Loss=0.000028 | Best makespan in group=378.00
[TRAIN] Step 308/400 | 02:00:20
[TRAIN] Step 308 | Loss=0.000005 | Best makespan in group=373.00
[TRAIN] Step 309/400 | 02:00:37
[TRAIN] Step 309 | Loss=1.854449 | Best makespan in group=399.00
[TRAIN] Step 310/400 | 02:00:52
[TRAIN] Step 310 | Loss=2.500575 | Best makespan in group=431.00
[TRAIN] Step 311/400 | 02:01:06
[TRAIN] Step 311 | Loss=0.088594 | Best makespan in group=458.00
[TRAIN] Step 312/400 | 02:01:23
[TRAIN] Step 312 | Loss=0.000015 | Best makespan in group=400.00
[TRAIN] Step 313/400 | 02:01:38
[TRAIN] Step 313 | Loss=0.000000 | Best makespan in group=516.00
[TRAIN] Step 314/400 | 02:01:50
[TRAIN] Step 314 | Loss=0.000013 | Best makespan in group=559.00
[TRAIN] Step 315/400 | 02:02:02
[TRAIN] Step 315 | Loss=0.000016 | Best makespan in group=383.00
[TRAIN] Step 316/400 | 02:02:15
[TRAIN] Step 316 | Loss=0.021512 | Best makespan in group=361.00
[TRAIN] Step 317/400 | 02:02:30
[TRAIN] Step 317 | Loss=0.000005 | Best makespan in group=507.00
[TRAIN] Step 318/400 | 02:02:43
[TRAIN] Step 318 | Loss=0.071341 | Best makespan in group=388.00
[TRAIN] Step 319/400 | 02:02:55
[TRAIN] Step 319 | Loss=0.000008 | Best makespan in group=557.00
[TRAIN] Step 320/400 | 02:03:10
[TRAIN] Step 320 | Loss=0.000005 | Best makespan in group=411.00
[TRAIN] Step 321/400 | 02:03:23
[TRAIN] Step 321 | Loss=0.260066 | Best makespan in group=365.00
[TRAIN] Step 322/400 | 02:03:38
[TRAIN] Step 322 | Loss=0.080449 | Best makespan in group=382.00
[TRAIN] Step 323/400 | 02:03:50
[TRAIN] Step 323 | Loss=0.000057 | Best makespan in group=519.00
[TRAIN] Step 324/400 | 02:04:05
[TRAIN] Step 324 | Loss=0.000004 | Best makespan in group=386.00
[TRAIN] Step 325/400 | 02:04:20
[TRAIN] Step 325 | Loss=0.000347 | Best makespan in group=328.00
[TRAIN][VAL][ep 325] avg_gap=0.0889 | std_gap=0.0516 | q80_gap=0.1156 | n=40
[TRAIN] Step 326/400 | 02:05:44
[TRAIN] Step 326 | Loss=0.000000 | Best makespan in group=373.00
[TRAIN] Step 327/400 | 02:06:01
[TRAIN] Step 327 | Loss=0.000000 | Best makespan in group=470.00
[TRAIN] Step 328/400 | 02:06:17
[TRAIN] Step 328 | Loss=0.134732 | Best makespan in group=412.00
[TRAIN] Step 329/400 | 02:06:29
[TRAIN] Step 329 | Loss=0.413411 | Best makespan in group=392.00
[TRAIN] Step 330/400 | 02:06:43
[TRAIN] Step 330 | Loss=0.000002 | Best makespan in group=534.00
[TRAIN] Step 331/400 | 02:06:56
[TRAIN] Step 331 | Loss=0.000073 | Best makespan in group=359.00
[TRAIN] Step 332/400 | 02:07:12
[TRAIN] Step 332 | Loss=0.000000 | Best makespan in group=383.00
[TRAIN] Step 333/400 | 02:07:25
[TRAIN] Step 333 | Loss=0.000014 | Best makespan in group=457.00
[TRAIN] Step 334/400 | 02:07:39
[TRAIN] Step 334 | Loss=0.731293 | Best makespan in group=518.00
[TRAIN] Step 335/400 | 02:07:50
[TRAIN] Step 335 | Loss=0.000003 | Best makespan in group=506.00
[TRAIN] Step 336/400 | 02:08:06
[TRAIN] Step 336 | Loss=0.000402 | Best makespan in group=345.00
[TRAIN] Step 337/400 | 02:08:16
[TRAIN] Step 337 | Loss=0.318107 | Best makespan in group=397.00
[TRAIN] Step 338/400 | 02:08:32
[TRAIN] Step 338 | Loss=0.473558 | Best makespan in group=423.00
[TRAIN] Step 339/400 | 02:08:46
[TRAIN] Step 339 | Loss=0.220806 | Best makespan in group=328.00
[TRAIN] Step 340/400 | 02:08:59
[TRAIN] Step 340 | Loss=0.463952 | Best makespan in group=583.00
[TRAIN] Step 341/400 | 02:09:14
[TRAIN] Step 341 | Loss=0.000111 | Best makespan in group=525.00
[TRAIN] Step 342/400 | 02:09:26
[TRAIN] Step 342 | Loss=0.559435 | Best makespan in group=263.00
[TRAIN] Step 343/400 | 02:09:38
[TRAIN] Step 343 | Loss=0.144885 | Best makespan in group=338.00
[TRAIN] Step 344/400 | 02:09:49
[TRAIN] Step 344 | Loss=0.000003 | Best makespan in group=361.00
[TRAIN] Step 345/400 | 02:10:04
[TRAIN] Step 345 | Loss=1.699351 | Best makespan in group=438.00
[TRAIN] Step 346/400 | 02:10:18
[TRAIN] Step 346 | Loss=0.000031 | Best makespan in group=507.00
[TRAIN] Step 347/400 | 02:10:31
[TRAIN] Step 347 | Loss=0.000117 | Best makespan in group=381.00
[TRAIN] Step 348/400 | 02:10:45
[TRAIN] Step 348 | Loss=0.000050 | Best makespan in group=464.00
[TRAIN] Step 349/400 | 02:10:56
[TRAIN] Step 349 | Loss=0.000059 | Best makespan in group=355.00
[TRAIN] Step 350/400 | 02:11:12
[TRAIN] Step 350 | Loss=0.000035 | Best makespan in group=411.00
[TRAIN][VAL][ep 350] avg_gap=0.0877 | std_gap=0.0444 | q80_gap=0.1213 | n=40
[TRAIN] Step 351/400 | 02:12:37
[TRAIN] Step 351 | Loss=0.513258 | Best makespan in group=262.00
[TRAIN] Step 352/400 | 02:12:49
[TRAIN] Step 352 | Loss=0.000000 | Best makespan in group=352.00
[TRAIN] Step 353/400 | 02:13:04
[TRAIN] Step 353 | Loss=0.023585 | Best makespan in group=338.00
[TRAIN] Step 354/400 | 02:13:16
[TRAIN] Step 354 | Loss=0.000147 | Best makespan in group=383.00
[TRAIN] Step 355/400 | 02:13:27
[TRAIN] Step 355 | Loss=0.650328 | Best makespan in group=387.00
[TRAIN] Step 356/400 | 02:13:40
[TRAIN] Step 356 | Loss=0.070447 | Best makespan in group=381.00
[TRAIN] Step 357/400 | 02:13:52
[TRAIN] Step 357 | Loss=0.000033 | Best makespan in group=328.00
[TRAIN] Step 358/400 | 02:14:05
[TRAIN] Step 358 | Loss=0.000004 | Best makespan in group=411.00
[TRAIN] Step 359/400 | 02:14:18
[TRAIN] Step 359 | Loss=0.001651 | Best makespan in group=383.00
[TRAIN] Step 360/400 | 02:14:32
[TRAIN] Step 360 | Loss=0.185332 | Best makespan in group=375.00
[TRAIN] Step 361/400 | 02:14:46
[TRAIN] Step 361 | Loss=0.000000 | Best makespan in group=402.00
[TRAIN] Step 362/400 | 02:15:00
[TRAIN] Step 362 | Loss=0.000000 | Best makespan in group=530.00
[TRAIN] Step 363/400 | 02:15:13
[TRAIN] Step 363 | Loss=0.000004 | Best makespan in group=389.00
[TRAIN] Step 364/400 | 02:15:29
[TRAIN] Step 364 | Loss=0.000002 | Best makespan in group=401.00
[TRAIN] Step 365/400 | 02:15:43
[TRAIN] Step 365 | Loss=0.000002 | Best makespan in group=535.00
[TRAIN] Step 366/400 | 02:15:54
[TRAIN] Step 366 | Loss=0.000625 | Best makespan in group=353.00
[TRAIN] Step 367/400 | 02:16:09
[TRAIN] Step 367 | Loss=0.000003 | Best makespan in group=355.00
[TRAIN] Step 368/400 | 02:16:25
[TRAIN] Step 368 | Loss=0.018958 | Best makespan in group=324.00
[TRAIN] Step 369/400 | 02:16:38
[TRAIN] Step 369 | Loss=-0.000000 | Best makespan in group=440.00
[TRAIN] Step 370/400 | 02:16:54
[TRAIN] Step 370 | Loss=1.799710 | Best makespan in group=364.00
[TRAIN] Step 371/400 | 02:17:10
[TRAIN] Step 371 | Loss=0.000000 | Best makespan in group=518.00
[TRAIN] Step 372/400 | 02:17:21
[TRAIN] Step 372 | Loss=0.000000 | Best makespan in group=523.00
[TRAIN] Step 373/400 | 02:17:36
[TRAIN] Step 373 | Loss=0.032719 | Best makespan in group=523.00
[TRAIN] Step 374/400 | 02:17:52
[TRAIN] Step 374 | Loss=0.000001 | Best makespan in group=516.00
[TRAIN] Step 375/400 | 02:18:05
[TRAIN] Step 375 | Loss=0.000012 | Best makespan in group=341.00
[TRAIN][VAL][ep 375] avg_gap=0.0890 | std_gap=0.0555 | q80_gap=0.1094 | n=40
[TRAIN] Step 376/400 | 02:19:27
[TRAIN] Step 376 | Loss=0.000002 | Best makespan in group=557.00
[TRAIN] Step 377/400 | 02:19:42
[TRAIN] Step 377 | Loss=0.000001 | Best makespan in group=345.00
[TRAIN] Step 378/400 | 02:19:57
[TRAIN] Step 378 | Loss=0.000015 | Best makespan in group=473.00
[TRAIN] Step 379/400 | 02:20:10
[TRAIN] Step 379 | Loss=0.391576 | Best makespan in group=438.00
[TRAIN] Step 380/400 | 02:20:25
[TRAIN] Step 380 | Loss=0.003784 | Best makespan in group=521.00
[TRAIN] Step 381/400 | 02:20:37
[TRAIN] Step 381 | Loss=0.017796 | Best makespan in group=345.00
[TRAIN] Step 382/400 | 02:20:49
[TRAIN] Step 382 | Loss=0.978118 | Best makespan in group=372.00
[TRAIN] Step 383/400 | 02:21:05
[TRAIN] Step 383 | Loss=0.000007 | Best makespan in group=341.00
[TRAIN] Step 384/400 | 02:21:16
[TRAIN] Step 384 | Loss=0.244507 | Best makespan in group=489.00
[TRAIN] Step 385/400 | 02:21:28
[TRAIN] Step 385 | Loss=0.000002 | Best makespan in group=324.00
[TRAIN] Step 386/400 | 02:21:41
[TRAIN] Step 386 | Loss=-0.000000 | Best makespan in group=510.00
[TRAIN] Step 387/400 | 02:21:52
[TRAIN] Step 387 | Loss=0.000001 | Best makespan in group=415.00
[TRAIN] Step 388/400 | 02:22:06
[TRAIN] Step 388 | Loss=0.000004 | Best makespan in group=345.00
[TRAIN] Step 389/400 | 02:22:21
[TRAIN] Step 389 | Loss=0.000000 | Best makespan in group=530.00
[TRAIN] Step 390/400 | 02:22:33
[TRAIN] Step 390 | Loss=-0.000000 | Best makespan in group=521.00
[TRAIN] Step 391/400 | 02:22:47
[TRAIN] Step 391 | Loss=0.000002 | Best makespan in group=381.00
[TRAIN] Step 392/400 | 02:23:00
[TRAIN] Step 392 | Loss=0.000001 | Best makespan in group=530.00
[TRAIN] Step 393/400 | 02:23:13
[TRAIN] Step 393 | Loss=0.035001 | Best makespan in group=358.00
[TRAIN] Step 394/400 | 02:23:28
[TRAIN] Step 394 | Loss=-0.000000 | Best makespan in group=530.00
[TRAIN] Step 395/400 | 02:23:43
[TRAIN] Step 395 | Loss=0.763750 | Best makespan in group=569.00
[TRAIN] Step 396/400 | 02:23:59
[TRAIN] Step 396 | Loss=0.000001 | Best makespan in group=389.00
[TRAIN] Step 397/400 | 02:24:14
[TRAIN] Step 397 | Loss=0.000002 | Best makespan in group=328.00
[TRAIN] Step 398/400 | 02:24:26
[TRAIN] Step 398 | Loss=0.130367 | Best makespan in group=398.00
[TRAIN] Step 399/400 | 02:24:41
[TRAIN] Step 399 | Loss=0.000016 | Best makespan in group=353.00
[TRAIN] Step 400/400 | 02:24:57
[TRAIN] Step 400 | Loss=0.022010 | Best makespan in group=375.00
[TRAIN] Refreshing training instances (step 400)...
[TRAIN][VAL][ep 400] avg_gap=0.0915 | std_gap=0.0545 | q80_gap=0.1273 | n=40
[TRAIN] Evaluating best checkpoint (candidate_models/200312112703610.pth) on the held-out test split...
[TRAIN][TEST] avg_gap=0.0927 | std_gap=0.0603 | q80_gap=0.1269 | n=40
[TRAIN][02:27:36] Training ended. Validation history and plots updated.
