D:\Dissertação\dissertation-bopo_introduction\venv\Lib\site-packages\torch\jit\_script.py:1485: FutureWarning: `torch.jit.script` is not supported in Python 3.14+ and may break. Please switch to `torch.compile` or `torch.export`.
  warnings.warn(
=== START convergence_check_om_gin @ 20:07:15 | lr=0.0005 ===
============================================================
[TRAIN] Training started at: 2026-09-18 20:07:15
[TRAIN] Hyperparams | max_steps=300 | new_freq=150
[TRAIN]             | n_cases=25 | B=24 | K=8 | use_greedy=True | lr=0.0005
[TRAIN]             | warm_start_steps=150
[TRAIN]             | hidden_channels=128 | num_layers=2 | heads=3
[TRAIN] Representation | om | GNN | gin
[TRAIN] Problem size | jobs=[8,10] | machines=[5,10] | ops_per_job=[5,6] | max_proc=100
============================================================
[TRAIN] Output run folder: results\convergence_check_om_gin
[TRAIN] Validation config | every=25 steps | instances=30 (representative subset)
[TRAIN] Warm-start (behavior cloning vs. dispatch heuristic) | 150 step(s)...
[TRAIN][WARMSTART] step 7/150 | instance=17 | bc_loss=1.8017 | decisions=44
[TRAIN][WARMSTART] step 14/150 | instance=17 | bc_loss=1.5380 | decisions=44
[TRAIN][WARMSTART] step 21/150 | instance=23 | bc_loss=1.7857 | decisions=51
[TRAIN][WARMSTART] step 28/150 | instance=4 | bc_loss=1.7418 | decisions=48
[TRAIN][WARMSTART] step 35/150 | instance=14 | bc_loss=1.6248 | decisions=46
[TRAIN][WARMSTART] step 42/150 | instance=11 | bc_loss=1.4463 | decisions=44
[TRAIN][WARMSTART] step 49/150 | instance=24 | bc_loss=1.6567 | decisions=51
[TRAIN][WARMSTART] step 56/150 | instance=11 | bc_loss=1.3404 | decisions=44
[TRAIN][WARMSTART] step 63/150 | instance=20 | bc_loss=1.6889 | decisions=55
[TRAIN][WARMSTART] step 70/150 | instance=16 | bc_loss=1.4102 | decisions=49
[TRAIN][WARMSTART] step 77/150 | instance=20 | bc_loss=1.7879 | decisions=55
[TRAIN][WARMSTART] step 84/150 | instance=22 | bc_loss=1.3645 | decisions=48
[TRAIN][WARMSTART] step 91/150 | instance=17 | bc_loss=1.3959 | decisions=44
[TRAIN][WARMSTART] step 98/150 | instance=9 | bc_loss=1.5388 | decisions=54
[TRAIN][WARMSTART] step 105/150 | instance=22 | bc_loss=1.1904 | decisions=48
[TRAIN][WARMSTART] step 112/150 | instance=8 | bc_loss=1.5168 | decisions=44
[TRAIN][WARMSTART] step 119/150 | instance=14 | bc_loss=1.6280 | decisions=46
[TRAIN][WARMSTART] step 126/150 | instance=11 | bc_loss=1.1438 | decisions=44
[TRAIN][WARMSTART] step 133/150 | instance=20 | bc_loss=1.5361 | decisions=55
[TRAIN][WARMSTART] step 140/150 | instance=9 | bc_loss=1.4737 | decisions=54
[TRAIN][WARMSTART] step 147/150 | instance=2 | bc_loss=1.4741 | decisions=55
[TRAIN][WARMSTART] step 150/150 | instance=9 | bc_loss=1.4034 | decisions=54
[TRAIN] Warm-start complete, switching to BOPO preference optimization.
------------------------------------------------------------
[TRAIN] BOPO agent ready. Starting training loop for 300 step(s)...
------------------------------------------------------------
[TRAIN] Step 1/300 | 20:15:38
[TRAIN] Step 1 | Loss=0.130235 | Best makespan in group=612.00
[TRAIN] Step 2/300 | 20:15:59
[TRAIN] Step 2 | Loss=2.740355 | Best makespan in group=566.00
[TRAIN] Step 3/300 | 20:16:29
[TRAIN] Step 3 | Loss=1.270457 | Best makespan in group=582.00
[TRAIN] Step 4/300 | 20:17:03
[TRAIN] Step 4 | Loss=8.486419 | Best makespan in group=482.00
[TRAIN] Step 5/300 | 20:17:33
[TRAIN] Step 5 | Loss=3.125796 | Best makespan in group=437.00
[TRAIN] Step 6/300 | 20:18:01
[TRAIN] Step 6 | Loss=7.494357 | Best makespan in group=419.00
[TRAIN] Step 7/300 | 20:18:36
[TRAIN] Step 7 | Loss=2.665177 | Best makespan in group=534.00
[TRAIN] Step 8/300 | 20:19:01
[TRAIN] Step 8 | Loss=8.997846 | Best makespan in group=375.00
[TRAIN] Step 9/300 | 20:19:25
[TRAIN] Step 9 | Loss=1.497601 | Best makespan in group=497.00
[TRAIN] Step 10/300 | 20:20:00
[TRAIN] Step 10 | Loss=4.577433 | Best makespan in group=405.00
[TRAIN] Step 11/300 | 20:20:33
[TRAIN] Step 11 | Loss=3.434018 | Best makespan in group=452.00
[TRAIN] Step 12/300 | 20:20:59
[TRAIN] Step 12 | Loss=5.670436 | Best makespan in group=511.00
[TRAIN] Step 13/300 | 20:21:29
[TRAIN] Step 13 | Loss=6.099302 | Best makespan in group=524.00
[TRAIN] Step 14/300 | 20:21:51
[TRAIN] Step 14 | Loss=7.010710 | Best makespan in group=453.00
[TRAIN] Step 15/300 | 20:22:19
[TRAIN] Step 15 | Loss=5.991666 | Best makespan in group=489.00
[TRAIN] Step 16/300 | 20:22:53
[TRAIN] Step 16 | Loss=2.358669 | Best makespan in group=603.00
[TRAIN] Step 17/300 | 20:23:21
[TRAIN] Step 17 | Loss=0.370653 | Best makespan in group=653.00
[TRAIN] Step 18/300 | 20:23:46
[TRAIN] Step 18 | Loss=-0.000000 | Best makespan in group=354.00
[TRAIN] Step 19/300 | 20:24:10
[TRAIN] Step 19 | Loss=-0.000000 | Best makespan in group=601.00
[TRAIN] Step 20/300 | 20:24:45
[TRAIN] Step 20 | Loss=8.024147 | Best makespan in group=399.00
[TRAIN] Step 21/300 | 20:25:20
[TRAIN] Step 21 | Loss=0.512743 | Best makespan in group=711.00
[TRAIN] Step 22/300 | 20:25:54
[TRAIN] Step 22 | Loss=2.298065 | Best makespan in group=483.00
[TRAIN] Step 23/300 | 20:26:15
[TRAIN] Step 23 | Loss=2.051287 | Best makespan in group=493.00
[TRAIN] Step 24/300 | 20:26:48
[TRAIN] Step 24 | Loss=-0.000000 | Best makespan in group=391.00
[TRAIN] Step 25/300 | 20:27:14
[TRAIN] Step 25 | Loss=0.826912 | Best makespan in group=312.00
[TRAIN][VAL][ep 25] avg_gap=0.2282 | std_gap=0.0939 | q80_gap=0.3002 | n=30
[TRAIN] Validation improved | avg_gap=0.2282 | saving candidate: 577543280144651.pth
[TRAIN] Step 26/300 | 20:29:22
[TRAIN] Step 26 | Loss=-0.000000 | Best makespan in group=576.00
[TRAIN] Step 27/300 | 20:29:54
[TRAIN] Step 27 | Loss=0.585611 | Best makespan in group=399.00
[TRAIN] Step 28/300 | 20:30:18
[TRAIN] Step 28 | Loss=0.000000 | Best makespan in group=347.00
[TRAIN] Step 29/300 | 20:30:42
[TRAIN] Step 29 | Loss=0.267192 | Best makespan in group=491.00
[TRAIN] Step 30/300 | 20:31:15
[TRAIN] Step 30 | Loss=3.026527 | Best makespan in group=617.00
[TRAIN] Step 31/300 | 20:31:44
[TRAIN] Step 31 | Loss=0.000176 | Best makespan in group=561.00
[TRAIN] Step 32/300 | 20:32:03
[TRAIN] Step 32 | Loss=0.664208 | Best makespan in group=376.00
[TRAIN] Step 33/300 | 20:32:35
[TRAIN] Step 33 | Loss=-0.000000 | Best makespan in group=430.00
[TRAIN] Step 34/300 | 20:33:02
[TRAIN] Step 34 | Loss=0.164450 | Best makespan in group=522.00
[TRAIN] Step 35/300 | 20:33:27
[TRAIN] Step 35 | Loss=0.000001 | Best makespan in group=568.00
[TRAIN] Step 36/300 | 20:33:56
[TRAIN] Step 36 | Loss=-0.000000 | Best makespan in group=477.00
[TRAIN] Step 37/300 | 20:34:24
[TRAIN] Step 37 | Loss=2.155324 | Best makespan in group=374.00
[TRAIN] Step 38/300 | 20:34:53
[TRAIN] Step 38 | Loss=0.000001 | Best makespan in group=456.00
[TRAIN] Step 39/300 | 20:35:17
[TRAIN] Step 39 | Loss=2.343521 | Best makespan in group=577.00
[TRAIN] Step 40/300 | 20:35:41
[TRAIN] Step 40 | Loss=0.207467 | Best makespan in group=441.00
[TRAIN] Step 41/300 | 20:36:07
[TRAIN] Step 41 | Loss=1.394608 | Best makespan in group=398.00
[TRAIN] Step 42/300 | 20:36:29
[TRAIN] Step 42 | Loss=2.014135 | Best makespan in group=510.00
[TRAIN] Step 43/300 | 20:37:01
[TRAIN] Step 43 | Loss=0.180484 | Best makespan in group=402.00
[TRAIN] Step 44/300 | 20:37:28
[TRAIN] Step 44 | Loss=9.201325 | Best makespan in group=502.00
[TRAIN] Step 45/300 | 20:37:50
[TRAIN] Step 45 | Loss=-0.000000 | Best makespan in group=445.00
[TRAIN] Step 46/300 | 20:38:11
[TRAIN] Step 46 | Loss=1.532032 | Best makespan in group=312.00
[TRAIN] Step 47/300 | 20:38:35
[TRAIN] Step 47 | Loss=0.070107 | Best makespan in group=475.00
[TRAIN] Step 48/300 | 20:39:05
[TRAIN] Step 48 | Loss=0.003932 | Best makespan in group=561.00
[TRAIN] Step 49/300 | 20:39:34
[TRAIN] Step 49 | Loss=1.781622 | Best makespan in group=567.00
[TRAIN] Step 50/300 | 20:39:51
[TRAIN] Step 50 | Loss=0.863666 | Best makespan in group=451.00
[TRAIN][VAL][ep 50] avg_gap=0.2162 | std_gap=0.0911 | q80_gap=0.2969 | n=30
[TRAIN] Validation improved | avg_gap=0.2162 | saving candidate: 828692168574057.pth
[TRAIN] Step 51/300 | 20:41:42
[TRAIN] Step 51 | Loss=0.000004 | Best makespan in group=561.00
[TRAIN] Step 52/300 | 20:42:06
[TRAIN] Step 52 | Loss=7.025359 | Best makespan in group=381.00
[TRAIN] Step 53/300 | 20:42:38
[TRAIN] Step 53 | Loss=0.000001 | Best makespan in group=395.00
[TRAIN] Step 54/300 | 20:43:00
[TRAIN] Step 54 | Loss=0.643879 | Best makespan in group=439.00
[TRAIN] Step 55/300 | 20:43:28
[TRAIN] Step 55 | Loss=0.000008 | Best makespan in group=520.00
[TRAIN] Step 56/300 | 20:44:00
[TRAIN] Step 56 | Loss=3.783266 | Best makespan in group=434.00
[TRAIN] Step 57/300 | 20:44:27
[TRAIN] Step 57 | Loss=8.221190 | Best makespan in group=390.00
[TRAIN] Step 58/300 | 20:44:57
[TRAIN] Step 58 | Loss=0.000006 | Best makespan in group=377.00
[TRAIN] Step 59/300 | 20:45:21
[TRAIN] Step 59 | Loss=0.000000 | Best makespan in group=619.00
[TRAIN] Step 60/300 | 20:45:52
[TRAIN] Step 60 | Loss=-0.000000 | Best makespan in group=451.00
[TRAIN] Step 61/300 | 20:46:25
[TRAIN] Step 61 | Loss=0.000000 | Best makespan in group=467.00
[TRAIN] Step 62/300 | 20:46:54
[TRAIN] Step 62 | Loss=-0.000000 | Best makespan in group=591.00
[TRAIN] Step 63/300 | 20:47:17
[TRAIN] Step 63 | Loss=0.000120 | Best makespan in group=357.00
[TRAIN] Step 64/300 | 20:47:37
[TRAIN] Step 64 | Loss=0.000247 | Best makespan in group=573.00
[TRAIN] Step 65/300 | 20:47:55
[TRAIN] Step 65 | Loss=-0.000000 | Best makespan in group=485.00
[TRAIN] Step 66/300 | 20:48:25
[TRAIN] Step 66 | Loss=0.000000 | Best makespan in group=484.00
[TRAIN] Step 67/300 | 20:48:52
[TRAIN] Step 67 | Loss=4.965866 | Best makespan in group=317.00
[TRAIN] Step 68/300 | 20:49:13
[TRAIN] Step 68 | Loss=0.000007 | Best makespan in group=567.00
[TRAIN] Step 69/300 | 20:49:39
[TRAIN] Step 69 | Loss=0.001392 | Best makespan in group=461.00
[TRAIN] Step 70/300 | 20:50:02
[TRAIN] Step 70 | Loss=-0.000000 | Best makespan in group=527.00
[TRAIN] Step 71/300 | 20:50:26
[TRAIN] Step 71 | Loss=0.000028 | Best makespan in group=541.00
[TRAIN] Step 72/300 | 20:50:45
[TRAIN] Step 72 | Loss=1.490769 | Best makespan in group=441.00
[TRAIN] Step 73/300 | 20:51:08
[TRAIN] Step 73 | Loss=0.000000 | Best makespan in group=544.00
[TRAIN] Step 74/300 | 20:51:29
[TRAIN] Step 74 | Loss=0.000000 | Best makespan in group=407.00
[TRAIN] Step 75/300 | 20:51:53
[TRAIN] Step 75 | Loss=-0.000000 | Best makespan in group=463.00
[TRAIN][VAL][ep 75] avg_gap=0.2004 | std_gap=0.0982 | q80_gap=0.2680 | n=30
[TRAIN] Validation improved | avg_gap=0.2004 | saving candidate: 710512580563194.pth
[TRAIN] Step 76/300 | 20:53:34
[TRAIN] Step 76 | Loss=-0.000000 | Best makespan in group=468.00
[TRAIN] Step 77/300 | 20:53:57
[TRAIN] Step 77 | Loss=0.000001 | Best makespan in group=427.00
[TRAIN] Step 78/300 | 20:54:24
[TRAIN] Step 78 | Loss=0.483998 | Best makespan in group=585.00
[TRAIN] Step 79/300 | 20:54:48
[TRAIN] Step 79 | Loss=-0.000000 | Best makespan in group=548.00
[TRAIN] Step 80/300 | 20:55:08
[TRAIN] Step 80 | Loss=-0.000000 | Best makespan in group=460.00
[TRAIN] Step 81/300 | 20:55:35
[TRAIN] Step 81 | Loss=4.468260 | Best makespan in group=390.00
[TRAIN] Step 82/300 | 20:55:57
[TRAIN] Step 82 | Loss=0.399648 | Best makespan in group=506.00
[TRAIN] Step 83/300 | 20:56:22
[TRAIN] Step 83 | Loss=-0.000000 | Best makespan in group=557.00
[TRAIN] Step 84/300 | 20:56:46
[TRAIN] Step 84 | Loss=0.000001 | Best makespan in group=380.00
[TRAIN] Step 85/300 | 20:57:06
[TRAIN] Step 85 | Loss=0.124994 | Best makespan in group=475.00
[TRAIN] Step 86/300 | 20:57:37
[TRAIN] Step 86 | Loss=1.857682 | Best makespan in group=393.00
[TRAIN] Step 87/300 | 20:58:04
[TRAIN] Step 87 | Loss=-0.000000 | Best makespan in group=361.00
[TRAIN] Step 88/300 | 20:58:36
[TRAIN] Step 88 | Loss=0.171261 | Best makespan in group=455.00
[TRAIN] Step 89/300 | 20:59:04
[TRAIN] Step 89 | Loss=0.000002 | Best makespan in group=443.00
[TRAIN] Step 90/300 | 20:59:25
[TRAIN] Step 90 | Loss=-0.000000 | Best makespan in group=484.00
[TRAIN] Step 91/300 | 20:59:59
[TRAIN] Step 91 | Loss=0.000000 | Best makespan in group=312.00
[TRAIN] Step 92/300 | 21:00:26
[TRAIN] Step 92 | Loss=-0.000000 | Best makespan in group=445.00
[TRAIN] Step 93/300 | 21:00:56
[TRAIN] Step 93 | Loss=-0.000000 | Best makespan in group=443.00
[TRAIN] Step 94/300 | 21:01:24
[TRAIN] Step 94 | Loss=-0.000000 | Best makespan in group=606.00
[TRAIN] Step 95/300 | 21:01:56
[TRAIN] Step 95 | Loss=0.000000 | Best makespan in group=548.00
[TRAIN] Step 96/300 | 21:02:17
[TRAIN] Step 96 | Loss=-0.000000 | Best makespan in group=527.00
[TRAIN] Step 97/300 | 21:02:43
[TRAIN] Step 97 | Loss=0.000000 | Best makespan in group=326.00
[TRAIN] Step 98/300 | 21:03:03
[TRAIN] Step 98 | Loss=0.489193 | Best makespan in group=476.00
[TRAIN] Step 99/300 | 21:03:31
[TRAIN] Step 99 | Loss=-0.000000 | Best makespan in group=411.00
[TRAIN] Step 100/300 | 21:03:58
[TRAIN] Step 100 | Loss=-0.000000 | Best makespan in group=568.00
[TRAIN][VAL][ep 100] avg_gap=0.2148 | std_gap=0.1187 | q80_gap=0.3224 | n=30
[TRAIN] Step 101/300 | 21:05:42
[TRAIN] Step 101 | Loss=-0.000000 | Best makespan in group=434.00
[TRAIN] Step 102/300 | 21:06:11
[TRAIN] Step 102 | Loss=0.000000 | Best makespan in group=335.00
[TRAIN] Step 103/300 | 21:06:32
[TRAIN] Step 103 | Loss=0.001033 | Best makespan in group=431.00
[TRAIN] Step 104/300 | 21:06:57
[TRAIN] Step 104 | Loss=4.258392 | Best makespan in group=593.00
[TRAIN] Step 105/300 | 21:07:17
[TRAIN] Step 105 | Loss=0.000002 | Best makespan in group=617.00
[TRAIN] Step 106/300 | 21:07:46
[TRAIN] Step 106 | Loss=-0.000000 | Best makespan in group=429.00
[TRAIN] Step 107/300 | 21:08:15
[TRAIN] Step 107 | Loss=-0.000000 | Best makespan in group=568.00
[TRAIN] Step 108/300 | 21:08:36
[TRAIN] Step 108 | Loss=2.017955 | Best makespan in group=476.00
[TRAIN] Step 109/300 | 21:09:03
[TRAIN] Step 109 | Loss=-0.000000 | Best makespan in group=459.00
[TRAIN] Step 110/300 | 21:09:28
[TRAIN] Step 110 | Loss=1.111524 | Best makespan in group=392.00
[TRAIN] Step 111/300 | 21:09:50
[TRAIN] Step 111 | Loss=-0.000000 | Best makespan in group=518.00
[TRAIN] Step 112/300 | 21:10:13
[TRAIN] Step 112 | Loss=-0.000000 | Best makespan in group=364.00
[TRAIN] Step 113/300 | 21:10:44
[TRAIN] Step 113 | Loss=2.098358 | Best makespan in group=449.00
[TRAIN] Step 114/300 | 21:11:11
[TRAIN] Step 114 | Loss=0.000000 | Best makespan in group=587.00
[TRAIN] Step 115/300 | 21:11:39
[TRAIN] Step 115 | Loss=0.000003 | Best makespan in group=390.00
[TRAIN] Step 116/300 | 21:12:07
[TRAIN] Step 116 | Loss=-0.000000 | Best makespan in group=499.00
[TRAIN] Step 117/300 | 21:12:36
[TRAIN] Step 117 | Loss=1.591540 | Best makespan in group=469.00
[TRAIN] Step 118/300 | 21:13:07
[TRAIN] Step 118 | Loss=-0.000000 | Best makespan in group=590.00
[TRAIN] Step 119/300 | 21:13:28
[TRAIN] Step 119 | Loss=-0.000000 | Best makespan in group=475.00
[TRAIN] Step 120/300 | 21:13:52
[TRAIN] Step 120 | Loss=0.577967 | Best makespan in group=500.00
[TRAIN] Step 121/300 | 21:14:20
[TRAIN] Step 121 | Loss=0.021036 | Best makespan in group=320.00
[TRAIN] Step 122/300 | 21:14:43
[TRAIN] Step 122 | Loss=-0.000000 | Best makespan in group=563.00
[TRAIN] Step 123/300 | 21:15:02
[TRAIN] Step 123 | Loss=0.361722 | Best makespan in group=377.00
[TRAIN] Step 124/300 | 21:15:29
[TRAIN] Step 124 | Loss=-0.000000 | Best makespan in group=425.00
[TRAIN] Step 125/300 | 21:15:50
[TRAIN] Step 125 | Loss=0.000002 | Best makespan in group=386.00
[TRAIN][VAL][ep 125] avg_gap=0.1857 | std_gap=0.0672 | q80_gap=0.2401 | n=30
[TRAIN] Validation improved | avg_gap=0.1857 | saving candidate: 247788460761453.pth
[TRAIN] Step 126/300 | 21:17:27
[TRAIN] Step 126 | Loss=2.680788 | Best makespan in group=552.00
[TRAIN] Step 127/300 | 21:17:47
[TRAIN] Step 127 | Loss=1.875005 | Best makespan in group=313.00
[TRAIN] Step 128/300 | 21:18:08
[TRAIN] Step 128 | Loss=0.000000 | Best makespan in group=349.00
[TRAIN] Step 129/300 | 21:18:29
[TRAIN] Step 129 | Loss=0.114532 | Best makespan in group=608.00
[TRAIN] Step 130/300 | 21:18:59
[TRAIN] Step 130 | Loss=4.469006 | Best makespan in group=480.00
[TRAIN] Step 131/300 | 21:19:34
[TRAIN] Step 131 | Loss=1.205981 | Best makespan in group=394.00
[TRAIN] Step 132/300 | 21:20:03
[TRAIN] Step 132 | Loss=0.000001 | Best makespan in group=450.00
[TRAIN] Step 133/300 | 21:20:36
[TRAIN] Step 133 | Loss=0.821082 | Best makespan in group=453.00
[TRAIN] Step 134/300 | 21:21:02
[TRAIN] Step 134 | Loss=0.138644 | Best makespan in group=372.00
[TRAIN] Step 135/300 | 21:21:35
[TRAIN] Step 135 | Loss=1.646245 | Best makespan in group=579.00
[TRAIN] Step 136/300 | 21:22:03
[TRAIN] Step 136 | Loss=0.113192 | Best makespan in group=513.00
[TRAIN] Step 137/300 | 21:22:34
[TRAIN] Step 137 | Loss=0.000001 | Best makespan in group=372.00
[TRAIN] Step 138/300 | 21:22:54
[TRAIN] Step 138 | Loss=-0.000000 | Best makespan in group=552.00
[TRAIN] Step 139/300 | 21:23:15
[TRAIN] Step 139 | Loss=0.566331 | Best makespan in group=446.00
[TRAIN] Step 140/300 | 21:23:41
[TRAIN] Step 140 | Loss=0.004702 | Best makespan in group=602.00
[TRAIN] Step 141/300 | 21:24:03
[TRAIN] Step 141 | Loss=-0.000000 | Best makespan in group=453.00
[TRAIN] Step 142/300 | 21:24:24
[TRAIN] Step 142 | Loss=3.823354 | Best makespan in group=636.00
[TRAIN] Step 143/300 | 21:24:44
[TRAIN] Step 143 | Loss=0.366338 | Best makespan in group=508.00
[TRAIN] Step 144/300 | 21:25:08
[TRAIN] Step 144 | Loss=-0.000000 | Best makespan in group=380.00
[TRAIN] Step 145/300 | 21:25:38
[TRAIN] Step 145 | Loss=-0.000000 | Best makespan in group=470.00
[TRAIN] Step 146/300 | 21:26:04
[TRAIN] Step 146 | Loss=0.000000 | Best makespan in group=474.00
[TRAIN] Step 147/300 | 21:26:33
[TRAIN] Step 147 | Loss=3.394609 | Best makespan in group=461.00
[TRAIN] Step 148/300 | 21:26:58
[TRAIN] Step 148 | Loss=3.055972 | Best makespan in group=426.00
[TRAIN] Step 149/300 | 21:27:25
[TRAIN] Step 149 | Loss=-0.000000 | Best makespan in group=535.00
[TRAIN] Step 150/300 | 21:27:50
[TRAIN] Step 150 | Loss=0.000000 | Best makespan in group=440.00
[TRAIN] Refreshing training instances (step 150)...
[TRAIN][VAL][ep 150] avg_gap=0.2535 | std_gap=0.1389 | q80_gap=0.3575 | n=30
[TRAIN] Step 151/300 | 21:29:29
[TRAIN] Step 151 | Loss=4.648109 | Best makespan in group=367.00
[TRAIN] Step 152/300 | 21:29:52
[TRAIN] Step 152 | Loss=0.068151 | Best makespan in group=384.00
[TRAIN] Step 153/300 | 21:30:26
[TRAIN] Step 153 | Loss=-0.000000 | Best makespan in group=390.00
[TRAIN] Step 154/300 | 21:30:49
[TRAIN] Step 154 | Loss=0.000000 | Best makespan in group=404.00
[TRAIN] Step 155/300 | 21:31:09
[TRAIN] Step 155 | Loss=0.000007 | Best makespan in group=451.00
[TRAIN] Step 156/300 | 21:31:26
[TRAIN] Step 156 | Loss=1.519067 | Best makespan in group=379.00
[TRAIN] Step 157/300 | 21:31:48
[TRAIN] Step 157 | Loss=-0.000000 | Best makespan in group=560.00
[TRAIN] Step 158/300 | 21:32:13
[TRAIN] Step 158 | Loss=0.404541 | Best makespan in group=400.00
[TRAIN] Step 159/300 | 21:32:32
[TRAIN] Step 159 | Loss=0.891658 | Best makespan in group=494.00
[TRAIN] Step 160/300 | 21:32:58
[TRAIN] Step 160 | Loss=-0.000000 | Best makespan in group=401.00
[TRAIN] Step 161/300 | 21:33:27
[TRAIN] Step 161 | Loss=0.708359 | Best makespan in group=413.00
[TRAIN] Step 162/300 | 21:33:55
[TRAIN] Step 162 | Loss=-0.000000 | Best makespan in group=463.00
[TRAIN] Step 163/300 | 21:34:15
[TRAIN] Step 163 | Loss=0.000000 | Best makespan in group=435.00
[TRAIN] Step 164/300 | 21:34:44
[TRAIN] Step 164 | Loss=0.000015 | Best makespan in group=605.00
[TRAIN] Step 165/300 | 21:35:03
[TRAIN] Step 165 | Loss=0.000000 | Best makespan in group=453.00
[TRAIN] Step 166/300 | 21:35:25
[TRAIN] Step 166 | Loss=0.000017 | Best makespan in group=459.00
[TRAIN] Step 167/300 | 21:35:46
[TRAIN] Step 167 | Loss=0.000003 | Best makespan in group=483.00
[TRAIN] Step 168/300 | 21:36:09
[TRAIN] Step 168 | Loss=-0.000000 | Best makespan in group=506.00
[TRAIN] Step 169/300 | 21:36:28
[TRAIN] Step 169 | Loss=0.874291 | Best makespan in group=459.00
[TRAIN] Step 170/300 | 21:36:50
[TRAIN] Step 170 | Loss=1.186154 | Best makespan in group=365.00
[TRAIN] Step 171/300 | 21:37:11
[TRAIN] Step 171 | Loss=-0.000000 | Best makespan in group=394.00
[TRAIN] Step 172/300 | 21:37:33
[TRAIN] Step 172 | Loss=-0.000000 | Best makespan in group=538.00
[TRAIN] Step 173/300 | 21:37:58
[TRAIN] Step 173 | Loss=0.002402 | Best makespan in group=546.00
[TRAIN] Step 174/300 | 21:38:18
[TRAIN] Step 174 | Loss=-0.000000 | Best makespan in group=505.00
[TRAIN] Step 175/300 | 21:38:35
[TRAIN] Step 175 | Loss=0.000027 | Best makespan in group=542.00
[TRAIN][VAL][ep 175] avg_gap=0.1708 | std_gap=0.0682 | q80_gap=0.2354 | n=30
[TRAIN] Validation improved | avg_gap=0.1708 | saving candidate: 434101060128571.pth
[TRAIN] Step 176/300 | 21:39:55
[TRAIN] Step 176 | Loss=0.000007 | Best makespan in group=396.00
[TRAIN] Step 177/300 | 21:40:17
[TRAIN] Step 177 | Loss=0.002401 | Best makespan in group=367.00
[TRAIN] Step 178/300 | 21:40:40
[TRAIN] Step 178 | Loss=0.000002 | Best makespan in group=519.00
[TRAIN] Step 179/300 | 21:41:04
[TRAIN] Step 179 | Loss=0.001938 | Best makespan in group=431.00
[TRAIN] Step 180/300 | 21:41:31
[TRAIN] Step 180 | Loss=0.901041 | Best makespan in group=385.00
[TRAIN] Step 181/300 | 21:41:51
[TRAIN] Step 181 | Loss=-0.000000 | Best makespan in group=463.00
[TRAIN] Step 182/300 | 21:42:13
[TRAIN] Step 182 | Loss=0.000007 | Best makespan in group=522.00
[TRAIN] Step 183/300 | 21:42:33
[TRAIN] Step 183 | Loss=-0.000000 | Best makespan in group=591.00
[TRAIN] Step 184/300 | 21:42:53
[TRAIN] Step 184 | Loss=0.000029 | Best makespan in group=404.00
[TRAIN] Step 185/300 | 21:43:09
[TRAIN] Step 185 | Loss=0.480663 | Best makespan in group=439.00
[TRAIN] Step 186/300 | 21:43:29
[TRAIN] Step 186 | Loss=-0.000000 | Best makespan in group=510.00
[TRAIN] Step 187/300 | 21:43:57
[TRAIN] Step 187 | Loss=0.000000 | Best makespan in group=477.00
[TRAIN] Step 188/300 | 21:44:25
[TRAIN] Step 188 | Loss=-0.000000 | Best makespan in group=481.00
[TRAIN] Step 189/300 | 21:44:47
[TRAIN] Step 189 | Loss=1.537551 | Best makespan in group=547.00
[TRAIN] Step 190/300 | 21:45:10
[TRAIN] Step 190 | Loss=0.001811 | Best makespan in group=420.00
[TRAIN] Step 191/300 | 21:45:29
[TRAIN] Step 191 | Loss=0.002580 | Best makespan in group=503.00
[TRAIN] Step 192/300 | 21:45:49
[TRAIN] Step 192 | Loss=0.000075 | Best makespan in group=380.00
[TRAIN] Step 193/300 | 21:46:12
[TRAIN] Step 193 | Loss=0.058094 | Best makespan in group=447.00
[TRAIN] Step 194/300 | 21:46:33
[TRAIN] Step 194 | Loss=0.008139 | Best makespan in group=428.00
[TRAIN] Step 195/300 | 21:46:57
[TRAIN] Step 195 | Loss=0.000017 | Best makespan in group=419.00
[TRAIN] Step 196/300 | 21:47:18
[TRAIN] Step 196 | Loss=0.000058 | Best makespan in group=459.00
[TRAIN] Step 197/300 | 21:47:38
[TRAIN] Step 197 | Loss=0.000241 | Best makespan in group=393.00
[TRAIN] Step 198/300 | 21:48:07
[TRAIN] Step 198 | Loss=0.000478 | Best makespan in group=529.00
[TRAIN] Step 199/300 | 21:48:24
[TRAIN] Step 199 | Loss=0.425829 | Best makespan in group=395.00
[TRAIN] Step 200/300 | 21:48:53
[TRAIN] Step 200 | Loss=0.093169 | Best makespan in group=394.00
[TRAIN][VAL][ep 200] avg_gap=0.1902 | std_gap=0.0782 | q80_gap=0.2361 | n=30
[TRAIN] Step 201/300 | 21:50:13
[TRAIN] Step 201 | Loss=2.078372 | Best makespan in group=575.00
[TRAIN] Step 202/300 | 21:50:40
[TRAIN] Step 202 | Loss=0.000213 | Best makespan in group=466.00
[TRAIN] Step 203/300 | 21:50:59
[TRAIN] Step 203 | Loss=0.000115 | Best makespan in group=399.00
[TRAIN] Step 204/300 | 21:51:23
[TRAIN] Step 204 | Loss=0.000001 | Best makespan in group=504.00
[TRAIN] Step 205/300 | 21:51:39
[TRAIN] Step 205 | Loss=-0.000000 | Best makespan in group=476.00
[TRAIN] Step 206/300 | 21:51:57
[TRAIN] Step 206 | Loss=-0.000000 | Best makespan in group=515.00
[TRAIN] Step 207/300 | 21:52:16
[TRAIN] Step 207 | Loss=5.361922 | Best makespan in group=358.00
[TRAIN] Step 208/300 | 21:52:33
[TRAIN] Step 208 | Loss=0.000050 | Best makespan in group=386.00
[TRAIN] Step 209/300 | 21:52:49
[TRAIN] Step 209 | Loss=0.995219 | Best makespan in group=478.00
[TRAIN] Step 210/300 | 21:53:05
[TRAIN] Step 210 | Loss=0.000000 | Best makespan in group=524.00
[TRAIN] Step 211/300 | 21:53:22
[TRAIN] Step 211 | Loss=1.157161 | Best makespan in group=363.00
[TRAIN] Step 212/300 | 21:53:41
[TRAIN] Step 212 | Loss=-0.000000 | Best makespan in group=483.00
[TRAIN] Step 213/300 | 21:54:01
[TRAIN] Step 213 | Loss=-0.000000 | Best makespan in group=374.00
[TRAIN] Step 214/300 | 21:54:24
[TRAIN] Step 214 | Loss=0.028403 | Best makespan in group=408.00
[TRAIN] Step 215/300 | 21:54:41
[TRAIN] Step 215 | Loss=0.357932 | Best makespan in group=543.00
[TRAIN] Step 216/300 | 21:54:59
[TRAIN] Step 216 | Loss=-0.000000 | Best makespan in group=431.00
[TRAIN] Step 217/300 | 21:55:22
[TRAIN] Step 217 | Loss=-0.000000 | Best makespan in group=413.00
[TRAIN] Step 218/300 | 21:55:42
[TRAIN] Step 218 | Loss=-0.000000 | Best makespan in group=453.00
[TRAIN] Step 219/300 | 21:56:05
[TRAIN] Step 219 | Loss=0.013414 | Best makespan in group=572.00
[TRAIN] Step 220/300 | 21:56:26
[TRAIN] Step 220 | Loss=1.837637 | Best makespan in group=478.00
[TRAIN] Step 221/300 | 21:56:46
[TRAIN] Step 221 | Loss=-0.000000 | Best makespan in group=503.00
[TRAIN] Step 222/300 | 21:57:02
[TRAIN] Step 222 | Loss=-0.000000 | Best makespan in group=403.00
[TRAIN] Step 223/300 | 21:57:24
[TRAIN] Step 223 | Loss=0.000009 | Best makespan in group=356.00
[TRAIN] Step 224/300 | 21:57:43
[TRAIN] Step 224 | Loss=-0.000000 | Best makespan in group=610.00
[TRAIN] Step 225/300 | 21:57:59
[TRAIN] Step 225 | Loss=0.000000 | Best makespan in group=442.00
[TRAIN][VAL][ep 225] avg_gap=0.1924 | std_gap=0.0743 | q80_gap=0.2824 | n=30
[TRAIN] Step 226/300 | 21:58:58
[TRAIN] Step 226 | Loss=1.036221 | Best makespan in group=550.00
[TRAIN] Step 227/300 | 21:59:14
[TRAIN] Step 227 | Loss=-0.000000 | Best makespan in group=440.00
[TRAIN] Step 228/300 | 21:59:36
[TRAIN] Step 228 | Loss=0.523995 | Best makespan in group=344.00
[TRAIN] Step 229/300 | 21:59:56
[TRAIN] Step 229 | Loss=0.196313 | Best makespan in group=455.00
[TRAIN] Step 230/300 | 22:00:18
[TRAIN] Step 230 | Loss=-0.000000 | Best makespan in group=397.00
[TRAIN] Step 231/300 | 22:00:41
[TRAIN] Step 231 | Loss=1.296306 | Best makespan in group=367.00
[TRAIN] Step 232/300 | 22:00:57
[TRAIN] Step 232 | Loss=0.641768 | Best makespan in group=373.00
[TRAIN] Step 233/300 | 22:01:15
[TRAIN] Step 233 | Loss=0.000252 | Best makespan in group=436.00
[TRAIN] Step 234/300 | 22:01:30
[TRAIN] Step 234 | Loss=-0.000000 | Best makespan in group=523.00
[TRAIN] Step 235/300 | 22:01:44
[TRAIN] Step 235 | Loss=0.283351 | Best makespan in group=477.00
[TRAIN] Step 236/300 | 22:02:04
[TRAIN] Step 236 | Loss=0.863860 | Best makespan in group=401.00
[TRAIN] Step 237/300 | 22:02:21
[TRAIN] Step 237 | Loss=-0.000000 | Best makespan in group=579.00
[TRAIN] Step 238/300 | 22:02:42
[TRAIN] Step 238 | Loss=0.000010 | Best makespan in group=412.00
[TRAIN] Step 239/300 | 22:03:01
[TRAIN] Step 239 | Loss=-0.000000 | Best makespan in group=440.00
[TRAIN] Step 240/300 | 22:03:19
[TRAIN] Step 240 | Loss=1.993871 | Best makespan in group=391.00
[TRAIN] Step 241/300 | 22:03:36
[TRAIN] Step 241 | Loss=10.056595 | Best makespan in group=374.00
[TRAIN] Step 242/300 | 22:03:58
[TRAIN] Step 242 | Loss=0.704065 | Best makespan in group=480.00
[TRAIN] Step 243/300 | 22:04:16
[TRAIN] Step 243 | Loss=3.891801 | Best makespan in group=659.00
[TRAIN] Step 244/300 | 22:04:33
[TRAIN] Step 244 | Loss=-0.000000 | Best makespan in group=548.00
[TRAIN] Step 245/300 | 22:04:51
[TRAIN] Step 245 | Loss=1.487189 | Best makespan in group=467.00
[TRAIN] Step 246/300 | 22:05:11
[TRAIN] Step 246 | Loss=-0.000000 | Best makespan in group=394.00
[TRAIN] Step 247/300 | 22:05:33
[TRAIN] Step 247 | Loss=3.379687 | Best makespan in group=420.00
[TRAIN] Step 248/300 | 22:05:48
[TRAIN] Step 248 | Loss=-0.000000 | Best makespan in group=471.00
[TRAIN] Step 249/300 | 22:06:04
[TRAIN] Step 249 | Loss=-0.000000 | Best makespan in group=520.00
[TRAIN] Step 250/300 | 22:06:20
[TRAIN] Step 250 | Loss=-0.000000 | Best makespan in group=541.00
[TRAIN][VAL][ep 250] avg_gap=0.2091 | std_gap=0.0774 | q80_gap=0.2629 | n=30
[TRAIN] Step 251/300 | 22:07:26
[TRAIN] Step 251 | Loss=-0.000000 | Best makespan in group=450.00
[TRAIN] Step 252/300 | 22:07:45
[TRAIN] Step 252 | Loss=-0.000000 | Best makespan in group=410.00
[TRAIN] Step 253/300 | 22:08:06
[TRAIN] Step 253 | Loss=1.742879 | Best makespan in group=373.00
[TRAIN] Step 254/300 | 22:08:21
[TRAIN] Step 254 | Loss=-0.000000 | Best makespan in group=545.00
[TRAIN] Step 255/300 | 22:08:35
[TRAIN] Step 255 | Loss=0.001950 | Best makespan in group=407.00
[TRAIN] Step 256/300 | 22:08:51
[TRAIN] Step 256 | Loss=-0.000000 | Best makespan in group=600.00
[TRAIN] Step 257/300 | 22:09:04
[TRAIN] Step 257 | Loss=0.272142 | Best makespan in group=435.00
[TRAIN] Step 258/300 | 22:09:19
[TRAIN] Step 258 | Loss=-0.000000 | Best makespan in group=408.00
[TRAIN] Step 259/300 | 22:09:39
[TRAIN] Step 259 | Loss=0.000001 | Best makespan in group=612.00
[TRAIN] Step 260/300 | 22:09:56
[TRAIN] Step 260 | Loss=0.000016 | Best makespan in group=614.00
[TRAIN] Step 261/300 | 22:10:08
[TRAIN] Step 261 | Loss=0.002094 | Best makespan in group=456.00
[TRAIN] Step 262/300 | 22:10:19
[TRAIN] Step 262 | Loss=0.500493 | Best makespan in group=370.00
[TRAIN] Step 263/300 | 22:10:32
[TRAIN] Step 263 | Loss=0.000813 | Best makespan in group=505.00
[TRAIN] Step 264/300 | 22:10:46
[TRAIN] Step 264 | Loss=0.000000 | Best makespan in group=501.00
[TRAIN] Step 265/300 | 22:11:01
[TRAIN] Step 265 | Loss=0.003873 | Best makespan in group=567.00
[TRAIN] Step 266/300 | 22:11:18
[TRAIN] Step 266 | Loss=0.000003 | Best makespan in group=577.00
[TRAIN] Step 267/300 | 22:11:34
[TRAIN] Step 267 | Loss=0.000009 | Best makespan in group=524.00
[TRAIN] Step 268/300 | 22:11:49
[TRAIN] Step 268 | Loss=0.000104 | Best makespan in group=452.00
[TRAIN] Step 269/300 | 22:12:06
[TRAIN] Step 269 | Loss=-0.000000 | Best makespan in group=443.00
[TRAIN] Step 270/300 | 22:12:21
[TRAIN] Step 270 | Loss=0.000001 | Best makespan in group=489.00
[TRAIN] Step 271/300 | 22:12:38
[TRAIN] Step 271 | Loss=0.000000 | Best makespan in group=385.00
[TRAIN] Step 272/300 | 22:12:54
[TRAIN] Step 272 | Loss=0.000000 | Best makespan in group=456.00
[TRAIN] Step 273/300 | 22:13:12
[TRAIN] Step 273 | Loss=0.000000 | Best makespan in group=502.00
[TRAIN] Step 274/300 | 22:13:26
[TRAIN] Step 274 | Loss=0.000001 | Best makespan in group=421.00
[TRAIN] Step 275/300 | 22:13:44
[TRAIN] Step 275 | Loss=9.107310 | Best makespan in group=433.00
[TRAIN][VAL][ep 275] avg_gap=0.2482 | std_gap=0.0768 | q80_gap=0.2932 | n=30
[TRAIN] Step 276/300 | 22:14:36
[TRAIN] Step 276 | Loss=0.000001 | Best makespan in group=411.00
[TRAIN] Step 277/300 | 22:14:56
[TRAIN] Step 277 | Loss=0.000016 | Best makespan in group=516.00
[TRAIN] Step 278/300 | 22:15:11
[TRAIN] Step 278 | Loss=-0.000000 | Best makespan in group=465.00
[TRAIN] Step 279/300 | 22:15:30
[TRAIN] Step 279 | Loss=0.816626 | Best makespan in group=377.00
[TRAIN] Step 280/300 | 22:15:43
[TRAIN] Step 280 | Loss=-0.000000 | Best makespan in group=529.00
[TRAIN] Step 281/300 | 22:15:58
[TRAIN] Step 281 | Loss=1.833924 | Best makespan in group=433.00
[TRAIN] Step 282/300 | 22:16:16
[TRAIN] Step 282 | Loss=-0.000000 | Best makespan in group=537.00
[TRAIN] Step 283/300 | 22:16:30
[TRAIN] Step 283 | Loss=0.013008 | Best makespan in group=499.00
[TRAIN] Step 284/300 | 22:16:45
[TRAIN] Step 284 | Loss=1.542041 | Best makespan in group=357.00
[TRAIN] Step 285/300 | 22:17:02
[TRAIN] Step 285 | Loss=5.331481 | Best makespan in group=496.00
[TRAIN] Step 286/300 | 22:17:21
[TRAIN] Step 286 | Loss=1.231853 | Best makespan in group=547.00
[TRAIN] Step 287/300 | 22:17:33
[TRAIN] Step 287 | Loss=0.680468 | Best makespan in group=487.00
[TRAIN] Step 288/300 | 22:17:49
[TRAIN] Step 288 | Loss=0.000216 | Best makespan in group=453.00
[TRAIN] Step 289/300 | 22:18:01
[TRAIN] Step 289 | Loss=0.411612 | Best makespan in group=578.00
[TRAIN] Step 290/300 | 22:18:16
[TRAIN] Step 290 | Loss=0.000002 | Best makespan in group=535.00
[TRAIN] Step 291/300 | 22:18:37
[TRAIN] Step 291 | Loss=0.241552 | Best makespan in group=434.00
[TRAIN] Step 292/300 | 22:18:53
[TRAIN] Step 292 | Loss=2.242773 | Best makespan in group=525.00
[TRAIN] Step 293/300 | 22:19:09
[TRAIN] Step 293 | Loss=0.708560 | Best makespan in group=398.00
[TRAIN] Step 294/300 | 22:19:24
[TRAIN] Step 294 | Loss=0.099623 | Best makespan in group=665.00
[TRAIN] Step 295/300 | 22:19:37
[TRAIN] Step 295 | Loss=0.210155 | Best makespan in group=370.00
[TRAIN] Step 296/300 | 22:19:53
[TRAIN] Step 296 | Loss=10.564959 | Best makespan in group=429.00
[TRAIN] Step 297/300 | 22:20:06
[TRAIN] Step 297 | Loss=0.119563 | Best makespan in group=502.00
[TRAIN] Step 298/300 | 22:20:22
[TRAIN] Step 298 | Loss=1.062505 | Best makespan in group=410.00
[TRAIN] Step 299/300 | 22:20:40
[TRAIN] Step 299 | Loss=0.319677 | Best makespan in group=398.00
[TRAIN] Step 300/300 | 22:20:56
[TRAIN] Step 300 | Loss=-0.000000 | Best makespan in group=594.00
[TRAIN] Refreshing training instances (step 300)...
[TRAIN][VAL][ep 300] avg_gap=0.1830 | std_gap=0.0719 | q80_gap=0.2692 | n=30
[TRAIN] Evaluating best checkpoint (candidate_models/434101060128571.pth) on the held-out test split...
[TRAIN][TEST] avg_gap=0.1893 | std_gap=0.0849 | q80_gap=0.2402 | n=30
[TRAIN][22:22:37] Training ended. Validation history and plots updated.
=== DONE convergence_check_om_gin in 8121.2s ===
