D:\Dissertação\dissertation-bopo_introduction\venv\Lib\site-packages\torch\jit\_script.py:1485: FutureWarning: `torch.jit.script` is not supported in Python 3.14+ and may break. Please switch to `torch.compile` or `torch.export`.
  warnings.warn(
=== START convergence_check_om_transformer @ 20:07:15 | lr=0.0005 ===
============================================================
[TRAIN] Training started at: 2026-09-18 20:07:15
[TRAIN] Hyperparams | max_steps=300 | new_freq=150
[TRAIN]             | n_cases=25 | B=24 | K=8 | use_greedy=True | lr=0.0005
[TRAIN]             | warm_start_steps=150
[TRAIN]             | hidden_channels=128 | num_layers=2 | heads=3
[TRAIN] Representation | om | GNN | transformer
[TRAIN] Problem size | jobs=[8,10] | machines=[5,10] | ops_per_job=[5,6] | max_proc=100
============================================================
[TRAIN] Output run folder: results\convergence_check_om_transformer
[TRAIN] Validation config | every=25 steps | instances=30 (representative subset)
[TRAIN] Warm-start (behavior cloning vs. dispatch heuristic) | 150 step(s)...
[TRAIN][WARMSTART] step 7/150 | instance=17 | bc_loss=1.8361 | decisions=56
[TRAIN][WARMSTART] step 14/150 | instance=5 | bc_loss=1.5828 | decisions=56
[TRAIN][WARMSTART] step 21/150 | instance=12 | bc_loss=1.6826 | decisions=48
[TRAIN][WARMSTART] step 28/150 | instance=20 | bc_loss=1.4848 | decisions=57
[TRAIN][WARMSTART] step 35/150 | instance=17 | bc_loss=1.5402 | decisions=56
[TRAIN][WARMSTART] step 42/150 | instance=21 | bc_loss=1.3546 | decisions=55
[TRAIN][WARMSTART] step 49/150 | instance=14 | bc_loss=1.6869 | decisions=53
[TRAIN][WARMSTART] step 56/150 | instance=14 | bc_loss=1.6687 | decisions=53
[TRAIN][WARMSTART] step 63/150 | instance=22 | bc_loss=1.5734 | decisions=44
[TRAIN][WARMSTART] step 70/150 | instance=1 | bc_loss=1.3361 | decisions=46
[TRAIN][WARMSTART] step 77/150 | instance=19 | bc_loss=1.2797 | decisions=51
[TRAIN][WARMSTART] step 84/150 | instance=23 | bc_loss=1.5847 | decisions=57
[TRAIN][WARMSTART] step 91/150 | instance=17 | bc_loss=1.4530 | decisions=56
[TRAIN][WARMSTART] step 98/150 | instance=23 | bc_loss=1.4923 | decisions=57
[TRAIN][WARMSTART] step 105/150 | instance=24 | bc_loss=1.3789 | decisions=45
[TRAIN][WARMSTART] step 112/150 | instance=21 | bc_loss=1.1182 | decisions=55
[TRAIN][WARMSTART] step 119/150 | instance=18 | bc_loss=1.5621 | decisions=54
[TRAIN][WARMSTART] step 126/150 | instance=23 | bc_loss=1.5490 | decisions=57
[TRAIN][WARMSTART] step 133/150 | instance=9 | bc_loss=1.2486 | decisions=49
[TRAIN][WARMSTART] step 140/150 | instance=7 | bc_loss=1.4026 | decisions=43
[TRAIN][WARMSTART] step 147/150 | instance=11 | bc_loss=1.3787 | decisions=49
[TRAIN][WARMSTART] step 150/150 | instance=12 | bc_loss=1.9472 | decisions=48
[TRAIN] Warm-start complete, switching to BOPO preference optimization.
------------------------------------------------------------
[TRAIN] BOPO agent ready. Starting training loop for 300 step(s)...
------------------------------------------------------------
[TRAIN] Step 1/300 | 20:18:09
[TRAIN] Step 1 | Loss=-0.000000 | Best makespan in group=491.00
[TRAIN] Step 2/300 | 20:18:49
[TRAIN] Step 2 | Loss=0.035416 | Best makespan in group=663.00
[TRAIN] Step 3/300 | 20:19:20
[TRAIN] Step 3 | Loss=5.892498 | Best makespan in group=455.00
[TRAIN] Step 4/300 | 20:19:57
[TRAIN] Step 4 | Loss=7.451751 | Best makespan in group=581.00
[TRAIN] Step 5/300 | 20:20:28
[TRAIN] Step 5 | Loss=10.545438 | Best makespan in group=464.00
[TRAIN] Step 6/300 | 20:20:58
[TRAIN] Step 6 | Loss=9.960892 | Best makespan in group=592.00
[TRAIN] Step 7/300 | 20:21:27
[TRAIN] Step 7 | Loss=0.982837 | Best makespan in group=618.00
[TRAIN] Step 8/300 | 20:22:00
[TRAIN] Step 8 | Loss=8.826361 | Best makespan in group=631.00
[TRAIN] Step 9/300 | 20:22:41
[TRAIN] Step 9 | Loss=7.213871 | Best makespan in group=727.00
[TRAIN] Step 10/300 | 20:23:12
[TRAIN] Step 10 | Loss=7.156984 | Best makespan in group=663.00
[TRAIN] Step 11/300 | 20:23:51
[TRAIN] Step 11 | Loss=3.639431 | Best makespan in group=411.00
[TRAIN] Step 12/300 | 20:24:19
[TRAIN] Step 12 | Loss=0.498012 | Best makespan in group=424.00
[TRAIN] Step 13/300 | 20:24:50
[TRAIN] Step 13 | Loss=0.000036 | Best makespan in group=537.00
[TRAIN] Step 14/300 | 20:25:18
[TRAIN] Step 14 | Loss=-0.000000 | Best makespan in group=415.00
[TRAIN] Step 15/300 | 20:26:14
[TRAIN] Step 15 | Loss=0.003948 | Best makespan in group=400.00
[TRAIN] Step 16/300 | 20:27:06
[TRAIN] Step 16 | Loss=6.077442 | Best makespan in group=372.00
[TRAIN] Step 17/300 | 20:27:38
[TRAIN] Step 17 | Loss=6.214200 | Best makespan in group=547.00
[TRAIN] Step 18/300 | 20:28:14
[TRAIN] Step 18 | Loss=5.617480 | Best makespan in group=490.00
[TRAIN] Step 19/300 | 20:28:40
[TRAIN] Step 19 | Loss=8.844082 | Best makespan in group=444.00
[TRAIN] Step 20/300 | 20:29:08
[TRAIN] Step 20 | Loss=9.878769 | Best makespan in group=488.00
[TRAIN] Step 21/300 | 20:29:51
[TRAIN] Step 21 | Loss=0.016037 | Best makespan in group=645.00
[TRAIN] Step 22/300 | 20:30:29
[TRAIN] Step 22 | Loss=0.000000 | Best makespan in group=371.00
[TRAIN] Step 23/300 | 20:31:14
[TRAIN] Step 23 | Loss=-0.000000 | Best makespan in group=422.00
[TRAIN] Step 24/300 | 20:31:59
[TRAIN] Step 24 | Loss=0.578996 | Best makespan in group=519.00
[TRAIN] Step 25/300 | 20:32:34
[TRAIN] Step 25 | Loss=0.655941 | Best makespan in group=342.00
[TRAIN][VAL][ep 25] avg_gap=0.2220 | std_gap=0.0602 | q80_gap=0.2761 | n=30
[TRAIN] Validation improved | avg_gap=0.2220 | saving candidate: 187499357775803.pth
[TRAIN] Step 26/300 | 20:34:59
[TRAIN] Step 26 | Loss=-0.000000 | Best makespan in group=370.00
[TRAIN] Step 27/300 | 20:35:42
[TRAIN] Step 27 | Loss=4.917516 | Best makespan in group=674.00
[TRAIN] Step 28/300 | 20:36:13
[TRAIN] Step 28 | Loss=-0.000000 | Best makespan in group=525.00
[TRAIN] Step 29/300 | 20:36:42
[TRAIN] Step 29 | Loss=-0.000000 | Best makespan in group=504.00
[TRAIN] Step 30/300 | 20:37:24
[TRAIN] Step 30 | Loss=1.799999 | Best makespan in group=639.00
[TRAIN] Step 31/300 | 20:37:58
[TRAIN] Step 31 | Loss=0.043285 | Best makespan in group=443.00
[TRAIN] Step 32/300 | 20:38:44
[TRAIN] Step 32 | Loss=0.748134 | Best makespan in group=572.00
[TRAIN] Step 33/300 | 20:39:29
[TRAIN] Step 33 | Loss=3.148848 | Best makespan in group=579.00
[TRAIN] Step 34/300 | 20:39:54
[TRAIN] Step 34 | Loss=-0.000000 | Best makespan in group=555.00
[TRAIN] Step 35/300 | 20:40:36
[TRAIN] Step 35 | Loss=1.675983 | Best makespan in group=687.00
[TRAIN] Step 36/300 | 20:41:12
[TRAIN] Step 36 | Loss=-0.000000 | Best makespan in group=614.00
[TRAIN] Step 37/300 | 20:41:43
[TRAIN] Step 37 | Loss=-0.000000 | Best makespan in group=594.00
[TRAIN] Step 38/300 | 20:42:15
[TRAIN] Step 38 | Loss=-0.000000 | Best makespan in group=382.00
[TRAIN] Step 39/300 | 20:43:01
[TRAIN] Step 39 | Loss=5.633518 | Best makespan in group=387.00
[TRAIN] Step 40/300 | 20:43:31
[TRAIN] Step 40 | Loss=-0.000000 | Best makespan in group=429.00
[TRAIN] Step 41/300 | 20:44:08
[TRAIN] Step 41 | Loss=0.000001 | Best makespan in group=419.00
[TRAIN] Step 42/300 | 20:44:41
[TRAIN] Step 42 | Loss=-0.000000 | Best makespan in group=367.00
[TRAIN] Step 43/300 | 20:45:16
[TRAIN] Step 43 | Loss=0.604648 | Best makespan in group=357.00
[TRAIN] Step 44/300 | 20:45:54
[TRAIN] Step 44 | Loss=2.309860 | Best makespan in group=496.00
[TRAIN] Step 45/300 | 20:46:24
[TRAIN] Step 45 | Loss=1.001953 | Best makespan in group=455.00
[TRAIN] Step 46/300 | 20:47:09
[TRAIN] Step 46 | Loss=-0.000000 | Best makespan in group=541.00
[TRAIN] Step 47/300 | 20:47:49
[TRAIN] Step 47 | Loss=-0.000000 | Best makespan in group=549.00
[TRAIN] Step 48/300 | 20:48:23
[TRAIN] Step 48 | Loss=0.284774 | Best makespan in group=415.00
[TRAIN] Step 49/300 | 20:49:10
[TRAIN] Step 49 | Loss=0.000000 | Best makespan in group=456.00
[TRAIN] Step 50/300 | 20:49:37
[TRAIN] Step 50 | Loss=-0.000000 | Best makespan in group=390.00
[TRAIN][VAL][ep 50] avg_gap=0.1390 | std_gap=0.0546 | q80_gap=0.1727 | n=30
[TRAIN] Validation improved | avg_gap=0.1390 | saving candidate: 100396183372106.pth
[TRAIN] Step 51/300 | 20:52:10
[TRAIN] Step 51 | Loss=-0.000000 | Best makespan in group=339.00
[TRAIN] Step 52/300 | 20:52:43
[TRAIN] Step 52 | Loss=-0.000000 | Best makespan in group=540.00
[TRAIN] Step 53/300 | 20:53:15
[TRAIN] Step 53 | Loss=-0.000000 | Best makespan in group=395.00
[TRAIN] Step 54/300 | 20:53:48
[TRAIN] Step 54 | Loss=-0.000000 | Best makespan in group=602.00
[TRAIN] Step 55/300 | 20:54:22
[TRAIN] Step 55 | Loss=-0.000000 | Best makespan in group=623.00
[TRAIN] Step 56/300 | 20:54:54
[TRAIN] Step 56 | Loss=-0.000000 | Best makespan in group=456.00
[TRAIN] Step 57/300 | 20:55:22
[TRAIN] Step 57 | Loss=-0.000000 | Best makespan in group=389.00
[TRAIN] Step 58/300 | 20:55:59
[TRAIN] Step 58 | Loss=-0.000000 | Best makespan in group=384.00
[TRAIN] Step 59/300 | 20:56:26
[TRAIN] Step 59 | Loss=-0.000000 | Best makespan in group=508.00
[TRAIN] Step 60/300 | 20:56:57
[TRAIN] Step 60 | Loss=-0.000000 | Best makespan in group=511.00
[TRAIN] Step 61/300 | 20:57:26
[TRAIN] Step 61 | Loss=-0.000000 | Best makespan in group=524.00
[TRAIN] Step 62/300 | 20:57:51
[TRAIN] Step 62 | Loss=-0.000000 | Best makespan in group=604.00
[TRAIN] Step 63/300 | 20:58:25
[TRAIN] Step 63 | Loss=-0.000000 | Best makespan in group=654.00
[TRAIN] Step 64/300 | 20:59:04
[TRAIN] Step 64 | Loss=-0.000000 | Best makespan in group=376.00
[TRAIN] Step 65/300 | 21:00:00
[TRAIN] Step 65 | Loss=2.226542 | Best makespan in group=381.00
[TRAIN] Step 66/300 | 21:00:32
[TRAIN] Step 66 | Loss=-0.000000 | Best makespan in group=342.00
[TRAIN] Step 67/300 | 21:01:18
[TRAIN] Step 67 | Loss=-0.000000 | Best makespan in group=404.00
[TRAIN] Step 68/300 | 21:02:02
[TRAIN] Step 68 | Loss=0.000027 | Best makespan in group=494.00
[TRAIN] Step 69/300 | 21:02:33
[TRAIN] Step 69 | Loss=-0.000000 | Best makespan in group=530.00
[TRAIN] Step 70/300 | 21:03:13
[TRAIN] Step 70 | Loss=0.352353 | Best makespan in group=363.00
[TRAIN] Step 71/300 | 21:03:47
[TRAIN] Step 71 | Loss=0.237433 | Best makespan in group=384.00
[TRAIN] Step 72/300 | 21:04:39
[TRAIN] Step 72 | Loss=-0.000000 | Best makespan in group=531.00
[TRAIN] Step 73/300 | 21:05:23
[TRAIN] Step 73 | Loss=-0.000000 | Best makespan in group=495.00
[TRAIN] Step 74/300 | 21:06:04
[TRAIN] Step 74 | Loss=-0.000000 | Best makespan in group=530.00
[TRAIN] Step 75/300 | 21:06:46
[TRAIN] Step 75 | Loss=-0.000000 | Best makespan in group=417.00
[TRAIN][VAL][ep 75] avg_gap=0.1484 | std_gap=0.0676 | q80_gap=0.1842 | n=30
[TRAIN] Step 76/300 | 21:09:23
[TRAIN] Step 76 | Loss=-0.000000 | Best makespan in group=518.00
[TRAIN] Step 77/300 | 21:09:51
[TRAIN] Step 77 | Loss=-0.000000 | Best makespan in group=396.00
[TRAIN] Step 78/300 | 21:10:22
[TRAIN] Step 78 | Loss=-0.000000 | Best makespan in group=525.00
[TRAIN] Step 79/300 | 21:11:01
[TRAIN] Step 79 | Loss=-0.000000 | Best makespan in group=633.00
[TRAIN] Step 80/300 | 21:11:36
[TRAIN] Step 80 | Loss=-0.000000 | Best makespan in group=604.00
[TRAIN] Step 81/300 | 21:12:10
[TRAIN] Step 81 | Loss=-0.000000 | Best makespan in group=467.00
[TRAIN] Step 82/300 | 21:12:51
[TRAIN] Step 82 | Loss=-0.000000 | Best makespan in group=384.00
[TRAIN] Step 83/300 | 21:13:38
[TRAIN] Step 83 | Loss=1.130233 | Best makespan in group=525.00
[TRAIN] Step 84/300 | 21:14:12
[TRAIN] Step 84 | Loss=-0.000000 | Best makespan in group=381.00
[TRAIN] Step 85/300 | 21:14:48
[TRAIN] Step 85 | Loss=-0.000000 | Best makespan in group=414.00
[TRAIN] Step 86/300 | 21:15:17
[TRAIN] Step 86 | Loss=-0.000000 | Best makespan in group=396.00
[TRAIN] Step 87/300 | 21:16:02
[TRAIN] Step 87 | Loss=-0.000000 | Best makespan in group=511.00
[TRAIN] Step 88/300 | 21:16:43
[TRAIN] Step 88 | Loss=-0.000000 | Best makespan in group=409.00
[TRAIN] Step 89/300 | 21:17:24
[TRAIN] Step 89 | Loss=-0.000000 | Best makespan in group=343.00
[TRAIN] Step 90/300 | 21:17:56
[TRAIN] Step 90 | Loss=0.847116 | Best makespan in group=427.00
[TRAIN] Step 91/300 | 21:18:24
[TRAIN] Step 91 | Loss=-0.000000 | Best makespan in group=639.00
[TRAIN] Step 92/300 | 21:18:56
[TRAIN] Step 92 | Loss=-0.000000 | Best makespan in group=535.00
[TRAIN] Step 93/300 | 21:19:21
[TRAIN] Step 93 | Loss=-0.000000 | Best makespan in group=355.00
[TRAIN] Step 94/300 | 21:20:09
[TRAIN] Step 94 | Loss=-0.000000 | Best makespan in group=527.00
[TRAIN] Step 95/300 | 21:20:52
[TRAIN] Step 95 | Loss=-0.000000 | Best makespan in group=405.00
[TRAIN] Step 96/300 | 21:21:36
[TRAIN] Step 96 | Loss=-0.000000 | Best makespan in group=563.00
[TRAIN] Step 97/300 | 21:22:07
[TRAIN] Step 97 | Loss=0.000011 | Best makespan in group=384.00
[TRAIN] Step 98/300 | 21:22:36
[TRAIN] Step 98 | Loss=0.093536 | Best makespan in group=485.00
[TRAIN] Step 99/300 | 21:23:02
[TRAIN] Step 99 | Loss=-0.000000 | Best makespan in group=662.00
[TRAIN] Step 100/300 | 21:23:36
[TRAIN] Step 100 | Loss=2.010272 | Best makespan in group=373.00
[TRAIN][VAL][ep 100] avg_gap=0.1670 | std_gap=0.0819 | q80_gap=0.2253 | n=30
[TRAIN] Step 101/300 | 21:25:54
[TRAIN] Step 101 | Loss=-0.000000 | Best makespan in group=518.00
[TRAIN] Step 102/300 | 21:26:21
[TRAIN] Step 102 | Loss=-0.000000 | Best makespan in group=593.00
[TRAIN] Step 103/300 | 21:26:55
[TRAIN] Step 103 | Loss=0.000000 | Best makespan in group=435.00
[TRAIN] Step 104/300 | 21:27:26
[TRAIN] Step 104 | Loss=0.000000 | Best makespan in group=620.00
[TRAIN] Step 105/300 | 21:27:59
[TRAIN] Step 105 | Loss=-0.000000 | Best makespan in group=637.00
[TRAIN] Step 106/300 | 21:28:34
[TRAIN] Step 106 | Loss=0.094781 | Best makespan in group=404.00
[TRAIN] Step 107/300 | 21:29:14
[TRAIN] Step 107 | Loss=0.446694 | Best makespan in group=377.00
[TRAIN] Step 108/300 | 21:29:40
[TRAIN] Step 108 | Loss=-0.000000 | Best makespan in group=354.00
[TRAIN] Step 109/300 | 21:30:23
[TRAIN] Step 109 | Loss=-0.000000 | Best makespan in group=526.00
[TRAIN] Step 110/300 | 21:30:55
[TRAIN] Step 110 | Loss=0.000015 | Best makespan in group=549.00
[TRAIN] Step 111/300 | 21:31:31
[TRAIN] Step 111 | Loss=0.000001 | Best makespan in group=477.00
[TRAIN] Step 112/300 | 21:32:07
[TRAIN] Step 112 | Loss=-0.000000 | Best makespan in group=382.00
[TRAIN] Step 113/300 | 21:32:51
[TRAIN] Step 113 | Loss=-0.000000 | Best makespan in group=414.00
[TRAIN] Step 114/300 | 21:33:31
[TRAIN] Step 114 | Loss=0.000008 | Best makespan in group=480.00
[TRAIN] Step 115/300 | 21:33:58
[TRAIN] Step 115 | Loss=-0.000000 | Best makespan in group=555.00
[TRAIN] Step 116/300 | 21:34:35
[TRAIN] Step 116 | Loss=1.724983 | Best makespan in group=401.00
[TRAIN] Step 117/300 | 21:35:14
[TRAIN] Step 117 | Loss=-0.000000 | Best makespan in group=613.00
[TRAIN] Step 118/300 | 21:35:41
[TRAIN] Step 118 | Loss=0.000000 | Best makespan in group=368.00
[TRAIN] Step 119/300 | 21:36:11
[TRAIN] Step 119 | Loss=-0.000000 | Best makespan in group=512.00
[TRAIN] Step 120/300 | 21:36:34
[TRAIN] Step 120 | Loss=0.000000 | Best makespan in group=407.00
[TRAIN] Step 121/300 | 21:36:58
[TRAIN] Step 121 | Loss=-0.000000 | Best makespan in group=526.00
[TRAIN] Step 122/300 | 21:37:31
[TRAIN] Step 122 | Loss=0.000000 | Best makespan in group=413.00
[TRAIN] Step 123/300 | 21:37:57
[TRAIN] Step 123 | Loss=-0.000000 | Best makespan in group=506.00
[TRAIN] Step 124/300 | 21:38:25
[TRAIN] Step 124 | Loss=-0.000000 | Best makespan in group=375.00
[TRAIN] Step 125/300 | 21:39:07
[TRAIN] Step 125 | Loss=-0.000000 | Best makespan in group=344.00
[TRAIN][VAL][ep 125] avg_gap=0.1359 | std_gap=0.0583 | q80_gap=0.1794 | n=30
[TRAIN] Validation improved | avg_gap=0.1359 | saving candidate: 538933149975706.pth
[TRAIN] Step 126/300 | 21:41:01
[TRAIN] Step 126 | Loss=0.000000 | Best makespan in group=366.00
[TRAIN] Step 127/300 | 21:41:32
[TRAIN] Step 127 | Loss=0.041755 | Best makespan in group=503.00
[TRAIN] Step 128/300 | 21:42:03
[TRAIN] Step 128 | Loss=-0.000000 | Best makespan in group=502.00
[TRAIN] Step 129/300 | 21:42:29
[TRAIN] Step 129 | Loss=0.000001 | Best makespan in group=442.00
[TRAIN] Step 130/300 | 21:42:54
[TRAIN] Step 130 | Loss=-0.000000 | Best makespan in group=572.00
[TRAIN] Step 131/300 | 21:43:23
[TRAIN] Step 131 | Loss=-0.000000 | Best makespan in group=528.00
[TRAIN] Step 132/300 | 21:44:04
[TRAIN] Step 132 | Loss=0.152461 | Best makespan in group=379.00
[TRAIN] Step 133/300 | 21:44:29
[TRAIN] Step 133 | Loss=-0.000000 | Best makespan in group=417.00
[TRAIN] Step 134/300 | 21:45:10
[TRAIN] Step 134 | Loss=0.000000 | Best makespan in group=522.00
[TRAIN] Step 135/300 | 21:45:32
[TRAIN] Step 135 | Loss=-0.000000 | Best makespan in group=640.00
[TRAIN] Step 136/300 | 21:46:06
[TRAIN] Step 136 | Loss=0.000047 | Best makespan in group=530.00
[TRAIN] Step 137/300 | 21:46:34
[TRAIN] Step 137 | Loss=-0.000000 | Best makespan in group=411.00
[TRAIN] Step 138/300 | 21:47:07
[TRAIN] Step 138 | Loss=0.920411 | Best makespan in group=416.00
[TRAIN] Step 139/300 | 21:47:33
[TRAIN] Step 139 | Loss=-0.000000 | Best makespan in group=341.00
[TRAIN] Step 140/300 | 21:48:10
[TRAIN] Step 140 | Loss=-0.000000 | Best makespan in group=390.00
[TRAIN] Step 141/300 | 21:48:56
[TRAIN] Step 141 | Loss=1.011064 | Best makespan in group=574.00
[TRAIN] Step 142/300 | 21:49:28
[TRAIN] Step 142 | Loss=0.000000 | Best makespan in group=344.00
[TRAIN] Step 143/300 | 21:49:54
[TRAIN] Step 143 | Loss=0.400408 | Best makespan in group=377.00
[TRAIN] Step 144/300 | 21:50:35
[TRAIN] Step 144 | Loss=0.000001 | Best makespan in group=426.00
[TRAIN] Step 145/300 | 21:51:07
[TRAIN] Step 145 | Loss=-0.000000 | Best makespan in group=525.00
[TRAIN] Step 146/300 | 21:51:39
[TRAIN] Step 146 | Loss=0.000000 | Best makespan in group=393.00
[TRAIN] Step 147/300 | 21:52:02
[TRAIN] Step 147 | Loss=-0.000000 | Best makespan in group=414.00
[TRAIN] Step 148/300 | 21:52:34
[TRAIN] Step 148 | Loss=-0.000000 | Best makespan in group=619.00
[TRAIN] Step 149/300 | 21:52:57
[TRAIN] Step 149 | Loss=0.000000 | Best makespan in group=618.00
[TRAIN] Step 150/300 | 21:53:21
[TRAIN] Step 150 | Loss=0.352624 | Best makespan in group=477.00
[TRAIN] Refreshing training instances (step 150)...
[TRAIN][VAL][ep 150] avg_gap=0.1291 | std_gap=0.0466 | q80_gap=0.1581 | n=30
[TRAIN] Validation improved | avg_gap=0.1291 | saving candidate: 755820858965978.pth
[TRAIN] Step 151/300 | 21:55:00
[TRAIN] Step 151 | Loss=0.000000 | Best makespan in group=572.00
[TRAIN] Step 152/300 | 21:55:24
[TRAIN] Step 152 | Loss=0.414758 | Best makespan in group=399.00
[TRAIN] Step 153/300 | 21:55:49
[TRAIN] Step 153 | Loss=0.000000 | Best makespan in group=511.00
[TRAIN] Step 154/300 | 21:56:12
[TRAIN] Step 154 | Loss=-0.000000 | Best makespan in group=618.00
[TRAIN] Step 155/300 | 21:56:39
[TRAIN] Step 155 | Loss=1.639714 | Best makespan in group=521.00
[TRAIN] Step 156/300 | 21:57:00
[TRAIN] Step 156 | Loss=-0.000000 | Best makespan in group=405.00
[TRAIN] Step 157/300 | 21:57:18
[TRAIN] Step 157 | Loss=-0.000000 | Best makespan in group=366.00
[TRAIN] Step 158/300 | 21:57:44
[TRAIN] Step 158 | Loss=0.000001 | Best makespan in group=404.00
[TRAIN] Step 159/300 | 21:58:16
[TRAIN] Step 159 | Loss=-0.000000 | Best makespan in group=359.00
[TRAIN] Step 160/300 | 21:58:48
[TRAIN] Step 160 | Loss=-0.000000 | Best makespan in group=525.00
[TRAIN] Step 161/300 | 21:59:06
[TRAIN] Step 161 | Loss=-0.000000 | Best makespan in group=359.00
[TRAIN] Step 162/300 | 21:59:25
[TRAIN] Step 162 | Loss=-0.000000 | Best makespan in group=406.00
[TRAIN] Step 163/300 | 21:59:47
[TRAIN] Step 163 | Loss=0.000002 | Best makespan in group=323.00
[TRAIN] Step 164/300 | 22:00:15
[TRAIN] Step 164 | Loss=-0.000000 | Best makespan in group=526.00
[TRAIN] Step 165/300 | 22:00:42
[TRAIN] Step 165 | Loss=1.767036 | Best makespan in group=278.00
[TRAIN] Step 166/300 | 22:01:04
[TRAIN] Step 166 | Loss=-0.000000 | Best makespan in group=367.00
[TRAIN] Step 167/300 | 22:01:36
[TRAIN] Step 167 | Loss=0.000000 | Best makespan in group=417.00
[TRAIN] Step 168/300 | 22:01:57
[TRAIN] Step 168 | Loss=2.497004 | Best makespan in group=324.00
[TRAIN] Step 169/300 | 22:02:21
[TRAIN] Step 169 | Loss=0.000002 | Best makespan in group=284.00
[TRAIN] Step 170/300 | 22:02:41
[TRAIN] Step 170 | Loss=-0.000000 | Best makespan in group=347.00
[TRAIN] Step 171/300 | 22:03:15
[TRAIN] Step 171 | Loss=0.000001 | Best makespan in group=369.00
[TRAIN] Step 172/300 | 22:03:41
[TRAIN] Step 172 | Loss=0.000355 | Best makespan in group=459.00
[TRAIN] Step 173/300 | 22:04:11
[TRAIN] Step 173 | Loss=0.000049 | Best makespan in group=427.00
[TRAIN] Step 174/300 | 22:04:34
[TRAIN] Step 174 | Loss=0.000000 | Best makespan in group=416.00
[TRAIN] Step 175/300 | 22:04:55
[TRAIN] Step 175 | Loss=-0.000000 | Best makespan in group=674.00
[TRAIN][VAL][ep 175] avg_gap=0.1348 | std_gap=0.0692 | q80_gap=0.1988 | n=30
[TRAIN] Step 176/300 | 22:06:29
[TRAIN] Step 176 | Loss=0.000027 | Best makespan in group=549.00
[TRAIN] Step 177/300 | 22:06:56
[TRAIN] Step 177 | Loss=0.000000 | Best makespan in group=361.00
[TRAIN] Step 178/300 | 22:07:19
[TRAIN] Step 178 | Loss=-0.000000 | Best makespan in group=402.00
[TRAIN] Step 179/300 | 22:07:48
[TRAIN] Step 179 | Loss=0.197521 | Best makespan in group=375.00
[TRAIN] Step 180/300 | 22:08:15
[TRAIN] Step 180 | Loss=0.001617 | Best makespan in group=267.00
[TRAIN] Step 181/300 | 22:08:36
[TRAIN] Step 181 | Loss=0.000000 | Best makespan in group=578.00
[TRAIN] Step 182/300 | 22:08:56
[TRAIN] Step 182 | Loss=-0.000000 | Best makespan in group=361.00
[TRAIN] Step 183/300 | 22:09:25
[TRAIN] Step 183 | Loss=0.000001 | Best makespan in group=458.00
[TRAIN] Step 184/300 | 22:09:43
[TRAIN] Step 184 | Loss=0.000026 | Best makespan in group=405.00
[TRAIN] Step 185/300 | 22:10:01
[TRAIN] Step 185 | Loss=0.000005 | Best makespan in group=434.00
[TRAIN] Step 186/300 | 22:10:19
[TRAIN] Step 186 | Loss=-0.000000 | Best makespan in group=296.00
[TRAIN] Step 187/300 | 22:10:39
[TRAIN] Step 187 | Loss=-0.000000 | Best makespan in group=397.00
[TRAIN] Step 188/300 | 22:10:54
[TRAIN] Step 188 | Loss=-0.000000 | Best makespan in group=619.00
[TRAIN] Step 189/300 | 22:11:10
[TRAIN] Step 189 | Loss=-0.000000 | Best makespan in group=386.00
[TRAIN] Step 190/300 | 22:11:40
[TRAIN] Step 190 | Loss=-0.000000 | Best makespan in group=334.00
[TRAIN] Step 191/300 | 22:12:05
[TRAIN] Step 191 | Loss=-0.000000 | Best makespan in group=710.00
[TRAIN] Step 192/300 | 22:12:26
[TRAIN] Step 192 | Loss=-0.000000 | Best makespan in group=381.00
[TRAIN] Step 193/300 | 22:12:48
[TRAIN] Step 193 | Loss=0.959591 | Best makespan in group=433.00
[TRAIN] Step 194/300 | 22:13:04
[TRAIN] Step 194 | Loss=0.000000 | Best makespan in group=284.00
[TRAIN] Step 195/300 | 22:13:20
[TRAIN] Step 195 | Loss=0.045141 | Best makespan in group=385.00
[TRAIN] Step 196/300 | 22:13:39
[TRAIN] Step 196 | Loss=3.535338 | Best makespan in group=423.00
[TRAIN] Step 197/300 | 22:14:03
[TRAIN] Step 197 | Loss=0.000029 | Best makespan in group=405.00
[TRAIN] Step 198/300 | 22:14:20
[TRAIN] Step 198 | Loss=0.000007 | Best makespan in group=542.00
[TRAIN] Step 199/300 | 22:14:39
[TRAIN] Step 199 | Loss=0.000000 | Best makespan in group=380.00
[TRAIN] Step 200/300 | 22:14:57
[TRAIN] Step 200 | Loss=-0.000000 | Best makespan in group=578.00
[TRAIN][VAL][ep 200] avg_gap=0.1394 | std_gap=0.0715 | q80_gap=0.1693 | n=30
[TRAIN] Step 201/300 | 22:16:18
[TRAIN] Step 201 | Loss=0.798204 | Best makespan in group=479.00
[TRAIN] Step 202/300 | 22:16:44
[TRAIN] Step 202 | Loss=0.835729 | Best makespan in group=515.00
[TRAIN] Step 203/300 | 22:17:02
[TRAIN] Step 203 | Loss=-0.000000 | Best makespan in group=385.00
[TRAIN] Step 204/300 | 22:17:24
[TRAIN] Step 204 | Loss=0.000002 | Best makespan in group=380.00
[TRAIN] Step 205/300 | 22:17:47
[TRAIN] Step 205 | Loss=-0.000000 | Best makespan in group=535.00
[TRAIN] Step 206/300 | 22:18:10
[TRAIN] Step 206 | Loss=-0.000000 | Best makespan in group=301.00
[TRAIN] Step 207/300 | 22:18:36
[TRAIN] Step 207 | Loss=0.000096 | Best makespan in group=267.00
[TRAIN] Step 208/300 | 22:18:57
[TRAIN] Step 208 | Loss=0.000001 | Best makespan in group=271.00
[TRAIN] Step 209/300 | 22:19:12
[TRAIN] Step 209 | Loss=-0.000000 | Best makespan in group=391.00
[TRAIN] Step 210/300 | 22:19:29
[TRAIN] Step 210 | Loss=0.000000 | Best makespan in group=560.00
[TRAIN] Step 211/300 | 22:19:43
[TRAIN] Step 211 | Loss=0.000045 | Best makespan in group=405.00
[TRAIN] Step 212/300 | 22:20:02
[TRAIN] Step 212 | Loss=0.000309 | Best makespan in group=504.00
[TRAIN] Step 213/300 | 22:20:20
[TRAIN] Step 213 | Loss=-0.000000 | Best makespan in group=404.00
[TRAIN] Step 214/300 | 22:20:48
[TRAIN] Step 214 | Loss=-0.000000 | Best makespan in group=558.00
[TRAIN] Step 215/300 | 22:21:12
[TRAIN] Step 215 | Loss=0.000009 | Best makespan in group=408.00
[TRAIN] Step 216/300 | 22:21:32
[TRAIN] Step 216 | Loss=0.000000 | Best makespan in group=450.00
[TRAIN] Step 217/300 | 22:21:50
[TRAIN] Step 217 | Loss=0.000000 | Best makespan in group=538.00
[TRAIN] Step 218/300 | 22:22:08
[TRAIN] Step 218 | Loss=-0.000000 | Best makespan in group=359.00
[TRAIN] Step 219/300 | 22:22:34
[TRAIN] Step 219 | Loss=-0.000000 | Best makespan in group=623.00
[TRAIN] Step 220/300 | 22:22:53
[TRAIN] Step 220 | Loss=-0.000000 | Best makespan in group=326.00
[TRAIN] Step 221/300 | 22:23:19
[TRAIN] Step 221 | Loss=-0.000000 | Best makespan in group=340.00
[TRAIN] Step 222/300 | 22:23:46
[TRAIN] Step 222 | Loss=0.000017 | Best makespan in group=418.00
[TRAIN] Step 223/300 | 22:24:02
[TRAIN] Step 223 | Loss=0.217281 | Best makespan in group=385.00
[TRAIN] Step 224/300 | 22:24:19
[TRAIN] Step 224 | Loss=0.102380 | Best makespan in group=374.00
[TRAIN] Step 225/300 | 22:24:35
[TRAIN] Step 225 | Loss=0.000000 | Best makespan in group=313.00
[TRAIN][VAL][ep 225] avg_gap=0.1219 | std_gap=0.0518 | q80_gap=0.1523 | n=30
[TRAIN] Validation improved | avg_gap=0.1219 | saving candidate: 417801803506755.pth
[TRAIN] Step 226/300 | 22:25:42
[TRAIN] Step 226 | Loss=0.000001 | Best makespan in group=313.00
[TRAIN] Step 227/300 | 22:25:58
[TRAIN] Step 227 | Loss=0.000002 | Best makespan in group=381.00
[TRAIN] Step 228/300 | 22:26:13
[TRAIN] Step 228 | Loss=0.000001 | Best makespan in group=392.00
[TRAIN] Step 229/300 | 22:26:27
[TRAIN] Step 229 | Loss=-0.000000 | Best makespan in group=372.00
[TRAIN] Step 230/300 | 22:26:42
[TRAIN] Step 230 | Loss=0.000002 | Best makespan in group=437.00
[TRAIN] Step 231/300 | 22:26:58
[TRAIN] Step 231 | Loss=0.000000 | Best makespan in group=517.00
[TRAIN] Step 232/300 | 22:27:14
[TRAIN] Step 232 | Loss=0.933641 | Best makespan in group=485.00
[TRAIN] Step 233/300 | 22:27:34
[TRAIN] Step 233 | Loss=0.000866 | Best makespan in group=389.00
[TRAIN] Step 234/300 | 22:27:49
[TRAIN] Step 234 | Loss=-0.000000 | Best makespan in group=416.00
[TRAIN] Step 235/300 | 22:28:14
[TRAIN] Step 235 | Loss=-0.000000 | Best makespan in group=521.00
[TRAIN] Step 236/300 | 22:28:34
[TRAIN] Step 236 | Loss=2.535934 | Best makespan in group=296.00
[TRAIN] Step 237/300 | 22:28:48
[TRAIN] Step 237 | Loss=0.000000 | Best makespan in group=556.00
[TRAIN] Step 238/300 | 22:29:02
[TRAIN] Step 238 | Loss=0.000004 | Best makespan in group=403.00
[TRAIN] Step 239/300 | 22:29:21
[TRAIN] Step 239 | Loss=-0.000000 | Best makespan in group=630.00
[TRAIN] Step 240/300 | 22:29:41
[TRAIN] Step 240 | Loss=0.235228 | Best makespan in group=271.00
[TRAIN] Step 241/300 | 22:29:59
[TRAIN] Step 241 | Loss=0.000005 | Best makespan in group=355.00
[TRAIN] Step 242/300 | 22:30:23
[TRAIN] Step 242 | Loss=0.000000 | Best makespan in group=564.00
[TRAIN] Step 243/300 | 22:30:39
[TRAIN] Step 243 | Loss=0.000004 | Best makespan in group=344.00
[TRAIN] Step 244/300 | 22:31:01
[TRAIN] Step 244 | Loss=0.436636 | Best makespan in group=437.00
[TRAIN] Step 245/300 | 22:31:18
[TRAIN] Step 245 | Loss=0.000002 | Best makespan in group=316.00
[TRAIN] Step 246/300 | 22:31:39
[TRAIN] Step 246 | Loss=-0.000000 | Best makespan in group=442.00
[TRAIN] Step 247/300 | 22:31:55
[TRAIN] Step 247 | Loss=0.000000 | Best makespan in group=412.00
[TRAIN] Step 248/300 | 22:32:12
[TRAIN] Step 248 | Loss=-0.000000 | Best makespan in group=609.00
[TRAIN] Step 249/300 | 22:32:33
[TRAIN] Step 249 | Loss=-0.000000 | Best makespan in group=374.00
[TRAIN] Step 250/300 | 22:32:58
[TRAIN] Step 250 | Loss=-0.000000 | Best makespan in group=330.00
[TRAIN][VAL][ep 250] avg_gap=0.1533 | std_gap=0.0600 | q80_gap=0.1946 | n=30
[TRAIN] Step 251/300 | 22:34:12
[TRAIN] Step 251 | Loss=0.000000 | Best makespan in group=266.00
[TRAIN] Step 252/300 | 22:34:28
[TRAIN] Step 252 | Loss=0.000000 | Best makespan in group=416.00
[TRAIN] Step 253/300 | 22:34:52
[TRAIN] Step 253 | Loss=-0.000000 | Best makespan in group=653.00
[TRAIN] Step 254/300 | 22:35:10
[TRAIN] Step 254 | Loss=-0.000000 | Best makespan in group=542.00
[TRAIN] Step 255/300 | 22:35:29
[TRAIN] Step 255 | Loss=-0.000000 | Best makespan in group=372.00
[TRAIN] Step 256/300 | 22:35:54
[TRAIN] Step 256 | Loss=0.093977 | Best makespan in group=268.00
[TRAIN] Step 257/300 | 22:36:10
[TRAIN] Step 257 | Loss=-0.000000 | Best makespan in group=312.00
[TRAIN] Step 258/300 | 22:36:25
[TRAIN] Step 258 | Loss=-0.000000 | Best makespan in group=530.00
[TRAIN] Step 259/300 | 22:36:39
[TRAIN] Step 259 | Loss=-0.000000 | Best makespan in group=354.00
[TRAIN] Step 260/300 | 22:37:00
[TRAIN] Step 260 | Loss=0.000001 | Best makespan in group=398.00
[TRAIN] Step 261/300 | 22:37:15
[TRAIN] Step 261 | Loss=0.000055 | Best makespan in group=389.00
[TRAIN] Step 262/300 | 22:37:33
[TRAIN] Step 262 | Loss=0.000032 | Best makespan in group=364.00
[TRAIN] Step 263/300 | 22:37:49
[TRAIN] Step 263 | Loss=0.000014 | Best makespan in group=354.00
[TRAIN] Step 264/300 | 22:38:06
[TRAIN] Step 264 | Loss=0.000017 | Best makespan in group=432.00
[TRAIN] Step 265/300 | 22:38:18
[TRAIN] Step 265 | Loss=-0.000000 | Best makespan in group=616.00
[TRAIN] Step 266/300 | 22:38:35
[TRAIN] Step 266 | Loss=3.283416 | Best makespan in group=444.00
[TRAIN] Step 267/300 | 22:38:48
[TRAIN] Step 267 | Loss=0.000006 | Best makespan in group=360.00
[TRAIN] Step 268/300 | 22:39:00
[TRAIN] Step 268 | Loss=0.000005 | Best makespan in group=424.00
[TRAIN] Step 269/300 | 22:39:14
[TRAIN] Step 269 | Loss=0.000002 | Best makespan in group=444.00
[TRAIN] Step 270/300 | 22:39:26
[TRAIN] Step 270 | Loss=0.000001 | Best makespan in group=430.00
[TRAIN] Step 271/300 | 22:39:45
[TRAIN] Step 271 | Loss=0.000003 | Best makespan in group=364.00
[TRAIN] Step 272/300 | 22:40:01
[TRAIN] Step 272 | Loss=0.000025 | Best makespan in group=595.00
[TRAIN] Step 273/300 | 22:40:12
[TRAIN] Step 273 | Loss=0.001354 | Best makespan in group=443.00
[TRAIN] Step 274/300 | 22:40:26
[TRAIN] Step 274 | Loss=0.000008 | Best makespan in group=454.00
[TRAIN] Step 275/300 | 22:40:40
[TRAIN] Step 275 | Loss=0.001073 | Best makespan in group=567.00
[TRAIN][VAL][ep 275] avg_gap=0.1490 | std_gap=0.0660 | q80_gap=0.2009 | n=30
[TRAIN] Step 276/300 | 22:41:31
[TRAIN] Step 276 | Loss=0.000614 | Best makespan in group=267.00
[TRAIN] Step 277/300 | 22:41:46
[TRAIN] Step 277 | Loss=0.000000 | Best makespan in group=665.00
[TRAIN] Step 278/300 | 22:42:01
[TRAIN] Step 278 | Loss=0.000039 | Best makespan in group=270.00
[TRAIN] Step 279/300 | 22:42:13
[TRAIN] Step 279 | Loss=0.000040 | Best makespan in group=376.00
[TRAIN] Step 280/300 | 22:42:30
[TRAIN] Step 280 | Loss=0.080451 | Best makespan in group=575.00
[TRAIN] Step 281/300 | 22:42:44
[TRAIN] Step 281 | Loss=1.341449 | Best makespan in group=538.00
[TRAIN] Step 282/300 | 22:42:58
[TRAIN] Step 282 | Loss=-0.000000 | Best makespan in group=365.00
[TRAIN] Step 283/300 | 22:43:19
[TRAIN] Step 283 | Loss=-0.000000 | Best makespan in group=465.00
[TRAIN] Step 284/300 | 22:43:39
[TRAIN] Step 284 | Loss=0.000002 | Best makespan in group=483.00
[TRAIN] Step 285/300 | 22:43:51
[TRAIN] Step 285 | Loss=-0.000000 | Best makespan in group=398.00
[TRAIN] Step 286/300 | 22:44:03
[TRAIN] Step 286 | Loss=-0.000000 | Best makespan in group=630.00
[TRAIN] Step 287/300 | 22:44:21
[TRAIN] Step 287 | Loss=-0.000000 | Best makespan in group=328.00
[TRAIN] Step 288/300 | 22:44:42
[TRAIN] Step 288 | Loss=-0.000000 | Best makespan in group=398.00
[TRAIN] Step 289/300 | 22:44:55
[TRAIN] Step 289 | Loss=0.011345 | Best makespan in group=400.00
[TRAIN] Step 290/300 | 22:45:12
[TRAIN] Step 290 | Loss=-0.000000 | Best makespan in group=438.00
[TRAIN] Step 291/300 | 22:45:24
[TRAIN] Step 291 | Loss=1.744530 | Best makespan in group=328.00
[TRAIN] Step 292/300 | 22:45:43
[TRAIN] Step 292 | Loss=-0.000000 | Best makespan in group=356.00
[TRAIN] Step 293/300 | 22:46:04
[TRAIN] Step 293 | Loss=-0.000000 | Best makespan in group=403.00
[TRAIN] Step 294/300 | 22:46:25
[TRAIN] Step 294 | Loss=0.000000 | Best makespan in group=413.00
[TRAIN] Step 295/300 | 22:46:40
[TRAIN] Step 295 | Loss=0.000000 | Best makespan in group=368.00
[TRAIN] Step 296/300 | 22:46:51
[TRAIN] Step 296 | Loss=0.101011 | Best makespan in group=556.00
[TRAIN] Step 297/300 | 22:47:07
[TRAIN] Step 297 | Loss=0.018754 | Best makespan in group=457.00
[TRAIN] Step 298/300 | 22:47:20
[TRAIN] Step 298 | Loss=-0.000000 | Best makespan in group=309.00
[TRAIN] Step 299/300 | 22:47:34
[TRAIN] Step 299 | Loss=0.000000 | Best makespan in group=428.00
[TRAIN] Step 300/300 | 22:47:47
[TRAIN] Step 300 | Loss=-0.000000 | Best makespan in group=570.00
[TRAIN] Refreshing training instances (step 300)...
[TRAIN][VAL][ep 300] avg_gap=0.1456 | std_gap=0.0600 | q80_gap=0.1909 | n=30
[TRAIN] Evaluating best checkpoint (candidate_models/417801803506755.pth) on the held-out test split...
[TRAIN][TEST] avg_gap=0.1286 | std_gap=0.0497 | q80_gap=0.1718 | n=30
[TRAIN][22:49:24] Training ended. Validation history and plots updated.
=== DONE convergence_check_om_transformer in 9728.8s ===
