D:\Dissertação\dissertation-bopo_introduction\venv\Lib\site-packages\torch\jit\_script.py:1485: FutureWarning: `torch.jit.script` is not supported in Python 3.14+ and may break. Please switch to `torch.compile` or `torch.export`.
  warnings.warn(
=== START convergence_check_oo_gat @ 20:07:15 | lr=0.0005 ===
============================================================
[TRAIN] Training started at: 2026-09-18 20:07:15
[TRAIN] Hyperparams | max_steps=300 | new_freq=150
[TRAIN]             | n_cases=25 | B=24 | K=8 | use_greedy=True | lr=0.0005
[TRAIN]             | warm_start_steps=150
[TRAIN]             | hidden_channels=128 | num_layers=2 | heads=3
[TRAIN] Representation | oo | GNN | gat
[TRAIN] Problem size | jobs=[8,10] | machines=[5,10] | ops_per_job=[5,6] | max_proc=100
============================================================
[TRAIN] Output run folder: results\convergence_check_oo_gat
[TRAIN] Validation config | every=25 steps | instances=30 (representative subset)
[TRAIN] Warm-start (behavior cloning vs. dispatch heuristic) | 150 step(s)...
[TRAIN][WARMSTART] step 7/150 | instance=15 | bc_loss=1.9518 | decisions=44
[TRAIN][WARMSTART] step 14/150 | instance=3 | bc_loss=2.1117 | decisions=52
[TRAIN][WARMSTART] step 21/150 | instance=8 | bc_loss=2.1320 | decisions=54
[TRAIN][WARMSTART] step 28/150 | instance=15 | bc_loss=1.9373 | decisions=44
[TRAIN][WARMSTART] step 35/150 | instance=13 | bc_loss=1.9163 | decisions=42
[TRAIN][WARMSTART] step 42/150 | instance=4 | bc_loss=1.8557 | decisions=41
[TRAIN][WARMSTART] step 49/150 | instance=6 | bc_loss=1.9493 | decisions=44
[TRAIN][WARMSTART] step 56/150 | instance=10 | bc_loss=1.8785 | decisions=47
[TRAIN][WARMSTART] step 63/150 | instance=10 | bc_loss=1.8429 | decisions=47
[TRAIN][WARMSTART] step 70/150 | instance=1 | bc_loss=2.0711 | decisions=52
[TRAIN][WARMSTART] step 77/150 | instance=21 | bc_loss=1.9282 | decisions=49
[TRAIN][WARMSTART] step 84/150 | instance=21 | bc_loss=1.9263 | decisions=49
[TRAIN][WARMSTART] step 91/150 | instance=3 | bc_loss=1.9594 | decisions=52
[TRAIN][WARMSTART] step 98/150 | instance=5 | bc_loss=1.6705 | decisions=41
[TRAIN][WARMSTART] step 105/150 | instance=24 | bc_loss=1.7851 | decisions=44
[TRAIN][WARMSTART] step 112/150 | instance=19 | bc_loss=1.9747 | decisions=54
[TRAIN][WARMSTART] step 119/150 | instance=0 | bc_loss=1.6716 | decisions=48
[TRAIN][WARMSTART] step 126/150 | instance=0 | bc_loss=1.5752 | decisions=48
[TRAIN][WARMSTART] step 133/150 | instance=14 | bc_loss=1.3666 | decisions=42
[TRAIN][WARMSTART] step 140/150 | instance=21 | bc_loss=1.5158 | decisions=49
[TRAIN][WARMSTART] step 147/150 | instance=4 | bc_loss=1.2526 | decisions=41
[TRAIN][WARMSTART] step 150/150 | instance=13 | bc_loss=1.2832 | decisions=42
[TRAIN] Warm-start complete, switching to BOPO preference optimization.
------------------------------------------------------------
[TRAIN] BOPO agent ready. Starting training loop for 300 step(s)...
------------------------------------------------------------
[TRAIN] Step 1/300 | 20:12:54
[TRAIN] Step 1 | Loss=0.997492 | Best makespan in group=369.00
[TRAIN] Step 2/300 | 20:13:10
[TRAIN] Step 2 | Loss=2.563011 | Best makespan in group=401.00
[TRAIN] Step 3/300 | 20:13:29
[TRAIN] Step 3 | Loss=0.000254 | Best makespan in group=419.00
[TRAIN] Step 4/300 | 20:13:43
[TRAIN] Step 4 | Loss=2.513657 | Best makespan in group=402.00
[TRAIN] Step 5/300 | 20:13:57
[TRAIN] Step 5 | Loss=3.233635 | Best makespan in group=380.00
[TRAIN] Step 6/300 | 20:14:13
[TRAIN] Step 6 | Loss=0.063885 | Best makespan in group=386.00
[TRAIN] Step 7/300 | 20:14:25
[TRAIN] Step 7 | Loss=2.113203 | Best makespan in group=453.00
[TRAIN] Step 8/300 | 20:14:38
[TRAIN] Step 8 | Loss=8.305265 | Best makespan in group=505.00
[TRAIN] Step 9/300 | 20:14:57
[TRAIN] Step 9 | Loss=7.631168 | Best makespan in group=343.00
[TRAIN] Step 10/300 | 20:15:17
[TRAIN] Step 10 | Loss=0.915139 | Best makespan in group=318.00
[TRAIN] Step 11/300 | 20:15:31
[TRAIN] Step 11 | Loss=0.015943 | Best makespan in group=447.00
[TRAIN] Step 12/300 | 20:15:46
[TRAIN] Step 12 | Loss=1.336750 | Best makespan in group=494.00
[TRAIN] Step 13/300 | 20:16:08
[TRAIN] Step 13 | Loss=6.222521 | Best makespan in group=331.00
[TRAIN] Step 14/300 | 20:16:25
[TRAIN] Step 14 | Loss=1.158826 | Best makespan in group=351.00
[TRAIN] Step 15/300 | 20:16:46
[TRAIN] Step 15 | Loss=0.198731 | Best makespan in group=444.00
[TRAIN] Step 16/300 | 20:17:09
[TRAIN] Step 16 | Loss=0.147163 | Best makespan in group=478.00
[TRAIN] Step 17/300 | 20:17:29
[TRAIN] Step 17 | Loss=0.000343 | Best makespan in group=414.00
[TRAIN] Step 18/300 | 20:17:53
[TRAIN] Step 18 | Loss=2.060623 | Best makespan in group=387.00
[TRAIN] Step 19/300 | 20:18:16
[TRAIN] Step 19 | Loss=0.000034 | Best makespan in group=565.00
[TRAIN] Step 20/300 | 20:18:40
[TRAIN] Step 20 | Loss=4.788907 | Best makespan in group=417.00
[TRAIN] Step 21/300 | 20:19:07
[TRAIN] Step 21 | Loss=2.238302 | Best makespan in group=492.00
[TRAIN] Step 22/300 | 20:19:26
[TRAIN] Step 22 | Loss=0.000022 | Best makespan in group=503.00
[TRAIN] Step 23/300 | 20:19:53
[TRAIN] Step 23 | Loss=3.705788 | Best makespan in group=479.00
[TRAIN] Step 24/300 | 20:20:19
[TRAIN] Step 24 | Loss=0.003382 | Best makespan in group=317.00
[TRAIN] Step 25/300 | 20:20:39
[TRAIN] Step 25 | Loss=8.499555 | Best makespan in group=593.00
[TRAIN][VAL][ep 25] avg_gap=0.1363 | std_gap=0.0736 | q80_gap=0.2076 | n=30
[TRAIN] Validation improved | avg_gap=0.1363 | saving candidate: 899419071978039.pth
[TRAIN] Step 26/300 | 20:22:14
[TRAIN] Step 26 | Loss=8.493739 | Best makespan in group=565.00
[TRAIN] Step 27/300 | 20:22:37
[TRAIN] Step 27 | Loss=0.892903 | Best makespan in group=490.00
[TRAIN] Step 28/300 | 20:23:00
[TRAIN] Step 28 | Loss=8.472341 | Best makespan in group=353.00
[TRAIN] Step 29/300 | 20:23:20
[TRAIN] Step 29 | Loss=0.000001 | Best makespan in group=564.00
[TRAIN] Step 30/300 | 20:23:39
[TRAIN] Step 30 | Loss=1.125814 | Best makespan in group=350.00
[TRAIN] Step 31/300 | 20:23:59
[TRAIN] Step 31 | Loss=1.870121 | Best makespan in group=457.00
[TRAIN] Step 32/300 | 20:24:14
[TRAIN] Step 32 | Loss=0.005479 | Best makespan in group=466.00
[TRAIN] Step 33/300 | 20:24:39
[TRAIN] Step 33 | Loss=0.003056 | Best makespan in group=454.00
[TRAIN] Step 34/300 | 20:25:04
[TRAIN] Step 34 | Loss=7.950466 | Best makespan in group=417.00
[TRAIN] Step 35/300 | 20:25:28
[TRAIN] Step 35 | Loss=1.759196 | Best makespan in group=353.00
[TRAIN] Step 36/300 | 20:25:53
[TRAIN] Step 36 | Loss=0.435582 | Best makespan in group=317.00
[TRAIN] Step 37/300 | 20:26:09
[TRAIN] Step 37 | Loss=12.788744 | Best makespan in group=502.00
[TRAIN] Step 38/300 | 20:26:31
[TRAIN] Step 38 | Loss=3.215322 | Best makespan in group=512.00
[TRAIN] Step 39/300 | 20:26:56
[TRAIN] Step 39 | Loss=3.736257 | Best makespan in group=418.00
[TRAIN] Step 40/300 | 20:27:19
[TRAIN] Step 40 | Loss=1.918201 | Best makespan in group=414.00
[TRAIN] Step 41/300 | 20:27:35
[TRAIN] Step 41 | Loss=0.000314 | Best makespan in group=343.00
[TRAIN] Step 42/300 | 20:27:51
[TRAIN] Step 42 | Loss=0.831926 | Best makespan in group=391.00
[TRAIN] Step 43/300 | 20:28:14
[TRAIN] Step 43 | Loss=2.836374 | Best makespan in group=379.00
[TRAIN] Step 44/300 | 20:28:35
[TRAIN] Step 44 | Loss=2.339635 | Best makespan in group=380.00
[TRAIN] Step 45/300 | 20:28:56
[TRAIN] Step 45 | Loss=2.111456 | Best makespan in group=505.00
[TRAIN] Step 46/300 | 20:29:17
[TRAIN] Step 46 | Loss=0.915023 | Best makespan in group=455.00
[TRAIN] Step 47/300 | 20:29:36
[TRAIN] Step 47 | Loss=0.702956 | Best makespan in group=436.00
[TRAIN] Step 48/300 | 20:30:06
[TRAIN] Step 48 | Loss=5.503726 | Best makespan in group=388.00
[TRAIN] Step 49/300 | 20:30:21
[TRAIN] Step 49 | Loss=12.319327 | Best makespan in group=423.00
[TRAIN] Step 50/300 | 20:30:39
[TRAIN] Step 50 | Loss=0.000001 | Best makespan in group=499.00
[TRAIN][VAL][ep 50] avg_gap=0.1914 | std_gap=0.1033 | q80_gap=0.2800 | n=30
[TRAIN] Step 51/300 | 20:31:58
[TRAIN] Step 51 | Loss=6.347434 | Best makespan in group=423.00
[TRAIN] Step 52/300 | 20:32:19
[TRAIN] Step 52 | Loss=2.458676 | Best makespan in group=424.00
[TRAIN] Step 53/300 | 20:32:34
[TRAIN] Step 53 | Loss=0.712640 | Best makespan in group=491.00
[TRAIN] Step 54/300 | 20:32:52
[TRAIN] Step 54 | Loss=0.502406 | Best makespan in group=398.00
[TRAIN] Step 55/300 | 20:33:13
[TRAIN] Step 55 | Loss=0.314788 | Best makespan in group=475.00
[TRAIN] Step 56/300 | 20:33:28
[TRAIN] Step 56 | Loss=5.865798 | Best makespan in group=400.00
[TRAIN] Step 57/300 | 20:33:42
[TRAIN] Step 57 | Loss=0.012049 | Best makespan in group=385.00
[TRAIN] Step 58/300 | 20:34:01
[TRAIN] Step 58 | Loss=0.819654 | Best makespan in group=452.00
[TRAIN] Step 59/300 | 20:34:16
[TRAIN] Step 59 | Loss=5.082802 | Best makespan in group=470.00
[TRAIN] Step 60/300 | 20:34:36
[TRAIN] Step 60 | Loss=0.000418 | Best makespan in group=465.00
[TRAIN] Step 61/300 | 20:34:58
[TRAIN] Step 61 | Loss=0.005521 | Best makespan in group=429.00
[TRAIN] Step 62/300 | 20:35:19
[TRAIN] Step 62 | Loss=4.524335 | Best makespan in group=468.00
[TRAIN] Step 63/300 | 20:35:34
[TRAIN] Step 63 | Loss=0.560407 | Best makespan in group=550.00
[TRAIN] Step 64/300 | 20:35:53
[TRAIN] Step 64 | Loss=0.361640 | Best makespan in group=335.00
[TRAIN] Step 65/300 | 20:36:13
[TRAIN] Step 65 | Loss=0.023624 | Best makespan in group=334.00
[TRAIN] Step 66/300 | 20:36:27
[TRAIN] Step 66 | Loss=0.060750 | Best makespan in group=568.00
[TRAIN] Step 67/300 | 20:36:44
[TRAIN] Step 67 | Loss=0.000007 | Best makespan in group=431.00
[TRAIN] Step 68/300 | 20:37:01
[TRAIN] Step 68 | Loss=0.001172 | Best makespan in group=407.00
[TRAIN] Step 69/300 | 20:37:23
[TRAIN] Step 69 | Loss=0.000050 | Best makespan in group=479.00
[TRAIN] Step 70/300 | 20:37:43
[TRAIN] Step 70 | Loss=1.366965 | Best makespan in group=314.00
[TRAIN] Step 71/300 | 20:37:58
[TRAIN] Step 71 | Loss=0.464859 | Best makespan in group=334.00
[TRAIN] Step 72/300 | 20:38:12
[TRAIN] Step 72 | Loss=0.000414 | Best makespan in group=350.00
[TRAIN] Step 73/300 | 20:38:31
[TRAIN] Step 73 | Loss=2.020653 | Best makespan in group=507.00
[TRAIN] Step 74/300 | 20:38:52
[TRAIN] Step 74 | Loss=0.000001 | Best makespan in group=398.00
[TRAIN] Step 75/300 | 20:39:17
[TRAIN] Step 75 | Loss=1.208327 | Best makespan in group=387.00
[TRAIN][VAL][ep 75] avg_gap=0.1246 | std_gap=0.0618 | q80_gap=0.1764 | n=30
[TRAIN] Validation improved | avg_gap=0.1246 | saving candidate: 190219226631792.pth
[TRAIN] Step 76/300 | 20:40:38
[TRAIN] Step 76 | Loss=2.730816 | Best makespan in group=493.00
[TRAIN] Step 77/300 | 20:40:52
[TRAIN] Step 77 | Loss=2.355700 | Best makespan in group=365.00
[TRAIN] Step 78/300 | 20:41:11
[TRAIN] Step 78 | Loss=2.920619 | Best makespan in group=395.00
[TRAIN] Step 79/300 | 20:41:31
[TRAIN] Step 79 | Loss=0.001304 | Best makespan in group=493.00
[TRAIN] Step 80/300 | 20:41:48
[TRAIN] Step 80 | Loss=5.070570 | Best makespan in group=533.00
[TRAIN] Step 81/300 | 20:42:06
[TRAIN] Step 81 | Loss=1.755377 | Best makespan in group=569.00
[TRAIN] Step 82/300 | 20:42:22
[TRAIN] Step 82 | Loss=0.005251 | Best makespan in group=359.00
[TRAIN] Step 83/300 | 20:42:37
[TRAIN] Step 83 | Loss=2.091555 | Best makespan in group=385.00
[TRAIN] Step 84/300 | 20:42:50
[TRAIN] Step 84 | Loss=1.318075 | Best makespan in group=370.00
[TRAIN] Step 85/300 | 20:43:08
[TRAIN] Step 85 | Loss=0.321560 | Best makespan in group=478.00
[TRAIN] Step 86/300 | 20:43:28
[TRAIN] Step 86 | Loss=0.293508 | Best makespan in group=380.00
[TRAIN] Step 87/300 | 20:43:50
[TRAIN] Step 87 | Loss=0.748334 | Best makespan in group=443.00
[TRAIN] Step 88/300 | 20:44:13
[TRAIN] Step 88 | Loss=1.776838 | Best makespan in group=344.00
[TRAIN] Step 89/300 | 20:44:28
[TRAIN] Step 89 | Loss=4.218877 | Best makespan in group=377.00
[TRAIN] Step 90/300 | 20:44:44
[TRAIN] Step 90 | Loss=0.646950 | Best makespan in group=350.00
[TRAIN] Step 91/300 | 20:45:03
[TRAIN] Step 91 | Loss=2.818864 | Best makespan in group=408.00
[TRAIN] Step 92/300 | 20:45:21
[TRAIN] Step 92 | Loss=4.614684 | Best makespan in group=457.00
[TRAIN] Step 93/300 | 20:45:45
[TRAIN] Step 93 | Loss=0.790503 | Best makespan in group=493.00
[TRAIN] Step 94/300 | 20:46:06
[TRAIN] Step 94 | Loss=0.000163 | Best makespan in group=420.00
[TRAIN] Step 95/300 | 20:46:29
[TRAIN] Step 95 | Loss=0.000499 | Best makespan in group=406.00
[TRAIN] Step 96/300 | 20:46:52
[TRAIN] Step 96 | Loss=0.011361 | Best makespan in group=451.00
[TRAIN] Step 97/300 | 20:47:07
[TRAIN] Step 97 | Loss=0.654999 | Best makespan in group=372.00
[TRAIN] Step 98/300 | 20:47:27
[TRAIN] Step 98 | Loss=0.000514 | Best makespan in group=490.00
[TRAIN] Step 99/300 | 20:47:47
[TRAIN] Step 99 | Loss=0.007714 | Best makespan in group=343.00
[TRAIN] Step 100/300 | 20:48:00
[TRAIN] Step 100 | Loss=2.277879 | Best makespan in group=459.00
[TRAIN][VAL][ep 100] avg_gap=0.1245 | std_gap=0.0562 | q80_gap=0.1760 | n=30
[TRAIN] Validation improved | avg_gap=0.1245 | saving candidate: 515985276769886.pth
[TRAIN] Step 101/300 | 20:49:09
[TRAIN] Step 101 | Loss=0.768666 | Best makespan in group=454.00
[TRAIN] Step 102/300 | 20:49:24
[TRAIN] Step 102 | Loss=4.050624 | Best makespan in group=337.00
[TRAIN] Step 103/300 | 20:49:39
[TRAIN] Step 103 | Loss=1.743112 | Best makespan in group=462.00
[TRAIN] Step 104/300 | 20:50:00
[TRAIN] Step 104 | Loss=0.735758 | Best makespan in group=395.00
[TRAIN] Step 105/300 | 20:50:15
[TRAIN] Step 105 | Loss=1.614045 | Best makespan in group=388.00
[TRAIN] Step 106/300 | 20:50:34
[TRAIN] Step 106 | Loss=1.570523 | Best makespan in group=425.00
[TRAIN] Step 107/300 | 20:50:48
[TRAIN] Step 107 | Loss=1.281584 | Best makespan in group=411.00
[TRAIN] Step 108/300 | 20:51:07
[TRAIN] Step 108 | Loss=0.001792 | Best makespan in group=493.00
[TRAIN] Step 109/300 | 20:51:26
[TRAIN] Step 109 | Loss=0.000100 | Best makespan in group=343.00
[TRAIN] Step 110/300 | 20:51:37
[TRAIN] Step 110 | Loss=1.580025 | Best makespan in group=519.00
[TRAIN] Step 111/300 | 20:51:55
[TRAIN] Step 111 | Loss=0.893548 | Best makespan in group=356.00
[TRAIN] Step 112/300 | 20:52:09
[TRAIN] Step 112 | Loss=0.005915 | Best makespan in group=574.00
[TRAIN] Step 113/300 | 20:52:26
[TRAIN] Step 113 | Loss=0.000193 | Best makespan in group=472.00
[TRAIN] Step 114/300 | 20:52:40
[TRAIN] Step 114 | Loss=0.000011 | Best makespan in group=490.00
[TRAIN] Step 115/300 | 20:52:58
[TRAIN] Step 115 | Loss=0.008515 | Best makespan in group=406.00
[TRAIN] Step 116/300 | 20:53:18
[TRAIN] Step 116 | Loss=0.119970 | Best makespan in group=316.00
[TRAIN] Step 117/300 | 20:53:35
[TRAIN] Step 117 | Loss=0.140196 | Best makespan in group=358.00
[TRAIN] Step 118/300 | 20:53:52
[TRAIN] Step 118 | Loss=4.344482 | Best makespan in group=451.00
[TRAIN] Step 119/300 | 20:54:13
[TRAIN] Step 119 | Loss=1.823761 | Best makespan in group=379.00
[TRAIN] Step 120/300 | 20:54:29
[TRAIN] Step 120 | Loss=2.863797 | Best makespan in group=382.00
[TRAIN] Step 121/300 | 20:54:49
[TRAIN] Step 121 | Loss=4.033247 | Best makespan in group=485.00
[TRAIN] Step 122/300 | 20:55:08
[TRAIN] Step 122 | Loss=0.192142 | Best makespan in group=380.00
[TRAIN] Step 123/300 | 20:55:28
[TRAIN] Step 123 | Loss=0.000021 | Best makespan in group=398.00
[TRAIN] Step 124/300 | 20:55:46
[TRAIN] Step 124 | Loss=4.075201 | Best makespan in group=494.00
[TRAIN] Step 125/300 | 20:56:03
[TRAIN] Step 125 | Loss=1.284013 | Best makespan in group=423.00
[TRAIN][VAL][ep 125] avg_gap=0.1310 | std_gap=0.0656 | q80_gap=0.1832 | n=30
[TRAIN] Step 126/300 | 20:57:09
[TRAIN] Step 126 | Loss=0.013500 | Best makespan in group=381.00
[TRAIN] Step 127/300 | 20:57:22
[TRAIN] Step 127 | Loss=0.060879 | Best makespan in group=360.00
[TRAIN] Step 128/300 | 20:57:40
[TRAIN] Step 128 | Loss=0.194856 | Best makespan in group=349.00
[TRAIN] Step 129/300 | 20:57:54
[TRAIN] Step 129 | Loss=0.344957 | Best makespan in group=483.00
[TRAIN] Step 130/300 | 20:58:08
[TRAIN] Step 130 | Loss=0.744529 | Best makespan in group=491.00
[TRAIN] Step 131/300 | 20:58:31
[TRAIN] Step 131 | Loss=0.000076 | Best makespan in group=489.00
[TRAIN] Step 132/300 | 20:58:51
[TRAIN] Step 132 | Loss=5.186763 | Best makespan in group=370.00
[TRAIN] Step 133/300 | 20:59:12
[TRAIN] Step 133 | Loss=1.827304 | Best makespan in group=491.00
[TRAIN] Step 134/300 | 20:59:31
[TRAIN] Step 134 | Loss=0.014727 | Best makespan in group=406.00
[TRAIN] Step 135/300 | 20:59:54
[TRAIN] Step 135 | Loss=7.090215 | Best makespan in group=391.00
[TRAIN] Step 136/300 | 21:00:17
[TRAIN] Step 136 | Loss=0.000148 | Best makespan in group=313.00
[TRAIN] Step 137/300 | 21:00:32
[TRAIN] Step 137 | Loss=0.527413 | Best makespan in group=389.00
[TRAIN] Step 138/300 | 21:00:51
[TRAIN] Step 138 | Loss=0.001301 | Best makespan in group=420.00
[TRAIN] Step 139/300 | 21:01:14
[TRAIN] Step 139 | Loss=0.003554 | Best makespan in group=505.00
[TRAIN] Step 140/300 | 21:01:31
[TRAIN] Step 140 | Loss=0.000216 | Best makespan in group=503.00
[TRAIN] Step 141/300 | 21:01:52
[TRAIN] Step 141 | Loss=1.806937 | Best makespan in group=347.00
[TRAIN] Step 142/300 | 21:02:11
[TRAIN] Step 142 | Loss=0.102995 | Best makespan in group=553.00
[TRAIN] Step 143/300 | 21:02:28
[TRAIN] Step 143 | Loss=2.701185 | Best makespan in group=387.00
[TRAIN] Step 144/300 | 21:02:48
[TRAIN] Step 144 | Loss=6.214938 | Best makespan in group=481.00
[TRAIN] Step 145/300 | 21:03:08
[TRAIN] Step 145 | Loss=0.832250 | Best makespan in group=330.00
[TRAIN] Step 146/300 | 21:03:23
[TRAIN] Step 146 | Loss=0.000595 | Best makespan in group=425.00
[TRAIN] Step 147/300 | 21:03:39
[TRAIN] Step 147 | Loss=2.593006 | Best makespan in group=459.00
[TRAIN] Step 148/300 | 21:03:56
[TRAIN] Step 148 | Loss=0.000312 | Best makespan in group=464.00
[TRAIN] Step 149/300 | 21:04:18
[TRAIN] Step 149 | Loss=3.028904 | Best makespan in group=379.00
[TRAIN] Step 150/300 | 21:04:33
[TRAIN] Step 150 | Loss=4.381379 | Best makespan in group=451.00
[TRAIN] Refreshing training instances (step 150)...
[TRAIN][VAL][ep 150] avg_gap=0.1238 | std_gap=0.0611 | q80_gap=0.1627 | n=30
[TRAIN] Validation improved | avg_gap=0.1238 | saving candidate: 83085639284775.pth
[TRAIN] Step 151/300 | 21:05:49
[TRAIN] Step 151 | Loss=0.182633 | Best makespan in group=370.00
[TRAIN] Step 152/300 | 21:06:08
[TRAIN] Step 152 | Loss=0.006956 | Best makespan in group=569.00
[TRAIN] Step 153/300 | 21:06:27
[TRAIN] Step 153 | Loss=0.509167 | Best makespan in group=290.00
[TRAIN] Step 154/300 | 21:06:41
[TRAIN] Step 154 | Loss=0.058878 | Best makespan in group=367.00
[TRAIN] Step 155/300 | 21:06:55
[TRAIN] Step 155 | Loss=0.095172 | Best makespan in group=508.00
[TRAIN] Step 156/300 | 21:07:14
[TRAIN] Step 156 | Loss=5.634459 | Best makespan in group=409.00
[TRAIN] Step 157/300 | 21:07:37
[TRAIN] Step 157 | Loss=0.000189 | Best makespan in group=522.00
[TRAIN] Step 158/300 | 21:07:55
[TRAIN] Step 158 | Loss=0.132578 | Best makespan in group=384.00
[TRAIN] Step 159/300 | 21:08:13
[TRAIN] Step 159 | Loss=0.000119 | Best makespan in group=435.00
[TRAIN] Step 160/300 | 21:08:29
[TRAIN] Step 160 | Loss=0.000632 | Best makespan in group=389.00
[TRAIN] Step 161/300 | 21:08:45
[TRAIN] Step 161 | Loss=1.088540 | Best makespan in group=287.00
[TRAIN] Step 162/300 | 21:08:59
[TRAIN] Step 162 | Loss=0.087548 | Best makespan in group=379.00
[TRAIN] Step 163/300 | 21:09:13
[TRAIN] Step 163 | Loss=0.822773 | Best makespan in group=570.00
[TRAIN] Step 164/300 | 21:09:27
[TRAIN] Step 164 | Loss=0.004447 | Best makespan in group=309.00
[TRAIN] Step 165/300 | 21:09:40
[TRAIN] Step 165 | Loss=0.000079 | Best makespan in group=407.00
[TRAIN] Step 166/300 | 21:09:53
[TRAIN] Step 166 | Loss=0.072383 | Best makespan in group=369.00
[TRAIN] Step 167/300 | 21:10:13
[TRAIN] Step 167 | Loss=0.005462 | Best makespan in group=410.00
[TRAIN] Step 168/300 | 21:10:27
[TRAIN] Step 168 | Loss=0.959012 | Best makespan in group=321.00
[TRAIN] Step 169/300 | 21:10:44
[TRAIN] Step 169 | Loss=0.028907 | Best makespan in group=423.00
[TRAIN] Step 170/300 | 21:11:00
[TRAIN] Step 170 | Loss=0.191454 | Best makespan in group=430.00
[TRAIN] Step 171/300 | 21:11:16
[TRAIN] Step 171 | Loss=0.016130 | Best makespan in group=377.00
[TRAIN] Step 172/300 | 21:11:30
[TRAIN] Step 172 | Loss=2.156698 | Best makespan in group=438.00
[TRAIN] Step 173/300 | 21:11:49
[TRAIN] Step 173 | Loss=0.075251 | Best makespan in group=516.00
[TRAIN] Step 174/300 | 21:12:12
[TRAIN] Step 174 | Loss=0.001833 | Best makespan in group=425.00
[TRAIN] Step 175/300 | 21:12:26
[TRAIN] Step 175 | Loss=8.974203 | Best makespan in group=459.00
[TRAIN][VAL][ep 175] avg_gap=0.1284 | std_gap=0.0705 | q80_gap=0.2072 | n=30
[TRAIN] Step 176/300 | 21:13:44
[TRAIN] Step 176 | Loss=0.001889 | Best makespan in group=367.00
[TRAIN] Step 177/300 | 21:13:58
[TRAIN] Step 177 | Loss=1.737527 | Best makespan in group=610.00
[TRAIN] Step 178/300 | 21:14:12
[TRAIN] Step 178 | Loss=4.079175 | Best makespan in group=515.00
[TRAIN] Step 179/300 | 21:14:29
[TRAIN] Step 179 | Loss=0.063047 | Best makespan in group=406.00
[TRAIN] Step 180/300 | 21:14:46
[TRAIN] Step 180 | Loss=0.016688 | Best makespan in group=322.00
[TRAIN] Step 181/300 | 21:15:03
[TRAIN] Step 181 | Loss=0.033662 | Best makespan in group=566.00
[TRAIN] Step 182/300 | 21:15:22
[TRAIN] Step 182 | Loss=0.846809 | Best makespan in group=355.00
[TRAIN] Step 183/300 | 21:15:39
[TRAIN] Step 183 | Loss=2.186273 | Best makespan in group=297.00
[TRAIN] Step 184/300 | 21:15:53
[TRAIN] Step 184 | Loss=2.469072 | Best makespan in group=402.00
[TRAIN] Step 185/300 | 21:16:14
[TRAIN] Step 185 | Loss=0.321869 | Best makespan in group=437.00
[TRAIN] Step 186/300 | 21:16:25
[TRAIN] Step 186 | Loss=0.000468 | Best makespan in group=383.00
[TRAIN] Step 187/300 | 21:16:38
[TRAIN] Step 187 | Loss=0.313899 | Best makespan in group=369.00
[TRAIN] Step 188/300 | 21:16:58
[TRAIN] Step 188 | Loss=3.766142 | Best makespan in group=434.00
[TRAIN] Step 189/300 | 21:17:12
[TRAIN] Step 189 | Loss=2.992146 | Best makespan in group=523.00
[TRAIN] Step 190/300 | 21:17:33
[TRAIN] Step 190 | Loss=1.318846 | Best makespan in group=467.00
[TRAIN] Step 191/300 | 21:17:49
[TRAIN] Step 191 | Loss=0.045574 | Best makespan in group=366.00
[TRAIN] Step 192/300 | 21:18:07
[TRAIN] Step 192 | Loss=1.444350 | Best makespan in group=427.00
[TRAIN] Step 193/300 | 21:18:22
[TRAIN] Step 193 | Loss=1.021722 | Best makespan in group=289.00
[TRAIN] Step 194/300 | 21:18:37
[TRAIN] Step 194 | Loss=3.442483 | Best makespan in group=377.00
[TRAIN] Step 195/300 | 21:18:54
[TRAIN] Step 195 | Loss=0.002741 | Best makespan in group=389.00
[TRAIN] Step 196/300 | 21:19:12
[TRAIN] Step 196 | Loss=0.768420 | Best makespan in group=409.00
[TRAIN] Step 197/300 | 21:19:33
[TRAIN] Step 197 | Loss=2.159249 | Best makespan in group=389.00
[TRAIN] Step 198/300 | 21:19:56
[TRAIN] Step 198 | Loss=0.000716 | Best makespan in group=309.00
[TRAIN] Step 199/300 | 21:20:16
[TRAIN] Step 199 | Loss=0.108086 | Best makespan in group=526.00
[TRAIN] Step 200/300 | 21:20:38
[TRAIN] Step 200 | Loss=0.000728 | Best makespan in group=463.00
[TRAIN][VAL][ep 200] avg_gap=0.1287 | std_gap=0.0689 | q80_gap=0.2037 | n=30
[TRAIN] Step 201/300 | 21:21:48
[TRAIN] Step 201 | Loss=5.916124 | Best makespan in group=588.00
[TRAIN] Step 202/300 | 21:22:03
[TRAIN] Step 202 | Loss=6.123496 | Best makespan in group=358.00
[TRAIN] Step 203/300 | 21:22:23
[TRAIN] Step 203 | Loss=0.023855 | Best makespan in group=471.00
[TRAIN] Step 204/300 | 21:22:39
[TRAIN] Step 204 | Loss=0.004979 | Best makespan in group=584.00
[TRAIN] Step 205/300 | 21:23:00
[TRAIN] Step 205 | Loss=0.000138 | Best makespan in group=309.00
[TRAIN] Step 206/300 | 21:23:14
[TRAIN] Step 206 | Loss=1.732959 | Best makespan in group=377.00
[TRAIN] Step 207/300 | 21:23:29
[TRAIN] Step 207 | Loss=0.443406 | Best makespan in group=524.00
[TRAIN] Step 208/300 | 21:23:50
[TRAIN] Step 208 | Loss=0.002972 | Best makespan in group=367.00
[TRAIN] Step 209/300 | 21:24:03
[TRAIN] Step 209 | Loss=1.624688 | Best makespan in group=476.00
[TRAIN] Step 210/300 | 21:24:20
[TRAIN] Step 210 | Loss=0.008454 | Best makespan in group=389.00
[TRAIN] Step 211/300 | 21:24:36
[TRAIN] Step 211 | Loss=0.020615 | Best makespan in group=449.00
[TRAIN] Step 212/300 | 21:24:53
[TRAIN] Step 212 | Loss=6.861076 | Best makespan in group=353.00
[TRAIN] Step 213/300 | 21:25:13
[TRAIN] Step 213 | Loss=3.560132 | Best makespan in group=400.00
[TRAIN] Step 214/300 | 21:25:29
[TRAIN] Step 214 | Loss=2.299214 | Best makespan in group=406.00
[TRAIN] Step 215/300 | 21:25:43
[TRAIN] Step 215 | Loss=0.002230 | Best makespan in group=457.00
[TRAIN] Step 216/300 | 21:25:56
[TRAIN] Step 216 | Loss=1.135226 | Best makespan in group=409.00
[TRAIN] Step 217/300 | 21:26:15
[TRAIN] Step 217 | Loss=0.051398 | Best makespan in group=539.00
[TRAIN] Step 218/300 | 21:26:37
[TRAIN] Step 218 | Loss=0.457920 | Best makespan in group=425.00
[TRAIN] Step 219/300 | 21:26:53
[TRAIN] Step 219 | Loss=4.250168 | Best makespan in group=402.00
[TRAIN] Step 220/300 | 21:27:15
[TRAIN] Step 220 | Loss=0.019070 | Best makespan in group=295.00
[TRAIN] Step 221/300 | 21:27:31
[TRAIN] Step 221 | Loss=0.752789 | Best makespan in group=342.00
[TRAIN] Step 222/300 | 21:27:47
[TRAIN] Step 222 | Loss=3.130979 | Best makespan in group=278.00
[TRAIN] Step 223/300 | 21:28:00
[TRAIN] Step 223 | Loss=0.045654 | Best makespan in group=360.00
[TRAIN] Step 224/300 | 21:28:16
[TRAIN] Step 224 | Loss=0.029604 | Best makespan in group=412.00
[TRAIN] Step 225/300 | 21:28:31
[TRAIN] Step 225 | Loss=0.019153 | Best makespan in group=421.00
[TRAIN][VAL][ep 225] avg_gap=0.1267 | std_gap=0.0692 | q80_gap=0.2024 | n=30
[TRAIN] Step 226/300 | 21:29:42
[TRAIN] Step 226 | Loss=2.128508 | Best makespan in group=430.00
[TRAIN] Step 227/300 | 21:30:02
[TRAIN] Step 227 | Loss=0.001786 | Best makespan in group=366.00
[TRAIN] Step 228/300 | 21:30:24
[TRAIN] Step 228 | Loss=0.282088 | Best makespan in group=413.00
[TRAIN] Step 229/300 | 21:30:39
[TRAIN] Step 229 | Loss=2.050833 | Best makespan in group=507.00
[TRAIN] Step 230/300 | 21:30:56
[TRAIN] Step 230 | Loss=0.569088 | Best makespan in group=590.00
[TRAIN] Step 231/300 | 21:31:08
[TRAIN] Step 231 | Loss=2.923288 | Best makespan in group=389.00
[TRAIN] Step 232/300 | 21:31:22
[TRAIN] Step 232 | Loss=1.371875 | Best makespan in group=375.00
[TRAIN] Step 233/300 | 21:31:40
[TRAIN] Step 233 | Loss=0.533416 | Best makespan in group=475.00
[TRAIN] Step 234/300 | 21:31:55
[TRAIN] Step 234 | Loss=1.184002 | Best makespan in group=351.00
[TRAIN] Step 235/300 | 21:32:10
[TRAIN] Step 235 | Loss=0.379960 | Best makespan in group=427.00
[TRAIN] Step 236/300 | 21:32:25
[TRAIN] Step 236 | Loss=0.029058 | Best makespan in group=310.00
[TRAIN] Step 237/300 | 21:32:38
[TRAIN] Step 237 | Loss=3.238712 | Best makespan in group=451.00
[TRAIN] Step 238/300 | 21:32:50
[TRAIN] Step 238 | Loss=0.002117 | Best makespan in group=367.00
[TRAIN] Step 239/300 | 21:33:04
[TRAIN] Step 239 | Loss=3.294653 | Best makespan in group=524.00
[TRAIN] Step 240/300 | 21:33:23
[TRAIN] Step 240 | Loss=2.184206 | Best makespan in group=536.00
[TRAIN] Step 241/300 | 21:33:41
[TRAIN] Step 241 | Loss=4.380774 | Best makespan in group=293.00
[TRAIN] Step 242/300 | 21:33:55
[TRAIN] Step 242 | Loss=4.376172 | Best makespan in group=429.00
[TRAIN] Step 243/300 | 21:34:08
[TRAIN] Step 243 | Loss=0.648128 | Best makespan in group=408.00
[TRAIN] Step 244/300 | 21:34:19
[TRAIN] Step 244 | Loss=0.024148 | Best makespan in group=309.00
[TRAIN] Step 245/300 | 21:34:32
[TRAIN] Step 245 | Loss=0.002306 | Best makespan in group=377.00
[TRAIN] Step 246/300 | 21:34:45
[TRAIN] Step 246 | Loss=1.721151 | Best makespan in group=407.00
[TRAIN] Step 247/300 | 21:34:57
[TRAIN] Step 247 | Loss=0.006875 | Best makespan in group=463.00
[TRAIN] Step 248/300 | 21:35:12
[TRAIN] Step 248 | Loss=2.993947 | Best makespan in group=405.00
[TRAIN] Step 249/300 | 21:35:30
[TRAIN] Step 249 | Loss=0.001390 | Best makespan in group=552.00
[TRAIN] Step 250/300 | 21:35:49
[TRAIN] Step 250 | Loss=2.688700 | Best makespan in group=337.00
[TRAIN][VAL][ep 250] avg_gap=0.1234 | std_gap=0.0666 | q80_gap=0.1750 | n=30
[TRAIN] Validation improved | avg_gap=0.1234 | saving candidate: 147588830644550.pth
[TRAIN] Step 251/300 | 21:36:42
[TRAIN] Step 251 | Loss=1.421346 | Best makespan in group=408.00
[TRAIN] Step 252/300 | 21:36:55
[TRAIN] Step 252 | Loss=5.683178 | Best makespan in group=324.00
[TRAIN] Step 253/300 | 21:37:08
[TRAIN] Step 253 | Loss=2.988176 | Best makespan in group=438.00
[TRAIN] Step 254/300 | 21:37:19
[TRAIN] Step 254 | Loss=4.010014 | Best makespan in group=606.00
[TRAIN] Step 255/300 | 21:37:31
[TRAIN] Step 255 | Loss=0.010304 | Best makespan in group=432.00
[TRAIN] Step 256/300 | 21:37:45
[TRAIN] Step 256 | Loss=1.359908 | Best makespan in group=461.00
[TRAIN] Step 257/300 | 21:37:59
[TRAIN] Step 257 | Loss=3.507280 | Best makespan in group=410.00
[TRAIN] Step 258/300 | 21:38:15
[TRAIN] Step 258 | Loss=0.143403 | Best makespan in group=351.00
[TRAIN] Step 259/300 | 21:38:29
[TRAIN] Step 259 | Loss=0.640871 | Best makespan in group=404.00
[TRAIN] Step 260/300 | 21:38:40
[TRAIN] Step 260 | Loss=2.896722 | Best makespan in group=517.00
[TRAIN] Step 261/300 | 21:38:58
[TRAIN] Step 261 | Loss=5.084824 | Best makespan in group=408.00
[TRAIN] Step 262/300 | 21:39:10
[TRAIN] Step 262 | Loss=0.005912 | Best makespan in group=421.00
[TRAIN] Step 263/300 | 21:39:23
[TRAIN] Step 263 | Loss=1.626342 | Best makespan in group=377.00
[TRAIN] Step 264/300 | 21:39:34
[TRAIN] Step 264 | Loss=0.160908 | Best makespan in group=412.00
[TRAIN] Step 265/300 | 21:39:46
[TRAIN] Step 265 | Loss=1.359333 | Best makespan in group=311.00
[TRAIN] Step 266/300 | 21:39:56
[TRAIN] Step 266 | Loss=0.118671 | Best makespan in group=295.00
[TRAIN] Step 267/300 | 21:40:08
[TRAIN] Step 267 | Loss=1.677265 | Best makespan in group=440.00
[TRAIN] Step 268/300 | 21:40:19
[TRAIN] Step 268 | Loss=0.018880 | Best makespan in group=377.00
[TRAIN] Step 269/300 | 21:40:36
[TRAIN] Step 269 | Loss=6.100101 | Best makespan in group=371.00
[TRAIN] Step 270/300 | 21:40:47
[TRAIN] Step 270 | Loss=3.107486 | Best makespan in group=358.00
[TRAIN] Step 271/300 | 21:41:04
[TRAIN] Step 271 | Loss=0.281850 | Best makespan in group=531.00
[TRAIN] Step 272/300 | 21:41:23
[TRAIN] Step 272 | Loss=0.352027 | Best makespan in group=507.00
[TRAIN] Step 273/300 | 21:41:38
[TRAIN] Step 273 | Loss=0.002963 | Best makespan in group=396.00
[TRAIN] Step 274/300 | 21:41:54
[TRAIN] Step 274 | Loss=0.431054 | Best makespan in group=525.00
[TRAIN] Step 275/300 | 21:42:13
[TRAIN] Step 275 | Loss=0.020176 | Best makespan in group=309.00
[TRAIN][VAL][ep 275] avg_gap=0.1154 | std_gap=0.0654 | q80_gap=0.1667 | n=30
[TRAIN] Validation improved | avg_gap=0.1154 | saving candidate: 304395159914964.pth
[TRAIN] Step 276/300 | 21:43:07
[TRAIN] Step 276 | Loss=2.302846 | Best makespan in group=453.00
[TRAIN] Step 277/300 | 21:43:23
[TRAIN] Step 277 | Loss=0.036416 | Best makespan in group=422.00
[TRAIN] Step 278/300 | 21:43:37
[TRAIN] Step 278 | Loss=0.107585 | Best makespan in group=504.00
[TRAIN] Step 279/300 | 21:43:52
[TRAIN] Step 279 | Loss=0.638894 | Best makespan in group=377.00
[TRAIN] Step 280/300 | 21:44:07
[TRAIN] Step 280 | Loss=4.463847 | Best makespan in group=488.00
[TRAIN] Step 281/300 | 21:44:22
[TRAIN] Step 281 | Loss=0.173239 | Best makespan in group=405.00
[TRAIN] Step 282/300 | 21:44:35
[TRAIN] Step 282 | Loss=0.028869 | Best makespan in group=402.00
[TRAIN] Step 283/300 | 21:44:54
[TRAIN] Step 283 | Loss=0.016336 | Best makespan in group=295.00
[TRAIN] Step 284/300 | 21:45:09
[TRAIN] Step 284 | Loss=5.580031 | Best makespan in group=287.00
[TRAIN] Step 285/300 | 21:45:20
[TRAIN] Step 285 | Loss=1.102832 | Best makespan in group=383.00
[TRAIN] Step 286/300 | 21:45:32
[TRAIN] Step 286 | Loss=3.539863 | Best makespan in group=376.00
[TRAIN] Step 287/300 | 21:45:50
[TRAIN] Step 287 | Loss=0.002275 | Best makespan in group=367.00
[TRAIN] Step 288/300 | 21:46:02
[TRAIN] Step 288 | Loss=3.479550 | Best makespan in group=351.00
[TRAIN] Step 289/300 | 21:46:16
[TRAIN] Step 289 | Loss=0.010310 | Best makespan in group=309.00
[TRAIN] Step 290/300 | 21:46:28
[TRAIN] Step 290 | Loss=1.037960 | Best makespan in group=363.00
[TRAIN] Step 291/300 | 21:46:47
[TRAIN] Step 291 | Loss=5.786016 | Best makespan in group=531.00
[TRAIN] Step 292/300 | 21:47:04
[TRAIN] Step 292 | Loss=0.000556 | Best makespan in group=406.00
[TRAIN] Step 293/300 | 21:47:19
[TRAIN] Step 293 | Loss=0.009935 | Best makespan in group=388.00
[TRAIN] Step 294/300 | 21:47:31
[TRAIN] Step 294 | Loss=1.726483 | Best makespan in group=558.00
[TRAIN] Step 295/300 | 21:47:42
[TRAIN] Step 295 | Loss=0.020971 | Best makespan in group=531.00
[TRAIN] Step 296/300 | 21:48:01
[TRAIN] Step 296 | Loss=2.979099 | Best makespan in group=528.00
[TRAIN] Step 297/300 | 21:48:19
[TRAIN] Step 297 | Loss=0.044820 | Best makespan in group=457.00
[TRAIN] Step 298/300 | 21:48:30
[TRAIN] Step 298 | Loss=0.035216 | Best makespan in group=439.00
[TRAIN] Step 299/300 | 21:48:47
[TRAIN] Step 299 | Loss=0.605931 | Best makespan in group=395.00
[TRAIN] Step 300/300 | 21:49:02
[TRAIN] Step 300 | Loss=0.930831 | Best makespan in group=322.00
[TRAIN] Refreshing training instances (step 300)...
[TRAIN][VAL][ep 300] avg_gap=0.1179 | std_gap=0.0617 | q80_gap=0.1628 | n=30
[TRAIN] Evaluating best checkpoint (candidate_models/304395159914964.pth) on the held-out test split...
[TRAIN][TEST] avg_gap=0.1237 | std_gap=0.0721 | q80_gap=0.1875 | n=30
[TRAIN][21:50:39] Training ended. Validation history and plots updated.
=== DONE convergence_check_oo_gat in 6203.5s ===
