D:\Dissertação\dissertation-bopo_introduction\venv\Lib\site-packages\torch\jit\_script.py:1485: FutureWarning: `torch.jit.script` is not supported in Python 3.14+ and may break. Please switch to `torch.compile` or `torch.export`.
  warnings.warn(
=== START convergence_check_ojm_transformer @ 20:07:15 | lr=0.0005 ===
============================================================
[TRAIN] Training started at: 2026-09-18 20:07:15
[TRAIN] Hyperparams | max_steps=300 | new_freq=150
[TRAIN]             | n_cases=25 | B=24 | K=8 | use_greedy=True | lr=0.0005
[TRAIN]             | warm_start_steps=150
[TRAIN]             | hidden_channels=128 | num_layers=2 | heads=3
[TRAIN] Representation | ojm | GNN | transformer
[TRAIN] Problem size | jobs=[8,10] | machines=[5,10] | ops_per_job=[5,6] | max_proc=100
============================================================
[TRAIN] Output run folder: results\convergence_check_ojm_transformer
[TRAIN] Validation config | every=25 steps | instances=30 (representative subset)
[TRAIN] Warm-start (behavior cloning vs. dispatch heuristic) | 150 step(s)...
[TRAIN][WARMSTART] step 7/150 | instance=3 | bc_loss=2.0336 | decisions=53
[TRAIN][WARMSTART] step 14/150 | instance=19 | bc_loss=1.6314 | decisions=44
[TRAIN][WARMSTART] step 21/150 | instance=10 | bc_loss=1.7474 | decisions=48
[TRAIN][WARMSTART] step 28/150 | instance=17 | bc_loss=1.8123 | decisions=44
[TRAIN][WARMSTART] step 35/150 | instance=14 | bc_loss=1.7006 | decisions=51
[TRAIN][WARMSTART] step 42/150 | instance=21 | bc_loss=1.4237 | decisions=44
[TRAIN][WARMSTART] step 49/150 | instance=18 | bc_loss=1.8127 | decisions=54
[TRAIN][WARMSTART] step 56/150 | instance=8 | bc_loss=1.5377 | decisions=50
[TRAIN][WARMSTART] step 63/150 | instance=2 | bc_loss=1.3096 | decisions=55
[TRAIN][WARMSTART] step 70/150 | instance=23 | bc_loss=1.5690 | decisions=54
[TRAIN][WARMSTART] step 77/150 | instance=0 | bc_loss=1.5911 | decisions=48
[TRAIN][WARMSTART] step 84/150 | instance=4 | bc_loss=1.3827 | decisions=45
[TRAIN][WARMSTART] step 91/150 | instance=0 | bc_loss=1.5827 | decisions=48
[TRAIN][WARMSTART] step 98/150 | instance=16 | bc_loss=1.3740 | decisions=46
[TRAIN][WARMSTART] step 105/150 | instance=14 | bc_loss=1.6274 | decisions=51
[TRAIN][WARMSTART] step 112/150 | instance=10 | bc_loss=1.5768 | decisions=48
[TRAIN][WARMSTART] step 119/150 | instance=0 | bc_loss=1.4507 | decisions=48
[TRAIN][WARMSTART] step 126/150 | instance=14 | bc_loss=1.4540 | decisions=51
[TRAIN][WARMSTART] step 133/150 | instance=9 | bc_loss=1.3557 | decisions=50
[TRAIN][WARMSTART] step 140/150 | instance=0 | bc_loss=1.3781 | decisions=48
[TRAIN][WARMSTART] step 147/150 | instance=24 | bc_loss=1.4109 | decisions=42
[TRAIN][WARMSTART] step 150/150 | instance=11 | bc_loss=1.3481 | decisions=40
[TRAIN] Warm-start complete, switching to BOPO preference optimization.
------------------------------------------------------------
[TRAIN] BOPO agent ready. Starting training loop for 300 step(s)...
------------------------------------------------------------
[TRAIN] Step 1/300 | 20:24:55
[TRAIN] Step 1 | Loss=0.192486 | Best makespan in group=321.00
[TRAIN] Step 2/300 | 20:25:51
[TRAIN] Step 2 | Loss=9.599588 | Best makespan in group=372.00
[TRAIN] Step 3/300 | 20:26:40
[TRAIN] Step 3 | Loss=4.739771 | Best makespan in group=391.00
[TRAIN] Step 4/300 | 20:27:35
[TRAIN] Step 4 | Loss=3.641179 | Best makespan in group=396.00
[TRAIN] Step 5/300 | 20:28:35
[TRAIN] Step 5 | Loss=7.858116 | Best makespan in group=359.00
[TRAIN] Step 6/300 | 20:29:24
[TRAIN] Step 6 | Loss=2.330425 | Best makespan in group=499.00
[TRAIN] Step 7/300 | 20:30:36
[TRAIN] Step 7 | Loss=0.771945 | Best makespan in group=470.00
[TRAIN] Step 8/300 | 20:31:24
[TRAIN] Step 8 | Loss=3.901777 | Best makespan in group=485.00
[TRAIN] Step 9/300 | 20:32:08
[TRAIN] Step 9 | Loss=4.172544 | Best makespan in group=476.00
[TRAIN] Step 10/300 | 20:32:48
[TRAIN] Step 10 | Loss=0.933248 | Best makespan in group=654.00
[TRAIN] Step 11/300 | 20:33:35
[TRAIN] Step 11 | Loss=5.798203 | Best makespan in group=396.00
[TRAIN] Step 12/300 | 20:34:22
[TRAIN] Step 12 | Loss=2.766765 | Best makespan in group=640.00
[TRAIN] Step 13/300 | 20:35:06
[TRAIN] Step 13 | Loss=8.728614 | Best makespan in group=472.00
[TRAIN] Step 14/300 | 20:36:04
[TRAIN] Step 14 | Loss=3.503099 | Best makespan in group=548.00
[TRAIN] Step 15/300 | 20:36:46
[TRAIN] Step 15 | Loss=3.611465 | Best makespan in group=379.00
[TRAIN] Step 16/300 | 20:37:33
[TRAIN] Step 16 | Loss=13.341101 | Best makespan in group=428.00
[TRAIN] Step 17/300 | 20:38:25
[TRAIN] Step 17 | Loss=4.962244 | Best makespan in group=401.00
[TRAIN] Step 18/300 | 20:39:10
[TRAIN] Step 18 | Loss=8.983259 | Best makespan in group=410.00
[TRAIN] Step 19/300 | 20:40:17
[TRAIN] Step 19 | Loss=-0.000000 | Best makespan in group=512.00
[TRAIN] Step 20/300 | 20:41:12
[TRAIN] Step 20 | Loss=1.335155 | Best makespan in group=388.00
[TRAIN] Step 21/300 | 20:42:03
[TRAIN] Step 21 | Loss=5.308900 | Best makespan in group=700.00
[TRAIN] Step 22/300 | 20:42:58
[TRAIN] Step 22 | Loss=-0.000000 | Best makespan in group=378.00
[TRAIN] Step 23/300 | 20:44:13
[TRAIN] Step 23 | Loss=-0.000000 | Best makespan in group=290.00
[TRAIN] Step 24/300 | 20:45:05
[TRAIN] Step 24 | Loss=-0.000000 | Best makespan in group=376.00
[TRAIN] Step 25/300 | 20:46:10
[TRAIN] Step 25 | Loss=-0.000000 | Best makespan in group=585.00
[TRAIN][VAL][ep 25] avg_gap=0.2703 | std_gap=0.0905 | q80_gap=0.3454 | n=30
[TRAIN] Validation improved | avg_gap=0.2703 | saving candidate: 777471344370706.pth
[TRAIN] Step 26/300 | 20:50:24
[TRAIN] Step 26 | Loss=6.464239 | Best makespan in group=404.00
[TRAIN] Step 27/300 | 20:51:00
[TRAIN] Step 27 | Loss=-0.000000 | Best makespan in group=411.00
[TRAIN] Step 28/300 | 20:52:02
[TRAIN] Step 28 | Loss=-0.000000 | Best makespan in group=542.00
[TRAIN] Step 29/300 | 20:52:40
[TRAIN] Step 29 | Loss=3.574649 | Best makespan in group=283.00
[TRAIN] Step 30/300 | 20:53:27
[TRAIN] Step 30 | Loss=-0.000000 | Best makespan in group=359.00
[TRAIN] Step 31/300 | 20:54:22
[TRAIN] Step 31 | Loss=3.419704 | Best makespan in group=429.00
[TRAIN] Step 32/300 | 20:55:15
[TRAIN] Step 32 | Loss=-0.000000 | Best makespan in group=326.00
[TRAIN] Step 33/300 | 20:55:59
[TRAIN] Step 33 | Loss=0.077302 | Best makespan in group=419.00
[TRAIN] Step 34/300 | 20:56:41
[TRAIN] Step 34 | Loss=-0.000000 | Best makespan in group=681.00
[TRAIN] Step 35/300 | 20:57:37
[TRAIN] Step 35 | Loss=-0.000000 | Best makespan in group=443.00
[TRAIN] Step 36/300 | 20:58:20
[TRAIN] Step 36 | Loss=-0.000000 | Best makespan in group=650.00
[TRAIN] Step 37/300 | 20:59:14
[TRAIN] Step 37 | Loss=-0.000000 | Best makespan in group=418.00
[TRAIN] Step 38/300 | 21:00:23
[TRAIN] Step 38 | Loss=-0.000000 | Best makespan in group=528.00
[TRAIN] Step 39/300 | 21:01:16
[TRAIN] Step 39 | Loss=-0.000000 | Best makespan in group=359.00
[TRAIN] Step 40/300 | 21:02:23
[TRAIN] Step 40 | Loss=-0.000000 | Best makespan in group=353.00
[TRAIN] Step 41/300 | 21:03:05
[TRAIN] Step 41 | Loss=5.007027 | Best makespan in group=402.00
[TRAIN] Step 42/300 | 21:03:56
[TRAIN] Step 42 | Loss=-0.000000 | Best makespan in group=271.00
[TRAIN] Step 43/300 | 21:04:46
[TRAIN] Step 43 | Loss=-0.000000 | Best makespan in group=344.00
[TRAIN] Step 44/300 | 21:05:59
[TRAIN] Step 44 | Loss=-0.000000 | Best makespan in group=368.00
[TRAIN] Step 45/300 | 21:07:03
[TRAIN] Step 45 | Loss=-0.000000 | Best makespan in group=427.00
[TRAIN] Step 46/300 | 21:08:03
[TRAIN] Step 46 | Loss=-0.000000 | Best makespan in group=451.00
[TRAIN] Step 47/300 | 21:08:38
[TRAIN] Step 47 | Loss=-0.000000 | Best makespan in group=546.00
[TRAIN] Step 48/300 | 21:09:30
[TRAIN] Step 48 | Loss=-0.000000 | Best makespan in group=596.00
[TRAIN] Step 49/300 | 21:10:14
[TRAIN] Step 49 | Loss=-0.000000 | Best makespan in group=361.00
[TRAIN] Step 50/300 | 21:11:02
[TRAIN] Step 50 | Loss=0.440429 | Best makespan in group=402.00
[TRAIN][VAL][ep 50] avg_gap=0.1425 | std_gap=0.0710 | q80_gap=0.1726 | n=30
[TRAIN] Validation improved | avg_gap=0.1425 | saving candidate: 415202648822117.pth
[TRAIN] Step 51/300 | 21:15:22
[TRAIN] Step 51 | Loss=0.446531 | Best makespan in group=368.00
[TRAIN] Step 52/300 | 21:16:09
[TRAIN] Step 52 | Loss=-0.000000 | Best makespan in group=616.00
[TRAIN] Step 53/300 | 21:16:59
[TRAIN] Step 53 | Loss=-0.000000 | Best makespan in group=273.00
[TRAIN] Step 54/300 | 21:17:48
[TRAIN] Step 54 | Loss=0.000000 | Best makespan in group=397.00
[TRAIN] Step 55/300 | 21:18:28
[TRAIN] Step 55 | Loss=-0.000000 | Best makespan in group=439.00
[TRAIN] Step 56/300 | 21:19:33
[TRAIN] Step 56 | Loss=-0.000000 | Best makespan in group=508.00
[TRAIN] Step 57/300 | 21:20:25
[TRAIN] Step 57 | Loss=0.244847 | Best makespan in group=406.00
[TRAIN] Step 58/300 | 21:21:19
[TRAIN] Step 58 | Loss=0.000002 | Best makespan in group=341.00
[TRAIN] Step 59/300 | 21:22:09
[TRAIN] Step 59 | Loss=0.000000 | Best makespan in group=488.00
[TRAIN] Step 60/300 | 21:22:47
[TRAIN] Step 60 | Loss=1.215976 | Best makespan in group=353.00
[TRAIN] Step 61/300 | 21:23:38
[TRAIN] Step 61 | Loss=-0.000000 | Best makespan in group=396.00
[TRAIN] Step 62/300 | 21:24:40
[TRAIN] Step 62 | Loss=-0.000000 | Best makespan in group=368.00
[TRAIN] Step 63/300 | 21:25:21
[TRAIN] Step 63 | Loss=0.540634 | Best makespan in group=285.00
[TRAIN] Step 64/300 | 21:26:08
[TRAIN] Step 64 | Loss=-0.000000 | Best makespan in group=417.00
[TRAIN] Step 65/300 | 21:26:57
[TRAIN] Step 65 | Loss=0.124016 | Best makespan in group=477.00
[TRAIN] Step 66/300 | 21:27:57
[TRAIN] Step 66 | Loss=-0.000000 | Best makespan in group=511.00
[TRAIN] Step 67/300 | 21:28:51
[TRAIN] Step 67 | Loss=-0.000000 | Best makespan in group=595.00
[TRAIN] Step 68/300 | 21:29:34
[TRAIN] Step 68 | Loss=-0.000000 | Best makespan in group=360.00
[TRAIN] Step 69/300 | 21:30:39
[TRAIN] Step 69 | Loss=-0.000000 | Best makespan in group=337.00
[TRAIN] Step 70/300 | 21:31:43
[TRAIN] Step 70 | Loss=0.283261 | Best makespan in group=454.00
[TRAIN] Step 71/300 | 21:32:22
[TRAIN] Step 71 | Loss=-0.000000 | Best makespan in group=348.00
[TRAIN] Step 72/300 | 21:33:05
[TRAIN] Step 72 | Loss=-0.000000 | Best makespan in group=372.00
[TRAIN] Step 73/300 | 21:34:07
[TRAIN] Step 73 | Loss=-0.000000 | Best makespan in group=453.00
[TRAIN] Step 74/300 | 21:34:42
[TRAIN] Step 74 | Loss=-0.000000 | Best makespan in group=370.00
[TRAIN] Step 75/300 | 21:35:28
[TRAIN] Step 75 | Loss=-0.000000 | Best makespan in group=651.00
[TRAIN][VAL][ep 75] avg_gap=0.1360 | std_gap=0.0478 | q80_gap=0.1657 | n=30
[TRAIN] Validation improved | avg_gap=0.1360 | saving candidate: 168701009848244.pth
[TRAIN] Step 76/300 | 21:38:54
[TRAIN] Step 76 | Loss=-0.000000 | Best makespan in group=655.00
[TRAIN] Step 77/300 | 21:39:42
[TRAIN] Step 77 | Loss=0.002658 | Best makespan in group=417.00
[TRAIN] Step 78/300 | 21:40:18
[TRAIN] Step 78 | Loss=-0.000000 | Best makespan in group=331.00
[TRAIN] Step 79/300 | 21:41:20
[TRAIN] Step 79 | Loss=-0.000000 | Best makespan in group=535.00
[TRAIN] Step 80/300 | 21:42:04
[TRAIN] Step 80 | Loss=0.004039 | Best makespan in group=539.00
[TRAIN] Step 81/300 | 21:42:37
[TRAIN] Step 81 | Loss=0.002176 | Best makespan in group=444.00
[TRAIN] Step 82/300 | 21:43:14
[TRAIN] Step 82 | Loss=-0.000000 | Best makespan in group=533.00
[TRAIN] Step 83/300 | 21:44:08
[TRAIN] Step 83 | Loss=-0.000000 | Best makespan in group=383.00
[TRAIN] Step 84/300 | 21:45:08
[TRAIN] Step 84 | Loss=-0.000000 | Best makespan in group=399.00
[TRAIN] Step 85/300 | 21:45:54
[TRAIN] Step 85 | Loss=0.019588 | Best makespan in group=283.00
[TRAIN] Step 86/300 | 21:46:38
[TRAIN] Step 86 | Loss=-0.000000 | Best makespan in group=363.00
[TRAIN] Step 87/300 | 21:47:25
[TRAIN] Step 87 | Loss=-0.000000 | Best makespan in group=634.00
[TRAIN] Step 88/300 | 21:48:07
[TRAIN] Step 88 | Loss=-0.000000 | Best makespan in group=597.00
[TRAIN] Step 89/300 | 21:48:53
[TRAIN] Step 89 | Loss=0.814606 | Best makespan in group=351.00
[TRAIN] Step 90/300 | 21:49:34
[TRAIN] Step 90 | Loss=-0.000000 | Best makespan in group=451.00
[TRAIN] Step 91/300 | 21:50:04
[TRAIN] Step 91 | Loss=1.987678 | Best makespan in group=365.00
[TRAIN] Step 92/300 | 21:50:50
[TRAIN] Step 92 | Loss=0.665455 | Best makespan in group=292.00
[TRAIN] Step 93/300 | 21:51:30
[TRAIN] Step 93 | Loss=-0.000000 | Best makespan in group=392.00
[TRAIN] Step 94/300 | 21:52:17
[TRAIN] Step 94 | Loss=-0.000000 | Best makespan in group=438.00
[TRAIN] Step 95/300 | 21:53:00
[TRAIN] Step 95 | Loss=3.660040 | Best makespan in group=398.00
[TRAIN] Step 96/300 | 21:53:51
[TRAIN] Step 96 | Loss=0.310471 | Best makespan in group=367.00
[TRAIN] Step 97/300 | 21:54:24
[TRAIN] Step 97 | Loss=-0.000000 | Best makespan in group=367.00
[TRAIN] Step 98/300 | 21:55:11
[TRAIN] Step 98 | Loss=1.116874 | Best makespan in group=392.00
[TRAIN] Step 99/300 | 21:55:42
[TRAIN] Step 99 | Loss=-0.000000 | Best makespan in group=356.00
[TRAIN] Step 100/300 | 21:56:14
[TRAIN] Step 100 | Loss=0.000004 | Best makespan in group=352.00
[TRAIN][VAL][ep 100] avg_gap=0.1561 | std_gap=0.0767 | q80_gap=0.2196 | n=30
[TRAIN] Step 101/300 | 21:58:51
[TRAIN] Step 101 | Loss=0.000001 | Best makespan in group=289.00
[TRAIN] Step 102/300 | 21:59:25
[TRAIN] Step 102 | Loss=-0.000000 | Best makespan in group=603.00
[TRAIN] Step 103/300 | 22:00:01
[TRAIN] Step 103 | Loss=-0.000000 | Best makespan in group=353.00
[TRAIN] Step 104/300 | 22:00:39
[TRAIN] Step 104 | Loss=0.114770 | Best makespan in group=362.00
[TRAIN] Step 105/300 | 22:01:16
[TRAIN] Step 105 | Loss=-0.000000 | Best makespan in group=379.00
[TRAIN] Step 106/300 | 22:02:04
[TRAIN] Step 106 | Loss=-0.000000 | Best makespan in group=388.00
[TRAIN] Step 107/300 | 22:02:52
[TRAIN] Step 107 | Loss=-0.000000 | Best makespan in group=478.00
[TRAIN] Step 108/300 | 22:03:36
[TRAIN] Step 108 | Loss=-0.000000 | Best makespan in group=433.00
[TRAIN] Step 109/300 | 22:04:08
[TRAIN] Step 109 | Loss=3.497067 | Best makespan in group=305.00
[TRAIN] Step 110/300 | 22:04:45
[TRAIN] Step 110 | Loss=-0.000000 | Best makespan in group=508.00
[TRAIN] Step 111/300 | 22:05:19
[TRAIN] Step 111 | Loss=2.815483 | Best makespan in group=391.00
[TRAIN] Step 112/300 | 22:05:47
[TRAIN] Step 112 | Loss=0.169256 | Best makespan in group=376.00
[TRAIN] Step 113/300 | 22:06:29
[TRAIN] Step 113 | Loss=-0.000000 | Best makespan in group=461.00
[TRAIN] Step 114/300 | 22:07:10
[TRAIN] Step 114 | Loss=0.927376 | Best makespan in group=433.00
[TRAIN] Step 115/300 | 22:07:38
[TRAIN] Step 115 | Loss=-0.000000 | Best makespan in group=636.00
[TRAIN] Step 116/300 | 22:08:08
[TRAIN] Step 116 | Loss=0.705332 | Best makespan in group=699.00
[TRAIN] Step 117/300 | 22:08:43
[TRAIN] Step 117 | Loss=0.000010 | Best makespan in group=377.00
[TRAIN] Step 118/300 | 22:09:13
[TRAIN] Step 118 | Loss=1.260882 | Best makespan in group=354.00
[TRAIN] Step 119/300 | 22:09:39
[TRAIN] Step 119 | Loss=-0.000000 | Best makespan in group=535.00
[TRAIN] Step 120/300 | 22:10:02
[TRAIN] Step 120 | Loss=0.036036 | Best makespan in group=378.00
[TRAIN] Step 121/300 | 22:10:28
[TRAIN] Step 121 | Loss=0.000002 | Best makespan in group=374.00
[TRAIN] Step 122/300 | 22:10:57
[TRAIN] Step 122 | Loss=0.652705 | Best makespan in group=409.00
[TRAIN] Step 123/300 | 22:11:29
[TRAIN] Step 123 | Loss=0.040727 | Best makespan in group=493.00
[TRAIN] Step 124/300 | 22:11:52
[TRAIN] Step 124 | Loss=0.000567 | Best makespan in group=363.00
[TRAIN] Step 125/300 | 22:12:36
[TRAIN] Step 125 | Loss=0.227648 | Best makespan in group=563.00
[TRAIN][VAL][ep 125] avg_gap=0.2863 | std_gap=0.1263 | q80_gap=0.3930 | n=30
[TRAIN] Step 126/300 | 22:14:58
[TRAIN] Step 126 | Loss=0.600366 | Best makespan in group=440.00
[TRAIN] Step 127/300 | 22:15:25
[TRAIN] Step 127 | Loss=0.002173 | Best makespan in group=554.00
[TRAIN] Step 128/300 | 22:15:48
[TRAIN] Step 128 | Loss=1.324417 | Best makespan in group=582.00
[TRAIN] Step 129/300 | 22:16:16
[TRAIN] Step 129 | Loss=4.161417 | Best makespan in group=409.00
[TRAIN] Step 130/300 | 22:16:58
[TRAIN] Step 130 | Loss=2.605969 | Best makespan in group=361.00
[TRAIN] Step 131/300 | 22:17:23
[TRAIN] Step 131 | Loss=1.512300 | Best makespan in group=495.00
[TRAIN] Step 132/300 | 22:17:47
[TRAIN] Step 132 | Loss=0.014139 | Best makespan in group=448.00
[TRAIN] Step 133/300 | 22:18:24
[TRAIN] Step 133 | Loss=0.000667 | Best makespan in group=364.00
[TRAIN] Step 134/300 | 22:18:53
[TRAIN] Step 134 | Loss=0.000002 | Best makespan in group=448.00
[TRAIN] Step 135/300 | 22:19:28
[TRAIN] Step 135 | Loss=-0.000000 | Best makespan in group=368.00
[TRAIN] Step 136/300 | 22:19:56
[TRAIN] Step 136 | Loss=1.146130 | Best makespan in group=749.00
[TRAIN] Step 137/300 | 22:20:29
[TRAIN] Step 137 | Loss=1.676689 | Best makespan in group=405.00
[TRAIN] Step 138/300 | 22:20:55
[TRAIN] Step 138 | Loss=0.345494 | Best makespan in group=479.00
[TRAIN] Step 139/300 | 22:21:20
[TRAIN] Step 139 | Loss=0.000010 | Best makespan in group=285.00
[TRAIN] Step 140/300 | 22:21:50
[TRAIN] Step 140 | Loss=-0.000000 | Best makespan in group=392.00
[TRAIN] Step 141/300 | 22:22:34
[TRAIN] Step 141 | Loss=0.642626 | Best makespan in group=665.00
[TRAIN] Step 142/300 | 22:23:01
[TRAIN] Step 142 | Loss=-0.000000 | Best makespan in group=373.00
[TRAIN] Step 143/300 | 22:23:36
[TRAIN] Step 143 | Loss=0.183336 | Best makespan in group=406.00
[TRAIN] Step 144/300 | 22:24:05
[TRAIN] Step 144 | Loss=0.000000 | Best makespan in group=388.00
[TRAIN] Step 145/300 | 22:24:31
[TRAIN] Step 145 | Loss=-0.000000 | Best makespan in group=411.00
[TRAIN] Step 146/300 | 22:25:00
[TRAIN] Step 146 | Loss=0.271114 | Best makespan in group=321.00
[TRAIN] Step 147/300 | 22:25:27
[TRAIN] Step 147 | Loss=0.534220 | Best makespan in group=682.00
[TRAIN] Step 148/300 | 22:25:49
[TRAIN] Step 148 | Loss=0.984848 | Best makespan in group=359.00
[TRAIN] Step 149/300 | 22:26:17
[TRAIN] Step 149 | Loss=0.394533 | Best makespan in group=397.00
[TRAIN] Step 150/300 | 22:26:51
[TRAIN] Step 150 | Loss=-0.000000 | Best makespan in group=513.00
[TRAIN] Refreshing training instances (step 150)...
[TRAIN][VAL][ep 150] avg_gap=0.1785 | std_gap=0.1101 | q80_gap=0.2925 | n=30
[TRAIN] Step 151/300 | 22:28:51
[TRAIN] Step 151 | Loss=-0.000000 | Best makespan in group=416.00
[TRAIN] Step 152/300 | 22:29:26
[TRAIN] Step 152 | Loss=-0.000000 | Best makespan in group=417.00
[TRAIN] Step 153/300 | 22:30:10
[TRAIN] Step 153 | Loss=0.558245 | Best makespan in group=441.00
[TRAIN] Step 154/300 | 22:30:46
[TRAIN] Step 154 | Loss=0.051383 | Best makespan in group=336.00
[TRAIN] Step 155/300 | 22:31:15
[TRAIN] Step 155 | Loss=-0.000000 | Best makespan in group=447.00
[TRAIN] Step 156/300 | 22:31:37
[TRAIN] Step 156 | Loss=0.787670 | Best makespan in group=377.00
[TRAIN] Step 157/300 | 22:32:16
[TRAIN] Step 157 | Loss=-0.000000 | Best makespan in group=584.00
[TRAIN] Step 158/300 | 22:32:48
[TRAIN] Step 158 | Loss=-0.000000 | Best makespan in group=503.00
[TRAIN] Step 159/300 | 22:33:17
[TRAIN] Step 159 | Loss=-0.000000 | Best makespan in group=430.00
[TRAIN] Step 160/300 | 22:33:48
[TRAIN] Step 160 | Loss=-0.000000 | Best makespan in group=376.00
[TRAIN] Step 161/300 | 22:34:21
[TRAIN] Step 161 | Loss=-0.000000 | Best makespan in group=519.00
[TRAIN] Step 162/300 | 22:34:51
[TRAIN] Step 162 | Loss=-0.000000 | Best makespan in group=353.00
[TRAIN] Step 163/300 | 22:35:19
[TRAIN] Step 163 | Loss=-0.000000 | Best makespan in group=483.00
[TRAIN] Step 164/300 | 22:35:50
[TRAIN] Step 164 | Loss=0.000002 | Best makespan in group=317.00
[TRAIN] Step 165/300 | 22:36:12
[TRAIN] Step 165 | Loss=1.178484 | Best makespan in group=350.00
[TRAIN] Step 166/300 | 22:36:32
[TRAIN] Step 166 | Loss=-0.000000 | Best makespan in group=453.00
[TRAIN] Step 167/300 | 22:37:02
[TRAIN] Step 167 | Loss=-0.000000 | Best makespan in group=504.00
[TRAIN] Step 168/300 | 22:37:27
[TRAIN] Step 168 | Loss=0.000000 | Best makespan in group=446.00
[TRAIN] Step 169/300 | 22:37:55
[TRAIN] Step 169 | Loss=-0.000000 | Best makespan in group=440.00
[TRAIN] Step 170/300 | 22:38:24
[TRAIN] Step 170 | Loss=-0.000000 | Best makespan in group=310.00
[TRAIN] Step 171/300 | 22:38:44
[TRAIN] Step 171 | Loss=0.000000 | Best makespan in group=417.00
[TRAIN] Step 172/300 | 22:39:06
[TRAIN] Step 172 | Loss=-0.000000 | Best makespan in group=352.00
[TRAIN] Step 173/300 | 22:39:36
[TRAIN] Step 173 | Loss=0.000000 | Best makespan in group=376.00
[TRAIN] Step 174/300 | 22:39:56
[TRAIN] Step 174 | Loss=-0.000000 | Best makespan in group=517.00
[TRAIN] Step 175/300 | 22:40:14
[TRAIN] Step 175 | Loss=1.628153 | Best makespan in group=450.00
[TRAIN][VAL][ep 175] avg_gap=0.1531 | std_gap=0.0930 | q80_gap=0.2107 | n=30
[TRAIN] Step 176/300 | 22:41:51
[TRAIN] Step 176 | Loss=-0.000000 | Best makespan in group=498.00
[TRAIN] Step 177/300 | 22:42:15
[TRAIN] Step 177 | Loss=-0.000000 | Best makespan in group=347.00
[TRAIN] Step 178/300 | 22:42:39
[TRAIN] Step 178 | Loss=-0.000000 | Best makespan in group=374.00
[TRAIN] Step 179/300 | 22:43:09
[TRAIN] Step 179 | Loss=-0.000000 | Best makespan in group=471.00
[TRAIN] Step 180/300 | 22:43:35
[TRAIN] Step 180 | Loss=-0.000000 | Best makespan in group=310.00
[TRAIN] Step 181/300 | 22:43:56
[TRAIN] Step 181 | Loss=-0.000000 | Best makespan in group=472.00
[TRAIN] Step 182/300 | 22:44:22
[TRAIN] Step 182 | Loss=-0.000000 | Best makespan in group=447.00
[TRAIN] Step 183/300 | 22:44:39
[TRAIN] Step 183 | Loss=-0.000000 | Best makespan in group=510.00
[TRAIN] Step 184/300 | 22:45:05
[TRAIN] Step 184 | Loss=0.000000 | Best makespan in group=447.00
[TRAIN] Step 185/300 | 22:45:34
[TRAIN] Step 185 | Loss=-0.000000 | Best makespan in group=399.00
[TRAIN] Step 186/300 | 22:46:06
[TRAIN] Step 186 | Loss=-0.000000 | Best makespan in group=429.00
[TRAIN] Step 187/300 | 22:46:33
[TRAIN] Step 187 | Loss=0.000000 | Best makespan in group=411.00
[TRAIN] Step 188/300 | 22:46:53
[TRAIN] Step 188 | Loss=0.000000 | Best makespan in group=309.00
[TRAIN] Step 189/300 | 22:47:13
[TRAIN] Step 189 | Loss=-0.000000 | Best makespan in group=482.00
[TRAIN] Step 190/300 | 22:47:36
[TRAIN] Step 190 | Loss=-0.000000 | Best makespan in group=436.00
[TRAIN] Step 191/300 | 22:48:04
[TRAIN] Step 191 | Loss=0.000020 | Best makespan in group=352.00
[TRAIN] Step 192/300 | 22:48:23
[TRAIN] Step 192 | Loss=-0.000000 | Best makespan in group=384.00
[TRAIN] Step 193/300 | 22:48:53
[TRAIN] Step 193 | Loss=-0.000000 | Best makespan in group=352.00
[TRAIN] Step 194/300 | 22:49:23
[TRAIN] Step 194 | Loss=-0.000000 | Best makespan in group=429.00
[TRAIN] Step 195/300 | 22:49:53
[TRAIN] Step 195 | Loss=-0.000000 | Best makespan in group=468.00
[TRAIN] Step 196/300 | 22:50:19
[TRAIN] Step 196 | Loss=-0.000000 | Best makespan in group=558.00
[TRAIN] Step 197/300 | 22:50:34
[TRAIN] Step 197 | Loss=0.000001 | Best makespan in group=371.00
[TRAIN] Step 198/300 | 22:50:51
[TRAIN] Step 198 | Loss=2.706376 | Best makespan in group=444.00
[TRAIN] Step 199/300 | 22:51:17
[TRAIN] Step 199 | Loss=0.006639 | Best makespan in group=454.00
[TRAIN] Step 200/300 | 22:51:38
[TRAIN] Step 200 | Loss=0.000000 | Best makespan in group=310.00
[TRAIN][VAL][ep 200] avg_gap=0.1447 | std_gap=0.0752 | q80_gap=0.1761 | n=30
[TRAIN] Step 201/300 | 22:53:00
[TRAIN] Step 201 | Loss=-0.000000 | Best makespan in group=513.00
[TRAIN] Step 202/300 | 22:53:19
[TRAIN] Step 202 | Loss=0.000002 | Best makespan in group=410.00
[TRAIN] Step 203/300 | 22:53:35
[TRAIN] Step 203 | Loss=0.000011 | Best makespan in group=387.00
[TRAIN] Step 204/300 | 22:53:59
[TRAIN] Step 204 | Loss=0.467612 | Best makespan in group=305.00
[TRAIN] Step 205/300 | 22:54:15
[TRAIN] Step 205 | Loss=-0.000000 | Best makespan in group=434.00
[TRAIN] Step 206/300 | 22:54:37
[TRAIN] Step 206 | Loss=-0.000000 | Best makespan in group=499.00
[TRAIN] Step 207/300 | 22:54:57
[TRAIN] Step 207 | Loss=0.000050 | Best makespan in group=377.00
[TRAIN] Step 208/300 | 22:55:18
[TRAIN] Step 208 | Loss=-0.000000 | Best makespan in group=414.00
[TRAIN] Step 209/300 | 22:55:39
[TRAIN] Step 209 | Loss=-0.000000 | Best makespan in group=299.00
[TRAIN] Step 210/300 | 22:55:54
[TRAIN] Step 210 | Loss=0.816762 | Best makespan in group=407.00
[TRAIN] Step 211/300 | 22:56:10
[TRAIN] Step 211 | Loss=0.000000 | Best makespan in group=451.00
[TRAIN] Step 212/300 | 22:56:23
[TRAIN] Step 212 | Loss=-0.000000 | Best makespan in group=535.00
[TRAIN] Step 213/300 | 22:56:36
[TRAIN] Step 213 | Loss=0.000000 | Best makespan in group=443.00
[TRAIN] Step 214/300 | 22:56:58
[TRAIN] Step 214 | Loss=-0.000000 | Best makespan in group=522.00
[TRAIN] Step 215/300 | 22:57:16
[TRAIN] Step 215 | Loss=-0.000000 | Best makespan in group=461.00
[TRAIN] Step 216/300 | 22:57:36
[TRAIN] Step 216 | Loss=-0.000000 | Best makespan in group=361.00
[TRAIN] Step 217/300 | 22:57:55
[TRAIN] Step 217 | Loss=-0.000000 | Best makespan in group=522.00
[TRAIN] Step 218/300 | 22:58:14
[TRAIN] Step 218 | Loss=0.000001 | Best makespan in group=425.00
[TRAIN] Step 219/300 | 22:58:33
[TRAIN] Step 219 | Loss=-0.000000 | Best makespan in group=355.00
[TRAIN] Step 220/300 | 22:58:56
[TRAIN] Step 220 | Loss=0.000000 | Best makespan in group=452.00
[TRAIN] Step 221/300 | 22:59:18
[TRAIN] Step 221 | Loss=0.000002 | Best makespan in group=298.00
[TRAIN] Step 222/300 | 22:59:37
[TRAIN] Step 222 | Loss=-0.000000 | Best makespan in group=372.00
[TRAIN] Step 223/300 | 22:59:59
[TRAIN] Step 223 | Loss=0.000002 | Best makespan in group=418.00
[TRAIN] Step 224/300 | 23:00:18
[TRAIN] Step 224 | Loss=-0.000000 | Best makespan in group=410.00
[TRAIN] Step 225/300 | 23:00:45
[TRAIN] Step 225 | Loss=0.000122 | Best makespan in group=342.00
[TRAIN][VAL][ep 225] avg_gap=0.1329 | std_gap=0.0676 | q80_gap=0.1773 | n=30
[TRAIN] Validation improved | avg_gap=0.1329 | saving candidate: 617125035435322.pth
[TRAIN] Step 226/300 | 23:01:54
[TRAIN] Step 226 | Loss=0.000232 | Best makespan in group=382.00
[TRAIN] Step 227/300 | 23:02:18
[TRAIN] Step 227 | Loss=-0.000000 | Best makespan in group=524.00
[TRAIN] Step 228/300 | 23:02:37
[TRAIN] Step 228 | Loss=-0.000000 | Best makespan in group=410.00
[TRAIN] Step 229/300 | 23:03:02
[TRAIN] Step 229 | Loss=-0.000000 | Best makespan in group=311.00
[TRAIN] Step 230/300 | 23:03:16
[TRAIN] Step 230 | Loss=0.000006 | Best makespan in group=342.00
[TRAIN] Step 231/300 | 23:03:31
[TRAIN] Step 231 | Loss=-0.000000 | Best makespan in group=449.00
[TRAIN] Step 232/300 | 23:03:44
[TRAIN] Step 232 | Loss=-0.000000 | Best makespan in group=418.00
[TRAIN] Step 233/300 | 23:04:03
[TRAIN] Step 233 | Loss=-0.000000 | Best makespan in group=461.00
[TRAIN] Step 234/300 | 23:04:22
[TRAIN] Step 234 | Loss=-0.000000 | Best makespan in group=341.00
[TRAIN] Step 235/300 | 23:04:44
[TRAIN] Step 235 | Loss=-0.000000 | Best makespan in group=433.00
[TRAIN] Step 236/300 | 23:05:06
[TRAIN] Step 236 | Loss=-0.000000 | Best makespan in group=299.00
[TRAIN] Step 237/300 | 23:05:22
[TRAIN] Step 237 | Loss=-0.000000 | Best makespan in group=444.00
[TRAIN] Step 238/300 | 23:05:45
[TRAIN] Step 238 | Loss=0.000006 | Best makespan in group=370.00
[TRAIN] Step 239/300 | 23:06:00
[TRAIN] Step 239 | Loss=-0.000000 | Best makespan in group=508.00
[TRAIN] Step 240/300 | 23:06:18
[TRAIN] Step 240 | Loss=0.000001 | Best makespan in group=361.00
[TRAIN] Step 241/300 | 23:06:38
[TRAIN] Step 241 | Loss=0.000068 | Best makespan in group=417.00
[TRAIN] Step 242/300 | 23:06:54
[TRAIN] Step 242 | Loss=0.000000 | Best makespan in group=435.00
[TRAIN] Step 243/300 | 23:07:14
[TRAIN] Step 243 | Loss=-0.000000 | Best makespan in group=535.00
[TRAIN] Step 244/300 | 23:07:27
[TRAIN] Step 244 | Loss=0.000000 | Best makespan in group=372.00
[TRAIN] Step 245/300 | 23:07:49
[TRAIN] Step 245 | Loss=-0.000000 | Best makespan in group=418.00
[TRAIN] Step 246/300 | 23:08:11
[TRAIN] Step 246 | Loss=-0.000000 | Best makespan in group=453.00
[TRAIN] Step 247/300 | 23:08:34
[TRAIN] Step 247 | Loss=-0.000000 | Best makespan in group=524.00
[TRAIN] Step 248/300 | 23:08:52
[TRAIN] Step 248 | Loss=-0.000000 | Best makespan in group=383.00
[TRAIN] Step 249/300 | 23:09:14
[TRAIN] Step 249 | Loss=-0.000000 | Best makespan in group=472.00
[TRAIN] Step 250/300 | 23:09:33
[TRAIN] Step 250 | Loss=-0.000000 | Best makespan in group=298.00
[TRAIN][VAL][ep 250] avg_gap=0.1306 | std_gap=0.0602 | q80_gap=0.1656 | n=30
[TRAIN] Validation improved | avg_gap=0.1306 | saving candidate: 784773375782302.pth
[TRAIN] Step 251/300 | 23:10:44
[TRAIN] Step 251 | Loss=-0.000000 | Best makespan in group=299.00
[TRAIN] Step 252/300 | 23:10:59
[TRAIN] Step 252 | Loss=0.000000 | Best makespan in group=508.00
[TRAIN] Step 253/300 | 23:11:17
[TRAIN] Step 253 | Loss=-0.000000 | Best makespan in group=472.00
[TRAIN] Step 254/300 | 23:11:38
[TRAIN] Step 254 | Loss=-0.000000 | Best makespan in group=524.00
[TRAIN] Step 255/300 | 23:11:58
[TRAIN] Step 255 | Loss=-0.000000 | Best makespan in group=449.00
[TRAIN] Step 256/300 | 23:12:11
[TRAIN] Step 256 | Loss=0.000016 | Best makespan in group=417.00
[TRAIN] Step 257/300 | 23:12:27
[TRAIN] Step 257 | Loss=-0.000000 | Best makespan in group=535.00
[TRAIN] Step 258/300 | 23:12:40
[TRAIN] Step 258 | Loss=0.000000 | Best makespan in group=298.00
[TRAIN] Step 259/300 | 23:12:59
[TRAIN] Step 259 | Loss=0.000005 | Best makespan in group=386.00
[TRAIN] Step 260/300 | 23:13:24
[TRAIN] Step 260 | Loss=0.000012 | Best makespan in group=342.00
[TRAIN] Step 261/300 | 23:13:39
[TRAIN] Step 261 | Loss=-0.000000 | Best makespan in group=418.00
[TRAIN] Step 262/300 | 23:14:01
[TRAIN] Step 262 | Loss=-0.000000 | Best makespan in group=311.00
[TRAIN] Step 263/300 | 23:14:16
[TRAIN] Step 263 | Loss=0.000000 | Best makespan in group=418.00
[TRAIN] Step 264/300 | 23:14:36
[TRAIN] Step 264 | Loss=-0.000000 | Best makespan in group=410.00
[TRAIN] Step 265/300 | 23:15:02
[TRAIN] Step 265 | Loss=-0.000000 | Best makespan in group=341.00
[TRAIN] Step 266/300 | 23:15:24
[TRAIN] Step 266 | Loss=-0.000000 | Best makespan in group=461.00
[TRAIN] Step 267/300 | 23:15:43
[TRAIN] Step 267 | Loss=-0.000000 | Best makespan in group=372.00
[TRAIN] Step 268/300 | 23:16:06
[TRAIN] Step 268 | Loss=-0.000000 | Best makespan in group=444.00
[TRAIN] Step 269/300 | 23:16:29
[TRAIN] Step 269 | Loss=0.707699 | Best makespan in group=382.00
[TRAIN] Step 270/300 | 23:16:44
[TRAIN] Step 270 | Loss=-0.000000 | Best makespan in group=383.00
[TRAIN] Step 271/300 | 23:17:07
[TRAIN] Step 271 | Loss=0.000000 | Best makespan in group=479.00
[TRAIN] Step 272/300 | 23:17:29
[TRAIN] Step 272 | Loss=-0.000000 | Best makespan in group=488.00
[TRAIN] Step 273/300 | 23:17:46
[TRAIN] Step 273 | Loss=-0.000000 | Best makespan in group=433.00
[TRAIN] Step 274/300 | 23:18:07
[TRAIN] Step 274 | Loss=-0.000000 | Best makespan in group=435.00
[TRAIN] Step 275/300 | 23:18:26
[TRAIN] Step 275 | Loss=-0.000000 | Best makespan in group=346.00
[TRAIN][VAL][ep 275] avg_gap=0.1368 | std_gap=0.0633 | q80_gap=0.1855 | n=30
[TRAIN] Step 276/300 | 23:19:30
[TRAIN] Step 276 | Loss=-0.000000 | Best makespan in group=423.00
[TRAIN] Step 277/300 | 23:19:49
[TRAIN] Step 277 | Loss=-0.000000 | Best makespan in group=382.00
[TRAIN] Step 278/300 | 23:20:10
[TRAIN] Step 278 | Loss=0.000000 | Best makespan in group=346.00
[TRAIN] Step 279/300 | 23:20:27
[TRAIN] Step 279 | Loss=0.010831 | Best makespan in group=301.00
[TRAIN] Step 280/300 | 23:20:40
[TRAIN] Step 280 | Loss=-0.000000 | Best makespan in group=434.00
[TRAIN] Step 281/300 | 23:20:57
[TRAIN] Step 281 | Loss=-0.000000 | Best makespan in group=498.00
[TRAIN] Step 282/300 | 23:21:12
[TRAIN] Step 282 | Loss=-0.000000 | Best makespan in group=440.00
[TRAIN] Step 283/300 | 23:21:31
[TRAIN] Step 283 | Loss=-0.000000 | Best makespan in group=443.00
[TRAIN] Step 284/300 | 23:21:51
[TRAIN] Step 284 | Loss=-0.000000 | Best makespan in group=528.00
[TRAIN] Step 285/300 | 23:22:08
[TRAIN] Step 285 | Loss=0.000019 | Best makespan in group=301.00
[TRAIN] Step 286/300 | 23:22:23
[TRAIN] Step 286 | Loss=-0.000000 | Best makespan in group=372.00
[TRAIN] Step 287/300 | 23:22:42
[TRAIN] Step 287 | Loss=-0.000000 | Best makespan in group=445.00
[TRAIN] Step 288/300 | 23:22:58
[TRAIN] Step 288 | Loss=0.000013 | Best makespan in group=328.00
[TRAIN] Step 289/300 | 23:23:11
[TRAIN] Step 289 | Loss=0.000000 | Best makespan in group=383.00
[TRAIN] Step 290/300 | 23:23:30
[TRAIN] Step 290 | Loss=0.000163 | Best makespan in group=372.00
[TRAIN] Step 291/300 | 23:23:43
[TRAIN] Step 291 | Loss=0.000001 | Best makespan in group=413.00
[TRAIN] Step 292/300 | 23:23:57
[TRAIN] Step 292 | Loss=-0.000000 | Best makespan in group=427.00
[TRAIN] Step 293/300 | 23:24:13
[TRAIN] Step 293 | Loss=-0.000000 | Best makespan in group=516.00
[TRAIN] Step 294/300 | 23:24:28
[TRAIN] Step 294 | Loss=-0.000000 | Best makespan in group=442.00
[TRAIN] Step 295/300 | 23:24:45
[TRAIN] Step 295 | Loss=0.000007 | Best makespan in group=304.00
[TRAIN] Step 296/300 | 23:24:58
[TRAIN] Step 296 | Loss=0.000000 | Best makespan in group=453.00
[TRAIN] Step 297/300 | 23:25:18
[TRAIN] Step 297 | Loss=-0.000000 | Best makespan in group=350.00
[TRAIN] Step 298/300 | 23:25:37
[TRAIN] Step 298 | Loss=-0.000000 | Best makespan in group=398.00
[TRAIN] Step 299/300 | 23:26:00
[TRAIN] Step 299 | Loss=-0.000000 | Best makespan in group=534.00
[TRAIN] Step 300/300 | 23:26:11
[TRAIN] Step 300 | Loss=0.000003 | Best makespan in group=432.00
[TRAIN] Refreshing training instances (step 300)...
[TRAIN][VAL][ep 300] avg_gap=0.1329 | std_gap=0.0526 | q80_gap=0.1812 | n=30
[TRAIN] Evaluating best checkpoint (candidate_models/784773375782302.pth) on the held-out test split...
[TRAIN][TEST] avg_gap=0.1349 | std_gap=0.0635 | q80_gap=0.1627 | n=30
[TRAIN][23:27:57] Training ended. Validation history and plots updated.
=== DONE convergence_check_ojm_transformer in 12041.7s ===
