D:\Dissertação\dissertation-bopo_introduction\venv\Lib\site-packages\torch\jit\_script.py:1485: FutureWarning: `torch.jit.script` is not supported in Python 3.14+ and may break. Please switch to `torch.compile` or `torch.export`.
  warnings.warn(
=== START convergence_check_om_gat @ 20:07:15 | lr=0.0005 ===
============================================================
[TRAIN] Training started at: 2026-09-18 20:07:15
[TRAIN] Hyperparams | max_steps=300 | new_freq=150
[TRAIN]             | n_cases=25 | B=24 | K=8 | use_greedy=True | lr=0.0005
[TRAIN]             | warm_start_steps=150
[TRAIN]             | hidden_channels=128 | num_layers=2 | heads=3
[TRAIN] Representation | om | GNN | gat
[TRAIN] Problem size | jobs=[8,10] | machines=[5,10] | ops_per_job=[5,6] | max_proc=100
============================================================
[TRAIN] Output run folder: results\convergence_check_om_gat
[TRAIN] Validation config | every=25 steps | instances=30 (representative subset)
[TRAIN] Warm-start (behavior cloning vs. dispatch heuristic) | 150 step(s)...
[TRAIN][WARMSTART] step 7/150 | instance=20 | bc_loss=2.3713 | decisions=56
[TRAIN][WARMSTART] step 14/150 | instance=10 | bc_loss=2.4632 | decisions=55
[TRAIN][WARMSTART] step 21/150 | instance=11 | bc_loss=2.1911 | decisions=43
[TRAIN][WARMSTART] step 28/150 | instance=17 | bc_loss=2.2316 | decisions=45
[TRAIN][WARMSTART] step 35/150 | instance=4 | bc_loss=2.0633 | decisions=41
[TRAIN][WARMSTART] step 42/150 | instance=23 | bc_loss=2.1906 | decisions=44
[TRAIN][WARMSTART] step 49/150 | instance=20 | bc_loss=2.2710 | decisions=56
[TRAIN][WARMSTART] step 56/150 | instance=23 | bc_loss=2.1341 | decisions=44
[TRAIN][WARMSTART] step 63/150 | instance=4 | bc_loss=2.0196 | decisions=41
[TRAIN][WARMSTART] step 70/150 | instance=5 | bc_loss=2.2502 | decisions=47
[TRAIN][WARMSTART] step 77/150 | instance=10 | bc_loss=2.1245 | decisions=55
[TRAIN][WARMSTART] step 84/150 | instance=5 | bc_loss=2.1756 | decisions=47
[TRAIN][WARMSTART] step 91/150 | instance=8 | bc_loss=2.0303 | decisions=50
[TRAIN][WARMSTART] step 98/150 | instance=17 | bc_loss=1.8810 | decisions=45
[TRAIN][WARMSTART] step 105/150 | instance=17 | bc_loss=1.8367 | decisions=45
[TRAIN][WARMSTART] step 112/150 | instance=6 | bc_loss=1.6771 | decisions=49
[TRAIN][WARMSTART] step 119/150 | instance=8 | bc_loss=1.8782 | decisions=50
[TRAIN][WARMSTART] step 126/150 | instance=10 | bc_loss=1.7550 | decisions=55
[TRAIN][WARMSTART] step 133/150 | instance=14 | bc_loss=1.7351 | decisions=52
[TRAIN][WARMSTART] step 140/150 | instance=10 | bc_loss=1.6199 | decisions=55
[TRAIN][WARMSTART] step 147/150 | instance=18 | bc_loss=1.7406 | decisions=50
[TRAIN][WARMSTART] step 150/150 | instance=10 | bc_loss=1.5920 | decisions=55
[TRAIN] Warm-start complete, switching to BOPO preference optimization.
------------------------------------------------------------
[TRAIN] BOPO agent ready. Starting training loop for 300 step(s)...
------------------------------------------------------------
[TRAIN] Step 1/300 | 20:15:11
[TRAIN] Step 1 | Loss=10.620914 | Best makespan in group=495.00
[TRAIN] Step 2/300 | 20:15:36
[TRAIN] Step 2 | Loss=3.130189 | Best makespan in group=552.00
[TRAIN] Step 3/300 | 20:16:06
[TRAIN] Step 3 | Loss=3.986205 | Best makespan in group=574.00
[TRAIN] Step 4/300 | 20:16:41
[TRAIN] Step 4 | Loss=5.733367 | Best makespan in group=768.00
[TRAIN] Step 5/300 | 20:17:03
[TRAIN] Step 5 | Loss=12.541826 | Best makespan in group=353.00
[TRAIN] Step 6/300 | 20:17:24
[TRAIN] Step 6 | Loss=4.972314 | Best makespan in group=408.00
[TRAIN] Step 7/300 | 20:17:46
[TRAIN] Step 7 | Loss=13.065011 | Best makespan in group=448.00
[TRAIN] Step 8/300 | 20:18:13
[TRAIN] Step 8 | Loss=2.302275 | Best makespan in group=393.00
[TRAIN] Step 9/300 | 20:18:35
[TRAIN] Step 9 | Loss=9.706993 | Best makespan in group=421.00
[TRAIN] Step 10/300 | 20:19:00
[TRAIN] Step 10 | Loss=4.542669 | Best makespan in group=424.00
[TRAIN] Step 11/300 | 20:19:29
[TRAIN] Step 11 | Loss=15.643075 | Best makespan in group=668.00
[TRAIN] Step 12/300 | 20:19:56
[TRAIN] Step 12 | Loss=13.410228 | Best makespan in group=688.00
[TRAIN] Step 13/300 | 20:20:28
[TRAIN] Step 13 | Loss=8.669107 | Best makespan in group=566.00
[TRAIN] Step 14/300 | 20:21:00
[TRAIN] Step 14 | Loss=1.862901 | Best makespan in group=483.00
[TRAIN] Step 15/300 | 20:21:36
[TRAIN] Step 15 | Loss=2.100524 | Best makespan in group=629.00
[TRAIN] Step 16/300 | 20:22:00
[TRAIN] Step 16 | Loss=10.680899 | Best makespan in group=521.00
[TRAIN] Step 17/300 | 20:22:30
[TRAIN] Step 17 | Loss=2.340323 | Best makespan in group=529.00
[TRAIN] Step 18/300 | 20:22:56
[TRAIN] Step 18 | Loss=3.961449 | Best makespan in group=353.00
[TRAIN] Step 19/300 | 20:23:31
[TRAIN] Step 19 | Loss=2.141839 | Best makespan in group=476.00
[TRAIN] Step 20/300 | 20:24:07
[TRAIN] Step 20 | Loss=8.766227 | Best makespan in group=473.00
[TRAIN] Step 21/300 | 20:24:30
[TRAIN] Step 21 | Loss=4.014436 | Best makespan in group=356.00
[TRAIN] Step 22/300 | 20:24:54
[TRAIN] Step 22 | Loss=2.141696 | Best makespan in group=417.00
[TRAIN] Step 23/300 | 20:25:19
[TRAIN] Step 23 | Loss=2.401096 | Best makespan in group=342.00
[TRAIN] Step 24/300 | 20:25:51
[TRAIN] Step 24 | Loss=12.914411 | Best makespan in group=372.00
[TRAIN] Step 25/300 | 20:26:27
[TRAIN] Step 25 | Loss=0.135559 | Best makespan in group=477.00
[TRAIN][VAL][ep 25] avg_gap=0.2674 | std_gap=0.1359 | q80_gap=0.3420 | n=30
[TRAIN] Validation improved | avg_gap=0.2674 | saving candidate: 51978412355173.pth
[TRAIN] Step 26/300 | 20:28:40
[TRAIN] Step 26 | Loss=1.684013 | Best makespan in group=355.00
[TRAIN] Step 27/300 | 20:29:00
[TRAIN] Step 27 | Loss=4.940834 | Best makespan in group=362.00
[TRAIN] Step 28/300 | 20:29:26
[TRAIN] Step 28 | Loss=7.095096 | Best makespan in group=479.00
[TRAIN] Step 29/300 | 20:30:12
[TRAIN] Step 29 | Loss=0.000033 | Best makespan in group=394.00
[TRAIN] Step 30/300 | 20:30:40
[TRAIN] Step 30 | Loss=13.205622 | Best makespan in group=522.00
[TRAIN] Step 31/300 | 20:31:19
[TRAIN] Step 31 | Loss=2.261484 | Best makespan in group=373.00
[TRAIN] Step 32/300 | 20:31:43
[TRAIN] Step 32 | Loss=0.001580 | Best makespan in group=387.00
[TRAIN] Step 33/300 | 20:32:06
[TRAIN] Step 33 | Loss=4.171188 | Best makespan in group=357.00
[TRAIN] Step 34/300 | 20:32:44
[TRAIN] Step 34 | Loss=3.787361 | Best makespan in group=658.00
[TRAIN] Step 35/300 | 20:33:15
[TRAIN] Step 35 | Loss=0.000000 | Best makespan in group=513.00
[TRAIN] Step 36/300 | 20:33:49
[TRAIN] Step 36 | Loss=5.630116 | Best makespan in group=453.00
[TRAIN] Step 37/300 | 20:34:18
[TRAIN] Step 37 | Loss=0.000308 | Best makespan in group=545.00
[TRAIN] Step 38/300 | 20:34:50
[TRAIN] Step 38 | Loss=3.813334 | Best makespan in group=472.00
[TRAIN] Step 39/300 | 20:35:29
[TRAIN] Step 39 | Loss=0.035087 | Best makespan in group=683.00
[TRAIN] Step 40/300 | 20:35:56
[TRAIN] Step 40 | Loss=0.000000 | Best makespan in group=481.00
[TRAIN] Step 41/300 | 20:36:20
[TRAIN] Step 41 | Loss=10.431643 | Best makespan in group=359.00
[TRAIN] Step 42/300 | 20:36:54
[TRAIN] Step 42 | Loss=0.061013 | Best makespan in group=494.00
[TRAIN] Step 43/300 | 20:37:29
[TRAIN] Step 43 | Loss=7.545596 | Best makespan in group=634.00
[TRAIN] Step 44/300 | 20:38:03
[TRAIN] Step 44 | Loss=10.218657 | Best makespan in group=364.00
[TRAIN] Step 45/300 | 20:38:36
[TRAIN] Step 45 | Loss=3.816280 | Best makespan in group=423.00
[TRAIN] Step 46/300 | 20:39:05
[TRAIN] Step 46 | Loss=0.611369 | Best makespan in group=458.00
[TRAIN] Step 47/300 | 20:39:37
[TRAIN] Step 47 | Loss=-0.000000 | Best makespan in group=458.00
[TRAIN] Step 48/300 | 20:40:06
[TRAIN] Step 48 | Loss=-0.000000 | Best makespan in group=334.00
[TRAIN] Step 49/300 | 20:40:34
[TRAIN] Step 49 | Loss=6.201566 | Best makespan in group=592.00
[TRAIN] Step 50/300 | 20:41:03
[TRAIN] Step 50 | Loss=8.439754 | Best makespan in group=397.00
[TRAIN][VAL][ep 50] avg_gap=0.2667 | std_gap=0.2031 | q80_gap=0.4113 | n=30
[TRAIN] Validation improved | avg_gap=0.2667 | saving candidate: 309912446254770.pth
[TRAIN] Step 51/300 | 20:43:06
[TRAIN] Step 51 | Loss=0.932356 | Best makespan in group=447.00
[TRAIN] Step 52/300 | 20:43:38
[TRAIN] Step 52 | Loss=3.353486 | Best makespan in group=648.00
[TRAIN] Step 53/300 | 20:44:10
[TRAIN] Step 53 | Loss=5.261598 | Best makespan in group=365.00
[TRAIN] Step 54/300 | 20:44:36
[TRAIN] Step 54 | Loss=8.974498 | Best makespan in group=653.00
[TRAIN] Step 55/300 | 20:45:11
[TRAIN] Step 55 | Loss=1.474388 | Best makespan in group=361.00
[TRAIN] Step 56/300 | 20:45:37
[TRAIN] Step 56 | Loss=-0.000000 | Best makespan in group=342.00
[TRAIN] Step 57/300 | 20:46:11
[TRAIN] Step 57 | Loss=-0.000000 | Best makespan in group=473.00
[TRAIN] Step 58/300 | 20:46:46
[TRAIN] Step 58 | Loss=3.651572 | Best makespan in group=561.00
[TRAIN] Step 59/300 | 20:47:19
[TRAIN] Step 59 | Loss=-0.000000 | Best makespan in group=482.00
[TRAIN] Step 60/300 | 20:47:52
[TRAIN] Step 60 | Loss=0.012554 | Best makespan in group=477.00
[TRAIN] Step 61/300 | 20:48:31
[TRAIN] Step 61 | Loss=8.742099 | Best makespan in group=460.00
[TRAIN] Step 62/300 | 20:48:57
[TRAIN] Step 62 | Loss=12.563950 | Best makespan in group=610.00
[TRAIN] Step 63/300 | 20:49:23
[TRAIN] Step 63 | Loss=-0.000000 | Best makespan in group=594.00
[TRAIN] Step 64/300 | 20:49:48
[TRAIN] Step 64 | Loss=5.746535 | Best makespan in group=349.00
[TRAIN] Step 65/300 | 20:50:22
[TRAIN] Step 65 | Loss=3.739537 | Best makespan in group=424.00
[TRAIN] Step 66/300 | 20:50:45
[TRAIN] Step 66 | Loss=2.905591 | Best makespan in group=466.00
[TRAIN] Step 67/300 | 20:51:19
[TRAIN] Step 67 | Loss=2.125299 | Best makespan in group=489.00
[TRAIN] Step 68/300 | 20:51:40
[TRAIN] Step 68 | Loss=0.000795 | Best makespan in group=345.00
[TRAIN] Step 69/300 | 20:52:06
[TRAIN] Step 69 | Loss=0.097568 | Best makespan in group=369.00
[TRAIN] Step 70/300 | 20:52:28
[TRAIN] Step 70 | Loss=-0.000000 | Best makespan in group=373.00
[TRAIN] Step 71/300 | 20:52:59
[TRAIN] Step 71 | Loss=0.676477 | Best makespan in group=505.00
[TRAIN] Step 72/300 | 20:53:32
[TRAIN] Step 72 | Loss=0.376466 | Best makespan in group=393.00
[TRAIN] Step 73/300 | 20:53:59
[TRAIN] Step 73 | Loss=0.005926 | Best makespan in group=336.00
[TRAIN] Step 74/300 | 20:54:21
[TRAIN] Step 74 | Loss=-0.000000 | Best makespan in group=378.00
[TRAIN] Step 75/300 | 20:54:45
[TRAIN] Step 75 | Loss=6.533196 | Best makespan in group=473.00
[TRAIN][VAL][ep 75] avg_gap=0.2253 | std_gap=0.1360 | q80_gap=0.2574 | n=30
[TRAIN] Validation improved | avg_gap=0.2253 | saving candidate: 410415224454714.pth
[TRAIN] Step 76/300 | 20:56:46
[TRAIN] Step 76 | Loss=1.956880 | Best makespan in group=482.00
[TRAIN] Step 77/300 | 20:57:20
[TRAIN] Step 77 | Loss=1.078392 | Best makespan in group=485.00
[TRAIN] Step 78/300 | 20:57:55
[TRAIN] Step 78 | Loss=7.309734 | Best makespan in group=388.00
[TRAIN] Step 79/300 | 20:58:18
[TRAIN] Step 79 | Loss=2.714379 | Best makespan in group=469.00
[TRAIN] Step 80/300 | 20:58:53
[TRAIN] Step 80 | Loss=3.596114 | Best makespan in group=436.00
[TRAIN] Step 81/300 | 20:59:24
[TRAIN] Step 81 | Loss=-0.000000 | Best makespan in group=475.00
[TRAIN] Step 82/300 | 20:59:52
[TRAIN] Step 82 | Loss=6.717153 | Best makespan in group=338.00
[TRAIN] Step 83/300 | 21:00:29
[TRAIN] Step 83 | Loss=0.000217 | Best makespan in group=598.00
[TRAIN] Step 84/300 | 21:00:55
[TRAIN] Step 84 | Loss=0.068940 | Best makespan in group=346.00
[TRAIN] Step 85/300 | 21:01:31
[TRAIN] Step 85 | Loss=0.000007 | Best makespan in group=451.00
[TRAIN] Step 86/300 | 21:02:09
[TRAIN] Step 86 | Loss=0.909857 | Best makespan in group=484.00
[TRAIN] Step 87/300 | 21:02:42
[TRAIN] Step 87 | Loss=6.498146 | Best makespan in group=414.00
[TRAIN] Step 88/300 | 21:03:11
[TRAIN] Step 88 | Loss=-0.000000 | Best makespan in group=646.00
[TRAIN] Step 89/300 | 21:03:46
[TRAIN] Step 89 | Loss=5.026618 | Best makespan in group=364.00
[TRAIN] Step 90/300 | 21:04:14
[TRAIN] Step 90 | Loss=1.810316 | Best makespan in group=457.00
[TRAIN] Step 91/300 | 21:04:44
[TRAIN] Step 91 | Loss=8.648645 | Best makespan in group=350.00
[TRAIN] Step 92/300 | 21:05:09
[TRAIN] Step 92 | Loss=1.750659 | Best makespan in group=434.00
[TRAIN] Step 93/300 | 21:05:34
[TRAIN] Step 93 | Loss=2.124645 | Best makespan in group=507.00
[TRAIN] Step 94/300 | 21:06:09
[TRAIN] Step 94 | Loss=4.000179 | Best makespan in group=331.00
[TRAIN] Step 95/300 | 21:06:38
[TRAIN] Step 95 | Loss=6.414406 | Best makespan in group=462.00
[TRAIN] Step 96/300 | 21:07:07
[TRAIN] Step 96 | Loss=0.027694 | Best makespan in group=343.00
[TRAIN] Step 97/300 | 21:07:40
[TRAIN] Step 97 | Loss=0.142087 | Best makespan in group=655.00
[TRAIN] Step 98/300 | 21:08:05
[TRAIN] Step 98 | Loss=3.299588 | Best makespan in group=603.00
[TRAIN] Step 99/300 | 21:08:29
[TRAIN] Step 99 | Loss=0.000124 | Best makespan in group=333.00
[TRAIN] Step 100/300 | 21:08:48
[TRAIN] Step 100 | Loss=0.000000 | Best makespan in group=361.00
[TRAIN][VAL][ep 100] avg_gap=0.2039 | std_gap=0.1153 | q80_gap=0.2632 | n=30
[TRAIN] Validation improved | avg_gap=0.2039 | saving candidate: 411594188293723.pth
[TRAIN] Step 101/300 | 21:10:40
[TRAIN] Step 101 | Loss=1.021438 | Best makespan in group=506.00
[TRAIN] Step 102/300 | 21:11:14
[TRAIN] Step 102 | Loss=2.836722 | Best makespan in group=577.00
[TRAIN] Step 103/300 | 21:11:41
[TRAIN] Step 103 | Loss=0.667375 | Best makespan in group=598.00
[TRAIN] Step 104/300 | 21:12:08
[TRAIN] Step 104 | Loss=-0.000000 | Best makespan in group=472.00
[TRAIN] Step 105/300 | 21:12:41
[TRAIN] Step 105 | Loss=0.305659 | Best makespan in group=463.00
[TRAIN] Step 106/300 | 21:13:09
[TRAIN] Step 106 | Loss=0.000064 | Best makespan in group=473.00
[TRAIN] Step 107/300 | 21:13:33
[TRAIN] Step 107 | Loss=4.350558 | Best makespan in group=378.00
[TRAIN] Step 108/300 | 21:14:07
[TRAIN] Step 108 | Loss=0.000000 | Best makespan in group=399.00
[TRAIN] Step 109/300 | 21:14:34
[TRAIN] Step 109 | Loss=-0.000000 | Best makespan in group=616.00
[TRAIN] Step 110/300 | 21:15:04
[TRAIN] Step 110 | Loss=0.011149 | Best makespan in group=511.00
[TRAIN] Step 111/300 | 21:15:34
[TRAIN] Step 111 | Loss=0.001046 | Best makespan in group=356.00
[TRAIN] Step 112/300 | 21:15:58
[TRAIN] Step 112 | Loss=0.267535 | Best makespan in group=325.00
[TRAIN] Step 113/300 | 21:16:18
[TRAIN] Step 113 | Loss=0.025247 | Best makespan in group=479.00
[TRAIN] Step 114/300 | 21:16:56
[TRAIN] Step 114 | Loss=1.055631 | Best makespan in group=402.00
[TRAIN] Step 115/300 | 21:17:18
[TRAIN] Step 115 | Loss=1.248675 | Best makespan in group=373.00
[TRAIN] Step 116/300 | 21:17:50
[TRAIN] Step 116 | Loss=6.569263 | Best makespan in group=371.00
[TRAIN] Step 117/300 | 21:18:15
[TRAIN] Step 117 | Loss=12.415720 | Best makespan in group=436.00
[TRAIN] Step 118/300 | 21:18:44
[TRAIN] Step 118 | Loss=-0.000000 | Best makespan in group=387.00
[TRAIN] Step 119/300 | 21:19:10
[TRAIN] Step 119 | Loss=0.254404 | Best makespan in group=345.00
[TRAIN] Step 120/300 | 21:19:53
[TRAIN] Step 120 | Loss=1.397165 | Best makespan in group=330.00
[TRAIN] Step 121/300 | 21:20:26
[TRAIN] Step 121 | Loss=-0.000000 | Best makespan in group=469.00
[TRAIN] Step 122/300 | 21:21:04
[TRAIN] Step 122 | Loss=0.900517 | Best makespan in group=473.00
[TRAIN] Step 123/300 | 21:21:40
[TRAIN] Step 123 | Loss=0.527144 | Best makespan in group=349.00
[TRAIN] Step 124/300 | 21:22:04
[TRAIN] Step 124 | Loss=0.000001 | Best makespan in group=472.00
[TRAIN] Step 125/300 | 21:22:34
[TRAIN] Step 125 | Loss=5.154487 | Best makespan in group=634.00
[TRAIN][VAL][ep 125] avg_gap=0.2050 | std_gap=0.1151 | q80_gap=0.2815 | n=30
[TRAIN] Step 126/300 | 21:24:31
[TRAIN] Step 126 | Loss=1.990824 | Best makespan in group=466.00
[TRAIN] Step 127/300 | 21:25:06
[TRAIN] Step 127 | Loss=0.834689 | Best makespan in group=359.00
[TRAIN] Step 128/300 | 21:25:28
[TRAIN] Step 128 | Loss=2.192025 | Best makespan in group=363.00
[TRAIN] Step 129/300 | 21:25:52
[TRAIN] Step 129 | Loss=1.544691 | Best makespan in group=480.00
[TRAIN] Step 130/300 | 21:26:16
[TRAIN] Step 130 | Loss=5.114377 | Best makespan in group=346.00
[TRAIN] Step 131/300 | 21:26:47
[TRAIN] Step 131 | Loss=-0.000000 | Best makespan in group=408.00
[TRAIN] Step 132/300 | 21:27:13
[TRAIN] Step 132 | Loss=2.232049 | Best makespan in group=372.00
[TRAIN] Step 133/300 | 21:27:37
[TRAIN] Step 133 | Loss=6.616416 | Best makespan in group=595.00
[TRAIN] Step 134/300 | 21:28:06
[TRAIN] Step 134 | Loss=2.928502 | Best makespan in group=383.00
[TRAIN] Step 135/300 | 21:28:31
[TRAIN] Step 135 | Loss=0.064948 | Best makespan in group=457.00
[TRAIN] Step 136/300 | 21:28:56
[TRAIN] Step 136 | Loss=3.428245 | Best makespan in group=624.00
[TRAIN] Step 137/300 | 21:29:20
[TRAIN] Step 137 | Loss=3.512673 | Best makespan in group=452.00
[TRAIN] Step 138/300 | 21:29:59
[TRAIN] Step 138 | Loss=4.087371 | Best makespan in group=352.00
[TRAIN] Step 139/300 | 21:30:36
[TRAIN] Step 139 | Loss=9.745512 | Best makespan in group=323.00
[TRAIN] Step 140/300 | 21:31:05
[TRAIN] Step 140 | Loss=-0.000000 | Best makespan in group=465.00
[TRAIN] Step 141/300 | 21:31:32
[TRAIN] Step 141 | Loss=-0.000000 | Best makespan in group=642.00
[TRAIN] Step 142/300 | 21:32:00
[TRAIN] Step 142 | Loss=-0.000000 | Best makespan in group=533.00
[TRAIN] Step 143/300 | 21:32:29
[TRAIN] Step 143 | Loss=-0.000000 | Best makespan in group=448.00
[TRAIN] Step 144/300 | 21:33:03
[TRAIN] Step 144 | Loss=-0.000000 | Best makespan in group=461.00
[TRAIN] Step 145/300 | 21:33:35
[TRAIN] Step 145 | Loss=4.051374 | Best makespan in group=505.00
[TRAIN] Step 146/300 | 21:34:07
[TRAIN] Step 146 | Loss=-0.000000 | Best makespan in group=356.00
[TRAIN] Step 147/300 | 21:34:37
[TRAIN] Step 147 | Loss=15.575139 | Best makespan in group=434.00
[TRAIN] Step 148/300 | 21:35:03
[TRAIN] Step 148 | Loss=5.355055 | Best makespan in group=389.00
[TRAIN] Step 149/300 | 21:35:25
[TRAIN] Step 149 | Loss=2.748717 | Best makespan in group=328.00
[TRAIN] Step 150/300 | 21:35:44
[TRAIN] Step 150 | Loss=-0.000000 | Best makespan in group=626.00
[TRAIN] Refreshing training instances (step 150)...
[TRAIN][VAL][ep 150] avg_gap=0.2121 | std_gap=0.1178 | q80_gap=0.3012 | n=30
[TRAIN] Step 151/300 | 21:37:16
[TRAIN] Step 151 | Loss=2.396665 | Best makespan in group=376.00
[TRAIN] Step 152/300 | 21:37:37
[TRAIN] Step 152 | Loss=-0.000000 | Best makespan in group=399.00
[TRAIN] Step 153/300 | 21:38:03
[TRAIN] Step 153 | Loss=1.210090 | Best makespan in group=352.00
[TRAIN] Step 154/300 | 21:38:26
[TRAIN] Step 154 | Loss=-0.000000 | Best makespan in group=681.00
[TRAIN] Step 155/300 | 21:38:53
[TRAIN] Step 155 | Loss=0.000003 | Best makespan in group=376.00
[TRAIN] Step 156/300 | 21:39:18
[TRAIN] Step 156 | Loss=0.257395 | Best makespan in group=507.00
[TRAIN] Step 157/300 | 21:39:43
[TRAIN] Step 157 | Loss=5.602185 | Best makespan in group=328.00
[TRAIN] Step 158/300 | 21:40:05
[TRAIN] Step 158 | Loss=-0.000000 | Best makespan in group=427.00
[TRAIN] Step 159/300 | 21:40:31
[TRAIN] Step 159 | Loss=0.383594 | Best makespan in group=360.00
[TRAIN] Step 160/300 | 21:40:58
[TRAIN] Step 160 | Loss=4.573358 | Best makespan in group=421.00
[TRAIN] Step 161/300 | 21:41:23
[TRAIN] Step 161 | Loss=1.048037 | Best makespan in group=311.00
[TRAIN] Step 162/300 | 21:41:54
[TRAIN] Step 162 | Loss=-0.000000 | Best makespan in group=479.00
[TRAIN] Step 163/300 | 21:42:22
[TRAIN] Step 163 | Loss=-0.000000 | Best makespan in group=385.00
[TRAIN] Step 164/300 | 21:42:51
[TRAIN] Step 164 | Loss=2.201939 | Best makespan in group=406.00
[TRAIN] Step 165/300 | 21:43:25
[TRAIN] Step 165 | Loss=3.214475 | Best makespan in group=349.00
[TRAIN] Step 166/300 | 21:44:02
[TRAIN] Step 166 | Loss=-0.000000 | Best makespan in group=547.00
[TRAIN] Step 167/300 | 21:44:29
[TRAIN] Step 167 | Loss=-0.000000 | Best makespan in group=571.00
[TRAIN] Step 168/300 | 21:44:54
[TRAIN] Step 168 | Loss=3.214536 | Best makespan in group=431.00
[TRAIN] Step 169/300 | 21:45:29
[TRAIN] Step 169 | Loss=5.526326 | Best makespan in group=379.00
[TRAIN] Step 170/300 | 21:46:04
[TRAIN] Step 170 | Loss=0.313049 | Best makespan in group=570.00
[TRAIN] Step 171/300 | 21:46:31
[TRAIN] Step 171 | Loss=0.343005 | Best makespan in group=529.00
[TRAIN] Step 172/300 | 21:46:56
[TRAIN] Step 172 | Loss=-0.000000 | Best makespan in group=621.00
[TRAIN] Step 173/300 | 21:47:23
[TRAIN] Step 173 | Loss=1.965176 | Best makespan in group=453.00
[TRAIN] Step 174/300 | 21:47:57
[TRAIN] Step 174 | Loss=-0.000000 | Best makespan in group=382.00
[TRAIN] Step 175/300 | 21:48:25
[TRAIN] Step 175 | Loss=0.627552 | Best makespan in group=347.00
[TRAIN][VAL][ep 175] avg_gap=0.1908 | std_gap=0.1049 | q80_gap=0.2987 | n=30
[TRAIN] Validation improved | avg_gap=0.1908 | saving candidate: 728480476609306.pth
[TRAIN] Step 176/300 | 21:50:07
[TRAIN] Step 176 | Loss=5.443774 | Best makespan in group=462.00
[TRAIN] Step 177/300 | 21:50:41
[TRAIN] Step 177 | Loss=-0.000000 | Best makespan in group=554.00
[TRAIN] Step 178/300 | 21:51:04
[TRAIN] Step 178 | Loss=0.833820 | Best makespan in group=337.00
[TRAIN] Step 179/300 | 21:51:27
[TRAIN] Step 179 | Loss=10.773341 | Best makespan in group=560.00
[TRAIN] Step 180/300 | 21:51:48
[TRAIN] Step 180 | Loss=1.513585 | Best makespan in group=383.00
[TRAIN] Step 181/300 | 21:52:19
[TRAIN] Step 181 | Loss=-0.000000 | Best makespan in group=411.00
[TRAIN] Step 182/300 | 21:52:38
[TRAIN] Step 182 | Loss=-0.000000 | Best makespan in group=396.00
[TRAIN] Step 183/300 | 21:53:01
[TRAIN] Step 183 | Loss=-0.000000 | Best makespan in group=358.00
[TRAIN] Step 184/300 | 21:53:25
[TRAIN] Step 184 | Loss=9.115784 | Best makespan in group=378.00
[TRAIN] Step 185/300 | 21:53:53
[TRAIN] Step 185 | Loss=5.981053 | Best makespan in group=688.00
[TRAIN] Step 186/300 | 21:54:15
[TRAIN] Step 186 | Loss=-0.000000 | Best makespan in group=363.00
[TRAIN] Step 187/300 | 21:54:40
[TRAIN] Step 187 | Loss=0.959436 | Best makespan in group=412.00
[TRAIN] Step 188/300 | 21:55:02
[TRAIN] Step 188 | Loss=2.774691 | Best makespan in group=364.00
[TRAIN] Step 189/300 | 21:55:21
[TRAIN] Step 189 | Loss=-0.000000 | Best makespan in group=334.00
[TRAIN] Step 190/300 | 21:55:50
[TRAIN] Step 190 | Loss=3.577082 | Best makespan in group=358.00
[TRAIN] Step 191/300 | 21:56:13
[TRAIN] Step 191 | Loss=0.352295 | Best makespan in group=581.00
[TRAIN] Step 192/300 | 21:56:33
[TRAIN] Step 192 | Loss=0.000003 | Best makespan in group=300.00
[TRAIN] Step 193/300 | 21:56:57
[TRAIN] Step 193 | Loss=0.499441 | Best makespan in group=356.00
[TRAIN] Step 194/300 | 21:57:16
[TRAIN] Step 194 | Loss=-0.000000 | Best makespan in group=427.00
[TRAIN] Step 195/300 | 21:57:43
[TRAIN] Step 195 | Loss=-0.000000 | Best makespan in group=644.00
[TRAIN] Step 196/300 | 21:58:03
[TRAIN] Step 196 | Loss=-0.000000 | Best makespan in group=514.00
[TRAIN] Step 197/300 | 21:58:23
[TRAIN] Step 197 | Loss=3.784868 | Best makespan in group=532.00
[TRAIN] Step 198/300 | 21:58:42
[TRAIN] Step 198 | Loss=7.556699 | Best makespan in group=475.00
[TRAIN] Step 199/300 | 21:59:04
[TRAIN] Step 199 | Loss=0.620676 | Best makespan in group=399.00
[TRAIN] Step 200/300 | 21:59:25
[TRAIN] Step 200 | Loss=-0.000000 | Best makespan in group=399.00
[TRAIN][VAL][ep 200] avg_gap=0.1642 | std_gap=0.0719 | q80_gap=0.2216 | n=30
[TRAIN] Validation improved | avg_gap=0.1642 | saving candidate: 198676392261885.pth
[TRAIN] Step 201/300 | 22:00:53
[TRAIN] Step 201 | Loss=-0.000000 | Best makespan in group=497.00
[TRAIN] Step 202/300 | 22:01:13
[TRAIN] Step 202 | Loss=-0.000000 | Best makespan in group=414.00
[TRAIN] Step 203/300 | 22:01:36
[TRAIN] Step 203 | Loss=-0.000000 | Best makespan in group=376.00
[TRAIN] Step 204/300 | 22:02:01
[TRAIN] Step 204 | Loss=3.700984 | Best makespan in group=567.00
[TRAIN] Step 205/300 | 22:02:21
[TRAIN] Step 205 | Loss=2.876388 | Best makespan in group=407.00
[TRAIN] Step 206/300 | 22:02:45
[TRAIN] Step 206 | Loss=3.538054 | Best makespan in group=488.00
[TRAIN] Step 207/300 | 22:03:08
[TRAIN] Step 207 | Loss=0.786620 | Best makespan in group=385.00
[TRAIN] Step 208/300 | 22:03:25
[TRAIN] Step 208 | Loss=1.153158 | Best makespan in group=409.00
[TRAIN] Step 209/300 | 22:03:45
[TRAIN] Step 209 | Loss=0.877713 | Best makespan in group=353.00
[TRAIN] Step 210/300 | 22:04:13
[TRAIN] Step 210 | Loss=9.522247 | Best makespan in group=365.00
[TRAIN] Step 211/300 | 22:04:37
[TRAIN] Step 211 | Loss=0.824608 | Best makespan in group=652.00
[TRAIN] Step 212/300 | 22:04:59
[TRAIN] Step 212 | Loss=-0.000000 | Best makespan in group=335.00
[TRAIN] Step 213/300 | 22:05:22
[TRAIN] Step 213 | Loss=-0.000000 | Best makespan in group=371.00
[TRAIN] Step 214/300 | 22:05:41
[TRAIN] Step 214 | Loss=1.870626 | Best makespan in group=431.00
[TRAIN] Step 215/300 | 22:06:06
[TRAIN] Step 215 | Loss=0.000003 | Best makespan in group=687.00
[TRAIN] Step 216/300 | 22:06:27
[TRAIN] Step 216 | Loss=0.623569 | Best makespan in group=297.00
[TRAIN] Step 217/300 | 22:06:51
[TRAIN] Step 217 | Loss=0.831515 | Best makespan in group=319.00
[TRAIN] Step 218/300 | 22:07:09
[TRAIN] Step 218 | Loss=-0.000000 | Best makespan in group=548.00
[TRAIN] Step 219/300 | 22:07:26
[TRAIN] Step 219 | Loss=6.438974 | Best makespan in group=450.00
[TRAIN] Step 220/300 | 22:07:52
[TRAIN] Step 220 | Loss=-0.000000 | Best makespan in group=488.00
[TRAIN] Step 221/300 | 22:08:11
[TRAIN] Step 221 | Loss=0.000001 | Best makespan in group=382.00
[TRAIN] Step 222/300 | 22:08:29
[TRAIN] Step 222 | Loss=0.573247 | Best makespan in group=371.00
[TRAIN] Step 223/300 | 22:08:54
[TRAIN] Step 223 | Loss=-0.000000 | Best makespan in group=380.00
[TRAIN] Step 224/300 | 22:09:14
[TRAIN] Step 224 | Loss=-0.000000 | Best makespan in group=376.00
[TRAIN] Step 225/300 | 22:09:37
[TRAIN] Step 225 | Loss=5.864757 | Best makespan in group=543.00
[TRAIN][VAL][ep 225] avg_gap=0.1475 | std_gap=0.0732 | q80_gap=0.1750 | n=30
[TRAIN] Validation improved | avg_gap=0.1475 | saving candidate: 597314122436011.pth
[TRAIN] Step 226/300 | 22:10:44
[TRAIN] Step 226 | Loss=0.000000 | Best makespan in group=482.00
[TRAIN] Step 227/300 | 22:11:03
[TRAIN] Step 227 | Loss=0.271494 | Best makespan in group=343.00
[TRAIN] Step 228/300 | 22:11:25
[TRAIN] Step 228 | Loss=1.471242 | Best makespan in group=297.00
[TRAIN] Step 229/300 | 22:11:46
[TRAIN] Step 229 | Loss=-0.000000 | Best makespan in group=371.00
[TRAIN] Step 230/300 | 22:12:06
[TRAIN] Step 230 | Loss=0.010416 | Best makespan in group=390.00
[TRAIN] Step 231/300 | 22:12:24
[TRAIN] Step 231 | Loss=-0.000000 | Best makespan in group=376.00
[TRAIN] Step 232/300 | 22:12:44
[TRAIN] Step 232 | Loss=-0.000000 | Best makespan in group=476.00
[TRAIN] Step 233/300 | 22:13:02
[TRAIN] Step 233 | Loss=0.593508 | Best makespan in group=529.00
[TRAIN] Step 234/300 | 22:13:18
[TRAIN] Step 234 | Loss=-0.000000 | Best makespan in group=532.00
[TRAIN] Step 235/300 | 22:13:35
[TRAIN] Step 235 | Loss=-0.000000 | Best makespan in group=362.00
[TRAIN] Step 236/300 | 22:13:53
[TRAIN] Step 236 | Loss=-0.000000 | Best makespan in group=521.00
[TRAIN] Step 237/300 | 22:14:10
[TRAIN] Step 237 | Loss=-0.000000 | Best makespan in group=335.00
[TRAIN] Step 238/300 | 22:14:26
[TRAIN] Step 238 | Loss=1.381694 | Best makespan in group=424.00
[TRAIN] Step 239/300 | 22:14:42
[TRAIN] Step 239 | Loss=-0.000000 | Best makespan in group=381.00
[TRAIN] Step 240/300 | 22:15:05
[TRAIN] Step 240 | Loss=0.003661 | Best makespan in group=409.00
[TRAIN] Step 241/300 | 22:15:24
[TRAIN] Step 241 | Loss=2.742597 | Best makespan in group=582.00
[TRAIN] Step 242/300 | 22:15:40
[TRAIN] Step 242 | Loss=0.673880 | Best makespan in group=376.00
[TRAIN] Step 243/300 | 22:16:01
[TRAIN] Step 243 | Loss=0.017480 | Best makespan in group=443.00
[TRAIN] Step 244/300 | 22:16:24
[TRAIN] Step 244 | Loss=-0.000000 | Best makespan in group=356.00
[TRAIN] Step 245/300 | 22:16:46
[TRAIN] Step 245 | Loss=-0.000000 | Best makespan in group=428.00
[TRAIN] Step 246/300 | 22:17:09
[TRAIN] Step 246 | Loss=-0.000000 | Best makespan in group=710.00
[TRAIN] Step 247/300 | 22:17:28
[TRAIN] Step 247 | Loss=4.109459 | Best makespan in group=659.00
[TRAIN] Step 248/300 | 22:17:46
[TRAIN] Step 248 | Loss=3.766455 | Best makespan in group=400.00
[TRAIN] Step 249/300 | 22:18:01
[TRAIN] Step 249 | Loss=-0.000000 | Best makespan in group=371.00
[TRAIN] Step 250/300 | 22:18:26
[TRAIN] Step 250 | Loss=0.000001 | Best makespan in group=363.00
[TRAIN][VAL][ep 250] avg_gap=0.1564 | std_gap=0.0828 | q80_gap=0.2281 | n=30
[TRAIN] Step 251/300 | 22:19:32
[TRAIN] Step 251 | Loss=-0.000000 | Best makespan in group=369.00
[TRAIN] Step 252/300 | 22:19:56
[TRAIN] Step 252 | Loss=-0.000000 | Best makespan in group=560.00
[TRAIN] Step 253/300 | 22:20:12
[TRAIN] Step 253 | Loss=-0.000000 | Best makespan in group=523.00
[TRAIN] Step 254/300 | 22:20:31
[TRAIN] Step 254 | Loss=0.000001 | Best makespan in group=450.00
[TRAIN] Step 255/300 | 22:20:56
[TRAIN] Step 255 | Loss=0.309589 | Best makespan in group=397.00
[TRAIN] Step 256/300 | 22:21:10
[TRAIN] Step 256 | Loss=-0.000000 | Best makespan in group=315.00
[TRAIN] Step 257/300 | 22:21:27
[TRAIN] Step 257 | Loss=-0.000000 | Best makespan in group=358.00
[TRAIN] Step 258/300 | 22:21:48
[TRAIN] Step 258 | Loss=-0.000000 | Best makespan in group=382.00
[TRAIN] Step 259/300 | 22:22:05
[TRAIN] Step 259 | Loss=0.000020 | Best makespan in group=471.00
[TRAIN] Step 260/300 | 22:22:23
[TRAIN] Step 260 | Loss=0.762275 | Best makespan in group=363.00
[TRAIN] Step 261/300 | 22:22:40
[TRAIN] Step 261 | Loss=-0.000000 | Best makespan in group=387.00
[TRAIN] Step 262/300 | 22:22:58
[TRAIN] Step 262 | Loss=0.024559 | Best makespan in group=392.00
[TRAIN] Step 263/300 | 22:23:14
[TRAIN] Step 263 | Loss=-0.000000 | Best makespan in group=497.00
[TRAIN] Step 264/300 | 22:23:31
[TRAIN] Step 264 | Loss=2.989148 | Best makespan in group=388.00
[TRAIN] Step 265/300 | 22:23:49
[TRAIN] Step 265 | Loss=2.539976 | Best makespan in group=392.00
[TRAIN] Step 266/300 | 22:24:07
[TRAIN] Step 266 | Loss=0.508035 | Best makespan in group=539.00
[TRAIN] Step 267/300 | 22:24:21
[TRAIN] Step 267 | Loss=0.000510 | Best makespan in group=684.00
[TRAIN] Step 268/300 | 22:24:37
[TRAIN] Step 268 | Loss=7.508420 | Best makespan in group=372.00
[TRAIN] Step 269/300 | 22:24:57
[TRAIN] Step 269 | Loss=1.596312 | Best makespan in group=413.00
[TRAIN] Step 270/300 | 22:25:11
[TRAIN] Step 270 | Loss=-0.000000 | Best makespan in group=435.00
[TRAIN] Step 271/300 | 22:25:31
[TRAIN] Step 271 | Loss=0.923868 | Best makespan in group=547.00
[TRAIN] Step 272/300 | 22:25:44
[TRAIN] Step 272 | Loss=-0.000000 | Best makespan in group=626.00
[TRAIN] Step 273/300 | 22:26:00
[TRAIN] Step 273 | Loss=0.000023 | Best makespan in group=392.00
[TRAIN] Step 274/300 | 22:26:18
[TRAIN] Step 274 | Loss=-0.000000 | Best makespan in group=347.00
[TRAIN] Step 275/300 | 22:26:37
[TRAIN] Step 275 | Loss=0.010901 | Best makespan in group=325.00
[TRAIN][VAL][ep 275] avg_gap=0.1506 | std_gap=0.0699 | q80_gap=0.1938 | n=30
[TRAIN] Step 276/300 | 22:27:37
[TRAIN] Step 276 | Loss=-0.000000 | Best makespan in group=315.00
[TRAIN] Step 277/300 | 22:27:52
[TRAIN] Step 277 | Loss=-0.000000 | Best makespan in group=356.00
[TRAIN] Step 278/300 | 22:28:12
[TRAIN] Step 278 | Loss=-0.000000 | Best makespan in group=358.00
[TRAIN] Step 279/300 | 22:28:30
[TRAIN] Step 279 | Loss=-0.000000 | Best makespan in group=552.00
[TRAIN] Step 280/300 | 22:28:44
[TRAIN] Step 280 | Loss=-0.000000 | Best makespan in group=372.00
[TRAIN] Step 281/300 | 22:29:02
[TRAIN] Step 281 | Loss=0.847288 | Best makespan in group=456.00
[TRAIN] Step 282/300 | 22:29:24
[TRAIN] Step 282 | Loss=-0.000000 | Best makespan in group=315.00
[TRAIN] Step 283/300 | 22:29:42
[TRAIN] Step 283 | Loss=0.000000 | Best makespan in group=550.00
[TRAIN] Step 284/300 | 22:29:57
[TRAIN] Step 284 | Loss=6.813303 | Best makespan in group=583.00
[TRAIN] Step 285/300 | 22:30:13
[TRAIN] Step 285 | Loss=3.387188 | Best makespan in group=406.00
[TRAIN] Step 286/300 | 22:30:30
[TRAIN] Step 286 | Loss=-0.000000 | Best makespan in group=436.00
[TRAIN] Step 287/300 | 22:30:52
[TRAIN] Step 287 | Loss=3.913677 | Best makespan in group=410.00
[TRAIN] Step 288/300 | 22:31:06
[TRAIN] Step 288 | Loss=0.000000 | Best makespan in group=334.00
[TRAIN] Step 289/300 | 22:31:27
[TRAIN] Step 289 | Loss=2.550694 | Best makespan in group=521.00
[TRAIN] Step 290/300 | 22:31:42
[TRAIN] Step 290 | Loss=0.000001 | Best makespan in group=369.00
[TRAIN] Step 291/300 | 22:31:56
[TRAIN] Step 291 | Loss=0.494439 | Best makespan in group=395.00
[TRAIN] Step 292/300 | 22:32:13
[TRAIN] Step 292 | Loss=-0.000000 | Best makespan in group=482.00
[TRAIN] Step 293/300 | 22:32:31
[TRAIN] Step 293 | Loss=-0.000000 | Best makespan in group=386.00
[TRAIN] Step 294/300 | 22:32:48
[TRAIN] Step 294 | Loss=-0.000000 | Best makespan in group=375.00
[TRAIN] Step 295/300 | 22:33:08
[TRAIN] Step 295 | Loss=0.000021 | Best makespan in group=338.00
[TRAIN] Step 296/300 | 22:33:25
[TRAIN] Step 296 | Loss=-0.000000 | Best makespan in group=432.00
[TRAIN] Step 297/300 | 22:33:40
[TRAIN] Step 297 | Loss=-0.000000 | Best makespan in group=647.00
[TRAIN] Step 298/300 | 22:33:56
[TRAIN] Step 298 | Loss=0.000000 | Best makespan in group=560.00
[TRAIN] Step 299/300 | 22:34:10
[TRAIN] Step 299 | Loss=-0.000000 | Best makespan in group=681.00
[TRAIN] Step 300/300 | 22:34:26
[TRAIN] Step 300 | Loss=1.439344 | Best makespan in group=367.00
[TRAIN] Refreshing training instances (step 300)...
[TRAIN][VAL][ep 300] avg_gap=0.1602 | std_gap=0.0897 | q80_gap=0.2114 | n=30
[TRAIN] Evaluating best checkpoint (candidate_models/597314122436011.pth) on the held-out test split...
[TRAIN][TEST] avg_gap=0.1777 | std_gap=0.0978 | q80_gap=0.2460 | n=30
[TRAIN][22:36:06] Training ended. Validation history and plots updated.
=== DONE convergence_check_om_gat in 8931.2s ===
