D:\Dissertação\dissertation-bopo_introduction\venv\Lib\site-packages\torch\jit\_script.py:1485: FutureWarning: `torch.jit.script` is not supported in Python 3.14+ and may break. Please switch to `torch.compile` or `torch.export`.
  warnings.warn(
=== START convergence_check_oo_transformer @ 20:07:15 | lr=0.0005 ===
============================================================
[TRAIN] Training started at: 2026-09-18 20:07:15
[TRAIN] Hyperparams | max_steps=300 | new_freq=150
[TRAIN]             | n_cases=25 | B=24 | K=8 | use_greedy=True | lr=0.0005
[TRAIN]             | warm_start_steps=150
[TRAIN]             | hidden_channels=128 | num_layers=2 | heads=3
[TRAIN] Representation | oo | GNN | transformer
[TRAIN] Problem size | jobs=[8,10] | machines=[5,10] | ops_per_job=[5,6] | max_proc=100
============================================================
[TRAIN] Output run folder: results\convergence_check_oo_transformer
[TRAIN] Validation config | every=25 steps | instances=30 (representative subset)
[TRAIN] Warm-start (behavior cloning vs. dispatch heuristic) | 150 step(s)...
[TRAIN][WARMSTART] step 7/150 | instance=9 | bc_loss=1.9294 | decisions=54
[TRAIN][WARMSTART] step 14/150 | instance=14 | bc_loss=1.6174 | decisions=41
[TRAIN][WARMSTART] step 21/150 | instance=22 | bc_loss=1.4154 | decisions=44
[TRAIN][WARMSTART] step 28/150 | instance=11 | bc_loss=1.4476 | decisions=50
[TRAIN][WARMSTART] step 35/150 | instance=16 | bc_loss=1.3394 | decisions=55
[TRAIN][WARMSTART] step 42/150 | instance=14 | bc_loss=1.0176 | decisions=41
[TRAIN][WARMSTART] step 49/150 | instance=0 | bc_loss=1.0452 | decisions=55
[TRAIN][WARMSTART] step 56/150 | instance=15 | bc_loss=0.8712 | decisions=50
[TRAIN][WARMSTART] step 63/150 | instance=12 | bc_loss=0.5705 | decisions=44
[TRAIN][WARMSTART] step 70/150 | instance=4 | bc_loss=0.5353 | decisions=42
[TRAIN][WARMSTART] step 77/150 | instance=2 | bc_loss=0.6136 | decisions=47
[TRAIN][WARMSTART] step 84/150 | instance=8 | bc_loss=0.5137 | decisions=54
[TRAIN][WARMSTART] step 91/150 | instance=21 | bc_loss=0.5759 | decisions=53
[TRAIN][WARMSTART] step 98/150 | instance=18 | bc_loss=0.3945 | decisions=53
[TRAIN][WARMSTART] step 105/150 | instance=20 | bc_loss=0.4903 | decisions=55
[TRAIN][WARMSTART] step 112/150 | instance=23 | bc_loss=0.4185 | decisions=55
[TRAIN][WARMSTART] step 119/150 | instance=9 | bc_loss=0.3729 | decisions=54
[TRAIN][WARMSTART] step 126/150 | instance=18 | bc_loss=0.3140 | decisions=53
[TRAIN][WARMSTART] step 133/150 | instance=2 | bc_loss=0.3956 | decisions=47
[TRAIN][WARMSTART] step 140/150 | instance=7 | bc_loss=0.3380 | decisions=44
[TRAIN][WARMSTART] step 147/150 | instance=13 | bc_loss=0.3235 | decisions=48
[TRAIN][WARMSTART] step 150/150 | instance=13 | bc_loss=0.3003 | decisions=48
[TRAIN] Warm-start complete, switching to BOPO preference optimization.
------------------------------------------------------------
[TRAIN] BOPO agent ready. Starting training loop for 300 step(s)...
------------------------------------------------------------
[TRAIN] Step 1/300 | 20:14:32
[TRAIN] Step 1 | Loss=0.000009 | Best makespan in group=365.00
[TRAIN] Step 2/300 | 20:14:53
[TRAIN] Step 2 | Loss=0.000099 | Best makespan in group=361.00
[TRAIN] Step 3/300 | 20:15:18
[TRAIN] Step 3 | Loss=0.000314 | Best makespan in group=402.00
[TRAIN] Step 4/300 | 20:15:37
[TRAIN] Step 4 | Loss=3.330827 | Best makespan in group=534.00
[TRAIN] Step 5/300 | 20:16:02
[TRAIN] Step 5 | Loss=4.974034 | Best makespan in group=581.00
[TRAIN] Step 6/300 | 20:16:31
[TRAIN] Step 6 | Loss=7.592939 | Best makespan in group=470.00
[TRAIN] Step 7/300 | 20:17:00
[TRAIN] Step 7 | Loss=1.809840 | Best makespan in group=609.00
[TRAIN] Step 8/300 | 20:17:22
[TRAIN] Step 8 | Loss=0.005826 | Best makespan in group=385.00
[TRAIN] Step 9/300 | 20:17:41
[TRAIN] Step 9 | Loss=0.027707 | Best makespan in group=598.00
[TRAIN] Step 10/300 | 20:18:11
[TRAIN] Step 10 | Loss=2.534849 | Best makespan in group=357.00
[TRAIN] Step 11/300 | 20:18:34
[TRAIN] Step 11 | Loss=0.034321 | Best makespan in group=333.00
[TRAIN] Step 12/300 | 20:19:05
[TRAIN] Step 12 | Loss=0.000001 | Best makespan in group=384.00
[TRAIN] Step 13/300 | 20:19:27
[TRAIN] Step 13 | Loss=2.665412 | Best makespan in group=385.00
[TRAIN] Step 14/300 | 20:19:51
[TRAIN] Step 14 | Loss=0.393439 | Best makespan in group=483.00
[TRAIN] Step 15/300 | 20:20:22
[TRAIN] Step 15 | Loss=3.292769 | Best makespan in group=359.00
[TRAIN] Step 16/300 | 20:20:43
[TRAIN] Step 16 | Loss=1.219014 | Best makespan in group=481.00
[TRAIN] Step 17/300 | 20:21:08
[TRAIN] Step 17 | Loss=1.643916 | Best makespan in group=382.00
[TRAIN] Step 18/300 | 20:21:38
[TRAIN] Step 18 | Loss=0.525634 | Best makespan in group=328.00
[TRAIN] Step 19/300 | 20:21:56
[TRAIN] Step 19 | Loss=4.876276 | Best makespan in group=383.00
[TRAIN] Step 20/300 | 20:22:23
[TRAIN] Step 20 | Loss=5.271194 | Best makespan in group=393.00
[TRAIN] Step 21/300 | 20:22:54
[TRAIN] Step 21 | Loss=0.000078 | Best makespan in group=374.00
[TRAIN] Step 22/300 | 20:23:17
[TRAIN] Step 22 | Loss=0.000771 | Best makespan in group=317.00
[TRAIN] Step 23/300 | 20:23:36
[TRAIN] Step 23 | Loss=3.179401 | Best makespan in group=464.00
[TRAIN] Step 24/300 | 20:24:01
[TRAIN] Step 24 | Loss=0.040472 | Best makespan in group=454.00
[TRAIN] Step 25/300 | 20:24:21
[TRAIN] Step 25 | Loss=1.156840 | Best makespan in group=376.00
[TRAIN][VAL][ep 25] avg_gap=0.1096 | std_gap=0.0517 | q80_gap=0.1513 | n=30
[TRAIN] Validation improved | avg_gap=0.1096 | saving candidate: 725301546894156.pth
[TRAIN] Step 26/300 | 20:26:34
[TRAIN] Step 26 | Loss=0.000001 | Best makespan in group=365.00
[TRAIN] Step 27/300 | 20:27:07
[TRAIN] Step 27 | Loss=0.000378 | Best makespan in group=317.00
[TRAIN] Step 28/300 | 20:27:27
[TRAIN] Step 28 | Loss=0.001138 | Best makespan in group=374.00
[TRAIN] Step 29/300 | 20:27:50
[TRAIN] Step 29 | Loss=6.785874 | Best makespan in group=343.00
[TRAIN] Step 30/300 | 20:28:17
[TRAIN] Step 30 | Loss=0.000007 | Best makespan in group=605.00
[TRAIN] Step 31/300 | 20:28:44
[TRAIN] Step 31 | Loss=0.488153 | Best makespan in group=414.00
[TRAIN] Step 32/300 | 20:29:08
[TRAIN] Step 32 | Loss=0.000013 | Best makespan in group=388.00
[TRAIN] Step 33/300 | 20:29:39
[TRAIN] Step 33 | Loss=0.000343 | Best makespan in group=472.00
[TRAIN] Step 34/300 | 20:30:08
[TRAIN] Step 34 | Loss=0.121348 | Best makespan in group=366.00
[TRAIN] Step 35/300 | 20:30:29
[TRAIN] Step 35 | Loss=0.282141 | Best makespan in group=357.00
[TRAIN] Step 36/300 | 20:30:51
[TRAIN] Step 36 | Loss=0.000000 | Best makespan in group=488.00
[TRAIN] Step 37/300 | 20:31:19
[TRAIN] Step 37 | Loss=1.824070 | Best makespan in group=476.00
[TRAIN] Step 38/300 | 20:31:42
[TRAIN] Step 38 | Loss=1.095905 | Best makespan in group=322.00
[TRAIN] Step 39/300 | 20:31:59
[TRAIN] Step 39 | Loss=2.919152 | Best makespan in group=376.00
[TRAIN] Step 40/300 | 20:32:17
[TRAIN] Step 40 | Loss=1.207528 | Best makespan in group=394.00
[TRAIN] Step 41/300 | 20:32:43
[TRAIN] Step 41 | Loss=0.490642 | Best makespan in group=378.00
[TRAIN] Step 42/300 | 20:33:02
[TRAIN] Step 42 | Loss=0.000654 | Best makespan in group=525.00
[TRAIN] Step 43/300 | 20:33:23
[TRAIN] Step 43 | Loss=0.315886 | Best makespan in group=603.00
[TRAIN] Step 44/300 | 20:33:49
[TRAIN] Step 44 | Loss=0.347801 | Best makespan in group=387.00
[TRAIN] Step 45/300 | 20:34:16
[TRAIN] Step 45 | Loss=0.261486 | Best makespan in group=447.00
[TRAIN] Step 46/300 | 20:34:33
[TRAIN] Step 46 | Loss=0.000786 | Best makespan in group=487.00
[TRAIN] Step 47/300 | 20:35:00
[TRAIN] Step 47 | Loss=1.796386 | Best makespan in group=347.00
[TRAIN] Step 48/300 | 20:35:17
[TRAIN] Step 48 | Loss=0.058505 | Best makespan in group=552.00
[TRAIN] Step 49/300 | 20:35:38
[TRAIN] Step 49 | Loss=0.534393 | Best makespan in group=398.00
[TRAIN] Step 50/300 | 20:35:55
[TRAIN] Step 50 | Loss=0.003285 | Best makespan in group=373.00
[TRAIN][VAL][ep 50] avg_gap=0.1154 | std_gap=0.0529 | q80_gap=0.1547 | n=30
[TRAIN] Step 51/300 | 20:37:34
[TRAIN] Step 51 | Loss=0.029844 | Best makespan in group=397.00
[TRAIN] Step 52/300 | 20:38:01
[TRAIN] Step 52 | Loss=0.001222 | Best makespan in group=511.00
[TRAIN] Step 53/300 | 20:38:23
[TRAIN] Step 53 | Loss=5.503704 | Best makespan in group=486.00
[TRAIN] Step 54/300 | 20:38:48
[TRAIN] Step 54 | Loss=1.834193 | Best makespan in group=322.00
[TRAIN] Step 55/300 | 20:39:07
[TRAIN] Step 55 | Loss=0.000943 | Best makespan in group=451.00
[TRAIN] Step 56/300 | 20:39:29
[TRAIN] Step 56 | Loss=0.003380 | Best makespan in group=373.00
[TRAIN] Step 57/300 | 20:39:54
[TRAIN] Step 57 | Loss=0.001426 | Best makespan in group=607.00
[TRAIN] Step 58/300 | 20:40:22
[TRAIN] Step 58 | Loss=0.000723 | Best makespan in group=601.00
[TRAIN] Step 59/300 | 20:40:45
[TRAIN] Step 59 | Loss=2.148598 | Best makespan in group=390.00
[TRAIN] Step 60/300 | 20:41:11
[TRAIN] Step 60 | Loss=1.304039 | Best makespan in group=347.00
[TRAIN] Step 61/300 | 20:41:32
[TRAIN] Step 61 | Loss=0.000252 | Best makespan in group=320.00
[TRAIN] Step 62/300 | 20:41:54
[TRAIN] Step 62 | Loss=1.331945 | Best makespan in group=412.00
[TRAIN] Step 63/300 | 20:42:16
[TRAIN] Step 63 | Loss=2.598265 | Best makespan in group=427.00
[TRAIN] Step 64/300 | 20:42:32
[TRAIN] Step 64 | Loss=0.008764 | Best makespan in group=380.00
[TRAIN] Step 65/300 | 20:42:49
[TRAIN] Step 65 | Loss=1.465183 | Best makespan in group=390.00
[TRAIN] Step 66/300 | 20:43:07
[TRAIN] Step 66 | Loss=0.443719 | Best makespan in group=552.00
[TRAIN] Step 67/300 | 20:43:29
[TRAIN] Step 67 | Loss=0.894692 | Best makespan in group=510.00
[TRAIN] Step 68/300 | 20:43:58
[TRAIN] Step 68 | Loss=0.940818 | Best makespan in group=347.00
[TRAIN] Step 69/300 | 20:44:17
[TRAIN] Step 69 | Loss=0.003766 | Best makespan in group=488.00
[TRAIN] Step 70/300 | 20:44:44
[TRAIN] Step 70 | Loss=1.858574 | Best makespan in group=351.00
[TRAIN] Step 71/300 | 20:45:02
[TRAIN] Step 71 | Loss=0.044000 | Best makespan in group=374.00
[TRAIN] Step 72/300 | 20:45:25
[TRAIN] Step 72 | Loss=0.033507 | Best makespan in group=392.00
[TRAIN] Step 73/300 | 20:45:53
[TRAIN] Step 73 | Loss=0.425817 | Best makespan in group=376.00
[TRAIN] Step 74/300 | 20:46:14
[TRAIN] Step 74 | Loss=0.000301 | Best makespan in group=386.00
[TRAIN] Step 75/300 | 20:46:43
[TRAIN] Step 75 | Loss=0.162694 | Best makespan in group=317.00
[TRAIN][VAL][ep 75] avg_gap=0.1184 | std_gap=0.0603 | q80_gap=0.1734 | n=30
[TRAIN] Step 76/300 | 20:48:08
[TRAIN] Step 76 | Loss=0.024787 | Best makespan in group=471.00
[TRAIN] Step 77/300 | 20:48:35
[TRAIN] Step 77 | Loss=0.658295 | Best makespan in group=322.00
[TRAIN] Step 78/300 | 20:48:52
[TRAIN] Step 78 | Loss=0.067108 | Best makespan in group=448.00
[TRAIN] Step 79/300 | 20:49:07
[TRAIN] Step 79 | Loss=0.601673 | Best makespan in group=479.00
[TRAIN] Step 80/300 | 20:49:27
[TRAIN] Step 80 | Loss=0.297275 | Best makespan in group=629.00
[TRAIN] Step 81/300 | 20:49:53
[TRAIN] Step 81 | Loss=0.027020 | Best makespan in group=374.00
[TRAIN] Step 82/300 | 20:50:14
[TRAIN] Step 82 | Loss=1.569211 | Best makespan in group=368.00
[TRAIN] Step 83/300 | 20:50:36
[TRAIN] Step 83 | Loss=0.047150 | Best makespan in group=402.00
[TRAIN] Step 84/300 | 20:50:53
[TRAIN] Step 84 | Loss=0.016299 | Best makespan in group=324.00
[TRAIN] Step 85/300 | 20:51:17
[TRAIN] Step 85 | Loss=2.773505 | Best makespan in group=392.00
[TRAIN] Step 86/300 | 20:51:37
[TRAIN] Step 86 | Loss=1.156758 | Best makespan in group=385.00
[TRAIN] Step 87/300 | 20:52:02
[TRAIN] Step 87 | Loss=0.290022 | Best makespan in group=507.00
[TRAIN] Step 88/300 | 20:52:26
[TRAIN] Step 88 | Loss=0.001251 | Best makespan in group=392.00
[TRAIN] Step 89/300 | 20:52:51
[TRAIN] Step 89 | Loss=0.058017 | Best makespan in group=608.00
[TRAIN] Step 90/300 | 20:53:15
[TRAIN] Step 90 | Loss=0.000238 | Best makespan in group=530.00
[TRAIN] Step 91/300 | 20:53:36
[TRAIN] Step 91 | Loss=1.778657 | Best makespan in group=369.00
[TRAIN] Step 92/300 | 20:53:53
[TRAIN] Step 92 | Loss=1.897408 | Best makespan in group=317.00
[TRAIN] Step 93/300 | 20:54:11
[TRAIN] Step 93 | Loss=0.003045 | Best makespan in group=479.00
[TRAIN] Step 94/300 | 20:54:35
[TRAIN] Step 94 | Loss=1.804558 | Best makespan in group=406.00
[TRAIN] Step 95/300 | 20:55:00
[TRAIN] Step 95 | Loss=0.260110 | Best makespan in group=351.00
[TRAIN] Step 96/300 | 20:55:21
[TRAIN] Step 96 | Loss=7.583152 | Best makespan in group=390.00
[TRAIN] Step 97/300 | 20:55:44
[TRAIN] Step 97 | Loss=11.492307 | Best makespan in group=376.00
[TRAIN] Step 98/300 | 20:56:02
[TRAIN] Step 98 | Loss=0.098095 | Best makespan in group=536.00
[TRAIN] Step 99/300 | 20:56:21
[TRAIN] Step 99 | Loss=0.296042 | Best makespan in group=398.00
[TRAIN] Step 100/300 | 20:56:36
[TRAIN] Step 100 | Loss=1.785566 | Best makespan in group=355.00
[TRAIN][VAL][ep 100] avg_gap=0.0900 | std_gap=0.0462 | q80_gap=0.1140 | n=30
[TRAIN] Validation improved | avg_gap=0.0900 | saving candidate: 736288583453437.pth
[TRAIN] Step 101/300 | 20:57:56
[TRAIN] Step 101 | Loss=4.220059 | Best makespan in group=393.00
[TRAIN] Step 102/300 | 20:58:20
[TRAIN] Step 102 | Loss=0.036030 | Best makespan in group=406.00
[TRAIN] Step 103/300 | 20:58:37
[TRAIN] Step 103 | Loss=0.459758 | Best makespan in group=574.00
[TRAIN] Step 104/300 | 20:59:00
[TRAIN] Step 104 | Loss=0.042703 | Best makespan in group=496.00
[TRAIN] Step 105/300 | 20:59:25
[TRAIN] Step 105 | Loss=1.711398 | Best makespan in group=401.00
[TRAIN] Step 106/300 | 20:59:54
[TRAIN] Step 106 | Loss=1.327571 | Best makespan in group=410.00
[TRAIN] Step 107/300 | 21:00:23
[TRAIN] Step 107 | Loss=2.025133 | Best makespan in group=456.00
[TRAIN] Step 108/300 | 21:00:41
[TRAIN] Step 108 | Loss=0.010629 | Best makespan in group=635.00
[TRAIN] Step 109/300 | 21:01:10
[TRAIN] Step 109 | Loss=0.005864 | Best makespan in group=598.00
[TRAIN] Step 110/300 | 21:01:39
[TRAIN] Step 110 | Loss=3.543762 | Best makespan in group=348.00
[TRAIN] Step 111/300 | 21:01:58
[TRAIN] Step 111 | Loss=0.001710 | Best makespan in group=365.00
[TRAIN] Step 112/300 | 21:02:25
[TRAIN] Step 112 | Loss=4.210810 | Best makespan in group=320.00
[TRAIN] Step 113/300 | 21:02:43
[TRAIN] Step 113 | Loss=0.012330 | Best makespan in group=474.00
[TRAIN] Step 114/300 | 21:03:04
[TRAIN] Step 114 | Loss=6.307293 | Best makespan in group=387.00
[TRAIN] Step 115/300 | 21:03:24
[TRAIN] Step 115 | Loss=0.000236 | Best makespan in group=466.00
[TRAIN] Step 116/300 | 21:03:50
[TRAIN] Step 116 | Loss=0.000302 | Best makespan in group=344.00
[TRAIN] Step 117/300 | 21:04:18
[TRAIN] Step 117 | Loss=0.004748 | Best makespan in group=378.00
[TRAIN] Step 118/300 | 21:04:46
[TRAIN] Step 118 | Loss=0.001389 | Best makespan in group=374.00
[TRAIN] Step 119/300 | 21:05:06
[TRAIN] Step 119 | Loss=0.366907 | Best makespan in group=352.00
[TRAIN] Step 120/300 | 21:05:26
[TRAIN] Step 120 | Loss=0.000262 | Best makespan in group=512.00
[TRAIN] Step 121/300 | 21:05:46
[TRAIN] Step 121 | Loss=0.002613 | Best makespan in group=344.00
[TRAIN] Step 122/300 | 21:06:13
[TRAIN] Step 122 | Loss=2.426733 | Best makespan in group=531.00
[TRAIN] Step 123/300 | 21:06:38
[TRAIN] Step 123 | Loss=0.343287 | Best makespan in group=339.00
[TRAIN] Step 124/300 | 21:06:56
[TRAIN] Step 124 | Loss=6.531399 | Best makespan in group=386.00
[TRAIN] Step 125/300 | 21:07:16
[TRAIN] Step 125 | Loss=3.687738 | Best makespan in group=376.00
[TRAIN][VAL][ep 125] avg_gap=0.1280 | std_gap=0.0569 | q80_gap=0.1578 | n=30
[TRAIN] Step 126/300 | 21:08:41
[TRAIN] Step 126 | Loss=0.729507 | Best makespan in group=617.00
[TRAIN] Step 127/300 | 21:09:06
[TRAIN] Step 127 | Loss=0.005478 | Best makespan in group=445.00
[TRAIN] Step 128/300 | 21:09:26
[TRAIN] Step 128 | Loss=1.077972 | Best makespan in group=528.00
[TRAIN] Step 129/300 | 21:09:51
[TRAIN] Step 129 | Loss=0.520854 | Best makespan in group=317.00
[TRAIN] Step 130/300 | 21:10:07
[TRAIN] Step 130 | Loss=0.754211 | Best makespan in group=393.00
[TRAIN] Step 131/300 | 21:10:29
[TRAIN] Step 131 | Loss=1.928117 | Best makespan in group=347.00
[TRAIN] Step 132/300 | 21:10:44
[TRAIN] Step 132 | Loss=0.000218 | Best makespan in group=400.00
[TRAIN] Step 133/300 | 21:11:12
[TRAIN] Step 133 | Loss=2.031356 | Best makespan in group=511.00
[TRAIN] Step 134/300 | 21:11:32
[TRAIN] Step 134 | Loss=0.065573 | Best makespan in group=444.00
[TRAIN] Step 135/300 | 21:11:49
[TRAIN] Step 135 | Loss=0.000165 | Best makespan in group=402.00
[TRAIN] Step 136/300 | 21:12:07
[TRAIN] Step 136 | Loss=0.003872 | Best makespan in group=327.00
[TRAIN] Step 137/300 | 21:12:30
[TRAIN] Step 137 | Loss=0.020916 | Best makespan in group=330.00
[TRAIN] Step 138/300 | 21:12:49
[TRAIN] Step 138 | Loss=3.043240 | Best makespan in group=376.00
[TRAIN] Step 139/300 | 21:13:06
[TRAIN] Step 139 | Loss=0.000016 | Best makespan in group=377.00
[TRAIN] Step 140/300 | 21:13:30
[TRAIN] Step 140 | Loss=0.306861 | Best makespan in group=350.00
[TRAIN] Step 141/300 | 21:13:52
[TRAIN] Step 141 | Loss=0.000031 | Best makespan in group=630.00
[TRAIN] Step 142/300 | 21:14:18
[TRAIN] Step 142 | Loss=0.007164 | Best makespan in group=376.00
[TRAIN] Step 143/300 | 21:14:43
[TRAIN] Step 143 | Loss=0.007901 | Best makespan in group=483.00
[TRAIN] Step 144/300 | 21:15:04
[TRAIN] Step 144 | Loss=0.002729 | Best makespan in group=374.00
[TRAIN] Step 145/300 | 21:15:23
[TRAIN] Step 145 | Loss=0.519928 | Best makespan in group=400.00
[TRAIN] Step 146/300 | 21:15:48
[TRAIN] Step 146 | Loss=0.636855 | Best makespan in group=398.00
[TRAIN] Step 147/300 | 21:16:12
[TRAIN] Step 147 | Loss=0.000260 | Best makespan in group=519.00
[TRAIN] Step 148/300 | 21:16:32
[TRAIN] Step 148 | Loss=0.054254 | Best makespan in group=348.00
[TRAIN] Step 149/300 | 21:16:50
[TRAIN] Step 149 | Loss=0.171164 | Best makespan in group=503.00
[TRAIN] Step 150/300 | 21:17:13
[TRAIN] Step 150 | Loss=0.057314 | Best makespan in group=346.00
[TRAIN] Refreshing training instances (step 150)...
[TRAIN][VAL][ep 150] avg_gap=0.1218 | std_gap=0.0612 | q80_gap=0.1603 | n=30
[TRAIN] Step 151/300 | 21:18:42
[TRAIN] Step 151 | Loss=0.780393 | Best makespan in group=330.00
[TRAIN] Step 152/300 | 21:19:04
[TRAIN] Step 152 | Loss=0.792669 | Best makespan in group=461.00
[TRAIN] Step 153/300 | 21:19:37
[TRAIN] Step 153 | Loss=3.548812 | Best makespan in group=437.00
[TRAIN] Step 154/300 | 21:20:06
[TRAIN] Step 154 | Loss=0.231266 | Best makespan in group=340.00
[TRAIN] Step 155/300 | 21:20:26
[TRAIN] Step 155 | Loss=1.203590 | Best makespan in group=437.00
[TRAIN] Step 156/300 | 21:20:49
[TRAIN] Step 156 | Loss=0.221538 | Best makespan in group=403.00
[TRAIN] Step 157/300 | 21:21:10
[TRAIN] Step 157 | Loss=2.449284 | Best makespan in group=411.00
[TRAIN] Step 158/300 | 21:21:35
[TRAIN] Step 158 | Loss=0.121272 | Best makespan in group=492.00
[TRAIN] Step 159/300 | 21:21:54
[TRAIN] Step 159 | Loss=0.813319 | Best makespan in group=413.00
[TRAIN] Step 160/300 | 21:22:14
[TRAIN] Step 160 | Loss=2.446854 | Best makespan in group=396.00
[TRAIN] Step 161/300 | 21:22:32
[TRAIN] Step 161 | Loss=1.832560 | Best makespan in group=343.00
[TRAIN] Step 162/300 | 21:22:47
[TRAIN] Step 162 | Loss=0.086108 | Best makespan in group=618.00
[TRAIN] Step 163/300 | 21:23:04
[TRAIN] Step 163 | Loss=0.058120 | Best makespan in group=475.00
[TRAIN] Step 164/300 | 21:23:19
[TRAIN] Step 164 | Loss=0.366642 | Best makespan in group=409.00
[TRAIN] Step 165/300 | 21:23:39
[TRAIN] Step 165 | Loss=0.068941 | Best makespan in group=367.00
[TRAIN] Step 166/300 | 21:23:56
[TRAIN] Step 166 | Loss=0.001214 | Best makespan in group=361.00
[TRAIN] Step 167/300 | 21:24:12
[TRAIN] Step 167 | Loss=0.042245 | Best makespan in group=419.00
[TRAIN] Step 168/300 | 21:24:36
[TRAIN] Step 168 | Loss=0.007121 | Best makespan in group=483.00
[TRAIN] Step 169/300 | 21:24:57
[TRAIN] Step 169 | Loss=0.143453 | Best makespan in group=318.00
[TRAIN] Step 170/300 | 21:25:20
[TRAIN] Step 170 | Loss=0.000910 | Best makespan in group=464.00
[TRAIN] Step 171/300 | 21:25:42
[TRAIN] Step 171 | Loss=1.060889 | Best makespan in group=654.00
[TRAIN] Step 172/300 | 21:26:07
[TRAIN] Step 172 | Loss=0.587637 | Best makespan in group=344.00
[TRAIN] Step 173/300 | 21:26:26
[TRAIN] Step 173 | Loss=0.000031 | Best makespan in group=447.00
[TRAIN] Step 174/300 | 21:26:53
[TRAIN] Step 174 | Loss=0.822850 | Best makespan in group=413.00
[TRAIN] Step 175/300 | 21:27:18
[TRAIN] Step 175 | Loss=0.162503 | Best makespan in group=374.00
[TRAIN][VAL][ep 175] avg_gap=0.1075 | std_gap=0.0581 | q80_gap=0.1390 | n=30
[TRAIN] Step 176/300 | 21:28:44
[TRAIN] Step 176 | Loss=0.000267 | Best makespan in group=355.00
[TRAIN] Step 177/300 | 21:29:01
[TRAIN] Step 177 | Loss=0.018388 | Best makespan in group=391.00
[TRAIN] Step 178/300 | 21:29:22
[TRAIN] Step 178 | Loss=0.000353 | Best makespan in group=436.00
[TRAIN] Step 179/300 | 21:29:48
[TRAIN] Step 179 | Loss=0.001953 | Best makespan in group=411.00
[TRAIN] Step 180/300 | 21:30:06
[TRAIN] Step 180 | Loss=0.059585 | Best makespan in group=496.00
[TRAIN] Step 181/300 | 21:30:28
[TRAIN] Step 181 | Loss=0.002514 | Best makespan in group=396.00
[TRAIN] Step 182/300 | 21:30:45
[TRAIN] Step 182 | Loss=1.383326 | Best makespan in group=420.00
[TRAIN] Step 183/300 | 21:31:07
[TRAIN] Step 183 | Loss=1.043878 | Best makespan in group=420.00
[TRAIN] Step 184/300 | 21:31:21
[TRAIN] Step 184 | Loss=1.424967 | Best makespan in group=404.00
[TRAIN] Step 185/300 | 21:31:40
[TRAIN] Step 185 | Loss=0.030400 | Best makespan in group=401.00
[TRAIN] Step 186/300 | 21:32:00
[TRAIN] Step 186 | Loss=0.958875 | Best makespan in group=470.00
[TRAIN] Step 187/300 | 21:32:24
[TRAIN] Step 187 | Loss=1.215350 | Best makespan in group=519.00
[TRAIN] Step 188/300 | 21:32:43
[TRAIN] Step 188 | Loss=0.000065 | Best makespan in group=643.00
[TRAIN] Step 189/300 | 21:33:07
[TRAIN] Step 189 | Loss=0.253435 | Best makespan in group=426.00
[TRAIN] Step 190/300 | 21:33:30
[TRAIN] Step 190 | Loss=0.000139 | Best makespan in group=444.00
[TRAIN] Step 191/300 | 21:33:47
[TRAIN] Step 191 | Loss=0.833247 | Best makespan in group=340.00
[TRAIN] Step 192/300 | 21:34:08
[TRAIN] Step 192 | Loss=2.758295 | Best makespan in group=378.00
[TRAIN] Step 193/300 | 21:34:22
[TRAIN] Step 193 | Loss=0.118010 | Best makespan in group=332.00
[TRAIN] Step 194/300 | 21:34:40
[TRAIN] Step 194 | Loss=3.480176 | Best makespan in group=328.00
[TRAIN] Step 195/300 | 21:34:54
[TRAIN] Step 195 | Loss=0.000783 | Best makespan in group=465.00
[TRAIN] Step 196/300 | 21:35:09
[TRAIN] Step 196 | Loss=0.174048 | Best makespan in group=589.00
[TRAIN] Step 197/300 | 21:35:24
[TRAIN] Step 197 | Loss=0.001105 | Best makespan in group=357.00
[TRAIN] Step 198/300 | 21:35:39
[TRAIN] Step 198 | Loss=0.002801 | Best makespan in group=374.00
[TRAIN] Step 199/300 | 21:35:53
[TRAIN] Step 199 | Loss=0.091371 | Best makespan in group=336.00
[TRAIN] Step 200/300 | 21:36:09
[TRAIN] Step 200 | Loss=0.000103 | Best makespan in group=479.00
[TRAIN][VAL][ep 200] avg_gap=0.1167 | std_gap=0.0561 | q80_gap=0.1523 | n=30
[TRAIN] Step 201/300 | 21:37:10
[TRAIN] Step 201 | Loss=0.361981 | Best makespan in group=417.00
[TRAIN] Step 202/300 | 21:37:26
[TRAIN] Step 202 | Loss=0.001782 | Best makespan in group=465.00
[TRAIN] Step 203/300 | 21:37:41
[TRAIN] Step 203 | Loss=0.000404 | Best makespan in group=496.00
[TRAIN] Step 204/300 | 21:37:58
[TRAIN] Step 204 | Loss=0.000925 | Best makespan in group=368.00
[TRAIN] Step 205/300 | 21:38:11
[TRAIN] Step 205 | Loss=2.950529 | Best makespan in group=610.00
[TRAIN] Step 206/300 | 21:38:27
[TRAIN] Step 206 | Loss=0.000640 | Best makespan in group=391.00
[TRAIN] Step 207/300 | 21:38:45
[TRAIN] Step 207 | Loss=2.673859 | Best makespan in group=636.00
[TRAIN] Step 208/300 | 21:39:06
[TRAIN] Step 208 | Loss=1.300964 | Best makespan in group=347.00
[TRAIN] Step 209/300 | 21:39:21
[TRAIN] Step 209 | Loss=0.000015 | Best makespan in group=413.00
[TRAIN] Step 210/300 | 21:39:41
[TRAIN] Step 210 | Loss=0.000468 | Best makespan in group=528.00
[TRAIN] Step 211/300 | 21:39:58
[TRAIN] Step 211 | Loss=0.873539 | Best makespan in group=395.00
[TRAIN] Step 212/300 | 21:40:11
[TRAIN] Step 212 | Loss=0.000010 | Best makespan in group=411.00
[TRAIN] Step 213/300 | 21:40:25
[TRAIN] Step 213 | Loss=0.000036 | Best makespan in group=396.00
[TRAIN] Step 214/300 | 21:40:40
[TRAIN] Step 214 | Loss=0.535524 | Best makespan in group=341.00
[TRAIN] Step 215/300 | 21:40:53
[TRAIN] Step 215 | Loss=0.396446 | Best makespan in group=343.00
[TRAIN] Step 216/300 | 21:41:08
[TRAIN] Step 216 | Loss=0.130773 | Best makespan in group=400.00
[TRAIN] Step 217/300 | 21:41:29
[TRAIN] Step 217 | Loss=0.842132 | Best makespan in group=456.00
[TRAIN] Step 218/300 | 21:41:52
[TRAIN] Step 218 | Loss=1.251059 | Best makespan in group=422.00
[TRAIN] Step 219/300 | 21:42:11
[TRAIN] Step 219 | Loss=2.126957 | Best makespan in group=330.00
[TRAIN] Step 220/300 | 21:42:25
[TRAIN] Step 220 | Loss=0.001436 | Best makespan in group=347.00
[TRAIN] Step 221/300 | 21:42:39
[TRAIN] Step 221 | Loss=0.004745 | Best makespan in group=479.00
[TRAIN] Step 222/300 | 21:42:58
[TRAIN] Step 222 | Loss=0.005742 | Best makespan in group=466.00
[TRAIN] Step 223/300 | 21:43:20
[TRAIN] Step 223 | Loss=0.246008 | Best makespan in group=384.00
[TRAIN] Step 224/300 | 21:43:37
[TRAIN] Step 224 | Loss=2.345376 | Best makespan in group=424.00
[TRAIN] Step 225/300 | 21:44:00
[TRAIN] Step 225 | Loss=0.604188 | Best makespan in group=337.00
[TRAIN][VAL][ep 225] avg_gap=0.1196 | std_gap=0.0663 | q80_gap=0.1697 | n=30
[TRAIN] Step 226/300 | 21:45:16
[TRAIN] Step 226 | Loss=0.001275 | Best makespan in group=484.00
[TRAIN] Step 227/300 | 21:45:34
[TRAIN] Step 227 | Loss=0.028644 | Best makespan in group=379.00
[TRAIN] Step 228/300 | 21:45:54
[TRAIN] Step 228 | Loss=0.582464 | Best makespan in group=644.00
[TRAIN] Step 229/300 | 21:46:11
[TRAIN] Step 229 | Loss=0.004856 | Best makespan in group=396.00
[TRAIN] Step 230/300 | 21:46:32
[TRAIN] Step 230 | Loss=2.585484 | Best makespan in group=349.00
[TRAIN] Step 231/300 | 21:46:51
[TRAIN] Step 231 | Loss=0.021451 | Best makespan in group=444.00
[TRAIN] Step 232/300 | 21:47:08
[TRAIN] Step 232 | Loss=0.247298 | Best makespan in group=398.00
[TRAIN] Step 233/300 | 21:47:28
[TRAIN] Step 233 | Loss=0.015113 | Best makespan in group=372.00
[TRAIN] Step 234/300 | 21:47:43
[TRAIN] Step 234 | Loss=0.007083 | Best makespan in group=500.00
[TRAIN] Step 235/300 | 21:47:59
[TRAIN] Step 235 | Loss=0.002180 | Best makespan in group=330.00
[TRAIN] Step 236/300 | 21:48:15
[TRAIN] Step 236 | Loss=0.165912 | Best makespan in group=416.00
[TRAIN] Step 237/300 | 21:48:36
[TRAIN] Step 237 | Loss=0.679922 | Best makespan in group=399.00
[TRAIN] Step 238/300 | 21:48:51
[TRAIN] Step 238 | Loss=0.149532 | Best makespan in group=498.00
[TRAIN] Step 239/300 | 21:49:09
[TRAIN] Step 239 | Loss=0.366826 | Best makespan in group=369.00
[TRAIN] Step 240/300 | 21:49:23
[TRAIN] Step 240 | Loss=0.542249 | Best makespan in group=420.00
[TRAIN] Step 241/300 | 21:49:39
[TRAIN] Step 241 | Loss=0.010561 | Best makespan in group=396.00
[TRAIN] Step 242/300 | 21:49:52
[TRAIN] Step 242 | Loss=0.107791 | Best makespan in group=516.00
[TRAIN] Step 243/300 | 21:50:08
[TRAIN] Step 243 | Loss=1.730100 | Best makespan in group=350.00
[TRAIN] Step 244/300 | 21:50:21
[TRAIN] Step 244 | Loss=0.050265 | Best makespan in group=350.00
[TRAIN] Step 245/300 | 21:50:37
[TRAIN] Step 245 | Loss=0.415800 | Best makespan in group=634.00
[TRAIN] Step 246/300 | 21:50:56
[TRAIN] Step 246 | Loss=0.408984 | Best makespan in group=331.00
[TRAIN] Step 247/300 | 21:51:10
[TRAIN] Step 247 | Loss=0.000138 | Best makespan in group=466.00
[TRAIN] Step 248/300 | 21:51:32
[TRAIN] Step 248 | Loss=1.007099 | Best makespan in group=409.00
[TRAIN] Step 249/300 | 21:51:44
[TRAIN] Step 249 | Loss=0.002473 | Best makespan in group=446.00
[TRAIN] Step 250/300 | 21:52:03
[TRAIN] Step 250 | Loss=0.007503 | Best makespan in group=344.00
[TRAIN][VAL][ep 250] avg_gap=0.1065 | std_gap=0.0609 | q80_gap=0.1448 | n=30
[TRAIN] Step 251/300 | 21:52:57
[TRAIN] Step 251 | Loss=0.003570 | Best makespan in group=594.00
[TRAIN] Step 252/300 | 21:53:11
[TRAIN] Step 252 | Loss=0.024192 | Best makespan in group=406.00
[TRAIN] Step 253/300 | 21:53:30
[TRAIN] Step 253 | Loss=0.000249 | Best makespan in group=465.00
[TRAIN] Step 254/300 | 21:53:47
[TRAIN] Step 254 | Loss=0.001678 | Best makespan in group=639.00
[TRAIN] Step 255/300 | 21:54:05
[TRAIN] Step 255 | Loss=0.367930 | Best makespan in group=332.00
[TRAIN] Step 256/300 | 21:54:19
[TRAIN] Step 256 | Loss=0.014494 | Best makespan in group=387.00
[TRAIN] Step 257/300 | 21:54:35
[TRAIN] Step 257 | Loss=0.000884 | Best makespan in group=345.00
[TRAIN] Step 258/300 | 21:54:51
[TRAIN] Step 258 | Loss=0.000045 | Best makespan in group=445.00
[TRAIN] Step 259/300 | 21:55:11
[TRAIN] Step 259 | Loss=0.248757 | Best makespan in group=343.00
[TRAIN] Step 260/300 | 21:55:23
[TRAIN] Step 260 | Loss=0.001891 | Best makespan in group=411.00
[TRAIN] Step 261/300 | 21:55:35
[TRAIN] Step 261 | Loss=0.003221 | Best makespan in group=494.00
[TRAIN] Step 262/300 | 21:55:52
[TRAIN] Step 262 | Loss=0.003835 | Best makespan in group=466.00
[TRAIN] Step 263/300 | 21:56:11
[TRAIN] Step 263 | Loss=0.001727 | Best makespan in group=477.00
[TRAIN] Step 264/300 | 21:56:23
[TRAIN] Step 264 | Loss=0.336212 | Best makespan in group=343.00
[TRAIN] Step 265/300 | 21:56:33
[TRAIN] Step 265 | Loss=0.902258 | Best makespan in group=402.00
[TRAIN] Step 266/300 | 21:56:46
[TRAIN] Step 266 | Loss=0.001959 | Best makespan in group=363.00
[TRAIN] Step 267/300 | 21:56:57
[TRAIN] Step 267 | Loss=0.032960 | Best makespan in group=374.00
[TRAIN] Step 268/300 | 21:57:08
[TRAIN] Step 268 | Loss=0.147058 | Best makespan in group=326.00
[TRAIN] Step 269/300 | 21:57:19
[TRAIN] Step 269 | Loss=0.180400 | Best makespan in group=411.00
[TRAIN] Step 270/300 | 21:57:34
[TRAIN] Step 270 | Loss=1.689964 | Best makespan in group=441.00
[TRAIN] Step 271/300 | 21:57:49
[TRAIN] Step 271 | Loss=0.718110 | Best makespan in group=423.00
[TRAIN] Step 272/300 | 21:58:00
[TRAIN] Step 272 | Loss=0.016965 | Best makespan in group=347.00
[TRAIN] Step 273/300 | 21:58:12
[TRAIN] Step 273 | Loss=0.000468 | Best makespan in group=407.00
[TRAIN] Step 274/300 | 21:58:26
[TRAIN] Step 274 | Loss=0.006046 | Best makespan in group=488.00
[TRAIN] Step 275/300 | 21:58:40
[TRAIN] Step 275 | Loss=0.001069 | Best makespan in group=412.00
[TRAIN][VAL][ep 275] avg_gap=0.0995 | std_gap=0.0532 | q80_gap=0.1294 | n=30
[TRAIN] Step 276/300 | 21:59:36
[TRAIN] Step 276 | Loss=0.002358 | Best makespan in group=406.00
[TRAIN] Step 277/300 | 21:59:53
[TRAIN] Step 277 | Loss=0.119195 | Best makespan in group=412.00
[TRAIN] Step 278/300 | 22:00:10
[TRAIN] Step 278 | Loss=0.008059 | Best makespan in group=589.00
[TRAIN] Step 279/300 | 22:00:22
[TRAIN] Step 279 | Loss=3.808588 | Best makespan in group=412.00
[TRAIN] Step 280/300 | 22:00:38
[TRAIN] Step 280 | Loss=0.000277 | Best makespan in group=441.00
[TRAIN] Step 281/300 | 22:00:56
[TRAIN] Step 281 | Loss=0.001113 | Best makespan in group=443.00
[TRAIN] Step 282/300 | 22:01:07
[TRAIN] Step 282 | Loss=0.006821 | Best makespan in group=339.00
[TRAIN] Step 283/300 | 22:01:24
[TRAIN] Step 283 | Loss=0.889485 | Best makespan in group=326.00
[TRAIN] Step 284/300 | 22:01:36
[TRAIN] Step 284 | Loss=8.457692 | Best makespan in group=405.00
[TRAIN] Step 285/300 | 22:01:48
[TRAIN] Step 285 | Loss=0.221624 | Best makespan in group=345.00
[TRAIN] Step 286/300 | 22:02:00
[TRAIN] Step 286 | Loss=0.000057 | Best makespan in group=624.00
[TRAIN] Step 287/300 | 22:02:18
[TRAIN] Step 287 | Loss=0.004332 | Best makespan in group=354.00
[TRAIN] Step 288/300 | 22:02:30
[TRAIN] Step 288 | Loss=1.336495 | Best makespan in group=394.00
[TRAIN] Step 289/300 | 22:02:47
[TRAIN] Step 289 | Loss=3.422458 | Best makespan in group=389.00
[TRAIN] Step 290/300 | 22:02:59
[TRAIN] Step 290 | Loss=0.362651 | Best makespan in group=423.00
[TRAIN] Step 291/300 | 22:03:14
[TRAIN] Step 291 | Loss=0.004193 | Best makespan in group=465.00
[TRAIN] Step 292/300 | 22:03:29
[TRAIN] Step 292 | Loss=0.000158 | Best makespan in group=411.00
[TRAIN] Step 293/300 | 22:03:41
[TRAIN] Step 293 | Loss=0.000713 | Best makespan in group=340.00
[TRAIN] Step 294/300 | 22:03:52
[TRAIN] Step 294 | Loss=3.148274 | Best makespan in group=434.00
[TRAIN] Step 295/300 | 22:04:09
[TRAIN] Step 295 | Loss=1.967634 | Best makespan in group=341.00
[TRAIN] Step 296/300 | 22:04:21
[TRAIN] Step 296 | Loss=0.010911 | Best makespan in group=476.00
[TRAIN] Step 297/300 | 22:04:42
[TRAIN] Step 297 | Loss=0.583151 | Best makespan in group=373.00
[TRAIN] Step 298/300 | 22:04:53
[TRAIN] Step 298 | Loss=1.164369 | Best makespan in group=499.00
[TRAIN] Step 299/300 | 22:05:09
[TRAIN] Step 299 | Loss=2.835869 | Best makespan in group=513.00
[TRAIN] Step 300/300 | 22:05:24
[TRAIN] Step 300 | Loss=0.038963 | Best makespan in group=395.00
[TRAIN] Refreshing training instances (step 300)...
[TRAIN][VAL][ep 300] avg_gap=0.1832 | std_gap=0.0713 | q80_gap=0.2430 | n=30
[TRAIN] Evaluating best checkpoint (candidate_models/736288583453437.pth) on the held-out test split...
[TRAIN][TEST] avg_gap=0.1102 | std_gap=0.0536 | q80_gap=0.1362 | n=30
[TRAIN][22:06:55] Training ended. Validation history and plots updated.
=== DONE convergence_check_oo_transformer in 7180.1s ===
