D:\Dissertação\dissertation-bopo_introduction\venv\Lib\site-packages\torch\jit\_script.py:1485: FutureWarning: `torch.jit.script` is not supported in Python 3.14+ and may break. Please switch to `torch.compile` or `torch.export`.
  warnings.warn(
=== START convergence_check_oo_gin_fixed @ 14:15:45 ===
============================================================
[TRAIN] Training started at: 2026-09-18 14:15:45
[TRAIN] Hyperparams | max_steps=100 | new_freq=75
[TRAIN]             | n_cases=20 | B=24 | K=8 | use_greedy=True | lr=0.0005
[TRAIN]             | warm_start_steps=150
[TRAIN]             | hidden_channels=128 | num_layers=2 | heads=3
[TRAIN] Representation | oo | GNN | gin
[TRAIN] Problem size | jobs=[8,10] | machines=[5,10] | ops_per_job=[5,6] | max_proc=100
============================================================
[TRAIN] Output run folder: results\convergence_check_oo_gin_fixed
[TRAIN] Validation config | every=20 steps | instances=30 (representative subset)
[TRAIN] Warm-start (behavior cloning vs. dispatch heuristic) | 150 step(s)...
[TRAIN][WARMSTART] step 7/150 | instance=11 | bc_loss=1.9332 | decisions=48
[TRAIN][WARMSTART] step 14/150 | instance=15 | bc_loss=1.6203 | decisions=48
[TRAIN][WARMSTART] step 21/150 | instance=7 | bc_loss=1.5124 | decisions=42
[TRAIN][WARMSTART] step 28/150 | instance=4 | bc_loss=1.3496 | decisions=48
[TRAIN][WARMSTART] step 35/150 | instance=12 | bc_loss=1.1575 | decisions=44
[TRAIN][WARMSTART] step 42/150 | instance=4 | bc_loss=1.0073 | decisions=48
[TRAIN][WARMSTART] step 49/150 | instance=1 | bc_loss=1.0998 | decisions=47
[TRAIN][WARMSTART] step 56/150 | instance=7 | bc_loss=0.8765 | decisions=42
[TRAIN][WARMSTART] step 63/150 | instance=10 | bc_loss=0.5968 | decisions=43
[TRAIN][WARMSTART] step 70/150 | instance=12 | bc_loss=0.6711 | decisions=44
[TRAIN][WARMSTART] step 77/150 | instance=7 | bc_loss=0.5516 | decisions=42
[TRAIN][WARMSTART] step 84/150 | instance=11 | bc_loss=0.7194 | decisions=48
[TRAIN][WARMSTART] step 91/150 | instance=11 | bc_loss=0.5058 | decisions=48
[TRAIN][WARMSTART] step 98/150 | instance=10 | bc_loss=0.4628 | decisions=43
[TRAIN][WARMSTART] step 105/150 | instance=6 | bc_loss=0.7975 | decisions=47
[TRAIN][WARMSTART] step 112/150 | instance=0 | bc_loss=0.5278 | decisions=42
[TRAIN][WARMSTART] step 119/150 | instance=16 | bc_loss=0.5614 | decisions=45
[TRAIN][WARMSTART] step 126/150 | instance=16 | bc_loss=0.5286 | decisions=45
[TRAIN][WARMSTART] step 133/150 | instance=17 | bc_loss=0.6270 | decisions=49
[TRAIN][WARMSTART] step 140/150 | instance=6 | bc_loss=0.5538 | decisions=47
[TRAIN][WARMSTART] step 147/150 | instance=4 | bc_loss=0.4787 | decisions=48
[TRAIN][WARMSTART] step 150/150 | instance=14 | bc_loss=0.5110 | decisions=43
[TRAIN] Warm-start complete, switching to BOPO preference optimization.
------------------------------------------------------------
[TRAIN] BOPO agent ready. Starting training loop for 100 step(s)...
------------------------------------------------------------
[TRAIN] Step 1/100 | 14:17:12
[TRAIN] Step 1 | Loss=4.536551 | Best makespan in group=376.00
[TRAIN] Step 2/100 | 14:17:18
[TRAIN] Step 2 | Loss=1.656826 | Best makespan in group=498.00
[TRAIN] Step 3/100 | 14:17:24
[TRAIN] Step 3 | Loss=3.962638 | Best makespan in group=387.00
[TRAIN] Step 4/100 | 14:17:30
[TRAIN] Step 4 | Loss=12.820355 | Best makespan in group=340.00
[TRAIN] Step 5/100 | 14:17:35
[TRAIN] Step 5 | Loss=2.100837 | Best makespan in group=600.00
[TRAIN] Step 6/100 | 14:17:43
[TRAIN] Step 6 | Loss=1.338691 | Best makespan in group=389.00
[TRAIN] Step 7/100 | 14:17:49
[TRAIN] Step 7 | Loss=1.865893 | Best makespan in group=342.00
[TRAIN] Step 8/100 | 14:17:55
[TRAIN] Step 8 | Loss=0.074951 | Best makespan in group=507.00
[TRAIN] Step 9/100 | 14:18:00
[TRAIN] Step 9 | Loss=5.356013 | Best makespan in group=367.00
[TRAIN] Step 10/100 | 14:18:05
[TRAIN] Step 10 | Loss=0.245693 | Best makespan in group=377.00
[TRAIN] Step 11/100 | 14:18:11
[TRAIN] Step 11 | Loss=6.022956 | Best makespan in group=368.00
[TRAIN] Step 12/100 | 14:18:17
[TRAIN] Step 12 | Loss=0.306072 | Best makespan in group=621.00
[TRAIN] Step 13/100 | 14:18:25
[TRAIN] Step 13 | Loss=1.641917 | Best makespan in group=416.00
[TRAIN] Step 14/100 | 14:18:31
[TRAIN] Step 14 | Loss=9.867911 | Best makespan in group=310.00
[TRAIN] Step 15/100 | 14:18:37
[TRAIN] Step 15 | Loss=0.001469 | Best makespan in group=367.00
[TRAIN] Step 16/100 | 14:18:43
[TRAIN] Step 16 | Loss=2.928171 | Best makespan in group=438.00
[TRAIN] Step 17/100 | 14:18:50
[TRAIN] Step 17 | Loss=0.017867 | Best makespan in group=366.00
[TRAIN] Step 18/100 | 14:18:56
[TRAIN] Step 18 | Loss=3.442100 | Best makespan in group=319.00
[TRAIN] Step 19/100 | 14:19:03
[TRAIN] Step 19 | Loss=3.093214 | Best makespan in group=377.00
[TRAIN] Step 20/100 | 14:19:10
[TRAIN] Step 20 | Loss=1.267600 | Best makespan in group=423.00
[TRAIN][VAL][ep 20] avg_gap=0.2209 | std_gap=0.1646 | q80_gap=0.3734 | n=30
[TRAIN] Validation improved | avg_gap=0.2209 | saving candidate: 954691994698635.pth
[TRAIN] Step 21/100 | 14:19:34
[TRAIN] Step 21 | Loss=8.240450 | Best makespan in group=310.00
[TRAIN] Step 22/100 | 14:19:40
[TRAIN] Step 22 | Loss=1.013615 | Best makespan in group=322.00
[TRAIN] Step 23/100 | 14:19:46
[TRAIN] Step 23 | Loss=2.460165 | Best makespan in group=547.00
[TRAIN] Step 24/100 | 14:19:51
[TRAIN] Step 24 | Loss=0.961351 | Best makespan in group=354.00
[TRAIN] Step 25/100 | 14:19:57
[TRAIN] Step 25 | Loss=0.787489 | Best makespan in group=368.00
[TRAIN] Step 26/100 | 14:20:03
[TRAIN] Step 26 | Loss=3.506175 | Best makespan in group=361.00
[TRAIN] Step 27/100 | 14:20:08
[TRAIN] Step 27 | Loss=5.786736 | Best makespan in group=618.00
[TRAIN] Step 28/100 | 14:20:16
[TRAIN] Step 28 | Loss=0.847184 | Best makespan in group=353.00
[TRAIN] Step 29/100 | 14:20:21
[TRAIN] Step 29 | Loss=0.699247 | Best makespan in group=366.00
[TRAIN] Step 30/100 | 14:20:26
[TRAIN] Step 30 | Loss=1.104364 | Best makespan in group=450.00
[TRAIN] Step 31/100 | 14:20:33
[TRAIN] Step 31 | Loss=2.932786 | Best makespan in group=354.00
[TRAIN] Step 32/100 | 14:20:39
[TRAIN] Step 32 | Loss=0.449806 | Best makespan in group=397.00
[TRAIN] Step 33/100 | 14:20:45
[TRAIN] Step 33 | Loss=0.787592 | Best makespan in group=584.00
[TRAIN] Step 34/100 | 14:20:51
[TRAIN] Step 34 | Loss=7.119282 | Best makespan in group=641.00
[TRAIN] Step 35/100 | 14:20:58
[TRAIN] Step 35 | Loss=4.309038 | Best makespan in group=422.00
[TRAIN] Step 36/100 | 14:21:04
[TRAIN] Step 36 | Loss=0.180469 | Best makespan in group=372.00
[TRAIN] Step 37/100 | 14:21:10
[TRAIN] Step 37 | Loss=0.223153 | Best makespan in group=351.00
[TRAIN] Step 38/100 | 14:21:17
[TRAIN] Step 38 | Loss=0.066291 | Best makespan in group=384.00
[TRAIN] Step 39/100 | 14:21:23
[TRAIN] Step 39 | Loss=0.010039 | Best makespan in group=407.00
[TRAIN] Step 40/100 | 14:21:29
[TRAIN] Step 40 | Loss=0.554793 | Best makespan in group=441.00
[TRAIN][VAL][ep 40] avg_gap=0.1800 | std_gap=0.1139 | q80_gap=0.2540 | n=30
[TRAIN] Validation improved | avg_gap=0.1800 | saving candidate: 373878952135506.pth
[TRAIN] Step 41/100 | 14:21:53
[TRAIN] Step 41 | Loss=0.197925 | Best makespan in group=579.00
[TRAIN] Step 42/100 | 14:22:01
[TRAIN] Step 42 | Loss=1.613685 | Best makespan in group=347.00
[TRAIN] Step 43/100 | 14:22:07
[TRAIN] Step 43 | Loss=0.616865 | Best makespan in group=623.00
[TRAIN] Step 44/100 | 14:22:14
[TRAIN] Step 44 | Loss=0.371745 | Best makespan in group=379.00
[TRAIN] Step 45/100 | 14:22:21
[TRAIN] Step 45 | Loss=2.025787 | Best makespan in group=398.00
[TRAIN] Step 46/100 | 14:22:26
[TRAIN] Step 46 | Loss=0.567903 | Best makespan in group=320.00
[TRAIN] Step 47/100 | 14:22:33
[TRAIN] Step 47 | Loss=2.144094 | Best makespan in group=365.00
[TRAIN] Step 48/100 | 14:22:38
[TRAIN] Step 48 | Loss=7.396016 | Best makespan in group=346.00
[TRAIN] Step 49/100 | 14:22:44
[TRAIN] Step 49 | Loss=2.846954 | Best makespan in group=397.00
[TRAIN] Step 50/100 | 14:22:50
[TRAIN] Step 50 | Loss=1.798521 | Best makespan in group=379.00
[TRAIN] Step 51/100 | 14:22:54
[TRAIN] Step 51 | Loss=1.742303 | Best makespan in group=352.00
[TRAIN] Step 52/100 | 14:22:59
[TRAIN] Step 52 | Loss=0.841477 | Best makespan in group=358.00
[TRAIN] Step 53/100 | 14:23:04
[TRAIN] Step 53 | Loss=1.394974 | Best makespan in group=343.00
[TRAIN] Step 54/100 | 14:23:09
[TRAIN] Step 54 | Loss=0.192505 | Best makespan in group=398.00
[TRAIN] Step 55/100 | 14:23:17
[TRAIN] Step 55 | Loss=1.767880 | Best makespan in group=504.00
[TRAIN] Step 56/100 | 14:23:22
[TRAIN] Step 56 | Loss=3.648571 | Best makespan in group=357.00
[TRAIN] Step 57/100 | 14:23:27
[TRAIN] Step 57 | Loss=5.328667 | Best makespan in group=368.00
[TRAIN] Step 58/100 | 14:23:33
[TRAIN] Step 58 | Loss=0.739028 | Best makespan in group=303.00
[TRAIN] Step 59/100 | 14:23:38
[TRAIN] Step 59 | Loss=0.000016 | Best makespan in group=370.00
[TRAIN] Step 60/100 | 14:23:44
[TRAIN] Step 60 | Loss=2.466810 | Best makespan in group=549.00
[TRAIN][VAL][ep 60] avg_gap=0.2610 | std_gap=0.1215 | q80_gap=0.3699 | n=30
[TRAIN] Step 61/100 | 14:24:05
[TRAIN] Step 61 | Loss=0.079701 | Best makespan in group=345.00
[TRAIN] Step 62/100 | 14:24:11
[TRAIN] Step 62 | Loss=0.198429 | Best makespan in group=365.00
[TRAIN] Step 63/100 | 14:24:17
[TRAIN] Step 63 | Loss=0.000060 | Best makespan in group=350.00
[TRAIN] Step 64/100 | 14:24:22
[TRAIN] Step 64 | Loss=1.091138 | Best makespan in group=364.00
[TRAIN] Step 65/100 | 14:24:28
[TRAIN] Step 65 | Loss=1.111606 | Best makespan in group=534.00
[TRAIN] Step 66/100 | 14:24:33
[TRAIN] Step 66 | Loss=0.002078 | Best makespan in group=359.00
[TRAIN] Step 67/100 | 14:24:38
[TRAIN] Step 67 | Loss=2.259458 | Best makespan in group=353.00
[TRAIN] Step 68/100 | 14:24:44
[TRAIN] Step 68 | Loss=0.165684 | Best makespan in group=307.00
[TRAIN] Step 69/100 | 14:24:50
[TRAIN] Step 69 | Loss=0.000015 | Best makespan in group=591.00
[TRAIN] Step 70/100 | 14:24:57
[TRAIN] Step 70 | Loss=1.379146 | Best makespan in group=349.00
[TRAIN] Step 71/100 | 14:25:02
[TRAIN] Step 71 | Loss=0.315211 | Best makespan in group=489.00
[TRAIN] Step 72/100 | 14:25:07
[TRAIN] Step 72 | Loss=7.286730 | Best makespan in group=307.00
[TRAIN] Step 73/100 | 14:25:12
[TRAIN] Step 73 | Loss=0.196532 | Best makespan in group=385.00
[TRAIN] Step 74/100 | 14:25:18
[TRAIN] Step 74 | Loss=0.000409 | Best makespan in group=396.00
[TRAIN] Step 75/100 | 14:25:25
[TRAIN] Step 75 | Loss=0.002405 | Best makespan in group=559.00
[TRAIN] Refreshing training instances (step 75)...
[TRAIN] Step 76/100 | 14:25:32
[TRAIN] Step 76 | Loss=0.571085 | Best makespan in group=613.00
[TRAIN] Step 77/100 | 14:25:39
[TRAIN] Step 77 | Loss=0.374447 | Best makespan in group=360.00
[TRAIN] Step 78/100 | 14:25:46
[TRAIN] Step 78 | Loss=0.000080 | Best makespan in group=353.00
[TRAIN] Step 79/100 | 14:25:53
[TRAIN] Step 79 | Loss=0.001611 | Best makespan in group=435.00
[TRAIN] Step 80/100 | 14:26:01
[TRAIN] Step 80 | Loss=0.361585 | Best makespan in group=631.00
[TRAIN][VAL][ep 80] avg_gap=0.1747 | std_gap=0.1332 | q80_gap=0.2886 | n=30
[TRAIN] Validation improved | avg_gap=0.1747 | saving candidate: 401458310480729.pth
[TRAIN] Step 81/100 | 14:26:24
[TRAIN] Step 81 | Loss=5.720787 | Best makespan in group=452.00
[TRAIN] Step 82/100 | 14:26:29
[TRAIN] Step 82 | Loss=0.662341 | Best makespan in group=376.00
[TRAIN] Step 83/100 | 14:26:35
[TRAIN] Step 83 | Loss=0.686453 | Best makespan in group=336.00
[TRAIN] Step 84/100 | 14:26:40
[TRAIN] Step 84 | Loss=0.000773 | Best makespan in group=353.00
[TRAIN] Step 85/100 | 14:26:45
[TRAIN] Step 85 | Loss=0.005352 | Best makespan in group=384.00
[TRAIN] Step 86/100 | 14:26:49
[TRAIN] Step 86 | Loss=0.000399 | Best makespan in group=388.00
[TRAIN] Step 87/100 | 14:26:56
[TRAIN] Step 87 | Loss=0.152519 | Best makespan in group=544.00
[TRAIN] Step 88/100 | 14:27:01
[TRAIN] Step 88 | Loss=0.878010 | Best makespan in group=339.00
[TRAIN] Step 89/100 | 14:27:07
[TRAIN] Step 89 | Loss=0.026537 | Best makespan in group=525.00
[TRAIN] Step 90/100 | 14:27:13
[TRAIN] Step 90 | Loss=0.001547 | Best makespan in group=627.00
[TRAIN] Step 91/100 | 14:27:20
[TRAIN] Step 91 | Loss=0.005059 | Best makespan in group=416.00
[TRAIN] Step 92/100 | 14:27:24
[TRAIN] Step 92 | Loss=0.353310 | Best makespan in group=317.00
[TRAIN] Step 93/100 | 14:27:29
[TRAIN] Step 93 | Loss=2.366322 | Best makespan in group=331.00
[TRAIN] Step 94/100 | 14:27:35
[TRAIN] Step 94 | Loss=0.000812 | Best makespan in group=444.00
[TRAIN] Step 95/100 | 14:27:40
[TRAIN] Step 95 | Loss=0.696328 | Best makespan in group=419.00
[TRAIN] Step 96/100 | 14:27:45
[TRAIN] Step 96 | Loss=0.006278 | Best makespan in group=394.00
[TRAIN] Step 97/100 | 14:27:50
[TRAIN] Step 97 | Loss=0.003046 | Best makespan in group=317.00
[TRAIN] Step 98/100 | 14:27:55
[TRAIN] Step 98 | Loss=0.614775 | Best makespan in group=356.00
[TRAIN] Step 99/100 | 14:28:00
[TRAIN] Step 99 | Loss=0.182033 | Best makespan in group=596.00
[TRAIN] Step 100/100 | 14:28:07
[TRAIN] Step 100 | Loss=0.523482 | Best makespan in group=397.00
[TRAIN][VAL][ep 100] avg_gap=0.1996 | std_gap=0.1338 | q80_gap=0.2935 | n=30
[TRAIN] Evaluating best checkpoint (candidate_models/401458310480729.pth) on the held-out test split...
[TRAIN][TEST] avg_gap=0.1695 | std_gap=0.1217 | q80_gap=0.2939 | n=30
[TRAIN][14:28:47] Training ended. Validation history and plots updated.
=== DONE convergence_check_oo_gin_fixed in 782.2s ===
