D:\Dissertação\dissertation-bopo_introduction\venv\Lib\site-packages\torch\jit\_script.py:1485: FutureWarning: `torch.jit.script` is not supported in Python 3.14+ and may break. Please switch to `torch.compile` or `torch.export`.
  warnings.warn(
=== START convergence_check_ojm_gin_fixed @ 14:15:45 ===
============================================================
[TRAIN] Training started at: 2026-09-18 14:15:45
[TRAIN] Hyperparams | max_steps=100 | new_freq=75
[TRAIN]             | n_cases=20 | B=24 | K=8 | use_greedy=True | lr=0.0005
[TRAIN]             | warm_start_steps=150
[TRAIN]             | hidden_channels=128 | num_layers=2 | heads=3
[TRAIN] Representation | ojm | GNN | gin
[TRAIN] Problem size | jobs=[8,10] | machines=[5,10] | ops_per_job=[5,6] | max_proc=100
============================================================
[TRAIN] Output run folder: results\convergence_check_ojm_gin_fixed
[TRAIN] Validation config | every=20 steps | instances=30 (representative subset)
[TRAIN] Warm-start (behavior cloning vs. dispatch heuristic) | 150 step(s)...
[TRAIN][WARMSTART] step 7/150 | instance=0 | bc_loss=2.3933 | decisions=57
[TRAIN][WARMSTART] step 14/150 | instance=5 | bc_loss=2.2003 | decisions=55
[TRAIN][WARMSTART] step 21/150 | instance=7 | bc_loss=1.9356 | decisions=55
[TRAIN][WARMSTART] step 28/150 | instance=10 | bc_loss=1.8487 | decisions=44
[TRAIN][WARMSTART] step 35/150 | instance=19 | bc_loss=1.9065 | decisions=55
[TRAIN][WARMSTART] step 42/150 | instance=0 | bc_loss=1.7286 | decisions=57
[TRAIN][WARMSTART] step 49/150 | instance=10 | bc_loss=1.7353 | decisions=44
[TRAIN][WARMSTART] step 56/150 | instance=9 | bc_loss=1.7311 | decisions=55
[TRAIN][WARMSTART] step 63/150 | instance=19 | bc_loss=1.6503 | decisions=55
[TRAIN][WARMSTART] step 70/150 | instance=18 | bc_loss=1.6731 | decisions=48
[TRAIN][WARMSTART] step 77/150 | instance=1 | bc_loss=2.1376 | decisions=52
[TRAIN][WARMSTART] step 84/150 | instance=16 | bc_loss=1.3750 | decisions=46
[TRAIN][WARMSTART] step 91/150 | instance=1 | bc_loss=1.9858 | decisions=52
[TRAIN][WARMSTART] step 98/150 | instance=18 | bc_loss=1.6380 | decisions=48
[TRAIN][WARMSTART] step 105/150 | instance=18 | bc_loss=1.4659 | decisions=48
[TRAIN][WARMSTART] step 112/150 | instance=15 | bc_loss=1.5827 | decisions=48
[TRAIN][WARMSTART] step 119/150 | instance=16 | bc_loss=1.3440 | decisions=46
[TRAIN][WARMSTART] step 126/150 | instance=17 | bc_loss=1.7021 | decisions=55
[TRAIN][WARMSTART] step 133/150 | instance=0 | bc_loss=1.5254 | decisions=57
[TRAIN][WARMSTART] step 140/150 | instance=17 | bc_loss=1.6248 | decisions=55
[TRAIN][WARMSTART] step 147/150 | instance=8 | bc_loss=1.4821 | decisions=49
[TRAIN][WARMSTART] step 150/150 | instance=11 | bc_loss=1.6815 | decisions=45
[TRAIN] Warm-start complete, switching to BOPO preference optimization.
------------------------------------------------------------
[TRAIN] BOPO agent ready. Starting training loop for 100 step(s)...
------------------------------------------------------------
[TRAIN] Step 1/100 | 14:20:43
[TRAIN] Step 1 | Loss=1.282943 | Best makespan in group=376.00
[TRAIN] Step 2/100 | 14:21:01
[TRAIN] Step 2 | Loss=7.445609 | Best makespan in group=681.00
[TRAIN] Step 3/100 | 14:21:21
[TRAIN] Step 3 | Loss=7.631702 | Best makespan in group=585.00
[TRAIN] Step 4/100 | 14:21:41
[TRAIN] Step 4 | Loss=11.445124 | Best makespan in group=440.00
[TRAIN] Step 5/100 | 14:22:01
[TRAIN] Step 5 | Loss=-0.000000 | Best makespan in group=544.00
[TRAIN] Step 6/100 | 14:22:20
[TRAIN] Step 6 | Loss=0.332155 | Best makespan in group=619.00
[TRAIN] Step 7/100 | 14:22:39
[TRAIN] Step 7 | Loss=0.118500 | Best makespan in group=564.00
[TRAIN] Step 8/100 | 14:22:57
[TRAIN] Step 8 | Loss=1.190148 | Best makespan in group=549.00
[TRAIN] Step 9/100 | 14:23:16
[TRAIN] Step 9 | Loss=1.115299 | Best makespan in group=522.00
[TRAIN] Step 10/100 | 14:23:33
[TRAIN] Step 10 | Loss=5.912025 | Best makespan in group=389.00
[TRAIN] Step 11/100 | 14:23:51
[TRAIN] Step 11 | Loss=0.873531 | Best makespan in group=430.00
[TRAIN] Step 12/100 | 14:24:12
[TRAIN] Step 12 | Loss=2.819019 | Best makespan in group=598.00
[TRAIN] Step 13/100 | 14:24:27
[TRAIN] Step 13 | Loss=2.044138 | Best makespan in group=399.00
[TRAIN] Step 14/100 | 14:24:42
[TRAIN] Step 14 | Loss=2.426005 | Best makespan in group=531.00
[TRAIN] Step 15/100 | 14:25:03
[TRAIN] Step 15 | Loss=1.185058 | Best makespan in group=471.00
[TRAIN] Step 16/100 | 14:25:23
[TRAIN] Step 16 | Loss=0.000002 | Best makespan in group=590.00
[TRAIN] Step 17/100 | 14:25:41
[TRAIN] Step 17 | Loss=1.236752 | Best makespan in group=403.00
[TRAIN] Step 18/100 | 14:25:59
[TRAIN] Step 18 | Loss=3.795349 | Best makespan in group=412.00
[TRAIN] Step 19/100 | 14:26:23
[TRAIN] Step 19 | Loss=2.465025 | Best makespan in group=364.00
[TRAIN] Step 20/100 | 14:26:40
[TRAIN] Step 20 | Loss=10.436236 | Best makespan in group=360.00
[TRAIN][VAL][ep 20] avg_gap=0.2934 | std_gap=0.1802 | q80_gap=0.4494 | n=30
[TRAIN] Validation improved | avg_gap=0.2934 | saving candidate: 981808234581217.pth
[TRAIN] Step 21/100 | 14:27:54
[TRAIN] Step 21 | Loss=0.000321 | Best makespan in group=521.00
[TRAIN] Step 22/100 | 14:28:14
[TRAIN] Step 22 | Loss=0.000321 | Best makespan in group=536.00
[TRAIN] Step 23/100 | 14:28:33
[TRAIN] Step 23 | Loss=-0.000000 | Best makespan in group=394.00
[TRAIN] Step 24/100 | 14:28:52
[TRAIN] Step 24 | Loss=0.001439 | Best makespan in group=407.00
[TRAIN] Step 25/100 | 14:29:07
[TRAIN] Step 25 | Loss=0.581298 | Best makespan in group=592.00
[TRAIN] Step 26/100 | 14:29:22
[TRAIN] Step 26 | Loss=1.675168 | Best makespan in group=359.00
[TRAIN] Step 27/100 | 14:29:36
[TRAIN] Step 27 | Loss=0.000000 | Best makespan in group=474.00
[TRAIN] Step 28/100 | 14:29:54
[TRAIN] Step 28 | Loss=0.576706 | Best makespan in group=618.00
[TRAIN] Step 29/100 | 14:30:09
[TRAIN] Step 29 | Loss=-0.000000 | Best makespan in group=546.00
[TRAIN] Step 30/100 | 14:30:21
[TRAIN] Step 30 | Loss=0.089998 | Best makespan in group=416.00
[TRAIN] Step 31/100 | 14:30:39
[TRAIN] Step 31 | Loss=0.000001 | Best makespan in group=543.00
[TRAIN] Step 32/100 | 14:30:52
[TRAIN] Step 32 | Loss=0.211944 | Best makespan in group=504.00
[TRAIN] Step 33/100 | 14:31:06
[TRAIN] Step 33 | Loss=0.000000 | Best makespan in group=380.00
[TRAIN] Step 34/100 | 14:31:18
[TRAIN] Step 34 | Loss=0.000000 | Best makespan in group=502.00
[TRAIN] Step 35/100 | 14:31:31
[TRAIN] Step 35 | Loss=0.713610 | Best makespan in group=331.00
[TRAIN] Step 36/100 | 14:31:45
[TRAIN] Step 36 | Loss=0.374780 | Best makespan in group=367.00
[TRAIN] Step 37/100 | 14:31:58
[TRAIN] Step 37 | Loss=-0.000000 | Best makespan in group=492.00
[TRAIN] Step 38/100 | 14:32:15
[TRAIN] Step 38 | Loss=0.122007 | Best makespan in group=382.00
[TRAIN] Step 39/100 | 14:32:30
[TRAIN] Step 39 | Loss=0.000006 | Best makespan in group=588.00
[TRAIN] Step 40/100 | 14:32:43
[TRAIN] Step 40 | Loss=0.000015 | Best makespan in group=478.00
[TRAIN][VAL][ep 40] avg_gap=0.2742 | std_gap=0.1639 | q80_gap=0.3980 | n=30
[TRAIN] Validation improved | avg_gap=0.2742 | saving candidate: 560746788279182.pth
[TRAIN] Step 41/100 | 14:33:48
[TRAIN] Step 41 | Loss=0.000003 | Best makespan in group=395.00
[TRAIN] Step 42/100 | 14:34:05
[TRAIN] Step 42 | Loss=0.000002 | Best makespan in group=581.00
[TRAIN] Step 43/100 | 14:34:17
[TRAIN] Step 43 | Loss=4.550176 | Best makespan in group=375.00
[TRAIN] Step 44/100 | 14:34:31
[TRAIN] Step 44 | Loss=0.000001 | Best makespan in group=604.00
[TRAIN] Step 45/100 | 14:34:48
[TRAIN] Step 45 | Loss=4.895978 | Best makespan in group=369.00
[TRAIN] Step 46/100 | 14:35:02
[TRAIN] Step 46 | Loss=0.000000 | Best makespan in group=571.00
[TRAIN] Step 47/100 | 14:35:18
[TRAIN] Step 47 | Loss=0.164390 | Best makespan in group=396.00
[TRAIN] Step 48/100 | 14:35:31
[TRAIN] Step 48 | Loss=2.117332 | Best makespan in group=593.00
[TRAIN] Step 49/100 | 14:35:46
[TRAIN] Step 49 | Loss=0.000000 | Best makespan in group=387.00
[TRAIN] Step 50/100 | 14:36:06
[TRAIN] Step 50 | Loss=0.000002 | Best makespan in group=515.00
[TRAIN] Step 51/100 | 14:36:20
[TRAIN] Step 51 | Loss=0.000001 | Best makespan in group=506.00
[TRAIN] Step 52/100 | 14:36:35
[TRAIN] Step 52 | Loss=0.017393 | Best makespan in group=416.00
[TRAIN] Step 53/100 | 14:36:50
[TRAIN] Step 53 | Loss=2.098554 | Best makespan in group=468.00
[TRAIN] Step 54/100 | 14:37:07
[TRAIN] Step 54 | Loss=0.000000 | Best makespan in group=483.00
[TRAIN] Step 55/100 | 14:37:25
[TRAIN] Step 55 | Loss=0.000003 | Best makespan in group=443.00
[TRAIN] Step 56/100 | 14:37:42
[TRAIN] Step 56 | Loss=0.000001 | Best makespan in group=531.00
[TRAIN] Step 57/100 | 14:37:56
[TRAIN] Step 57 | Loss=2.293971 | Best makespan in group=335.00
[TRAIN] Step 58/100 | 14:38:09
[TRAIN] Step 58 | Loss=0.000028 | Best makespan in group=539.00
[TRAIN] Step 59/100 | 14:38:24
[TRAIN] Step 59 | Loss=0.059321 | Best makespan in group=366.00
[TRAIN] Step 60/100 | 14:38:37
[TRAIN] Step 60 | Loss=0.000043 | Best makespan in group=476.00
[TRAIN][VAL][ep 60] avg_gap=0.1962 | std_gap=0.0827 | q80_gap=0.2377 | n=30
[TRAIN] Validation improved | avg_gap=0.1962 | saving candidate: 532921502875591.pth
[TRAIN] Step 61/100 | 14:39:28
[TRAIN] Step 61 | Loss=0.000002 | Best makespan in group=466.00
[TRAIN] Step 62/100 | 14:39:41
[TRAIN] Step 62 | Loss=0.003662 | Best makespan in group=518.00
[TRAIN] Step 63/100 | 14:39:54
[TRAIN] Step 63 | Loss=0.000654 | Best makespan in group=445.00
[TRAIN] Step 64/100 | 14:40:06
[TRAIN] Step 64 | Loss=0.000072 | Best makespan in group=459.00
[TRAIN] Step 65/100 | 14:40:20
[TRAIN] Step 65 | Loss=0.000485 | Best makespan in group=520.00
[TRAIN] Step 66/100 | 14:40:33
[TRAIN] Step 66 | Loss=0.011327 | Best makespan in group=405.00
[TRAIN] Step 67/100 | 14:40:45
[TRAIN] Step 67 | Loss=0.000058 | Best makespan in group=509.00
[TRAIN] Step 68/100 | 14:40:59
[TRAIN] Step 68 | Loss=1.321938 | Best makespan in group=362.00
[TRAIN] Step 69/100 | 14:41:11
[TRAIN] Step 69 | Loss=0.003518 | Best makespan in group=598.00
[TRAIN] Step 70/100 | 14:41:22
[TRAIN] Step 70 | Loss=0.000356 | Best makespan in group=373.00
[TRAIN] Step 71/100 | 14:41:33
[TRAIN] Step 71 | Loss=0.000011 | Best makespan in group=376.00
[TRAIN] Step 72/100 | 14:41:46
[TRAIN] Step 72 | Loss=0.001314 | Best makespan in group=393.00
[TRAIN] Step 73/100 | 14:41:56
[TRAIN] Step 73 | Loss=0.000304 | Best makespan in group=415.00
[TRAIN] Step 74/100 | 14:42:12
[TRAIN] Step 74 | Loss=0.001262 | Best makespan in group=615.00
[TRAIN] Step 75/100 | 14:42:25
[TRAIN] Step 75 | Loss=0.708741 | Best makespan in group=589.00
[TRAIN] Refreshing training instances (step 75)...
[TRAIN] Step 76/100 | 14:42:36
[TRAIN] Step 76 | Loss=0.000791 | Best makespan in group=583.00
[TRAIN] Step 77/100 | 14:42:49
[TRAIN] Step 77 | Loss=0.232781 | Best makespan in group=442.00
[TRAIN] Step 78/100 | 14:43:04
[TRAIN] Step 78 | Loss=0.447251 | Best makespan in group=412.00
[TRAIN] Step 79/100 | 14:43:15
[TRAIN] Step 79 | Loss=0.000001 | Best makespan in group=394.00
[TRAIN] Step 80/100 | 14:43:29
[TRAIN] Step 80 | Loss=0.008584 | Best makespan in group=546.00
[TRAIN][VAL][ep 80] avg_gap=0.2166 | std_gap=0.0751 | q80_gap=0.2950 | n=30
[TRAIN] Step 81/100 | 14:44:14
[TRAIN] Step 81 | Loss=0.212580 | Best makespan in group=403.00
[TRAIN] Step 82/100 | 14:44:24
[TRAIN] Step 82 | Loss=0.053374 | Best makespan in group=412.00
[TRAIN] Step 83/100 | 14:44:36
[TRAIN] Step 83 | Loss=-0.000000 | Best makespan in group=441.00
[TRAIN] Step 84/100 | 14:44:50
[TRAIN] Step 84 | Loss=0.041227 | Best makespan in group=374.00
[TRAIN] Step 85/100 | 14:45:05
[TRAIN] Step 85 | Loss=1.570105 | Best makespan in group=324.00
[TRAIN] Step 86/100 | 14:45:16
[TRAIN] Step 86 | Loss=0.058208 | Best makespan in group=589.00
[TRAIN] Step 87/100 | 14:45:27
[TRAIN] Step 87 | Loss=0.221244 | Best makespan in group=419.00
[TRAIN] Step 88/100 | 14:45:40
[TRAIN] Step 88 | Loss=0.009178 | Best makespan in group=644.00
[TRAIN] Step 89/100 | 14:45:52
[TRAIN] Step 89 | Loss=4.744489 | Best makespan in group=484.00
[TRAIN] Step 90/100 | 14:46:02
[TRAIN] Step 90 | Loss=-0.000000 | Best makespan in group=428.00
[TRAIN] Step 91/100 | 14:46:16
[TRAIN] Step 91 | Loss=0.000681 | Best makespan in group=660.00
[TRAIN] Step 92/100 | 14:46:31
[TRAIN] Step 92 | Loss=0.000001 | Best makespan in group=351.00
[TRAIN] Step 93/100 | 14:46:43
[TRAIN] Step 93 | Loss=1.407164 | Best makespan in group=399.00
[TRAIN] Step 94/100 | 14:46:56
[TRAIN] Step 94 | Loss=-0.000000 | Best makespan in group=339.00
[TRAIN] Step 95/100 | 14:47:08
[TRAIN] Step 95 | Loss=0.000011 | Best makespan in group=415.00
[TRAIN] Step 96/100 | 14:47:20
[TRAIN] Step 96 | Loss=0.005245 | Best makespan in group=413.00
[TRAIN] Step 97/100 | 14:47:32
[TRAIN] Step 97 | Loss=0.000000 | Best makespan in group=393.00
[TRAIN] Step 98/100 | 14:47:46
[TRAIN] Step 98 | Loss=0.000000 | Best makespan in group=387.00
[TRAIN] Step 99/100 | 14:48:00
[TRAIN] Step 99 | Loss=0.249206 | Best makespan in group=325.00
[TRAIN] Step 100/100 | 14:48:11
[TRAIN] Step 100 | Loss=2.660907 | Best makespan in group=403.00
[TRAIN][VAL][ep 100] avg_gap=0.1799 | std_gap=0.0631 | q80_gap=0.2305 | n=30
[TRAIN] Validation improved | avg_gap=0.1799 | saving candidate: 670335226436081.pth
[TRAIN] Evaluating best checkpoint (candidate_models/670335226436081.pth) on the held-out test split...
[TRAIN][TEST] avg_gap=0.2077 | std_gap=0.1069 | q80_gap=0.2670 | n=30
[TRAIN][14:49:50] Training ended. Validation history and plots updated.
=== DONE convergence_check_ojm_gin_fixed in 2045.5s ===
