D:\Dissertação\dissertation-bopo_introduction\venv\Lib\site-packages\torch\jit\_script.py:1485: FutureWarning: `torch.jit.script` is not supported in Python 3.14+ and may break. Please switch to `torch.compile` or `torch.export`.
  warnings.warn(
=== START convergence_check_ojm_gat @ 22:29:05 ===
============================================================
[TRAIN] Training started at: 2026-09-17 22:29:05
[TRAIN] Hyperparams | max_steps=150 | new_freq=75
[TRAIN]             | n_cases=20 | B=24 | K=8 | use_greedy=True | lr=0.0005
[TRAIN]             | warm_start_steps=150
[TRAIN]             | hidden_channels=128 | num_layers=2 | heads=3
[TRAIN] Representation | ojm | GNN | gat
[TRAIN] Problem size | jobs=[8,10] | machines=[5,10] | ops_per_job=[5,6] | max_proc=100
============================================================
[TRAIN] Output run folder: results\convergence_check_ojm_gat
[TRAIN] Validation config | every=20 steps | instances=30 (representative subset)
[TRAIN] Warm-start (behavior cloning vs. dispatch heuristic) | 150 step(s)...
[TRAIN][WARMSTART] step 7/150 | instance=10 | bc_loss=2.4744 | decisions=54
[TRAIN][WARMSTART] step 14/150 | instance=2 | bc_loss=2.0965 | decisions=44
[TRAIN][WARMSTART] step 21/150 | instance=0 | bc_loss=2.3310 | decisions=53
[TRAIN][WARMSTART] step 28/150 | instance=14 | bc_loss=2.3896 | decisions=56
[TRAIN][WARMSTART] step 35/150 | instance=11 | bc_loss=2.3272 | decisions=46
[TRAIN][WARMSTART] step 42/150 | instance=18 | bc_loss=2.2840 | decisions=56
[TRAIN][WARMSTART] step 49/150 | instance=19 | bc_loss=2.3503 | decisions=53
[TRAIN][WARMSTART] step 56/150 | instance=12 | bc_loss=2.3954 | decisions=46
[TRAIN][WARMSTART] step 63/150 | instance=8 | bc_loss=2.4665 | decisions=49
[TRAIN][WARMSTART] step 70/150 | instance=16 | bc_loss=2.4045 | decisions=43
[TRAIN][WARMSTART] step 77/150 | instance=9 | bc_loss=2.0330 | decisions=43
[TRAIN][WARMSTART] step 84/150 | instance=1 | bc_loss=2.4819 | decisions=52
[TRAIN][WARMSTART] step 91/150 | instance=16 | bc_loss=2.3818 | decisions=43
[TRAIN][WARMSTART] step 98/150 | instance=12 | bc_loss=2.3386 | decisions=46
[TRAIN][WARMSTART] step 105/150 | instance=0 | bc_loss=2.1355 | decisions=53
[TRAIN][WARMSTART] step 112/150 | instance=3 | bc_loss=2.0920 | decisions=48
[TRAIN][WARMSTART] step 119/150 | instance=18 | bc_loss=2.1838 | decisions=56
[TRAIN][WARMSTART] step 126/150 | instance=9 | bc_loss=1.9364 | decisions=43
[TRAIN][WARMSTART] step 133/150 | instance=6 | bc_loss=2.1695 | decisions=43
[TRAIN][WARMSTART] step 140/150 | instance=13 | bc_loss=2.2302 | decisions=55
[TRAIN][WARMSTART] step 147/150 | instance=2 | bc_loss=1.8471 | decisions=44
[TRAIN][WARMSTART] step 150/150 | instance=14 | bc_loss=2.2566 | decisions=56
[TRAIN] Warm-start complete, switching to BOPO preference optimization.
------------------------------------------------------------
[TRAIN] BOPO agent ready. Starting training loop for 150 step(s)...
------------------------------------------------------------
[TRAIN] Step 1/150 | 22:35:56
[TRAIN] Step 1 | Loss=13.131162 | Best makespan in group=516.00
[TRAIN] Step 2/150 | 22:36:33
[TRAIN] Step 2 | Loss=10.167564 | Best makespan in group=530.00
[TRAIN] Step 3/150 | 22:37:08
[TRAIN] Step 3 | Loss=10.189276 | Best makespan in group=416.00
[TRAIN] Step 4/150 | 22:37:33
[TRAIN] Step 4 | Loss=5.240879 | Best makespan in group=547.00
[TRAIN] Step 5/150 | 22:37:57
[TRAIN] Step 5 | Loss=0.965894 | Best makespan in group=573.00
[TRAIN] Step 6/150 | 22:38:19
[TRAIN] Step 6 | Loss=6.989382 | Best makespan in group=375.00
[TRAIN] Step 7/150 | 22:38:45
[TRAIN] Step 7 | Loss=14.520845 | Best makespan in group=387.00
[TRAIN] Step 8/150 | 22:39:06
[TRAIN] Step 8 | Loss=4.450207 | Best makespan in group=451.00
[TRAIN] Step 9/150 | 22:39:33
[TRAIN] Step 9 | Loss=11.302765 | Best makespan in group=473.00
[TRAIN] Step 10/150 | 22:39:59
[TRAIN] Step 10 | Loss=2.725529 | Best makespan in group=566.00
[TRAIN] Step 11/150 | 22:40:16
[TRAIN] Step 11 | Loss=6.430612 | Best makespan in group=602.00
[TRAIN] Step 12/150 | 22:40:38
[TRAIN] Step 12 | Loss=0.789199 | Best makespan in group=382.00
[TRAIN] Step 13/150 | 22:41:03
[TRAIN] Step 13 | Loss=3.154416 | Best makespan in group=609.00
[TRAIN] Step 14/150 | 22:41:30
[TRAIN] Step 14 | Loss=3.334284 | Best makespan in group=493.00
[TRAIN] Step 15/150 | 22:42:03
[TRAIN] Step 15 | Loss=0.016670 | Best makespan in group=404.00
[TRAIN] Step 16/150 | 22:42:25
[TRAIN] Step 16 | Loss=4.253192 | Best makespan in group=477.00
[TRAIN] Step 17/150 | 22:42:55
[TRAIN] Step 17 | Loss=2.829896 | Best makespan in group=627.00
[TRAIN] Step 18/150 | 22:43:21
[TRAIN] Step 18 | Loss=0.182956 | Best makespan in group=509.00
[TRAIN] Step 19/150 | 22:43:40
[TRAIN] Step 19 | Loss=8.724486 | Best makespan in group=523.00
[TRAIN] Step 20/150 | 22:44:11
[TRAIN] Step 20 | Loss=9.084707 | Best makespan in group=555.00
[TRAIN][VAL][ep 20] avg_gap=0.3368 | std_gap=0.1962 | q80_gap=0.4874 | n=30
[TRAIN] Validation improved | avg_gap=0.3368 | saving candidate: 350250979859307.pth
[TRAIN] Step 21/150 | 22:46:01
[TRAIN] Step 21 | Loss=0.009331 | Best makespan in group=379.00
[TRAIN] Step 22/150 | 22:46:25
[TRAIN] Step 22 | Loss=0.000057 | Best makespan in group=442.00
[TRAIN] Step 23/150 | 22:46:51
[TRAIN] Step 23 | Loss=7.939300 | Best makespan in group=544.00
[TRAIN] Step 24/150 | 22:47:18
[TRAIN] Step 24 | Loss=1.810972 | Best makespan in group=608.00
[TRAIN] Step 25/150 | 22:47:39
[TRAIN] Step 25 | Loss=-0.000000 | Best makespan in group=459.00
[TRAIN] Step 26/150 | 22:48:03
[TRAIN] Step 26 | Loss=5.760926 | Best makespan in group=446.00
[TRAIN] Step 27/150 | 22:48:30
[TRAIN] Step 27 | Loss=13.069349 | Best makespan in group=423.00
[TRAIN] Step 28/150 | 22:48:52
[TRAIN] Step 28 | Loss=9.102982 | Best makespan in group=477.00
[TRAIN] Step 29/150 | 22:49:24
[TRAIN] Step 29 | Loss=1.780815 | Best makespan in group=501.00
[TRAIN] Step 30/150 | 22:49:57
[TRAIN] Step 30 | Loss=0.000001 | Best makespan in group=403.00
[TRAIN] Step 31/150 | 22:50:31
[TRAIN] Step 31 | Loss=0.046905 | Best makespan in group=341.00
[TRAIN] Step 32/150 | 22:50:54
[TRAIN] Step 32 | Loss=2.047301 | Best makespan in group=582.00
[TRAIN] Step 33/150 | 22:51:18
[TRAIN] Step 33 | Loss=3.593463 | Best makespan in group=541.00
[TRAIN] Step 34/150 | 22:51:40
[TRAIN] Step 34 | Loss=2.251802 | Best makespan in group=487.00
[TRAIN] Step 35/150 | 08:57:28
[TRAIN] Step 35 | Loss=12.051481 | Best makespan in group=368.00
[TRAIN] Step 36/150 | 08:58:05
[TRAIN] Step 36 | Loss=0.323391 | Best makespan in group=479.00
[TRAIN] Step 37/150 | 08:58:29
[TRAIN] Step 37 | Loss=12.402061 | Best makespan in group=541.00
[TRAIN] Step 38/150 | 08:58:55
[TRAIN] Step 38 | Loss=8.169194 | Best makespan in group=577.00
[TRAIN] Step 39/150 | 08:59:34
[TRAIN] Step 39 | Loss=0.614568 | Best makespan in group=385.00
[TRAIN] Step 40/150 | 08:59:59
[TRAIN] Step 40 | Loss=7.432580 | Best makespan in group=488.00
[TRAIN][VAL][ep 40] avg_gap=0.2326 | std_gap=0.1441 | q80_gap=0.3557 | n=30
[TRAIN] Validation improved | avg_gap=0.2326 | saving candidate: 529209506055848.pth
[TRAIN] Step 41/150 | 09:01:50
[TRAIN] Step 41 | Loss=1.921210 | Best makespan in group=493.00
[TRAIN] Step 42/150 | 09:02:17
[TRAIN] Step 42 | Loss=7.301482 | Best makespan in group=515.00
[TRAIN] Step 43/150 | 09:02:33
[TRAIN] Step 43 | Loss=4.125327 | Best makespan in group=441.00
[TRAIN] Step 44/150 | 09:02:58
[TRAIN] Step 44 | Loss=3.161082 | Best makespan in group=457.00
[TRAIN] Step 45/150 | 09:03:27
[TRAIN] Step 45 | Loss=0.319413 | Best makespan in group=503.00
[TRAIN] Step 46/150 | 09:03:53
[TRAIN] Step 46 | Loss=2.520466 | Best makespan in group=565.00
[TRAIN] Step 47/150 | 09:04:13
[TRAIN] Step 47 | Loss=13.878352 | Best makespan in group=354.00
[TRAIN] Step 48/150 | 09:04:33
[TRAIN] Step 48 | Loss=10.695119 | Best makespan in group=535.00
[TRAIN] Step 49/150 | 09:04:52
[TRAIN] Step 49 | Loss=2.773369 | Best makespan in group=348.00
[TRAIN] Step 50/150 | 09:05:18
[TRAIN] Step 50 | Loss=-0.000000 | Best makespan in group=450.00
[TRAIN] Step 51/150 | 09:05:39
[TRAIN] Step 51 | Loss=0.320953 | Best makespan in group=377.00
[TRAIN] Step 52/150 | 09:06:00
[TRAIN] Step 52 | Loss=8.178359 | Best makespan in group=474.00
[TRAIN] Step 53/150 | 09:06:29
[TRAIN] Step 53 | Loss=-0.000000 | Best makespan in group=432.00
[TRAIN] Step 54/150 | 09:06:54
[TRAIN] Step 54 | Loss=-0.000000 | Best makespan in group=340.00
[TRAIN] Step 55/150 | 09:07:16
[TRAIN] Step 55 | Loss=-0.000000 | Best makespan in group=600.00
[TRAIN] Step 56/150 | 09:07:40
[TRAIN] Step 56 | Loss=0.594515 | Best makespan in group=497.00
[TRAIN] Step 57/150 | 09:07:56
[TRAIN] Step 57 | Loss=3.424398 | Best makespan in group=414.00
[TRAIN] Step 58/150 | 09:08:28
[TRAIN] Step 58 | Loss=-0.000000 | Best makespan in group=448.00
[TRAIN] Step 59/150 | 09:08:57
[TRAIN] Step 59 | Loss=-0.000000 | Best makespan in group=384.00
[TRAIN] Step 60/150 | 09:09:18
[TRAIN] Step 60 | Loss=0.630122 | Best makespan in group=540.00
[TRAIN][VAL][ep 60] avg_gap=0.2345 | std_gap=0.1531 | q80_gap=0.3806 | n=30
[TRAIN] Step 61/150 | 09:10:57
[TRAIN] Step 61 | Loss=-0.000000 | Best makespan in group=536.00
[TRAIN] Step 62/150 | 09:11:11
[TRAIN] Step 62 | Loss=3.489721 | Best makespan in group=563.00
[TRAIN] Step 63/150 | 09:11:30
[TRAIN] Step 63 | Loss=1.398998 | Best makespan in group=463.00
[TRAIN] Step 64/150 | 09:11:57
[TRAIN] Step 64 | Loss=0.037967 | Best makespan in group=506.00
[TRAIN] Step 65/150 | 09:12:24
[TRAIN] Step 65 | Loss=2.690499 | Best makespan in group=472.00
[TRAIN] Step 66/150 | 09:12:39
[TRAIN] Step 66 | Loss=0.265514 | Best makespan in group=537.00
[TRAIN] Step 67/150 | 09:13:00
[TRAIN] Step 67 | Loss=2.268971 | Best makespan in group=429.00
[TRAIN] Step 68/150 | 09:13:19
[TRAIN] Step 68 | Loss=6.289769 | Best makespan in group=482.00
[TRAIN] Step 69/150 | 09:13:46
[TRAIN] Step 69 | Loss=-0.000000 | Best makespan in group=429.00
[TRAIN] Step 70/150 | 09:17:56
[TRAIN] Step 70 | Loss=0.895123 | Best makespan in group=379.00
[TRAIN] Step 71/150 | 09:18:18
[TRAIN] Step 71 | Loss=2.654879 | Best makespan in group=366.00
[TRAIN] Step 72/150 | 09:18:38
[TRAIN] Step 72 | Loss=0.998177 | Best makespan in group=363.00
[TRAIN] Step 73/150 | 09:19:02
[TRAIN] Step 73 | Loss=0.000945 | Best makespan in group=511.00
[TRAIN] Step 74/150 | 09:19:26
[TRAIN] Step 74 | Loss=0.926082 | Best makespan in group=606.00
[TRAIN] Step 75/150 | 09:19:44
[TRAIN] Step 75 | Loss=-0.000000 | Best makespan in group=406.00
[TRAIN] Refreshing training instances (step 75)...
[TRAIN] Step 76/150 | 09:20:08
[TRAIN] Step 76 | Loss=-0.000000 | Best makespan in group=470.00
[TRAIN] Step 77/150 | 09:20:29
[TRAIN] Step 77 | Loss=3.930051 | Best makespan in group=411.00
[TRAIN] Step 78/150 | 09:20:57
[TRAIN] Step 78 | Loss=7.564717 | Best makespan in group=560.00
[TRAIN] Step 79/150 | 09:21:18
[TRAIN] Step 79 | Loss=9.589015 | Best makespan in group=415.00
[TRAIN] Step 80/150 | 09:21:44
[TRAIN] Step 80 | Loss=-0.000000 | Best makespan in group=454.00
[TRAIN][VAL][ep 80] avg_gap=0.1889 | std_gap=0.1227 | q80_gap=0.3169 | n=30
[TRAIN] Validation improved | avg_gap=0.1889 | saving candidate: 532320829101856.pth
[TRAIN] Step 81/150 | 09:23:28
[TRAIN] Step 81 | Loss=1.828936 | Best makespan in group=529.00
[TRAIN] Step 82/150 | 09:23:42
[TRAIN] Step 82 | Loss=0.005116 | Best makespan in group=511.00
[TRAIN] Step 83/150 | 09:23:57
[TRAIN] Step 83 | Loss=0.512925 | Best makespan in group=397.00
[TRAIN] Step 84/150 | 09:24:19
[TRAIN] Step 84 | Loss=-0.000000 | Best makespan in group=382.00
[TRAIN] Step 85/150 | 09:24:46
[TRAIN] Step 85 | Loss=-0.000000 | Best makespan in group=567.00
[TRAIN] Step 86/150 | 09:25:01
[TRAIN] Step 86 | Loss=13.573600 | Best makespan in group=389.00
[TRAIN] Step 87/150 | 09:25:19
[TRAIN] Step 87 | Loss=4.405494 | Best makespan in group=412.00
[TRAIN] Step 88/150 | 09:25:43
[TRAIN] Step 88 | Loss=-0.000000 | Best makespan in group=386.00
[TRAIN] Step 89/150 | 09:26:02
[TRAIN] Step 89 | Loss=0.000371 | Best makespan in group=374.00
[TRAIN] Step 90/150 | 09:26:20
[TRAIN] Step 90 | Loss=0.401017 | Best makespan in group=454.00
[TRAIN] Step 91/150 | 09:26:40
[TRAIN] Step 91 | Loss=0.000000 | Best makespan in group=388.00
[TRAIN] Step 92/150 | 09:27:05
[TRAIN] Step 92 | Loss=3.819373 | Best makespan in group=435.00
[TRAIN] Step 93/150 | 09:27:24
[TRAIN] Step 93 | Loss=-0.000000 | Best makespan in group=513.00
[TRAIN] Step 94/150 | 09:27:46
[TRAIN] Step 94 | Loss=10.585742 | Best makespan in group=532.00
[TRAIN] Step 95/150 | 09:28:09
[TRAIN] Step 95 | Loss=3.466570 | Best makespan in group=403.00
[TRAIN] Step 96/150 | 09:28:28
[TRAIN] Step 96 | Loss=-0.000000 | Best makespan in group=531.00
[TRAIN] Step 97/150 | 09:28:49
[TRAIN] Step 97 | Loss=3.637603 | Best makespan in group=445.00
[TRAIN] Step 98/150 | 09:29:10
[TRAIN] Step 98 | Loss=-0.000000 | Best makespan in group=557.00
[TRAIN] Step 99/150 | 09:29:26
[TRAIN] Step 99 | Loss=0.000268 | Best makespan in group=526.00
[TRAIN] Step 100/150 | 09:29:39
[TRAIN] Step 100 | Loss=0.744788 | Best makespan in group=387.00
[TRAIN][VAL][ep 100] avg_gap=0.1714 | std_gap=0.1153 | q80_gap=0.2815 | n=30
[TRAIN] Validation improved | avg_gap=0.1714 | saving candidate: 364255651784570.pth
[TRAIN] Step 101/150 | 09:31:02
[TRAIN] Step 101 | Loss=0.009023 | Best makespan in group=436.00
[TRAIN] Step 102/150 | 09:31:27
[TRAIN] Step 102 | Loss=1.546345 | Best makespan in group=375.00
[TRAIN] Step 103/150 | 09:31:46
[TRAIN] Step 103 | Loss=0.003601 | Best makespan in group=551.00
[TRAIN] Step 104/150 | 09:32:07
[TRAIN] Step 104 | Loss=-0.000000 | Best makespan in group=496.00
[TRAIN] Step 105/150 | 09:32:30
[TRAIN] Step 105 | Loss=-0.000000 | Best makespan in group=359.00
[TRAIN] Step 106/150 | 09:32:56
[TRAIN] Step 106 | Loss=-0.000000 | Best makespan in group=445.00
[TRAIN] Step 107/150 | 09:33:23
[TRAIN] Step 107 | Loss=-0.000000 | Best makespan in group=350.00
[TRAIN] Step 108/150 | 09:33:48
[TRAIN] Step 108 | Loss=1.727325 | Best makespan in group=404.00
[TRAIN] Step 109/150 | 09:34:11
[TRAIN] Step 109 | Loss=-0.000000 | Best makespan in group=438.00
[TRAIN] Step 110/150 | 09:34:32
[TRAIN] Step 110 | Loss=-0.000000 | Best makespan in group=380.00
[TRAIN] Step 111/150 | 09:34:51
[TRAIN] Step 111 | Loss=0.000000 | Best makespan in group=397.00
[TRAIN] Step 112/150 | 09:35:19
[TRAIN] Step 112 | Loss=-0.000000 | Best makespan in group=433.00
[TRAIN] Step 113/150 | 09:35:39
[TRAIN] Step 113 | Loss=4.020133 | Best makespan in group=482.00
[TRAIN] Step 114/150 | 09:36:06
[TRAIN] Step 114 | Loss=0.049204 | Best makespan in group=394.00
[TRAIN] Step 115/150 | 09:36:26
[TRAIN] Step 115 | Loss=0.183516 | Best makespan in group=520.00
[TRAIN] Step 116/150 | 09:36:41
[TRAIN] Step 116 | Loss=-0.000000 | Best makespan in group=501.00
[TRAIN] Step 117/150 | 09:37:10
[TRAIN] Step 117 | Loss=-0.000000 | Best makespan in group=356.00
[TRAIN] Step 118/150 | 09:37:27
[TRAIN] Step 118 | Loss=-0.000000 | Best makespan in group=432.00
[TRAIN] Step 119/150 | 09:37:56
[TRAIN] Step 119 | Loss=0.025233 | Best makespan in group=588.00
[TRAIN] Step 120/150 | 09:38:11
[TRAIN] Step 120 | Loss=5.410241 | Best makespan in group=401.00
[TRAIN][VAL][ep 120] avg_gap=0.1709 | std_gap=0.1214 | q80_gap=0.2757 | n=30
[TRAIN] Validation improved | avg_gap=0.1709 | saving candidate: 558288222447673.pth
[TRAIN] Step 121/150 | 09:59:44
[TRAIN] Step 121 | Loss=-0.000000 | Best makespan in group=402.00
[TRAIN] Step 122/150 | 10:00:04
[TRAIN] Step 122 | Loss=9.894425 | Best makespan in group=480.00
[TRAIN] Step 123/150 | 10:00:23
[TRAIN] Step 123 | Loss=0.042293 | Best makespan in group=447.00
[TRAIN] Step 124/150 | 10:00:44
[TRAIN] Step 124 | Loss=0.678804 | Best makespan in group=402.00
[TRAIN] Step 125/150 | 10:01:06
[TRAIN] Step 125 | Loss=1.370319 | Best makespan in group=542.00
[TRAIN] Step 126/150 | 10:01:26
[TRAIN] Step 126 | Loss=-0.000000 | Best makespan in group=360.00
[TRAIN] Step 127/150 | 10:01:49
[TRAIN] Step 127 | Loss=0.079721 | Best makespan in group=518.00
[TRAIN] Step 128/150 | 10:02:09
[TRAIN] Step 128 | Loss=0.417519 | Best makespan in group=448.00
[TRAIN] Step 129/150 | 10:02:37
[TRAIN] Step 129 | Loss=2.877162 | Best makespan in group=432.00
[TRAIN] Step 130/150 | 10:03:01
[TRAIN] Step 130 | Loss=-0.000000 | Best makespan in group=553.00
[TRAIN] Step 131/150 | 10:03:16
[TRAIN] Step 131 | Loss=-0.000000 | Best makespan in group=506.00
[TRAIN] Step 132/150 | 10:03:30
[TRAIN] Step 132 | Loss=0.009813 | Best makespan in group=395.00
[TRAIN] Step 133/150 | 10:03:48
[TRAIN] Step 133 | Loss=1.754240 | Best makespan in group=562.00
[TRAIN] Step 134/150 | 10:04:07
[TRAIN] Step 134 | Loss=0.000924 | Best makespan in group=383.00
[TRAIN] Step 135/150 | 10:04:31
[TRAIN] Step 135 | Loss=0.026223 | Best makespan in group=378.00
[TRAIN] Step 136/150 | 10:04:48
[TRAIN] Step 136 | Loss=-0.000000 | Best makespan in group=449.00
[TRAIN] Step 137/150 | 10:05:12
[TRAIN] Step 137 | Loss=0.001971 | Best makespan in group=392.00
[TRAIN] Step 138/150 | 10:05:31
[TRAIN] Step 138 | Loss=3.935304 | Best makespan in group=544.00
[TRAIN] Step 139/150 | 10:05:48
[TRAIN] Step 139 | Loss=2.402835 | Best makespan in group=411.00
[TRAIN] Step 140/150 | 10:06:03
[TRAIN] Step 140 | Loss=-0.000000 | Best makespan in group=436.00
[TRAIN][VAL][ep 140] avg_gap=0.1388 | std_gap=0.0723 | q80_gap=0.1985 | n=30
[TRAIN] Validation improved | avg_gap=0.1388 | saving candidate: 889693429296772.pth
[TRAIN] Step 141/150 | 10:07:11
[TRAIN] Step 141 | Loss=-0.000000 | Best makespan in group=453.00
[TRAIN] Step 142/150 | 10:07:29
[TRAIN] Step 142 | Loss=-0.000000 | Best makespan in group=497.00
[TRAIN] Step 143/150 | 10:07:47
[TRAIN] Step 143 | Loss=-0.000000 | Best makespan in group=357.00
[TRAIN] Step 144/150 | 10:08:06
[TRAIN] Step 144 | Loss=-0.000000 | Best makespan in group=358.00
[TRAIN] Step 145/150 | 10:08:30
[TRAIN] Step 145 | Loss=2.206563 | Best makespan in group=496.00
[TRAIN] Step 146/150 | 10:08:48
[TRAIN] Step 146 | Loss=3.934809 | Best makespan in group=375.00
[TRAIN] Step 147/150 | 10:09:03
[TRAIN] Step 147 | Loss=-0.000000 | Best makespan in group=447.00
[TRAIN] Step 148/150 | 10:09:19
[TRAIN] Step 148 | Loss=-0.000000 | Best makespan in group=411.00
[TRAIN] Step 149/150 | 10:09:40
[TRAIN] Step 149 | Loss=-0.000000 | Best makespan in group=465.00
[TRAIN] Step 150/150 | 10:09:52
[TRAIN] Step 150 | Loss=-0.000000 | Best makespan in group=451.00
[TRAIN] Refreshing training instances (step 150)...
[TRAIN][VAL][ep 150] avg_gap=0.1347 | std_gap=0.0846 | q80_gap=0.2406 | n=30
[TRAIN] Validation improved | avg_gap=0.1347 | saving candidate: 716191705895666.pth
[TRAIN] Evaluating best checkpoint (candidate_models/716191705895666.pth) on the held-out test split...
[TRAIN][TEST] avg_gap=0.1440 | std_gap=0.0983 | q80_gap=0.1860 | n=30
[TRAIN][10:12:03] Training ended. Validation history and plots updated.
=== DONE convergence_check_ojm_gat in 42177.5s ===
=== START convergence_check_ojm_gin @ 10:12:03 ===
============================================================
[TRAIN] Training started at: 2026-09-18 10:12:03
[TRAIN] Hyperparams | max_steps=150 | new_freq=75
[TRAIN]             | n_cases=20 | B=24 | K=8 | use_greedy=True | lr=0.0005
[TRAIN]             | warm_start_steps=150
[TRAIN]             | hidden_channels=128 | num_layers=2 | heads=3
[TRAIN] Representation | ojm | GNN | gin
[TRAIN] Problem size | jobs=[8,10] | machines=[5,10] | ops_per_job=[5,6] | max_proc=100
============================================================
[TRAIN] Output run folder: results\convergence_check_ojm_gin
[TRAIN] Validation config | every=20 steps | instances=30 (representative subset)
[TRAIN] Warm-start (behavior cloning vs. dispatch heuristic) | 150 step(s)...
[TRAIN][WARMSTART] step 7/150 | instance=2 | bc_loss=2.4380 | decisions=47
[TRAIN][WARMSTART] step 14/150 | instance=5 | bc_loss=2.2276 | decisions=49
[TRAIN][WARMSTART] step 21/150 | instance=3 | bc_loss=2.1618 | decisions=56
[TRAIN][WARMSTART] step 28/150 | instance=13 | bc_loss=2.0000 | decisions=47
[TRAIN][WARMSTART] step 35/150 | instance=18 | bc_loss=2.1847 | decisions=47
[TRAIN][WARMSTART] step 42/150 | instance=19 | bc_loss=2.0915 | decisions=54
[TRAIN][WARMSTART] step 49/150 | instance=8 | bc_loss=1.4515 | decisions=43
[TRAIN][WARMSTART] step 56/150 | instance=13 | bc_loss=1.7748 | decisions=47
[TRAIN][WARMSTART] step 63/150 | instance=7 | bc_loss=1.8196 | decisions=46
[TRAIN][WARMSTART] step 70/150 | instance=17 | bc_loss=1.9486 | decisions=55
[TRAIN][WARMSTART] step 77/150 | instance=19 | bc_loss=2.0277 | decisions=54
[TRAIN][WARMSTART] step 84/150 | instance=16 | bc_loss=1.5703 | decisions=46
[TRAIN][WARMSTART] step 91/150 | instance=17 | bc_loss=1.8676 | decisions=55
[TRAIN][WARMSTART] step 98/150 | instance=19 | bc_loss=1.9755 | decisions=54
[TRAIN][WARMSTART] step 105/150 | instance=2 | bc_loss=1.6794 | decisions=47
[TRAIN][WARMSTART] step 112/150 | instance=19 | bc_loss=1.8697 | decisions=54
[TRAIN][WARMSTART] step 119/150 | instance=15 | bc_loss=1.5346 | decisions=54
[TRAIN][WARMSTART] step 126/150 | instance=13 | bc_loss=1.6130 | decisions=47
[TRAIN][WARMSTART] step 133/150 | instance=18 | bc_loss=1.9551 | decisions=47
[TRAIN][WARMSTART] step 140/150 | instance=3 | bc_loss=1.7709 | decisions=56
[TRAIN][WARMSTART] step 147/150 | instance=4 | bc_loss=1.8829 | decisions=55
[TRAIN][WARMSTART] step 150/150 | instance=16 | bc_loss=1.4693 | decisions=46
[TRAIN] Warm-start complete, switching to BOPO preference optimization.
------------------------------------------------------------
[TRAIN] BOPO agent ready. Starting training loop for 150 step(s)...
------------------------------------------------------------
[TRAIN] Step 1/150 | 10:54:43
[TRAIN] Step 1 | Loss=6.683961 | Best makespan in group=743.00
[TRAIN] Step 2/150 | 10:54:55
[TRAIN] Step 2 | Loss=3.526748 | Best makespan in group=479.00
[TRAIN] Step 3/150 | 10:55:10
[TRAIN] Step 3 | Loss=0.937659 | Best makespan in group=389.00
[TRAIN] Step 4/150 | 10:55:23
[TRAIN] Step 4 | Loss=13.056741 | Best makespan in group=382.00
[TRAIN] Step 5/150 | 10:55:37
[TRAIN] Step 5 | Loss=-0.000000 | Best makespan in group=473.00
[TRAIN] Step 6/150 | 10:55:47
[TRAIN] Step 6 | Loss=1.530857 | Best makespan in group=411.00
[TRAIN] Step 7/150 | 10:55:59
[TRAIN] Step 7 | Loss=3.050543 | Best makespan in group=490.00
[TRAIN] Step 8/150 | 10:56:09
[TRAIN] Step 8 | Loss=2.464612 | Best makespan in group=509.00
[TRAIN] Step 9/150 | 10:56:19
[TRAIN] Step 9 | Loss=6.935902 | Best makespan in group=318.00
[TRAIN] Step 10/150 | 10:56:29
[TRAIN] Step 10 | Loss=3.574282 | Best makespan in group=391.00
[TRAIN] Step 11/150 | 10:56:41
[TRAIN] Step 11 | Loss=1.702575 | Best makespan in group=571.00
[TRAIN] Step 12/150 | 10:56:50
[TRAIN] Step 12 | Loss=0.416715 | Best makespan in group=512.00
[TRAIN] Step 13/150 | 10:56:58
[TRAIN] Step 13 | Loss=1.062822 | Best makespan in group=430.00
[TRAIN] Step 14/150 | 10:57:07
[TRAIN] Step 14 | Loss=9.157164 | Best makespan in group=605.00
[TRAIN] Step 15/150 | 10:57:18
[TRAIN] Step 15 | Loss=0.119033 | Best makespan in group=656.00
[TRAIN] Step 16/150 | 10:57:29
[TRAIN] Step 16 | Loss=4.281819 | Best makespan in group=587.00
[TRAIN] Step 17/150 | 10:57:41
[TRAIN] Step 17 | Loss=0.078084 | Best makespan in group=431.00
[TRAIN] Step 18/150 | 10:57:52
[TRAIN] Step 18 | Loss=0.562022 | Best makespan in group=408.00
[TRAIN] Step 19/150 | 10:58:06
[TRAIN] Step 19 | Loss=0.756347 | Best makespan in group=593.00
[TRAIN] Step 20/150 | 10:58:17
[TRAIN] Step 20 | Loss=1.437029 | Best makespan in group=432.00
[TRAIN][VAL][ep 20] avg_gap=0.3056 | std_gap=0.1244 | q80_gap=0.4221 | n=30
[TRAIN] Validation improved | avg_gap=0.3056 | saving candidate: 915465952289913.pth
[TRAIN] Step 21/150 | 10:59:01
[TRAIN] Step 21 | Loss=6.839607 | Best makespan in group=412.00
[TRAIN] Step 22/150 | 10:59:13
[TRAIN] Step 22 | Loss=0.414284 | Best makespan in group=458.00
[TRAIN] Step 23/150 | 10:59:23
[TRAIN] Step 23 | Loss=0.210349 | Best makespan in group=441.00
[TRAIN] Step 24/150 | 10:59:37
[TRAIN] Step 24 | Loss=6.706240 | Best makespan in group=545.00
[TRAIN] Step 25/150 | 10:59:48
[TRAIN] Step 25 | Loss=0.240948 | Best makespan in group=506.00
[TRAIN] Step 26/150 | 10:59:56
[TRAIN] Step 26 | Loss=7.902320 | Best makespan in group=473.00
[TRAIN] Step 27/150 | 11:00:11
[TRAIN] Step 27 | Loss=0.024875 | Best makespan in group=455.00
[TRAIN] Step 28/150 | 11:00:22
[TRAIN] Step 28 | Loss=7.231584 | Best makespan in group=673.00
[TRAIN] Step 29/150 | 11:00:33
[TRAIN] Step 29 | Loss=0.000017 | Best makespan in group=541.00
[TRAIN] Step 30/150 | 11:00:43
[TRAIN] Step 30 | Loss=0.407900 | Best makespan in group=309.00
[TRAIN] Step 31/150 | 11:00:53
[TRAIN] Step 31 | Loss=1.087189 | Best makespan in group=713.00
[TRAIN] Step 32/150 | 11:01:04
[TRAIN] Step 32 | Loss=0.636627 | Best makespan in group=580.00
[TRAIN] Step 33/150 | 11:01:15
[TRAIN] Step 33 | Loss=0.000005 | Best makespan in group=405.00
[TRAIN] Step 34/150 | 11:01:26
[TRAIN] Step 34 | Loss=3.089277 | Best makespan in group=412.00
[TRAIN] Step 35/150 | 11:01:40
[TRAIN] Step 35 | Loss=4.257031 | Best makespan in group=405.00
[TRAIN] Step 36/150 | 11:01:53
[TRAIN] Step 36 | Loss=2.218061 | Best makespan in group=395.00
[TRAIN] Step 37/150 | 11:02:03
[TRAIN] Step 37 | Loss=0.809786 | Best makespan in group=437.00
[TRAIN] Step 38/150 | 11:02:13
[TRAIN] Step 38 | Loss=0.188319 | Best makespan in group=549.00
[TRAIN] Step 39/150 | 11:02:23
[TRAIN] Step 39 | Loss=6.591006 | Best makespan in group=508.00
[TRAIN] Step 40/150 | 11:02:32
[TRAIN] Step 40 | Loss=1.543595 | Best makespan in group=570.00
[TRAIN][VAL][ep 40] avg_gap=0.2875 | std_gap=0.1427 | q80_gap=0.4715 | n=30
[TRAIN] Validation improved | avg_gap=0.2875 | saving candidate: 869112043209511.pth
[TRAIN] Step 41/150 | 11:03:18
[TRAIN] Step 41 | Loss=3.943176 | Best makespan in group=477.00
[TRAIN] Step 42/150 | 11:03:29
[TRAIN] Step 42 | Loss=0.009877 | Best makespan in group=375.00
[TRAIN] Step 43/150 | 11:03:40
[TRAIN] Step 43 | Loss=0.158462 | Best makespan in group=486.00
[TRAIN] Step 44/150 | 11:03:50
[TRAIN] Step 44 | Loss=1.850450 | Best makespan in group=540.00
[TRAIN] Step 45/150 | 11:04:00
[TRAIN] Step 45 | Loss=0.055130 | Best makespan in group=572.00
[TRAIN] Step 46/150 | 11:04:11
[TRAIN] Step 46 | Loss=6.630990 | Best makespan in group=470.00
[TRAIN] Step 47/150 | 11:04:25
[TRAIN] Step 47 | Loss=7.963576 | Best makespan in group=337.00
[TRAIN] Step 48/150 | 11:04:35
[TRAIN] Step 48 | Loss=4.257299 | Best makespan in group=554.00
[TRAIN] Step 49/150 | 11:04:45
[TRAIN] Step 49 | Loss=0.009308 | Best makespan in group=388.00
[TRAIN] Step 50/150 | 11:04:58
[TRAIN] Step 50 | Loss=1.881526 | Best makespan in group=692.00
[TRAIN] Step 51/150 | 11:05:09
[TRAIN] Step 51 | Loss=1.237169 | Best makespan in group=413.00
[TRAIN] Step 52/150 | 11:05:22
[TRAIN] Step 52 | Loss=0.312072 | Best makespan in group=569.00
[TRAIN] Step 53/150 | 11:05:34
[TRAIN] Step 53 | Loss=0.869948 | Best makespan in group=647.00
[TRAIN] Step 54/150 | 11:05:45
[TRAIN] Step 54 | Loss=0.020871 | Best makespan in group=557.00
[TRAIN] Step 55/150 | 11:05:57
[TRAIN] Step 55 | Loss=0.006939 | Best makespan in group=502.00
[TRAIN] Step 56/150 | 11:06:06
[TRAIN] Step 56 | Loss=1.593725 | Best makespan in group=407.00
[TRAIN] Step 57/150 | 11:06:18
[TRAIN] Step 57 | Loss=0.005446 | Best makespan in group=514.00
[TRAIN] Step 58/150 | 11:06:27
[TRAIN] Step 58 | Loss=0.242175 | Best makespan in group=431.00
[TRAIN] Step 59/150 | 11:06:36
[TRAIN] Step 59 | Loss=3.308808 | Best makespan in group=419.00
[TRAIN] Step 60/150 | 11:06:50
[TRAIN] Step 60 | Loss=5.228507 | Best makespan in group=404.00
[TRAIN][VAL][ep 60] avg_gap=0.2254 | std_gap=0.1025 | q80_gap=0.2886 | n=30
[TRAIN] Validation improved | avg_gap=0.2254 | saving candidate: 391170048552770.pth
[TRAIN] Step 61/150 | 11:07:35
[TRAIN] Step 61 | Loss=0.000057 | Best makespan in group=440.00
[TRAIN] Step 62/150 | 11:07:47
[TRAIN] Step 62 | Loss=2.357926 | Best makespan in group=648.00
[TRAIN] Step 63/150 | 11:07:58
[TRAIN] Step 63 | Loss=2.276588 | Best makespan in group=570.00
[TRAIN] Step 64/150 | 11:08:10
[TRAIN] Step 64 | Loss=0.000057 | Best makespan in group=390.00
[TRAIN] Step 65/150 | 11:08:22
[TRAIN] Step 65 | Loss=0.000220 | Best makespan in group=495.00
[TRAIN] Step 66/150 | 11:08:31
[TRAIN] Step 66 | Loss=0.000489 | Best makespan in group=469.00
[TRAIN] Step 67/150 | 11:08:41
[TRAIN] Step 67 | Loss=0.321053 | Best makespan in group=408.00
[TRAIN] Step 68/150 | 11:08:51
[TRAIN] Step 68 | Loss=0.000792 | Best makespan in group=415.00
[TRAIN] Step 69/150 | 11:09:05
[TRAIN] Step 69 | Loss=-0.000000 | Best makespan in group=422.00
[TRAIN] Step 70/150 | 11:09:19
[TRAIN] Step 70 | Loss=0.000197 | Best makespan in group=384.00
[TRAIN] Step 71/150 | 11:09:31
[TRAIN] Step 71 | Loss=0.000012 | Best makespan in group=532.00
[TRAIN] Step 72/150 | 11:09:44
[TRAIN] Step 72 | Loss=0.001771 | Best makespan in group=433.00
[TRAIN] Step 73/150 | 11:09:55
[TRAIN] Step 73 | Loss=-0.000000 | Best makespan in group=441.00
[TRAIN] Step 74/150 | 11:10:05
[TRAIN] Step 74 | Loss=1.333974 | Best makespan in group=302.00
[TRAIN] Step 75/150 | 11:10:18
[TRAIN] Step 75 | Loss=0.010360 | Best makespan in group=515.00
[TRAIN] Refreshing training instances (step 75)...
[TRAIN] Step 76/150 | 11:10:29
[TRAIN] Step 76 | Loss=2.242909 | Best makespan in group=371.00
[TRAIN] Step 77/150 | 11:11:29
[TRAIN] Step 77 | Loss=-0.000000 | Best makespan in group=367.00
[TRAIN] Step 78/150 | 11:11:41
[TRAIN] Step 78 | Loss=1.753582 | Best makespan in group=322.00
[TRAIN] Step 79/150 | 11:11:52
[TRAIN] Step 79 | Loss=-0.000000 | Best makespan in group=371.00
[TRAIN] Step 80/150 | 11:12:06
[TRAIN] Step 80 | Loss=0.000022 | Best makespan in group=490.00
[TRAIN][VAL][ep 80] avg_gap=0.2105 | std_gap=0.1115 | q80_gap=0.2856 | n=30
[TRAIN] Validation improved | avg_gap=0.2105 | saving candidate: 977827119584752.pth
[TRAIN] Step 81/150 | 11:12:52
[TRAIN] Step 81 | Loss=0.000004 | Best makespan in group=389.00
[TRAIN] Step 82/150 | 11:13:03
[TRAIN] Step 82 | Loss=0.000067 | Best makespan in group=393.00
[TRAIN] Step 83/150 | 11:13:13
[TRAIN] Step 83 | Loss=7.714825 | Best makespan in group=535.00
[TRAIN] Step 84/150 | 11:13:22
[TRAIN] Step 84 | Loss=0.000002 | Best makespan in group=579.00
[TRAIN] Step 85/150 | 11:13:31
[TRAIN] Step 85 | Loss=0.000015 | Best makespan in group=571.00
[TRAIN] Step 86/150 | 11:13:42
[TRAIN] Step 86 | Loss=0.000108 | Best makespan in group=440.00
[TRAIN] Step 87/150 | 11:13:53
[TRAIN] Step 87 | Loss=1.367978 | Best makespan in group=497.00
[TRAIN] Step 88/150 | 11:14:04
[TRAIN] Step 88 | Loss=1.525525 | Best makespan in group=469.00
[TRAIN] Step 89/150 | 11:14:17
[TRAIN] Step 89 | Loss=0.000001 | Best makespan in group=341.00
[TRAIN] Step 90/150 | 11:14:28
[TRAIN] Step 90 | Loss=0.371418 | Best makespan in group=555.00
[TRAIN] Step 91/150 | 11:14:39
[TRAIN] Step 91 | Loss=2.543581 | Best makespan in group=411.00
[TRAIN] Step 92/150 | 11:14:52
[TRAIN] Step 92 | Loss=2.403020 | Best makespan in group=413.00
[TRAIN] Step 93/150 | 11:15:05
[TRAIN] Step 93 | Loss=0.382484 | Best makespan in group=377.00
[TRAIN] Step 94/150 | 11:15:17
[TRAIN] Step 94 | Loss=0.013287 | Best makespan in group=471.00
[TRAIN] Step 95/150 | 11:15:27
[TRAIN] Step 95 | Loss=0.000738 | Best makespan in group=358.00
[TRAIN] Step 96/150 | 11:15:36
[TRAIN] Step 96 | Loss=-0.000000 | Best makespan in group=399.00
[TRAIN] Step 97/150 | 11:15:50
[TRAIN] Step 97 | Loss=8.237087 | Best makespan in group=376.00
[TRAIN] Step 98/150 | 11:16:00
[TRAIN] Step 98 | Loss=-0.000000 | Best makespan in group=384.00
[TRAIN] Step 99/150 | 11:16:12
[TRAIN] Step 99 | Loss=-0.000000 | Best makespan in group=420.00
[TRAIN] Step 100/150 | 11:16:25
[TRAIN] Step 100 | Loss=0.000013 | Best makespan in group=584.00
[TRAIN][VAL][ep 100] avg_gap=0.1957 | std_gap=0.0989 | q80_gap=0.2462 | n=30
[TRAIN] Validation improved | avg_gap=0.1957 | saving candidate: 281855936762920.pth
[TRAIN] Step 101/150 | 11:17:09
[TRAIN] Step 101 | Loss=0.000000 | Best makespan in group=505.00
[TRAIN] Step 102/150 | 11:17:20
[TRAIN] Step 102 | Loss=-0.000000 | Best makespan in group=371.00
[TRAIN] Step 103/150 | 11:17:33
[TRAIN] Step 103 | Loss=0.208153 | Best makespan in group=395.00
[TRAIN] Step 104/150 | 11:17:43
[TRAIN] Step 104 | Loss=0.269984 | Best makespan in group=371.00
[TRAIN] Step 105/150 | 11:17:53
[TRAIN] Step 105 | Loss=-0.000000 | Best makespan in group=510.00
[TRAIN] Step 106/150 | 11:18:05
[TRAIN] Step 106 | Loss=-0.000000 | Best makespan in group=359.00
[TRAIN] Step 107/150 | 11:18:16
[TRAIN] Step 107 | Loss=-0.000000 | Best makespan in group=395.00
[TRAIN] Step 108/150 | 11:18:27
[TRAIN] Step 108 | Loss=0.128638 | Best makespan in group=446.00
[TRAIN] Step 109/150 | 11:18:40
[TRAIN] Step 109 | Loss=0.150809 | Best makespan in group=322.00
[TRAIN] Step 110/150 | 11:18:50
[TRAIN] Step 110 | Loss=0.000001 | Best makespan in group=352.00
[TRAIN] Step 111/150 | 11:19:02
[TRAIN] Step 111 | Loss=0.000002 | Best makespan in group=345.00
[TRAIN] Step 112/150 | 11:19:11
[TRAIN] Step 112 | Loss=0.000000 | Best makespan in group=478.00
[TRAIN] Step 113/150 | 11:19:21
[TRAIN] Step 113 | Loss=-0.000000 | Best makespan in group=456.00
[TRAIN] Step 114/150 | 11:19:30
[TRAIN] Step 114 | Loss=0.000001 | Best makespan in group=448.00
[TRAIN] Step 115/150 | 11:19:43
[TRAIN] Step 115 | Loss=-0.000000 | Best makespan in group=527.00
[TRAIN] Step 116/150 | 11:19:51
[TRAIN] Step 116 | Loss=0.000011 | Best makespan in group=377.00
[TRAIN] Step 117/150 | 11:20:05
[TRAIN] Step 117 | Loss=0.000000 | Best makespan in group=390.00
[TRAIN] Step 118/150 | 11:20:15
[TRAIN] Step 118 | Loss=0.000000 | Best makespan in group=452.00
[TRAIN] Step 119/150 | 11:20:27
[TRAIN] Step 119 | Loss=0.000001 | Best makespan in group=427.00
[TRAIN] Step 120/150 | 11:20:39
[TRAIN] Step 120 | Loss=0.000001 | Best makespan in group=404.00
[TRAIN][VAL][ep 120] avg_gap=0.1988 | std_gap=0.0739 | q80_gap=0.2723 | n=30
[TRAIN] Step 121/150 | 11:21:24
[TRAIN] Step 121 | Loss=0.000000 | Best makespan in group=567.00
[TRAIN] Step 122/150 | 11:21:34
[TRAIN] Step 122 | Loss=3.696856 | Best makespan in group=506.00
[TRAIN] Step 123/150 | 11:21:45
[TRAIN] Step 123 | Loss=0.000002 | Best makespan in group=552.00
[TRAIN] Step 124/150 | 11:21:54
[TRAIN] Step 124 | Loss=0.063410 | Best makespan in group=391.00
[TRAIN] Step 125/150 | 11:22:04
[TRAIN] Step 125 | Loss=0.000005 | Best makespan in group=468.00
[TRAIN] Step 126/150 | 11:22:13
[TRAIN] Step 126 | Loss=0.908222 | Best makespan in group=374.00
[TRAIN] Step 127/150 | 11:22:23
[TRAIN] Step 127 | Loss=0.529235 | Best makespan in group=394.00
[TRAIN] Step 128/150 | 11:22:34
[TRAIN] Step 128 | Loss=-0.000000 | Best makespan in group=446.00
[TRAIN] Step 129/150 | 11:22:43
[TRAIN] Step 129 | Loss=-0.000000 | Best makespan in group=359.00
[TRAIN] Step 130/150 | 11:22:55
[TRAIN] Step 130 | Loss=0.533581 | Best makespan in group=317.00
[TRAIN] Step 131/150 | 11:23:05
[TRAIN] Step 131 | Loss=0.000012 | Best makespan in group=349.00
[TRAIN] Step 132/150 | 11:23:15
[TRAIN] Step 132 | Loss=0.000004 | Best makespan in group=446.00
[TRAIN] Step 133/150 | 11:23:26
[TRAIN] Step 133 | Loss=0.000012 | Best makespan in group=443.00
[TRAIN] Step 134/150 | 11:23:38
[TRAIN] Step 134 | Loss=0.000000 | Best makespan in group=360.00
[TRAIN] Step 135/150 | 11:23:49
[TRAIN] Step 135 | Loss=0.000000 | Best makespan in group=355.00
[TRAIN] Step 136/150 | 11:24:02
[TRAIN] Step 136 | Loss=0.000000 | Best makespan in group=355.00
[TRAIN] Step 137/150 | 11:24:13
[TRAIN] Step 137 | Loss=0.000000 | Best makespan in group=473.00
[TRAIN] Step 138/150 | 11:24:22
[TRAIN] Step 138 | Loss=1.793581 | Best makespan in group=358.00
[TRAIN] Step 139/150 | 11:24:30
[TRAIN] Step 139 | Loss=0.107254 | Best makespan in group=376.00
[TRAIN] Step 140/150 | 11:24:39
[TRAIN] Step 140 | Loss=0.000018 | Best makespan in group=471.00
[TRAIN][VAL][ep 140] avg_gap=0.1941 | std_gap=0.0985 | q80_gap=0.2785 | n=30
[TRAIN] Validation improved | avg_gap=0.1941 | saving candidate: 295003811081951.pth
[TRAIN] Step 141/150 | 11:25:16
[TRAIN] Step 141 | Loss=0.000012 | Best makespan in group=371.00
[TRAIN] Step 142/150 | 11:25:24
[TRAIN] Step 142 | Loss=0.001648 | Best makespan in group=574.00
[TRAIN] Step 143/150 | 11:25:33
[TRAIN] Step 143 | Loss=0.000004 | Best makespan in group=354.00
[TRAIN] Step 144/150 | 11:25:41
[TRAIN] Step 144 | Loss=1.172044 | Best makespan in group=385.00
[TRAIN] Step 145/150 | 11:25:50
[TRAIN] Step 145 | Loss=0.000000 | Best makespan in group=480.00
[TRAIN] Step 146/150 | 11:25:58
[TRAIN] Step 146 | Loss=0.000125 | Best makespan in group=489.00
[TRAIN] Step 147/150 | 11:26:06
[TRAIN] Step 147 | Loss=0.000000 | Best makespan in group=403.00
[TRAIN] Step 148/150 | 11:26:17
[TRAIN] Step 148 | Loss=0.000165 | Best makespan in group=440.00
[TRAIN] Step 149/150 | 11:26:27
[TRAIN] Step 149 | Loss=0.608902 | Best makespan in group=400.00
[TRAIN] Step 150/150 | 11:26:36
[TRAIN] Step 150 | Loss=0.470599 | Best makespan in group=328.00
[TRAIN] Refreshing training instances (step 150)...
[TRAIN][VAL][ep 150] avg_gap=0.1903 | std_gap=0.0861 | q80_gap=0.2287 | n=30
[TRAIN] Validation improved | avg_gap=0.1903 | saving candidate: 844879660527969.pth
[TRAIN] Evaluating best checkpoint (candidate_models/844879660527969.pth) on the held-out test split...
[TRAIN][TEST] avg_gap=0.1954 | std_gap=0.0871 | q80_gap=0.2805 | n=30
[TRAIN][11:33:19] Training ended. Validation history and plots updated.
=== DONE convergence_check_ojm_gin in 4876.1s ===
=== START convergence_check_ojm_transformer @ 11:33:19 ===
============================================================
[TRAIN] Training started at: 2026-09-18 11:33:19
[TRAIN] Hyperparams | max_steps=150 | new_freq=75
[TRAIN]             | n_cases=20 | B=24 | K=8 | use_greedy=True | lr=0.0005
[TRAIN]             | warm_start_steps=150
[TRAIN]             | hidden_channels=128 | num_layers=2 | heads=3
[TRAIN] Representation | ojm | GNN | transformer
[TRAIN] Problem size | jobs=[8,10] | machines=[5,10] | ops_per_job=[5,6] | max_proc=100
============================================================
[TRAIN] Output run folder: results\convergence_check_ojm_transformer
[TRAIN] Validation config | every=20 steps | instances=30 (representative subset)
[TRAIN] Warm-start (behavior cloning vs. dispatch heuristic) | 150 step(s)...
[TRAIN][WARMSTART] step 7/150 | instance=14 | bc_loss=2.1729 | decisions=54
[TRAIN][WARMSTART] step 14/150 | instance=11 | bc_loss=2.0606 | decisions=54
[TRAIN][WARMSTART] step 21/150 | instance=5 | bc_loss=1.9595 | decisions=46
[TRAIN][WARMSTART] step 28/150 | instance=2 | bc_loss=1.6684 | decisions=47
[TRAIN][WARMSTART] step 35/150 | instance=17 | bc_loss=1.7215 | decisions=47
[TRAIN][WARMSTART] step 42/150 | instance=16 | bc_loss=1.6348 | decisions=57
[TRAIN][WARMSTART] step 49/150 | instance=15 | bc_loss=1.4540 | decisions=47
[TRAIN][WARMSTART] step 56/150 | instance=4 | bc_loss=1.7354 | decisions=55
[TRAIN][WARMSTART] step 63/150 | instance=9 | bc_loss=1.4763 | decisions=57
[TRAIN][WARMSTART] step 70/150 | instance=12 | bc_loss=1.4453 | decisions=48
[TRAIN][WARMSTART] step 77/150 | instance=5 | bc_loss=1.7099 | decisions=46
[TRAIN][WARMSTART] step 84/150 | instance=2 | bc_loss=1.4883 | decisions=47
[TRAIN][WARMSTART] step 91/150 | instance=0 | bc_loss=1.4187 | decisions=45
[TRAIN][WARMSTART] step 98/150 | instance=9 | bc_loss=1.3686 | decisions=57
[TRAIN][WARMSTART] step 105/150 | instance=15 | bc_loss=1.2610 | decisions=47
[TRAIN][WARMSTART] step 112/150 | instance=5 | bc_loss=1.5825 | decisions=46
[TRAIN][WARMSTART] step 119/150 | instance=19 | bc_loss=1.5088 | decisions=40
[TRAIN][WARMSTART] step 126/150 | instance=0 | bc_loss=1.4707 | decisions=45
[TRAIN][WARMSTART] step 133/150 | instance=5 | bc_loss=1.5824 | decisions=46
[TRAIN][WARMSTART] step 140/150 | instance=2 | bc_loss=1.3937 | decisions=47
[TRAIN][WARMSTART] step 147/150 | instance=14 | bc_loss=1.5684 | decisions=54
[TRAIN][WARMSTART] step 150/150 | instance=8 | bc_loss=1.2022 | decisions=40
[TRAIN] Warm-start complete, switching to BOPO preference optimization.
------------------------------------------------------------
[TRAIN] BOPO agent ready. Starting training loop for 150 step(s)...
------------------------------------------------------------
[TRAIN] Step 1/150 | 11:37:21
