D:\Dissertação\dissertation-bopo_introduction\venv\Lib\site-packages\torch\jit\_script.py:1485: FutureWarning: `torch.jit.script` is not supported in Python 3.14+ and may break. Please switch to `torch.compile` or `torch.export`.
  warnings.warn(
=== START convergence_check_ojm_transformer @ 11:58:34 ===
============================================================
[TRAIN] Training started at: 2026-09-18 11:58:34
[TRAIN] Hyperparams | max_steps=150 | new_freq=75
[TRAIN]             | n_cases=20 | B=24 | K=8 | use_greedy=True | lr=0.0005
[TRAIN]             | warm_start_steps=150
[TRAIN]             | hidden_channels=128 | num_layers=2 | heads=3
[TRAIN] Representation | ojm | GNN | transformer
[TRAIN] Problem size | jobs=[8,10] | machines=[5,10] | ops_per_job=[5,6] | max_proc=100
============================================================
[TRAIN] Output run folder: results\convergence_check_ojm_transformer
[TRAIN] Validation config | every=20 steps | instances=30 (representative subset)
[TRAIN] Warm-start (behavior cloning vs. dispatch heuristic) | 150 step(s)...
[TRAIN][WARMSTART] step 7/150 | instance=1 | bc_loss=2.0449 | decisions=51
[TRAIN][WARMSTART] step 14/150 | instance=10 | bc_loss=2.0068 | decisions=50
[TRAIN][WARMSTART] step 21/150 | instance=15 | bc_loss=1.6265 | decisions=56
[TRAIN][WARMSTART] step 28/150 | instance=3 | bc_loss=1.7849 | decisions=55
[TRAIN][WARMSTART] step 35/150 | instance=14 | bc_loss=1.2411 | decisions=43
[TRAIN][WARMSTART] step 42/150 | instance=8 | bc_loss=1.2882 | decisions=42
[TRAIN][WARMSTART] step 49/150 | instance=14 | bc_loss=1.1539 | decisions=43
[TRAIN][WARMSTART] step 56/150 | instance=15 | bc_loss=1.4137 | decisions=56
[TRAIN][WARMSTART] step 63/150 | instance=0 | bc_loss=1.3978 | decisions=51
[TRAIN][WARMSTART] step 70/150 | instance=8 | bc_loss=1.1981 | decisions=42
[TRAIN][WARMSTART] step 77/150 | instance=11 | bc_loss=1.7379 | decisions=43
[TRAIN][WARMSTART] step 84/150 | instance=3 | bc_loss=1.6612 | decisions=55
[TRAIN][WARMSTART] step 91/150 | instance=15 | bc_loss=1.3723 | decisions=56
[TRAIN][WARMSTART] step 98/150 | instance=12 | bc_loss=1.5427 | decisions=55
[TRAIN][WARMSTART] step 105/150 | instance=5 | bc_loss=1.6675 | decisions=52
[TRAIN][WARMSTART] step 112/150 | instance=12 | bc_loss=1.5845 | decisions=55
[TRAIN][WARMSTART] step 119/150 | instance=14 | bc_loss=1.0734 | decisions=43
[TRAIN][WARMSTART] step 126/150 | instance=12 | bc_loss=1.5196 | decisions=55
[TRAIN][WARMSTART] step 133/150 | instance=11 | bc_loss=1.6558 | decisions=43
[TRAIN][WARMSTART] step 140/150 | instance=9 | bc_loss=1.6923 | decisions=53
[TRAIN][WARMSTART] step 147/150 | instance=4 | bc_loss=1.5195 | decisions=55
[TRAIN][WARMSTART] step 150/150 | instance=18 | bc_loss=1.3450 | decisions=47
[TRAIN] Warm-start complete, switching to BOPO preference optimization.
------------------------------------------------------------
[TRAIN] BOPO agent ready. Starting training loop for 150 step(s)...
------------------------------------------------------------
[TRAIN] Step 1/150 | 12:03:08
[TRAIN] Step 1 | Loss=12.158769 | Best makespan in group=507.00
[TRAIN] Step 2/150 | 12:03:19
[TRAIN] Step 2 | Loss=4.345450 | Best makespan in group=492.00
[TRAIN] Step 3/150 | 12:03:38
[TRAIN] Step 3 | Loss=6.722886 | Best makespan in group=518.00
[TRAIN] Step 4/150 | 12:03:59
[TRAIN] Step 4 | Loss=-0.000000 | Best makespan in group=647.00
[TRAIN] Step 5/150 | 12:04:14
[TRAIN] Step 5 | Loss=5.259737 | Best makespan in group=690.00
[TRAIN] Step 6/150 | 12:04:30
[TRAIN] Step 6 | Loss=2.508644 | Best makespan in group=543.00
[TRAIN] Step 7/150 | 12:04:41
[TRAIN] Step 7 | Loss=1.633423 | Best makespan in group=663.00
[TRAIN] Step 8/150 | 12:04:57
[TRAIN] Step 8 | Loss=0.027993 | Best makespan in group=562.00
[TRAIN] Step 9/150 | 12:05:16
[TRAIN] Step 9 | Loss=9.504822 | Best makespan in group=532.00
[TRAIN] Step 10/150 | 12:05:27
[TRAIN] Step 10 | Loss=5.198844 | Best makespan in group=354.00
[TRAIN] Step 11/150 | 12:05:45
[TRAIN] Step 11 | Loss=1.449895 | Best makespan in group=519.00
[TRAIN] Step 12/150 | 12:06:03
[TRAIN] Step 12 | Loss=4.575096 | Best makespan in group=404.00
[TRAIN] Step 13/150 | 12:06:21
[TRAIN] Step 13 | Loss=9.976842 | Best makespan in group=394.00
[TRAIN] Step 14/150 | 12:06:36
[TRAIN] Step 14 | Loss=2.302009 | Best makespan in group=459.00
[TRAIN] Step 15/150 | 12:06:57
[TRAIN] Step 15 | Loss=3.838637 | Best makespan in group=410.00
[TRAIN] Step 16/150 | 12:07:16
[TRAIN] Step 16 | Loss=8.826656 | Best makespan in group=549.00
[TRAIN] Step 17/150 | 12:07:35
[TRAIN] Step 17 | Loss=5.985654 | Best makespan in group=418.00
[TRAIN] Step 18/150 | 12:07:55
[TRAIN] Step 18 | Loss=6.938200 | Best makespan in group=410.00
[TRAIN] Step 19/150 | 12:08:08
[TRAIN] Step 19 | Loss=1.293425 | Best makespan in group=403.00
[TRAIN] Step 20/150 | 12:08:28
[TRAIN] Step 20 | Loss=1.425088 | Best makespan in group=545.00
[TRAIN][VAL][ep 20] avg_gap=0.2282 | std_gap=0.0863 | q80_gap=0.2975 | n=30
[TRAIN] Validation improved | avg_gap=0.2282 | saving candidate: 590884818085747.pth
[TRAIN] Step 21/150 | 12:09:32
[TRAIN] Step 21 | Loss=-0.000000 | Best makespan in group=609.00
[TRAIN] Step 22/150 | 12:09:50
[TRAIN] Step 22 | Loss=7.014339 | Best makespan in group=448.00
[TRAIN] Step 23/150 | 12:10:01
[TRAIN] Step 23 | Loss=0.647607 | Best makespan in group=525.00
[TRAIN] Step 24/150 | 12:10:16
[TRAIN] Step 24 | Loss=13.000049 | Best makespan in group=554.00
[TRAIN] Step 25/150 | 12:10:28
[TRAIN] Step 25 | Loss=0.000000 | Best makespan in group=450.00
[TRAIN] Step 26/150 | 12:10:47
[TRAIN] Step 26 | Loss=4.442460 | Best makespan in group=356.00
[TRAIN] Step 27/150 | 12:11:02
[TRAIN] Step 27 | Loss=0.000003 | Best makespan in group=513.00
[TRAIN] Step 28/150 | 12:11:22
[TRAIN] Step 28 | Loss=-0.000000 | Best makespan in group=416.00
[TRAIN] Step 29/150 | 12:11:33
[TRAIN] Step 29 | Loss=0.952447 | Best makespan in group=398.00
[TRAIN] Step 30/150 | 12:55:37
[TRAIN] Step 30 | Loss=0.581183 | Best makespan in group=393.00
[TRAIN] Step 31/150 | 12:55:57
[TRAIN] Step 31 | Loss=2.303329 | Best makespan in group=421.00
[TRAIN] Step 32/150 | 12:56:18
[TRAIN] Step 32 | Loss=0.632890 | Best makespan in group=334.00
[TRAIN] Step 33/150 | 12:56:38
[TRAIN] Step 33 | Loss=1.757096 | Best makespan in group=546.00
[TRAIN] Step 34/150 | 12:56:54
[TRAIN] Step 34 | Loss=0.278867 | Best makespan in group=357.00
[TRAIN] Step 35/150 | 12:57:15
[TRAIN] Step 35 | Loss=0.005832 | Best makespan in group=466.00
[TRAIN] Step 36/150 | 12:57:36
[TRAIN] Step 36 | Loss=7.032885 | Best makespan in group=436.00
[TRAIN] Step 37/150 | 12:57:59
[TRAIN] Step 37 | Loss=1.757819 | Best makespan in group=389.00
[TRAIN] Step 38/150 | 12:58:12
[TRAIN] Step 38 | Loss=-0.000000 | Best makespan in group=378.00
[TRAIN] Step 39/150 | 12:58:33
[TRAIN] Step 39 | Loss=0.325333 | Best makespan in group=366.00
[TRAIN] Step 40/150 | 12:58:52
[TRAIN] Step 40 | Loss=-0.000000 | Best makespan in group=474.00
[TRAIN][VAL][ep 40] avg_gap=0.1625 | std_gap=0.0780 | q80_gap=0.2309 | n=30
[TRAIN] Validation improved | avg_gap=0.1625 | saving candidate: 401284934881712.pth
[TRAIN] Step 41/150 | 13:00:01
[TRAIN] Step 41 | Loss=0.057193 | Best makespan in group=437.00
[TRAIN] Step 42/150 | 13:00:25
[TRAIN] Step 42 | Loss=0.001470 | Best makespan in group=394.00
[TRAIN] Step 43/150 | 13:00:46
[TRAIN] Step 43 | Loss=3.212597 | Best makespan in group=525.00
[TRAIN] Step 44/150 | 13:01:02
[TRAIN] Step 44 | Loss=0.917290 | Best makespan in group=379.00
[TRAIN] Step 45/150 | 13:01:21
[TRAIN] Step 45 | Loss=-0.000000 | Best makespan in group=507.00
[TRAIN] Step 46/150 | 13:01:42
[TRAIN] Step 46 | Loss=0.000849 | Best makespan in group=360.00
[TRAIN] Step 47/150 | 13:02:00
[TRAIN] Step 47 | Loss=0.194755 | Best makespan in group=416.00
[TRAIN] Step 48/150 | 13:02:21
[TRAIN] Step 48 | Loss=0.150501 | Best makespan in group=445.00
[TRAIN] Step 49/150 | 13:02:44
[TRAIN] Step 49 | Loss=0.118368 | Best makespan in group=450.00
[TRAIN] Step 50/150 | 13:02:57
[TRAIN] Step 50 | Loss=0.048441 | Best makespan in group=344.00
[TRAIN] Step 51/150 | 13:03:18
[TRAIN] Step 51 | Loss=-0.000000 | Best makespan in group=563.00
[TRAIN] Step 52/150 | 13:03:35
[TRAIN] Step 52 | Loss=-0.000000 | Best makespan in group=454.00
[TRAIN] Step 53/150 | 13:03:55
[TRAIN] Step 53 | Loss=-0.000000 | Best makespan in group=539.00
[TRAIN] Step 54/150 | 13:04:07
[TRAIN] Step 54 | Loss=0.000819 | Best makespan in group=385.00
[TRAIN] Step 55/150 | 13:04:28
[TRAIN] Step 55 | Loss=-0.000000 | Best makespan in group=446.00
[TRAIN] Step 56/150 | 13:04:41
[TRAIN] Step 56 | Loss=-0.000000 | Best makespan in group=612.00
[TRAIN] Step 57/150 | 13:04:57
[TRAIN] Step 57 | Loss=-0.000000 | Best makespan in group=456.00
[TRAIN] Step 58/150 | 13:05:17
[TRAIN] Step 58 | Loss=-0.000000 | Best makespan in group=467.00
[TRAIN] Step 59/150 | 13:05:31
[TRAIN] Step 59 | Loss=-0.000000 | Best makespan in group=376.00
[TRAIN] Step 60/150 | 13:05:46
[TRAIN] Step 60 | Loss=-0.000000 | Best makespan in group=393.00
[TRAIN][VAL][ep 60] avg_gap=0.1299 | std_gap=0.0509 | q80_gap=0.1609 | n=30
[TRAIN] Validation improved | avg_gap=0.1299 | saving candidate: 220067270817546.pth
[TRAIN] Step 61/150 | 13:07:00
[TRAIN] Step 61 | Loss=0.239034 | Best makespan in group=396.00
[TRAIN] Step 62/150 | 13:07:20
[TRAIN] Step 62 | Loss=-0.000000 | Best makespan in group=513.00
[TRAIN] Step 63/150 | 13:07:32
[TRAIN] Step 63 | Loss=0.454424 | Best makespan in group=385.00
[TRAIN] Step 64/150 | 13:07:50
[TRAIN] Step 64 | Loss=4.944102 | Best makespan in group=483.00
[TRAIN] Step 65/150 | 13:08:03
[TRAIN] Step 65 | Loss=0.000000 | Best makespan in group=504.00
[TRAIN] Step 66/150 | 13:08:15
[TRAIN] Step 66 | Loss=1.235863 | Best makespan in group=379.00
[TRAIN] Step 67/150 | 13:08:30
[TRAIN] Step 67 | Loss=-0.000000 | Best makespan in group=512.00
[TRAIN] Step 68/150 | 13:08:50
[TRAIN] Step 68 | Loss=-0.000000 | Best makespan in group=379.00
[TRAIN] Step 69/150 | 13:09:11
[TRAIN] Step 69 | Loss=-0.000000 | Best makespan in group=392.00
[TRAIN] Step 70/150 | 13:09:32
[TRAIN] Step 70 | Loss=-0.000000 | Best makespan in group=626.00
[TRAIN] Step 71/150 | 13:09:48
[TRAIN] Step 71 | Loss=-0.000000 | Best makespan in group=373.00
[TRAIN] Step 72/150 | 13:10:01
[TRAIN] Step 72 | Loss=0.000003 | Best makespan in group=505.00
[TRAIN] Step 73/150 | 13:10:21
[TRAIN] Step 73 | Loss=0.121684 | Best makespan in group=463.00
[TRAIN] Step 74/150 | 13:10:41
[TRAIN] Step 74 | Loss=-0.000000 | Best makespan in group=466.00
[TRAIN] Step 75/150 | 13:11:00
[TRAIN] Step 75 | Loss=-0.000000 | Best makespan in group=414.00
[TRAIN] Refreshing training instances (step 75)...
[TRAIN] Step 76/150 | 13:11:13
[TRAIN] Step 76 | Loss=-0.000000 | Best makespan in group=363.00
[TRAIN] Step 77/150 | 13:11:28
[TRAIN] Step 77 | Loss=-0.000000 | Best makespan in group=552.00
[TRAIN] Step 78/150 | 13:11:40
[TRAIN] Step 78 | Loss=-0.000000 | Best makespan in group=474.00
[TRAIN] Step 79/150 | 13:11:52
[TRAIN] Step 79 | Loss=-0.000000 | Best makespan in group=437.00
[TRAIN] Step 80/150 | 13:12:10
[TRAIN] Step 80 | Loss=-0.000000 | Best makespan in group=431.00
[TRAIN][VAL][ep 80] avg_gap=0.1241 | std_gap=0.0376 | q80_gap=0.1454 | n=30
[TRAIN] Validation improved | avg_gap=0.1241 | saving candidate: 450482920225404.pth
[TRAIN] Step 81/150 | 13:13:21
[TRAIN] Step 81 | Loss=0.394038 | Best makespan in group=405.00
[TRAIN] Step 82/150 | 13:13:38
[TRAIN] Step 82 | Loss=-0.000000 | Best makespan in group=460.00
[TRAIN] Step 83/150 | 13:14:03
[TRAIN] Step 83 | Loss=0.005094 | Best makespan in group=393.00
[TRAIN] Step 84/150 | 13:14:22
[TRAIN] Step 84 | Loss=-0.000000 | Best makespan in group=487.00
[TRAIN] Step 85/150 | 13:14:37
[TRAIN] Step 85 | Loss=-0.000000 | Best makespan in group=354.00
[TRAIN] Step 86/150 | 13:14:56
[TRAIN] Step 86 | Loss=-0.000000 | Best makespan in group=368.00
[TRAIN] Step 87/150 | 13:15:16
[TRAIN] Step 87 | Loss=-0.000000 | Best makespan in group=371.00
[TRAIN] Step 88/150 | 13:15:51
[TRAIN] Step 88 | Loss=-0.000000 | Best makespan in group=324.00
[TRAIN] Step 89/150 | 13:16:18
[TRAIN] Step 89 | Loss=1.691374 | Best makespan in group=318.00
[TRAIN] Step 90/150 | 13:16:50
[TRAIN] Step 90 | Loss=-0.000000 | Best makespan in group=552.00
[TRAIN] Step 91/150 | 13:17:18
[TRAIN] Step 91 | Loss=-0.000000 | Best makespan in group=516.00
[TRAIN] Step 92/150 | 13:18:03
[TRAIN] Step 92 | Loss=-0.000000 | Best makespan in group=421.00
[TRAIN] Step 93/150 | 13:18:49
[TRAIN] Step 93 | Loss=-0.000000 | Best makespan in group=369.00
[TRAIN] Step 94/150 | 13:19:42
[TRAIN] Step 94 | Loss=-0.000000 | Best makespan in group=516.00
[TRAIN] Step 95/150 | 13:20:11
[TRAIN] Step 95 | Loss=0.030068 | Best makespan in group=381.00
[TRAIN] Step 96/150 | 13:20:53
[TRAIN] Step 96 | Loss=0.124854 | Best makespan in group=447.00
[TRAIN] Step 97/150 | 13:21:32
[TRAIN] Step 97 | Loss=-0.000000 | Best makespan in group=495.00
[TRAIN] Step 98/150 | 13:22:06
[TRAIN] Step 98 | Loss=1.089239 | Best makespan in group=401.00
[TRAIN] Step 99/150 | 13:22:44
[TRAIN] Step 99 | Loss=-0.000000 | Best makespan in group=431.00
[TRAIN] Step 100/150 | 13:23:19
[TRAIN] Step 100 | Loss=0.008954 | Best makespan in group=324.00
[TRAIN][VAL][ep 100] avg_gap=0.1249 | std_gap=0.0507 | q80_gap=0.1524 | n=30
[TRAIN] Step 101/150 | 13:25:53
[TRAIN] Step 101 | Loss=-0.000000 | Best makespan in group=514.00
[TRAIN] Step 102/150 | 13:26:39
[TRAIN] Step 102 | Loss=-0.000000 | Best makespan in group=474.00
[TRAIN] Step 103/150 | 13:27:05
[TRAIN] Step 103 | Loss=1.262946 | Best makespan in group=382.00
[TRAIN] Step 104/150 | 13:27:43
[TRAIN] Step 104 | Loss=-0.000000 | Best makespan in group=523.00
[TRAIN] Step 105/150 | 13:28:15
[TRAIN] Step 105 | Loss=-0.000000 | Best makespan in group=586.00
[TRAIN] Step 106/150 | 13:28:43
[TRAIN] Step 106 | Loss=-0.000000 | Best makespan in group=555.00
[TRAIN] Step 107/150 | 13:29:08
[TRAIN] Step 107 | Loss=0.031200 | Best makespan in group=365.00
[TRAIN] Step 108/150 | 13:29:42
[TRAIN] Step 108 | Loss=0.710176 | Best makespan in group=406.00
[TRAIN] Step 109/150 | 13:30:17
[TRAIN] Step 109 | Loss=-0.000000 | Best makespan in group=388.00
[TRAIN] Step 110/150 | 13:30:56
[TRAIN] Step 110 | Loss=-0.000000 | Best makespan in group=396.00
[TRAIN] Step 111/150 | 13:31:41
[TRAIN] Step 111 | Loss=-0.000000 | Best makespan in group=455.00
[TRAIN] Step 112/150 | 13:32:28
[TRAIN] Step 112 | Loss=0.319024 | Best makespan in group=323.00
[TRAIN] Step 113/150 | 13:33:09
[TRAIN] Step 113 | Loss=-0.000000 | Best makespan in group=352.00
[TRAIN] Step 114/150 | 13:33:57
[TRAIN] Step 114 | Loss=0.243660 | Best makespan in group=471.00
[TRAIN] Step 115/150 | 13:34:22
[TRAIN] Step 115 | Loss=-0.000000 | Best makespan in group=300.00
[TRAIN] Step 116/150 | 13:34:37
[TRAIN] Step 116 | Loss=0.084495 | Best makespan in group=387.00
[TRAIN] Step 117/150 | 13:34:55
[TRAIN] Step 117 | Loss=-0.000000 | Best makespan in group=371.00
[TRAIN] Step 118/150 | 13:35:13
[TRAIN] Step 118 | Loss=-0.000000 | Best makespan in group=364.00
[TRAIN] Step 119/150 | 13:35:37
[TRAIN] Step 119 | Loss=-0.000000 | Best makespan in group=527.00
[TRAIN] Step 120/150 | 13:35:48
[TRAIN] Step 120 | Loss=-0.000000 | Best makespan in group=365.00
[TRAIN][VAL][ep 120] avg_gap=0.1229 | std_gap=0.0661 | q80_gap=0.1282 | n=30
[TRAIN] Validation improved | avg_gap=0.1229 | saving candidate: 485299676148108.pth
[TRAIN] Step 121/150 | 13:36:57
[TRAIN] Step 121 | Loss=6.071556 | Best makespan in group=414.00
[TRAIN] Step 122/150 | 13:37:13
[TRAIN] Step 122 | Loss=-0.000000 | Best makespan in group=308.00
[TRAIN] Step 123/150 | 13:37:29
[TRAIN] Step 123 | Loss=-0.000000 | Best makespan in group=465.00
[TRAIN] Step 124/150 | 13:37:40
[TRAIN] Step 124 | Loss=-0.000000 | Best makespan in group=421.00
[TRAIN] Step 125/150 | 13:38:02
[TRAIN] Step 125 | Loss=-0.000000 | Best makespan in group=533.00
[TRAIN] Step 126/150 | 13:38:16
[TRAIN] Step 126 | Loss=-0.000000 | Best makespan in group=504.00
[TRAIN] Step 127/150 | 13:38:35
[TRAIN] Step 127 | Loss=-0.000000 | Best makespan in group=458.00
[TRAIN] Step 128/150 | 13:38:51
[TRAIN] Step 128 | Loss=-0.000000 | Best makespan in group=558.00
[TRAIN] Step 129/150 | 13:39:03
[TRAIN] Step 129 | Loss=-0.000000 | Best makespan in group=455.00
[TRAIN] Step 130/150 | 13:39:27
[TRAIN] Step 130 | Loss=0.011721 | Best makespan in group=326.00
[TRAIN] Step 131/150 | 13:39:42
[TRAIN] Step 131 | Loss=-0.000000 | Best makespan in group=503.00
[TRAIN] Step 132/150 | 13:39:56
[TRAIN] Step 132 | Loss=0.132182 | Best makespan in group=382.00
[TRAIN] Step 133/150 | 13:40:13
[TRAIN] Step 133 | Loss=0.547927 | Best makespan in group=388.00
[TRAIN] Step 134/150 | 13:40:31
[TRAIN] Step 134 | Loss=-0.000000 | Best makespan in group=419.00
[TRAIN] Step 135/150 | 13:40:45
[TRAIN] Step 135 | Loss=-0.000000 | Best makespan in group=320.00
[TRAIN] Step 136/150 | 13:41:03
[TRAIN] Step 136 | Loss=-0.000000 | Best makespan in group=507.00
[TRAIN] Step 137/150 | 13:41:23
[TRAIN] Step 137 | Loss=-0.000000 | Best makespan in group=376.00
[TRAIN] Step 138/150 | 13:41:39
[TRAIN] Step 138 | Loss=0.000001 | Best makespan in group=396.00
[TRAIN] Step 139/150 | 13:42:01
[TRAIN] Step 139 | Loss=-0.000000 | Best makespan in group=440.00
[TRAIN] Step 140/150 | 13:42:23
[TRAIN] Step 140 | Loss=-0.000000 | Best makespan in group=530.00
[TRAIN][VAL][ep 140] avg_gap=0.1305 | std_gap=0.0549 | q80_gap=0.1456 | n=30
[TRAIN] Step 141/150 | 13:43:31
[TRAIN] Step 141 | Loss=-0.000000 | Best makespan in group=319.00
[TRAIN] Step 142/150 | 13:43:46
[TRAIN] Step 142 | Loss=-0.000000 | Best makespan in group=570.00
[TRAIN] Step 143/150 | 13:43:59
[TRAIN] Step 143 | Loss=-0.000000 | Best makespan in group=383.00
[TRAIN] Step 144/150 | 13:44:18
[TRAIN] Step 144 | Loss=-0.000000 | Best makespan in group=455.00
[TRAIN] Step 145/150 | 13:44:43
[TRAIN] Step 145 | Loss=-0.000000 | Best makespan in group=355.00
[TRAIN] Step 146/150 | 13:45:06
[TRAIN] Step 146 | Loss=-0.000000 | Best makespan in group=513.00
[TRAIN] Step 147/150 | 13:45:17
[TRAIN] Step 147 | Loss=0.000001 | Best makespan in group=515.00
[TRAIN] Step 148/150 | 13:45:28
[TRAIN] Step 148 | Loss=-0.000000 | Best makespan in group=406.00
[TRAIN] Step 149/150 | 13:45:43
[TRAIN] Step 149 | Loss=1.149854 | Best makespan in group=320.00
[TRAIN] Step 150/150 | 13:45:58
[TRAIN] Step 150 | Loss=0.000061 | Best makespan in group=377.00
[TRAIN] Refreshing training instances (step 150)...
[TRAIN][VAL][ep 150] avg_gap=0.1283 | std_gap=0.0475 | q80_gap=0.1461 | n=30
[TRAIN] Evaluating best checkpoint (candidate_models/485299676148108.pth) on the held-out test split...
[TRAIN][TEST] avg_gap=0.1343 | std_gap=0.0592 | q80_gap=0.1826 | n=30
[TRAIN][13:48:00] Training ended. Validation history and plots updated.
=== DONE convergence_check_ojm_transformer in 6565.1s ===
