D:\Dissertação\dissertation-bopo_introduction\venv\Lib\site-packages\torch\jit\_script.py:1485: FutureWarning: `torch.jit.script` is not supported in Python 3.14+ and may break. Please switch to `torch.compile` or `torch.export`.
  warnings.warn(
============================================================
[MAIN] Run started at 2026-09-24 07:16:56
[MAIN] mode=optuna
[MAIN] run_name=train_run
[MAIN] representation(s)=['ojm']
[MAIN] gnn_type=gat
============================================================
======================================================================
[PARAM] Hyperparameter tuning runner (Optuna)
[PARAM] Representations : ['OJM']
[PARAM] Trials          : 3
[PARAM] Max episodes    : 100
[PARAM] Objective       : min(last_val_gap_Q80)
[PARAM] Storage         : sqlite:///optuna.db
======================================================================
[I 2026-09-24 07:16:58,378] A new study created in RDB with name: fjsp_tuning_ojm
[PARAM] Starting Optuna study for OJM | gnn_type=gat | study_name=fjsp_tuning_ojm | trials=3 | max_episodes=100 | objective=min(last_val_gap_Q80)
[PARAM] Critical params (OJM): ['lr', 'hidden_channels', 'batch_size', 'num_layers', 'heads', 'n_cases', 'new_freq', 'K', 'use_greedy', 'mask_option', 'sel_k']
[PARAM][OJM] Trial 0 | gnn_type=gat | episodes=100 | lr=7.97e-04 | hidden=256 | layers=1 | heads=4 | K=8 | use_greedy=True | tf=4
============================================================
[TRAIN] Training started at: 2026-09-24 07:16:58
[TRAIN] Hyperparams | max_steps=100 | new_freq=10
[TRAIN]             | n_cases=40 | B=128 | K=8 | use_greedy=True | lr=0.0007965261308120511 (decaying to 1.59e-04)
[TRAIN]             | warm_start_steps=100 | checkpoint_smooth_window=3 | seed=None
[TRAIN]             | hidden_channels=256 | num_layers=1 | heads=4
[TRAIN] Representation | ojm | GNN | gat
[TRAIN] Problem size | jobs=[8,10] | machines=[5,10] | ops_per_job=[5,6] | max_proc=100
============================================================
[TRAIN] Output run folder: results\optuna_ojm_gat_1790230616\trial_0
[VALIDATION] Note: using the existing fixed validation dataset at val/validation_dataset.json (40 instances) - the requested sample_size=20 is ignored so every run stays comparable. Delete val/validation_dataset.json (and its paired val/test_dataset.json) to regenerate both splits at a new size.
[TRAIN] Validation config | every=15 steps | instances=40 (representative subset)
[TRAIN] Warm-start (behavior cloning vs. dispatch heuristic) | 100 step(s)...
[TRAIN][WARMSTART] step 5/100 | instance=5 | bc_loss=2.3070 | decisions=46
[TRAIN][WARMSTART] step 10/100 | instance=4 | bc_loss=2.5315 | decisions=53
[TRAIN][WARMSTART] step 15/100 | instance=20 | bc_loss=2.4610 | decisions=55
[TRAIN][WARMSTART] step 20/100 | instance=10 | bc_loss=2.5069 | decisions=47
[TRAIN][WARMSTART] step 25/100 | instance=6 | bc_loss=2.1738 | decisions=43
[TRAIN][WARMSTART] step 30/100 | instance=12 | bc_loss=2.3769 | decisions=55
[TRAIN][WARMSTART] step 35/100 | instance=13 | bc_loss=2.3707 | decisions=47
[TRAIN][WARMSTART] step 40/100 | instance=14 | bc_loss=2.5764 | decisions=55
[TRAIN][WARMSTART] step 45/100 | instance=2 | bc_loss=2.4208 | decisions=50
[TRAIN][WARMSTART] step 50/100 | instance=33 | bc_loss=2.5177 | decisions=56
[TRAIN][WARMSTART] step 55/100 | instance=5 | bc_loss=2.0942 | decisions=46
[TRAIN][WARMSTART] step 60/100 | instance=8 | bc_loss=2.4148 | decisions=54
[TRAIN][WARMSTART] step 65/100 | instance=29 | bc_loss=2.2780 | decisions=54
[TRAIN][WARMSTART] step 70/100 | instance=0 | bc_loss=1.8674 | decisions=46
[TRAIN][WARMSTART] step 75/100 | instance=33 | bc_loss=2.4475 | decisions=56
[TRAIN][WARMSTART] step 80/100 | instance=8 | bc_loss=2.3587 | decisions=54
[TRAIN][WARMSTART] step 85/100 | instance=29 | bc_loss=2.1930 | decisions=54
[TRAIN][WARMSTART] step 90/100 | instance=39 | bc_loss=1.8026 | decisions=48
[TRAIN][WARMSTART] step 95/100 | instance=34 | bc_loss=2.0681 | decisions=56
[TRAIN][WARMSTART] step 100/100 | instance=10 | bc_loss=2.3022 | decisions=47
[TRAIN] Warm-start complete, switching to BOPO preference optimization.
------------------------------------------------------------
[TRAIN] BOPO agent ready. Starting training loop for 100 step(s)...
------------------------------------------------------------
[TRAIN] Step 1/100 | 07:18:34
[TRAIN] Step 1 | Loss=13.733409 | Best makespan in group=453.00
[TRAIN] Step 2/100 | 07:20:54
[TRAIN] Step 2 | Loss=12.400680 | Best makespan in group=454.00
[TRAIN] Step 3/100 | 07:23:07
[TRAIN] Step 3 | Loss=16.118010 | Best makespan in group=466.00
[TRAIN] Step 4/100 | 07:25:28
[TRAIN] Step 4 | Loss=11.633416 | Best makespan in group=678.00
[TRAIN] Step 5/100 | 07:26:31
[TRAIN] Step 5 | Loss=14.736795 | Best makespan in group=327.00
[TRAIN] Step 6/100 | 07:28:22
[TRAIN] Step 6 | Loss=13.011934 | Best makespan in group=391.00
[TRAIN] Step 7/100 | 07:30:11
[TRAIN] Step 7 | Loss=4.855889 | Best makespan in group=529.00
[TRAIN] Step 8/100 | 07:32:36
[TRAIN] Step 8 | Loss=12.013112 | Best makespan in group=591.00
[TRAIN] Step 9/100 | 07:33:56
[TRAIN] Step 9 | Loss=1.051530 | Best makespan in group=385.00
[TRAIN] Step 10/100 | 07:36:08
[TRAIN] Step 10 | Loss=12.082992 | Best makespan in group=404.00
[TRAIN] Refreshing training instances (step 10)...
[TRAIN] Step 11/100 | 07:37:49
[TRAIN] Step 11 | Loss=6.954729 | Best makespan in group=467.00
[TRAIN] Step 12/100 | 07:38:57
[TRAIN] Step 12 | Loss=6.441291 | Best makespan in group=305.00
[TRAIN] Step 13/100 | 07:40:27
[TRAIN] Step 13 | Loss=4.993373 | Best makespan in group=438.00
[TRAIN] Step 14/100 | 07:42:03
[TRAIN] Step 14 | Loss=0.000006 | Best makespan in group=463.00
[TRAIN] Step 15/100 | 07:43:45
[TRAIN] Step 15 | Loss=1.199463 | Best makespan in group=420.00
[TRAIN][VAL][ep 15] avg_gap=0.2240 | std_gap=0.0850 | q80_gap=0.2936 | n=40
[TRAIN] Validation improved | smoothed_avg_gap=0.2240 (raw=0.2240) | saving candidate: 359350212574291.pth
[TRAIN] Step 16/100 | 07:45:42
[TRAIN] Step 16 | Loss=6.843141 | Best makespan in group=413.00
[TRAIN] Step 17/100 | 07:46:57
[TRAIN] Step 17 | Loss=-0.000000 | Best makespan in group=365.00
[TRAIN] Step 18/100 | 07:48:05
[TRAIN] Step 18 | Loss=12.990786 | Best makespan in group=397.00
[TRAIN] Step 19/100 | 07:49:16
[TRAIN] Step 19 | Loss=0.090504 | Best makespan in group=465.00
[TRAIN] Step 20/100 | 07:50:23
[TRAIN] Step 20 | Loss=1.041723 | Best makespan in group=429.00
[TRAIN] Refreshing training instances (step 20)...
[TRAIN] Step 21/100 | 07:52:32
[TRAIN] Step 21 | Loss=0.000000 | Best makespan in group=389.00
[TRAIN] Step 22/100 | 07:53:54
[TRAIN] Step 22 | Loss=0.006127 | Best makespan in group=401.00
[TRAIN] Step 23/100 | 07:55:43
[TRAIN] Step 23 | Loss=0.009691 | Best makespan in group=374.00
[TRAIN] Step 24/100 | 07:58:00
[TRAIN] Step 24 | Loss=9.345812 | Best makespan in group=468.00
[TRAIN] Step 25/100 | 07:59:41
[TRAIN] Step 25 | Loss=0.000385 | Best makespan in group=422.00
[TRAIN] Step 26/100 | 08:00:59
[TRAIN] Step 26 | Loss=0.201747 | Best makespan in group=412.00
[TRAIN] Step 27/100 | 08:03:03
[TRAIN] Step 27 | Loss=0.001927 | Best makespan in group=393.00
[TRAIN] Step 28/100 | 08:05:19
[TRAIN] Step 28 | Loss=1.210813 | Best makespan in group=482.00
[TRAIN] Step 29/100 | 08:07:13
[TRAIN] Step 29 | Loss=-0.000000 | Best makespan in group=600.00
[TRAIN] Step 30/100 | 08:08:46
[TRAIN] Step 30 | Loss=1.641246 | Best makespan in group=449.00
[TRAIN] Refreshing training instances (step 30)...
[TRAIN][VAL][ep 30] avg_gap=0.2031 | std_gap=0.0967 | q80_gap=0.2764 | n=40
[TRAIN] Validation improved | smoothed_avg_gap=0.2135 (raw=0.2031) | saving candidate: 698388934358828.pth
[TRAIN] Step 31/100 | 08:11:40
[TRAIN] Step 31 | Loss=2.522484 | Best makespan in group=438.00
[TRAIN] Step 32/100 | 08:13:32
[TRAIN] Step 32 | Loss=6.534081 | Best makespan in group=411.00
[TRAIN] Step 33/100 | 08:15:29
[TRAIN] Step 33 | Loss=-0.000000 | Best makespan in group=367.00
[TRAIN] Step 34/100 | 08:17:00
[TRAIN] Step 34 | Loss=8.720046 | Best makespan in group=467.00
[TRAIN] Step 35/100 | 08:18:12
[TRAIN] Step 35 | Loss=0.052627 | Best makespan in group=346.00
[TRAIN] Step 36/100 | 08:19:33
[TRAIN] Step 36 | Loss=1.940380 | Best makespan in group=291.00
[TRAIN] Step 37/100 | 08:21:34
[TRAIN] Step 37 | Loss=12.903802 | Best makespan in group=594.00
[TRAIN] Step 38/100 | 08:22:44
[TRAIN] Step 38 | Loss=4.459188 | Best makespan in group=528.00
[TRAIN] Step 39/100 | 08:23:49
[TRAIN] Step 39 | Loss=0.944706 | Best makespan in group=380.00
[TRAIN] Step 40/100 | 08:24:45
[TRAIN] Step 40 | Loss=3.626111 | Best makespan in group=443.00
[TRAIN] Refreshing training instances (step 40)...
[TRAIN] Step 41/100 | 08:25:53
[TRAIN] Step 41 | Loss=0.048984 | Best makespan in group=475.00
[TRAIN] Step 42/100 | 08:26:51
[TRAIN] Step 42 | Loss=0.061724 | Best makespan in group=388.00
[TRAIN] Step 43/100 | 08:27:49
[TRAIN] Step 43 | Loss=0.001108 | Best makespan in group=494.00
[TRAIN] Step 44/100 | 08:29:40
[TRAIN] Step 44 | Loss=0.195306 | Best makespan in group=540.00
[TRAIN] Step 45/100 | 08:30:37
[TRAIN] Step 45 | Loss=-0.000000 | Best makespan in group=320.00
[TRAIN][VAL][ep 45] avg_gap=0.1576 | std_gap=0.0638 | q80_gap=0.2203 | n=40
[TRAIN] Validation improved | smoothed_avg_gap=0.1949 (raw=0.1576) | saving candidate: 424732249670276.pth
[TRAIN] Step 46/100 | 08:33:48
[TRAIN] Step 46 | Loss=10.713218 | Best makespan in group=481.00
[TRAIN] Step 47/100 | 08:35:03
[TRAIN] Step 47 | Loss=0.000001 | Best makespan in group=519.00
[TRAIN] Step 48/100 | 08:36:05
[TRAIN] Step 48 | Loss=2.151481 | Best makespan in group=356.00
[TRAIN] Step 49/100 | 08:37:37
[TRAIN] Step 49 | Loss=0.012550 | Best makespan in group=416.00
[TRAIN] Step 50/100 | 08:38:37
[TRAIN] Step 50 | Loss=-0.000000 | Best makespan in group=370.00
[TRAIN] Refreshing training instances (step 50)...
[TRAIN] Step 51/100 | 08:40:08
[TRAIN] Step 51 | Loss=4.459221 | Best makespan in group=388.00
[TRAIN] Step 52/100 | 08:41:50
[TRAIN] Step 52 | Loss=1.636218 | Best makespan in group=388.00
[TRAIN] Step 53/100 | 08:43:06
[TRAIN] Step 53 | Loss=5.075138 | Best makespan in group=289.00
[TRAIN] Step 54/100 | 08:44:21
[TRAIN] Step 54 | Loss=-0.000000 | Best makespan in group=534.00
[TRAIN] Step 55/100 | 08:45:23
[TRAIN] Step 55 | Loss=-0.000000 | Best makespan in group=403.00
[TRAIN] Step 56/100 | 08:47:25
[TRAIN] Step 56 | Loss=0.001717 | Best makespan in group=404.00
[TRAIN] Step 57/100 | 08:48:31
[TRAIN] Step 57 | Loss=0.571324 | Best makespan in group=380.00
[TRAIN] Step 58/100 | 08:49:42
[TRAIN] Step 58 | Loss=0.271067 | Best makespan in group=377.00
[TRAIN] Step 59/100 | 08:50:49
[TRAIN] Step 59 | Loss=0.000018 | Best makespan in group=391.00
[TRAIN] Step 60/100 | 08:52:23
[TRAIN] Step 60 | Loss=0.002274 | Best makespan in group=576.00
[TRAIN] Refreshing training instances (step 60)...
[TRAIN][VAL][ep 60] avg_gap=0.1473 | std_gap=0.0633 | q80_gap=0.1854 | n=40
[TRAIN] Validation improved | smoothed_avg_gap=0.1693 (raw=0.1473) | saving candidate: 843752591499452.pth
[TRAIN] Step 61/100 | 08:54:46
[TRAIN] Step 61 | Loss=0.000826 | Best makespan in group=473.00
[TRAIN] Step 62/100 | 08:56:46
[TRAIN] Step 62 | Loss=1.477572 | Best makespan in group=346.00
[TRAIN] Step 63/100 | 08:59:02
[TRAIN] Step 63 | Loss=-0.000000 | Best makespan in group=412.00
[TRAIN] Step 64/100 | 09:01:03
[TRAIN] Step 64 | Loss=0.000059 | Best makespan in group=431.00
[TRAIN] Step 65/100 | 09:03:15
[TRAIN] Step 65 | Loss=7.378966 | Best makespan in group=331.00
[TRAIN] Step 66/100 | 09:07:18
[TRAIN] Step 66 | Loss=1.734821 | Best makespan in group=350.00
[TRAIN] Step 67/100 | 09:10:47
[TRAIN] Step 67 | Loss=-0.000000 | Best makespan in group=441.00
[TRAIN] Step 68/100 | 09:12:34
[TRAIN] Step 68 | Loss=6.023626 | Best makespan in group=469.00
[TRAIN] Step 69/100 | 09:14:56
[TRAIN] Step 69 | Loss=0.000015 | Best makespan in group=559.00
[TRAIN] Step 70/100 | 09:17:41
[TRAIN] Step 70 | Loss=1.086561 | Best makespan in group=446.00
[TRAIN] Refreshing training instances (step 70)...
[TRAIN] Step 71/100 | 09:19:27
[TRAIN] Step 71 | Loss=0.989648 | Best makespan in group=390.00
[TRAIN] Step 72/100 | 09:21:18
[TRAIN] Step 72 | Loss=4.993699 | Best makespan in group=481.00
[TRAIN] Step 73/100 | 09:23:54
[TRAIN] Step 73 | Loss=0.255453 | Best makespan in group=354.00
[TRAIN] Step 74/100 | 09:27:11
[TRAIN] Step 74 | Loss=-0.000000 | Best makespan in group=358.00
[TRAIN] Step 75/100 | 09:29:37
[TRAIN] Step 75 | Loss=0.016685 | Best makespan in group=369.00
[TRAIN][VAL][ep 75] avg_gap=0.1589 | std_gap=0.0716 | q80_gap=0.2085 | n=40
[TRAIN] Validation improved | smoothed_avg_gap=0.1546 (raw=0.1589) | saving candidate: 855362124902725.pth
[TRAIN] Step 76/100 | 09:35:57
[TRAIN] Step 76 | Loss=-0.000000 | Best makespan in group=318.00
[TRAIN] Step 77/100 | 09:39:01
[TRAIN] Step 77 | Loss=6.641408 | Best makespan in group=378.00
[TRAIN] Step 78/100 | 09:41:04
[TRAIN] Step 78 | Loss=8.153097 | Best makespan in group=343.00
[TRAIN] Step 79/100 | 09:43:44
[TRAIN] Step 79 | Loss=0.000910 | Best makespan in group=427.00
[TRAIN] Step 80/100 | 09:45:57
[TRAIN] Step 80 | Loss=-0.000000 | Best makespan in group=401.00
[TRAIN] Refreshing training instances (step 80)...
[TRAIN] Step 81/100 | 09:49:51
[TRAIN] Step 81 | Loss=0.118232 | Best makespan in group=530.00
[TRAIN] Step 82/100 | 09:51:47
[TRAIN] Step 82 | Loss=-0.000000 | Best makespan in group=366.00
[TRAIN] Step 83/100 | 09:55:39
[TRAIN] Step 83 | Loss=1.198651 | Best makespan in group=507.00
[TRAIN] Step 84/100 | 09:58:03
[TRAIN] Step 84 | Loss=2.216592 | Best makespan in group=457.00
[TRAIN] Step 85/100 | 09:59:55
[TRAIN] Step 85 | Loss=0.000012 | Best makespan in group=564.00
[TRAIN] Step 86/100 | 10:02:48
[TRAIN] Step 86 | Loss=1.892069 | Best makespan in group=311.00
[TRAIN] Step 87/100 | 10:06:51
[TRAIN] Step 87 | Loss=-0.000000 | Best makespan in group=387.00
[TRAIN] Step 88/100 | 10:09:27
[TRAIN] Step 88 | Loss=-0.000000 | Best makespan in group=431.00
[TRAIN] Step 89/100 | 10:11:14
[TRAIN] Step 89 | Loss=0.000473 | Best makespan in group=505.00
[TRAIN] Step 90/100 | 10:13:36
[TRAIN] Step 90 | Loss=3.833378 | Best makespan in group=400.00
[TRAIN] Refreshing training instances (step 90)...
[TRAIN][VAL][ep 90] avg_gap=0.1649 | std_gap=0.0772 | q80_gap=0.2321 | n=40
[TRAIN] Step 91/100 | 10:17:11
[TRAIN] Step 91 | Loss=0.120526 | Best makespan in group=537.00
[TRAIN] Step 92/100 | 10:19:57
[TRAIN] Step 92 | Loss=-0.000000 | Best makespan in group=464.00
[TRAIN] Step 93/100 | 10:21:22
[TRAIN] Step 93 | Loss=2.034770 | Best makespan in group=339.00
[TRAIN] Step 94/100 | 10:23:47
[TRAIN] Step 94 | Loss=0.853507 | Best makespan in group=351.00
[TRAIN] Step 95/100 | 10:25:51
[TRAIN] Step 95 | Loss=4.065003 | Best makespan in group=374.00
[TRAIN] Step 96/100 | 10:27:33
[TRAIN] Step 96 | Loss=2.353457 | Best makespan in group=499.00
[TRAIN] Step 97/100 | 10:30:21
[TRAIN] Step 97 | Loss=4.834489 | Best makespan in group=397.00
[TRAIN] Step 98/100 | 10:33:12
[TRAIN] Step 98 | Loss=0.228559 | Best makespan in group=404.00
[TRAIN] Step 99/100 | 10:35:47
[TRAIN] Step 99 | Loss=4.513165 | Best makespan in group=522.00
[TRAIN] Step 100/100 | 10:37:33
[TRAIN] Step 100 | Loss=7.996335 | Best makespan in group=440.00
[TRAIN] Refreshing training instances (step 100)...
[TRAIN][VAL][ep 100] avg_gap=0.1455 | std_gap=0.0659 | q80_gap=0.1930 | n=40
[TRAIN] Evaluating best checkpoint (candidate_models/855362124902725.pth) on the held-out test split...
[TRAIN][TEST] avg_gap=0.1556 | std_gap=0.0753 | q80_gap=0.1969 | n=40
[TRAIN][10:42:06] Training ended. Validation history and plots updated.
[I 2026-09-24 10:42:07,142] Trial 0 finished with value: 0.19304689639617878 and parameters: {'new_freq': 10, 'n_cases': 40, 'batch_size': 128, 'lr': 0.0007965261308120511, 'hidden_channels': 256, 'num_layers': 1, 'heads': 4, 'K': 8, 'use_greedy': True, 'mask_option': 1, 'sel_k': 2}. Best is trial 0 with value: 0.19304689639617878.
[PARAM][OJM] Trial 1 | gnn_type=gat | episodes=100 | lr=2.07e-03 | hidden=256 | layers=1 | heads=4 | K=16 | use_greedy=False | tf=4
============================================================
[TRAIN] Training started at: 2026-09-24 10:42:07
[TRAIN] Hyperparams | max_steps=100 | new_freq=10
[TRAIN]             | n_cases=40 | B=128 | K=16 | use_greedy=False | lr=0.0020690200562805084 (decaying to 4.14e-04)
[TRAIN]             | warm_start_steps=100 | checkpoint_smooth_window=3 | seed=None
[TRAIN]             | hidden_channels=256 | num_layers=1 | heads=4
[TRAIN] Representation | ojm | GNN | gat
[TRAIN] Problem size | jobs=[8,10] | machines=[5,10] | ops_per_job=[5,6] | max_proc=100
============================================================
[TRAIN] Output run folder: results\optuna_ojm_gat_1790230616\trial_1
[VALIDATION] Note: using the existing fixed validation dataset at val/validation_dataset.json (40 instances) - the requested sample_size=20 is ignored so every run stays comparable. Delete val/validation_dataset.json (and its paired val/test_dataset.json) to regenerate both splits at a new size.
[TRAIN] Validation config | every=15 steps | instances=40 (representative subset)
[TRAIN] Warm-start (behavior cloning vs. dispatch heuristic) | 100 step(s)...
[TRAIN][WARMSTART] step 5/100 | instance=19 | bc_loss=2.3353 | decisions=45
[TRAIN][WARMSTART] step 10/100 | instance=11 | bc_loss=2.1888 | decisions=49
[TRAIN][WARMSTART] step 15/100 | instance=20 | bc_loss=2.3205 | decisions=56
[TRAIN][WARMSTART] step 20/100 | instance=28 | bc_loss=2.3925 | decisions=55
[TRAIN][WARMSTART] step 25/100 | instance=29 | bc_loss=2.4747 | decisions=54
[TRAIN][WARMSTART] step 30/100 | instance=1 | bc_loss=2.2583 | decisions=48
[TRAIN][WARMSTART] step 35/100 | instance=16 | bc_loss=2.2300 | decisions=54
[TRAIN][WARMSTART] step 40/100 | instance=26 | bc_loss=2.1862 | decisions=44
[TRAIN][WARMSTART] step 45/100 | instance=13 | bc_loss=1.8591 | decisions=44
[TRAIN][WARMSTART] step 50/100 | instance=19 | bc_loss=1.9980 | decisions=45
[TRAIN][WARMSTART] step 55/100 | instance=18 | bc_loss=2.0251 | decisions=49
[TRAIN][WARMSTART] step 60/100 | instance=8 | bc_loss=2.0142 | decisions=49
[TRAIN][WARMSTART] step 65/100 | instance=36 | bc_loss=1.7640 | decisions=42
[TRAIN][WARMSTART] step 70/100 | instance=31 | bc_loss=1.7927 | decisions=58
[TRAIN][WARMSTART] step 75/100 | instance=26 | bc_loss=1.9216 | decisions=44
[TRAIN][WARMSTART] step 80/100 | instance=25 | bc_loss=1.9576 | decisions=56
[TRAIN][WARMSTART] step 85/100 | instance=1 | bc_loss=1.7712 | decisions=48
[TRAIN][WARMSTART] step 90/100 | instance=38 | bc_loss=1.7087 | decisions=41
[TRAIN][WARMSTART] step 95/100 | instance=13 | bc_loss=1.4752 | decisions=44
[TRAIN][WARMSTART] step 100/100 | instance=6 | bc_loss=1.9516 | decisions=53
[TRAIN] Warm-start complete, switching to BOPO preference optimization.
------------------------------------------------------------
[TRAIN] BOPO agent ready. Starting training loop for 100 step(s)...
------------------------------------------------------------
[TRAIN] Step 1/100 | 10:44:38
[TRAIN] Step 1 | Loss=12.144896 | Best makespan in group=583.00
[TRAIN] Step 2/100 | 10:46:23
[TRAIN] Step 2 | Loss=2.397006 | Best makespan in group=465.00
[TRAIN] Step 3/100 | 10:49:24
[TRAIN] Step 3 | Loss=5.349456 | Best makespan in group=643.00
[TRAIN] Step 4/100 | 10:51:54
[TRAIN] Step 4 | Loss=8.917817 | Best makespan in group=492.00
[TRAIN] Step 5/100 | 10:53:15
