D:\Dissertação\dissertation-bopo_introduction\venv\Lib\site-packages\torch\jit\_script.py:1485: FutureWarning: `torch.jit.script` is not supported in Python 3.14+ and may break. Please switch to `torch.compile` or `torch.export`.
  warnings.warn(
============================================================
[TRAIN] Training started at: 2026-09-21 21:27:40
[TRAIN] Hyperparams | max_steps=400 | new_freq=200
[TRAIN]             | n_cases=30 | B=32 | K=10 | use_greedy=True | lr=0.0005 (decaying to 1.00e-04)
[TRAIN]             | warm_start_steps=200 | checkpoint_smooth_window=3 | seed=43
[TRAIN]             | hidden_channels=128 | num_layers=2 | heads=3
[TRAIN] Representation | oo | GNN | gin
[TRAIN] Problem size | jobs=[8,10] | machines=[5,10] | ops_per_job=[5,6] | max_proc=100
============================================================
[TRAIN] Output run folder: results\reseed_oo_gin_s43
[TRAIN] Validation config | every=25 steps | instances=40 (representative subset)
[TRAIN] Warm-start (behavior cloning vs. dispatch heuristic) | 200 step(s)...
[TRAIN][WARMSTART] step 10/200 | instance=8 | bc_loss=2.0744 | decisions=53
[TRAIN][WARMSTART] step 20/200 | instance=12 | bc_loss=1.9108 | decisions=48
[TRAIN][WARMSTART] step 30/200 | instance=4 | bc_loss=1.7233 | decisions=44
[TRAIN][WARMSTART] step 40/200 | instance=15 | bc_loss=1.8990 | decisions=50
[TRAIN][WARMSTART] step 50/200 | instance=0 | bc_loss=1.8949 | decisions=44
[TRAIN][WARMSTART] step 60/200 | instance=23 | bc_loss=1.8195 | decisions=48
[TRAIN][WARMSTART] step 70/200 | instance=0 | bc_loss=1.7213 | decisions=44
[TRAIN][WARMSTART] step 80/200 | instance=13 | bc_loss=1.6011 | decisions=50
[TRAIN][WARMSTART] step 90/200 | instance=26 | bc_loss=1.5643 | decisions=50
[TRAIN][WARMSTART] step 100/200 | instance=11 | bc_loss=1.2992 | decisions=45
[TRAIN][WARMSTART] step 110/200 | instance=18 | bc_loss=1.5471 | decisions=47
[TRAIN][WARMSTART] step 120/200 | instance=15 | bc_loss=1.3874 | decisions=50
[TRAIN][WARMSTART] step 130/200 | instance=20 | bc_loss=1.4685 | decisions=50
[TRAIN][WARMSTART] step 140/200 | instance=9 | bc_loss=1.2213 | decisions=48
[TRAIN][WARMSTART] step 150/200 | instance=3 | bc_loss=1.3032 | decisions=51
[TRAIN][WARMSTART] step 160/200 | instance=15 | bc_loss=1.1601 | decisions=50
[TRAIN][WARMSTART] step 170/200 | instance=15 | bc_loss=0.9525 | decisions=50
[TRAIN][WARMSTART] step 180/200 | instance=22 | bc_loss=1.0691 | decisions=42
[TRAIN][WARMSTART] step 190/200 | instance=4 | bc_loss=1.1329 | decisions=44
[TRAIN][WARMSTART] step 200/200 | instance=29 | bc_loss=0.9045 | decisions=44
[TRAIN] Warm-start complete, switching to BOPO preference optimization.
------------------------------------------------------------
[TRAIN] BOPO agent ready. Starting training loop for 400 step(s)...
------------------------------------------------------------
[TRAIN] Step 1/400 | 21:28:48
[TRAIN] Step 1 | Loss=0.000001 | Best makespan in group=344.00
[TRAIN] Step 2/400 | 21:28:53
[TRAIN] Step 2 | Loss=5.844271 | Best makespan in group=399.00
[TRAIN] Step 3/400 | 21:28:57
[TRAIN] Step 3 | Loss=0.423767 | Best makespan in group=451.00
[TRAIN] Step 4/400 | 21:29:01
[TRAIN] Step 4 | Loss=3.104086 | Best makespan in group=374.00
[TRAIN] Step 5/400 | 21:29:06
[TRAIN] Step 5 | Loss=0.000000 | Best makespan in group=371.00
[TRAIN] Step 6/400 | 21:29:11
[TRAIN] Step 6 | Loss=0.588650 | Best makespan in group=461.00
[TRAIN] Step 7/400 | 21:29:15
[TRAIN] Step 7 | Loss=0.626904 | Best makespan in group=501.00
[TRAIN] Step 8/400 | 21:29:20
[TRAIN] Step 8 | Loss=0.769509 | Best makespan in group=499.00
[TRAIN] Step 9/400 | 21:29:25
[TRAIN] Step 9 | Loss=0.657916 | Best makespan in group=371.00
[TRAIN] Step 10/400 | 21:29:29
[TRAIN] Step 10 | Loss=4.400846 | Best makespan in group=417.00
[TRAIN] Step 11/400 | 21:29:35
[TRAIN] Step 11 | Loss=0.064827 | Best makespan in group=433.00
[TRAIN] Step 12/400 | 21:29:39
[TRAIN] Step 12 | Loss=0.109751 | Best makespan in group=487.00
[TRAIN] Step 13/400 | 21:29:45
[TRAIN] Step 13 | Loss=0.187165 | Best makespan in group=451.00
[TRAIN] Step 14/400 | 21:29:49
[TRAIN] Step 14 | Loss=2.847045 | Best makespan in group=319.00
[TRAIN] Step 15/400 | 21:29:54
[TRAIN] Step 15 | Loss=0.279932 | Best makespan in group=481.00
[TRAIN] Step 16/400 | 21:29:58
[TRAIN] Step 16 | Loss=0.679523 | Best makespan in group=520.00
[TRAIN] Step 17/400 | 21:30:03
[TRAIN] Step 17 | Loss=0.000927 | Best makespan in group=520.00
[TRAIN] Step 18/400 | 21:30:07
[TRAIN] Step 18 | Loss=2.933658 | Best makespan in group=439.00
[TRAIN] Step 19/400 | 21:30:12
[TRAIN] Step 19 | Loss=0.000027 | Best makespan in group=343.00
[TRAIN] Step 20/400 | 21:30:16
[TRAIN] Step 20 | Loss=0.000647 | Best makespan in group=463.00
[TRAIN] Step 21/400 | 21:30:21
[TRAIN] Step 21 | Loss=0.000343 | Best makespan in group=526.00
[TRAIN] Step 22/400 | 21:30:27
[TRAIN] Step 22 | Loss=1.063855 | Best makespan in group=439.00
[TRAIN] Step 23/400 | 21:30:32
[TRAIN] Step 23 | Loss=4.410188 | Best makespan in group=343.00
[TRAIN] Step 24/400 | 21:30:37
[TRAIN] Step 24 | Loss=1.160228 | Best makespan in group=353.00
[TRAIN] Step 25/400 | 21:30:42
[TRAIN] Step 25 | Loss=0.000035 | Best makespan in group=359.00
[TRAIN][VAL][ep 25] avg_gap=0.1658 | std_gap=0.0854 | q80_gap=0.2304 | n=40
[TRAIN] Validation improved | smoothed_avg_gap=0.1658 (raw=0.1658) | saving candidate: 302988716080649.pth
[TRAIN] Step 26/400 | 21:30:58
[TRAIN] Step 26 | Loss=2.214216 | Best makespan in group=567.00
[TRAIN] Step 27/400 | 21:31:04
[TRAIN] Step 27 | Loss=0.001954 | Best makespan in group=510.00
[TRAIN] Step 28/400 | 21:31:09
[TRAIN] Step 28 | Loss=2.858165 | Best makespan in group=649.00
[TRAIN] Step 29/400 | 21:31:14
[TRAIN] Step 29 | Loss=0.000628 | Best makespan in group=375.00
[TRAIN] Step 30/400 | 21:31:19
[TRAIN] Step 30 | Loss=1.873165 | Best makespan in group=284.00
[TRAIN] Step 31/400 | 21:31:23
[TRAIN] Step 31 | Loss=0.003503 | Best makespan in group=507.00
[TRAIN] Step 32/400 | 21:31:28
[TRAIN] Step 32 | Loss=2.516163 | Best makespan in group=371.00
[TRAIN] Step 33/400 | 21:31:32
[TRAIN] Step 33 | Loss=0.002350 | Best makespan in group=375.00
[TRAIN] Step 34/400 | 21:31:37
[TRAIN] Step 34 | Loss=0.003455 | Best makespan in group=343.00
[TRAIN] Step 35/400 | 21:31:41
[TRAIN] Step 35 | Loss=0.051958 | Best makespan in group=412.00
[TRAIN] Step 36/400 | 21:31:46
[TRAIN] Step 36 | Loss=2.826595 | Best makespan in group=466.00
[TRAIN] Step 37/400 | 21:31:51
[TRAIN] Step 37 | Loss=0.196077 | Best makespan in group=614.00
[TRAIN] Step 38/400 | 21:31:56
[TRAIN] Step 38 | Loss=0.119548 | Best makespan in group=479.00
[TRAIN] Step 39/400 | 21:32:00
[TRAIN] Step 39 | Loss=1.019202 | Best makespan in group=284.00
[TRAIN] Step 40/400 | 21:32:04
[TRAIN] Step 40 | Loss=3.651753 | Best makespan in group=475.00
[TRAIN] Step 41/400 | 21:32:09
[TRAIN] Step 41 | Loss=0.312242 | Best makespan in group=538.00
[TRAIN] Step 42/400 | 21:32:13
[TRAIN] Step 42 | Loss=0.567264 | Best makespan in group=353.00
[TRAIN] Step 43/400 | 21:32:18
[TRAIN] Step 43 | Loss=1.034155 | Best makespan in group=508.00
[TRAIN] Step 44/400 | 21:32:22
[TRAIN] Step 44 | Loss=0.090204 | Best makespan in group=315.00
[TRAIN] Step 45/400 | 21:32:26
[TRAIN] Step 45 | Loss=0.002210 | Best makespan in group=487.00
[TRAIN] Step 46/400 | 21:32:30
[TRAIN] Step 46 | Loss=0.135779 | Best makespan in group=501.00
[TRAIN] Step 47/400 | 21:32:36
[TRAIN] Step 47 | Loss=0.266804 | Best makespan in group=502.00
[TRAIN] Step 48/400 | 21:32:42
[TRAIN] Step 48 | Loss=0.013478 | Best makespan in group=346.00
[TRAIN] Step 49/400 | 21:32:47
[TRAIN] Step 49 | Loss=0.002581 | Best makespan in group=446.00
[TRAIN] Step 50/400 | 21:32:51
[TRAIN] Step 50 | Loss=0.000988 | Best makespan in group=553.00
[TRAIN][VAL][ep 50] avg_gap=0.1432 | std_gap=0.0647 | q80_gap=0.1942 | n=40
[TRAIN] Validation improved | smoothed_avg_gap=0.1545 (raw=0.1432) | saving candidate: 800138727628579.pth
[TRAIN] Step 51/400 | 21:33:09
[TRAIN] Step 51 | Loss=0.000540 | Best makespan in group=531.00
[TRAIN] Step 52/400 | 21:33:13
[TRAIN] Step 52 | Loss=4.200739 | Best makespan in group=368.00
[TRAIN] Step 53/400 | 21:33:18
[TRAIN] Step 53 | Loss=0.000002 | Best makespan in group=542.00
[TRAIN] Step 54/400 | 21:33:23
[TRAIN] Step 54 | Loss=0.000037 | Best makespan in group=344.00
[TRAIN] Step 55/400 | 21:33:28
[TRAIN] Step 55 | Loss=0.000597 | Best makespan in group=468.00
[TRAIN] Step 56/400 | 21:33:31
[TRAIN] Step 56 | Loss=6.168104 | Best makespan in group=362.00
[TRAIN] Step 57/400 | 21:33:36
[TRAIN] Step 57 | Loss=13.463937 | Best makespan in group=387.00
[TRAIN] Step 58/400 | 21:33:41
[TRAIN] Step 58 | Loss=1.905030 | Best makespan in group=423.00
[TRAIN] Step 59/400 | 21:33:44
[TRAIN] Step 59 | Loss=0.012800 | Best makespan in group=401.00
[TRAIN] Step 60/400 | 21:33:50
[TRAIN] Step 60 | Loss=0.001748 | Best makespan in group=367.00
[TRAIN] Step 61/400 | 21:33:55
[TRAIN] Step 61 | Loss=0.003620 | Best makespan in group=486.00
[TRAIN] Step 62/400 | 21:34:01
[TRAIN] Step 62 | Loss=0.001576 | Best makespan in group=346.00
[TRAIN] Step 63/400 | 21:34:06
[TRAIN] Step 63 | Loss=0.065800 | Best makespan in group=371.00
[TRAIN] Step 64/400 | 21:34:10
[TRAIN] Step 64 | Loss=0.029718 | Best makespan in group=323.00
[TRAIN] Step 65/400 | 21:34:14
[TRAIN] Step 65 | Loss=0.009180 | Best makespan in group=395.00
[TRAIN] Step 66/400 | 21:34:19
[TRAIN] Step 66 | Loss=0.322687 | Best makespan in group=512.00
[TRAIN] Step 67/400 | 21:34:25
[TRAIN] Step 67 | Loss=1.924649 | Best makespan in group=475.00
[TRAIN] Step 68/400 | 21:34:30
[TRAIN] Step 68 | Loss=0.000022 | Best makespan in group=457.00
[TRAIN] Step 69/400 | 21:34:35
[TRAIN] Step 69 | Loss=0.000440 | Best makespan in group=403.00
[TRAIN] Step 70/400 | 21:34:41
[TRAIN] Step 70 | Loss=0.040085 | Best makespan in group=454.00
[TRAIN] Step 71/400 | 21:34:46
[TRAIN] Step 71 | Loss=0.608633 | Best makespan in group=446.00
[TRAIN] Step 72/400 | 21:34:49
[TRAIN] Step 72 | Loss=0.000925 | Best makespan in group=528.00
[TRAIN] Step 73/400 | 21:34:53
[TRAIN] Step 73 | Loss=2.386924 | Best makespan in group=344.00
[TRAIN] Step 74/400 | 21:34:57
[TRAIN] Step 74 | Loss=0.130891 | Best makespan in group=396.00
[TRAIN] Step 75/400 | 21:35:02
[TRAIN] Step 75 | Loss=0.013364 | Best makespan in group=542.00
[TRAIN][VAL][ep 75] avg_gap=0.2381 | std_gap=0.1298 | q80_gap=0.3150 | n=40
[TRAIN] Step 76/400 | 21:35:19
[TRAIN] Step 76 | Loss=0.017930 | Best makespan in group=470.00
[TRAIN] Step 77/400 | 21:35:24
[TRAIN] Step 77 | Loss=1.355458 | Best makespan in group=463.00
[TRAIN] Step 78/400 | 21:35:28
[TRAIN] Step 78 | Loss=0.020018 | Best makespan in group=559.00
[TRAIN] Step 79/400 | 21:35:32
[TRAIN] Step 79 | Loss=3.090190 | Best makespan in group=286.00
[TRAIN] Step 80/400 | 21:35:36
[TRAIN] Step 80 | Loss=0.236694 | Best makespan in group=366.00
[TRAIN] Step 81/400 | 21:35:40
[TRAIN] Step 81 | Loss=0.240464 | Best makespan in group=474.00
[TRAIN] Step 82/400 | 21:35:45
[TRAIN] Step 82 | Loss=0.442353 | Best makespan in group=525.00
[TRAIN] Step 83/400 | 21:35:49
[TRAIN] Step 83 | Loss=3.928714 | Best makespan in group=564.00
[TRAIN] Step 84/400 | 21:35:54
[TRAIN] Step 84 | Loss=2.224994 | Best makespan in group=655.00
[TRAIN] Step 85/400 | 21:35:59
[TRAIN] Step 85 | Loss=1.221976 | Best makespan in group=518.00
[TRAIN] Step 86/400 | 21:36:03
[TRAIN] Step 86 | Loss=0.000028 | Best makespan in group=353.00
[TRAIN] Step 87/400 | 21:36:08
[TRAIN] Step 87 | Loss=0.080587 | Best makespan in group=464.00
[TRAIN] Step 88/400 | 21:36:13
[TRAIN] Step 88 | Loss=1.569382 | Best makespan in group=394.00
[TRAIN] Step 89/400 | 21:36:17
[TRAIN] Step 89 | Loss=0.092772 | Best makespan in group=338.00
[TRAIN] Step 90/400 | 21:36:22
[TRAIN] Step 90 | Loss=0.000077 | Best makespan in group=370.00
[TRAIN] Step 91/400 | 21:36:26
[TRAIN] Step 91 | Loss=0.000532 | Best makespan in group=353.00
[TRAIN] Step 92/400 | 21:36:31
[TRAIN] Step 92 | Loss=0.512355 | Best makespan in group=389.00
[TRAIN] Step 93/400 | 21:36:36
[TRAIN] Step 93 | Loss=0.271345 | Best makespan in group=427.00
[TRAIN] Step 94/400 | 21:36:41
[TRAIN] Step 94 | Loss=0.303650 | Best makespan in group=468.00
[TRAIN] Step 95/400 | 21:36:46
[TRAIN] Step 95 | Loss=0.000020 | Best makespan in group=475.00
[TRAIN] Step 96/400 | 21:36:51
[TRAIN] Step 96 | Loss=1.410506 | Best makespan in group=344.00
[TRAIN] Step 97/400 | 21:36:56
[TRAIN] Step 97 | Loss=0.000251 | Best makespan in group=353.00
[TRAIN] Step 98/400 | 21:37:00
[TRAIN] Step 98 | Loss=0.000054 | Best makespan in group=436.00
[TRAIN] Step 99/400 | 21:37:04
[TRAIN] Step 99 | Loss=1.159012 | Best makespan in group=534.00
[TRAIN] Step 100/400 | 21:37:09
[TRAIN] Step 100 | Loss=0.164545 | Best makespan in group=399.00
[TRAIN][VAL][ep 100] avg_gap=0.2943 | std_gap=0.1373 | q80_gap=0.3830 | n=40
[TRAIN] Step 101/400 | 21:37:25
[TRAIN] Step 101 | Loss=1.894301 | Best makespan in group=375.00
[TRAIN] Step 102/400 | 21:37:30
[TRAIN] Step 102 | Loss=2.446602 | Best makespan in group=663.00
[TRAIN] Step 103/400 | 21:37:35
[TRAIN] Step 103 | Loss=0.000626 | Best makespan in group=485.00
[TRAIN] Step 104/400 | 21:37:40
[TRAIN] Step 104 | Loss=1.947398 | Best makespan in group=504.00
[TRAIN] Step 105/400 | 21:37:45
[TRAIN] Step 105 | Loss=0.000875 | Best makespan in group=449.00
[TRAIN] Step 106/400 | 21:37:50
[TRAIN] Step 106 | Loss=1.261663 | Best makespan in group=476.00
[TRAIN] Step 107/400 | 21:37:54
[TRAIN] Step 107 | Loss=1.566745 | Best makespan in group=371.00
[TRAIN] Step 108/400 | 21:37:59
[TRAIN] Step 108 | Loss=0.011651 | Best makespan in group=461.00
[TRAIN] Step 109/400 | 21:38:03
[TRAIN] Step 109 | Loss=0.098113 | Best makespan in group=498.00
[TRAIN] Step 110/400 | 21:38:09
[TRAIN] Step 110 | Loss=0.415519 | Best makespan in group=385.00
[TRAIN] Step 111/400 | 21:38:13
[TRAIN] Step 111 | Loss=0.000142 | Best makespan in group=491.00
[TRAIN] Step 112/400 | 21:38:17
[TRAIN] Step 112 | Loss=0.838566 | Best makespan in group=529.00
[TRAIN] Step 113/400 | 21:38:21
[TRAIN] Step 113 | Loss=0.004440 | Best makespan in group=324.00
[TRAIN] Step 114/400 | 21:38:26
[TRAIN] Step 114 | Loss=1.889805 | Best makespan in group=344.00
[TRAIN] Step 115/400 | 21:38:31
[TRAIN] Step 115 | Loss=0.000353 | Best makespan in group=497.00
[TRAIN] Step 116/400 | 21:38:35
[TRAIN] Step 116 | Loss=0.412580 | Best makespan in group=280.00
[TRAIN] Step 117/400 | 21:38:39
[TRAIN] Step 117 | Loss=1.183189 | Best makespan in group=376.00
[TRAIN] Step 118/400 | 21:38:43
[TRAIN] Step 118 | Loss=0.027111 | Best makespan in group=516.00
[TRAIN] Step 119/400 | 21:38:48
[TRAIN] Step 119 | Loss=0.467192 | Best makespan in group=564.00
[TRAIN] Step 120/400 | 21:38:53
[TRAIN] Step 120 | Loss=3.460994 | Best makespan in group=483.00
[TRAIN] Step 121/400 | 21:38:59
[TRAIN] Step 121 | Loss=0.183286 | Best makespan in group=342.00
[TRAIN] Step 122/400 | 21:39:03
[TRAIN] Step 122 | Loss=1.667337 | Best makespan in group=344.00
[TRAIN] Step 123/400 | 21:39:08
[TRAIN] Step 123 | Loss=0.000921 | Best makespan in group=418.00
[TRAIN] Step 124/400 | 21:39:13
[TRAIN] Step 124 | Loss=0.255470 | Best makespan in group=384.00
[TRAIN] Step 125/400 | 21:39:17
[TRAIN] Step 125 | Loss=0.192539 | Best makespan in group=353.00
[TRAIN][VAL][ep 125] avg_gap=0.1642 | std_gap=0.1105 | q80_gap=0.2286 | n=40
[TRAIN] Step 126/400 | 21:39:33
[TRAIN] Step 126 | Loss=0.104358 | Best makespan in group=507.00
[TRAIN] Step 127/400 | 21:39:37
[TRAIN] Step 127 | Loss=1.266178 | Best makespan in group=629.00
[TRAIN] Step 128/400 | 21:39:42
[TRAIN] Step 128 | Loss=0.002940 | Best makespan in group=441.00
[TRAIN] Step 129/400 | 21:39:47
[TRAIN] Step 129 | Loss=0.161644 | Best makespan in group=470.00
[TRAIN] Step 130/400 | 21:39:51
[TRAIN] Step 130 | Loss=1.486331 | Best makespan in group=370.00
[TRAIN] Step 131/400 | 21:39:55
[TRAIN] Step 131 | Loss=1.168590 | Best makespan in group=284.00
[TRAIN] Step 132/400 | 21:39:59
[TRAIN] Step 132 | Loss=0.000001 | Best makespan in group=475.00
[TRAIN] Step 133/400 | 21:40:05
[TRAIN] Step 133 | Loss=0.001524 | Best makespan in group=511.00
[TRAIN] Step 134/400 | 21:40:11
[TRAIN] Step 134 | Loss=0.000007 | Best makespan in group=442.00
[TRAIN] Step 135/400 | 21:40:15
[TRAIN] Step 135 | Loss=0.000019 | Best makespan in group=528.00
[TRAIN] Step 136/400 | 21:40:22
[TRAIN] Step 136 | Loss=1.343549 | Best makespan in group=366.00
[TRAIN] Step 137/400 | 21:40:26
[TRAIN] Step 137 | Loss=0.000000 | Best makespan in group=431.00
[TRAIN] Step 138/400 | 21:40:31
[TRAIN] Step 138 | Loss=0.146457 | Best makespan in group=436.00
[TRAIN] Step 139/400 | 21:40:34
[TRAIN] Step 139 | Loss=0.000028 | Best makespan in group=391.00
[TRAIN] Step 140/400 | 21:40:39
[TRAIN] Step 140 | Loss=0.135389 | Best makespan in group=371.00
[TRAIN] Step 141/400 | 21:40:44
[TRAIN] Step 141 | Loss=0.000001 | Best makespan in group=378.00
[TRAIN] Step 142/400 | 21:40:48
[TRAIN] Step 142 | Loss=0.000051 | Best makespan in group=459.00
[TRAIN] Step 143/400 | 21:40:53
[TRAIN] Step 143 | Loss=0.000001 | Best makespan in group=466.00
[TRAIN] Step 144/400 | 21:40:59
[TRAIN] Step 144 | Loss=0.000008 | Best makespan in group=438.00
[TRAIN] Step 145/400 | 21:41:04
[TRAIN] Step 145 | Loss=0.000003 | Best makespan in group=344.00
[TRAIN] Step 146/400 | 21:41:09
[TRAIN] Step 146 | Loss=0.000033 | Best makespan in group=470.00
[TRAIN] Step 147/400 | 21:41:13
[TRAIN] Step 147 | Loss=1.515616 | Best makespan in group=536.00
[TRAIN] Step 148/400 | 21:41:18
[TRAIN] Step 148 | Loss=2.937974 | Best makespan in group=312.00
[TRAIN] Step 149/400 | 21:41:23
[TRAIN] Step 149 | Loss=0.000276 | Best makespan in group=535.00
[TRAIN] Step 150/400 | 21:41:27
[TRAIN] Step 150 | Loss=0.298944 | Best makespan in group=496.00
[TRAIN][VAL][ep 150] avg_gap=0.1579 | std_gap=0.0830 | q80_gap=0.2338 | n=40
[TRAIN] Step 151/400 | 21:41:43
[TRAIN] Step 151 | Loss=0.000029 | Best makespan in group=446.00
[TRAIN] Step 152/400 | 21:41:47
[TRAIN] Step 152 | Loss=0.000175 | Best makespan in group=470.00
[TRAIN] Step 153/400 | 21:41:52
[TRAIN] Step 153 | Loss=2.107543 | Best makespan in group=478.00
[TRAIN] Step 154/400 | 21:41:57
[TRAIN] Step 154 | Loss=1.987439 | Best makespan in group=342.00
[TRAIN] Step 155/400 | 21:42:01
[TRAIN] Step 155 | Loss=0.000015 | Best makespan in group=461.00
[TRAIN] Step 156/400 | 21:42:06
[TRAIN] Step 156 | Loss=1.406657 | Best makespan in group=322.00
[TRAIN] Step 157/400 | 21:42:10
[TRAIN] Step 157 | Loss=0.000014 | Best makespan in group=362.00
[TRAIN] Step 158/400 | 21:42:14
[TRAIN] Step 158 | Loss=0.902105 | Best makespan in group=618.00
[TRAIN] Step 159/400 | 21:42:19
[TRAIN] Step 159 | Loss=0.183642 | Best makespan in group=325.00
[TRAIN] Step 160/400 | 21:42:24
[TRAIN] Step 160 | Loss=4.998808 | Best makespan in group=384.00
[TRAIN] Step 161/400 | 21:42:29
[TRAIN] Step 161 | Loss=1.071176 | Best makespan in group=371.00
[TRAIN] Step 162/400 | 21:42:33
[TRAIN] Step 162 | Loss=0.000002 | Best makespan in group=444.00
[TRAIN] Step 163/400 | 21:42:38
[TRAIN] Step 163 | Loss=0.068199 | Best makespan in group=522.00
[TRAIN] Step 164/400 | 21:42:42
[TRAIN] Step 164 | Loss=0.000000 | Best makespan in group=364.00
[TRAIN] Step 165/400 | 21:42:47
[TRAIN] Step 165 | Loss=0.794123 | Best makespan in group=406.00
[TRAIN] Step 166/400 | 21:42:53
[TRAIN] Step 166 | Loss=-0.000000 | Best makespan in group=417.00
[TRAIN] Step 167/400 | 21:42:58
[TRAIN] Step 167 | Loss=0.000032 | Best makespan in group=467.00
[TRAIN] Step 168/400 | 21:43:03
[TRAIN] Step 168 | Loss=1.976804 | Best makespan in group=385.00
[TRAIN] Step 169/400 | 21:43:07
[TRAIN] Step 169 | Loss=0.000038 | Best makespan in group=426.00
[TRAIN] Step 170/400 | 21:43:11
[TRAIN] Step 170 | Loss=0.031434 | Best makespan in group=553.00
[TRAIN] Step 171/400 | 21:43:17
[TRAIN] Step 171 | Loss=2.270962 | Best makespan in group=478.00
[TRAIN] Step 172/400 | 21:43:20
[TRAIN] Step 172 | Loss=0.000095 | Best makespan in group=531.00
[TRAIN] Step 173/400 | 21:43:26
[TRAIN] Step 173 | Loss=2.117083 | Best makespan in group=503.00
[TRAIN] Step 174/400 | 21:43:32
[TRAIN] Step 174 | Loss=0.000033 | Best makespan in group=540.00
[TRAIN] Step 175/400 | 21:43:36
[TRAIN] Step 175 | Loss=0.000151 | Best makespan in group=471.00
[TRAIN][VAL][ep 175] avg_gap=0.2118 | std_gap=0.1091 | q80_gap=0.2961 | n=40
[TRAIN] Step 176/400 | 21:43:51
[TRAIN] Step 176 | Loss=0.000046 | Best makespan in group=344.00
[TRAIN] Step 177/400 | 21:43:56
[TRAIN] Step 177 | Loss=1.169716 | Best makespan in group=557.00
[TRAIN] Step 178/400 | 21:44:02
[TRAIN] Step 178 | Loss=1.688942 | Best makespan in group=361.00
[TRAIN] Step 179/400 | 21:44:07
[TRAIN] Step 179 | Loss=2.008252 | Best makespan in group=353.00
[TRAIN] Step 180/400 | 21:44:11
[TRAIN] Step 180 | Loss=3.357571 | Best makespan in group=284.00
[TRAIN] Step 181/400 | 21:44:15
[TRAIN] Step 181 | Loss=2.110312 | Best makespan in group=480.00
[TRAIN] Step 182/400 | 21:44:19
[TRAIN] Step 182 | Loss=0.096503 | Best makespan in group=353.00
[TRAIN] Step 183/400 | 21:44:24
[TRAIN] Step 183 | Loss=0.001990 | Best makespan in group=344.00
[TRAIN] Step 184/400 | 21:44:28
[TRAIN] Step 184 | Loss=0.009768 | Best makespan in group=342.00
[TRAIN] Step 185/400 | 21:44:33
[TRAIN] Step 185 | Loss=0.242250 | Best makespan in group=384.00
[TRAIN] Step 186/400 | 21:44:38
[TRAIN] Step 186 | Loss=0.319856 | Best makespan in group=552.00
[TRAIN] Step 187/400 | 21:44:42
[TRAIN] Step 187 | Loss=0.033369 | Best makespan in group=465.00
[TRAIN] Step 188/400 | 21:44:47
[TRAIN] Step 188 | Loss=0.255103 | Best makespan in group=533.00
[TRAIN] Step 189/400 | 21:44:51
[TRAIN] Step 189 | Loss=0.723678 | Best makespan in group=660.00
[TRAIN] Step 190/400 | 21:44:56
[TRAIN] Step 190 | Loss=0.790642 | Best makespan in group=516.00
[TRAIN] Step 191/400 | 21:45:00
[TRAIN] Step 191 | Loss=1.972458 | Best makespan in group=535.00
[TRAIN] Step 192/400 | 21:45:06
[TRAIN] Step 192 | Loss=0.133336 | Best makespan in group=584.00
[TRAIN] Step 193/400 | 21:45:11
[TRAIN] Step 193 | Loss=1.058578 | Best makespan in group=343.00
[TRAIN] Step 194/400 | 21:45:16
[TRAIN] Step 194 | Loss=0.291657 | Best makespan in group=452.00
[TRAIN] Step 195/400 | 21:45:21
[TRAIN] Step 195 | Loss=0.005317 | Best makespan in group=448.00
[TRAIN] Step 196/400 | 21:45:26
[TRAIN] Step 196 | Loss=1.626481 | Best makespan in group=390.00
[TRAIN] Step 197/400 | 21:45:30
[TRAIN] Step 197 | Loss=0.001687 | Best makespan in group=404.00
[TRAIN] Step 198/400 | 21:45:34
[TRAIN] Step 198 | Loss=2.731282 | Best makespan in group=508.00
[TRAIN] Step 199/400 | 21:45:38
[TRAIN] Step 199 | Loss=0.400316 | Best makespan in group=470.00
[TRAIN] Step 200/400 | 21:45:43
[TRAIN] Step 200 | Loss=0.015945 | Best makespan in group=363.00
[TRAIN] Refreshing training instances (step 200)...
[TRAIN][VAL][ep 200] avg_gap=0.2324 | std_gap=0.1180 | q80_gap=0.3282 | n=40
[TRAIN] Step 201/400 | 21:45:58
[TRAIN] Step 201 | Loss=0.733196 | Best makespan in group=424.00
[TRAIN] Step 202/400 | 21:46:02
[TRAIN] Step 202 | Loss=3.330539 | Best makespan in group=367.00
[TRAIN] Step 203/400 | 21:46:06
[TRAIN] Step 203 | Loss=0.084356 | Best makespan in group=517.00
[TRAIN] Step 204/400 | 21:46:10
[TRAIN] Step 204 | Loss=0.508901 | Best makespan in group=389.00
[TRAIN] Step 205/400 | 21:46:14
[TRAIN] Step 205 | Loss=0.004789 | Best makespan in group=350.00
[TRAIN] Step 206/400 | 21:46:17
[TRAIN] Step 206 | Loss=0.381264 | Best makespan in group=405.00
[TRAIN] Step 207/400 | 21:46:22
[TRAIN] Step 207 | Loss=0.709783 | Best makespan in group=443.00
[TRAIN] Step 208/400 | 21:46:28
[TRAIN] Step 208 | Loss=0.025946 | Best makespan in group=403.00
[TRAIN] Step 209/400 | 21:46:33
[TRAIN] Step 209 | Loss=4.798220 | Best makespan in group=431.00
[TRAIN] Step 210/400 | 21:46:37
[TRAIN] Step 210 | Loss=3.546288 | Best makespan in group=521.00
[TRAIN] Step 211/400 | 21:46:43
[TRAIN] Step 211 | Loss=0.360107 | Best makespan in group=465.00
[TRAIN] Step 212/400 | 21:46:49
[TRAIN] Step 212 | Loss=0.567810 | Best makespan in group=373.00
[TRAIN] Step 213/400 | 21:46:52
[TRAIN] Step 213 | Loss=0.865328 | Best makespan in group=414.00
[TRAIN] Step 214/400 | 21:46:56
[TRAIN] Step 214 | Loss=1.632540 | Best makespan in group=342.00
[TRAIN] Step 215/400 | 21:47:01
[TRAIN] Step 215 | Loss=0.001444 | Best makespan in group=419.00
[TRAIN] Step 216/400 | 21:47:06
[TRAIN] Step 216 | Loss=0.078169 | Best makespan in group=394.00
[TRAIN] Step 217/400 | 21:47:11
[TRAIN] Step 217 | Loss=1.158367 | Best makespan in group=415.00
[TRAIN] Step 218/400 | 21:47:17
[TRAIN] Step 218 | Loss=0.340027 | Best makespan in group=377.00
[TRAIN] Step 219/400 | 21:47:22
[TRAIN] Step 219 | Loss=0.035818 | Best makespan in group=542.00
[TRAIN] Step 220/400 | 21:47:26
[TRAIN] Step 220 | Loss=0.018518 | Best makespan in group=330.00
[TRAIN] Step 221/400 | 21:47:31
[TRAIN] Step 221 | Loss=1.096843 | Best makespan in group=312.00
[TRAIN] Step 222/400 | 21:47:36
[TRAIN] Step 222 | Loss=0.104694 | Best makespan in group=391.00
[TRAIN] Step 223/400 | 21:47:40
[TRAIN] Step 223 | Loss=0.003786 | Best makespan in group=337.00
[TRAIN] Step 224/400 | 21:47:44
[TRAIN] Step 224 | Loss=1.334543 | Best makespan in group=382.00
[TRAIN] Step 225/400 | 21:47:50
[TRAIN] Step 225 | Loss=0.021358 | Best makespan in group=591.00
[TRAIN][VAL][ep 225] avg_gap=0.2695 | std_gap=0.1258 | q80_gap=0.3492 | n=40
[TRAIN] Step 226/400 | 21:48:05
[TRAIN] Step 226 | Loss=0.003611 | Best makespan in group=419.00
[TRAIN] Step 227/400 | 21:48:10
[TRAIN] Step 227 | Loss=0.000051 | Best makespan in group=513.00
[TRAIN] Step 228/400 | 21:48:16
[TRAIN] Step 228 | Loss=0.120038 | Best makespan in group=375.00
[TRAIN] Step 229/400 | 21:48:21
[TRAIN] Step 229 | Loss=1.688527 | Best makespan in group=363.00
[TRAIN] Step 230/400 | 21:48:27
[TRAIN] Step 230 | Loss=0.000208 | Best makespan in group=395.00
[TRAIN] Step 231/400 | 21:48:32
[TRAIN] Step 231 | Loss=0.000027 | Best makespan in group=425.00
[TRAIN] Step 232/400 | 21:48:38
[TRAIN] Step 232 | Loss=1.614780 | Best makespan in group=427.00
[TRAIN] Step 233/400 | 21:48:43
[TRAIN] Step 233 | Loss=0.098956 | Best makespan in group=457.00
[TRAIN] Step 234/400 | 21:48:49
[TRAIN] Step 234 | Loss=1.474712 | Best makespan in group=565.00
[TRAIN] Step 235/400 | 21:48:54
[TRAIN] Step 235 | Loss=0.000390 | Best makespan in group=379.00
[TRAIN] Step 236/400 | 21:48:58
[TRAIN] Step 236 | Loss=0.326032 | Best makespan in group=381.00
[TRAIN] Step 237/400 | 21:49:04
[TRAIN] Step 237 | Loss=0.000980 | Best makespan in group=395.00
[TRAIN] Step 238/400 | 21:49:08
[TRAIN] Step 238 | Loss=0.587960 | Best makespan in group=398.00
[TRAIN] Step 239/400 | 21:49:13
[TRAIN] Step 239 | Loss=2.875604 | Best makespan in group=408.00
[TRAIN] Step 240/400 | 21:49:17
[TRAIN] Step 240 | Loss=2.101021 | Best makespan in group=424.00
[TRAIN] Step 241/400 | 21:49:21
[TRAIN] Step 241 | Loss=0.039533 | Best makespan in group=512.00
[TRAIN] Step 242/400 | 21:49:27
[TRAIN] Step 242 | Loss=0.000003 | Best makespan in group=371.00
[TRAIN] Step 243/400 | 21:49:32
[TRAIN] Step 243 | Loss=0.000273 | Best makespan in group=373.00
[TRAIN] Step 244/400 | 21:49:36
[TRAIN] Step 244 | Loss=4.531126 | Best makespan in group=414.00
[TRAIN] Step 245/400 | 21:49:40
[TRAIN] Step 245 | Loss=0.105852 | Best makespan in group=432.00
[TRAIN] Step 246/400 | 21:49:44
[TRAIN] Step 246 | Loss=1.491209 | Best makespan in group=524.00
[TRAIN] Step 247/400 | 21:49:48
[TRAIN] Step 247 | Loss=0.000059 | Best makespan in group=395.00
[TRAIN] Step 248/400 | 21:49:54
[TRAIN] Step 248 | Loss=3.943501 | Best makespan in group=341.00
[TRAIN] Step 249/400 | 21:49:58
[TRAIN] Step 249 | Loss=0.000017 | Best makespan in group=406.00
[TRAIN] Step 250/400 | 21:50:02
[TRAIN] Step 250 | Loss=1.414539 | Best makespan in group=387.00
[TRAIN][VAL][ep 250] avg_gap=0.2493 | std_gap=0.1152 | q80_gap=0.3562 | n=40
[TRAIN] Step 251/400 | 21:50:17
[TRAIN] Step 251 | Loss=0.060788 | Best makespan in group=336.00
[TRAIN] Step 252/400 | 21:50:21
[TRAIN] Step 252 | Loss=0.345373 | Best makespan in group=367.00
[TRAIN] Step 253/400 | 21:50:25
[TRAIN] Step 253 | Loss=0.502759 | Best makespan in group=383.00
[TRAIN] Step 254/400 | 21:50:29
[TRAIN] Step 254 | Loss=0.001091 | Best makespan in group=321.00
[TRAIN] Step 255/400 | 21:50:34
[TRAIN] Step 255 | Loss=0.000012 | Best makespan in group=312.00
[TRAIN] Step 256/400 | 21:50:39
[TRAIN] Step 256 | Loss=0.770584 | Best makespan in group=546.00
[TRAIN] Step 257/400 | 21:50:43
[TRAIN] Step 257 | Loss=0.077803 | Best makespan in group=299.00
[TRAIN] Step 258/400 | 21:50:48
[TRAIN] Step 258 | Loss=2.208191 | Best makespan in group=410.00
[TRAIN] Step 259/400 | 21:50:53
[TRAIN] Step 259 | Loss=0.298174 | Best makespan in group=358.00
[TRAIN] Step 260/400 | 21:50:59
[TRAIN] Step 260 | Loss=0.872317 | Best makespan in group=547.00
[TRAIN] Step 261/400 | 21:51:05
[TRAIN] Step 261 | Loss=4.750289 | Best makespan in group=550.00
[TRAIN] Step 262/400 | 21:51:10
[TRAIN] Step 262 | Loss=0.034892 | Best makespan in group=541.00
[TRAIN] Step 263/400 | 21:51:14
[TRAIN] Step 263 | Loss=4.250824 | Best makespan in group=508.00
[TRAIN] Step 264/400 | 21:51:20
[TRAIN] Step 264 | Loss=1.095288 | Best makespan in group=315.00
[TRAIN] Step 265/400 | 21:51:25
[TRAIN] Step 265 | Loss=0.020032 | Best makespan in group=321.00
[TRAIN] Step 266/400 | 21:51:29
[TRAIN] Step 266 | Loss=0.000781 | Best makespan in group=349.00
[TRAIN] Step 267/400 | 21:51:35
[TRAIN] Step 267 | Loss=2.483540 | Best makespan in group=361.00
[TRAIN] Step 268/400 | 21:51:40
[TRAIN] Step 268 | Loss=0.495933 | Best makespan in group=414.00
[TRAIN] Step 269/400 | 21:51:43
[TRAIN] Step 269 | Loss=3.809160 | Best makespan in group=338.00
[TRAIN] Step 270/400 | 21:51:49
[TRAIN] Step 270 | Loss=0.391987 | Best makespan in group=432.00
[TRAIN] Step 271/400 | 21:51:55
[TRAIN] Step 271 | Loss=0.738029 | Best makespan in group=357.00
[TRAIN] Step 272/400 | 21:51:59
[TRAIN] Step 272 | Loss=0.209131 | Best makespan in group=416.00
[TRAIN] Step 273/400 | 21:52:03
[TRAIN] Step 273 | Loss=1.150930 | Best makespan in group=367.00
[TRAIN] Step 274/400 | 21:52:07
[TRAIN] Step 274 | Loss=0.011549 | Best makespan in group=449.00
[TRAIN] Step 275/400 | 21:52:13
[TRAIN] Step 275 | Loss=2.615276 | Best makespan in group=560.00
[TRAIN][VAL][ep 275] avg_gap=0.1963 | std_gap=0.0875 | q80_gap=0.2657 | n=40
[TRAIN] Step 276/400 | 21:52:29
[TRAIN] Step 276 | Loss=0.078952 | Best makespan in group=304.00
[TRAIN] Step 277/400 | 21:52:33
[TRAIN] Step 277 | Loss=3.838010 | Best makespan in group=376.00
[TRAIN] Step 278/400 | 21:52:38
[TRAIN] Step 278 | Loss=3.042531 | Best makespan in group=337.00
[TRAIN] Step 279/400 | 21:52:42
[TRAIN] Step 279 | Loss=0.000136 | Best makespan in group=345.00
[TRAIN] Step 280/400 | 21:52:46
[TRAIN] Step 280 | Loss=3.007917 | Best makespan in group=407.00
[TRAIN] Step 281/400 | 21:52:52
[TRAIN] Step 281 | Loss=0.000474 | Best makespan in group=404.00
[TRAIN] Step 282/400 | 21:52:57
[TRAIN] Step 282 | Loss=0.006952 | Best makespan in group=430.00
[TRAIN] Step 283/400 | 21:53:03
[TRAIN] Step 283 | Loss=0.003113 | Best makespan in group=373.00
[TRAIN] Step 284/400 | 21:53:07
[TRAIN] Step 284 | Loss=0.001713 | Best makespan in group=408.00
[TRAIN] Step 285/400 | 21:53:11
[TRAIN] Step 285 | Loss=1.821634 | Best makespan in group=394.00
[TRAIN] Step 286/400 | 21:53:16
[TRAIN] Step 286 | Loss=0.323530 | Best makespan in group=393.00
[TRAIN] Step 287/400 | 21:53:20
[TRAIN] Step 287 | Loss=0.000497 | Best makespan in group=417.00
[TRAIN] Step 288/400 | 21:53:25
[TRAIN] Step 288 | Loss=0.352804 | Best makespan in group=523.00
[TRAIN] Step 289/400 | 21:53:29
[TRAIN] Step 289 | Loss=1.552379 | Best makespan in group=393.00
[TRAIN] Step 290/400 | 21:53:34
[TRAIN] Step 290 | Loss=0.000313 | Best makespan in group=432.00
[TRAIN] Step 291/400 | 21:53:38
[TRAIN] Step 291 | Loss=0.014949 | Best makespan in group=369.00
[TRAIN] Step 292/400 | 21:53:43
[TRAIN] Step 292 | Loss=0.001419 | Best makespan in group=384.00
[TRAIN] Step 293/400 | 21:53:48
[TRAIN] Step 293 | Loss=0.811317 | Best makespan in group=578.00
[TRAIN] Step 294/400 | 21:53:52
[TRAIN] Step 294 | Loss=0.004507 | Best makespan in group=432.00
[TRAIN] Step 295/400 | 21:53:56
[TRAIN] Step 295 | Loss=0.148365 | Best makespan in group=407.00
[TRAIN] Step 296/400 | 21:54:00
[TRAIN] Step 296 | Loss=0.002191 | Best makespan in group=373.00
[TRAIN] Step 297/400 | 21:54:04
[TRAIN] Step 297 | Loss=0.106405 | Best makespan in group=367.00
[TRAIN] Step 298/400 | 21:54:09
[TRAIN] Step 298 | Loss=0.001070 | Best makespan in group=517.00
[TRAIN] Step 299/400 | 21:54:15
[TRAIN] Step 299 | Loss=0.885626 | Best makespan in group=328.00
[TRAIN] Step 300/400 | 21:54:19
[TRAIN] Step 300 | Loss=0.011251 | Best makespan in group=397.00
[TRAIN][VAL][ep 300] avg_gap=0.2016 | std_gap=0.0884 | q80_gap=0.2789 | n=40
[TRAIN] Step 301/400 | 21:54:36
[TRAIN] Step 301 | Loss=0.001296 | Best makespan in group=349.00
[TRAIN] Step 302/400 | 21:54:39
[TRAIN] Step 302 | Loss=0.016331 | Best makespan in group=364.00
[TRAIN] Step 303/400 | 21:54:44
[TRAIN] Step 303 | Loss=0.477827 | Best makespan in group=365.00
[TRAIN] Step 304/400 | 21:54:49
[TRAIN] Step 304 | Loss=0.167587 | Best makespan in group=423.00
[TRAIN] Step 305/400 | 21:54:55
[TRAIN] Step 305 | Loss=1.928263 | Best makespan in group=402.00
[TRAIN] Step 306/400 | 21:54:59
[TRAIN] Step 306 | Loss=2.181754 | Best makespan in group=502.00
[TRAIN] Step 307/400 | 21:55:05
[TRAIN] Step 307 | Loss=3.415177 | Best makespan in group=337.00
[TRAIN] Step 308/400 | 21:55:09
[TRAIN] Step 308 | Loss=0.119511 | Best makespan in group=367.00
[TRAIN] Step 309/400 | 21:55:13
[TRAIN] Step 309 | Loss=0.593652 | Best makespan in group=367.00
[TRAIN] Step 310/400 | 21:55:19
[TRAIN] Step 310 | Loss=0.013365 | Best makespan in group=519.00
[TRAIN] Step 311/400 | 21:55:22
[TRAIN] Step 311 | Loss=0.001254 | Best makespan in group=310.00
[TRAIN] Step 312/400 | 21:55:27
[TRAIN] Step 312 | Loss=0.093611 | Best makespan in group=408.00
[TRAIN] Step 313/400 | 21:55:33
[TRAIN] Step 313 | Loss=1.919711 | Best makespan in group=457.00
[TRAIN] Step 314/400 | 21:55:38
[TRAIN] Step 314 | Loss=0.000072 | Best makespan in group=398.00
[TRAIN] Step 315/400 | 21:55:42
[TRAIN] Step 315 | Loss=0.001142 | Best makespan in group=446.00
[TRAIN] Step 316/400 | 21:55:48
[TRAIN] Step 316 | Loss=0.002529 | Best makespan in group=406.00
[TRAIN] Step 317/400 | 21:55:52
[TRAIN] Step 317 | Loss=0.001268 | Best makespan in group=302.00
[TRAIN] Step 318/400 | 21:55:57
[TRAIN] Step 318 | Loss=3.455663 | Best makespan in group=521.00
[TRAIN] Step 319/400 | 21:56:01
[TRAIN] Step 319 | Loss=1.233999 | Best makespan in group=387.00
[TRAIN] Step 320/400 | 21:56:06
[TRAIN] Step 320 | Loss=0.087026 | Best makespan in group=413.00
[TRAIN] Step 321/400 | 21:56:10
[TRAIN] Step 321 | Loss=0.022042 | Best makespan in group=519.00
[TRAIN] Step 322/400 | 21:56:14
[TRAIN] Step 322 | Loss=0.000159 | Best makespan in group=319.00
[TRAIN] Step 323/400 | 21:56:19
[TRAIN] Step 323 | Loss=2.091768 | Best makespan in group=423.00
[TRAIN] Step 324/400 | 21:56:25
[TRAIN] Step 324 | Loss=0.000940 | Best makespan in group=430.00
[TRAIN] Step 325/400 | 21:56:31
[TRAIN] Step 325 | Loss=0.162356 | Best makespan in group=339.00
[TRAIN][VAL][ep 325] avg_gap=0.2357 | std_gap=0.0939 | q80_gap=0.3133 | n=40
[TRAIN] Step 326/400 | 21:56:46
[TRAIN] Step 326 | Loss=0.202640 | Best makespan in group=354.00
[TRAIN] Step 327/400 | 21:56:51
[TRAIN] Step 327 | Loss=0.001452 | Best makespan in group=432.00
[TRAIN] Step 328/400 | 21:56:55
[TRAIN] Step 328 | Loss=0.039219 | Best makespan in group=373.00
[TRAIN] Step 329/400 | 21:56:59
[TRAIN] Step 329 | Loss=0.001002 | Best makespan in group=489.00
[TRAIN] Step 330/400 | 21:57:05
[TRAIN] Step 330 | Loss=0.957144 | Best makespan in group=546.00
[TRAIN] Step 331/400 | 21:57:11
[TRAIN] Step 331 | Loss=2.412981 | Best makespan in group=450.00
[TRAIN] Step 332/400 | 21:57:16
[TRAIN] Step 332 | Loss=0.666843 | Best makespan in group=397.00
[TRAIN] Step 333/400 | 21:57:21
[TRAIN] Step 333 | Loss=0.036643 | Best makespan in group=407.00
[TRAIN] Step 334/400 | 21:57:26
[TRAIN] Step 334 | Loss=1.855318 | Best makespan in group=402.00
[TRAIN] Step 335/400 | 21:57:30
[TRAIN] Step 335 | Loss=0.000102 | Best makespan in group=411.00
[TRAIN] Step 336/400 | 21:57:34
[TRAIN] Step 336 | Loss=0.617950 | Best makespan in group=367.00
[TRAIN] Step 337/400 | 21:57:38
[TRAIN] Step 337 | Loss=0.221227 | Best makespan in group=424.00
[TRAIN] Step 338/400 | 21:57:42
[TRAIN] Step 338 | Loss=1.309923 | Best makespan in group=346.00
[TRAIN] Step 339/400 | 21:57:47
[TRAIN] Step 339 | Loss=1.673985 | Best makespan in group=423.00
[TRAIN] Step 340/400 | 21:57:52
[TRAIN] Step 340 | Loss=0.022952 | Best makespan in group=368.00
[TRAIN] Step 341/400 | 21:57:57
[TRAIN] Step 341 | Loss=0.010433 | Best makespan in group=389.00
[TRAIN] Step 342/400 | 21:58:02
[TRAIN] Step 342 | Loss=0.000377 | Best makespan in group=526.00
[TRAIN] Step 343/400 | 21:58:06
[TRAIN] Step 343 | Loss=0.000372 | Best makespan in group=400.00
[TRAIN] Step 344/400 | 21:58:12
[TRAIN] Step 344 | Loss=0.001029 | Best makespan in group=413.00
[TRAIN] Step 345/400 | 21:58:16
[TRAIN] Step 345 | Loss=0.000276 | Best makespan in group=302.00
[TRAIN] Step 346/400 | 21:58:21
[TRAIN] Step 346 | Loss=0.294221 | Best makespan in group=402.00
[TRAIN] Step 347/400 | 21:58:26
[TRAIN] Step 347 | Loss=2.154089 | Best makespan in group=368.00
[TRAIN] Step 348/400 | 21:58:31
[TRAIN] Step 348 | Loss=0.000887 | Best makespan in group=555.00
[TRAIN] Step 349/400 | 21:58:36
[TRAIN] Step 349 | Loss=1.214783 | Best makespan in group=339.00
[TRAIN] Step 350/400 | 21:58:40
[TRAIN] Step 350 | Loss=2.899913 | Best makespan in group=341.00
[TRAIN][VAL][ep 350] avg_gap=0.2202 | std_gap=0.1089 | q80_gap=0.2951 | n=40
[TRAIN] Step 351/400 | 21:58:55
[TRAIN] Step 351 | Loss=3.604724 | Best makespan in group=377.00
[TRAIN] Step 352/400 | 21:58:59
[TRAIN] Step 352 | Loss=1.032485 | Best makespan in group=367.00
[TRAIN] Step 353/400 | 21:59:03
[TRAIN] Step 353 | Loss=2.047502 | Best makespan in group=342.00
[TRAIN] Step 354/400 | 21:59:07
[TRAIN] Step 354 | Loss=0.000521 | Best makespan in group=371.00
[TRAIN] Step 355/400 | 21:59:12
[TRAIN] Step 355 | Loss=0.003006 | Best makespan in group=336.00
[TRAIN] Step 356/400 | 21:59:17
[TRAIN] Step 356 | Loss=0.426683 | Best makespan in group=405.00
[TRAIN] Step 357/400 | 21:59:22
[TRAIN] Step 357 | Loss=5.178226 | Best makespan in group=426.00
[TRAIN] Step 358/400 | 21:59:26
[TRAIN] Step 358 | Loss=2.468648 | Best makespan in group=353.00
[TRAIN] Step 359/400 | 21:59:32
[TRAIN] Step 359 | Loss=0.635883 | Best makespan in group=439.00
[TRAIN] Step 360/400 | 21:59:37
[TRAIN] Step 360 | Loss=0.001417 | Best makespan in group=408.00
[TRAIN] Step 361/400 | 21:59:41
[TRAIN] Step 361 | Loss=0.323373 | Best makespan in group=389.00
[TRAIN] Step 362/400 | 21:59:46
[TRAIN] Step 362 | Loss=0.000898 | Best makespan in group=442.00
[TRAIN] Step 363/400 | 21:59:52
[TRAIN] Step 363 | Loss=1.488808 | Best makespan in group=452.00
[TRAIN] Step 364/400 | 21:59:58
[TRAIN] Step 364 | Loss=5.079192 | Best makespan in group=591.00
[TRAIN] Step 365/400 | 22:00:02
[TRAIN] Step 365 | Loss=0.001611 | Best makespan in group=304.00
[TRAIN] Step 366/400 | 22:00:07
[TRAIN] Step 366 | Loss=0.219325 | Best makespan in group=397.00
[TRAIN] Step 367/400 | 22:00:11
[TRAIN] Step 367 | Loss=0.010551 | Best makespan in group=403.00
[TRAIN] Step 368/400 | 22:00:17
[TRAIN] Step 368 | Loss=2.037352 | Best makespan in group=363.00
[TRAIN] Step 369/400 | 22:00:21
[TRAIN] Step 369 | Loss=0.002572 | Best makespan in group=373.00
[TRAIN] Step 370/400 | 22:00:25
[TRAIN] Step 370 | Loss=0.280245 | Best makespan in group=399.00
[TRAIN] Step 371/400 | 22:00:30
[TRAIN] Step 371 | Loss=0.001211 | Best makespan in group=365.00
[TRAIN] Step 372/400 | 22:00:36
[TRAIN] Step 372 | Loss=0.032357 | Best makespan in group=447.00
[TRAIN] Step 373/400 | 22:00:41
[TRAIN] Step 373 | Loss=0.400076 | Best makespan in group=355.00
[TRAIN] Step 374/400 | 22:00:45
[TRAIN] Step 374 | Loss=0.004836 | Best makespan in group=323.00
[TRAIN] Step 375/400 | 22:00:49
[TRAIN] Step 375 | Loss=1.290469 | Best makespan in group=504.00
[TRAIN][VAL][ep 375] avg_gap=0.2148 | std_gap=0.0998 | q80_gap=0.2799 | n=40
[TRAIN] Step 376/400 | 22:01:07
[TRAIN] Step 376 | Loss=1.926353 | Best makespan in group=432.00
[TRAIN] Step 377/400 | 22:01:10
[TRAIN] Step 377 | Loss=0.000739 | Best makespan in group=540.00
[TRAIN] Step 378/400 | 22:01:16
[TRAIN] Step 378 | Loss=0.004992 | Best makespan in group=521.00
[TRAIN] Step 379/400 | 22:01:20
[TRAIN] Step 379 | Loss=0.153718 | Best makespan in group=437.00
[TRAIN] Step 380/400 | 22:01:24
[TRAIN] Step 380 | Loss=0.114817 | Best makespan in group=532.00
[TRAIN] Step 381/400 | 22:01:28
[TRAIN] Step 381 | Loss=3.177297 | Best makespan in group=415.00
[TRAIN] Step 382/400 | 22:01:32
[TRAIN] Step 382 | Loss=0.012478 | Best makespan in group=529.00
[TRAIN] Step 383/400 | 22:01:37
[TRAIN] Step 383 | Loss=0.988201 | Best makespan in group=423.00
[TRAIN] Step 384/400 | 22:01:42
[TRAIN] Step 384 | Loss=2.286229 | Best makespan in group=357.00
[TRAIN] Step 385/400 | 22:01:48
[TRAIN] Step 385 | Loss=0.000128 | Best makespan in group=312.00
[TRAIN] Step 386/400 | 22:01:52
[TRAIN] Step 386 | Loss=0.061777 | Best makespan in group=373.00
[TRAIN] Step 387/400 | 22:01:57
[TRAIN] Step 387 | Loss=0.134656 | Best makespan in group=396.00
[TRAIN] Step 388/400 | 22:02:03
[TRAIN] Step 388 | Loss=0.001469 | Best makespan in group=471.00
[TRAIN] Step 389/400 | 22:02:09
[TRAIN] Step 389 | Loss=0.051722 | Best makespan in group=520.00
[TRAIN] Step 390/400 | 22:02:12
[TRAIN] Step 390 | Loss=0.000867 | Best makespan in group=386.00
[TRAIN] Step 391/400 | 22:02:17
[TRAIN] Step 391 | Loss=0.467624 | Best makespan in group=393.00
[TRAIN] Step 392/400 | 22:02:21
[TRAIN] Step 392 | Loss=0.096309 | Best makespan in group=415.00
[TRAIN] Step 393/400 | 22:02:26
[TRAIN] Step 393 | Loss=0.650411 | Best makespan in group=404.00
[TRAIN] Step 394/400 | 22:02:30
[TRAIN] Step 394 | Loss=0.692409 | Best makespan in group=424.00
[TRAIN] Step 395/400 | 22:02:33
[TRAIN] Step 395 | Loss=0.003518 | Best makespan in group=302.00
[TRAIN] Step 396/400 | 22:02:38
[TRAIN] Step 396 | Loss=0.242658 | Best makespan in group=367.00
[TRAIN] Step 397/400 | 22:02:42
[TRAIN] Step 397 | Loss=2.584971 | Best makespan in group=367.00
[TRAIN] Step 398/400 | 22:02:47
[TRAIN] Step 398 | Loss=0.029570 | Best makespan in group=403.00
[TRAIN] Step 399/400 | 22:02:53
[TRAIN] Step 399 | Loss=1.161247 | Best makespan in group=337.00
[TRAIN] Step 400/400 | 22:02:57
[TRAIN] Step 400 | Loss=0.001607 | Best makespan in group=316.00
[TRAIN] Refreshing training instances (step 400)...
[TRAIN][VAL][ep 400] avg_gap=0.1930 | std_gap=0.0914 | q80_gap=0.2606 | n=40
[TRAIN] Evaluating best checkpoint (candidate_models/800138727628579.pth) on the held-out test split...
[TRAIN][TEST] avg_gap=0.1363 | std_gap=0.0563 | q80_gap=0.1783 | n=40
[TRAIN][22:03:24] Training ended. Validation history and plots updated.
