D:\Dissertação\dissertation-bopo_introduction\venv\Lib\site-packages\torch\jit\_script.py:1485: FutureWarning: `torch.jit.script` is not supported in Python 3.14+ and may break. Please switch to `torch.compile` or `torch.export`.
  warnings.warn(
============================================================
[TRAIN] Training started at: 2026-09-21 22:03:57
[TRAIN] Hyperparams | max_steps=400 | new_freq=200
[TRAIN]             | n_cases=30 | B=32 | K=10 | use_greedy=True | lr=0.0005 (decaying to 1.00e-04)
[TRAIN]             | warm_start_steps=200 | checkpoint_smooth_window=3 | seed=44
[TRAIN]             | hidden_channels=128 | num_layers=2 | heads=3
[TRAIN] Representation | oo | GNN | gin
[TRAIN] Problem size | jobs=[8,10] | machines=[5,10] | ops_per_job=[5,6] | max_proc=100
============================================================
[TRAIN] Output run folder: results\reseed_oo_gin_s44
[TRAIN] Validation config | every=25 steps | instances=40 (representative subset)
[TRAIN] Warm-start (behavior cloning vs. dispatch heuristic) | 200 step(s)...
[TRAIN][WARMSTART] step 10/200 | instance=22 | bc_loss=1.7363 | decisions=41
[TRAIN][WARMSTART] step 20/200 | instance=2 | bc_loss=1.5863 | decisions=42
[TRAIN][WARMSTART] step 30/200 | instance=11 | bc_loss=1.5066 | decisions=50
[TRAIN][WARMSTART] step 40/200 | instance=7 | bc_loss=1.2638 | decisions=54
[TRAIN][WARMSTART] step 50/200 | instance=14 | bc_loss=1.0124 | decisions=38
[TRAIN][WARMSTART] step 60/200 | instance=17 | bc_loss=1.0736 | decisions=50
[TRAIN][WARMSTART] step 70/200 | instance=15 | bc_loss=0.7920 | decisions=42
[TRAIN][WARMSTART] step 80/200 | instance=3 | bc_loss=0.5933 | decisions=45
[TRAIN][WARMSTART] step 90/200 | instance=18 | bc_loss=0.4831 | decisions=44
[TRAIN][WARMSTART] step 100/200 | instance=6 | bc_loss=0.4264 | decisions=47
[TRAIN][WARMSTART] step 110/200 | instance=11 | bc_loss=0.7159 | decisions=50
[TRAIN][WARMSTART] step 120/200 | instance=13 | bc_loss=0.6342 | decisions=56
[TRAIN][WARMSTART] step 130/200 | instance=21 | bc_loss=0.8143 | decisions=52
[TRAIN][WARMSTART] step 140/200 | instance=16 | bc_loss=0.4617 | decisions=40
[TRAIN][WARMSTART] step 150/200 | instance=16 | bc_loss=0.3463 | decisions=40
[TRAIN][WARMSTART] step 160/200 | instance=1 | bc_loss=0.6386 | decisions=53
[TRAIN][WARMSTART] step 170/200 | instance=1 | bc_loss=0.4891 | decisions=53
[TRAIN][WARMSTART] step 180/200 | instance=2 | bc_loss=0.4348 | decisions=42
[TRAIN][WARMSTART] step 190/200 | instance=24 | bc_loss=0.6997 | decisions=55
[TRAIN][WARMSTART] step 200/200 | instance=27 | bc_loss=0.3470 | decisions=43
[TRAIN] Warm-start complete, switching to BOPO preference optimization.
------------------------------------------------------------
[TRAIN] BOPO agent ready. Starting training loop for 400 step(s)...
------------------------------------------------------------
[TRAIN] Step 1/400 | 22:05:06
[TRAIN] Step 1 | Loss=0.001437 | Best makespan in group=542.00
[TRAIN] Step 2/400 | 22:05:10
[TRAIN] Step 2 | Loss=0.783525 | Best makespan in group=613.00
[TRAIN] Step 3/400 | 22:05:16
[TRAIN] Step 3 | Loss=0.613634 | Best makespan in group=593.00
[TRAIN] Step 4/400 | 22:05:22
[TRAIN] Step 4 | Loss=0.039821 | Best makespan in group=353.00
[TRAIN] Step 5/400 | 22:05:27
[TRAIN] Step 5 | Loss=0.001230 | Best makespan in group=411.00
[TRAIN] Step 6/400 | 22:05:31
[TRAIN] Step 6 | Loss=0.317491 | Best makespan in group=307.00
[TRAIN] Step 7/400 | 22:05:36
[TRAIN] Step 7 | Loss=1.359956 | Best makespan in group=568.00
[TRAIN] Step 8/400 | 22:05:42
[TRAIN] Step 8 | Loss=3.966456 | Best makespan in group=609.00
[TRAIN] Step 9/400 | 22:05:47
[TRAIN] Step 9 | Loss=0.042643 | Best makespan in group=394.00
[TRAIN] Step 10/400 | 22:05:52
[TRAIN] Step 10 | Loss=2.982430 | Best makespan in group=430.00
[TRAIN] Step 11/400 | 22:05:56
[TRAIN] Step 11 | Loss=0.075389 | Best makespan in group=359.00
[TRAIN] Step 12/400 | 22:06:01
[TRAIN] Step 12 | Loss=0.000441 | Best makespan in group=348.00
[TRAIN] Step 13/400 | 22:06:07
[TRAIN] Step 13 | Loss=4.576534 | Best makespan in group=323.00
[TRAIN] Step 14/400 | 22:06:11
[TRAIN] Step 14 | Loss=1.863189 | Best makespan in group=317.00
[TRAIN] Step 15/400 | 22:06:16
[TRAIN] Step 15 | Loss=0.227489 | Best makespan in group=347.00
[TRAIN] Step 16/400 | 22:06:20
[TRAIN] Step 16 | Loss=0.000056 | Best makespan in group=506.00
[TRAIN] Step 17/400 | 22:06:26
[TRAIN] Step 17 | Loss=3.688807 | Best makespan in group=449.00
[TRAIN] Step 18/400 | 22:06:33
[TRAIN] Step 18 | Loss=1.851867 | Best makespan in group=389.00
[TRAIN] Step 19/400 | 22:06:39
[TRAIN] Step 19 | Loss=0.000894 | Best makespan in group=395.00
[TRAIN] Step 20/400 | 22:06:44
[TRAIN] Step 20 | Loss=0.139466 | Best makespan in group=393.00
[TRAIN] Step 21/400 | 22:06:49
[TRAIN] Step 21 | Loss=1.521514 | Best makespan in group=382.00
[TRAIN] Step 22/400 | 22:06:53
[TRAIN] Step 22 | Loss=8.895768 | Best makespan in group=422.00
[TRAIN] Step 23/400 | 22:06:59
[TRAIN] Step 23 | Loss=0.385640 | Best makespan in group=376.00
[TRAIN] Step 24/400 | 22:07:04
[TRAIN] Step 24 | Loss=0.260596 | Best makespan in group=399.00
[TRAIN] Step 25/400 | 22:07:08
[TRAIN] Step 25 | Loss=2.048531 | Best makespan in group=426.00
[TRAIN][VAL][ep 25] avg_gap=0.3202 | std_gap=0.1728 | q80_gap=0.4384 | n=40
[TRAIN] Validation improved | smoothed_avg_gap=0.3202 (raw=0.3202) | saving candidate: 276085095127801.pth
[TRAIN] Step 26/400 | 22:07:23
[TRAIN] Step 26 | Loss=2.842306 | Best makespan in group=342.00
[TRAIN] Step 27/400 | 22:07:26
[TRAIN] Step 27 | Loss=1.983203 | Best makespan in group=434.00
[TRAIN] Step 28/400 | 22:07:30
[TRAIN] Step 28 | Loss=0.974473 | Best makespan in group=404.00
[TRAIN] Step 29/400 | 22:07:34
[TRAIN] Step 29 | Loss=3.780509 | Best makespan in group=401.00
[TRAIN] Step 30/400 | 22:07:38
[TRAIN] Step 30 | Loss=1.237896 | Best makespan in group=364.00
[TRAIN] Step 31/400 | 22:07:43
[TRAIN] Step 31 | Loss=0.058196 | Best makespan in group=468.00
[TRAIN] Step 32/400 | 22:07:47
[TRAIN] Step 32 | Loss=0.040755 | Best makespan in group=405.00
[TRAIN] Step 33/400 | 22:07:50
[TRAIN] Step 33 | Loss=2.087774 | Best makespan in group=388.00
[TRAIN] Step 34/400 | 22:07:56
[TRAIN] Step 34 | Loss=1.603348 | Best makespan in group=398.00
[TRAIN] Step 35/400 | 22:08:00
[TRAIN] Step 35 | Loss=3.090532 | Best makespan in group=645.00
[TRAIN] Step 36/400 | 22:08:05
[TRAIN] Step 36 | Loss=1.262911 | Best makespan in group=373.00
[TRAIN] Step 37/400 | 22:08:11
[TRAIN] Step 37 | Loss=0.642318 | Best makespan in group=538.00
[TRAIN] Step 38/400 | 22:08:16
[TRAIN] Step 38 | Loss=1.974820 | Best makespan in group=428.00
[TRAIN] Step 39/400 | 22:08:20
[TRAIN] Step 39 | Loss=0.403507 | Best makespan in group=381.00
[TRAIN] Step 40/400 | 22:08:24
[TRAIN] Step 40 | Loss=0.838387 | Best makespan in group=407.00
[TRAIN] Step 41/400 | 22:08:27
[TRAIN] Step 41 | Loss=0.345350 | Best makespan in group=393.00
[TRAIN] Step 42/400 | 22:08:32
[TRAIN] Step 42 | Loss=0.420151 | Best makespan in group=446.00
[TRAIN] Step 43/400 | 22:08:36
[TRAIN] Step 43 | Loss=0.002488 | Best makespan in group=364.00
[TRAIN] Step 44/400 | 22:08:41
[TRAIN] Step 44 | Loss=0.000142 | Best makespan in group=389.00
[TRAIN] Step 45/400 | 22:08:46
[TRAIN] Step 45 | Loss=0.009757 | Best makespan in group=405.00
[TRAIN] Step 46/400 | 22:08:51
[TRAIN] Step 46 | Loss=0.075251 | Best makespan in group=361.00
[TRAIN] Step 47/400 | 22:08:55
[TRAIN] Step 47 | Loss=0.001123 | Best makespan in group=594.00
[TRAIN] Step 48/400 | 22:09:01
[TRAIN] Step 48 | Loss=3.532801 | Best makespan in group=342.00
[TRAIN] Step 49/400 | 22:09:04
[TRAIN] Step 49 | Loss=0.310297 | Best makespan in group=646.00
[TRAIN] Step 50/400 | 22:09:10
[TRAIN] Step 50 | Loss=0.149211 | Best makespan in group=408.00
[TRAIN][VAL][ep 50] avg_gap=0.1967 | std_gap=0.1160 | q80_gap=0.2691 | n=40
[TRAIN] Validation improved | smoothed_avg_gap=0.2584 (raw=0.1967) | saving candidate: 216879650722992.pth
[TRAIN] Step 51/400 | 22:09:27
[TRAIN] Step 51 | Loss=0.020682 | Best makespan in group=317.00
[TRAIN] Step 52/400 | 22:09:30
[TRAIN] Step 52 | Loss=0.001146 | Best makespan in group=467.00
[TRAIN] Step 53/400 | 22:09:36
[TRAIN] Step 53 | Loss=0.264060 | Best makespan in group=420.00
[TRAIN] Step 54/400 | 22:09:41
[TRAIN] Step 54 | Loss=0.094055 | Best makespan in group=580.00
[TRAIN] Step 55/400 | 22:09:47
[TRAIN] Step 55 | Loss=3.245199 | Best makespan in group=331.00
[TRAIN] Step 56/400 | 22:09:50
[TRAIN] Step 56 | Loss=4.858025 | Best makespan in group=393.00
[TRAIN] Step 57/400 | 22:09:55
[TRAIN] Step 57 | Loss=0.529347 | Best makespan in group=307.00
[TRAIN] Step 58/400 | 22:09:59
[TRAIN] Step 58 | Loss=0.907756 | Best makespan in group=372.00
[TRAIN] Step 59/400 | 22:10:03
[TRAIN] Step 59 | Loss=0.000030 | Best makespan in group=348.00
[TRAIN] Step 60/400 | 22:10:09
[TRAIN] Step 60 | Loss=0.589210 | Best makespan in group=355.00
[TRAIN] Step 61/400 | 22:10:13
[TRAIN] Step 61 | Loss=1.399081 | Best makespan in group=454.00
[TRAIN] Step 62/400 | 22:10:16
[TRAIN] Step 62 | Loss=0.046516 | Best makespan in group=323.00
[TRAIN] Step 63/400 | 22:10:20
[TRAIN] Step 63 | Loss=0.163235 | Best makespan in group=435.00
[TRAIN] Step 64/400 | 22:10:25
[TRAIN] Step 64 | Loss=2.912184 | Best makespan in group=383.00
[TRAIN] Step 65/400 | 22:10:28
[TRAIN] Step 65 | Loss=1.326666 | Best makespan in group=415.00
[TRAIN] Step 66/400 | 22:10:33
[TRAIN] Step 66 | Loss=0.000718 | Best makespan in group=417.00
[TRAIN] Step 67/400 | 22:10:38
[TRAIN] Step 67 | Loss=0.441555 | Best makespan in group=441.00
[TRAIN] Step 68/400 | 22:10:43
[TRAIN] Step 68 | Loss=0.008311 | Best makespan in group=379.00
[TRAIN] Step 69/400 | 22:10:46
[TRAIN] Step 69 | Loss=1.850697 | Best makespan in group=673.00
[TRAIN] Step 70/400 | 22:10:52
[TRAIN] Step 70 | Loss=0.552889 | Best makespan in group=358.00
[TRAIN] Step 71/400 | 22:10:56
[TRAIN] Step 71 | Loss=2.717204 | Best makespan in group=369.00
[TRAIN] Step 72/400 | 22:11:01
[TRAIN] Step 72 | Loss=0.000370 | Best makespan in group=348.00
[TRAIN] Step 73/400 | 22:11:06
[TRAIN] Step 73 | Loss=2.283742 | Best makespan in group=393.00
[TRAIN] Step 74/400 | 22:11:11
[TRAIN] Step 74 | Loss=0.229716 | Best makespan in group=423.00
[TRAIN] Step 75/400 | 22:11:16
[TRAIN] Step 75 | Loss=0.002008 | Best makespan in group=342.00
[TRAIN][VAL][ep 75] avg_gap=0.3140 | std_gap=0.1656 | q80_gap=0.4303 | n=40
[TRAIN] Step 76/400 | 22:11:31
[TRAIN] Step 76 | Loss=0.180513 | Best makespan in group=409.00
[TRAIN] Step 77/400 | 22:11:35
[TRAIN] Step 77 | Loss=0.004978 | Best makespan in group=539.00
[TRAIN] Step 78/400 | 22:11:39
[TRAIN] Step 78 | Loss=2.157952 | Best makespan in group=625.00
[TRAIN] Step 79/400 | 22:11:45
[TRAIN] Step 79 | Loss=1.417821 | Best makespan in group=366.00
[TRAIN] Step 80/400 | 22:11:49
[TRAIN] Step 80 | Loss=0.000031 | Best makespan in group=387.00
[TRAIN] Step 81/400 | 22:11:53
[TRAIN] Step 81 | Loss=1.437264 | Best makespan in group=406.00
[TRAIN] Step 82/400 | 22:11:59
[TRAIN] Step 82 | Loss=0.576846 | Best makespan in group=316.00
[TRAIN] Step 83/400 | 22:12:03
[TRAIN] Step 83 | Loss=0.004762 | Best makespan in group=317.00
[TRAIN] Step 84/400 | 22:12:07
[TRAIN] Step 84 | Loss=0.864452 | Best makespan in group=381.00
[TRAIN] Step 85/400 | 22:12:12
[TRAIN] Step 85 | Loss=3.447151 | Best makespan in group=423.00
[TRAIN] Step 86/400 | 22:12:17
[TRAIN] Step 86 | Loss=1.648540 | Best makespan in group=455.00
[TRAIN] Step 87/400 | 22:12:23
[TRAIN] Step 87 | Loss=0.926011 | Best makespan in group=625.00
[TRAIN] Step 88/400 | 22:12:28
[TRAIN] Step 88 | Loss=0.417312 | Best makespan in group=403.00
[TRAIN] Step 89/400 | 22:12:31
[TRAIN] Step 89 | Loss=0.021097 | Best makespan in group=589.00
[TRAIN] Step 90/400 | 22:12:38
[TRAIN] Step 90 | Loss=1.258509 | Best makespan in group=373.00
[TRAIN] Step 91/400 | 22:12:43
[TRAIN] Step 91 | Loss=1.911643 | Best makespan in group=373.00
[TRAIN] Step 92/400 | 22:12:49
[TRAIN] Step 92 | Loss=1.057606 | Best makespan in group=393.00
[TRAIN] Step 93/400 | 22:12:54
[TRAIN] Step 93 | Loss=0.102090 | Best makespan in group=355.00
[TRAIN] Step 94/400 | 22:12:59
[TRAIN] Step 94 | Loss=0.970253 | Best makespan in group=651.00
[TRAIN] Step 95/400 | 22:13:04
[TRAIN] Step 95 | Loss=0.022116 | Best makespan in group=379.00
[TRAIN] Step 96/400 | 22:13:08
[TRAIN] Step 96 | Loss=1.718414 | Best makespan in group=457.00
[TRAIN] Step 97/400 | 22:13:12
[TRAIN] Step 97 | Loss=4.192855 | Best makespan in group=533.00
[TRAIN] Step 98/400 | 22:13:17
[TRAIN] Step 98 | Loss=1.651325 | Best makespan in group=383.00
[TRAIN] Step 99/400 | 22:13:22
[TRAIN] Step 99 | Loss=0.555228 | Best makespan in group=387.00
[TRAIN] Step 100/400 | 22:13:26
[TRAIN] Step 100 | Loss=1.045917 | Best makespan in group=663.00
[TRAIN][VAL][ep 100] avg_gap=0.3710 | std_gap=0.1937 | q80_gap=0.4966 | n=40
[TRAIN] Step 101/400 | 22:13:42
[TRAIN] Step 101 | Loss=0.014019 | Best makespan in group=358.00
[TRAIN] Step 102/400 | 22:13:46
[TRAIN] Step 102 | Loss=0.640184 | Best makespan in group=331.00
[TRAIN] Step 103/400 | 22:13:50
[TRAIN] Step 103 | Loss=4.507339 | Best makespan in group=396.00
[TRAIN] Step 104/400 | 22:13:56
[TRAIN] Step 104 | Loss=0.572946 | Best makespan in group=425.00
[TRAIN] Step 105/400 | 22:14:00
[TRAIN] Step 105 | Loss=1.183579 | Best makespan in group=317.00
[TRAIN] Step 106/400 | 22:14:04
[TRAIN] Step 106 | Loss=1.628175 | Best makespan in group=363.00
[TRAIN] Step 107/400 | 22:14:08
[TRAIN] Step 107 | Loss=0.664996 | Best makespan in group=292.00
[TRAIN] Step 108/400 | 22:14:12
[TRAIN] Step 108 | Loss=0.000033 | Best makespan in group=416.00
[TRAIN] Step 109/400 | 22:14:16
[TRAIN] Step 109 | Loss=1.846508 | Best makespan in group=569.00
[TRAIN] Step 110/400 | 22:14:22
[TRAIN] Step 110 | Loss=0.903860 | Best makespan in group=402.00
[TRAIN] Step 111/400 | 22:14:27
[TRAIN] Step 111 | Loss=1.252839 | Best makespan in group=348.00
[TRAIN] Step 112/400 | 22:14:33
[TRAIN] Step 112 | Loss=0.286999 | Best makespan in group=397.00
[TRAIN] Step 113/400 | 22:14:38
[TRAIN] Step 113 | Loss=2.660235 | Best makespan in group=594.00
[TRAIN] Step 114/400 | 22:14:44
[TRAIN] Step 114 | Loss=6.404152 | Best makespan in group=342.00
[TRAIN] Step 115/400 | 22:14:47
[TRAIN] Step 115 | Loss=1.495336 | Best makespan in group=379.00
[TRAIN] Step 116/400 | 22:14:51
[TRAIN] Step 116 | Loss=0.028786 | Best makespan in group=367.00
[TRAIN] Step 117/400 | 22:14:55
[TRAIN] Step 117 | Loss=0.129858 | Best makespan in group=471.00
[TRAIN] Step 118/400 | 22:15:01
[TRAIN] Step 118 | Loss=0.066056 | Best makespan in group=403.00
[TRAIN] Step 119/400 | 22:15:04
[TRAIN] Step 119 | Loss=0.000001 | Best makespan in group=398.00
[TRAIN] Step 120/400 | 22:15:09
[TRAIN] Step 120 | Loss=4.063528 | Best makespan in group=377.00
[TRAIN] Step 121/400 | 22:15:15
[TRAIN] Step 121 | Loss=0.630955 | Best makespan in group=543.00
[TRAIN] Step 122/400 | 22:15:19
[TRAIN] Step 122 | Loss=6.108680 | Best makespan in group=393.00
[TRAIN] Step 123/400 | 22:15:24
[TRAIN] Step 123 | Loss=0.000037 | Best makespan in group=379.00
[TRAIN] Step 124/400 | 22:15:28
[TRAIN] Step 124 | Loss=0.000003 | Best makespan in group=356.00
[TRAIN] Step 125/400 | 22:15:34
[TRAIN] Step 125 | Loss=3.698936 | Best makespan in group=609.00
[TRAIN][VAL][ep 125] avg_gap=0.1959 | std_gap=0.1239 | q80_gap=0.2635 | n=40
[TRAIN] Step 126/400 | 22:15:50
[TRAIN] Step 126 | Loss=0.000047 | Best makespan in group=320.00
[TRAIN] Step 127/400 | 22:15:54
[TRAIN] Step 127 | Loss=0.041212 | Best makespan in group=395.00
[TRAIN] Step 128/400 | 22:15:59
[TRAIN] Step 128 | Loss=0.102268 | Best makespan in group=393.00
[TRAIN] Step 129/400 | 22:16:04
[TRAIN] Step 129 | Loss=1.059216 | Best makespan in group=384.00
[TRAIN] Step 130/400 | 22:16:07
[TRAIN] Step 130 | Loss=0.000004 | Best makespan in group=419.00
[TRAIN] Step 131/400 | 22:16:11
[TRAIN] Step 131 | Loss=4.212798 | Best makespan in group=342.00
[TRAIN] Step 132/400 | 22:16:15
[TRAIN] Step 132 | Loss=2.085944 | Best makespan in group=614.00
[TRAIN] Step 133/400 | 22:16:21
[TRAIN] Step 133 | Loss=0.000078 | Best makespan in group=384.00
[TRAIN] Step 134/400 | 22:16:25
[TRAIN] Step 134 | Loss=1.332755 | Best makespan in group=345.00
[TRAIN] Step 135/400 | 22:16:29
[TRAIN] Step 135 | Loss=0.000009 | Best makespan in group=317.00
[TRAIN] Step 136/400 | 22:16:33
[TRAIN] Step 136 | Loss=0.000591 | Best makespan in group=466.00
[TRAIN] Step 137/400 | 22:16:39
[TRAIN] Step 137 | Loss=0.901310 | Best makespan in group=382.00
[TRAIN] Step 138/400 | 22:16:45
[TRAIN] Step 138 | Loss=0.735560 | Best makespan in group=342.00
[TRAIN] Step 139/400 | 22:16:49
[TRAIN] Step 139 | Loss=0.941748 | Best makespan in group=300.00
[TRAIN] Step 140/400 | 22:16:53
[TRAIN] Step 140 | Loss=0.319743 | Best makespan in group=393.00
[TRAIN] Step 141/400 | 22:16:57
[TRAIN] Step 141 | Loss=1.772656 | Best makespan in group=398.00
[TRAIN] Step 142/400 | 22:17:01
[TRAIN] Step 142 | Loss=0.023035 | Best makespan in group=365.00
[TRAIN] Step 143/400 | 22:17:05
[TRAIN] Step 143 | Loss=5.562399 | Best makespan in group=422.00
[TRAIN] Step 144/400 | 22:17:10
[TRAIN] Step 144 | Loss=3.529689 | Best makespan in group=630.00
[TRAIN] Step 145/400 | 22:17:15
[TRAIN] Step 145 | Loss=0.094297 | Best makespan in group=367.00
[TRAIN] Step 146/400 | 22:17:20
[TRAIN] Step 146 | Loss=0.000121 | Best makespan in group=387.00
[TRAIN] Step 147/400 | 22:17:24
[TRAIN] Step 147 | Loss=0.009540 | Best makespan in group=348.00
[TRAIN] Step 148/400 | 22:17:29
[TRAIN] Step 148 | Loss=0.002615 | Best makespan in group=436.00
[TRAIN] Step 149/400 | 22:17:33
[TRAIN] Step 149 | Loss=2.252897 | Best makespan in group=424.00
[TRAIN] Step 150/400 | 22:17:39
[TRAIN] Step 150 | Loss=0.157623 | Best makespan in group=564.00
[TRAIN][VAL][ep 150] avg_gap=0.1830 | std_gap=0.1119 | q80_gap=0.2596 | n=40
[TRAIN] Validation improved | smoothed_avg_gap=0.2500 (raw=0.1830) | saving candidate: 702922998692642.pth
[TRAIN] Step 151/400 | 22:17:56
[TRAIN] Step 151 | Loss=0.049700 | Best makespan in group=436.00
[TRAIN] Step 152/400 | 22:18:01
[TRAIN] Step 152 | Loss=0.036682 | Best makespan in group=379.00
[TRAIN] Step 153/400 | 22:18:06
[TRAIN] Step 153 | Loss=0.024138 | Best makespan in group=412.00
[TRAIN] Step 154/400 | 22:18:10
[TRAIN] Step 154 | Loss=2.583951 | Best makespan in group=425.00
[TRAIN] Step 155/400 | 22:18:15
[TRAIN] Step 155 | Loss=0.189783 | Best makespan in group=586.00
[TRAIN] Step 156/400 | 22:18:21
[TRAIN] Step 156 | Loss=0.029873 | Best makespan in group=433.00
[TRAIN] Step 157/400 | 22:18:25
[TRAIN] Step 157 | Loss=0.019011 | Best makespan in group=379.00
[TRAIN] Step 158/400 | 22:18:28
[TRAIN] Step 158 | Loss=1.669269 | Best makespan in group=292.00
[TRAIN] Step 159/400 | 22:18:33
[TRAIN] Step 159 | Loss=0.330876 | Best makespan in group=395.00
[TRAIN] Step 160/400 | 22:18:38
[TRAIN] Step 160 | Loss=0.069921 | Best makespan in group=635.00
[TRAIN] Step 161/400 | 22:18:44
[TRAIN] Step 161 | Loss=0.148111 | Best makespan in group=372.00
[TRAIN] Step 162/400 | 22:18:49
[TRAIN] Step 162 | Loss=0.042485 | Best makespan in group=348.00
[TRAIN] Step 163/400 | 22:18:54
[TRAIN] Step 163 | Loss=7.745005 | Best makespan in group=428.00
[TRAIN] Step 164/400 | 22:18:59
[TRAIN] Step 164 | Loss=0.359810 | Best makespan in group=342.00
[TRAIN] Step 165/400 | 22:19:02
[TRAIN] Step 165 | Loss=0.003889 | Best makespan in group=607.00
[TRAIN] Step 166/400 | 22:19:08
[TRAIN] Step 166 | Loss=1.175433 | Best makespan in group=330.00
[TRAIN] Step 167/400 | 22:19:11
[TRAIN] Step 167 | Loss=0.005812 | Best makespan in group=470.00
[TRAIN] Step 168/400 | 22:19:17
[TRAIN] Step 168 | Loss=0.184424 | Best makespan in group=517.00
[TRAIN] Step 169/400 | 22:19:22
[TRAIN] Step 169 | Loss=0.000507 | Best makespan in group=368.00
[TRAIN] Step 170/400 | 22:19:27
[TRAIN] Step 170 | Loss=0.005378 | Best makespan in group=369.00
[TRAIN] Step 171/400 | 22:19:32
[TRAIN] Step 171 | Loss=0.375601 | Best makespan in group=394.00
[TRAIN] Step 172/400 | 22:19:36
[TRAIN] Step 172 | Loss=0.065886 | Best makespan in group=408.00
[TRAIN] Step 173/400 | 22:19:39
[TRAIN] Step 173 | Loss=0.736872 | Best makespan in group=358.00
[TRAIN] Step 174/400 | 22:19:43
[TRAIN] Step 174 | Loss=0.002645 | Best makespan in group=317.00
[TRAIN] Step 175/400 | 22:19:47
[TRAIN] Step 175 | Loss=0.006793 | Best makespan in group=364.00
[TRAIN][VAL][ep 175] avg_gap=0.1493 | std_gap=0.0966 | q80_gap=0.2236 | n=40
[TRAIN] Validation improved | smoothed_avg_gap=0.1761 (raw=0.1493) | saving candidate: 339797662734871.pth
[TRAIN] Step 176/400 | 22:20:03
[TRAIN] Step 176 | Loss=0.168168 | Best makespan in group=409.00
[TRAIN] Step 177/400 | 22:20:08
[TRAIN] Step 177 | Loss=0.810266 | Best makespan in group=403.00
[TRAIN] Step 178/400 | 22:20:12
[TRAIN] Step 178 | Loss=0.034757 | Best makespan in group=369.00
[TRAIN] Step 179/400 | 22:20:17
[TRAIN] Step 179 | Loss=0.802489 | Best makespan in group=659.00
[TRAIN] Step 180/400 | 22:20:23
[TRAIN] Step 180 | Loss=0.108353 | Best makespan in group=371.00
[TRAIN] Step 181/400 | 22:20:27
[TRAIN] Step 181 | Loss=1.405378 | Best makespan in group=364.00
[TRAIN] Step 182/400 | 22:20:31
[TRAIN] Step 182 | Loss=3.090282 | Best makespan in group=317.00
[TRAIN] Step 183/400 | 22:20:35
[TRAIN] Step 183 | Loss=2.452815 | Best makespan in group=422.00
[TRAIN] Step 184/400 | 22:20:40
[TRAIN] Step 184 | Loss=1.502226 | Best makespan in group=473.00
[TRAIN] Step 185/400 | 22:20:46
[TRAIN] Step 185 | Loss=1.585659 | Best makespan in group=344.00
[TRAIN] Step 186/400 | 22:20:49
[TRAIN] Step 186 | Loss=0.005529 | Best makespan in group=407.00
[TRAIN] Step 187/400 | 22:20:53
[TRAIN] Step 187 | Loss=0.015417 | Best makespan in group=379.00
[TRAIN] Step 188/400 | 22:20:57
[TRAIN] Step 188 | Loss=0.000644 | Best makespan in group=517.00
[TRAIN] Step 189/400 | 22:21:02
[TRAIN] Step 189 | Loss=1.244282 | Best makespan in group=428.00
[TRAIN] Step 190/400 | 22:21:05
[TRAIN] Step 190 | Loss=0.403921 | Best makespan in group=620.00
[TRAIN] Step 191/400 | 22:21:11
[TRAIN] Step 191 | Loss=0.107401 | Best makespan in group=641.00
[TRAIN] Step 192/400 | 22:21:17
[TRAIN] Step 192 | Loss=1.144961 | Best makespan in group=371.00
[TRAIN] Step 193/400 | 22:21:20
[TRAIN] Step 193 | Loss=0.004087 | Best makespan in group=374.00
[TRAIN] Step 194/400 | 22:21:24
[TRAIN] Step 194 | Loss=0.097782 | Best makespan in group=381.00
[TRAIN] Step 195/400 | 22:21:30
[TRAIN] Step 195 | Loss=0.039626 | Best makespan in group=372.00
[TRAIN] Step 196/400 | 22:21:35
[TRAIN] Step 196 | Loss=0.139295 | Best makespan in group=364.00
[TRAIN] Step 197/400 | 22:21:40
[TRAIN] Step 197 | Loss=0.096975 | Best makespan in group=387.00
[TRAIN] Step 198/400 | 22:21:45
[TRAIN] Step 198 | Loss=0.501604 | Best makespan in group=413.00
[TRAIN] Step 199/400 | 22:21:51
[TRAIN] Step 199 | Loss=0.003213 | Best makespan in group=551.00
[TRAIN] Step 200/400 | 22:21:57
[TRAIN] Step 200 | Loss=0.616594 | Best makespan in group=348.00
[TRAIN] Refreshing training instances (step 200)...
[TRAIN][VAL][ep 200] avg_gap=0.1795 | std_gap=0.1083 | q80_gap=0.2918 | n=40
[TRAIN] Validation improved | smoothed_avg_gap=0.1706 (raw=0.1795) | saving candidate: 957541667985070.pth
[TRAIN] Step 201/400 | 22:22:13
[TRAIN] Step 201 | Loss=0.000388 | Best makespan in group=382.00
[TRAIN] Step 202/400 | 22:22:19
[TRAIN] Step 202 | Loss=0.036004 | Best makespan in group=458.00
[TRAIN] Step 203/400 | 22:22:23
[TRAIN] Step 203 | Loss=1.500947 | Best makespan in group=594.00
[TRAIN] Step 204/400 | 22:22:27
[TRAIN] Step 204 | Loss=0.015970 | Best makespan in group=345.00
[TRAIN] Step 205/400 | 22:22:31
[TRAIN] Step 205 | Loss=1.553320 | Best makespan in group=360.00
[TRAIN] Step 206/400 | 22:22:36
[TRAIN] Step 206 | Loss=1.769337 | Best makespan in group=379.00
[TRAIN] Step 207/400 | 22:22:41
[TRAIN] Step 207 | Loss=0.708355 | Best makespan in group=316.00
[TRAIN] Step 208/400 | 22:22:45
[TRAIN] Step 208 | Loss=0.001302 | Best makespan in group=462.00
[TRAIN] Step 209/400 | 22:22:50
[TRAIN] Step 209 | Loss=0.000603 | Best makespan in group=362.00
[TRAIN] Step 210/400 | 22:22:55
[TRAIN] Step 210 | Loss=0.463761 | Best makespan in group=614.00
[TRAIN] Step 211/400 | 22:23:06
[TRAIN] Step 211 | Loss=0.978737 | Best makespan in group=388.00
[TRAIN] Step 212/400 | 22:23:13
[TRAIN] Step 212 | Loss=1.918551 | Best makespan in group=390.00
[TRAIN] Step 213/400 | 22:23:19
[TRAIN] Step 213 | Loss=1.004607 | Best makespan in group=374.00
[TRAIN] Step 214/400 | 22:23:24
[TRAIN] Step 214 | Loss=0.243264 | Best makespan in group=371.00
[TRAIN] Step 215/400 | 22:23:28
[TRAIN] Step 215 | Loss=0.018333 | Best makespan in group=593.00
[TRAIN] Step 216/400 | 22:23:34
[TRAIN] Step 216 | Loss=0.000047 | Best makespan in group=536.00
[TRAIN] Step 217/400 | 22:23:41
[TRAIN] Step 217 | Loss=0.000036 | Best makespan in group=540.00
[TRAIN] Step 218/400 | 22:23:47
[TRAIN] Step 218 | Loss=0.271060 | Best makespan in group=350.00
[TRAIN] Step 219/400 | 22:23:51
[TRAIN] Step 219 | Loss=0.108070 | Best makespan in group=480.00
[TRAIN] Step 220/400 | 22:23:56
[TRAIN] Step 220 | Loss=0.000633 | Best makespan in group=322.00
[TRAIN] Step 221/400 | 22:24:00
[TRAIN] Step 221 | Loss=0.000768 | Best makespan in group=364.00
[TRAIN] Step 222/400 | 22:24:06
[TRAIN] Step 222 | Loss=1.113128 | Best makespan in group=362.00
[TRAIN] Step 223/400 | 22:24:11
[TRAIN] Step 223 | Loss=0.000340 | Best makespan in group=398.00
[TRAIN] Step 224/400 | 22:24:17
[TRAIN] Step 224 | Loss=1.036331 | Best makespan in group=424.00
[TRAIN] Step 225/400 | 22:24:23
[TRAIN] Step 225 | Loss=0.000335 | Best makespan in group=477.00
[TRAIN][VAL][ep 225] avg_gap=0.1437 | std_gap=0.0735 | q80_gap=0.2336 | n=40
[TRAIN] Validation improved | smoothed_avg_gap=0.1575 (raw=0.1437) | saving candidate: 628032247906552.pth
[TRAIN] Step 226/400 | 22:24:39
[TRAIN] Step 226 | Loss=0.000034 | Best makespan in group=417.00
[TRAIN] Step 227/400 | 22:24:45
[TRAIN] Step 227 | Loss=4.766334 | Best makespan in group=311.00
[TRAIN] Step 228/400 | 22:24:51
[TRAIN] Step 228 | Loss=0.000061 | Best makespan in group=381.00
[TRAIN] Step 229/400 | 22:24:55
[TRAIN] Step 229 | Loss=0.000173 | Best makespan in group=597.00
[TRAIN] Step 230/400 | 22:25:01
[TRAIN] Step 230 | Loss=1.259560 | Best makespan in group=367.00
[TRAIN] Step 231/400 | 22:25:05
[TRAIN] Step 231 | Loss=0.033950 | Best makespan in group=338.00
[TRAIN] Step 232/400 | 22:25:10
[TRAIN] Step 232 | Loss=0.000710 | Best makespan in group=466.00
[TRAIN] Step 233/400 | 22:25:15
[TRAIN] Step 233 | Loss=0.748466 | Best makespan in group=317.00
[TRAIN] Step 234/400 | 22:25:20
[TRAIN] Step 234 | Loss=0.001388 | Best makespan in group=316.00
[TRAIN] Step 235/400 | 22:25:24
[TRAIN] Step 235 | Loss=0.496962 | Best makespan in group=461.00
[TRAIN] Step 236/400 | 22:25:29
[TRAIN] Step 236 | Loss=0.067872 | Best makespan in group=398.00
[TRAIN] Step 237/400 | 22:25:33
[TRAIN] Step 237 | Loss=3.119926 | Best makespan in group=480.00
[TRAIN] Step 238/400 | 22:25:38
[TRAIN] Step 238 | Loss=0.218408 | Best makespan in group=358.00
[TRAIN] Step 239/400 | 22:25:43
[TRAIN] Step 239 | Loss=2.152148 | Best makespan in group=596.00
[TRAIN] Step 240/400 | 22:25:48
[TRAIN] Step 240 | Loss=2.557033 | Best makespan in group=435.00
[TRAIN] Step 241/400 | 22:25:54
[TRAIN] Step 241 | Loss=0.150731 | Best makespan in group=372.00
[TRAIN] Step 242/400 | 22:25:59
[TRAIN] Step 242 | Loss=0.595054 | Best makespan in group=413.00
[TRAIN] Step 243/400 | 22:26:05
[TRAIN] Step 243 | Loss=1.042158 | Best makespan in group=417.00
[TRAIN] Step 244/400 | 22:26:10
[TRAIN] Step 244 | Loss=2.421433 | Best makespan in group=357.00
[TRAIN] Step 245/400 | 22:26:15
[TRAIN] Step 245 | Loss=0.000101 | Best makespan in group=533.00
[TRAIN] Step 246/400 | 22:26:19
[TRAIN] Step 246 | Loss=0.235059 | Best makespan in group=592.00
[TRAIN] Step 247/400 | 22:26:24
[TRAIN] Step 247 | Loss=0.000049 | Best makespan in group=320.00
[TRAIN] Step 248/400 | 22:26:28
[TRAIN] Step 248 | Loss=0.606282 | Best makespan in group=344.00
[TRAIN] Step 249/400 | 22:26:32
[TRAIN] Step 249 | Loss=0.348373 | Best makespan in group=378.00
[TRAIN] Step 250/400 | 22:26:37
[TRAIN] Step 250 | Loss=0.000000 | Best makespan in group=536.00
[TRAIN][VAL][ep 250] avg_gap=0.1391 | std_gap=0.0803 | q80_gap=0.1938 | n=40
[TRAIN] Validation improved | smoothed_avg_gap=0.1541 (raw=0.1391) | saving candidate: 757678727991655.pth
[TRAIN] Step 251/400 | 22:26:53
[TRAIN] Step 251 | Loss=0.277908 | Best makespan in group=518.00
[TRAIN] Step 252/400 | 22:26:59
[TRAIN] Step 252 | Loss=2.601470 | Best makespan in group=385.00
[TRAIN] Step 253/400 | 22:27:05
[TRAIN] Step 253 | Loss=0.326708 | Best makespan in group=436.00
[TRAIN] Step 254/400 | 22:27:10
[TRAIN] Step 254 | Loss=0.000023 | Best makespan in group=396.00
[TRAIN] Step 255/400 | 22:27:16
[TRAIN] Step 255 | Loss=0.143041 | Best makespan in group=359.00
[TRAIN] Step 256/400 | 22:27:20
[TRAIN] Step 256 | Loss=0.000142 | Best makespan in group=361.00
[TRAIN] Step 257/400 | 22:27:24
[TRAIN] Step 257 | Loss=0.000019 | Best makespan in group=367.00
[TRAIN] Step 258/400 | 22:27:29
[TRAIN] Step 258 | Loss=0.000004 | Best makespan in group=364.00
[TRAIN] Step 259/400 | 22:27:35
[TRAIN] Step 259 | Loss=0.011515 | Best makespan in group=599.00
[TRAIN] Step 260/400 | 22:27:40
[TRAIN] Step 260 | Loss=0.256931 | Best makespan in group=397.00
[TRAIN] Step 261/400 | 22:27:44
[TRAIN] Step 261 | Loss=0.000009 | Best makespan in group=460.00
[TRAIN] Step 262/400 | 22:27:49
[TRAIN] Step 262 | Loss=0.000000 | Best makespan in group=367.00
[TRAIN] Step 263/400 | 22:27:54
[TRAIN] Step 263 | Loss=0.837308 | Best makespan in group=476.00
[TRAIN] Step 264/400 | 22:27:59
[TRAIN] Step 264 | Loss=0.000045 | Best makespan in group=338.00
[TRAIN] Step 265/400 | 22:28:04
[TRAIN] Step 265 | Loss=0.000422 | Best makespan in group=520.00
[TRAIN] Step 266/400 | 22:28:08
[TRAIN] Step 266 | Loss=1.755335 | Best makespan in group=429.00
[TRAIN] Step 267/400 | 22:28:14
[TRAIN] Step 267 | Loss=0.350813 | Best makespan in group=426.00
[TRAIN] Step 268/400 | 22:28:19
[TRAIN] Step 268 | Loss=0.654083 | Best makespan in group=375.00
[TRAIN] Step 269/400 | 22:28:23
[TRAIN] Step 269 | Loss=0.988316 | Best makespan in group=364.00
[TRAIN] Step 270/400 | 22:28:28
[TRAIN] Step 270 | Loss=1.214088 | Best makespan in group=572.00
[TRAIN] Step 271/400 | 22:28:33
[TRAIN] Step 271 | Loss=3.189452 | Best makespan in group=362.00
[TRAIN] Step 272/400 | 22:28:39
[TRAIN] Step 272 | Loss=1.897783 | Best makespan in group=305.00
[TRAIN] Step 273/400 | 22:28:44
[TRAIN] Step 273 | Loss=0.000002 | Best makespan in group=467.00
[TRAIN] Step 274/400 | 22:28:49
[TRAIN] Step 274 | Loss=0.000011 | Best makespan in group=412.00
[TRAIN] Step 275/400 | 22:28:55
[TRAIN] Step 275 | Loss=0.000006 | Best makespan in group=364.00
[TRAIN][VAL][ep 275] avg_gap=0.1310 | std_gap=0.0731 | q80_gap=0.1950 | n=40
[TRAIN] Validation improved | smoothed_avg_gap=0.1379 (raw=0.1310) | saving candidate: 625948962265988.pth
[TRAIN] Step 276/400 | 22:29:12
[TRAIN] Step 276 | Loss=0.695673 | Best makespan in group=404.00
[TRAIN] Step 277/400 | 22:29:18
[TRAIN] Step 277 | Loss=0.234903 | Best makespan in group=363.00
[TRAIN] Step 278/400 | 22:29:22
[TRAIN] Step 278 | Loss=0.000007 | Best makespan in group=387.00
[TRAIN] Step 279/400 | 22:29:28
[TRAIN] Step 279 | Loss=0.484645 | Best makespan in group=374.00
[TRAIN] Step 280/400 | 22:29:32
[TRAIN] Step 280 | Loss=4.323452 | Best makespan in group=375.00
[TRAIN] Step 281/400 | 22:29:36
[TRAIN] Step 281 | Loss=0.000049 | Best makespan in group=579.00
[TRAIN] Step 282/400 | 22:29:41
[TRAIN] Step 282 | Loss=0.000169 | Best makespan in group=316.00
[TRAIN] Step 283/400 | 22:29:45
[TRAIN] Step 283 | Loss=0.001299 | Best makespan in group=520.00
[TRAIN] Step 284/400 | 22:29:50
[TRAIN] Step 284 | Loss=0.009409 | Best makespan in group=355.00
[TRAIN] Step 285/400 | 22:29:54
[TRAIN] Step 285 | Loss=1.992316 | Best makespan in group=345.00
[TRAIN] Step 286/400 | 22:30:00
[TRAIN] Step 286 | Loss=0.000187 | Best makespan in group=618.00
[TRAIN] Step 287/400 | 22:30:05
[TRAIN] Step 287 | Loss=0.000006 | Best makespan in group=322.00
[TRAIN] Step 288/400 | 22:30:09
[TRAIN] Step 288 | Loss=1.772619 | Best makespan in group=439.00
[TRAIN] Step 289/400 | 22:30:13
[TRAIN] Step 289 | Loss=0.198425 | Best makespan in group=536.00
[TRAIN] Step 290/400 | 22:30:18
[TRAIN] Step 290 | Loss=1.824527 | Best makespan in group=344.00
[TRAIN] Step 291/400 | 22:30:22
[TRAIN] Step 291 | Loss=0.000021 | Best makespan in group=322.00
[TRAIN] Step 292/400 | 22:30:26
[TRAIN] Step 292 | Loss=2.343177 | Best makespan in group=435.00
[TRAIN] Step 293/400 | 22:30:31
[TRAIN] Step 293 | Loss=0.000606 | Best makespan in group=394.00
[TRAIN] Step 294/400 | 22:30:37
[TRAIN] Step 294 | Loss=0.000445 | Best makespan in group=486.00
[TRAIN] Step 295/400 | 22:30:42
[TRAIN] Step 295 | Loss=0.000013 | Best makespan in group=426.00
[TRAIN] Step 296/400 | 22:30:49
[TRAIN] Step 296 | Loss=0.019715 | Best makespan in group=359.00
[TRAIN] Step 297/400 | 22:30:53
[TRAIN] Step 297 | Loss=0.010648 | Best makespan in group=315.00
[TRAIN] Step 298/400 | 22:30:58
[TRAIN] Step 298 | Loss=4.085680 | Best makespan in group=478.00
[TRAIN] Step 299/400 | 22:31:03
[TRAIN] Step 299 | Loss=0.000021 | Best makespan in group=374.00
[TRAIN] Step 300/400 | 22:31:08
[TRAIN] Step 300 | Loss=0.055376 | Best makespan in group=597.00
[TRAIN][VAL][ep 300] avg_gap=0.1553 | std_gap=0.0857 | q80_gap=0.2279 | n=40
[TRAIN] Step 301/400 | 22:31:24
[TRAIN] Step 301 | Loss=0.000021 | Best makespan in group=599.00
[TRAIN] Step 302/400 | 22:31:29
[TRAIN] Step 302 | Loss=0.007428 | Best makespan in group=540.00
[TRAIN] Step 303/400 | 22:31:33
[TRAIN] Step 303 | Loss=0.010620 | Best makespan in group=351.00
[TRAIN] Step 304/400 | 22:31:39
[TRAIN] Step 304 | Loss=0.574850 | Best makespan in group=536.00
[TRAIN] Step 305/400 | 22:31:44
[TRAIN] Step 305 | Loss=0.060320 | Best makespan in group=311.00
[TRAIN] Step 306/400 | 22:31:48
[TRAIN] Step 306 | Loss=2.328616 | Best makespan in group=484.00
[TRAIN] Step 307/400 | 22:31:53
[TRAIN] Step 307 | Loss=0.000047 | Best makespan in group=390.00
[TRAIN] Step 308/400 | 22:31:59
[TRAIN] Step 308 | Loss=0.000113 | Best makespan in group=356.00
[TRAIN] Step 309/400 | 22:32:02
[TRAIN] Step 309 | Loss=1.437083 | Best makespan in group=372.00
[TRAIN] Step 310/400 | 22:32:07
[TRAIN] Step 310 | Loss=1.967115 | Best makespan in group=344.00
[TRAIN] Step 311/400 | 22:32:11
[TRAIN] Step 311 | Loss=0.561131 | Best makespan in group=366.00
[TRAIN] Step 312/400 | 22:32:15
[TRAIN] Step 312 | Loss=0.039388 | Best makespan in group=356.00
[TRAIN] Step 313/400 | 22:32:20
[TRAIN] Step 313 | Loss=0.689335 | Best makespan in group=545.00
[TRAIN] Step 314/400 | 22:32:25
[TRAIN] Step 314 | Loss=0.000039 | Best makespan in group=458.00
[TRAIN] Step 315/400 | 22:32:30
[TRAIN] Step 315 | Loss=0.000014 | Best makespan in group=338.00
[TRAIN] Step 316/400 | 22:32:34
[TRAIN] Step 316 | Loss=0.212322 | Best makespan in group=600.00
[TRAIN] Step 317/400 | 22:32:40
[TRAIN] Step 317 | Loss=0.000240 | Best makespan in group=380.00
[TRAIN] Step 318/400 | 22:32:44
[TRAIN] Step 318 | Loss=0.028993 | Best makespan in group=377.00
[TRAIN] Step 319/400 | 22:32:50
[TRAIN] Step 319 | Loss=0.000014 | Best makespan in group=349.00
[TRAIN] Step 320/400 | 22:32:54
[TRAIN] Step 320 | Loss=1.048384 | Best makespan in group=385.00
[TRAIN] Step 321/400 | 22:33:00
[TRAIN] Step 321 | Loss=0.000059 | Best makespan in group=397.00
[TRAIN] Step 322/400 | 22:33:06
[TRAIN] Step 322 | Loss=0.520894 | Best makespan in group=373.00
[TRAIN] Step 323/400 | 22:33:09
[TRAIN] Step 323 | Loss=0.000040 | Best makespan in group=390.00
[TRAIN] Step 324/400 | 22:33:15
[TRAIN] Step 324 | Loss=0.000006 | Best makespan in group=338.00
[TRAIN] Step 325/400 | 22:33:20
[TRAIN] Step 325 | Loss=0.000177 | Best makespan in group=583.00
[TRAIN][VAL][ep 325] avg_gap=0.1382 | std_gap=0.0892 | q80_gap=0.2269 | n=40
[TRAIN] Step 326/400 | 22:33:36
[TRAIN] Step 326 | Loss=0.000036 | Best makespan in group=564.00
[TRAIN] Step 327/400 | 22:33:41
[TRAIN] Step 327 | Loss=0.001631 | Best makespan in group=344.00
[TRAIN] Step 328/400 | 22:33:45
[TRAIN] Step 328 | Loss=1.201279 | Best makespan in group=381.00
[TRAIN] Step 329/400 | 22:33:49
[TRAIN] Step 329 | Loss=2.895786 | Best makespan in group=477.00
[TRAIN] Step 330/400 | 22:33:55
[TRAIN] Step 330 | Loss=0.000208 | Best makespan in group=424.00
[TRAIN] Step 331/400 | 22:34:01
[TRAIN] Step 331 | Loss=0.086628 | Best makespan in group=311.00
[TRAIN] Step 332/400 | 22:34:04
[TRAIN] Step 332 | Loss=0.003891 | Best makespan in group=461.00
[TRAIN] Step 333/400 | 22:34:09
[TRAIN] Step 333 | Loss=2.063965 | Best makespan in group=532.00
[TRAIN] Step 334/400 | 22:34:14
[TRAIN] Step 334 | Loss=0.000024 | Best makespan in group=527.00
[TRAIN] Step 335/400 | 22:34:20
[TRAIN] Step 335 | Loss=0.556324 | Best makespan in group=589.00
[TRAIN] Step 336/400 | 22:34:25
[TRAIN] Step 336 | Loss=0.000010 | Best makespan in group=347.00
[TRAIN] Step 337/400 | 22:34:30
[TRAIN] Step 337 | Loss=0.000133 | Best makespan in group=367.00
[TRAIN] Step 338/400 | 22:34:35
[TRAIN] Step 338 | Loss=0.306503 | Best makespan in group=318.00
[TRAIN] Step 339/400 | 22:34:39
[TRAIN] Step 339 | Loss=1.165715 | Best makespan in group=448.00
[TRAIN] Step 340/400 | 22:34:43
[TRAIN] Step 340 | Loss=0.034843 | Best makespan in group=351.00
[TRAIN] Step 341/400 | 22:34:49
[TRAIN] Step 341 | Loss=2.038949 | Best makespan in group=362.00
[TRAIN] Step 342/400 | 22:34:53
[TRAIN] Step 342 | Loss=0.951502 | Best makespan in group=344.00
[TRAIN] Step 343/400 | 22:34:57
[TRAIN] Step 343 | Loss=0.000712 | Best makespan in group=470.00
[TRAIN] Step 344/400 | 22:35:02
[TRAIN] Step 344 | Loss=1.091520 | Best makespan in group=391.00
[TRAIN] Step 345/400 | 22:35:06
[TRAIN] Step 345 | Loss=0.487257 | Best makespan in group=465.00
[TRAIN] Step 346/400 | 22:35:11
[TRAIN] Step 346 | Loss=1.606665 | Best makespan in group=403.00
[TRAIN] Step 347/400 | 22:35:16
[TRAIN] Step 347 | Loss=0.000109 | Best makespan in group=365.00
[TRAIN] Step 348/400 | 22:35:22
[TRAIN] Step 348 | Loss=0.000426 | Best makespan in group=559.00
[TRAIN] Step 349/400 | 22:35:26
[TRAIN] Step 349 | Loss=0.014818 | Best makespan in group=349.00
[TRAIN] Step 350/400 | 22:35:32
[TRAIN] Step 350 | Loss=0.001507 | Best makespan in group=315.00
[TRAIN][VAL][ep 350] avg_gap=0.1395 | std_gap=0.0759 | q80_gap=0.2104 | n=40
[TRAIN] Step 351/400 | 22:35:49
[TRAIN] Step 351 | Loss=0.063929 | Best makespan in group=336.00
[TRAIN] Step 352/400 | 22:35:54
[TRAIN] Step 352 | Loss=0.417851 | Best makespan in group=339.00
[TRAIN] Step 353/400 | 22:35:58
[TRAIN] Step 353 | Loss=0.000048 | Best makespan in group=470.00
[TRAIN] Step 354/400 | 22:36:03
[TRAIN] Step 354 | Loss=0.862558 | Best makespan in group=350.00
[TRAIN] Step 355/400 | 22:36:08
[TRAIN] Step 355 | Loss=0.484214 | Best makespan in group=338.00
[TRAIN] Step 356/400 | 22:36:13
[TRAIN] Step 356 | Loss=0.284379 | Best makespan in group=343.00
[TRAIN] Step 357/400 | 22:36:18
[TRAIN] Step 357 | Loss=0.309503 | Best makespan in group=597.00
[TRAIN] Step 358/400 | 22:36:24
[TRAIN] Step 358 | Loss=0.000799 | Best makespan in group=490.00
[TRAIN] Step 359/400 | 22:36:29
[TRAIN] Step 359 | Loss=0.149673 | Best makespan in group=367.00
[TRAIN] Step 360/400 | 22:36:32
[TRAIN] Step 360 | Loss=0.118179 | Best makespan in group=361.00
[TRAIN] Step 361/400 | 22:36:37
[TRAIN] Step 361 | Loss=0.000040 | Best makespan in group=366.00
[TRAIN] Step 362/400 | 22:36:43
[TRAIN] Step 362 | Loss=0.069075 | Best makespan in group=569.00
[TRAIN] Step 363/400 | 22:36:47
[TRAIN] Step 363 | Loss=0.000345 | Best makespan in group=458.00
[TRAIN] Step 364/400 | 22:36:53
[TRAIN] Step 364 | Loss=0.113375 | Best makespan in group=314.00
[TRAIN] Step 365/400 | 22:36:58
[TRAIN] Step 365 | Loss=0.100792 | Best makespan in group=476.00
[TRAIN] Step 366/400 | 22:37:03
[TRAIN] Step 366 | Loss=1.314823 | Best makespan in group=396.00
[TRAIN] Step 367/400 | 22:37:09
[TRAIN] Step 367 | Loss=0.420624 | Best makespan in group=451.00
[TRAIN] Step 368/400 | 22:37:14
[TRAIN] Step 368 | Loss=0.183687 | Best makespan in group=400.00
[TRAIN] Step 369/400 | 22:37:20
[TRAIN] Step 369 | Loss=0.377277 | Best makespan in group=376.00
[TRAIN] Step 370/400 | 22:37:24
[TRAIN] Step 370 | Loss=0.000997 | Best makespan in group=414.00
[TRAIN] Step 371/400 | 22:37:30
[TRAIN] Step 371 | Loss=1.065690 | Best makespan in group=344.00
[TRAIN] Step 372/400 | 22:37:33
[TRAIN] Step 372 | Loss=3.303470 | Best makespan in group=601.00
[TRAIN] Step 373/400 | 22:37:38
[TRAIN] Step 373 | Loss=0.618898 | Best makespan in group=552.00
[TRAIN] Step 374/400 | 22:37:44
[TRAIN] Step 374 | Loss=0.010842 | Best makespan in group=384.00
[TRAIN] Step 375/400 | 22:37:48
[TRAIN] Step 375 | Loss=0.004212 | Best makespan in group=347.00
[TRAIN][VAL][ep 375] avg_gap=0.1491 | std_gap=0.0941 | q80_gap=0.2446 | n=40
[TRAIN] Step 376/400 | 22:38:04
[TRAIN] Step 376 | Loss=0.011167 | Best makespan in group=397.00
[TRAIN] Step 377/400 | 22:38:08
[TRAIN] Step 377 | Loss=0.142272 | Best makespan in group=535.00
[TRAIN] Step 378/400 | 22:38:14
[TRAIN] Step 378 | Loss=0.000166 | Best makespan in group=433.00
[TRAIN] Step 379/400 | 22:38:20
[TRAIN] Step 379 | Loss=0.000567 | Best makespan in group=566.00
[TRAIN] Step 380/400 | 22:38:23
[TRAIN] Step 380 | Loss=0.147380 | Best makespan in group=311.00
[TRAIN] Step 381/400 | 22:38:27
[TRAIN] Step 381 | Loss=0.800628 | Best makespan in group=578.00
[TRAIN] Step 382/400 | 22:38:32
[TRAIN] Step 382 | Loss=1.930425 | Best makespan in group=352.00
[TRAIN] Step 383/400 | 22:38:38
[TRAIN] Step 383 | Loss=0.772037 | Best makespan in group=438.00
[TRAIN] Step 384/400 | 22:38:44
[TRAIN] Step 384 | Loss=0.283950 | Best makespan in group=404.00
[TRAIN] Step 385/400 | 22:38:49
[TRAIN] Step 385 | Loss=0.000339 | Best makespan in group=316.00
[TRAIN] Step 386/400 | 22:38:53
[TRAIN] Step 386 | Loss=0.004036 | Best makespan in group=476.00
[TRAIN] Step 387/400 | 22:38:58
[TRAIN] Step 387 | Loss=0.978755 | Best makespan in group=403.00
[TRAIN] Step 388/400 | 22:39:02
[TRAIN] Step 388 | Loss=0.736181 | Best makespan in group=377.00
[TRAIN] Step 389/400 | 22:39:07
[TRAIN] Step 389 | Loss=0.001224 | Best makespan in group=458.00
[TRAIN] Step 390/400 | 22:39:11
[TRAIN] Step 390 | Loss=0.608620 | Best makespan in group=451.00
[TRAIN] Step 391/400 | 22:39:17
[TRAIN] Step 391 | Loss=0.000904 | Best makespan in group=372.00
[TRAIN] Step 392/400 | 22:39:22
[TRAIN] Step 392 | Loss=1.563716 | Best makespan in group=361.00
[TRAIN] Step 393/400 | 22:39:27
[TRAIN] Step 393 | Loss=0.000504 | Best makespan in group=381.00
[TRAIN] Step 394/400 | 22:39:31
[TRAIN] Step 394 | Loss=0.000860 | Best makespan in group=601.00
[TRAIN] Step 395/400 | 22:39:37
[TRAIN] Step 395 | Loss=0.000131 | Best makespan in group=528.00
[TRAIN] Step 396/400 | 22:39:42
[TRAIN] Step 396 | Loss=2.755432 | Best makespan in group=389.00
[TRAIN] Step 397/400 | 22:39:47
[TRAIN] Step 397 | Loss=0.259953 | Best makespan in group=518.00
[TRAIN] Step 398/400 | 22:39:53
[TRAIN] Step 398 | Loss=0.253141 | Best makespan in group=609.00
[TRAIN] Step 399/400 | 22:39:58
[TRAIN] Step 399 | Loss=0.001232 | Best makespan in group=344.00
[TRAIN] Step 400/400 | 22:40:02
[TRAIN] Step 400 | Loss=0.844845 | Best makespan in group=455.00
[TRAIN] Refreshing training instances (step 400)...
[TRAIN][VAL][ep 400] avg_gap=0.1260 | std_gap=0.0687 | q80_gap=0.1767 | n=40
[TRAIN] Evaluating best checkpoint (candidate_models/625948962265988.pth) on the held-out test split...
[TRAIN][TEST] avg_gap=0.1228 | std_gap=0.0643 | q80_gap=0.1661 | n=40
[TRAIN][22:40:30] Training ended. Validation history and plots updated.
