D:\Dissertação\dissertation-bopo_introduction\venv\Lib\site-packages\torch\jit\_script.py:1485: FutureWarning: `torch.jit.script` is not supported in Python 3.14+ and may break. Please switch to `torch.compile` or `torch.export`.
  warnings.warn(
============================================================
[TRAIN] Training started at: 2026-09-21 22:40:54
[TRAIN] Hyperparams | max_steps=400 | new_freq=200
[TRAIN]             | n_cases=30 | B=32 | K=10 | use_greedy=True | lr=0.0005 (decaying to 1.00e-04)
[TRAIN]             | warm_start_steps=200 | checkpoint_smooth_window=3 | seed=43
[TRAIN]             | hidden_channels=128 | num_layers=2 | heads=3
[TRAIN] Representation | ojm | GNN | gat
[TRAIN] Problem size | jobs=[8,10] | machines=[5,10] | ops_per_job=[5,6] | max_proc=100
============================================================
[TRAIN] Output run folder: results\reseed_ojm_gat_s43
[TRAIN] Validation config | every=25 steps | instances=40 (representative subset)
[TRAIN] Warm-start (behavior cloning vs. dispatch heuristic) | 200 step(s)...
[TRAIN][WARMSTART] step 10/200 | instance=2 | bc_loss=1.9754 | decisions=44
[TRAIN][WARMSTART] step 20/200 | instance=27 | bc_loss=1.8756 | decisions=50
[TRAIN][WARMSTART] step 30/200 | instance=15 | bc_loss=1.8004 | decisions=48
[TRAIN][WARMSTART] step 40/200 | instance=1 | bc_loss=1.8749 | decisions=53
[TRAIN][WARMSTART] step 50/200 | instance=3 | bc_loss=1.8618 | decisions=50
[TRAIN][WARMSTART] step 60/200 | instance=9 | bc_loss=1.8615 | decisions=45
[TRAIN][WARMSTART] step 70/200 | instance=20 | bc_loss=1.8336 | decisions=49
[TRAIN][WARMSTART] step 80/200 | instance=2 | bc_loss=1.7236 | decisions=44
[TRAIN][WARMSTART] step 90/200 | instance=8 | bc_loss=1.8627 | decisions=51
[TRAIN][WARMSTART] step 100/200 | instance=18 | bc_loss=1.7706 | decisions=44
[TRAIN][WARMSTART] step 110/200 | instance=15 | bc_loss=1.6001 | decisions=48
[TRAIN][WARMSTART] step 120/200 | instance=3 | bc_loss=1.7183 | decisions=50
[TRAIN][WARMSTART] step 130/200 | instance=26 | bc_loss=1.7525 | decisions=50
[TRAIN][WARMSTART] step 140/200 | instance=8 | bc_loss=1.7615 | decisions=51
[TRAIN][WARMSTART] step 150/200 | instance=17 | bc_loss=1.4328 | decisions=43
[TRAIN][WARMSTART] step 160/200 | instance=7 | bc_loss=1.5223 | decisions=52
[TRAIN][WARMSTART] step 170/200 | instance=18 | bc_loss=1.5949 | decisions=44
[TRAIN][WARMSTART] step 180/200 | instance=27 | bc_loss=1.7505 | decisions=50
[TRAIN][WARMSTART] step 190/200 | instance=1 | bc_loss=1.5915 | decisions=53
[TRAIN][WARMSTART] step 200/200 | instance=6 | bc_loss=1.6030 | decisions=43
[TRAIN] Warm-start complete, switching to BOPO preference optimization.
------------------------------------------------------------
[TRAIN] BOPO agent ready. Starting training loop for 400 step(s)...
------------------------------------------------------------
[TRAIN] Step 1/400 | 22:44:57
[TRAIN] Step 1 | Loss=11.170239 | Best makespan in group=491.00
[TRAIN] Step 2/400 | 22:45:13
[TRAIN] Step 2 | Loss=10.600062 | Best makespan in group=376.00
[TRAIN] Step 3/400 | 22:45:33
[TRAIN] Step 3 | Loss=10.035870 | Best makespan in group=488.00
[TRAIN] Step 4/400 | 22:45:46
[TRAIN] Step 4 | Loss=3.383848 | Best makespan in group=364.00
[TRAIN] Step 5/400 | 22:46:06
[TRAIN] Step 5 | Loss=9.475895 | Best makespan in group=510.00
[TRAIN] Step 6/400 | 22:46:21
[TRAIN] Step 6 | Loss=9.190425 | Best makespan in group=550.00
[TRAIN] Step 7/400 | 22:46:39
[TRAIN] Step 7 | Loss=7.574777 | Best makespan in group=399.00
[TRAIN] Step 8/400 | 22:46:59
[TRAIN] Step 8 | Loss=5.884010 | Best makespan in group=339.00
[TRAIN] Step 9/400 | 22:47:18
[TRAIN] Step 9 | Loss=0.000000 | Best makespan in group=511.00
[TRAIN] Step 10/400 | 22:47:38
[TRAIN] Step 10 | Loss=7.413584 | Best makespan in group=499.00
[TRAIN] Step 11/400 | 22:47:50
[TRAIN] Step 11 | Loss=2.854163 | Best makespan in group=386.00
[TRAIN] Step 12/400 | 22:48:06
[TRAIN] Step 12 | Loss=3.342320 | Best makespan in group=409.00
[TRAIN] Step 13/400 | 22:48:20
[TRAIN] Step 13 | Loss=0.967695 | Best makespan in group=359.00
[TRAIN] Step 14/400 | 22:48:40
[TRAIN] Step 14 | Loss=3.248292 | Best makespan in group=398.00
[TRAIN] Step 15/400 | 22:48:57
[TRAIN] Step 15 | Loss=0.424900 | Best makespan in group=396.00
[TRAIN] Step 16/400 | 22:49:17
[TRAIN] Step 16 | Loss=0.215947 | Best makespan in group=286.00
[TRAIN] Step 17/400 | 22:49:33
[TRAIN] Step 17 | Loss=1.510853 | Best makespan in group=483.00
[TRAIN] Step 18/400 | 22:49:46
[TRAIN] Step 18 | Loss=2.437105 | Best makespan in group=433.00
[TRAIN] Step 19/400 | 22:50:02
[TRAIN] Step 19 | Loss=0.718929 | Best makespan in group=342.00
[TRAIN] Step 20/400 | 22:50:19
[TRAIN] Step 20 | Loss=0.000180 | Best makespan in group=371.00
[TRAIN] Step 21/400 | 22:50:36
[TRAIN] Step 21 | Loss=0.000000 | Best makespan in group=517.00
[TRAIN] Step 22/400 | 22:50:51
[TRAIN] Step 22 | Loss=-0.000000 | Best makespan in group=458.00
[TRAIN] Step 23/400 | 22:51:08
[TRAIN] Step 23 | Loss=5.121393 | Best makespan in group=540.00
[TRAIN] Step 24/400 | 22:51:23
[TRAIN] Step 24 | Loss=0.041317 | Best makespan in group=538.00
[TRAIN] Step 25/400 | 22:51:40
[TRAIN] Step 25 | Loss=0.000309 | Best makespan in group=544.00
[TRAIN][VAL][ep 25] avg_gap=0.1148 | std_gap=0.0624 | q80_gap=0.1792 | n=40
[TRAIN] Validation improved | smoothed_avg_gap=0.1148 (raw=0.1148) | saving candidate: 687740510499227.pth
[TRAIN] Step 26/400 | 22:52:51
[TRAIN] Step 26 | Loss=0.250196 | Best makespan in group=361.00
[TRAIN] Step 27/400 | 22:53:05
[TRAIN] Step 27 | Loss=0.019183 | Best makespan in group=418.00
[TRAIN] Step 28/400 | 22:53:22
[TRAIN] Step 28 | Loss=0.604480 | Best makespan in group=402.00
[TRAIN] Step 29/400 | 22:53:46
[TRAIN] Step 29 | Loss=0.105423 | Best makespan in group=518.00
[TRAIN] Step 30/400 | 22:54:05
[TRAIN] Step 30 | Loss=13.606927 | Best makespan in group=648.00
[TRAIN] Step 31/400 | 22:54:20
[TRAIN] Step 31 | Loss=-0.000000 | Best makespan in group=431.00
[TRAIN] Step 32/400 | 22:54:36
[TRAIN] Step 32 | Loss=0.000000 | Best makespan in group=443.00
[TRAIN] Step 33/400 | 22:54:51
[TRAIN] Step 33 | Loss=1.525815 | Best makespan in group=513.00
[TRAIN] Step 34/400 | 22:55:06
[TRAIN] Step 34 | Loss=5.798348 | Best makespan in group=365.00
[TRAIN] Step 35/400 | 22:55:20
[TRAIN] Step 35 | Loss=3.285334 | Best makespan in group=404.00
[TRAIN] Step 36/400 | 22:55:44
[TRAIN] Step 36 | Loss=-0.000000 | Best makespan in group=468.00
[TRAIN] Step 37/400 | 22:56:04
[TRAIN] Step 37 | Loss=0.003866 | Best makespan in group=342.00
[TRAIN] Step 38/400 | 22:56:20
[TRAIN] Step 38 | Loss=4.787114 | Best makespan in group=381.00
[TRAIN] Step 39/400 | 22:56:36
[TRAIN] Step 39 | Loss=0.977606 | Best makespan in group=378.00
[TRAIN] Step 40/400 | 22:56:52
[TRAIN] Step 40 | Loss=0.000643 | Best makespan in group=284.00
[TRAIN] Step 41/400 | 22:57:09
[TRAIN] Step 41 | Loss=-0.000000 | Best makespan in group=344.00
[TRAIN] Step 42/400 | 22:57:29
[TRAIN] Step 42 | Loss=-0.000000 | Best makespan in group=517.00
[TRAIN] Step 43/400 | 22:57:47
[TRAIN] Step 43 | Loss=0.671575 | Best makespan in group=450.00
[TRAIN] Step 44/400 | 22:58:04
[TRAIN] Step 44 | Loss=-0.000000 | Best makespan in group=526.00
[TRAIN] Step 45/400 | 22:58:21
[TRAIN] Step 45 | Loss=-0.000000 | Best makespan in group=475.00
[TRAIN] Step 46/400 | 22:58:33
[TRAIN] Step 46 | Loss=0.546952 | Best makespan in group=437.00
[TRAIN] Step 47/400 | 22:58:47
[TRAIN] Step 47 | Loss=0.000006 | Best makespan in group=488.00
[TRAIN] Step 48/400 | 22:59:00
[TRAIN] Step 48 | Loss=5.827468 | Best makespan in group=661.00
[TRAIN] Step 49/400 | 22:59:14
[TRAIN] Step 49 | Loss=0.292505 | Best makespan in group=486.00
[TRAIN] Step 50/400 | 22:59:32
[TRAIN] Step 50 | Loss=0.000255 | Best makespan in group=371.00
[TRAIN][VAL][ep 50] avg_gap=0.1295 | std_gap=0.0632 | q80_gap=0.1621 | n=40
[TRAIN] Step 51/400 | 23:00:39
[TRAIN] Step 51 | Loss=-0.000000 | Best makespan in group=452.00
[TRAIN] Step 52/400 | 23:00:56
[TRAIN] Step 52 | Loss=0.000016 | Best makespan in group=322.00
[TRAIN] Step 53/400 | 23:01:16
[TRAIN] Step 53 | Loss=0.005956 | Best makespan in group=444.00
[TRAIN] Step 54/400 | 23:01:32
[TRAIN] Step 54 | Loss=0.716552 | Best makespan in group=495.00
[TRAIN] Step 55/400 | 23:01:45
[TRAIN] Step 55 | Loss=-0.000000 | Best makespan in group=379.00
[TRAIN] Step 56/400 | 23:02:04
[TRAIN] Step 56 | Loss=8.260934 | Best makespan in group=353.00
[TRAIN] Step 57/400 | 23:02:25
[TRAIN] Step 57 | Loss=0.007097 | Best makespan in group=371.00
[TRAIN] Step 58/400 | 23:02:45
[TRAIN] Step 58 | Loss=1.038326 | Best makespan in group=341.00
[TRAIN] Step 59/400 | 23:03:05
[TRAIN] Step 59 | Loss=0.002836 | Best makespan in group=532.00
[TRAIN] Step 60/400 | 23:03:20
[TRAIN] Step 60 | Loss=-0.000000 | Best makespan in group=552.00
[TRAIN] Step 61/400 | 23:03:40
[TRAIN] Step 61 | Loss=1.259434 | Best makespan in group=318.00
[TRAIN] Step 62/400 | 23:03:59
[TRAIN] Step 62 | Loss=0.000002 | Best makespan in group=460.00
[TRAIN] Step 63/400 | 23:04:12
[TRAIN] Step 63 | Loss=0.699413 | Best makespan in group=515.00
[TRAIN] Step 64/400 | 23:04:24
[TRAIN] Step 64 | Loss=2.195333 | Best makespan in group=403.00
[TRAIN] Step 65/400 | 23:04:41
[TRAIN] Step 65 | Loss=0.532315 | Best makespan in group=448.00
[TRAIN] Step 66/400 | 23:04:57
[TRAIN] Step 66 | Loss=3.045298 | Best makespan in group=517.00
[TRAIN] Step 67/400 | 23:05:11
[TRAIN] Step 67 | Loss=0.426204 | Best makespan in group=418.00
[TRAIN] Step 68/400 | 23:05:25
[TRAIN] Step 68 | Loss=0.752169 | Best makespan in group=354.00
[TRAIN] Step 69/400 | 23:05:41
[TRAIN] Step 69 | Loss=5.620437 | Best makespan in group=345.00
[TRAIN] Step 70/400 | 23:06:00
[TRAIN] Step 70 | Loss=0.467672 | Best makespan in group=353.00
[TRAIN] Step 71/400 | 23:06:21
[TRAIN] Step 71 | Loss=0.000001 | Best makespan in group=469.00
[TRAIN] Step 72/400 | 23:06:34
[TRAIN] Step 72 | Loss=-0.000000 | Best makespan in group=520.00
[TRAIN] Step 73/400 | 23:06:54
[TRAIN] Step 73 | Loss=0.000090 | Best makespan in group=371.00
[TRAIN] Step 74/400 | 23:07:12
[TRAIN] Step 74 | Loss=0.927166 | Best makespan in group=472.00
[TRAIN] Step 75/400 | 23:07:31
[TRAIN] Step 75 | Loss=1.080644 | Best makespan in group=660.00
[TRAIN][VAL][ep 75] avg_gap=0.1116 | std_gap=0.0680 | q80_gap=0.1436 | n=40
[TRAIN] Step 76/400 | 23:08:35
[TRAIN] Step 76 | Loss=0.000000 | Best makespan in group=360.00
[TRAIN] Step 77/400 | 23:08:49
[TRAIN] Step 77 | Loss=0.180741 | Best makespan in group=454.00
[TRAIN] Step 78/400 | 23:09:06
[TRAIN] Step 78 | Loss=0.000005 | Best makespan in group=342.00
[TRAIN] Step 79/400 | 23:09:22
[TRAIN] Step 79 | Loss=0.000000 | Best makespan in group=393.00
[TRAIN] Step 80/400 | 23:09:42
[TRAIN] Step 80 | Loss=-0.000000 | Best makespan in group=550.00
[TRAIN] Step 81/400 | 23:09:57
[TRAIN] Step 81 | Loss=0.000008 | Best makespan in group=432.00
[TRAIN] Step 82/400 | 23:10:13
[TRAIN] Step 82 | Loss=0.206426 | Best makespan in group=552.00
[TRAIN] Step 83/400 | 23:10:31
[TRAIN] Step 83 | Loss=-0.000000 | Best makespan in group=363.00
[TRAIN] Step 84/400 | 23:10:50
[TRAIN] Step 84 | Loss=1.023869 | Best makespan in group=401.00
[TRAIN] Step 85/400 | 23:11:14
[TRAIN] Step 85 | Loss=0.000001 | Best makespan in group=485.00
[TRAIN] Step 86/400 | 23:11:32
[TRAIN] Step 86 | Loss=0.000003 | Best makespan in group=455.00
[TRAIN] Step 87/400 | 23:11:48
[TRAIN] Step 87 | Loss=0.000051 | Best makespan in group=283.00
[TRAIN] Step 88/400 | 23:12:04
[TRAIN] Step 88 | Loss=0.000012 | Best makespan in group=344.00
[TRAIN] Step 89/400 | 23:12:25
[TRAIN] Step 89 | Loss=-0.000000 | Best makespan in group=437.00
[TRAIN] Step 90/400 | 23:12:44
[TRAIN] Step 90 | Loss=0.000359 | Best makespan in group=509.00
[TRAIN] Step 91/400 | 23:13:02
[TRAIN] Step 91 | Loss=0.481303 | Best makespan in group=385.00
[TRAIN] Step 92/400 | 23:13:18
[TRAIN] Step 92 | Loss=0.000000 | Best makespan in group=527.00
[TRAIN] Step 93/400 | 23:13:39
[TRAIN] Step 93 | Loss=0.000005 | Best makespan in group=329.00
[TRAIN] Step 94/400 | 23:13:59
[TRAIN] Step 94 | Loss=-0.000000 | Best makespan in group=498.00
[TRAIN] Step 95/400 | 23:14:12
[TRAIN] Step 95 | Loss=0.000001 | Best makespan in group=377.00
[TRAIN] Step 96/400 | 23:14:26
[TRAIN] Step 96 | Loss=0.442402 | Best makespan in group=535.00
[TRAIN] Step 97/400 | 23:14:43
[TRAIN] Step 97 | Loss=0.000016 | Best makespan in group=371.00
[TRAIN] Step 98/400 | 23:15:01
[TRAIN] Step 98 | Loss=2.449793 | Best makespan in group=503.00
[TRAIN] Step 99/400 | 23:15:19
[TRAIN] Step 99 | Loss=0.000000 | Best makespan in group=370.00
[TRAIN] Step 100/400 | 23:15:36
[TRAIN] Step 100 | Loss=0.048360 | Best makespan in group=624.00
[TRAIN][VAL][ep 100] avg_gap=0.1048 | std_gap=0.0550 | q80_gap=0.1399 | n=40
[TRAIN] Step 101/400 | 23:16:41
[TRAIN] Step 101 | Loss=4.984552 | Best makespan in group=440.00
[TRAIN] Step 102/400 | 23:16:53
[TRAIN] Step 102 | Loss=-0.000000 | Best makespan in group=489.00
[TRAIN] Step 103/400 | 23:17:11
[TRAIN] Step 103 | Loss=0.347059 | Best makespan in group=495.00
[TRAIN] Step 104/400 | 23:17:25
[TRAIN] Step 104 | Loss=0.000001 | Best makespan in group=477.00
[TRAIN] Step 105/400 | 23:17:38
[TRAIN] Step 105 | Loss=0.000001 | Best makespan in group=443.00
[TRAIN] Step 106/400 | 23:17:53
[TRAIN] Step 106 | Loss=0.004229 | Best makespan in group=449.00
[TRAIN] Step 107/400 | 23:18:10
[TRAIN] Step 107 | Loss=0.352419 | Best makespan in group=478.00
[TRAIN] Step 108/400 | 23:18:27
[TRAIN] Step 108 | Loss=-0.000000 | Best makespan in group=516.00
[TRAIN] Step 109/400 | 23:18:42
[TRAIN] Step 109 | Loss=0.720409 | Best makespan in group=372.00
[TRAIN] Step 110/400 | 23:19:02
[TRAIN] Step 110 | Loss=0.000010 | Best makespan in group=344.00
[TRAIN] Step 111/400 | 23:19:23
[TRAIN] Step 111 | Loss=0.000001 | Best makespan in group=353.00
[TRAIN] Step 112/400 | 23:19:44
[TRAIN] Step 112 | Loss=-0.000000 | Best makespan in group=357.00
[TRAIN] Step 113/400 | 23:20:03
[TRAIN] Step 113 | Loss=1.126725 | Best makespan in group=455.00
[TRAIN] Step 114/400 | 23:20:19
[TRAIN] Step 114 | Loss=0.000002 | Best makespan in group=342.00
[TRAIN] Step 115/400 | 23:20:35
[TRAIN] Step 115 | Loss=0.000030 | Best makespan in group=318.00
[TRAIN] Step 116/400 | 23:20:55
[TRAIN] Step 116 | Loss=-0.000000 | Best makespan in group=488.00
[TRAIN] Step 117/400 | 23:21:14
[TRAIN] Step 117 | Loss=0.075653 | Best makespan in group=279.00
[TRAIN] Step 118/400 | 23:21:30
[TRAIN] Step 118 | Loss=0.621925 | Best makespan in group=414.00
[TRAIN] Step 119/400 | 23:21:55
[TRAIN] Step 119 | Loss=-0.000000 | Best makespan in group=446.00
[TRAIN] Step 120/400 | 23:22:11
[TRAIN] Step 120 | Loss=2.749240 | Best makespan in group=444.00
[TRAIN] Step 121/400 | 23:22:25
[TRAIN] Step 121 | Loss=0.207388 | Best makespan in group=512.00
[TRAIN] Step 122/400 | 23:22:43
[TRAIN] Step 122 | Loss=0.000000 | Best makespan in group=505.00
[TRAIN] Step 123/400 | 23:23:02
[TRAIN] Step 123 | Loss=0.504882 | Best makespan in group=353.00
[TRAIN] Step 124/400 | 23:23:23
[TRAIN] Step 124 | Loss=0.511304 | Best makespan in group=481.00
[TRAIN] Step 125/400 | 23:23:36
[TRAIN] Step 125 | Loss=0.000000 | Best makespan in group=536.00
[TRAIN][VAL][ep 125] avg_gap=0.1046 | std_gap=0.0656 | q80_gap=0.1279 | n=40
[TRAIN] Validation improved | smoothed_avg_gap=0.1070 (raw=0.1046) | saving candidate: 575874538952816.pth
[TRAIN] Step 126/400 | 23:24:47
[TRAIN] Step 126 | Loss=1.324546 | Best makespan in group=504.00
[TRAIN] Step 127/400 | 23:25:00
[TRAIN] Step 127 | Loss=1.818537 | Best makespan in group=415.00
[TRAIN] Step 128/400 | 23:25:24
[TRAIN] Step 128 | Loss=0.070322 | Best makespan in group=375.00
[TRAIN] Step 129/400 | 23:25:38
[TRAIN] Step 129 | Loss=0.000002 | Best makespan in group=448.00
[TRAIN] Step 130/400 | 23:25:56
[TRAIN] Step 130 | Loss=0.894222 | Best makespan in group=605.00
[TRAIN] Step 131/400 | 23:26:11
[TRAIN] Step 131 | Loss=2.908734 | Best makespan in group=518.00
[TRAIN] Step 132/400 | 23:26:25
[TRAIN] Step 132 | Loss=0.000009 | Best makespan in group=382.00
[TRAIN] Step 133/400 | 23:26:45
[TRAIN] Step 133 | Loss=-0.000000 | Best makespan in group=435.00
[TRAIN] Step 134/400 | 23:27:01
[TRAIN] Step 134 | Loss=0.000001 | Best makespan in group=394.00
[TRAIN] Step 135/400 | 23:27:21
[TRAIN] Step 135 | Loss=0.000236 | Best makespan in group=371.00
[TRAIN] Step 136/400 | 23:27:39
[TRAIN] Step 136 | Loss=0.000003 | Best makespan in group=395.00
[TRAIN] Step 137/400 | 23:27:55
[TRAIN] Step 137 | Loss=0.000249 | Best makespan in group=369.00
[TRAIN] Step 138/400 | 23:28:11
[TRAIN] Step 138 | Loss=-0.000000 | Best makespan in group=460.00
[TRAIN] Step 139/400 | 23:28:31
[TRAIN] Step 139 | Loss=0.037313 | Best makespan in group=477.00
[TRAIN] Step 140/400 | 23:28:47
[TRAIN] Step 140 | Loss=0.063673 | Best makespan in group=457.00
[TRAIN] Step 141/400 | 23:29:03
[TRAIN] Step 141 | Loss=0.213092 | Best makespan in group=288.00
[TRAIN] Step 142/400 | 23:29:19
[TRAIN] Step 142 | Loss=2.285029 | Best makespan in group=551.00
[TRAIN] Step 143/400 | 23:29:36
[TRAIN] Step 143 | Loss=0.000062 | Best makespan in group=446.00
[TRAIN] Step 144/400 | 23:29:49
[TRAIN] Step 144 | Loss=0.000450 | Best makespan in group=423.00
[TRAIN] Step 145/400 | 23:30:03
[TRAIN] Step 145 | Loss=0.000001 | Best makespan in group=342.00
[TRAIN] Step 146/400 | 23:30:19
[TRAIN] Step 146 | Loss=0.226964 | Best makespan in group=425.00
[TRAIN] Step 147/400 | 23:30:36
[TRAIN] Step 147 | Loss=0.000013 | Best makespan in group=318.00
[TRAIN] Step 148/400 | 23:30:55
[TRAIN] Step 148 | Loss=0.232926 | Best makespan in group=352.00
[TRAIN] Step 149/400 | 23:31:16
[TRAIN] Step 149 | Loss=0.000001 | Best makespan in group=540.00
[TRAIN] Step 150/400 | 23:31:30
[TRAIN] Step 150 | Loss=0.000005 | Best makespan in group=349.00
[TRAIN][VAL][ep 150] avg_gap=0.1045 | std_gap=0.0546 | q80_gap=0.1310 | n=40
[TRAIN] Validation improved | smoothed_avg_gap=0.1047 (raw=0.1045) | saving candidate: 32875696342845.pth
[TRAIN] Step 151/400 | 23:32:41
[TRAIN] Step 151 | Loss=0.000238 | Best makespan in group=371.00
[TRAIN] Step 152/400 | 23:32:59
[TRAIN] Step 152 | Loss=0.000002 | Best makespan in group=318.00
[TRAIN] Step 153/400 | 23:33:19
[TRAIN] Step 153 | Loss=0.250871 | Best makespan in group=356.00
[TRAIN] Step 154/400 | 23:33:35
[TRAIN] Step 154 | Loss=0.000007 | Best makespan in group=503.00
[TRAIN] Step 155/400 | 23:33:53
[TRAIN] Step 155 | Loss=0.000001 | Best makespan in group=544.00
[TRAIN] Step 156/400 | 23:34:13
[TRAIN] Step 156 | Loss=0.000001 | Best makespan in group=645.00
[TRAIN] Step 157/400 | 23:34:29
[TRAIN] Step 157 | Loss=0.010552 | Best makespan in group=437.00
[TRAIN] Step 158/400 | 23:34:45
[TRAIN] Step 158 | Loss=0.000038 | Best makespan in group=438.00
[TRAIN] Step 159/400 | 23:35:01
[TRAIN] Step 159 | Loss=0.956381 | Best makespan in group=353.00
[TRAIN] Step 160/400 | 23:35:22
[TRAIN] Step 160 | Loss=-0.000000 | Best makespan in group=382.00
[TRAIN] Step 161/400 | 23:35:41
[TRAIN] Step 161 | Loss=0.000001 | Best makespan in group=479.00
[TRAIN] Step 162/400 | 23:35:59
[TRAIN] Step 162 | Loss=0.206911 | Best makespan in group=378.00
[TRAIN] Step 163/400 | 23:36:20
[TRAIN] Step 163 | Loss=0.000018 | Best makespan in group=366.00
[TRAIN] Step 164/400 | 23:36:36
[TRAIN] Step 164 | Loss=0.000026 | Best makespan in group=276.00
[TRAIN] Step 165/400 | 23:36:53
[TRAIN] Step 165 | Loss=0.000001 | Best makespan in group=475.00
[TRAIN] Step 166/400 | 23:37:11
[TRAIN] Step 166 | Loss=0.000035 | Best makespan in group=345.00
[TRAIN] Step 167/400 | 23:37:31
[TRAIN] Step 167 | Loss=0.068693 | Best makespan in group=509.00
[TRAIN] Step 168/400 | 23:37:45
[TRAIN] Step 168 | Loss=0.000099 | Best makespan in group=349.00
[TRAIN] Step 169/400 | 23:38:06
[TRAIN] Step 169 | Loss=0.000000 | Best makespan in group=540.00
[TRAIN] Step 170/400 | 23:38:20
[TRAIN] Step 170 | Loss=0.129801 | Best makespan in group=408.00
[TRAIN] Step 171/400 | 23:38:44
[TRAIN] Step 171 | Loss=0.000001 | Best makespan in group=342.00
[TRAIN] Step 172/400 | 23:39:01
[TRAIN] Step 172 | Loss=0.000039 | Best makespan in group=423.00
[TRAIN] Step 173/400 | 23:39:15
[TRAIN] Step 173 | Loss=0.015867 | Best makespan in group=450.00
[TRAIN] Step 174/400 | 23:39:27
[TRAIN] Step 174 | Loss=-0.000000 | Best makespan in group=530.00
[TRAIN] Step 175/400 | 23:39:44
[TRAIN] Step 175 | Loss=-0.000000 | Best makespan in group=461.00
[TRAIN][VAL][ep 175] avg_gap=0.1030 | std_gap=0.0572 | q80_gap=0.1232 | n=40
[TRAIN] Validation improved | smoothed_avg_gap=0.1041 (raw=0.1030) | saving candidate: 990696617517642.pth
[TRAIN] Step 176/400 | 23:40:48
[TRAIN] Step 176 | Loss=-0.000000 | Best makespan in group=463.00
[TRAIN] Step 177/400 | 23:41:07
[TRAIN] Step 177 | Loss=2.821278 | Best makespan in group=505.00
[TRAIN] Step 178/400 | 23:41:20
[TRAIN] Step 178 | Loss=0.149839 | Best makespan in group=374.00
[TRAIN] Step 179/400 | 23:41:34
[TRAIN] Step 179 | Loss=2.687200 | Best makespan in group=471.00
[TRAIN] Step 180/400 | 23:41:51
[TRAIN] Step 180 | Loss=0.000080 | Best makespan in group=441.00
[TRAIN] Step 181/400 | 23:42:06
[TRAIN] Step 181 | Loss=0.000004 | Best makespan in group=463.00
[TRAIN] Step 182/400 | 23:42:19
[TRAIN] Step 182 | Loss=0.000003 | Best makespan in group=276.00
[TRAIN] Step 183/400 | 23:42:35
[TRAIN] Step 183 | Loss=0.000069 | Best makespan in group=353.00
[TRAIN] Step 184/400 | 23:42:56
[TRAIN] Step 184 | Loss=0.000004 | Best makespan in group=370.00
[TRAIN] Step 185/400 | 23:43:12
[TRAIN] Step 185 | Loss=0.000025 | Best makespan in group=460.00
[TRAIN] Step 186/400 | 23:43:32
[TRAIN] Step 186 | Loss=-0.000000 | Best makespan in group=448.00
[TRAIN] Step 187/400 | 23:43:49
[TRAIN] Step 187 | Loss=0.000000 | Best makespan in group=430.00
[TRAIN] Step 188/400 | 23:44:06
[TRAIN] Step 188 | Loss=0.000398 | Best makespan in group=371.00
[TRAIN] Step 189/400 | 23:44:24
[TRAIN] Step 189 | Loss=0.008332 | Best makespan in group=341.00
[TRAIN] Step 190/400 | 23:44:44
[TRAIN] Step 190 | Loss=0.000005 | Best makespan in group=441.00
[TRAIN] Step 191/400 | 23:44:59
[TRAIN] Step 191 | Loss=0.000950 | Best makespan in group=490.00
[TRAIN] Step 192/400 | 23:45:12
[TRAIN] Step 192 | Loss=0.252361 | Best makespan in group=524.00
[TRAIN] Step 193/400 | 23:45:27
[TRAIN] Step 193 | Loss=0.000000 | Best makespan in group=529.00
[TRAIN] Step 194/400 | 23:45:47
[TRAIN] Step 194 | Loss=0.401610 | Best makespan in group=383.00
[TRAIN] Step 195/400 | 23:46:03
[TRAIN] Step 195 | Loss=1.610114 | Best makespan in group=441.00
[TRAIN] Step 196/400 | 23:46:17
[TRAIN] Step 196 | Loss=0.413397 | Best makespan in group=401.00
[TRAIN] Step 197/400 | 23:46:41
[TRAIN] Step 197 | Loss=0.000000 | Best makespan in group=548.00
[TRAIN] Step 198/400 | 23:46:58
[TRAIN] Step 198 | Loss=0.000001 | Best makespan in group=511.00
[TRAIN] Step 199/400 | 23:47:17
[TRAIN] Step 199 | Loss=0.063070 | Best makespan in group=342.00
[TRAIN] Step 200/400 | 23:47:33
[TRAIN] Step 200 | Loss=0.423256 | Best makespan in group=347.00
[TRAIN] Refreshing training instances (step 200)...
[TRAIN][VAL][ep 200] avg_gap=0.0997 | std_gap=0.0584 | q80_gap=0.1405 | n=40
[TRAIN] Validation improved | smoothed_avg_gap=0.1024 (raw=0.0997) | saving candidate: 77166629933486.pth
[TRAIN] Step 201/400 | 23:48:45
[TRAIN] Step 201 | Loss=0.000499 | Best makespan in group=393.00
[TRAIN] Step 202/400 | 23:48:59
[TRAIN] Step 202 | Loss=-0.000000 | Best makespan in group=474.00
[TRAIN] Step 203/400 | 23:49:18
[TRAIN] Step 203 | Loss=0.954152 | Best makespan in group=430.00
[TRAIN] Step 204/400 | 23:49:36
[TRAIN] Step 204 | Loss=-0.000000 | Best makespan in group=403.00
[TRAIN] Step 205/400 | 23:49:57
[TRAIN] Step 205 | Loss=0.000026 | Best makespan in group=400.00
[TRAIN] Step 206/400 | 23:50:15
[TRAIN] Step 206 | Loss=0.993063 | Best makespan in group=370.00
[TRAIN] Step 207/400 | 23:50:30
[TRAIN] Step 207 | Loss=-0.000000 | Best makespan in group=383.00
[TRAIN] Step 208/400 | 23:50:52
[TRAIN] Step 208 | Loss=0.000001 | Best makespan in group=586.00
[TRAIN] Step 209/400 | 23:51:06
[TRAIN] Step 209 | Loss=0.007221 | Best makespan in group=496.00
[TRAIN] Step 210/400 | 23:51:22
[TRAIN] Step 210 | Loss=0.000002 | Best makespan in group=402.00
[TRAIN] Step 211/400 | 23:51:36
[TRAIN] Step 211 | Loss=1.999471 | Best makespan in group=418.00
[TRAIN] Step 212/400 | 23:51:57
[TRAIN] Step 212 | Loss=-0.000000 | Best makespan in group=573.00
[TRAIN] Step 213/400 | 23:52:11
[TRAIN] Step 213 | Loss=0.146862 | Best makespan in group=527.00
[TRAIN] Step 214/400 | 23:52:27
[TRAIN] Step 214 | Loss=0.011648 | Best makespan in group=533.00
[TRAIN] Step 215/400 | 23:52:45
[TRAIN] Step 215 | Loss=0.022868 | Best makespan in group=421.00
[TRAIN] Step 216/400 | 23:53:08
[TRAIN] Step 216 | Loss=1.126632 | Best makespan in group=503.00
[TRAIN] Step 217/400 | 23:53:22
[TRAIN] Step 217 | Loss=0.328736 | Best makespan in group=430.00
[TRAIN] Step 218/400 | 23:53:41
[TRAIN] Step 218 | Loss=0.000000 | Best makespan in group=283.00
[TRAIN] Step 219/400 | 23:54:00
[TRAIN] Step 219 | Loss=0.655831 | Best makespan in group=338.00
[TRAIN] Step 220/400 | 23:54:16
[TRAIN] Step 220 | Loss=1.706796 | Best makespan in group=509.00
[TRAIN] Step 221/400 | 23:54:29
[TRAIN] Step 221 | Loss=0.000000 | Best makespan in group=407.00
[TRAIN] Step 222/400 | 23:54:50
[TRAIN] Step 222 | Loss=-0.000000 | Best makespan in group=528.00
[TRAIN] Step 223/400 | 23:55:05
[TRAIN] Step 223 | Loss=-0.000000 | Best makespan in group=461.00
[TRAIN] Step 224/400 | 23:55:24
[TRAIN] Step 224 | Loss=0.010989 | Best makespan in group=438.00
[TRAIN] Step 225/400 | 23:55:43
[TRAIN] Step 225 | Loss=0.000024 | Best makespan in group=542.00
[TRAIN][VAL][ep 225] avg_gap=0.1028 | std_gap=0.0573 | q80_gap=0.1230 | n=40
[TRAIN] Validation improved | smoothed_avg_gap=0.1018 (raw=0.1028) | saving candidate: 508395249651032.pth
[TRAIN] Step 226/400 | 23:56:56
[TRAIN] Step 226 | Loss=0.000002 | Best makespan in group=353.00
[TRAIN] Step 227/400 | 23:57:20
[TRAIN] Step 227 | Loss=0.129479 | Best makespan in group=309.00
[TRAIN] Step 228/400 | 23:57:37
[TRAIN] Step 228 | Loss=-0.000000 | Best makespan in group=436.00
[TRAIN] Step 229/400 | 23:57:53
[TRAIN] Step 229 | Loss=-0.000000 | Best makespan in group=575.00
[TRAIN] Step 230/400 | 23:58:10
[TRAIN] Step 230 | Loss=0.680006 | Best makespan in group=565.00
[TRAIN] Step 231/400 | 23:58:27
[TRAIN] Step 231 | Loss=-0.000000 | Best makespan in group=504.00
[TRAIN] Step 232/400 | 23:58:46
[TRAIN] Step 232 | Loss=0.000705 | Best makespan in group=400.00
[TRAIN] Step 233/400 | 23:59:05
[TRAIN] Step 233 | Loss=0.000000 | Best makespan in group=483.00
[TRAIN] Step 234/400 | 23:59:20
[TRAIN] Step 234 | Loss=2.073106 | Best makespan in group=364.00
[TRAIN] Step 235/400 | 23:59:44
[TRAIN] Step 235 | Loss=0.273286 | Best makespan in group=380.00
[TRAIN] Step 236/400 | 23:59:59
[TRAIN] Step 236 | Loss=0.000024 | Best makespan in group=310.00
[TRAIN] Step 237/400 | 00:00:16
[TRAIN] Step 237 | Loss=0.000000 | Best makespan in group=542.00
[TRAIN] Step 238/400 | 00:00:38
[TRAIN] Step 238 | Loss=1.138560 | Best makespan in group=384.00
[TRAIN] Step 239/400 | 00:00:52
[TRAIN] Step 239 | Loss=0.000001 | Best makespan in group=577.00
[TRAIN] Step 240/400 | 00:01:09
[TRAIN] Step 240 | Loss=0.770338 | Best makespan in group=379.00
[TRAIN] Step 241/400 | 00:01:23
[TRAIN] Step 241 | Loss=0.714144 | Best makespan in group=455.00
[TRAIN] Step 242/400 | 00:01:41
[TRAIN] Step 242 | Loss=1.197175 | Best makespan in group=595.00
[TRAIN] Step 243/400 | 00:01:55
[TRAIN] Step 243 | Loss=0.000000 | Best makespan in group=436.00
[TRAIN] Step 244/400 | 00:02:11
[TRAIN] Step 244 | Loss=-0.000000 | Best makespan in group=283.00
[TRAIN] Step 245/400 | 00:02:29
[TRAIN] Step 245 | Loss=0.667227 | Best makespan in group=498.00
[TRAIN] Step 246/400 | 00:02:42
[TRAIN] Step 246 | Loss=-0.000000 | Best makespan in group=530.00
[TRAIN] Step 247/400 | 00:03:00
[TRAIN] Step 247 | Loss=-0.000000 | Best makespan in group=403.00
[TRAIN] Step 248/400 | 00:03:21
[TRAIN] Step 248 | Loss=0.187600 | Best makespan in group=339.00
[TRAIN] Step 249/400 | 00:03:37
[TRAIN] Step 249 | Loss=0.000000 | Best makespan in group=529.00
[TRAIN] Step 250/400 | 00:03:52
[TRAIN] Step 250 | Loss=0.000000 | Best makespan in group=445.00
[TRAIN][VAL][ep 250] avg_gap=0.0969 | std_gap=0.0505 | q80_gap=0.1120 | n=40
[TRAIN] Validation improved | smoothed_avg_gap=0.0998 (raw=0.0969) | saving candidate: 937769980869800.pth
[TRAIN] Step 251/400 | 00:05:02
[TRAIN] Step 251 | Loss=0.000000 | Best makespan in group=407.00
[TRAIN] Step 252/400 | 00:05:25
[TRAIN] Step 252 | Loss=-0.000000 | Best makespan in group=416.00
[TRAIN] Step 253/400 | 00:05:47
[TRAIN] Step 253 | Loss=0.327445 | Best makespan in group=430.00
[TRAIN] Step 254/400 | 00:06:04
[TRAIN] Step 254 | Loss=-0.000000 | Best makespan in group=542.00
[TRAIN] Step 255/400 | 00:06:22
[TRAIN] Step 255 | Loss=0.000033 | Best makespan in group=447.00
[TRAIN] Step 256/400 | 00:06:41
[TRAIN] Step 256 | Loss=0.941061 | Best makespan in group=611.00
[TRAIN] Step 257/400 | 00:06:56
[TRAIN] Step 257 | Loss=0.000000 | Best makespan in group=537.00
[TRAIN] Step 258/400 | 00:07:11
[TRAIN] Step 258 | Loss=0.000000 | Best makespan in group=387.00
[TRAIN] Step 259/400 | 00:07:34
[TRAIN] Step 259 | Loss=-0.000000 | Best makespan in group=410.00
[TRAIN] Step 260/400 | 00:07:55
[TRAIN] Step 260 | Loss=0.669297 | Best makespan in group=525.00
[TRAIN] Step 261/400 | 00:08:09
[TRAIN] Step 261 | Loss=0.000005 | Best makespan in group=350.00
[TRAIN] Step 262/400 | 00:08:34
[TRAIN] Step 262 | Loss=0.000001 | Best makespan in group=487.00
[TRAIN] Step 263/400 | 00:08:49
[TRAIN] Step 263 | Loss=0.530614 | Best makespan in group=415.00
[TRAIN] Step 264/400 | 00:09:11
[TRAIN] Step 264 | Loss=0.164181 | Best makespan in group=445.00
[TRAIN] Step 265/400 | 00:09:30
[TRAIN] Step 265 | Loss=0.044854 | Best makespan in group=594.00
[TRAIN] Step 266/400 | 00:09:44
[TRAIN] Step 266 | Loss=0.000000 | Best makespan in group=479.00
[TRAIN] Step 267/400 | 00:10:00
[TRAIN] Step 267 | Loss=0.329065 | Best makespan in group=374.00
[TRAIN] Step 268/400 | 00:10:23
[TRAIN] Step 268 | Loss=0.000007 | Best makespan in group=385.00
[TRAIN] Step 269/400 | 00:10:38
[TRAIN] Step 269 | Loss=1.207129 | Best makespan in group=580.00
[TRAIN] Step 270/400 | 00:10:54
[TRAIN] Step 270 | Loss=-0.000000 | Best makespan in group=407.00
[TRAIN] Step 271/400 | 00:11:16
[TRAIN] Step 271 | Loss=1.260482 | Best makespan in group=591.00
[TRAIN] Step 272/400 | 00:11:30
[TRAIN] Step 272 | Loss=0.000657 | Best makespan in group=400.00
[TRAIN] Step 273/400 | 00:11:47
[TRAIN] Step 273 | Loss=0.000001 | Best makespan in group=516.00
[TRAIN] Step 274/400 | 00:12:05
[TRAIN] Step 274 | Loss=0.005908 | Best makespan in group=505.00
[TRAIN] Step 275/400 | 00:12:20
[TRAIN] Step 275 | Loss=-0.000000 | Best makespan in group=542.00
[TRAIN][VAL][ep 275] avg_gap=0.1096 | std_gap=0.0600 | q80_gap=0.1446 | n=40
[TRAIN] Step 276/400 | 00:13:28
[TRAIN] Step 276 | Loss=0.000122 | Best makespan in group=376.00
[TRAIN] Step 277/400 | 00:13:42
[TRAIN] Step 277 | Loss=0.000002 | Best makespan in group=474.00
[TRAIN] Step 278/400 | 00:14:02
[TRAIN] Step 278 | Loss=0.000061 | Best makespan in group=283.00
[TRAIN] Step 279/400 | 00:14:20
[TRAIN] Step 279 | Loss=0.104834 | Best makespan in group=309.00
[TRAIN] Step 280/400 | 00:14:37
[TRAIN] Step 280 | Loss=-0.000000 | Best makespan in group=537.00
[TRAIN] Step 281/400 | 00:14:52
[TRAIN] Step 281 | Loss=0.003556 | Best makespan in group=501.00
[TRAIN] Step 282/400 | 00:15:06
[TRAIN] Step 282 | Loss=0.004657 | Best makespan in group=427.00
[TRAIN] Step 283/400 | 00:15:23
[TRAIN] Step 283 | Loss=0.000000 | Best makespan in group=535.00
[TRAIN] Step 284/400 | 00:15:39
[TRAIN] Step 284 | Loss=0.248074 | Best makespan in group=430.00
[TRAIN] Step 285/400 | 00:15:56
[TRAIN] Step 285 | Loss=0.030980 | Best makespan in group=418.00
[TRAIN] Step 286/400 | 00:16:16
[TRAIN] Step 286 | Loss=0.996781 | Best makespan in group=335.00
[TRAIN] Step 287/400 | 00:16:33
[TRAIN] Step 287 | Loss=0.000000 | Best makespan in group=533.00
[TRAIN] Step 288/400 | 00:16:55
[TRAIN] Step 288 | Loss=0.000003 | Best makespan in group=416.00
[TRAIN] Step 289/400 | 00:17:19
[TRAIN] Step 289 | Loss=0.142215 | Best makespan in group=471.00
[TRAIN] Step 290/400 | 00:17:38
[TRAIN] Step 290 | Loss=0.000107 | Best makespan in group=344.00
[TRAIN] Step 291/400 | 00:17:52
[TRAIN] Step 291 | Loss=-0.000000 | Best makespan in group=522.00
[TRAIN] Step 292/400 | 00:18:10
[TRAIN] Step 292 | Loss=-0.000000 | Best makespan in group=416.00
[TRAIN] Step 293/400 | 00:18:31
[TRAIN] Step 293 | Loss=-0.000000 | Best makespan in group=416.00
[TRAIN] Step 294/400 | 00:18:55
[TRAIN] Step 294 | Loss=1.440994 | Best makespan in group=477.00
[TRAIN] Step 295/400 | 00:19:09
[TRAIN] Step 295 | Loss=0.000000 | Best makespan in group=447.00
[TRAIN] Step 296/400 | 00:19:27
[TRAIN] Step 296 | Loss=1.037739 | Best makespan in group=352.00
[TRAIN] Step 297/400 | 00:19:51
[TRAIN] Step 297 | Loss=0.000391 | Best makespan in group=376.00
[TRAIN] Step 298/400 | 00:20:14
[TRAIN] Step 298 | Loss=2.596797 | Best makespan in group=542.00
[TRAIN] Step 299/400 | 00:20:29
[TRAIN] Step 299 | Loss=0.000000 | Best makespan in group=448.00
[TRAIN] Step 300/400 | 00:20:50
[TRAIN] Step 300 | Loss=0.000002 | Best makespan in group=457.00
[TRAIN][VAL][ep 300] avg_gap=0.0969 | std_gap=0.0574 | q80_gap=0.1109 | n=40
[TRAIN] Step 301/400 | 00:21:56
[TRAIN] Step 301 | Loss=0.000000 | Best makespan in group=474.00
[TRAIN] Step 302/400 | 00:22:15
[TRAIN] Step 302 | Loss=0.000001 | Best makespan in group=469.00
[TRAIN] Step 303/400 | 00:22:30
[TRAIN] Step 303 | Loss=0.189214 | Best makespan in group=430.00
[TRAIN] Step 304/400 | 00:22:48
[TRAIN] Step 304 | Loss=0.315197 | Best makespan in group=497.00
[TRAIN] Step 305/400 | 00:23:01
[TRAIN] Step 305 | Loss=2.260248 | Best makespan in group=533.00
[TRAIN] Step 306/400 | 00:23:16
[TRAIN] Step 306 | Loss=0.000023 | Best makespan in group=283.00
[TRAIN] Step 307/400 | 00:23:35
[TRAIN] Step 307 | Loss=0.000008 | Best makespan in group=433.00
[TRAIN] Step 308/400 | 00:23:54
[TRAIN] Step 308 | Loss=-0.000000 | Best makespan in group=524.00
[TRAIN] Step 309/400 | 00:24:16
[TRAIN] Step 309 | Loss=0.185198 | Best makespan in group=310.00
[TRAIN] Step 310/400 | 00:24:33
[TRAIN] Step 310 | Loss=0.000306 | Best makespan in group=384.00
[TRAIN] Step 311/400 | 00:24:47
[TRAIN] Step 311 | Loss=-0.000000 | Best makespan in group=573.00
[TRAIN] Step 312/400 | 00:25:05
[TRAIN] Step 312 | Loss=-0.000000 | Best makespan in group=401.00
[TRAIN] Step 313/400 | 00:25:26
[TRAIN] Step 313 | Loss=0.183209 | Best makespan in group=380.00
[TRAIN] Step 314/400 | 00:25:41
[TRAIN] Step 314 | Loss=0.000048 | Best makespan in group=367.00
[TRAIN] Step 315/400 | 00:25:56
[TRAIN] Step 315 | Loss=0.000329 | Best makespan in group=400.00
[TRAIN] Step 316/400 | 00:26:14
[TRAIN] Step 316 | Loss=0.087410 | Best makespan in group=456.00
[TRAIN] Step 317/400 | 00:26:33
[TRAIN] Step 317 | Loss=0.650656 | Best makespan in group=574.00
[TRAIN] Step 318/400 | 00:26:49
[TRAIN] Step 318 | Loss=0.028317 | Best makespan in group=598.00
[TRAIN] Step 319/400 | 00:27:03
[TRAIN] Step 319 | Loss=1.007944 | Best makespan in group=341.00
[TRAIN] Step 320/400 | 00:27:20
[TRAIN] Step 320 | Loss=0.000001 | Best makespan in group=591.00
[TRAIN] Step 321/400 | 00:27:35
[TRAIN] Step 321 | Loss=0.119767 | Best makespan in group=400.00
[TRAIN] Step 322/400 | 00:27:57
[TRAIN] Step 322 | Loss=-0.000000 | Best makespan in group=573.00
[TRAIN] Step 323/400 | 00:28:16
[TRAIN] Step 323 | Loss=-0.000000 | Best makespan in group=403.00
[TRAIN] Step 324/400 | 00:28:36
[TRAIN] Step 324 | Loss=0.000001 | Best makespan in group=591.00
[TRAIN] Step 325/400 | 00:28:51
[TRAIN] Step 325 | Loss=1.625513 | Best makespan in group=549.00
[TRAIN][VAL][ep 325] avg_gap=0.0996 | std_gap=0.0533 | q80_gap=0.1429 | n=40
[TRAIN] Step 326/400 | 00:29:57
[TRAIN] Step 326 | Loss=0.190117 | Best makespan in group=611.00
[TRAIN] Step 327/400 | 00:30:11
[TRAIN] Step 327 | Loss=0.000015 | Best makespan in group=437.00
[TRAIN] Step 328/400 | 00:30:28
[TRAIN] Step 328 | Loss=0.000005 | Best makespan in group=474.00
[TRAIN] Step 329/400 | 00:30:48
[TRAIN] Step 329 | Loss=0.002199 | Best makespan in group=464.00
[TRAIN] Step 330/400 | 00:31:07
[TRAIN] Step 330 | Loss=0.000003 | Best makespan in group=283.00
[TRAIN] Step 331/400 | 00:31:25
[TRAIN] Step 331 | Loss=0.000007 | Best makespan in group=505.00
[TRAIN] Step 332/400 | 00:31:38
[TRAIN] Step 332 | Loss=0.325462 | Best makespan in group=406.00
[TRAIN] Step 333/400 | 00:32:02
[TRAIN] Step 333 | Loss=0.658537 | Best makespan in group=339.00
[TRAIN] Step 334/400 | 00:32:16
[TRAIN] Step 334 | Loss=0.000000 | Best makespan in group=405.00
[TRAIN] Step 335/400 | 00:32:38
[TRAIN] Step 335 | Loss=0.000001 | Best makespan in group=433.00
[TRAIN] Step 336/400 | 00:32:56
[TRAIN] Step 336 | Loss=0.158167 | Best makespan in group=335.00
[TRAIN] Step 337/400 | 00:33:12
[TRAIN] Step 337 | Loss=0.383677 | Best makespan in group=490.00
[TRAIN] Step 338/400 | 00:33:28
[TRAIN] Step 338 | Loss=0.005070 | Best makespan in group=579.00
[TRAIN] Step 339/400 | 00:33:45
[TRAIN] Step 339 | Loss=0.000003 | Best makespan in group=385.00
[TRAIN] Step 340/400 | 00:33:59
[TRAIN] Step 340 | Loss=-0.000000 | Best makespan in group=531.00
[TRAIN] Step 341/400 | 00:34:17
[TRAIN] Step 341 | Loss=0.000000 | Best makespan in group=524.00
[TRAIN] Step 342/400 | 00:34:39
[TRAIN] Step 342 | Loss=0.000003 | Best makespan in group=524.00
[TRAIN] Step 343/400 | 00:34:54
[TRAIN] Step 343 | Loss=1.322702 | Best makespan in group=483.00
[TRAIN] Step 344/400 | 00:35:09
[TRAIN] Step 344 | Loss=0.000202 | Best makespan in group=400.00
[TRAIN] Step 345/400 | 00:35:27
[TRAIN] Step 345 | Loss=0.000019 | Best makespan in group=367.00
[TRAIN] Step 346/400 | 00:35:41
[TRAIN] Step 346 | Loss=0.084631 | Best makespan in group=465.00
[TRAIN] Step 347/400 | 00:36:00
[TRAIN] Step 347 | Loss=0.033983 | Best makespan in group=309.00
[TRAIN] Step 348/400 | 00:36:17
[TRAIN] Step 348 | Loss=0.334889 | Best makespan in group=363.00
[TRAIN] Step 349/400 | 00:36:41
[TRAIN] Step 349 | Loss=0.000000 | Best makespan in group=491.00
[TRAIN] Step 350/400 | 00:36:57
[TRAIN] Step 350 | Loss=-0.000000 | Best makespan in group=403.00
[TRAIN][VAL][ep 350] avg_gap=0.1143 | std_gap=0.0686 | q80_gap=0.1691 | n=40
[TRAIN] Step 351/400 | 00:38:09
[TRAIN] Step 351 | Loss=0.000051 | Best makespan in group=385.00
[TRAIN] Step 352/400 | 00:38:24
[TRAIN] Step 352 | Loss=-0.000000 | Best makespan in group=406.00
[TRAIN] Step 353/400 | 00:38:46
[TRAIN] Step 353 | Loss=0.000002 | Best makespan in group=474.00
[TRAIN] Step 354/400 | 00:39:05
[TRAIN] Step 354 | Loss=-0.000000 | Best makespan in group=364.00
[TRAIN] Step 355/400 | 00:39:28
[TRAIN] Step 355 | Loss=0.000004 | Best makespan in group=524.00
[TRAIN] Step 356/400 | 00:39:50
[TRAIN] Step 356 | Loss=0.133582 | Best makespan in group=569.00
[TRAIN] Step 357/400 | 00:40:04
[TRAIN] Step 357 | Loss=0.192064 | Best makespan in group=430.00
[TRAIN] Step 358/400 | 00:40:21
[TRAIN] Step 358 | Loss=0.453809 | Best makespan in group=438.00
[TRAIN] Step 359/400 | 00:40:42
[TRAIN] Step 359 | Loss=-0.000000 | Best makespan in group=403.00
[TRAIN] Step 360/400 | 00:41:04
[TRAIN] Step 360 | Loss=0.000002 | Best makespan in group=461.00
[TRAIN] Step 361/400 | 00:41:22
[TRAIN] Step 361 | Loss=0.019761 | Best makespan in group=495.00
[TRAIN] Step 362/400 | 00:41:36
[TRAIN] Step 362 | Loss=0.000001 | Best makespan in group=491.00
[TRAIN] Step 363/400 | 00:41:51
[TRAIN] Step 363 | Loss=-0.000000 | Best makespan in group=573.00
[TRAIN] Step 364/400 | 00:42:09
[TRAIN] Step 364 | Loss=0.243435 | Best makespan in group=335.00
[TRAIN] Step 365/400 | 00:42:25
[TRAIN] Step 365 | Loss=0.000008 | Best makespan in group=447.00
[TRAIN] Step 366/400 | 00:42:41
[TRAIN] Step 366 | Loss=0.351165 | Best makespan in group=567.00
[TRAIN] Step 367/400 | 00:42:57
[TRAIN] Step 367 | Loss=0.327311 | Best makespan in group=449.00
[TRAIN] Step 368/400 | 00:43:16
[TRAIN] Step 368 | Loss=0.000007 | Best makespan in group=367.00
[TRAIN] Step 369/400 | 00:43:31
[TRAIN] Step 369 | Loss=0.001081 | Best makespan in group=400.00
[TRAIN] Step 370/400 | 00:43:49
[TRAIN] Step 370 | Loss=0.000000 | Best makespan in group=523.00
[TRAIN] Step 371/400 | 00:44:06
[TRAIN] Step 371 | Loss=0.004659 | Best makespan in group=372.00
[TRAIN] Step 372/400 | 00:44:21
[TRAIN] Step 372 | Loss=0.000009 | Best makespan in group=283.00
[TRAIN] Step 373/400 | 00:44:39
[TRAIN] Step 373 | Loss=0.000004 | Best makespan in group=520.00
[TRAIN] Step 374/400 | 00:44:54
[TRAIN] Step 374 | Loss=0.696805 | Best makespan in group=309.00
[TRAIN] Step 375/400 | 00:45:12
[TRAIN] Step 375 | Loss=2.578715 | Best makespan in group=497.00
[TRAIN][VAL][ep 375] avg_gap=0.1054 | std_gap=0.0533 | q80_gap=0.1419 | n=40
[TRAIN] Step 376/400 | 00:46:17
[TRAIN] Step 376 | Loss=2.557756 | Best makespan in group=536.00
[TRAIN] Step 377/400 | 00:46:32
[TRAIN] Step 377 | Loss=0.000979 | Best makespan in group=485.00
[TRAIN] Step 378/400 | 00:46:51
[TRAIN] Step 378 | Loss=0.021653 | Best makespan in group=404.00
[TRAIN] Step 379/400 | 00:47:15
[TRAIN] Step 379 | Loss=0.000001 | Best makespan in group=598.00
[TRAIN] Step 380/400 | 00:47:29
[TRAIN] Step 380 | Loss=1.928876 | Best makespan in group=345.00
[TRAIN] Step 381/400 | 00:47:53
[TRAIN] Step 381 | Loss=0.000000 | Best makespan in group=459.00
[TRAIN] Step 382/400 | 00:48:08
[TRAIN] Step 382 | Loss=0.000000 | Best makespan in group=547.00
[TRAIN] Step 383/400 | 00:48:25
[TRAIN] Step 383 | Loss=0.000020 | Best makespan in group=437.00
[TRAIN] Step 384/400 | 00:48:42
[TRAIN] Step 384 | Loss=0.220907 | Best makespan in group=335.00
[TRAIN] Step 385/400 | 00:48:59
[TRAIN] Step 385 | Loss=0.000038 | Best makespan in group=283.00
[TRAIN] Step 386/400 | 00:49:17
[TRAIN] Step 386 | Loss=0.000000 | Best makespan in group=462.00
[TRAIN] Step 387/400 | 00:49:36
[TRAIN] Step 387 | Loss=0.000043 | Best makespan in group=378.00
[TRAIN] Step 388/400 | 00:49:51
[TRAIN] Step 388 | Loss=0.000009 | Best makespan in group=376.00
[TRAIN] Step 389/400 | 00:50:06
[TRAIN] Step 389 | Loss=0.000853 | Best makespan in group=400.00
[TRAIN] Step 390/400 | 00:50:24
[TRAIN] Step 390 | Loss=0.000001 | Best makespan in group=474.00
[TRAIN] Step 391/400 | 00:50:43
[TRAIN] Step 391 | Loss=0.000001 | Best makespan in group=541.00
[TRAIN] Step 392/400 | 00:50:58
[TRAIN] Step 392 | Loss=0.354548 | Best makespan in group=436.00
[TRAIN] Step 393/400 | 00:51:18
[TRAIN] Step 393 | Loss=0.000028 | Best makespan in group=524.00
[TRAIN] Step 394/400 | 00:51:40
[TRAIN] Step 394 | Loss=0.000003 | Best makespan in group=598.00
[TRAIN] Step 395/400 | 00:51:54
[TRAIN] Step 395 | Loss=0.000004 | Best makespan in group=590.00
[TRAIN] Step 396/400 | 00:52:08
[TRAIN] Step 396 | Loss=0.000000 | Best makespan in group=543.00
[TRAIN] Step 397/400 | 00:52:26
[TRAIN] Step 397 | Loss=0.000000 | Best makespan in group=484.00
[TRAIN] Step 398/400 | 00:52:39
[TRAIN] Step 398 | Loss=1.317557 | Best makespan in group=376.00
[TRAIN] Step 399/400 | 00:52:54
[TRAIN] Step 399 | Loss=0.000000 | Best makespan in group=348.00
[TRAIN] Step 400/400 | 00:53:18
[TRAIN] Step 400 | Loss=0.000000 | Best makespan in group=383.00
[TRAIN] Refreshing training instances (step 400)...
[TRAIN][VAL][ep 400] avg_gap=0.1140 | std_gap=0.0686 | q80_gap=0.1453 | n=40
[TRAIN] Evaluating best checkpoint (candidate_models/937769980869800.pth) on the held-out test split...
[TRAIN][TEST] avg_gap=0.1039 | std_gap=0.0600 | q80_gap=0.1783 | n=40
[TRAIN][00:55:22] Training ended. Validation history and plots updated.
