D:\Dissertação\dissertation-bopo_introduction\venv\Lib\site-packages\torch\jit\_script.py:1485: FutureWarning: `torch.jit.script` is not supported in Python 3.14+ and may break. Please switch to `torch.compile` or `torch.export`.
  warnings.warn(
=== START convergence_check_ojm_gin @ 09:53:11 ===
============================================================
[TRAIN] Training started at: 2026-09-19 09:53:11
[TRAIN] Hyperparams | max_steps=400 | new_freq=200
[TRAIN]             | n_cases=30 | B=32 | K=10 | use_greedy=True | lr=0.0005 (decaying to 1.00e-04)
[TRAIN]             | warm_start_steps=200 | checkpoint_smooth_window=3 | seed=42
[TRAIN]             | hidden_channels=128 | num_layers=2 | heads=3
[TRAIN] Representation | ojm | GNN | gin
[TRAIN] Problem size | jobs=[8,10] | machines=[5,10] | ops_per_job=[5,6] | max_proc=100
============================================================
[TRAIN] Output run folder: results\convergence_check_ojm_gin
[TRAIN] Validation config | every=25 steps | instances=40 (representative subset)
[TRAIN] Warm-start (behavior cloning vs. dispatch heuristic) | 200 step(s)...
[TRAIN][WARMSTART] step 10/200 | instance=28 | bc_loss=1.7812 | decisions=45
[TRAIN][WARMSTART] step 20/200 | instance=17 | bc_loss=1.7938 | decisions=53
[TRAIN][WARMSTART] step 30/200 | instance=22 | bc_loss=1.6791 | decisions=44
[TRAIN][WARMSTART] step 40/200 | instance=11 | bc_loss=1.6446 | decisions=42
[TRAIN][WARMSTART] step 50/200 | instance=10 | bc_loss=1.9143 | decisions=56
[TRAIN][WARMSTART] step 60/200 | instance=6 | bc_loss=1.9708 | decisions=48
[TRAIN][WARMSTART] step 70/200 | instance=1 | bc_loss=1.5714 | decisions=43
[TRAIN][WARMSTART] step 80/200 | instance=25 | bc_loss=1.7036 | decisions=54
[TRAIN][WARMSTART] step 90/200 | instance=9 | bc_loss=1.5621 | decisions=44
[TRAIN][WARMSTART] step 100/200 | instance=25 | bc_loss=1.7080 | decisions=54
[TRAIN][WARMSTART] step 110/200 | instance=9 | bc_loss=1.5119 | decisions=44
[TRAIN][WARMSTART] step 120/200 | instance=5 | bc_loss=1.5215 | decisions=53
[TRAIN][WARMSTART] step 130/200 | instance=23 | bc_loss=1.1522 | decisions=42
[TRAIN][WARMSTART] step 140/200 | instance=1 | bc_loss=1.5066 | decisions=43
[TRAIN][WARMSTART] step 150/200 | instance=23 | bc_loss=1.0374 | decisions=42
[TRAIN][WARMSTART] step 160/200 | instance=18 | bc_loss=1.6180 | decisions=45
[TRAIN][WARMSTART] step 170/200 | instance=25 | bc_loss=1.6181 | decisions=54
[TRAIN][WARMSTART] step 180/200 | instance=0 | bc_loss=1.5979 | decisions=50
[TRAIN][WARMSTART] step 190/200 | instance=10 | bc_loss=1.5879 | decisions=56
[TRAIN][WARMSTART] step 200/200 | instance=21 | bc_loss=1.3724 | decisions=45
[TRAIN] Warm-start complete, switching to BOPO preference optimization.
------------------------------------------------------------
[TRAIN] BOPO agent ready. Starting training loop for 400 step(s)...
------------------------------------------------------------
[TRAIN] Step 1/400 | 10:03:46
[TRAIN] Step 1 | Loss=2.124728 | Best makespan in group=596.00
[TRAIN] Step 2/400 | 10:04:12
[TRAIN] Step 2 | Loss=5.236875 | Best makespan in group=539.00
[TRAIN] Step 3/400 | 10:04:55
[TRAIN] Step 3 | Loss=1.637015 | Best makespan in group=453.00
[TRAIN] Step 4/400 | 10:05:28
[TRAIN] Step 4 | Loss=0.000000 | Best makespan in group=479.00
[TRAIN] Step 5/400 | 10:05:59
[TRAIN] Step 5 | Loss=0.001169 | Best makespan in group=409.00
[TRAIN] Step 6/400 | 10:06:33
[TRAIN] Step 6 | Loss=7.202805 | Best makespan in group=409.00
[TRAIN] Step 7/400 | 10:07:11
[TRAIN] Step 7 | Loss=0.204981 | Best makespan in group=465.00
[TRAIN] Step 8/400 | 10:08:02
[TRAIN] Step 8 | Loss=0.000005 | Best makespan in group=408.00
[TRAIN] Step 9/400 | 10:08:52
[TRAIN] Step 9 | Loss=2.254376 | Best makespan in group=472.00
[TRAIN] Step 10/400 | 10:09:45
[TRAIN] Step 10 | Loss=0.247739 | Best makespan in group=458.00
[TRAIN] Step 11/400 | 10:10:32
[TRAIN] Step 11 | Loss=4.110247 | Best makespan in group=479.00
[TRAIN] Step 12/400 | 10:11:04
[TRAIN] Step 12 | Loss=1.852816 | Best makespan in group=443.00
[TRAIN] Step 13/400 | 10:11:37
[TRAIN] Step 13 | Loss=0.222279 | Best makespan in group=515.00
[TRAIN] Step 14/400 | 10:12:17
[TRAIN] Step 14 | Loss=0.033881 | Best makespan in group=363.00
[TRAIN] Step 15/400 | 10:13:01
[TRAIN] Step 15 | Loss=1.888700 | Best makespan in group=617.00
[TRAIN] Step 16/400 | 10:13:45
[TRAIN] Step 16 | Loss=0.392023 | Best makespan in group=433.00
[TRAIN] Step 17/400 | 10:14:30
[TRAIN] Step 17 | Loss=0.000292 | Best makespan in group=591.00
[TRAIN] Step 18/400 | 10:15:02
[TRAIN] Step 18 | Loss=3.633325 | Best makespan in group=495.00
[TRAIN] Step 19/400 | 10:15:42
[TRAIN] Step 19 | Loss=-0.000000 | Best makespan in group=491.00
[TRAIN] Step 20/400 | 10:16:29
[TRAIN] Step 20 | Loss=4.256462 | Best makespan in group=466.00
[TRAIN] Step 21/400 | 10:17:21
[TRAIN] Step 21 | Loss=0.055527 | Best makespan in group=422.00
[TRAIN] Step 22/400 | 10:18:18
[TRAIN] Step 22 | Loss=0.000589 | Best makespan in group=529.00
[TRAIN] Step 23/400 | 10:19:02
[TRAIN] Step 23 | Loss=-0.000000 | Best makespan in group=491.00
[TRAIN] Step 24/400 | 10:19:39
[TRAIN] Step 24 | Loss=0.063509 | Best makespan in group=456.00
[TRAIN] Step 25/400 | 10:20:27
[TRAIN] Step 25 | Loss=0.508107 | Best makespan in group=404.00
[TRAIN][VAL][ep 25] avg_gap=0.1456 | std_gap=0.0657 | q80_gap=0.1792 | n=40
[TRAIN] Validation improved | smoothed_avg_gap=0.1456 (raw=0.1456) | saving candidate: 656540433526569.pth
[TRAIN] Step 26/400 | 10:23:48
[TRAIN] Step 26 | Loss=-0.000000 | Best makespan in group=588.00
[TRAIN] Step 27/400 | 10:24:27
[TRAIN] Step 27 | Loss=-0.000000 | Best makespan in group=621.00
[TRAIN] Step 28/400 | 10:25:03
[TRAIN] Step 28 | Loss=0.031760 | Best makespan in group=568.00
[TRAIN] Step 29/400 | 10:25:42
[TRAIN] Step 29 | Loss=-0.000000 | Best makespan in group=354.00
[TRAIN] Step 30/400 | 10:26:40
[TRAIN] Step 30 | Loss=0.032664 | Best makespan in group=499.00
[TRAIN] Step 31/400 | 10:27:17
[TRAIN] Step 31 | Loss=0.013246 | Best makespan in group=399.00
[TRAIN] Step 32/400 | 10:27:56
[TRAIN] Step 32 | Loss=0.144338 | Best makespan in group=503.00
[TRAIN] Step 33/400 | 10:28:43
[TRAIN] Step 33 | Loss=0.040734 | Best makespan in group=410.00
[TRAIN] Step 34/400 | 10:29:24
[TRAIN] Step 34 | Loss=-0.000000 | Best makespan in group=377.00
[TRAIN] Step 35/400 | 10:30:18
[TRAIN] Step 35 | Loss=0.000001 | Best makespan in group=572.00
[TRAIN] Step 36/400 | 10:30:55
[TRAIN] Step 36 | Loss=-0.000000 | Best makespan in group=425.00
[TRAIN] Step 37/400 | 10:31:47
[TRAIN] Step 37 | Loss=0.002977 | Best makespan in group=428.00
[TRAIN] Step 38/400 | 10:32:23
[TRAIN] Step 38 | Loss=2.725442 | Best makespan in group=546.00
[TRAIN] Step 39/400 | 10:32:56
[TRAIN] Step 39 | Loss=2.842841 | Best makespan in group=403.00
[TRAIN] Step 40/400 | 10:33:31
[TRAIN] Step 40 | Loss=-0.000000 | Best makespan in group=346.00
[TRAIN] Step 41/400 | 10:34:21
[TRAIN] Step 41 | Loss=-0.000000 | Best makespan in group=386.00
[TRAIN] Step 42/400 | 10:35:03
[TRAIN] Step 42 | Loss=0.000005 | Best makespan in group=582.00
[TRAIN] Step 43/400 | 10:35:47
[TRAIN] Step 43 | Loss=0.000004 | Best makespan in group=481.00
[TRAIN] Step 44/400 | 10:36:27
[TRAIN] Step 44 | Loss=0.000015 | Best makespan in group=563.00
[TRAIN] Step 45/400 | 10:37:10
[TRAIN] Step 45 | Loss=0.000002 | Best makespan in group=507.00
[TRAIN] Step 46/400 | 10:37:45
[TRAIN] Step 46 | Loss=0.000003 | Best makespan in group=489.00
[TRAIN] Step 47/400 | 10:38:32
[TRAIN] Step 47 | Loss=0.000711 | Best makespan in group=432.00
[TRAIN] Step 48/400 | 10:39:25
[TRAIN] Step 48 | Loss=0.000620 | Best makespan in group=536.00
[TRAIN] Step 49/400 | 10:40:04
[TRAIN] Step 49 | Loss=0.000095 | Best makespan in group=510.00
[TRAIN] Step 50/400 | 10:40:47
[TRAIN] Step 50 | Loss=0.000005 | Best makespan in group=492.00
[TRAIN][VAL][ep 50] avg_gap=0.1584 | std_gap=0.0624 | q80_gap=0.2047 | n=40
[TRAIN] Step 51/400 | 10:43:47
[TRAIN] Step 51 | Loss=0.000147 | Best makespan in group=349.00
[TRAIN] Step 52/400 | 10:44:27
[TRAIN] Step 52 | Loss=0.002861 | Best makespan in group=432.00
[TRAIN] Step 53/400 | 10:44:58
[TRAIN] Step 53 | Loss=0.000001 | Best makespan in group=457.00
[TRAIN] Step 54/400 | 10:45:50
[TRAIN] Step 54 | Loss=0.000035 | Best makespan in group=468.00
[TRAIN] Step 55/400 | 10:46:40
[TRAIN] Step 55 | Loss=0.004766 | Best makespan in group=439.00
[TRAIN] Step 56/400 | 10:47:18
[TRAIN] Step 56 | Loss=0.000000 | Best makespan in group=488.00
[TRAIN] Step 57/400 | 10:48:11
[TRAIN] Step 57 | Loss=0.000001 | Best makespan in group=573.00
[TRAIN] Step 58/400 | 10:48:52
[TRAIN] Step 58 | Loss=0.000220 | Best makespan in group=459.00
[TRAIN] Step 59/400 | 10:49:39
[TRAIN] Step 59 | Loss=3.753175 | Best makespan in group=538.00
[TRAIN] Step 60/400 | 10:50:12
[TRAIN] Step 60 | Loss=-0.000000 | Best makespan in group=516.00
[TRAIN] Step 61/400 | 10:50:45
[TRAIN] Step 61 | Loss=-0.000000 | Best makespan in group=359.00
[TRAIN] Step 62/400 | 10:51:44
[TRAIN] Step 62 | Loss=0.000010 | Best makespan in group=403.00
[TRAIN] Step 63/400 | 10:52:39
[TRAIN] Step 63 | Loss=-0.000000 | Best makespan in group=486.00
[TRAIN] Step 64/400 | 10:53:14
[TRAIN] Step 64 | Loss=0.000035 | Best makespan in group=547.00
[TRAIN] Step 65/400 | 10:53:54
[TRAIN] Step 65 | Loss=0.000040 | Best makespan in group=450.00
[TRAIN] Step 66/400 | 10:54:28
[TRAIN] Step 66 | Loss=0.349021 | Best makespan in group=422.00
[TRAIN] Step 67/400 | 10:55:01
[TRAIN] Step 67 | Loss=-0.000000 | Best makespan in group=585.00
[TRAIN] Step 68/400 | 10:55:38
[TRAIN] Step 68 | Loss=0.788721 | Best makespan in group=464.00
[TRAIN] Step 69/400 | 10:56:34
[TRAIN] Step 69 | Loss=0.000017 | Best makespan in group=446.00
[TRAIN] Step 70/400 | 10:57:09
[TRAIN] Step 70 | Loss=-0.000000 | Best makespan in group=374.00
[TRAIN] Step 71/400 | 10:57:57
[TRAIN] Step 71 | Loss=1.027503 | Best makespan in group=456.00
[TRAIN] Step 72/400 | 10:58:29
[TRAIN] Step 72 | Loss=-0.000000 | Best makespan in group=485.00
[TRAIN] Step 73/400 | 10:59:20
[TRAIN] Step 73 | Loss=0.000003 | Best makespan in group=401.00
[TRAIN] Step 74/400 | 11:00:00
[TRAIN] Step 74 | Loss=0.010325 | Best makespan in group=476.00
[TRAIN] Step 75/400 | 11:00:39
[TRAIN] Step 75 | Loss=9.079274 | Best makespan in group=426.00
[TRAIN][VAL][ep 75] avg_gap=0.1539 | std_gap=0.0691 | q80_gap=0.1869 | n=40
[TRAIN] Step 76/400 | 11:04:09
[TRAIN] Step 76 | Loss=1.117124 | Best makespan in group=529.00
[TRAIN] Step 77/400 | 11:04:53
[TRAIN] Step 77 | Loss=4.915472 | Best makespan in group=446.00
[TRAIN] Step 78/400 | 11:05:37
[TRAIN] Step 78 | Loss=0.000000 | Best makespan in group=476.00
[TRAIN] Step 79/400 | 11:06:10
[TRAIN] Step 79 | Loss=0.000000 | Best makespan in group=404.00
[TRAIN] Step 80/400 | 11:07:06
[TRAIN] Step 80 | Loss=0.000000 | Best makespan in group=485.00
[TRAIN] Step 81/400 | 11:07:56
[TRAIN] Step 81 | Loss=0.000006 | Best makespan in group=564.00
[TRAIN] Step 82/400 | 11:08:28
[TRAIN] Step 82 | Loss=-0.000000 | Best makespan in group=458.00
[TRAIN] Step 83/400 | 11:09:16
[TRAIN] Step 83 | Loss=0.000000 | Best makespan in group=550.00
[TRAIN] Step 84/400 | 11:09:56
[TRAIN] Step 84 | Loss=0.000004 | Best makespan in group=506.00
[TRAIN] Step 85/400 | 11:10:30
[TRAIN] Step 85 | Loss=0.000012 | Best makespan in group=374.00
[TRAIN] Step 86/400 | 11:11:08
[TRAIN] Step 86 | Loss=0.000001 | Best makespan in group=540.00
[TRAIN] Step 87/400 | 11:11:49
[TRAIN] Step 87 | Loss=0.000002 | Best makespan in group=520.00
[TRAIN] Step 88/400 | 11:12:29
[TRAIN] Step 88 | Loss=0.000003 | Best makespan in group=462.00
[TRAIN] Step 89/400 | 11:13:18
[TRAIN] Step 89 | Loss=0.004943 | Best makespan in group=379.00
[TRAIN] Step 90/400 | 11:13:59
[TRAIN] Step 90 | Loss=0.000001 | Best makespan in group=390.00
[TRAIN] Step 91/400 | 11:14:40
[TRAIN] Step 91 | Loss=0.000007 | Best makespan in group=451.00
[TRAIN] Step 92/400 | 11:15:14
[TRAIN] Step 92 | Loss=-0.000000 | Best makespan in group=552.00
[TRAIN] Step 93/400 | 11:15:55
[TRAIN] Step 93 | Loss=0.000002 | Best makespan in group=384.00
[TRAIN] Step 94/400 | 11:16:34
[TRAIN] Step 94 | Loss=0.000004 | Best makespan in group=423.00
[TRAIN] Step 95/400 | 11:17:12
[TRAIN] Step 95 | Loss=0.000002 | Best makespan in group=483.00
[TRAIN] Step 96/400 | 11:17:47
[TRAIN] Step 96 | Loss=0.000003 | Best makespan in group=458.00
[TRAIN] Step 97/400 | 11:18:41
[TRAIN] Step 97 | Loss=0.000107 | Best makespan in group=449.00
[TRAIN] Step 98/400 | 11:19:30
[TRAIN] Step 98 | Loss=0.000000 | Best makespan in group=543.00
[TRAIN] Step 99/400 | 11:20:02
[TRAIN] Step 99 | Loss=0.000029 | Best makespan in group=509.00
[TRAIN] Step 100/400 | 11:20:37
[TRAIN] Step 100 | Loss=0.000084 | Best makespan in group=387.00
[TRAIN][VAL][ep 100] avg_gap=0.1549 | std_gap=0.0649 | q80_gap=0.1957 | n=40
[TRAIN] Step 101/400 | 11:23:52
[TRAIN] Step 101 | Loss=0.021409 | Best makespan in group=397.00
[TRAIN] Step 102/400 | 11:24:33
[TRAIN] Step 102 | Loss=0.000051 | Best makespan in group=455.00
[TRAIN] Step 103/400 | 11:25:07
[TRAIN] Step 103 | Loss=0.000006 | Best makespan in group=503.00
[TRAIN] Step 104/400 | 11:25:54
[TRAIN] Step 104 | Loss=0.089947 | Best makespan in group=541.00
[TRAIN] Step 105/400 | 11:26:34
[TRAIN] Step 105 | Loss=0.000149 | Best makespan in group=410.00
[TRAIN] Step 106/400 | 11:27:24
[TRAIN] Step 106 | Loss=2.896875 | Best makespan in group=360.00
[TRAIN] Step 107/400 | 11:28:19
[TRAIN] Step 107 | Loss=0.000087 | Best makespan in group=376.00
[TRAIN] Step 108/400 | 11:29:03
[TRAIN] Step 108 | Loss=0.000024 | Best makespan in group=516.00
[TRAIN] Step 109/400 | 11:29:35
[TRAIN] Step 109 | Loss=0.000047 | Best makespan in group=447.00
[TRAIN] Step 110/400 | 11:30:22
[TRAIN] Step 110 | Loss=0.477259 | Best makespan in group=462.00
[TRAIN] Step 111/400 | 11:31:16
[TRAIN] Step 111 | Loss=0.000237 | Best makespan in group=521.00
[TRAIN] Step 112/400 | 11:31:50
[TRAIN] Step 112 | Loss=0.000003 | Best makespan in group=470.00
[TRAIN] Step 113/400 | 11:32:32
[TRAIN] Step 113 | Loss=0.000155 | Best makespan in group=600.00
[TRAIN] Step 114/400 | 11:33:14
[TRAIN] Step 114 | Loss=0.000061 | Best makespan in group=372.00
[TRAIN] Step 115/400 | 11:34:10
[TRAIN] Step 115 | Loss=0.003180 | Best makespan in group=440.00
[TRAIN] Step 116/400 | 11:34:56
[TRAIN] Step 116 | Loss=0.002225 | Best makespan in group=585.00
[TRAIN] Step 117/400 | 11:35:31
[TRAIN] Step 117 | Loss=0.000326 | Best makespan in group=417.00
[TRAIN] Step 118/400 | 11:36:12
[TRAIN] Step 118 | Loss=0.001286 | Best makespan in group=558.00
[TRAIN] Step 119/400 | 11:36:52
[TRAIN] Step 119 | Loss=0.000869 | Best makespan in group=393.00
[TRAIN] Step 120/400 | 11:37:47
[TRAIN] Step 120 | Loss=0.000065 | Best makespan in group=518.00
[TRAIN] Step 121/400 | 11:38:33
[TRAIN] Step 121 | Loss=0.000160 | Best makespan in group=397.00
[TRAIN] Step 122/400 | 11:39:10
[TRAIN] Step 122 | Loss=0.866431 | Best makespan in group=469.00
[TRAIN] Step 123/400 | 11:39:58
[TRAIN] Step 123 | Loss=0.000025 | Best makespan in group=437.00
[TRAIN] Step 124/400 | 11:40:49
[TRAIN] Step 124 | Loss=0.046321 | Best makespan in group=444.00
[TRAIN] Step 125/400 | 11:41:45
[TRAIN] Step 125 | Loss=0.000029 | Best makespan in group=478.00
[TRAIN][VAL][ep 125] avg_gap=0.1452 | std_gap=0.0544 | q80_gap=0.1962 | n=40
[TRAIN] Step 126/400 | 11:45:19
[TRAIN] Step 126 | Loss=0.001113 | Best makespan in group=455.00
[TRAIN] Step 127/400 | 11:45:55
[TRAIN] Step 127 | Loss=1.848506 | Best makespan in group=439.00
[TRAIN] Step 128/400 | 11:46:39
[TRAIN] Step 128 | Loss=0.000293 | Best makespan in group=345.00
[TRAIN] Step 129/400 | 11:47:36
[TRAIN] Step 129 | Loss=0.000076 | Best makespan in group=399.00
[TRAIN] Step 130/400 | 11:48:28
[TRAIN] Step 130 | Loss=0.000105 | Best makespan in group=545.00
[TRAIN] Step 131/400 | 11:49:08
[TRAIN] Step 131 | Loss=2.145928 | Best makespan in group=523.00
[TRAIN] Step 132/400 | 11:49:38
[TRAIN] Step 132 | Loss=0.000001 | Best makespan in group=486.00
[TRAIN] Step 133/400 | 11:50:12
[TRAIN] Step 133 | Loss=0.000005 | Best makespan in group=456.00
[TRAIN] Step 134/400 | 11:50:45
[TRAIN] Step 134 | Loss=0.000038 | Best makespan in group=387.00
[TRAIN] Step 135/400 | 11:51:25
[TRAIN] Step 135 | Loss=0.000164 | Best makespan in group=422.00
[TRAIN] Step 136/400 | 11:52:00
[TRAIN] Step 136 | Loss=0.000463 | Best makespan in group=584.00
[TRAIN] Step 137/400 | 11:52:43
[TRAIN] Step 137 | Loss=0.000037 | Best makespan in group=423.00
[TRAIN] Step 138/400 | 11:53:33
[TRAIN] Step 138 | Loss=0.000020 | Best makespan in group=569.00
[TRAIN] Step 139/400 | 11:54:12
[TRAIN] Step 139 | Loss=0.000006 | Best makespan in group=524.00
[TRAIN] Step 140/400 | 11:54:45
[TRAIN] Step 140 | Loss=0.000007 | Best makespan in group=570.00
[TRAIN] Step 141/400 | 11:55:18
[TRAIN] Step 141 | Loss=1.060222 | Best makespan in group=348.00
[TRAIN] Step 142/400 | 11:55:59
[TRAIN] Step 142 | Loss=0.074686 | Best makespan in group=458.00
[TRAIN] Step 143/400 | 11:56:47
[TRAIN] Step 143 | Loss=0.000003 | Best makespan in group=560.00
[TRAIN] Step 144/400 | 11:57:19
[TRAIN] Step 144 | Loss=1.549205 | Best makespan in group=490.00
[TRAIN] Step 145/400 | 11:58:08
[TRAIN] Step 145 | Loss=0.000006 | Best makespan in group=411.00
[TRAIN] Step 146/400 | 11:59:00
[TRAIN] Step 146 | Loss=0.000042 | Best makespan in group=482.00
[TRAIN] Step 147/400 | 11:59:43
[TRAIN] Step 147 | Loss=0.000006 | Best makespan in group=562.00
[TRAIN] Step 148/400 | 12:00:23
[TRAIN] Step 148 | Loss=0.000002 | Best makespan in group=458.00
[TRAIN] Step 149/400 | 12:00:58
[TRAIN] Step 149 | Loss=0.000030 | Best makespan in group=499.00
[TRAIN] Step 150/400 | 12:01:40
[TRAIN] Step 150 | Loss=0.821761 | Best makespan in group=399.00
[TRAIN][VAL][ep 150] avg_gap=0.1351 | std_gap=0.0544 | q80_gap=0.1748 | n=40
[TRAIN] Validation improved | smoothed_avg_gap=0.1451 (raw=0.1351) | saving candidate: 144415957062025.pth
[TRAIN] Step 151/400 | 12:05:07
[TRAIN] Step 151 | Loss=0.000002 | Best makespan in group=385.00
[TRAIN] Step 152/400 | 12:05:58
[TRAIN] Step 152 | Loss=0.000113 | Best makespan in group=445.00
[TRAIN] Step 153/400 | 12:06:34
[TRAIN] Step 153 | Loss=0.000002 | Best makespan in group=481.00
[TRAIN] Step 154/400 | 12:07:21
[TRAIN] Step 154 | Loss=0.000032 | Best makespan in group=546.00
[TRAIN] Step 155/400 | 12:07:54
[TRAIN] Step 155 | Loss=0.000011 | Best makespan in group=436.00
[TRAIN] Step 156/400 | 12:08:38
[TRAIN] Step 156 | Loss=0.000002 | Best makespan in group=483.00
[TRAIN] Step 157/400 | 12:09:19
[TRAIN] Step 157 | Loss=0.000032 | Best makespan in group=455.00
[TRAIN] Step 158/400 | 12:09:49
[TRAIN] Step 158 | Loss=0.000151 | Best makespan in group=523.00
[TRAIN] Step 159/400 | 12:10:28
[TRAIN] Step 159 | Loss=0.000155 | Best makespan in group=418.00
[TRAIN] Step 160/400 | 12:11:13
[TRAIN] Step 160 | Loss=0.000036 | Best makespan in group=561.00
[TRAIN] Step 161/400 | 12:11:45
[TRAIN] Step 161 | Loss=0.000028 | Best makespan in group=415.00
[TRAIN] Step 162/400 | 12:12:26
[TRAIN] Step 162 | Loss=0.000004 | Best makespan in group=457.00
[TRAIN] Step 163/400 | 12:12:58
[TRAIN] Step 163 | Loss=0.000001 | Best makespan in group=521.00
[TRAIN] Step 164/400 | 12:13:30
[TRAIN] Step 164 | Loss=0.000006 | Best makespan in group=359.00
[TRAIN] Step 165/400 | 12:14:04
[TRAIN] Step 165 | Loss=0.000016 | Best makespan in group=474.00
[TRAIN] Step 166/400 | 12:14:56
[TRAIN] Step 166 | Loss=-0.000000 | Best makespan in group=498.00
[TRAIN] Step 167/400 | 12:15:35
[TRAIN] Step 167 | Loss=0.000003 | Best makespan in group=453.00
[TRAIN] Step 168/400 | 12:16:23
[TRAIN] Step 168 | Loss=0.000010 | Best makespan in group=404.00
[TRAIN] Step 169/400 | 12:17:14
[TRAIN] Step 169 | Loss=0.000026 | Best makespan in group=515.00
[TRAIN] Step 170/400 | 12:17:43
[TRAIN] Step 170 | Loss=0.000001 | Best makespan in group=533.00
[TRAIN] Step 171/400 | 12:18:17
[TRAIN] Step 171 | Loss=0.000103 | Best makespan in group=451.00
[TRAIN] Step 172/400 | 12:18:58
[TRAIN] Step 172 | Loss=0.000112 | Best makespan in group=445.00
[TRAIN] Step 173/400 | 12:19:28
[TRAIN] Step 173 | Loss=0.000065 | Best makespan in group=354.00
[TRAIN] Step 174/400 | 12:20:19
[TRAIN] Step 174 | Loss=0.000001 | Best makespan in group=534.00
[TRAIN] Step 175/400 | 12:20:54
[TRAIN] Step 175 | Loss=0.001718 | Best makespan in group=505.00
[TRAIN][VAL][ep 175] avg_gap=0.1354 | std_gap=0.0439 | q80_gap=0.1673 | n=40
[TRAIN] Validation improved | smoothed_avg_gap=0.1386 (raw=0.1354) | saving candidate: 551278600849684.pth
[TRAIN] Step 176/400 | 12:23:42
[TRAIN] Step 176 | Loss=0.000002 | Best makespan in group=389.00
[TRAIN] Step 177/400 | 12:24:28
[TRAIN] Step 177 | Loss=0.000190 | Best makespan in group=604.00
[TRAIN] Step 178/400 | 12:25:04
[TRAIN] Step 178 | Loss=0.000380 | Best makespan in group=394.00
[TRAIN] Step 179/400 | 12:25:40
[TRAIN] Step 179 | Loss=0.000717 | Best makespan in group=368.00
[TRAIN] Step 180/400 | 12:26:13
[TRAIN] Step 180 | Loss=0.956332 | Best makespan in group=406.00
[TRAIN] Step 181/400 | 12:26:43
[TRAIN] Step 181 | Loss=0.000198 | Best makespan in group=341.00
[TRAIN] Step 182/400 | 12:27:25
[TRAIN] Step 182 | Loss=0.000008 | Best makespan in group=362.00
[TRAIN] Step 183/400 | 12:27:54
[TRAIN] Step 183 | Loss=0.000097 | Best makespan in group=391.00
[TRAIN] Step 184/400 | 12:28:38
[TRAIN] Step 184 | Loss=0.000061 | Best makespan in group=343.00
[TRAIN] Step 185/400 | 12:29:09
[TRAIN] Step 185 | Loss=0.000026 | Best makespan in group=521.00
[TRAIN] Step 186/400 | 12:29:35
[TRAIN] Step 186 | Loss=0.000087 | Best makespan in group=482.00
[TRAIN] Step 187/400 | 12:30:08
[TRAIN] Step 187 | Loss=0.000013 | Best makespan in group=403.00
[TRAIN] Step 188/400 | 12:30:45
[TRAIN] Step 188 | Loss=0.000141 | Best makespan in group=445.00
[TRAIN] Step 189/400 | 12:31:12
[TRAIN] Step 189 | Loss=0.000074 | Best makespan in group=459.00
[TRAIN] Step 190/400 | 12:31:53
[TRAIN] Step 190 | Loss=0.610229 | Best makespan in group=442.00
[TRAIN] Step 191/400 | 12:32:34
[TRAIN] Step 191 | Loss=0.000002 | Best makespan in group=456.00
[TRAIN] Step 192/400 | 12:33:09
[TRAIN] Step 192 | Loss=0.000086 | Best makespan in group=411.00
[TRAIN] Step 193/400 | 12:33:33
[TRAIN] Step 193 | Loss=0.000122 | Best makespan in group=374.00
[TRAIN] Step 194/400 | 12:34:14
[TRAIN] Step 194 | Loss=0.000072 | Best makespan in group=433.00
[TRAIN] Step 195/400 | 12:34:38
[TRAIN] Step 195 | Loss=0.000028 | Best makespan in group=495.00
[TRAIN] Step 196/400 | 12:35:04
[TRAIN] Step 196 | Loss=0.000013 | Best makespan in group=526.00
[TRAIN] Step 197/400 | 12:35:30
[TRAIN] Step 197 | Loss=0.000019 | Best makespan in group=457.00
[TRAIN] Step 198/400 | 12:35:56
[TRAIN] Step 198 | Loss=0.322337 | Best makespan in group=399.00
[TRAIN] Step 199/400 | 12:36:34
[TRAIN] Step 199 | Loss=0.000024 | Best makespan in group=465.00
[TRAIN] Step 200/400 | 12:36:57
[TRAIN] Step 200 | Loss=0.000003 | Best makespan in group=381.00
[TRAIN] Refreshing training instances (step 200)...
[TRAIN][VAL][ep 200] avg_gap=0.1362 | std_gap=0.0495 | q80_gap=0.1795 | n=40
[TRAIN] Validation improved | smoothed_avg_gap=0.1356 (raw=0.1362) | saving candidate: 775172320899021.pth
[TRAIN] Step 201/400 | 12:39:16
[TRAIN] Step 201 | Loss=0.000097 | Best makespan in group=414.00
[TRAIN] Step 202/400 | 12:39:44
[TRAIN] Step 202 | Loss=0.000006 | Best makespan in group=356.00
[TRAIN] Step 203/400 | 12:40:14
[TRAIN] Step 203 | Loss=0.000997 | Best makespan in group=461.00
[TRAIN] Step 204/400 | 12:40:41
[TRAIN] Step 204 | Loss=0.000079 | Best makespan in group=357.00
[TRAIN] Step 205/400 | 12:41:10
[TRAIN] Step 205 | Loss=0.000020 | Best makespan in group=416.00
[TRAIN] Step 206/400 | 12:41:49
[TRAIN] Step 206 | Loss=-0.000000 | Best makespan in group=451.00
[TRAIN] Step 207/400 | 12:42:23
[TRAIN] Step 207 | Loss=0.000122 | Best makespan in group=405.00
[TRAIN] Step 208/400 | 12:43:06
[TRAIN] Step 208 | Loss=0.000026 | Best makespan in group=391.00
[TRAIN] Step 209/400 | 12:43:36
[TRAIN] Step 209 | Loss=0.000002 | Best makespan in group=437.00
[TRAIN] Step 210/400 | 12:44:09
[TRAIN] Step 210 | Loss=0.000011 | Best makespan in group=571.00
[TRAIN] Step 211/400 | 12:44:42
[TRAIN] Step 211 | Loss=0.000011 | Best makespan in group=620.00
[TRAIN] Step 212/400 | 12:45:17
[TRAIN] Step 212 | Loss=0.000106 | Best makespan in group=414.00
[TRAIN] Step 213/400 | 12:45:49
[TRAIN] Step 213 | Loss=0.000002 | Best makespan in group=456.00
[TRAIN] Step 214/400 | 12:46:22
[TRAIN] Step 214 | Loss=0.000030 | Best makespan in group=489.00
[TRAIN] Step 215/400 | 12:46:49
[TRAIN] Step 215 | Loss=0.000001 | Best makespan in group=519.00
[TRAIN] Step 216/400 | 12:47:28
[TRAIN] Step 216 | Loss=0.000333 | Best makespan in group=363.00
[TRAIN] Step 217/400 | 12:48:00
[TRAIN] Step 217 | Loss=0.000131 | Best makespan in group=413.00
[TRAIN] Step 218/400 | 12:48:31
[TRAIN] Step 218 | Loss=0.247564 | Best makespan in group=386.00
[TRAIN] Step 219/400 | 12:49:08
[TRAIN] Step 219 | Loss=0.000001 | Best makespan in group=495.00
[TRAIN] Step 220/400 | 12:49:42
[TRAIN] Step 220 | Loss=0.000031 | Best makespan in group=362.00
[TRAIN] Step 221/400 | 12:50:18
[TRAIN] Step 221 | Loss=0.000001 | Best makespan in group=353.00
[TRAIN] Step 222/400 | 12:50:57
[TRAIN] Step 222 | Loss=0.000420 | Best makespan in group=428.00
[TRAIN] Step 223/400 | 12:51:31
[TRAIN] Step 223 | Loss=0.000000 | Best makespan in group=426.00
[TRAIN] Step 224/400 | 12:52:05
[TRAIN] Step 224 | Loss=0.000013 | Best makespan in group=559.00
[TRAIN] Step 225/400 | 12:52:40
[TRAIN] Step 225 | Loss=0.000006 | Best makespan in group=351.00
[TRAIN][VAL][ep 225] avg_gap=0.1384 | std_gap=0.0506 | q80_gap=0.1791 | n=40
[TRAIN] Step 226/400 | 12:55:04
[TRAIN] Step 226 | Loss=0.000001 | Best makespan in group=532.00
[TRAIN] Step 227/400 | 12:55:39
[TRAIN] Step 227 | Loss=0.000000 | Best makespan in group=436.00
[TRAIN] Step 228/400 | 12:56:15
[TRAIN] Step 228 | Loss=0.000245 | Best makespan in group=409.00
[TRAIN] Step 229/400 | 12:56:53
[TRAIN] Step 229 | Loss=0.009780 | Best makespan in group=354.00
[TRAIN] Step 230/400 | 12:57:23
[TRAIN] Step 230 | Loss=0.000005 | Best makespan in group=310.00
[TRAIN] Step 231/400 | 12:57:54
[TRAIN] Step 231 | Loss=0.000003 | Best makespan in group=503.00
[TRAIN] Step 232/400 | 12:58:24
[TRAIN] Step 232 | Loss=0.000004 | Best makespan in group=364.00
[TRAIN] Step 233/400 | 12:58:58
[TRAIN] Step 233 | Loss=0.000002 | Best makespan in group=571.00
[TRAIN] Step 234/400 | 12:59:27
[TRAIN] Step 234 | Loss=0.000000 | Best makespan in group=437.00
[TRAIN] Step 235/400 | 12:59:55
[TRAIN] Step 235 | Loss=0.000059 | Best makespan in group=404.00
[TRAIN] Step 236/400 | 13:00:27
[TRAIN] Step 236 | Loss=0.000008 | Best makespan in group=351.00
[TRAIN] Step 237/400 | 13:00:53
[TRAIN] Step 237 | Loss=0.000036 | Best makespan in group=410.00
[TRAIN] Step 238/400 | 13:01:19
[TRAIN] Step 238 | Loss=0.000000 | Best makespan in group=535.00
[TRAIN] Step 239/400 | 13:01:51
[TRAIN] Step 239 | Loss=0.000012 | Best makespan in group=436.00
[TRAIN] Step 240/400 | 13:02:27
[TRAIN] Step 240 | Loss=0.000195 | Best makespan in group=458.00
[TRAIN] Step 241/400 | 13:02:49
[TRAIN] Step 241 | Loss=-0.000000 | Best makespan in group=451.00
[TRAIN] Step 242/400 | 13:03:19
[TRAIN] Step 242 | Loss=0.000049 | Best makespan in group=345.00
[TRAIN] Step 243/400 | 13:03:49
[TRAIN] Step 243 | Loss=0.000047 | Best makespan in group=643.00
[TRAIN] Step 244/400 | 13:04:20
[TRAIN] Step 244 | Loss=0.001668 | Best makespan in group=363.00
[TRAIN] Step 245/400 | 13:04:44
[TRAIN] Step 245 | Loss=0.125243 | Best makespan in group=380.00
[TRAIN] Step 246/400 | 13:05:13
[TRAIN] Step 246 | Loss=0.536957 | Best makespan in group=407.00
[TRAIN] Step 247/400 | 13:05:41
[TRAIN] Step 247 | Loss=0.000002 | Best makespan in group=395.00
[TRAIN] Step 248/400 | 13:06:06
[TRAIN] Step 248 | Loss=0.000019 | Best makespan in group=352.00
[TRAIN] Step 249/400 | 13:06:31
[TRAIN] Step 249 | Loss=0.000283 | Best makespan in group=409.00
[TRAIN] Step 250/400 | 13:07:10
[TRAIN] Step 250 | Loss=0.000002 | Best makespan in group=424.00
[TRAIN][VAL][ep 250] avg_gap=0.1395 | std_gap=0.0550 | q80_gap=0.1792 | n=40
[TRAIN] Step 251/400 | 13:09:20
[TRAIN] Step 251 | Loss=0.000001 | Best makespan in group=491.00
[TRAIN] Step 252/400 | 13:09:48
[TRAIN] Step 252 | Loss=0.000005 | Best makespan in group=381.00
[TRAIN] Step 253/400 | 13:10:13
[TRAIN] Step 253 | Loss=0.000001 | Best makespan in group=337.00
[TRAIN] Step 254/400 | 13:10:38
[TRAIN] Step 254 | Loss=0.155307 | Best makespan in group=330.00
[TRAIN] Step 255/400 | 13:11:10
[TRAIN] Step 255 | Loss=0.000017 | Best makespan in group=534.00
[TRAIN] Step 256/400 | 13:11:41
[TRAIN] Step 256 | Loss=0.000002 | Best makespan in group=433.00
[TRAIN] Step 257/400 | 13:12:14
[TRAIN] Step 257 | Loss=0.000000 | Best makespan in group=510.00
[TRAIN] Step 258/400 | 13:12:44
[TRAIN] Step 258 | Loss=0.000003 | Best makespan in group=311.00
[TRAIN] Step 259/400 | 13:13:14
[TRAIN] Step 259 | Loss=0.000004 | Best makespan in group=483.00
[TRAIN] Step 260/400 | 13:13:36
[TRAIN] Step 260 | Loss=0.000307 | Best makespan in group=410.00
[TRAIN] Step 261/400 | 13:14:01
[TRAIN] Step 261 | Loss=0.000047 | Best makespan in group=335.00
[TRAIN] Step 262/400 | 13:14:33
[TRAIN] Step 262 | Loss=0.000011 | Best makespan in group=345.00
[TRAIN] Step 263/400 | 13:15:02
[TRAIN] Step 263 | Loss=0.001469 | Best makespan in group=363.00
[TRAIN] Step 264/400 | 13:15:26
[TRAIN] Step 264 | Loss=0.001617 | Best makespan in group=458.00
[TRAIN] Step 265/400 | 13:15:45
[TRAIN] Step 265 | Loss=0.000001 | Best makespan in group=379.00
[TRAIN] Step 266/400 | 13:16:15
[TRAIN] Step 266 | Loss=0.000005 | Best makespan in group=571.00
[TRAIN] Step 267/400 | 13:16:45
[TRAIN] Step 267 | Loss=0.000058 | Best makespan in group=384.00
[TRAIN] Step 268/400 | 13:17:16
[TRAIN] Step 268 | Loss=0.000002 | Best makespan in group=433.00
[TRAIN] Step 269/400 | 13:17:46
[TRAIN] Step 269 | Loss=0.000130 | Best makespan in group=358.00
[TRAIN] Step 270/400 | 13:18:22
[TRAIN] Step 270 | Loss=0.000002 | Best makespan in group=434.00
[TRAIN] Step 271/400 | 13:18:54
[TRAIN] Step 271 | Loss=0.000001 | Best makespan in group=483.00
[TRAIN] Step 272/400 | 13:19:17
[TRAIN] Step 272 | Loss=0.040307 | Best makespan in group=409.00
[TRAIN] Step 273/400 | 13:19:42
[TRAIN] Step 273 | Loss=0.000005 | Best makespan in group=412.00
[TRAIN] Step 274/400 | 13:20:07
[TRAIN] Step 274 | Loss=0.000001 | Best makespan in group=520.00
[TRAIN] Step 275/400 | 13:20:35
[TRAIN] Step 275 | Loss=-0.000000 | Best makespan in group=439.00
[TRAIN][VAL][ep 275] avg_gap=0.1310 | std_gap=0.0482 | q80_gap=0.1611 | n=40
[TRAIN] Step 276/400 | 13:22:24
[TRAIN] Step 276 | Loss=0.000024 | Best makespan in group=405.00
[TRAIN] Step 277/400 | 13:22:45
[TRAIN] Step 277 | Loss=0.000001 | Best makespan in group=523.00
[TRAIN] Step 278/400 | 13:23:15
[TRAIN] Step 278 | Loss=0.000024 | Best makespan in group=474.00
[TRAIN] Step 279/400 | 13:23:39
[TRAIN] Step 279 | Loss=0.000022 | Best makespan in group=360.00
[TRAIN] Step 280/400 | 13:24:01
[TRAIN] Step 280 | Loss=0.000135 | Best makespan in group=351.00
[TRAIN] Step 281/400 | 13:24:26
[TRAIN] Step 281 | Loss=-0.000000 | Best makespan in group=510.00
[TRAIN] Step 282/400 | 13:24:52
[TRAIN] Step 282 | Loss=0.000004 | Best makespan in group=640.00
[TRAIN] Step 283/400 | 13:25:19
[TRAIN] Step 283 | Loss=0.000002 | Best makespan in group=389.00
[TRAIN] Step 284/400 | 13:25:45
[TRAIN] Step 284 | Loss=0.000001 | Best makespan in group=318.00
[TRAIN] Step 285/400 | 13:26:11
[TRAIN] Step 285 | Loss=0.159842 | Best makespan in group=354.00
[TRAIN] Step 286/400 | 13:26:32
[TRAIN] Step 286 | Loss=0.000003 | Best makespan in group=503.00
[TRAIN] Step 287/400 | 13:26:56
[TRAIN] Step 287 | Loss=0.000296 | Best makespan in group=409.00
[TRAIN] Step 288/400 | 13:27:24
[TRAIN] Step 288 | Loss=0.000002 | Best makespan in group=552.00
[TRAIN] Step 289/400 | 13:27:51
[TRAIN] Step 289 | Loss=0.319405 | Best makespan in group=403.00
[TRAIN] Step 290/400 | 13:28:26
[TRAIN] Step 290 | Loss=0.000015 | Best makespan in group=372.00
[TRAIN] Step 291/400 | 13:28:48
[TRAIN] Step 291 | Loss=0.006079 | Best makespan in group=556.00
[TRAIN] Step 292/400 | 13:29:12
[TRAIN] Step 292 | Loss=0.000741 | Best makespan in group=362.00
[TRAIN] Step 293/400 | 13:29:33
[TRAIN] Step 293 | Loss=0.000001 | Best makespan in group=503.00
[TRAIN] Step 294/400 | 13:29:55
[TRAIN] Step 294 | Loss=0.000000 | Best makespan in group=433.00
[TRAIN] Step 295/400 | 13:30:21
[TRAIN] Step 295 | Loss=0.000028 | Best makespan in group=413.00
[TRAIN] Step 296/400 | 13:30:47
[TRAIN] Step 296 | Loss=0.000085 | Best makespan in group=344.00
[TRAIN] Step 297/400 | 13:31:12
[TRAIN] Step 297 | Loss=0.000002 | Best makespan in group=458.00
[TRAIN] Step 298/400 | 13:31:31
[TRAIN] Step 298 | Loss=0.000003 | Best makespan in group=353.00
[TRAIN] Step 299/400 | 13:31:59
[TRAIN] Step 299 | Loss=0.000008 | Best makespan in group=441.00
[TRAIN] Step 300/400 | 13:32:23
[TRAIN] Step 300 | Loss=0.000018 | Best makespan in group=410.00
[TRAIN][VAL][ep 300] avg_gap=0.1367 | std_gap=0.0459 | q80_gap=0.1708 | n=40
[TRAIN] Step 301/400 | 13:34:10
[TRAIN] Step 301 | Loss=0.000001 | Best makespan in group=520.00
[TRAIN] Step 302/400 | 13:34:36
[TRAIN] Step 302 | Loss=0.000000 | Best makespan in group=516.00
[TRAIN] Step 303/400 | 13:35:02
[TRAIN] Step 303 | Loss=0.000006 | Best makespan in group=395.00
[TRAIN] Step 304/400 | 13:35:24
[TRAIN] Step 304 | Loss=0.000000 | Best makespan in group=611.00
[TRAIN] Step 305/400 | 13:35:48
[TRAIN] Step 305 | Loss=0.000003 | Best makespan in group=347.00
[TRAIN] Step 306/400 | 13:36:15
[TRAIN] Step 306 | Loss=0.000000 | Best makespan in group=434.00
[TRAIN] Step 307/400 | 13:36:45
[TRAIN] Step 307 | Loss=0.000004 | Best makespan in group=483.00
[TRAIN] Step 308/400 | 13:37:07
[TRAIN] Step 308 | Loss=0.000000 | Best makespan in group=328.00
[TRAIN] Step 309/400 | 13:37:34
[TRAIN] Step 309 | Loss=0.000001 | Best makespan in group=535.00
[TRAIN] Step 310/400 | 13:38:02
[TRAIN] Step 310 | Loss=-0.000000 | Best makespan in group=451.00
[TRAIN] Step 311/400 | 13:38:28
[TRAIN] Step 311 | Loss=0.000015 | Best makespan in group=398.00
[TRAIN] Step 312/400 | 13:38:54
[TRAIN] Step 312 | Loss=0.000017 | Best makespan in group=361.00
[TRAIN] Step 313/400 | 13:39:20
[TRAIN] Step 313 | Loss=0.000013 | Best makespan in group=414.00
[TRAIN] Step 314/400 | 13:39:43
[TRAIN] Step 314 | Loss=0.034192 | Best makespan in group=379.00
[TRAIN] Step 315/400 | 13:40:05
[TRAIN] Step 315 | Loss=0.000004 | Best makespan in group=396.00
[TRAIN] Step 316/400 | 13:40:32
[TRAIN] Step 316 | Loss=0.000056 | Best makespan in group=351.00
[TRAIN] Step 317/400 | 13:40:57
[TRAIN] Step 317 | Loss=0.017155 | Best makespan in group=397.00
[TRAIN] Step 318/400 | 13:41:26
[TRAIN] Step 318 | Loss=0.000033 | Best makespan in group=402.00
[TRAIN] Step 319/400 | 13:42:05
[TRAIN] Step 319 | Loss=0.000005 | Best makespan in group=523.00
[TRAIN] Step 320/400 | 13:42:37
[TRAIN] Step 320 | Loss=0.000824 | Best makespan in group=357.00
[TRAIN] Step 321/400 | 13:42:59
[TRAIN] Step 321 | Loss=0.000001 | Best makespan in group=441.00
[TRAIN] Step 322/400 | 13:43:27
[TRAIN] Step 322 | Loss=0.000006 | Best makespan in group=414.00
[TRAIN] Step 323/400 | 13:43:51
[TRAIN] Step 323 | Loss=0.000245 | Best makespan in group=363.00
[TRAIN] Step 324/400 | 13:44:16
[TRAIN] Step 324 | Loss=0.000002 | Best makespan in group=571.00
[TRAIN] Step 325/400 | 13:44:44
[TRAIN] Step 325 | Loss=0.000000 | Best makespan in group=516.00
[TRAIN][VAL][ep 325] avg_gap=0.1340 | std_gap=0.0476 | q80_gap=0.1766 | n=40
[TRAIN] Validation improved | smoothed_avg_gap=0.1339 (raw=0.1340) | saving candidate: 629130110970695.pth
[TRAIN] Step 326/400 | 13:46:39
[TRAIN] Step 326 | Loss=0.000001 | Best makespan in group=361.00
[TRAIN] Step 327/400 | 13:47:02
[TRAIN] Step 327 | Loss=0.000004 | Best makespan in group=328.00
[TRAIN] Step 328/400 | 13:47:29
[TRAIN] Step 328 | Loss=0.042233 | Best makespan in group=523.00
[TRAIN] Step 329/400 | 13:47:55
[TRAIN] Step 329 | Loss=0.000452 | Best makespan in group=402.00
[TRAIN] Step 330/400 | 13:48:27
[TRAIN] Step 330 | Loss=0.190971 | Best makespan in group=364.00
[TRAIN] Step 331/400 | 13:48:53
[TRAIN] Step 331 | Loss=0.000022 | Best makespan in group=344.00
[TRAIN] Step 332/400 | 13:49:19
[TRAIN] Step 332 | Loss=0.000000 | Best makespan in group=535.00
[TRAIN] Step 333/400 | 13:49:46
[TRAIN] Step 333 | Loss=0.000031 | Best makespan in group=353.00
[TRAIN] Step 334/400 | 13:50:15
[TRAIN] Step 334 | Loss=-0.000000 | Best makespan in group=460.00
[TRAIN] Step 335/400 | 13:50:39
[TRAIN] Step 335 | Loss=0.000017 | Best makespan in group=351.00
[TRAIN] Step 336/400 | 13:51:04
[TRAIN] Step 336 | Loss=0.240993 | Best makespan in group=403.00
[TRAIN] Step 337/400 | 13:51:27
[TRAIN] Step 337 | Loss=0.000002 | Best makespan in group=440.00
[TRAIN] Step 338/400 | 13:51:52
[TRAIN] Step 338 | Loss=0.000008 | Best makespan in group=390.00
[TRAIN] Step 339/400 | 13:52:13
[TRAIN] Step 339 | Loss=0.000000 | Best makespan in group=447.00
[TRAIN] Step 340/400 | 13:52:37
[TRAIN] Step 340 | Loss=0.000073 | Best makespan in group=483.00
[TRAIN] Step 341/400 | 13:52:56
[TRAIN] Step 341 | Loss=0.000014 | Best makespan in group=411.00
[TRAIN] Step 342/400 | 13:53:24
[TRAIN] Step 342 | Loss=0.000107 | Best makespan in group=357.00
[TRAIN] Step 343/400 | 13:53:43
[TRAIN] Step 343 | Loss=0.000011 | Best makespan in group=534.00
[TRAIN] Step 344/400 | 13:54:11
[TRAIN] Step 344 | Loss=0.000029 | Best makespan in group=347.00
[TRAIN] Step 345/400 | 13:54:37
[TRAIN] Step 345 | Loss=0.000008 | Best makespan in group=643.00
[TRAIN] Step 346/400 | 13:55:03
[TRAIN] Step 346 | Loss=0.010615 | Best makespan in group=370.00
[TRAIN] Step 347/400 | 13:55:26
[TRAIN] Step 347 | Loss=0.000043 | Best makespan in group=458.00
[TRAIN] Step 348/400 | 13:55:44
[TRAIN] Step 348 | Loss=0.000028 | Best makespan in group=409.00
[TRAIN] Step 349/400 | 13:56:09
[TRAIN] Step 349 | Loss=0.000435 | Best makespan in group=389.00
[TRAIN] Step 350/400 | 13:56:34
[TRAIN] Step 350 | Loss=0.000000 | Best makespan in group=434.00
[TRAIN][VAL][ep 350] avg_gap=0.1347 | std_gap=0.0471 | q80_gap=0.1668 | n=40
[TRAIN] Step 351/400 | 13:58:20
[TRAIN] Step 351 | Loss=0.000019 | Best makespan in group=458.00
[TRAIN] Step 352/400 | 13:58:40
[TRAIN] Step 352 | Loss=0.000001 | Best makespan in group=347.00
[TRAIN] Step 353/400 | 13:59:06
[TRAIN] Step 353 | Loss=0.000003 | Best makespan in group=351.00
[TRAIN] Step 354/400 | 13:59:32
[TRAIN] Step 354 | Loss=0.000017 | Best makespan in group=379.00
[TRAIN] Step 355/400 | 13:59:58
[TRAIN] Step 355 | Loss=0.000013 | Best makespan in group=416.00
[TRAIN] Step 356/400 | 14:00:33
[TRAIN] Step 356 | Loss=0.000062 | Best makespan in group=416.00
[TRAIN] Step 357/400 | 14:00:59
[TRAIN] Step 357 | Loss=-0.000000 | Best makespan in group=516.00
[TRAIN] Step 358/400 | 14:01:26
[TRAIN] Step 358 | Loss=0.000037 | Best makespan in group=409.00
[TRAIN] Step 359/400 | 14:01:52
[TRAIN] Step 359 | Loss=0.000020 | Best makespan in group=351.00
[TRAIN] Step 360/400 | 14:02:17
[TRAIN] Step 360 | Loss=0.000012 | Best makespan in group=534.00
[TRAIN] Step 361/400 | 14:02:41
[TRAIN] Step 361 | Loss=0.161880 | Best makespan in group=388.00
[TRAIN] Step 362/400 | 14:03:02
[TRAIN] Step 362 | Loss=1.730570 | Best makespan in group=389.00
[TRAIN] Step 363/400 | 14:03:25
[TRAIN] Step 363 | Loss=0.000002 | Best makespan in group=434.00
[TRAIN] Step 364/400 | 14:03:54
[TRAIN] Step 364 | Loss=0.000009 | Best makespan in group=405.00
[TRAIN] Step 365/400 | 14:04:15
[TRAIN] Step 365 | Loss=0.000011 | Best makespan in group=643.00
[TRAIN] Step 366/400 | 14:04:40
[TRAIN] Step 366 | Loss=-0.000000 | Best makespan in group=451.00
[TRAIN] Step 367/400 | 14:05:04
[TRAIN] Step 367 | Loss=0.000003 | Best makespan in group=361.00
[TRAIN] Step 368/400 | 14:05:26
[TRAIN] Step 368 | Loss=0.000000 | Best makespan in group=498.00
[TRAIN] Step 369/400 | 14:05:49
[TRAIN] Step 369 | Loss=0.000096 | Best makespan in group=406.00
[TRAIN] Step 370/400 | 14:06:15
[TRAIN] Step 370 | Loss=0.000008 | Best makespan in group=363.00
[TRAIN] Step 371/400 | 14:06:37
[TRAIN] Step 371 | Loss=0.035888 | Best makespan in group=356.00
[TRAIN] Step 372/400 | 14:06:59
[TRAIN] Step 372 | Loss=0.000000 | Best makespan in group=571.00
[TRAIN] Step 373/400 | 14:07:24
[TRAIN] Step 373 | Loss=0.000000 | Best makespan in group=520.00
[TRAIN] Step 374/400 | 14:07:47
[TRAIN] Step 374 | Loss=0.000003 | Best makespan in group=403.00
[TRAIN] Step 375/400 | 14:08:10
[TRAIN] Step 375 | Loss=0.000001 | Best makespan in group=423.00
[TRAIN][VAL][ep 375] avg_gap=0.1328 | std_gap=0.0538 | q80_gap=0.1709 | n=40
[TRAIN] Validation improved | smoothed_avg_gap=0.1338 (raw=0.1328) | saving candidate: 444564717542923.pth
[TRAIN] Step 376/400 | 14:09:57
[TRAIN] Step 376 | Loss=0.000000 | Best makespan in group=555.00
[TRAIN] Step 377/400 | 14:10:23
[TRAIN] Step 377 | Loss=0.000002 | Best makespan in group=460.00
[TRAIN] Step 378/400 | 14:10:45
[TRAIN] Step 378 | Loss=0.130547 | Best makespan in group=339.00
[TRAIN] Step 379/400 | 14:11:11
[TRAIN] Step 379 | Loss=0.000001 | Best makespan in group=350.00
[TRAIN] Step 380/400 | 14:11:41
[TRAIN] Step 380 | Loss=0.000002 | Best makespan in group=478.00
[TRAIN] Step 381/400 | 14:12:00
[TRAIN] Step 381 | Loss=0.000000 | Best makespan in group=361.00
[TRAIN] Step 382/400 | 14:12:23
[TRAIN] Step 382 | Loss=0.000001 | Best makespan in group=520.00
[TRAIN] Step 383/400 | 14:12:48
[TRAIN] Step 383 | Loss=-0.000000 | Best makespan in group=310.00
[TRAIN] Step 384/400 | 14:13:14
[TRAIN] Step 384 | Loss=0.000001 | Best makespan in group=428.00
[TRAIN] Step 385/400 | 14:13:38
[TRAIN] Step 385 | Loss=0.000000 | Best makespan in group=533.00
[TRAIN] Step 386/400 | 14:14:02
[TRAIN] Step 386 | Loss=0.000019 | Best makespan in group=410.00
[TRAIN] Step 387/400 | 14:14:23
[TRAIN] Step 387 | Loss=0.000067 | Best makespan in group=358.00
[TRAIN] Step 388/400 | 14:14:45
[TRAIN] Step 388 | Loss=0.000054 | Best makespan in group=638.00
[TRAIN] Step 389/400 | 14:15:06
[TRAIN] Step 389 | Loss=0.655901 | Best makespan in group=398.00
[TRAIN] Step 390/400 | 14:15:38
[TRAIN] Step 390 | Loss=0.000031 | Best makespan in group=506.00
[TRAIN] Step 391/400 | 14:16:01
[TRAIN] Step 391 | Loss=1.055027 | Best makespan in group=430.00
[TRAIN] Step 392/400 | 14:16:26
[TRAIN] Step 392 | Loss=0.000067 | Best makespan in group=410.00
[TRAIN] Step 393/400 | 14:16:50
[TRAIN] Step 393 | Loss=0.133865 | Best makespan in group=415.00
[TRAIN] Step 394/400 | 14:17:10
[TRAIN] Step 394 | Loss=0.000013 | Best makespan in group=367.00
[TRAIN] Step 395/400 | 14:17:31
[TRAIN] Step 395 | Loss=0.000000 | Best makespan in group=361.00
[TRAIN] Step 396/400 | 14:17:58
[TRAIN] Step 396 | Loss=0.000001 | Best makespan in group=379.00
[TRAIN] Step 397/400 | 14:18:22
[TRAIN] Step 397 | Loss=0.000017 | Best makespan in group=461.00
[TRAIN] Step 398/400 | 14:18:38
[TRAIN] Step 398 | Loss=0.000000 | Best makespan in group=316.00
[TRAIN] Step 399/400 | 14:18:56
[TRAIN] Step 399 | Loss=0.000255 | Best makespan in group=463.00
[TRAIN] Step 400/400 | 14:19:17
[TRAIN] Step 400 | Loss=0.928503 | Best makespan in group=444.00
[TRAIN] Refreshing training instances (step 400)...
[TRAIN][VAL][ep 400] avg_gap=0.1297 | std_gap=0.0467 | q80_gap=0.1740 | n=40
[TRAIN] Validation improved | smoothed_avg_gap=0.1324 (raw=0.1297) | saving candidate: 12322002294160.pth
[TRAIN] Evaluating best checkpoint (candidate_models/12322002294160.pth) on the held-out test split...
[TRAIN][TEST] avg_gap=0.1233 | std_gap=0.0459 | q80_gap=0.1658 | n=40
[TRAIN][14:21:58] Training ended. Validation history and plots updated.
=== DONE convergence_check_ojm_gin in 16127.2s ===
