D:\Dissertação\dissertation-bopo_introduction\venv\Lib\site-packages\torch\jit\_script.py:1485: FutureWarning: `torch.jit.script` is not supported in Python 3.14+ and may break. Please switch to `torch.compile` or `torch.export`.
  warnings.warn(
=== START convergence_check_om_transformer @ 09:53:11 ===
============================================================
[TRAIN] Training started at: 2026-09-19 09:53:11
[TRAIN] Hyperparams | max_steps=400 | new_freq=200
[TRAIN]             | n_cases=30 | B=32 | K=10 | use_greedy=True | lr=0.0005 (decaying to 1.00e-04)
[TRAIN]             | warm_start_steps=200 | checkpoint_smooth_window=3 | seed=42
[TRAIN]             | hidden_channels=128 | num_layers=2 | heads=3
[TRAIN] Representation | om | GNN | transformer
[TRAIN] Problem size | jobs=[8,10] | machines=[5,10] | ops_per_job=[5,6] | max_proc=100
============================================================
[TRAIN] Output run folder: results\convergence_check_om_transformer
[TRAIN] Validation config | every=25 steps | instances=40 (representative subset)
[TRAIN] Warm-start (behavior cloning vs. dispatch heuristic) | 200 step(s)...
[TRAIN][WARMSTART] step 10/200 | instance=28 | bc_loss=1.4656 | decisions=45
[TRAIN][WARMSTART] step 20/200 | instance=17 | bc_loss=1.8244 | decisions=53
[TRAIN][WARMSTART] step 30/200 | instance=22 | bc_loss=1.4862 | decisions=44
[TRAIN][WARMSTART] step 40/200 | instance=11 | bc_loss=1.4334 | decisions=42
[TRAIN][WARMSTART] step 50/200 | instance=10 | bc_loss=1.6108 | decisions=56
[TRAIN][WARMSTART] step 60/200 | instance=6 | bc_loss=1.6423 | decisions=48
[TRAIN][WARMSTART] step 70/200 | instance=1 | bc_loss=1.3375 | decisions=43
[TRAIN][WARMSTART] step 80/200 | instance=25 | bc_loss=1.4880 | decisions=54
[TRAIN][WARMSTART] step 90/200 | instance=9 | bc_loss=1.2898 | decisions=44
[TRAIN][WARMSTART] step 100/200 | instance=25 | bc_loss=1.4540 | decisions=54
[TRAIN][WARMSTART] step 110/200 | instance=9 | bc_loss=1.2724 | decisions=44
[TRAIN][WARMSTART] step 120/200 | instance=5 | bc_loss=1.3674 | decisions=53
[TRAIN][WARMSTART] step 130/200 | instance=23 | bc_loss=1.1740 | decisions=42
[TRAIN][WARMSTART] step 140/200 | instance=1 | bc_loss=1.2386 | decisions=43
[TRAIN][WARMSTART] step 150/200 | instance=23 | bc_loss=1.0669 | decisions=42
[TRAIN][WARMSTART] step 160/200 | instance=18 | bc_loss=1.3290 | decisions=45
[TRAIN][WARMSTART] step 170/200 | instance=25 | bc_loss=1.5164 | decisions=54
[TRAIN][WARMSTART] step 180/200 | instance=0 | bc_loss=1.6634 | decisions=50
[TRAIN][WARMSTART] step 190/200 | instance=10 | bc_loss=1.4731 | decisions=56
[TRAIN][WARMSTART] step 200/200 | instance=21 | bc_loss=1.2864 | decisions=45
[TRAIN] Warm-start complete, switching to BOPO preference optimization.
------------------------------------------------------------
[TRAIN] BOPO agent ready. Starting training loop for 400 step(s)...
------------------------------------------------------------
[TRAIN] Step 1/400 | 10:04:54
[TRAIN] Step 1 | Loss=7.550720 | Best makespan in group=543.00
[TRAIN] Step 2/400 | 10:05:24
[TRAIN] Step 2 | Loss=6.918257 | Best makespan in group=524.00
[TRAIN] Step 3/400 | 10:06:08
[TRAIN] Step 3 | Loss=1.812098 | Best makespan in group=492.00
[TRAIN] Step 4/400 | 10:06:39
[TRAIN] Step 4 | Loss=2.947153 | Best makespan in group=611.00
[TRAIN] Step 5/400 | 10:07:09
[TRAIN] Step 5 | Loss=11.448529 | Best makespan in group=409.00
[TRAIN] Step 6/400 | 10:07:42
[TRAIN] Step 6 | Loss=13.641642 | Best makespan in group=462.00
[TRAIN] Step 7/400 | 10:08:20
[TRAIN] Step 7 | Loss=5.809818 | Best makespan in group=524.00
[TRAIN] Step 8/400 | 10:09:17
[TRAIN] Step 8 | Loss=1.478499 | Best makespan in group=472.00
[TRAIN] Step 9/400 | 10:10:06
[TRAIN] Step 9 | Loss=2.238261 | Best makespan in group=544.00
[TRAIN] Step 10/400 | 10:10:57
[TRAIN] Step 10 | Loss=7.203196 | Best makespan in group=565.00
[TRAIN] Step 11/400 | 10:11:45
[TRAIN] Step 11 | Loss=2.593730 | Best makespan in group=542.00
[TRAIN] Step 12/400 | 10:12:15
[TRAIN] Step 12 | Loss=15.504576 | Best makespan in group=532.00
[TRAIN] Step 13/400 | 10:12:48
[TRAIN] Step 13 | Loss=7.523036 | Best makespan in group=644.00
[TRAIN] Step 14/400 | 10:13:30
[TRAIN] Step 14 | Loss=13.087427 | Best makespan in group=474.00
[TRAIN] Step 15/400 | 10:14:11
[TRAIN] Step 15 | Loss=12.467123 | Best makespan in group=747.00
[TRAIN] Step 16/400 | 10:14:51
[TRAIN] Step 16 | Loss=6.403093 | Best makespan in group=519.00
[TRAIN] Step 17/400 | 10:15:32
[TRAIN] Step 17 | Loss=14.284663 | Best makespan in group=603.00
[TRAIN] Step 18/400 | 10:16:04
[TRAIN] Step 18 | Loss=5.640219 | Best makespan in group=589.00
[TRAIN] Step 19/400 | 10:16:41
[TRAIN] Step 19 | Loss=6.492151 | Best makespan in group=574.00
[TRAIN] Step 20/400 | 10:17:29
[TRAIN] Step 20 | Loss=9.114534 | Best makespan in group=495.00
[TRAIN] Step 21/400 | 10:18:25
[TRAIN] Step 21 | Loss=1.870063 | Best makespan in group=440.00
[TRAIN] Step 22/400 | 10:19:26
[TRAIN] Step 22 | Loss=0.000005 | Best makespan in group=559.00
[TRAIN] Step 23/400 | 10:20:12
[TRAIN] Step 23 | Loss=0.264048 | Best makespan in group=507.00
[TRAIN] Step 24/400 | 10:20:44
[TRAIN] Step 24 | Loss=4.253062 | Best makespan in group=456.00
[TRAIN] Step 25/400 | 10:21:35
[TRAIN] Step 25 | Loss=0.074938 | Best makespan in group=397.00
[TRAIN][VAL][ep 25] avg_gap=0.2960 | std_gap=0.1069 | q80_gap=0.3969 | n=40
[TRAIN] Validation improved | smoothed_avg_gap=0.2960 (raw=0.2960) | saving candidate: 181594904933910.pth
[TRAIN] Step 26/400 | 10:24:22
[TRAIN] Step 26 | Loss=2.350794 | Best makespan in group=565.00
[TRAIN] Step 27/400 | 10:24:59
[TRAIN] Step 27 | Loss=3.049246 | Best makespan in group=603.00
[TRAIN] Step 28/400 | 10:25:32
[TRAIN] Step 28 | Loss=0.000548 | Best makespan in group=562.00
[TRAIN] Step 29/400 | 10:26:10
[TRAIN] Step 29 | Loss=2.846504 | Best makespan in group=354.00
[TRAIN] Step 30/400 | 10:27:10
[TRAIN] Step 30 | Loss=0.026732 | Best makespan in group=495.00
[TRAIN] Step 31/400 | 10:27:45
[TRAIN] Step 31 | Loss=0.000417 | Best makespan in group=387.00
[TRAIN] Step 32/400 | 10:28:27
[TRAIN] Step 32 | Loss=0.000001 | Best makespan in group=474.00
[TRAIN] Step 33/400 | 10:29:04
[TRAIN] Step 33 | Loss=0.015667 | Best makespan in group=478.00
[TRAIN] Step 34/400 | 10:29:58
[TRAIN] Step 34 | Loss=1.704845 | Best makespan in group=502.00
[TRAIN] Step 35/400 | 10:30:51
[TRAIN] Step 35 | Loss=4.474474 | Best makespan in group=374.00
[TRAIN] Step 36/400 | 10:31:31
[TRAIN] Step 36 | Loss=1.807717 | Best makespan in group=491.00
[TRAIN] Step 37/400 | 10:32:12
[TRAIN] Step 37 | Loss=7.121090 | Best makespan in group=401.00
[TRAIN] Step 38/400 | 10:32:46
[TRAIN] Step 38 | Loss=-0.000000 | Best makespan in group=358.00
[TRAIN] Step 39/400 | 10:33:24
[TRAIN] Step 39 | Loss=4.333691 | Best makespan in group=418.00
[TRAIN] Step 40/400 | 10:33:52
[TRAIN] Step 40 | Loss=3.009665 | Best makespan in group=379.00
[TRAIN] Step 41/400 | 10:34:24
[TRAIN] Step 41 | Loss=2.909369 | Best makespan in group=385.00
[TRAIN] Step 42/400 | 10:35:19
[TRAIN] Step 42 | Loss=-0.000000 | Best makespan in group=468.00
[TRAIN] Step 43/400 | 10:35:53
[TRAIN] Step 43 | Loss=6.233764 | Best makespan in group=344.00
[TRAIN] Step 44/400 | 10:36:54
[TRAIN] Step 44 | Loss=-0.000000 | Best makespan in group=490.00
[TRAIN] Step 45/400 | 10:37:38
[TRAIN] Step 45 | Loss=-0.000000 | Best makespan in group=594.00
[TRAIN] Step 46/400 | 10:38:14
[TRAIN] Step 46 | Loss=0.002511 | Best makespan in group=554.00
[TRAIN] Step 47/400 | 10:38:52
[TRAIN] Step 47 | Loss=3.108656 | Best makespan in group=563.00
[TRAIN] Step 48/400 | 10:39:32
[TRAIN] Step 48 | Loss=1.188748 | Best makespan in group=399.00
[TRAIN] Step 49/400 | 10:40:12
[TRAIN] Step 49 | Loss=3.498864 | Best makespan in group=420.00
[TRAIN] Step 50/400 | 10:41:03
[TRAIN] Step 50 | Loss=0.001344 | Best makespan in group=509.00
[TRAIN][VAL][ep 50] avg_gap=0.1470 | std_gap=0.0590 | q80_gap=0.1783 | n=40
[TRAIN] Validation improved | smoothed_avg_gap=0.2215 (raw=0.1470) | saving candidate: 591420490927915.pth
[TRAIN] Step 51/400 | 10:43:42
[TRAIN] Step 51 | Loss=0.633886 | Best makespan in group=429.00
[TRAIN] Step 52/400 | 10:44:13
[TRAIN] Step 52 | Loss=0.192996 | Best makespan in group=409.00
[TRAIN] Step 53/400 | 10:45:03
[TRAIN] Step 53 | Loss=0.690681 | Best makespan in group=421.00
[TRAIN] Step 54/400 | 10:45:51
[TRAIN] Step 54 | Loss=3.005025 | Best makespan in group=542.00
[TRAIN] Step 55/400 | 10:46:22
[TRAIN] Step 55 | Loss=-0.000000 | Best makespan in group=386.00
[TRAIN] Step 56/400 | 10:47:33
[TRAIN] Step 56 | Loss=-0.000000 | Best makespan in group=440.00
[TRAIN] Step 57/400 | 10:48:28
[TRAIN] Step 57 | Loss=0.293017 | Best makespan in group=467.00
[TRAIN] Step 58/400 | 10:49:02
[TRAIN] Step 58 | Loss=0.540766 | Best makespan in group=480.00
[TRAIN] Step 59/400 | 10:49:34
[TRAIN] Step 59 | Loss=2.637950 | Best makespan in group=539.00
[TRAIN] Step 60/400 | 10:50:11
[TRAIN] Step 60 | Loss=-0.000000 | Best makespan in group=397.00
[TRAIN] Step 61/400 | 10:51:01
[TRAIN] Step 61 | Loss=4.490794 | Best makespan in group=470.00
[TRAIN] Step 62/400 | 10:52:00
[TRAIN] Step 62 | Loss=0.023714 | Best makespan in group=433.00
[TRAIN] Step 63/400 | 10:52:53
[TRAIN] Step 63 | Loss=0.318293 | Best makespan in group=557.00
[TRAIN] Step 64/400 | 10:53:25
[TRAIN] Step 64 | Loss=0.754000 | Best makespan in group=345.00
[TRAIN] Step 65/400 | 10:54:24
[TRAIN] Step 65 | Loss=1.206632 | Best makespan in group=461.00
[TRAIN] Step 66/400 | 10:54:56
[TRAIN] Step 66 | Loss=0.097639 | Best makespan in group=391.00
[TRAIN] Step 67/400 | 10:55:58
[TRAIN] Step 67 | Loss=1.344667 | Best makespan in group=455.00
[TRAIN] Step 68/400 | 10:56:39
[TRAIN] Step 68 | Loss=0.314478 | Best makespan in group=399.00
[TRAIN] Step 69/400 | 10:57:18
[TRAIN] Step 69 | Loss=0.019713 | Best makespan in group=374.00
[TRAIN] Step 70/400 | 10:58:07
[TRAIN] Step 70 | Loss=1.596259 | Best makespan in group=461.00
[TRAIN] Step 71/400 | 10:58:39
[TRAIN] Step 71 | Loss=0.343548 | Best makespan in group=459.00
[TRAIN] Step 72/400 | 10:59:24
[TRAIN] Step 72 | Loss=-0.000000 | Best makespan in group=466.00
[TRAIN] Step 73/400 | 11:00:03
[TRAIN] Step 73 | Loss=0.330300 | Best makespan in group=424.00
[TRAIN] Step 74/400 | 11:00:53
[TRAIN] Step 74 | Loss=3.192764 | Best makespan in group=495.00
[TRAIN] Step 75/400 | 11:01:28
[TRAIN] Step 75 | Loss=-0.000000 | Best makespan in group=484.00
[TRAIN][VAL][ep 75] avg_gap=0.1763 | std_gap=0.0654 | q80_gap=0.2229 | n=40
[TRAIN] Validation improved | smoothed_avg_gap=0.2064 (raw=0.1763) | saving candidate: 430835721129333.pth
[TRAIN] Step 76/400 | 11:04:10
[TRAIN] Step 76 | Loss=-0.000000 | Best makespan in group=419.00
[TRAIN] Step 77/400 | 11:05:06
[TRAIN] Step 77 | Loss=-0.000000 | Best makespan in group=572.00
[TRAIN] Step 78/400 | 11:05:48
[TRAIN] Step 78 | Loss=2.154194 | Best makespan in group=434.00
[TRAIN] Step 79/400 | 11:06:17
[TRAIN] Step 79 | Loss=0.000343 | Best makespan in group=410.00
[TRAIN] Step 80/400 | 11:07:13
[TRAIN] Step 80 | Loss=-0.000000 | Best makespan in group=419.00
[TRAIN] Step 81/400 | 11:07:47
[TRAIN] Step 81 | Loss=0.371369 | Best makespan in group=538.00
[TRAIN] Step 82/400 | 11:08:26
[TRAIN] Step 82 | Loss=0.000510 | Best makespan in group=399.00
[TRAIN] Step 83/400 | 11:09:12
[TRAIN] Step 83 | Loss=1.022598 | Best makespan in group=373.00
[TRAIN] Step 84/400 | 11:09:48
[TRAIN] Step 84 | Loss=-0.000000 | Best makespan in group=386.00
[TRAIN] Step 85/400 | 11:10:31
[TRAIN] Step 85 | Loss=-0.000000 | Best makespan in group=374.00
[TRAIN] Step 86/400 | 11:11:11
[TRAIN] Step 86 | Loss=0.071607 | Best makespan in group=602.00
[TRAIN] Step 87/400 | 11:11:42
[TRAIN] Step 87 | Loss=0.231810 | Best makespan in group=431.00
[TRAIN] Step 88/400 | 11:12:14
[TRAIN] Step 88 | Loss=0.582093 | Best makespan in group=344.00
[TRAIN] Step 89/400 | 11:12:56
[TRAIN] Step 89 | Loss=-0.000000 | Best makespan in group=503.00
[TRAIN] Step 90/400 | 11:13:37
[TRAIN] Step 90 | Loss=1.769991 | Best makespan in group=554.00
[TRAIN] Step 91/400 | 11:14:15
[TRAIN] Step 91 | Loss=0.554762 | Best makespan in group=335.00
[TRAIN] Step 92/400 | 11:14:59
[TRAIN] Step 92 | Loss=1.758978 | Best makespan in group=488.00
[TRAIN] Step 93/400 | 11:15:42
[TRAIN] Step 93 | Loss=-0.000000 | Best makespan in group=493.00
[TRAIN] Step 94/400 | 11:16:16
[TRAIN] Step 94 | Loss=-0.000000 | Best makespan in group=385.00
[TRAIN] Step 95/400 | 11:17:25
[TRAIN] Step 95 | Loss=2.722081 | Best makespan in group=497.00
[TRAIN] Step 96/400 | 11:17:59
[TRAIN] Step 96 | Loss=0.673481 | Best makespan in group=567.00
[TRAIN] Step 97/400 | 11:18:34
[TRAIN] Step 97 | Loss=0.131196 | Best makespan in group=479.00
[TRAIN] Step 98/400 | 11:19:15
[TRAIN] Step 98 | Loss=-0.000000 | Best makespan in group=359.00
[TRAIN] Step 99/400 | 11:19:56
[TRAIN] Step 99 | Loss=0.734828 | Best makespan in group=400.00
[TRAIN] Step 100/400 | 11:20:35
[TRAIN] Step 100 | Loss=2.375743 | Best makespan in group=442.00
[TRAIN][VAL][ep 100] avg_gap=0.1729 | std_gap=0.0726 | q80_gap=0.2320 | n=40
[TRAIN] Validation improved | smoothed_avg_gap=0.1654 (raw=0.1729) | saving candidate: 58633598758588.pth
[TRAIN] Step 101/400 | 11:22:58
[TRAIN] Step 101 | Loss=0.000671 | Best makespan in group=430.00
[TRAIN] Step 102/400 | 11:23:51
[TRAIN] Step 102 | Loss=-0.000000 | Best makespan in group=482.00
[TRAIN] Step 103/400 | 11:24:40
[TRAIN] Step 103 | Loss=0.861263 | Best makespan in group=501.00
[TRAIN] Step 104/400 | 11:25:19
[TRAIN] Step 104 | Loss=0.356154 | Best makespan in group=424.00
[TRAIN] Step 105/400 | 11:26:12
[TRAIN] Step 105 | Loss=0.007183 | Best makespan in group=370.00
[TRAIN] Step 106/400 | 11:26:47
[TRAIN] Step 106 | Loss=-0.000000 | Best makespan in group=438.00
[TRAIN] Step 107/400 | 11:27:35
[TRAIN] Step 107 | Loss=0.962454 | Best makespan in group=539.00
[TRAIN] Step 108/400 | 11:28:10
[TRAIN] Step 108 | Loss=0.926220 | Best makespan in group=401.00
[TRAIN] Step 109/400 | 11:28:44
[TRAIN] Step 109 | Loss=0.000000 | Best makespan in group=469.00
[TRAIN] Step 110/400 | 11:29:18
[TRAIN] Step 110 | Loss=0.000186 | Best makespan in group=555.00
[TRAIN] Step 111/400 | 11:29:57
[TRAIN] Step 111 | Loss=0.915205 | Best makespan in group=613.00
[TRAIN] Step 112/400 | 11:30:38
[TRAIN] Step 112 | Loss=0.063911 | Best makespan in group=352.00
[TRAIN] Step 113/400 | 11:31:39
[TRAIN] Step 113 | Loss=0.005172 | Best makespan in group=487.00
[TRAIN] Step 114/400 | 11:32:14
[TRAIN] Step 114 | Loss=-0.000000 | Best makespan in group=414.00
[TRAIN] Step 115/400 | 11:33:03
[TRAIN] Step 115 | Loss=-0.000000 | Best makespan in group=559.00
[TRAIN] Step 116/400 | 11:33:34
[TRAIN] Step 116 | Loss=0.000000 | Best makespan in group=369.00
[TRAIN] Step 117/400 | 11:34:29
[TRAIN] Step 117 | Loss=3.247058 | Best makespan in group=396.00
[TRAIN] Step 118/400 | 11:35:11
[TRAIN] Step 118 | Loss=-0.000000 | Best makespan in group=443.00
[TRAIN] Step 119/400 | 11:36:00
[TRAIN] Step 119 | Loss=2.621226 | Best makespan in group=443.00
[TRAIN] Step 120/400 | 11:36:29
[TRAIN] Step 120 | Loss=-0.000000 | Best makespan in group=466.00
[TRAIN] Step 121/400 | 11:37:23
[TRAIN] Step 121 | Loss=-0.000000 | Best makespan in group=345.00
[TRAIN] Step 122/400 | 11:38:18
[TRAIN] Step 122 | Loss=0.000000 | Best makespan in group=457.00
[TRAIN] Step 123/400 | 11:38:53
[TRAIN] Step 123 | Loss=-0.000000 | Best makespan in group=416.00
[TRAIN] Step 124/400 | 11:39:45
[TRAIN] Step 124 | Loss=0.000000 | Best makespan in group=471.00
[TRAIN] Step 125/400 | 11:40:22
[TRAIN] Step 125 | Loss=-0.000000 | Best makespan in group=542.00
[TRAIN][VAL][ep 125] avg_gap=0.1631 | std_gap=0.0723 | q80_gap=0.2018 | n=40
[TRAIN] Step 126/400 | 11:43:10
[TRAIN] Step 126 | Loss=0.000008 | Best makespan in group=341.00
[TRAIN] Step 127/400 | 11:44:13
[TRAIN] Step 127 | Loss=0.118118 | Best makespan in group=459.00
[TRAIN] Step 128/400 | 11:45:02
[TRAIN] Step 128 | Loss=-0.000000 | Best makespan in group=448.00
[TRAIN] Step 129/400 | 11:45:37
[TRAIN] Step 129 | Loss=-0.000000 | Best makespan in group=492.00
[TRAIN] Step 130/400 | 11:46:10
[TRAIN] Step 130 | Loss=2.030916 | Best makespan in group=476.00
[TRAIN] Step 131/400 | 11:47:01
[TRAIN] Step 131 | Loss=-0.000000 | Best makespan in group=435.00
[TRAIN] Step 132/400 | 11:47:55
[TRAIN] Step 132 | Loss=-0.000000 | Best makespan in group=543.00
[TRAIN] Step 133/400 | 11:48:37
[TRAIN] Step 133 | Loss=0.125259 | Best makespan in group=450.00
[TRAIN] Step 134/400 | 11:49:09
[TRAIN] Step 134 | Loss=0.539988 | Best makespan in group=424.00
[TRAIN] Step 135/400 | 11:49:55
[TRAIN] Step 135 | Loss=0.398583 | Best makespan in group=470.00
[TRAIN] Step 136/400 | 11:50:24
[TRAIN] Step 136 | Loss=-0.000000 | Best makespan in group=437.00
[TRAIN] Step 137/400 | 11:51:12
[TRAIN] Step 137 | Loss=0.000000 | Best makespan in group=546.00
[TRAIN] Step 138/400 | 11:51:52
[TRAIN] Step 138 | Loss=0.883206 | Best makespan in group=387.00
[TRAIN] Step 139/400 | 11:52:32
[TRAIN] Step 139 | Loss=0.000000 | Best makespan in group=545.00
[TRAIN] Step 140/400 | 11:53:07
[TRAIN] Step 140 | Loss=-0.000000 | Best makespan in group=604.00
[TRAIN] Step 141/400 | 11:53:40
[TRAIN] Step 141 | Loss=0.000001 | Best makespan in group=524.00
[TRAIN] Step 142/400 | 11:54:21
[TRAIN] Step 142 | Loss=0.079929 | Best makespan in group=447.00
[TRAIN] Step 143/400 | 11:55:09
[TRAIN] Step 143 | Loss=0.000060 | Best makespan in group=472.00
[TRAIN] Step 144/400 | 11:55:40
[TRAIN] Step 144 | Loss=-0.000000 | Best makespan in group=480.00
[TRAIN] Step 145/400 | 11:56:19
[TRAIN] Step 145 | Loss=0.001399 | Best makespan in group=404.00
[TRAIN] Step 146/400 | 11:57:02
[TRAIN] Step 146 | Loss=0.409569 | Best makespan in group=364.00
[TRAIN] Step 147/400 | 11:57:40
[TRAIN] Step 147 | Loss=0.000000 | Best makespan in group=376.00
[TRAIN] Step 148/400 | 11:58:39
[TRAIN] Step 148 | Loss=-0.000000 | Best makespan in group=407.00
[TRAIN] Step 149/400 | 11:59:25
[TRAIN] Step 149 | Loss=0.000000 | Best makespan in group=411.00
[TRAIN] Step 150/400 | 11:59:59
[TRAIN] Step 150 | Loss=0.000002 | Best makespan in group=375.00
[TRAIN][VAL][ep 150] avg_gap=0.1506 | std_gap=0.0523 | q80_gap=0.1875 | n=40
[TRAIN] Validation improved | smoothed_avg_gap=0.1622 (raw=0.1506) | saving candidate: 101508473972289.pth
[TRAIN] Step 151/400 | 12:03:14
[TRAIN] Step 151 | Loss=0.000002 | Best makespan in group=435.00
[TRAIN] Step 152/400 | 12:04:05
[TRAIN] Step 152 | Loss=-0.000000 | Best makespan in group=447.00
[TRAIN] Step 153/400 | 12:04:53
[TRAIN] Step 153 | Loss=-0.000000 | Best makespan in group=405.00
[TRAIN] Step 154/400 | 12:05:41
[TRAIN] Step 154 | Loss=-0.000000 | Best makespan in group=469.00
[TRAIN] Step 155/400 | 12:06:14
[TRAIN] Step 155 | Loss=0.002181 | Best makespan in group=423.00
[TRAIN] Step 156/400 | 12:07:04
[TRAIN] Step 156 | Loss=0.005174 | Best makespan in group=536.00
[TRAIN] Step 157/400 | 12:07:37
[TRAIN] Step 157 | Loss=0.547098 | Best makespan in group=417.00
[TRAIN] Step 158/400 | 12:08:07
[TRAIN] Step 158 | Loss=0.000000 | Best makespan in group=569.00
[TRAIN] Step 159/400 | 12:08:44
[TRAIN] Step 159 | Loss=0.173864 | Best makespan in group=346.00
[TRAIN] Step 160/400 | 12:09:39
[TRAIN] Step 160 | Loss=-0.000000 | Best makespan in group=516.00
[TRAIN] Step 161/400 | 12:10:17
[TRAIN] Step 161 | Loss=0.720479 | Best makespan in group=451.00
[TRAIN] Step 162/400 | 12:10:48
[TRAIN] Step 162 | Loss=0.000008 | Best makespan in group=399.00
[TRAIN] Step 163/400 | 12:11:26
[TRAIN] Step 163 | Loss=0.000001 | Best makespan in group=399.00
[TRAIN] Step 164/400 | 12:12:14
[TRAIN] Step 164 | Loss=-0.000000 | Best makespan in group=428.00
[TRAIN] Step 165/400 | 12:13:00
[TRAIN] Step 165 | Loss=-0.000000 | Best makespan in group=469.00
[TRAIN] Step 166/400 | 12:13:46
[TRAIN] Step 166 | Loss=0.000000 | Best makespan in group=455.00
[TRAIN] Step 167/400 | 12:14:17
[TRAIN] Step 167 | Loss=-0.000000 | Best makespan in group=384.00
[TRAIN] Step 168/400 | 12:15:20
[TRAIN] Step 168 | Loss=0.597532 | Best makespan in group=445.00
[TRAIN] Step 169/400 | 12:16:12
[TRAIN] Step 169 | Loss=0.000000 | Best makespan in group=395.00
[TRAIN] Step 170/400 | 12:16:49
[TRAIN] Step 170 | Loss=1.800224 | Best makespan in group=587.00
[TRAIN] Step 171/400 | 12:17:15
[TRAIN] Step 171 | Loss=0.024536 | Best makespan in group=508.00
[TRAIN] Step 172/400 | 12:17:49
[TRAIN] Step 172 | Loss=-0.000000 | Best makespan in group=488.00
[TRAIN] Step 173/400 | 12:18:18
[TRAIN] Step 173 | Loss=0.000949 | Best makespan in group=480.00
[TRAIN] Step 174/400 | 12:18:51
[TRAIN] Step 174 | Loss=0.375611 | Best makespan in group=509.00
[TRAIN] Step 175/400 | 12:19:17
[TRAIN] Step 175 | Loss=0.000000 | Best makespan in group=411.00
[TRAIN][VAL][ep 175] avg_gap=0.1497 | std_gap=0.0507 | q80_gap=0.1884 | n=40
[TRAIN] Validation improved | smoothed_avg_gap=0.1545 (raw=0.1497) | saving candidate: 923446785995838.pth
[TRAIN] Step 176/400 | 12:21:37
[TRAIN] Step 176 | Loss=0.000002 | Best makespan in group=375.00
[TRAIN] Step 177/400 | 12:22:22
[TRAIN] Step 177 | Loss=0.000000 | Best makespan in group=360.00
[TRAIN] Step 178/400 | 12:22:55
[TRAIN] Step 178 | Loss=0.000002 | Best makespan in group=574.00
[TRAIN] Step 179/400 | 12:23:26
[TRAIN] Step 179 | Loss=0.000002 | Best makespan in group=452.00
[TRAIN] Step 180/400 | 12:23:58
[TRAIN] Step 180 | Loss=0.000001 | Best makespan in group=355.00
[TRAIN] Step 181/400 | 12:24:31
[TRAIN] Step 181 | Loss=-0.000000 | Best makespan in group=407.00
[TRAIN] Step 182/400 | 12:25:07
[TRAIN] Step 182 | Loss=0.113441 | Best makespan in group=369.00
[TRAIN] Step 183/400 | 12:25:42
[TRAIN] Step 183 | Loss=-0.000000 | Best makespan in group=450.00
[TRAIN] Step 184/400 | 12:26:20
[TRAIN] Step 184 | Loss=-0.000000 | Best makespan in group=442.00
[TRAIN] Step 185/400 | 12:26:48
[TRAIN] Step 185 | Loss=1.487270 | Best makespan in group=550.00
[TRAIN] Step 186/400 | 12:27:14
[TRAIN] Step 186 | Loss=0.000003 | Best makespan in group=509.00
[TRAIN] Step 187/400 | 12:27:45
[TRAIN] Step 187 | Loss=0.175729 | Best makespan in group=530.00
[TRAIN] Step 188/400 | 12:28:10
[TRAIN] Step 188 | Loss=-0.000000 | Best makespan in group=430.00
[TRAIN] Step 189/400 | 12:28:50
[TRAIN] Step 189 | Loss=-0.000000 | Best makespan in group=405.00
[TRAIN] Step 190/400 | 12:29:13
[TRAIN] Step 190 | Loss=-0.000000 | Best makespan in group=458.00
[TRAIN] Step 191/400 | 12:29:49
[TRAIN] Step 191 | Loss=0.098361 | Best makespan in group=395.00
[TRAIN] Step 192/400 | 12:30:35
[TRAIN] Step 192 | Loss=-0.000000 | Best makespan in group=518.00
[TRAIN] Step 193/400 | 12:31:06
[TRAIN] Step 193 | Loss=0.633574 | Best makespan in group=493.00
[TRAIN] Step 194/400 | 12:31:31
[TRAIN] Step 194 | Loss=0.475524 | Best makespan in group=399.00
[TRAIN] Step 195/400 | 12:32:03
[TRAIN] Step 195 | Loss=-0.000000 | Best makespan in group=429.00
[TRAIN] Step 196/400 | 12:32:26
[TRAIN] Step 196 | Loss=-0.000000 | Best makespan in group=421.00
[TRAIN] Step 197/400 | 12:33:06
[TRAIN] Step 197 | Loss=1.035269 | Best makespan in group=379.00
[TRAIN] Step 198/400 | 12:33:32
[TRAIN] Step 198 | Loss=0.828361 | Best makespan in group=388.00
[TRAIN] Step 199/400 | 12:34:11
[TRAIN] Step 199 | Loss=-0.000000 | Best makespan in group=394.00
[TRAIN] Step 200/400 | 12:34:47
[TRAIN] Step 200 | Loss=1.981629 | Best makespan in group=344.00
[TRAIN] Refreshing training instances (step 200)...
[TRAIN][VAL][ep 200] avg_gap=0.1522 | std_gap=0.0482 | q80_gap=0.1860 | n=40
[TRAIN] Validation improved | smoothed_avg_gap=0.1508 (raw=0.1522) | saving candidate: 508674951142036.pth
[TRAIN] Step 201/400 | 12:37:01
[TRAIN] Step 201 | Loss=0.000000 | Best makespan in group=499.00
[TRAIN] Step 202/400 | 12:37:22
[TRAIN] Step 202 | Loss=-0.000000 | Best makespan in group=493.00
[TRAIN] Step 203/400 | 12:38:00
[TRAIN] Step 203 | Loss=1.848248 | Best makespan in group=360.00
[TRAIN] Step 204/400 | 12:38:33
[TRAIN] Step 204 | Loss=-0.000000 | Best makespan in group=448.00
[TRAIN] Step 205/400 | 12:39:00
[TRAIN] Step 205 | Loss=1.624649 | Best makespan in group=341.00
[TRAIN] Step 206/400 | 12:39:24
[TRAIN] Step 206 | Loss=-0.000000 | Best makespan in group=380.00
[TRAIN] Step 207/400 | 12:39:59
[TRAIN] Step 207 | Loss=-0.000000 | Best makespan in group=426.00
[TRAIN] Step 208/400 | 12:40:47
[TRAIN] Step 208 | Loss=-0.000000 | Best makespan in group=353.00
[TRAIN] Step 209/400 | 12:41:18
[TRAIN] Step 209 | Loss=-0.000000 | Best makespan in group=432.00
[TRAIN] Step 210/400 | 12:41:52
[TRAIN] Step 210 | Loss=-0.000000 | Best makespan in group=544.00
[TRAIN] Step 211/400 | 12:42:28
[TRAIN] Step 211 | Loss=0.000004 | Best makespan in group=383.00
[TRAIN] Step 212/400 | 12:43:02
[TRAIN] Step 212 | Loss=0.700994 | Best makespan in group=507.00
[TRAIN] Step 213/400 | 12:43:42
[TRAIN] Step 213 | Loss=1.299217 | Best makespan in group=377.00
[TRAIN] Step 214/400 | 12:44:16
[TRAIN] Step 214 | Loss=-0.000000 | Best makespan in group=493.00
[TRAIN] Step 215/400 | 12:44:45
[TRAIN] Step 215 | Loss=0.000007 | Best makespan in group=551.00
[TRAIN] Step 216/400 | 12:45:08
[TRAIN] Step 216 | Loss=0.485792 | Best makespan in group=494.00
[TRAIN] Step 217/400 | 12:45:33
[TRAIN] Step 217 | Loss=-0.000000 | Best makespan in group=341.00
[TRAIN] Step 218/400 | 12:46:11
[TRAIN] Step 218 | Loss=-0.000000 | Best makespan in group=346.00
[TRAIN] Step 219/400 | 12:46:51
[TRAIN] Step 219 | Loss=0.743759 | Best makespan in group=530.00
[TRAIN] Step 220/400 | 12:47:26
[TRAIN] Step 220 | Loss=1.224586 | Best makespan in group=509.00
[TRAIN] Step 221/400 | 12:47:58
[TRAIN] Step 221 | Loss=-0.000000 | Best makespan in group=385.00
[TRAIN] Step 222/400 | 12:48:34
[TRAIN] Step 222 | Loss=-0.000000 | Best makespan in group=356.00
[TRAIN] Step 223/400 | 12:49:16
[TRAIN] Step 223 | Loss=-0.000000 | Best makespan in group=371.00
[TRAIN] Step 224/400 | 12:50:03
[TRAIN] Step 224 | Loss=0.515573 | Best makespan in group=466.00
[TRAIN] Step 225/400 | 12:50:49
[TRAIN] Step 225 | Loss=-0.000000 | Best makespan in group=460.00
[TRAIN][VAL][ep 225] avg_gap=0.1456 | std_gap=0.0511 | q80_gap=0.1819 | n=40
[TRAIN] Validation improved | smoothed_avg_gap=0.1492 (raw=0.1456) | saving candidate: 59939402909613.pth
[TRAIN] Step 226/400 | 12:52:56
[TRAIN] Step 226 | Loss=1.769390 | Best makespan in group=391.00
[TRAIN] Step 227/400 | 12:53:21
[TRAIN] Step 227 | Loss=0.000000 | Best makespan in group=362.00
[TRAIN] Step 228/400 | 12:53:53
[TRAIN] Step 228 | Loss=0.000014 | Best makespan in group=404.00
[TRAIN] Step 229/400 | 12:54:18
[TRAIN] Step 229 | Loss=0.000000 | Best makespan in group=427.00
[TRAIN] Step 230/400 | 12:54:41
[TRAIN] Step 230 | Loss=0.000011 | Best makespan in group=395.00
[TRAIN] Step 231/400 | 12:55:06
[TRAIN] Step 231 | Loss=-0.000000 | Best makespan in group=523.00
[TRAIN] Step 232/400 | 12:55:38
[TRAIN] Step 232 | Loss=0.000000 | Best makespan in group=385.00
[TRAIN] Step 233/400 | 12:56:02
[TRAIN] Step 233 | Loss=0.111019 | Best makespan in group=356.00
[TRAIN] Step 234/400 | 12:56:32
[TRAIN] Step 234 | Loss=3.294591 | Best makespan in group=383.00
[TRAIN] Step 235/400 | 12:57:10
[TRAIN] Step 235 | Loss=0.083796 | Best makespan in group=412.00
[TRAIN] Step 236/400 | 12:57:32
[TRAIN] Step 236 | Loss=0.000010 | Best makespan in group=533.00
[TRAIN] Step 237/400 | 12:57:51
[TRAIN] Step 237 | Loss=0.000000 | Best makespan in group=425.00
[TRAIN] Step 238/400 | 12:58:09
[TRAIN] Step 238 | Loss=-0.000000 | Best makespan in group=365.00
[TRAIN] Step 239/400 | 12:58:37
[TRAIN] Step 239 | Loss=-0.000000 | Best makespan in group=378.00
[TRAIN] Step 240/400 | 12:59:07
[TRAIN] Step 240 | Loss=-0.000000 | Best makespan in group=461.00
[TRAIN] Step 241/400 | 12:59:41
[TRAIN] Step 241 | Loss=-0.000000 | Best makespan in group=390.00
[TRAIN] Step 242/400 | 13:00:05
[TRAIN] Step 242 | Loss=-0.000000 | Best makespan in group=552.00
[TRAIN] Step 243/400 | 13:00:33
[TRAIN] Step 243 | Loss=0.071422 | Best makespan in group=382.00
[TRAIN] Step 244/400 | 13:01:08
[TRAIN] Step 244 | Loss=0.000006 | Best makespan in group=504.00
[TRAIN] Step 245/400 | 13:01:34
[TRAIN] Step 245 | Loss=-0.000000 | Best makespan in group=458.00
[TRAIN] Step 246/400 | 13:02:17
[TRAIN] Step 246 | Loss=-0.000000 | Best makespan in group=499.00
[TRAIN] Step 247/400 | 13:02:44
[TRAIN] Step 247 | Loss=-0.000000 | Best makespan in group=367.00
[TRAIN] Step 248/400 | 13:03:18
[TRAIN] Step 248 | Loss=-0.000000 | Best makespan in group=428.00
[TRAIN] Step 249/400 | 13:03:58
[TRAIN] Step 249 | Loss=1.722479 | Best makespan in group=371.00
[TRAIN] Step 250/400 | 13:04:23
[TRAIN] Step 250 | Loss=0.003256 | Best makespan in group=495.00
[TRAIN][VAL][ep 250] avg_gap=0.1527 | std_gap=0.0595 | q80_gap=0.1918 | n=40
[TRAIN] Step 251/400 | 13:06:05
[TRAIN] Step 251 | Loss=-0.000000 | Best makespan in group=499.00
[TRAIN] Step 252/400 | 13:06:25
[TRAIN] Step 252 | Loss=-0.000000 | Best makespan in group=479.00
[TRAIN] Step 253/400 | 13:06:59
[TRAIN] Step 253 | Loss=-0.000000 | Best makespan in group=325.00
[TRAIN] Step 254/400 | 13:07:22
[TRAIN] Step 254 | Loss=0.207644 | Best makespan in group=382.00
[TRAIN] Step 255/400 | 13:07:47
[TRAIN] Step 255 | Loss=-0.000000 | Best makespan in group=383.00
[TRAIN] Step 256/400 | 13:08:11
[TRAIN] Step 256 | Loss=-0.000000 | Best makespan in group=334.00
[TRAIN] Step 257/400 | 13:08:43
[TRAIN] Step 257 | Loss=-0.000000 | Best makespan in group=485.00
[TRAIN] Step 258/400 | 13:09:04
[TRAIN] Step 258 | Loss=-0.000000 | Best makespan in group=361.00
[TRAIN] Step 259/400 | 13:09:29
[TRAIN] Step 259 | Loss=-0.000000 | Best makespan in group=425.00
[TRAIN] Step 260/400 | 13:09:53
[TRAIN] Step 260 | Loss=-0.000000 | Best makespan in group=332.00
[TRAIN] Step 261/400 | 13:10:27
[TRAIN] Step 261 | Loss=3.602685 | Best makespan in group=425.00
[TRAIN] Step 262/400 | 13:10:51
[TRAIN] Step 262 | Loss=-0.000000 | Best makespan in group=370.00
[TRAIN] Step 263/400 | 13:11:30
[TRAIN] Step 263 | Loss=-0.000000 | Best makespan in group=499.00
[TRAIN] Step 264/400 | 13:12:03
[TRAIN] Step 264 | Loss=-0.000000 | Best makespan in group=390.00
[TRAIN] Step 265/400 | 13:12:26
[TRAIN] Step 265 | Loss=-0.000000 | Best makespan in group=515.00
[TRAIN] Step 266/400 | 13:12:54
[TRAIN] Step 266 | Loss=0.005412 | Best makespan in group=367.00
[TRAIN] Step 267/400 | 13:13:28
[TRAIN] Step 267 | Loss=0.022027 | Best makespan in group=372.00
[TRAIN] Step 268/400 | 13:13:51
[TRAIN] Step 268 | Loss=-0.000000 | Best makespan in group=467.00
[TRAIN] Step 269/400 | 13:14:22
[TRAIN] Step 269 | Loss=0.303666 | Best makespan in group=426.00
[TRAIN] Step 270/400 | 13:15:01
[TRAIN] Step 270 | Loss=-0.000000 | Best makespan in group=420.00
[TRAIN] Step 271/400 | 13:15:23
[TRAIN] Step 271 | Loss=-0.000000 | Best makespan in group=373.00
[TRAIN] Step 272/400 | 13:15:52
[TRAIN] Step 272 | Loss=-0.000000 | Best makespan in group=525.00
[TRAIN] Step 273/400 | 13:16:19
[TRAIN] Step 273 | Loss=-0.000000 | Best makespan in group=482.00
[TRAIN] Step 274/400 | 13:16:40
[TRAIN] Step 274 | Loss=-0.000000 | Best makespan in group=498.00
[TRAIN] Step 275/400 | 13:17:05
[TRAIN] Step 275 | Loss=2.895149 | Best makespan in group=382.00
[TRAIN][VAL][ep 275] avg_gap=0.1484 | std_gap=0.0600 | q80_gap=0.1880 | n=40
[TRAIN] Validation improved | smoothed_avg_gap=0.1489 (raw=0.1484) | saving candidate: 157909068408502.pth
[TRAIN] Step 276/400 | 13:18:54
[TRAIN] Step 276 | Loss=-0.000000 | Best makespan in group=371.00
[TRAIN] Step 277/400 | 13:19:18
[TRAIN] Step 277 | Loss=-0.000000 | Best makespan in group=414.00
[TRAIN] Step 278/400 | 13:19:37
[TRAIN] Step 278 | Loss=0.539165 | Best makespan in group=454.00
[TRAIN] Step 279/400 | 13:20:01
[TRAIN] Step 279 | Loss=0.099334 | Best makespan in group=350.00
[TRAIN] Step 280/400 | 13:20:33
[TRAIN] Step 280 | Loss=0.000000 | Best makespan in group=374.00
[TRAIN] Step 281/400 | 13:20:52
[TRAIN] Step 281 | Loss=-0.000000 | Best makespan in group=526.00
[TRAIN] Step 282/400 | 13:21:10
[TRAIN] Step 282 | Loss=0.000000 | Best makespan in group=323.00
[TRAIN] Step 283/400 | 13:21:30
[TRAIN] Step 283 | Loss=0.028816 | Best makespan in group=354.00
[TRAIN] Step 284/400 | 13:21:56
[TRAIN] Step 284 | Loss=5.831161 | Best makespan in group=457.00
[TRAIN] Step 285/400 | 13:22:31
[TRAIN] Step 285 | Loss=-0.000000 | Best makespan in group=325.00
[TRAIN] Step 286/400 | 13:23:02
[TRAIN] Step 286 | Loss=-0.000000 | Best makespan in group=434.00
[TRAIN] Step 287/400 | 13:23:26
[TRAIN] Step 287 | Loss=-0.000000 | Best makespan in group=470.00
[TRAIN] Step 288/400 | 13:23:55
[TRAIN] Step 288 | Loss=-0.000000 | Best makespan in group=364.00
[TRAIN] Step 289/400 | 13:24:19
[TRAIN] Step 289 | Loss=-0.000000 | Best makespan in group=354.00
[TRAIN] Step 290/400 | 13:24:39
[TRAIN] Step 290 | Loss=0.000110 | Best makespan in group=486.00
[TRAIN] Step 291/400 | 13:24:57
[TRAIN] Step 291 | Loss=-0.000000 | Best makespan in group=460.00
[TRAIN] Step 292/400 | 13:25:32
[TRAIN] Step 292 | Loss=-0.000000 | Best makespan in group=413.00
[TRAIN] Step 293/400 | 13:25:53
[TRAIN] Step 293 | Loss=0.003002 | Best makespan in group=572.00
[TRAIN] Step 294/400 | 13:26:17
[TRAIN] Step 294 | Loss=-0.000000 | Best makespan in group=478.00
[TRAIN] Step 295/400 | 13:26:47
[TRAIN] Step 295 | Loss=1.497925 | Best makespan in group=396.00
[TRAIN] Step 296/400 | 13:27:12
[TRAIN] Step 296 | Loss=-0.000000 | Best makespan in group=358.00
[TRAIN] Step 297/400 | 13:27:39
[TRAIN] Step 297 | Loss=-0.000000 | Best makespan in group=330.00
[TRAIN] Step 298/400 | 13:28:09
[TRAIN] Step 298 | Loss=-0.000000 | Best makespan in group=369.00
[TRAIN] Step 299/400 | 13:28:40
[TRAIN] Step 299 | Loss=-0.000000 | Best makespan in group=499.00
[TRAIN] Step 300/400 | 13:28:57
[TRAIN] Step 300 | Loss=-0.000000 | Best makespan in group=411.00
[TRAIN][VAL][ep 300] avg_gap=0.1580 | std_gap=0.0649 | q80_gap=0.1804 | n=40
[TRAIN] Step 301/400 | 13:30:12
[TRAIN] Step 301 | Loss=-0.000000 | Best makespan in group=486.00
[TRAIN] Step 302/400 | 13:30:41
[TRAIN] Step 302 | Loss=0.367891 | Best makespan in group=362.00
[TRAIN] Step 303/400 | 13:31:04
[TRAIN] Step 303 | Loss=0.781972 | Best makespan in group=505.00
[TRAIN] Step 304/400 | 13:31:32
[TRAIN] Step 304 | Loss=-0.000000 | Best makespan in group=332.00
[TRAIN] Step 305/400 | 13:32:00
[TRAIN] Step 305 | Loss=-0.000000 | Best makespan in group=360.00
[TRAIN] Step 306/400 | 13:32:22
[TRAIN] Step 306 | Loss=-0.000000 | Best makespan in group=551.00
[TRAIN] Step 307/400 | 13:32:38
[TRAIN] Step 307 | Loss=-0.000000 | Best makespan in group=444.00
[TRAIN] Step 308/400 | 13:33:01
[TRAIN] Step 308 | Loss=-0.000000 | Best makespan in group=375.00
[TRAIN] Step 309/400 | 13:33:21
[TRAIN] Step 309 | Loss=-0.000000 | Best makespan in group=553.00
[TRAIN] Step 310/400 | 13:33:46
[TRAIN] Step 310 | Loss=-0.000000 | Best makespan in group=501.00
[TRAIN] Step 311/400 | 13:34:04
[TRAIN] Step 311 | Loss=2.952804 | Best makespan in group=367.00
[TRAIN] Step 312/400 | 13:34:26
[TRAIN] Step 312 | Loss=-0.000000 | Best makespan in group=369.00
[TRAIN] Step 313/400 | 13:35:00
[TRAIN] Step 313 | Loss=-0.000000 | Best makespan in group=409.00
[TRAIN] Step 314/400 | 13:35:19
[TRAIN] Step 314 | Loss=0.000000 | Best makespan in group=354.00
[TRAIN] Step 315/400 | 13:35:38
[TRAIN] Step 315 | Loss=0.093550 | Best makespan in group=398.00
[TRAIN] Step 316/400 | 13:35:58
[TRAIN] Step 316 | Loss=-0.000000 | Best makespan in group=356.00
[TRAIN] Step 317/400 | 13:36:26
[TRAIN] Step 317 | Loss=-0.000000 | Best makespan in group=505.00
[TRAIN] Step 318/400 | 13:36:47
[TRAIN] Step 318 | Loss=-0.000000 | Best makespan in group=429.00
[TRAIN] Step 319/400 | 13:37:24
[TRAIN] Step 319 | Loss=0.000003 | Best makespan in group=332.00
[TRAIN] Step 320/400 | 13:37:47
[TRAIN] Step 320 | Loss=0.436103 | Best makespan in group=486.00
[TRAIN] Step 321/400 | 13:38:08
[TRAIN] Step 321 | Loss=0.035047 | Best makespan in group=362.00
[TRAIN] Step 322/400 | 13:38:35
[TRAIN] Step 322 | Loss=11.858358 | Best makespan in group=459.00
[TRAIN] Step 323/400 | 13:39:14
[TRAIN] Step 323 | Loss=-0.000000 | Best makespan in group=335.00
[TRAIN] Step 324/400 | 13:39:43
[TRAIN] Step 324 | Loss=0.638592 | Best makespan in group=521.00
[TRAIN] Step 325/400 | 13:40:00
[TRAIN] Step 325 | Loss=-0.000000 | Best makespan in group=418.00
[TRAIN][VAL][ep 325] avg_gap=0.1506 | std_gap=0.0560 | q80_gap=0.1872 | n=40
[TRAIN] Step 326/400 | 13:41:32
[TRAIN] Step 326 | Loss=0.000000 | Best makespan in group=400.00
[TRAIN] Step 327/400 | 13:41:55
[TRAIN] Step 327 | Loss=0.474571 | Best makespan in group=367.00
[TRAIN] Step 328/400 | 13:42:18
[TRAIN] Step 328 | Loss=0.000003 | Best makespan in group=354.00
[TRAIN] Step 329/400 | 13:42:42
[TRAIN] Step 329 | Loss=-0.000000 | Best makespan in group=541.00
[TRAIN] Step 330/400 | 13:43:10
[TRAIN] Step 330 | Loss=0.000000 | Best makespan in group=343.00
[TRAIN] Step 331/400 | 13:43:38
[TRAIN] Step 331 | Loss=-0.000000 | Best makespan in group=508.00
[TRAIN] Step 332/400 | 13:44:02
[TRAIN] Step 332 | Loss=0.000006 | Best makespan in group=504.00
[TRAIN] Step 333/400 | 13:44:31
[TRAIN] Step 333 | Loss=-0.000000 | Best makespan in group=563.00
[TRAIN] Step 334/400 | 13:44:56
[TRAIN] Step 334 | Loss=-0.000000 | Best makespan in group=424.00
[TRAIN] Step 335/400 | 13:45:30
[TRAIN] Step 335 | Loss=0.000003 | Best makespan in group=365.00
[TRAIN] Step 336/400 | 13:45:54
[TRAIN] Step 336 | Loss=-0.000000 | Best makespan in group=513.00
[TRAIN] Step 337/400 | 13:46:11
[TRAIN] Step 337 | Loss=0.236890 | Best makespan in group=370.00
[TRAIN] Step 338/400 | 13:46:31
[TRAIN] Step 338 | Loss=0.000000 | Best makespan in group=364.00
[TRAIN] Step 339/400 | 13:46:56
[TRAIN] Step 339 | Loss=-0.000000 | Best makespan in group=463.00
[TRAIN] Step 340/400 | 13:47:13
[TRAIN] Step 340 | Loss=-0.000000 | Best makespan in group=430.00
[TRAIN] Step 341/400 | 13:47:28
[TRAIN] Step 341 | Loss=0.073195 | Best makespan in group=398.00
[TRAIN] Step 342/400 | 13:47:46
[TRAIN] Step 342 | Loss=0.000001 | Best makespan in group=441.00
[TRAIN] Step 343/400 | 13:48:04
[TRAIN] Step 343 | Loss=-0.000000 | Best makespan in group=466.00
[TRAIN] Step 344/400 | 13:48:31
[TRAIN] Step 344 | Loss=0.119362 | Best makespan in group=393.00
[TRAIN] Step 345/400 | 13:49:02
[TRAIN] Step 345 | Loss=0.000001 | Best makespan in group=315.00
[TRAIN] Step 346/400 | 13:49:21
[TRAIN] Step 346 | Loss=0.002113 | Best makespan in group=356.00
[TRAIN] Step 347/400 | 13:49:40
[TRAIN] Step 347 | Loss=-0.000000 | Best makespan in group=375.00
[TRAIN] Step 348/400 | 13:50:07
[TRAIN] Step 348 | Loss=0.000001 | Best makespan in group=484.00
[TRAIN] Step 349/400 | 13:50:28
[TRAIN] Step 349 | Loss=-0.000000 | Best makespan in group=457.00
[TRAIN] Step 350/400 | 13:50:55
[TRAIN] Step 350 | Loss=-0.000000 | Best makespan in group=345.00
[TRAIN][VAL][ep 350] avg_gap=0.1482 | std_gap=0.0565 | q80_gap=0.1799 | n=40
[TRAIN] Step 351/400 | 13:52:18
[TRAIN] Step 351 | Loss=-0.000000 | Best makespan in group=463.00
[TRAIN] Step 352/400 | 13:52:35
[TRAIN] Step 352 | Loss=-0.000000 | Best makespan in group=331.00
[TRAIN] Step 353/400 | 13:53:02
[TRAIN] Step 353 | Loss=-0.000000 | Best makespan in group=523.00
[TRAIN] Step 354/400 | 13:53:25
[TRAIN] Step 354 | Loss=-0.000000 | Best makespan in group=406.00
[TRAIN] Step 355/400 | 13:53:45
[TRAIN] Step 355 | Loss=0.000000 | Best makespan in group=364.00
[TRAIN] Step 356/400 | 13:54:08
[TRAIN] Step 356 | Loss=0.000101 | Best makespan in group=315.00
[TRAIN] Step 357/400 | 13:54:27
[TRAIN] Step 357 | Loss=0.053159 | Best makespan in group=374.00
[TRAIN] Step 358/400 | 13:54:46
[TRAIN] Step 358 | Loss=-0.000000 | Best makespan in group=428.00
[TRAIN] Step 359/400 | 13:55:17
[TRAIN] Step 359 | Loss=0.000001 | Best makespan in group=363.00
[TRAIN] Step 360/400 | 13:55:40
[TRAIN] Step 360 | Loss=-0.000000 | Best makespan in group=503.00
[TRAIN] Step 361/400 | 13:56:01
[TRAIN] Step 361 | Loss=-0.000000 | Best makespan in group=430.00
[TRAIN] Step 362/400 | 13:56:15
[TRAIN] Step 362 | Loss=-0.000000 | Best makespan in group=513.00
[TRAIN] Step 363/400 | 13:56:32
[TRAIN] Step 363 | Loss=1.360131 | Best makespan in group=356.00
[TRAIN] Step 364/400 | 13:56:55
[TRAIN] Step 364 | Loss=-0.000000 | Best makespan in group=559.00
[TRAIN] Step 365/400 | 13:57:17
[TRAIN] Step 365 | Loss=-0.000000 | Best makespan in group=480.00
[TRAIN] Step 366/400 | 13:57:44
[TRAIN] Step 366 | Loss=0.000000 | Best makespan in group=396.00
[TRAIN] Step 367/400 | 13:58:02
[TRAIN] Step 367 | Loss=0.000001 | Best makespan in group=489.00
[TRAIN] Step 368/400 | 13:58:23
[TRAIN] Step 368 | Loss=-0.000000 | Best makespan in group=418.00
[TRAIN] Step 369/400 | 13:58:41
[TRAIN] Step 369 | Loss=-0.000000 | Best makespan in group=345.00
[TRAIN] Step 370/400 | 13:59:08
[TRAIN] Step 370 | Loss=0.000000 | Best makespan in group=378.00
[TRAIN] Step 371/400 | 13:59:26
[TRAIN] Step 371 | Loss=0.000000 | Best makespan in group=480.00
[TRAIN] Step 372/400 | 13:59:41
[TRAIN] Step 372 | Loss=1.892657 | Best makespan in group=385.00
[TRAIN] Step 373/400 | 14:00:01
[TRAIN] Step 373 | Loss=5.069101 | Best makespan in group=460.00
[TRAIN] Step 374/400 | 14:00:33
[TRAIN] Step 374 | Loss=0.000001 | Best makespan in group=503.00
[TRAIN] Step 375/400 | 14:00:59
[TRAIN] Step 375 | Loss=-0.000000 | Best makespan in group=345.00
[TRAIN][VAL][ep 375] avg_gap=0.1387 | std_gap=0.0587 | q80_gap=0.1666 | n=40
[TRAIN] Validation improved | smoothed_avg_gap=0.1458 (raw=0.1387) | saving candidate: 767684067970331.pth
[TRAIN] Step 376/400 | 14:02:27
[TRAIN] Step 376 | Loss=-0.000000 | Best makespan in group=343.00
[TRAIN] Step 377/400 | 14:02:53
[TRAIN] Step 377 | Loss=0.000003 | Best makespan in group=434.00
[TRAIN] Step 378/400 | 14:03:12
[TRAIN] Step 378 | Loss=0.049472 | Best makespan in group=380.00
[TRAIN] Step 379/400 | 14:03:44
[TRAIN] Step 379 | Loss=-0.000000 | Best makespan in group=448.00
[TRAIN] Step 380/400 | 14:04:10
[TRAIN] Step 380 | Loss=0.000003 | Best makespan in group=400.00
[TRAIN] Step 381/400 | 14:04:28
[TRAIN] Step 381 | Loss=-0.000000 | Best makespan in group=464.00
[TRAIN] Step 382/400 | 14:04:54
[TRAIN] Step 382 | Loss=0.000000 | Best makespan in group=458.00
[TRAIN] Step 383/400 | 14:05:25
[TRAIN] Step 383 | Loss=0.000002 | Best makespan in group=533.00
[TRAIN] Step 384/400 | 14:05:41
[TRAIN] Step 384 | Loss=0.000000 | Best makespan in group=415.00
[TRAIN] Step 385/400 | 14:05:59
[TRAIN] Step 385 | Loss=-0.000000 | Best makespan in group=401.00
[TRAIN] Step 386/400 | 14:06:24
[TRAIN] Step 386 | Loss=-0.000000 | Best makespan in group=423.00
[TRAIN] Step 387/400 | 14:06:56
[TRAIN] Step 387 | Loss=0.000043 | Best makespan in group=391.00
[TRAIN] Step 388/400 | 14:07:13
[TRAIN] Step 388 | Loss=0.000000 | Best makespan in group=516.00
[TRAIN] Step 389/400 | 14:07:30
[TRAIN] Step 389 | Loss=0.000000 | Best makespan in group=384.00
[TRAIN] Step 390/400 | 14:08:01
[TRAIN] Step 390 | Loss=-0.000000 | Best makespan in group=356.00
[TRAIN] Step 391/400 | 14:08:29
[TRAIN] Step 391 | Loss=-0.000000 | Best makespan in group=551.00
[TRAIN] Step 392/400 | 14:08:53
[TRAIN] Step 392 | Loss=-0.000000 | Best makespan in group=549.00
[TRAIN] Step 393/400 | 14:09:15
[TRAIN] Step 393 | Loss=0.000001 | Best makespan in group=435.00
[TRAIN] Step 394/400 | 14:09:35
[TRAIN] Step 394 | Loss=0.000001 | Best makespan in group=426.00
[TRAIN] Step 395/400 | 14:09:54
[TRAIN] Step 395 | Loss=0.104598 | Best makespan in group=369.00
[TRAIN] Step 396/400 | 14:10:13
[TRAIN] Step 396 | Loss=0.000000 | Best makespan in group=328.00
[TRAIN] Step 397/400 | 14:10:32
[TRAIN] Step 397 | Loss=0.000001 | Best makespan in group=391.00
[TRAIN] Step 398/400 | 14:10:50
[TRAIN] Step 398 | Loss=0.000001 | Best makespan in group=411.00
[TRAIN] Step 399/400 | 14:11:05
[TRAIN] Step 399 | Loss=0.000001 | Best makespan in group=360.00
[TRAIN] Step 400/400 | 14:11:26
[TRAIN] Step 400 | Loss=-0.000000 | Best makespan in group=350.00
[TRAIN] Refreshing training instances (step 400)...
[TRAIN][VAL][ep 400] avg_gap=0.1337 | std_gap=0.0493 | q80_gap=0.1694 | n=40
[TRAIN] Validation improved | smoothed_avg_gap=0.1402 (raw=0.1337) | saving candidate: 704529522087037.pth
[TRAIN] Evaluating best checkpoint (candidate_models/704529522087037.pth) on the held-out test split...
[TRAIN][TEST] avg_gap=0.1521 | std_gap=0.0626 | q80_gap=0.2090 | n=40
[TRAIN][14:13:46] Training ended. Validation history and plots updated.
=== DONE convergence_check_om_transformer in 15634.7s ===
