D:\Dissertação\dissertation-bopo_introduction\venv\Lib\site-packages\torch\jit\_script.py:1485: FutureWarning: `torch.jit.script` is not supported in Python 3.14+ and may break. Please switch to `torch.compile` or `torch.export`.
  warnings.warn(
=== START convergence_check_oo_gat @ 09:53:11 ===
============================================================
[TRAIN] Training started at: 2026-09-19 09:53:11
[TRAIN] Hyperparams | max_steps=400 | new_freq=200
[TRAIN]             | n_cases=30 | B=32 | K=10 | use_greedy=True | lr=0.0005 (decaying to 1.00e-04)
[TRAIN]             | warm_start_steps=200 | checkpoint_smooth_window=3 | seed=42
[TRAIN]             | hidden_channels=128 | num_layers=2 | heads=3
[TRAIN] Representation | oo | GNN | gat
[TRAIN] Problem size | jobs=[8,10] | machines=[5,10] | ops_per_job=[5,6] | max_proc=100
============================================================
[TRAIN] Output run folder: results\convergence_check_oo_gat
[TRAIN] Validation config | every=25 steps | instances=40 (representative subset)
[TRAIN] Warm-start (behavior cloning vs. dispatch heuristic) | 200 step(s)...
[TRAIN][WARMSTART] step 10/200 | instance=2 | bc_loss=2.1543 | decisions=55
[TRAIN][WARMSTART] step 20/200 | instance=26 | bc_loss=2.0308 | decisions=49
[TRAIN][WARMSTART] step 30/200 | instance=15 | bc_loss=2.0971 | decisions=56
[TRAIN][WARMSTART] step 40/200 | instance=13 | bc_loss=2.0649 | decisions=53
[TRAIN][WARMSTART] step 50/200 | instance=14 | bc_loss=1.8775 | decisions=43
[TRAIN][WARMSTART] step 60/200 | instance=9 | bc_loss=1.8813 | decisions=45
[TRAIN][WARMSTART] step 70/200 | instance=4 | bc_loss=1.9108 | decisions=47
[TRAIN][WARMSTART] step 80/200 | instance=10 | bc_loss=2.0263 | decisions=55
[TRAIN][WARMSTART] step 90/200 | instance=5 | bc_loss=1.9599 | decisions=52
[TRAIN][WARMSTART] step 100/200 | instance=4 | bc_loss=1.8039 | decisions=47
[TRAIN][WARMSTART] step 110/200 | instance=9 | bc_loss=1.7700 | decisions=45
[TRAIN][WARMSTART] step 120/200 | instance=0 | bc_loss=1.9319 | decisions=51
[TRAIN][WARMSTART] step 130/200 | instance=18 | bc_loss=1.7752 | decisions=45
[TRAIN][WARMSTART] step 140/200 | instance=8 | bc_loss=2.0391 | decisions=53
[TRAIN][WARMSTART] step 150/200 | instance=19 | bc_loss=1.9828 | decisions=51
[TRAIN][WARMSTART] step 160/200 | instance=5 | bc_loss=1.8751 | decisions=52
[TRAIN][WARMSTART] step 170/200 | instance=15 | bc_loss=1.8995 | decisions=56
[TRAIN][WARMSTART] step 180/200 | instance=6 | bc_loss=1.9070 | decisions=48
[TRAIN][WARMSTART] step 190/200 | instance=17 | bc_loss=1.8165 | decisions=52
[TRAIN][WARMSTART] step 200/200 | instance=7 | bc_loss=1.8184 | decisions=55
[TRAIN] Warm-start complete, switching to BOPO preference optimization.
------------------------------------------------------------
[TRAIN] BOPO agent ready. Starting training loop for 400 step(s)...
------------------------------------------------------------
[TRAIN] Step 1/400 | 09:57:43
[TRAIN] Step 1 | Loss=0.639184 | Best makespan in group=567.00
[TRAIN] Step 2/400 | 09:57:55
[TRAIN] Step 2 | Loss=4.619713 | Best makespan in group=354.00
[TRAIN] Step 3/400 | 09:58:09
[TRAIN] Step 3 | Loss=4.015962 | Best makespan in group=384.00
[TRAIN] Step 4/400 | 09:58:27
[TRAIN] Step 4 | Loss=0.087191 | Best makespan in group=557.00
[TRAIN] Step 5/400 | 09:58:42
[TRAIN] Step 5 | Loss=6.107945 | Best makespan in group=342.00
[TRAIN] Step 6/400 | 09:59:02
[TRAIN] Step 6 | Loss=4.744750 | Best makespan in group=567.00
[TRAIN] Step 7/400 | 09:59:20
[TRAIN] Step 7 | Loss=0.406274 | Best makespan in group=381.00
[TRAIN] Step 8/400 | 09:59:41
[TRAIN] Step 8 | Loss=5.910647 | Best makespan in group=477.00
[TRAIN] Step 9/400 | 10:00:03
[TRAIN] Step 9 | Loss=3.205458 | Best makespan in group=479.00
[TRAIN] Step 10/400 | 10:00:25
[TRAIN] Step 10 | Loss=0.146926 | Best makespan in group=389.00
[TRAIN] Step 11/400 | 10:00:40
[TRAIN] Step 11 | Loss=7.186663 | Best makespan in group=427.00
[TRAIN] Step 12/400 | 10:01:02
[TRAIN] Step 12 | Loss=1.083605 | Best makespan in group=511.00
[TRAIN] Step 13/400 | 10:01:22
[TRAIN] Step 13 | Loss=0.976443 | Best makespan in group=487.00
[TRAIN] Step 14/400 | 10:01:36
[TRAIN] Step 14 | Loss=8.603463 | Best makespan in group=416.00
[TRAIN] Step 15/400 | 10:01:57
[TRAIN] Step 15 | Loss=2.830531 | Best makespan in group=413.00
[TRAIN] Step 16/400 | 10:02:21
[TRAIN] Step 16 | Loss=2.430877 | Best makespan in group=525.00
[TRAIN] Step 17/400 | 10:02:38
[TRAIN] Step 17 | Loss=0.719325 | Best makespan in group=499.00
[TRAIN] Step 18/400 | 10:02:56
[TRAIN] Step 18 | Loss=1.835704 | Best makespan in group=434.00
[TRAIN] Step 19/400 | 10:03:18
[TRAIN] Step 19 | Loss=4.086412 | Best makespan in group=481.00
[TRAIN] Step 20/400 | 10:03:37
[TRAIN] Step 20 | Loss=0.001481 | Best makespan in group=401.00
[TRAIN] Step 21/400 | 10:03:53
[TRAIN] Step 21 | Loss=1.361808 | Best makespan in group=450.00
[TRAIN] Step 22/400 | 10:04:14
[TRAIN] Step 22 | Loss=1.377871 | Best makespan in group=519.00
[TRAIN] Step 23/400 | 10:04:29
[TRAIN] Step 23 | Loss=6.439058 | Best makespan in group=370.00
[TRAIN] Step 24/400 | 10:04:45
[TRAIN] Step 24 | Loss=0.000125 | Best makespan in group=542.00
[TRAIN] Step 25/400 | 10:05:04
[TRAIN] Step 25 | Loss=3.701011 | Best makespan in group=443.00
[TRAIN][VAL][ep 25] avg_gap=0.1611 | std_gap=0.0747 | q80_gap=0.2163 | n=40
[TRAIN] Validation improved | smoothed_avg_gap=0.1611 (raw=0.1611) | saving candidate: 916611335470049.pth
[TRAIN] Step 26/400 | 10:06:15
[TRAIN] Step 26 | Loss=0.220180 | Best makespan in group=360.00
[TRAIN] Step 27/400 | 10:06:31
[TRAIN] Step 27 | Loss=1.607443 | Best makespan in group=477.00
[TRAIN] Step 28/400 | 10:06:48
[TRAIN] Step 28 | Loss=4.803827 | Best makespan in group=620.00
[TRAIN] Step 29/400 | 10:07:04
[TRAIN] Step 29 | Loss=4.060904 | Best makespan in group=436.00
[TRAIN] Step 30/400 | 10:07:20
[TRAIN] Step 30 | Loss=0.444994 | Best makespan in group=395.00
[TRAIN] Step 31/400 | 10:07:36
[TRAIN] Step 31 | Loss=7.601582 | Best makespan in group=384.00
[TRAIN] Step 32/400 | 10:07:56
[TRAIN] Step 32 | Loss=0.391644 | Best makespan in group=534.00
[TRAIN] Step 33/400 | 10:08:17
[TRAIN] Step 33 | Loss=3.223142 | Best makespan in group=419.00
[TRAIN] Step 34/400 | 10:08:44
[TRAIN] Step 34 | Loss=0.339929 | Best makespan in group=369.00
[TRAIN] Step 35/400 | 10:09:02
[TRAIN] Step 35 | Loss=2.211213 | Best makespan in group=406.00
[TRAIN] Step 36/400 | 10:09:19
[TRAIN] Step 36 | Loss=0.545460 | Best makespan in group=473.00
[TRAIN] Step 37/400 | 10:09:35
[TRAIN] Step 37 | Loss=2.551171 | Best makespan in group=598.00
[TRAIN] Step 38/400 | 10:09:52
[TRAIN] Step 38 | Loss=0.065335 | Best makespan in group=368.00
[TRAIN] Step 39/400 | 10:10:09
[TRAIN] Step 39 | Loss=4.243515 | Best makespan in group=562.00
[TRAIN] Step 40/400 | 10:10:31
[TRAIN] Step 40 | Loss=0.566159 | Best makespan in group=480.00
[TRAIN] Step 41/400 | 10:10:46
[TRAIN] Step 41 | Loss=0.003781 | Best makespan in group=562.00
[TRAIN] Step 42/400 | 10:11:03
[TRAIN] Step 42 | Loss=1.141349 | Best makespan in group=468.00
[TRAIN] Step 43/400 | 10:11:27
[TRAIN] Step 43 | Loss=2.970083 | Best makespan in group=467.00
[TRAIN] Step 44/400 | 10:11:47
[TRAIN] Step 44 | Loss=2.030560 | Best makespan in group=463.00
[TRAIN] Step 45/400 | 10:12:09
[TRAIN] Step 45 | Loss=0.000043 | Best makespan in group=430.00
[TRAIN] Step 46/400 | 10:12:24
[TRAIN] Step 46 | Loss=2.994559 | Best makespan in group=378.00
[TRAIN] Step 47/400 | 10:12:48
[TRAIN] Step 47 | Loss=6.008021 | Best makespan in group=489.00
[TRAIN] Step 48/400 | 10:13:07
[TRAIN] Step 48 | Loss=2.338649 | Best makespan in group=424.00
[TRAIN] Step 49/400 | 10:13:32
[TRAIN] Step 49 | Loss=0.458387 | Best makespan in group=455.00
[TRAIN] Step 50/400 | 10:13:59
[TRAIN] Step 50 | Loss=0.000010 | Best makespan in group=335.00
[TRAIN][VAL][ep 50] avg_gap=0.1517 | std_gap=0.0771 | q80_gap=0.2087 | n=40
[TRAIN] Validation improved | smoothed_avg_gap=0.1564 (raw=0.1517) | saving candidate: 34351806394005.pth
[TRAIN] Step 51/400 | 10:15:29
[TRAIN] Step 51 | Loss=2.572533 | Best makespan in group=368.00
[TRAIN] Step 52/400 | 10:15:48
[TRAIN] Step 52 | Loss=1.418750 | Best makespan in group=465.00
[TRAIN] Step 53/400 | 10:16:12
[TRAIN] Step 53 | Loss=0.000309 | Best makespan in group=549.00
[TRAIN] Step 54/400 | 10:16:31
[TRAIN] Step 54 | Loss=0.003837 | Best makespan in group=462.00
[TRAIN] Step 55/400 | 10:16:47
[TRAIN] Step 55 | Loss=3.112045 | Best makespan in group=441.00
[TRAIN] Step 56/400 | 10:17:10
[TRAIN] Step 56 | Loss=2.976383 | Best makespan in group=500.00
[TRAIN] Step 57/400 | 10:17:32
[TRAIN] Step 57 | Loss=8.205258 | Best makespan in group=395.00
[TRAIN] Step 58/400 | 10:17:50
[TRAIN] Step 58 | Loss=3.957305 | Best makespan in group=392.00
[TRAIN] Step 59/400 | 10:18:12
[TRAIN] Step 59 | Loss=5.758665 | Best makespan in group=516.00
[TRAIN] Step 60/400 | 10:18:34
[TRAIN] Step 60 | Loss=3.888556 | Best makespan in group=451.00
[TRAIN] Step 61/400 | 10:18:52
[TRAIN] Step 61 | Loss=4.370039 | Best makespan in group=453.00
[TRAIN] Step 62/400 | 10:19:11
[TRAIN] Step 62 | Loss=0.000070 | Best makespan in group=371.00
[TRAIN] Step 63/400 | 10:19:31
[TRAIN] Step 63 | Loss=4.907069 | Best makespan in group=402.00
[TRAIN] Step 64/400 | 10:19:55
[TRAIN] Step 64 | Loss=0.822732 | Best makespan in group=381.00
[TRAIN] Step 65/400 | 10:20:13
[TRAIN] Step 65 | Loss=3.617396 | Best makespan in group=578.00
[TRAIN] Step 66/400 | 10:20:35
[TRAIN] Step 66 | Loss=2.449003 | Best makespan in group=553.00
[TRAIN] Step 67/400 | 10:20:56
[TRAIN] Step 67 | Loss=0.344393 | Best makespan in group=497.00
[TRAIN] Step 68/400 | 10:21:18
[TRAIN] Step 68 | Loss=0.000201 | Best makespan in group=469.00
[TRAIN] Step 69/400 | 10:21:35
[TRAIN] Step 69 | Loss=0.000615 | Best makespan in group=478.00
[TRAIN] Step 70/400 | 10:21:51
[TRAIN] Step 70 | Loss=0.191318 | Best makespan in group=431.00
[TRAIN] Step 71/400 | 10:22:06
[TRAIN] Step 71 | Loss=1.731548 | Best makespan in group=395.00
[TRAIN] Step 72/400 | 10:22:23
[TRAIN] Step 72 | Loss=2.188881 | Best makespan in group=466.00
[TRAIN] Step 73/400 | 10:22:46
[TRAIN] Step 73 | Loss=2.644923 | Best makespan in group=409.00
[TRAIN] Step 74/400 | 10:23:10
[TRAIN] Step 74 | Loss=0.000280 | Best makespan in group=479.00
[TRAIN] Step 75/400 | 10:23:31
[TRAIN] Step 75 | Loss=0.000112 | Best makespan in group=446.00
[TRAIN][VAL][ep 75] avg_gap=0.1422 | std_gap=0.0686 | q80_gap=0.1894 | n=40
[TRAIN] Validation improved | smoothed_avg_gap=0.1516 (raw=0.1422) | saving candidate: 657900933142402.pth
[TRAIN] Step 76/400 | 10:24:54
[TRAIN] Step 76 | Loss=0.010874 | Best makespan in group=604.00
[TRAIN] Step 77/400 | 10:25:12
[TRAIN] Step 77 | Loss=2.154842 | Best makespan in group=403.00
[TRAIN] Step 78/400 | 10:25:27
[TRAIN] Step 78 | Loss=0.265459 | Best makespan in group=479.00
[TRAIN] Step 79/400 | 10:25:51
[TRAIN] Step 79 | Loss=0.000173 | Best makespan in group=520.00
[TRAIN] Step 80/400 | 10:26:14
[TRAIN] Step 80 | Loss=0.035927 | Best makespan in group=407.00
[TRAIN] Step 81/400 | 10:26:34
[TRAIN] Step 81 | Loss=0.072103 | Best makespan in group=345.00
[TRAIN] Step 82/400 | 10:26:59
[TRAIN] Step 82 | Loss=0.000079 | Best makespan in group=371.00
[TRAIN] Step 83/400 | 10:27:19
[TRAIN] Step 83 | Loss=3.690284 | Best makespan in group=402.00
[TRAIN] Step 84/400 | 10:27:43
[TRAIN] Step 84 | Loss=0.162529 | Best makespan in group=514.00
[TRAIN] Step 85/400 | 10:28:02
[TRAIN] Step 85 | Loss=0.707922 | Best makespan in group=532.00
[TRAIN] Step 86/400 | 10:28:19
[TRAIN] Step 86 | Loss=0.006080 | Best makespan in group=401.00
[TRAIN] Step 87/400 | 10:28:43
[TRAIN] Step 87 | Loss=2.171742 | Best makespan in group=466.00
[TRAIN] Step 88/400 | 10:29:02
[TRAIN] Step 88 | Loss=3.539507 | Best makespan in group=427.00
[TRAIN] Step 89/400 | 10:29:19
[TRAIN] Step 89 | Loss=2.312834 | Best makespan in group=527.00
[TRAIN] Step 90/400 | 10:29:36
[TRAIN] Step 90 | Loss=0.000004 | Best makespan in group=413.00
[TRAIN] Step 91/400 | 10:30:03
[TRAIN] Step 91 | Loss=0.000596 | Best makespan in group=539.00
[TRAIN] Step 92/400 | 10:30:23
[TRAIN] Step 92 | Loss=0.010908 | Best makespan in group=590.00
[TRAIN] Step 93/400 | 10:30:48
[TRAIN] Step 93 | Loss=1.648164 | Best makespan in group=382.00
[TRAIN] Step 94/400 | 10:31:06
[TRAIN] Step 94 | Loss=6.169143 | Best makespan in group=524.00
[TRAIN] Step 95/400 | 10:31:28
[TRAIN] Step 95 | Loss=0.001281 | Best makespan in group=466.00
[TRAIN] Step 96/400 | 10:31:52
[TRAIN] Step 96 | Loss=1.428778 | Best makespan in group=395.00
[TRAIN] Step 97/400 | 10:32:09
[TRAIN] Step 97 | Loss=0.829282 | Best makespan in group=493.00
[TRAIN] Step 98/400 | 10:32:25
[TRAIN] Step 98 | Loss=3.789920 | Best makespan in group=392.00
[TRAIN] Step 99/400 | 10:32:48
[TRAIN] Step 99 | Loss=0.560170 | Best makespan in group=414.00
[TRAIN] Step 100/400 | 10:33:12
[TRAIN] Step 100 | Loss=2.202713 | Best makespan in group=408.00
[TRAIN][VAL][ep 100] avg_gap=0.1444 | std_gap=0.0699 | q80_gap=0.2085 | n=40
[TRAIN] Validation improved | smoothed_avg_gap=0.1461 (raw=0.1444) | saving candidate: 569436103472106.pth
[TRAIN] Step 101/400 | 10:34:23
[TRAIN] Step 101 | Loss=0.530723 | Best makespan in group=357.00
[TRAIN] Step 102/400 | 10:34:40
[TRAIN] Step 102 | Loss=2.641636 | Best makespan in group=461.00
[TRAIN] Step 103/400 | 10:35:04
[TRAIN] Step 103 | Loss=7.164015 | Best makespan in group=611.00
[TRAIN] Step 104/400 | 10:35:22
[TRAIN] Step 104 | Loss=1.570260 | Best makespan in group=554.00
[TRAIN] Step 105/400 | 10:35:40
[TRAIN] Step 105 | Loss=6.051452 | Best makespan in group=421.00
[TRAIN] Step 106/400 | 10:36:03
[TRAIN] Step 106 | Loss=0.017252 | Best makespan in group=573.00
[TRAIN] Step 107/400 | 10:36:20
[TRAIN] Step 107 | Loss=2.540602 | Best makespan in group=398.00
[TRAIN] Step 108/400 | 10:36:38
[TRAIN] Step 108 | Loss=0.007110 | Best makespan in group=445.00
[TRAIN] Step 109/400 | 10:37:04
[TRAIN] Step 109 | Loss=0.160781 | Best makespan in group=485.00
[TRAIN] Step 110/400 | 10:37:20
[TRAIN] Step 110 | Loss=0.553427 | Best makespan in group=455.00
[TRAIN] Step 111/400 | 10:37:42
[TRAIN] Step 111 | Loss=2.268703 | Best makespan in group=496.00
[TRAIN] Step 112/400 | 10:38:04
[TRAIN] Step 112 | Loss=0.002811 | Best makespan in group=479.00
[TRAIN] Step 113/400 | 10:38:26
[TRAIN] Step 113 | Loss=0.000167 | Best makespan in group=371.00
[TRAIN] Step 114/400 | 10:38:44
[TRAIN] Step 114 | Loss=0.029184 | Best makespan in group=442.00
[TRAIN] Step 115/400 | 10:39:00
[TRAIN] Step 115 | Loss=1.473429 | Best makespan in group=490.00
[TRAIN] Step 116/400 | 10:39:16
[TRAIN] Step 116 | Loss=0.008377 | Best makespan in group=341.00
[TRAIN] Step 117/400 | 10:39:40
[TRAIN] Step 117 | Loss=0.068368 | Best makespan in group=446.00
[TRAIN] Step 118/400 | 10:40:04
[TRAIN] Step 118 | Loss=0.573188 | Best makespan in group=439.00
[TRAIN] Step 119/400 | 10:40:18
[TRAIN] Step 119 | Loss=0.612128 | Best makespan in group=417.00
[TRAIN] Step 120/400 | 10:40:39
[TRAIN] Step 120 | Loss=0.697765 | Best makespan in group=435.00
[TRAIN] Step 121/400 | 10:40:56
[TRAIN] Step 121 | Loss=0.741758 | Best makespan in group=634.00
[TRAIN] Step 122/400 | 10:41:11
[TRAIN] Step 122 | Loss=0.005784 | Best makespan in group=442.00
[TRAIN] Step 123/400 | 10:41:27
[TRAIN] Step 123 | Loss=0.054974 | Best makespan in group=405.00
[TRAIN] Step 124/400 | 10:41:50
[TRAIN] Step 124 | Loss=1.775446 | Best makespan in group=466.00
[TRAIN] Step 125/400 | 10:42:08
[TRAIN] Step 125 | Loss=0.028832 | Best makespan in group=371.00
[TRAIN][VAL][ep 125] avg_gap=0.1402 | std_gap=0.0669 | q80_gap=0.1968 | n=40
[TRAIN] Validation improved | smoothed_avg_gap=0.1423 (raw=0.1402) | saving candidate: 410795485978457.pth
[TRAIN] Step 126/400 | 10:43:26
[TRAIN] Step 126 | Loss=2.378296 | Best makespan in group=495.00
[TRAIN] Step 127/400 | 10:43:48
[TRAIN] Step 127 | Loss=0.865625 | Best makespan in group=479.00
[TRAIN] Step 128/400 | 10:44:13
[TRAIN] Step 128 | Loss=2.126716 | Best makespan in group=466.00
[TRAIN] Step 129/400 | 10:44:29
[TRAIN] Step 129 | Loss=1.931758 | Best makespan in group=476.00
[TRAIN] Step 130/400 | 10:44:54
[TRAIN] Step 130 | Loss=0.550855 | Best makespan in group=396.00
[TRAIN] Step 131/400 | 10:45:17
[TRAIN] Step 131 | Loss=0.563820 | Best makespan in group=406.00
[TRAIN] Step 132/400 | 10:45:39
[TRAIN] Step 132 | Loss=2.781237 | Best makespan in group=366.00
[TRAIN] Step 133/400 | 10:45:56
[TRAIN] Step 133 | Loss=1.433870 | Best makespan in group=482.00
[TRAIN] Step 134/400 | 10:46:16
[TRAIN] Step 134 | Loss=1.604892 | Best makespan in group=346.00
[TRAIN] Step 135/400 | 10:46:38
[TRAIN] Step 135 | Loss=7.143552 | Best makespan in group=406.00
[TRAIN] Step 136/400 | 10:46:54
[TRAIN] Step 136 | Loss=0.006685 | Best makespan in group=546.00
[TRAIN] Step 137/400 | 10:47:23
[TRAIN] Step 137 | Loss=3.900985 | Best makespan in group=544.00
[TRAIN] Step 138/400 | 10:47:42
[TRAIN] Step 138 | Loss=5.399958 | Best makespan in group=499.00
[TRAIN] Step 139/400 | 10:48:00
[TRAIN] Step 139 | Loss=3.057351 | Best makespan in group=594.00
[TRAIN] Step 140/400 | 10:48:25
[TRAIN] Step 140 | Loss=0.694104 | Best makespan in group=395.00
[TRAIN] Step 141/400 | 10:48:42
[TRAIN] Step 141 | Loss=1.569105 | Best makespan in group=520.00
[TRAIN] Step 142/400 | 10:49:06
[TRAIN] Step 142 | Loss=2.308915 | Best makespan in group=514.00
[TRAIN] Step 143/400 | 10:49:20
[TRAIN] Step 143 | Loss=1.801302 | Best makespan in group=388.00
[TRAIN] Step 144/400 | 10:49:40
[TRAIN] Step 144 | Loss=0.048021 | Best makespan in group=486.00
[TRAIN] Step 145/400 | 10:49:55
[TRAIN] Step 145 | Loss=2.260882 | Best makespan in group=556.00
[TRAIN] Step 146/400 | 10:50:16
[TRAIN] Step 146 | Loss=0.809987 | Best makespan in group=434.00
[TRAIN] Step 147/400 | 10:50:38
[TRAIN] Step 147 | Loss=0.776615 | Best makespan in group=452.00
[TRAIN] Step 148/400 | 10:50:54
[TRAIN] Step 148 | Loss=1.794232 | Best makespan in group=335.00
[TRAIN] Step 149/400 | 10:51:21
[TRAIN] Step 149 | Loss=1.194377 | Best makespan in group=402.00
[TRAIN] Step 150/400 | 10:51:46
[TRAIN] Step 150 | Loss=4.874818 | Best makespan in group=438.00
[TRAIN][VAL][ep 150] avg_gap=0.1423 | std_gap=0.0684 | q80_gap=0.1903 | n=40
[TRAIN] Step 151/400 | 10:53:22
[TRAIN] Step 151 | Loss=1.451638 | Best makespan in group=451.00
[TRAIN] Step 152/400 | 10:53:36
[TRAIN] Step 152 | Loss=0.126879 | Best makespan in group=522.00
[TRAIN] Step 153/400 | 10:54:00
[TRAIN] Step 153 | Loss=4.837045 | Best makespan in group=592.00
[TRAIN] Step 154/400 | 10:54:18
[TRAIN] Step 154 | Loss=0.464750 | Best makespan in group=418.00
[TRAIN] Step 155/400 | 10:54:40
[TRAIN] Step 155 | Loss=6.269429 | Best makespan in group=590.00
[TRAIN] Step 156/400 | 10:55:02
[TRAIN] Step 156 | Loss=1.324195 | Best makespan in group=503.00
[TRAIN] Step 157/400 | 10:55:20
[TRAIN] Step 157 | Loss=0.062856 | Best makespan in group=476.00
[TRAIN] Step 158/400 | 10:55:45
[TRAIN] Step 158 | Loss=5.423688 | Best makespan in group=590.00
[TRAIN] Step 159/400 | 10:56:04
[TRAIN] Step 159 | Loss=0.011208 | Best makespan in group=512.00
[TRAIN] Step 160/400 | 10:56:24
[TRAIN] Step 160 | Loss=3.434469 | Best makespan in group=410.00
[TRAIN] Step 161/400 | 10:56:47
[TRAIN] Step 161 | Loss=4.721463 | Best makespan in group=422.00
[TRAIN] Step 162/400 | 10:57:03
[TRAIN] Step 162 | Loss=0.034214 | Best makespan in group=486.00
[TRAIN] Step 163/400 | 10:57:20
[TRAIN] Step 163 | Loss=0.003524 | Best makespan in group=546.00
[TRAIN] Step 164/400 | 10:57:40
[TRAIN] Step 164 | Loss=0.602803 | Best makespan in group=422.00
[TRAIN] Step 165/400 | 10:58:01
[TRAIN] Step 165 | Loss=2.216900 | Best makespan in group=558.00
[TRAIN] Step 166/400 | 10:58:17
[TRAIN] Step 166 | Loss=0.111385 | Best makespan in group=470.00
[TRAIN] Step 167/400 | 10:58:34
[TRAIN] Step 167 | Loss=0.000608 | Best makespan in group=446.00
[TRAIN] Step 168/400 | 10:58:57
[TRAIN] Step 168 | Loss=2.515953 | Best makespan in group=416.00
[TRAIN] Step 169/400 | 10:59:21
[TRAIN] Step 169 | Loss=0.593811 | Best makespan in group=353.00
[TRAIN] Step 170/400 | 10:59:39
[TRAIN] Step 170 | Loss=0.100593 | Best makespan in group=421.00
[TRAIN] Step 171/400 | 11:00:04
[TRAIN] Step 171 | Loss=1.448739 | Best makespan in group=368.00
[TRAIN] Step 172/400 | 11:00:21
[TRAIN] Step 172 | Loss=0.001686 | Best makespan in group=357.00
[TRAIN] Step 173/400 | 11:00:40
[TRAIN] Step 173 | Loss=1.856036 | Best makespan in group=336.00
[TRAIN] Step 174/400 | 11:01:06
[TRAIN] Step 174 | Loss=0.008932 | Best makespan in group=466.00
[TRAIN] Step 175/400 | 11:01:33
[TRAIN] Step 175 | Loss=0.076883 | Best makespan in group=396.00
[TRAIN][VAL][ep 175] avg_gap=0.1448 | std_gap=0.0696 | q80_gap=0.1880 | n=40
[TRAIN] Step 176/400 | 11:02:45
[TRAIN] Step 176 | Loss=1.212728 | Best makespan in group=479.00
[TRAIN] Step 177/400 | 11:03:09
[TRAIN] Step 177 | Loss=2.240902 | Best makespan in group=473.00
[TRAIN] Step 178/400 | 11:03:29
[TRAIN] Step 178 | Loss=0.000659 | Best makespan in group=384.00
[TRAIN] Step 179/400 | 11:03:54
[TRAIN] Step 179 | Loss=2.538542 | Best makespan in group=510.00
[TRAIN] Step 180/400 | 11:04:12
[TRAIN] Step 180 | Loss=1.761544 | Best makespan in group=397.00
[TRAIN] Step 181/400 | 11:04:28
[TRAIN] Step 181 | Loss=5.153378 | Best makespan in group=619.00
[TRAIN] Step 182/400 | 11:04:47
[TRAIN] Step 182 | Loss=2.429411 | Best makespan in group=345.00
[TRAIN] Step 183/400 | 11:05:04
[TRAIN] Step 183 | Loss=0.005213 | Best makespan in group=538.00
[TRAIN] Step 184/400 | 11:05:24
[TRAIN] Step 184 | Loss=0.977466 | Best makespan in group=445.00
[TRAIN] Step 185/400 | 11:05:50
[TRAIN] Step 185 | Loss=2.071536 | Best makespan in group=467.00
[TRAIN] Step 186/400 | 11:06:08
[TRAIN] Step 186 | Loss=0.013642 | Best makespan in group=484.00
[TRAIN] Step 187/400 | 11:06:32
[TRAIN] Step 187 | Loss=4.826518 | Best makespan in group=600.00
[TRAIN] Step 188/400 | 11:06:55
[TRAIN] Step 188 | Loss=1.977447 | Best makespan in group=447.00
[TRAIN] Step 189/400 | 11:07:11
[TRAIN] Step 189 | Loss=0.040574 | Best makespan in group=418.00
[TRAIN] Step 190/400 | 11:07:34
[TRAIN] Step 190 | Loss=0.243890 | Best makespan in group=467.00
[TRAIN] Step 191/400 | 11:07:59
[TRAIN] Step 191 | Loss=0.004595 | Best makespan in group=564.00
[TRAIN] Step 192/400 | 11:08:17
[TRAIN] Step 192 | Loss=0.591205 | Best makespan in group=344.00
[TRAIN] Step 193/400 | 11:08:39
[TRAIN] Step 193 | Loss=5.914373 | Best makespan in group=426.00
[TRAIN] Step 194/400 | 11:08:53
[TRAIN] Step 194 | Loss=8.645661 | Best makespan in group=427.00
[TRAIN] Step 195/400 | 11:09:17
[TRAIN] Step 195 | Loss=0.001343 | Best makespan in group=486.00
[TRAIN] Step 196/400 | 11:09:32
[TRAIN] Step 196 | Loss=0.863585 | Best makespan in group=527.00
[TRAIN] Step 197/400 | 11:09:54
[TRAIN] Step 197 | Loss=1.175358 | Best makespan in group=428.00
[TRAIN] Step 198/400 | 11:10:18
[TRAIN] Step 198 | Loss=7.264956 | Best makespan in group=500.00
[TRAIN] Step 199/400 | 11:10:36
[TRAIN] Step 199 | Loss=0.226599 | Best makespan in group=474.00
[TRAIN] Step 200/400 | 11:11:00
[TRAIN] Step 200 | Loss=1.692510 | Best makespan in group=579.00
[TRAIN] Refreshing training instances (step 200)...
[TRAIN][VAL][ep 200] avg_gap=0.1447 | std_gap=0.0735 | q80_gap=0.2065 | n=40
[TRAIN] Step 201/400 | 11:12:15
[TRAIN] Step 201 | Loss=0.155925 | Best makespan in group=409.00
[TRAIN] Step 202/400 | 11:12:39
[TRAIN] Step 202 | Loss=1.467501 | Best makespan in group=338.00
[TRAIN] Step 203/400 | 11:12:59
[TRAIN] Step 203 | Loss=0.004058 | Best makespan in group=616.00
[TRAIN] Step 204/400 | 11:13:23
[TRAIN] Step 204 | Loss=0.005742 | Best makespan in group=469.00
[TRAIN] Step 205/400 | 11:13:43
[TRAIN] Step 205 | Loss=0.964043 | Best makespan in group=527.00
[TRAIN] Step 206/400 | 11:14:00
[TRAIN] Step 206 | Loss=2.990291 | Best makespan in group=428.00
[TRAIN] Step 207/400 | 11:14:29
[TRAIN] Step 207 | Loss=0.001302 | Best makespan in group=372.00
[TRAIN] Step 208/400 | 11:14:47
[TRAIN] Step 208 | Loss=5.208476 | Best makespan in group=345.00
[TRAIN] Step 209/400 | 11:15:08
[TRAIN] Step 209 | Loss=0.532777 | Best makespan in group=452.00
[TRAIN] Step 210/400 | 11:15:26
[TRAIN] Step 210 | Loss=0.000532 | Best makespan in group=333.00
[TRAIN] Step 211/400 | 11:15:42
[TRAIN] Step 211 | Loss=0.918964 | Best makespan in group=414.00
[TRAIN] Step 212/400 | 11:16:02
[TRAIN] Step 212 | Loss=1.880085 | Best makespan in group=464.00
[TRAIN] Step 213/400 | 11:16:23
[TRAIN] Step 213 | Loss=4.804075 | Best makespan in group=419.00
[TRAIN] Step 214/400 | 11:16:40
[TRAIN] Step 214 | Loss=0.660097 | Best makespan in group=340.00
[TRAIN] Step 215/400 | 11:16:59
[TRAIN] Step 215 | Loss=0.016995 | Best makespan in group=627.00
[TRAIN] Step 216/400 | 11:17:27
[TRAIN] Step 216 | Loss=3.308877 | Best makespan in group=514.00
[TRAIN] Step 217/400 | 11:17:44
[TRAIN] Step 217 | Loss=0.006071 | Best makespan in group=309.00
[TRAIN] Step 218/400 | 11:18:02
[TRAIN] Step 218 | Loss=0.051966 | Best makespan in group=459.00
[TRAIN] Step 219/400 | 11:18:23
[TRAIN] Step 219 | Loss=0.474513 | Best makespan in group=384.00
[TRAIN] Step 220/400 | 11:18:48
[TRAIN] Step 220 | Loss=0.003036 | Best makespan in group=597.00
[TRAIN] Step 221/400 | 11:19:10
[TRAIN] Step 221 | Loss=0.015618 | Best makespan in group=396.00
[TRAIN] Step 222/400 | 11:19:26
[TRAIN] Step 222 | Loss=1.698073 | Best makespan in group=370.00
[TRAIN] Step 223/400 | 11:19:41
[TRAIN] Step 223 | Loss=0.807938 | Best makespan in group=465.00
[TRAIN] Step 224/400 | 11:19:57
[TRAIN] Step 224 | Loss=1.641137 | Best makespan in group=439.00
[TRAIN] Step 225/400 | 11:20:16
[TRAIN] Step 225 | Loss=0.623173 | Best makespan in group=456.00
[TRAIN][VAL][ep 225] avg_gap=0.1459 | std_gap=0.0684 | q80_gap=0.2114 | n=40
[TRAIN] Step 226/400 | 11:21:37
[TRAIN] Step 226 | Loss=1.616273 | Best makespan in group=535.00
[TRAIN] Step 227/400 | 11:21:53
[TRAIN] Step 227 | Loss=0.000678 | Best makespan in group=624.00
[TRAIN] Step 228/400 | 11:22:14
[TRAIN] Step 228 | Loss=1.681295 | Best makespan in group=449.00
[TRAIN] Step 229/400 | 11:22:28
[TRAIN] Step 229 | Loss=0.009671 | Best makespan in group=361.00
[TRAIN] Step 230/400 | 11:22:44
[TRAIN] Step 230 | Loss=1.584176 | Best makespan in group=373.00
[TRAIN] Step 231/400 | 11:23:01
[TRAIN] Step 231 | Loss=2.668905 | Best makespan in group=359.00
[TRAIN] Step 232/400 | 11:23:16
[TRAIN] Step 232 | Loss=0.244724 | Best makespan in group=388.00
[TRAIN] Step 233/400 | 11:23:33
[TRAIN] Step 233 | Loss=0.023848 | Best makespan in group=476.00
[TRAIN] Step 234/400 | 11:23:56
[TRAIN] Step 234 | Loss=0.619546 | Best makespan in group=327.00
[TRAIN] Step 235/400 | 11:24:14
[TRAIN] Step 235 | Loss=0.237390 | Best makespan in group=546.00
[TRAIN] Step 236/400 | 11:24:30
[TRAIN] Step 236 | Loss=2.076030 | Best makespan in group=428.00
[TRAIN] Step 237/400 | 11:24:51
[TRAIN] Step 237 | Loss=2.411851 | Best makespan in group=520.00
[TRAIN] Step 238/400 | 11:25:09
[TRAIN] Step 238 | Loss=1.674492 | Best makespan in group=404.00
[TRAIN] Step 239/400 | 11:25:25
[TRAIN] Step 239 | Loss=0.615629 | Best makespan in group=437.00
[TRAIN] Step 240/400 | 11:25:40
[TRAIN] Step 240 | Loss=1.111097 | Best makespan in group=379.00
[TRAIN] Step 241/400 | 11:25:56
[TRAIN] Step 241 | Loss=3.409644 | Best makespan in group=331.00
[TRAIN] Step 242/400 | 11:26:11
[TRAIN] Step 242 | Loss=1.944363 | Best makespan in group=568.00
[TRAIN] Step 243/400 | 11:26:30
[TRAIN] Step 243 | Loss=0.007065 | Best makespan in group=592.00
[TRAIN] Step 244/400 | 11:26:54
[TRAIN] Step 244 | Loss=0.793797 | Best makespan in group=477.00
[TRAIN] Step 245/400 | 11:27:10
[TRAIN] Step 245 | Loss=0.020661 | Best makespan in group=436.00
[TRAIN] Step 246/400 | 11:27:37
[TRAIN] Step 246 | Loss=0.982636 | Best makespan in group=356.00
[TRAIN] Step 247/400 | 11:27:57
[TRAIN] Step 247 | Loss=0.003782 | Best makespan in group=361.00
[TRAIN] Step 248/400 | 11:28:14
[TRAIN] Step 248 | Loss=0.236138 | Best makespan in group=391.00
[TRAIN] Step 249/400 | 11:28:37
[TRAIN] Step 249 | Loss=4.280121 | Best makespan in group=371.00
[TRAIN] Step 250/400 | 11:29:01
[TRAIN] Step 250 | Loss=5.296465 | Best makespan in group=633.00
[TRAIN][VAL][ep 250] avg_gap=0.1425 | std_gap=0.0668 | q80_gap=0.1878 | n=40
[TRAIN] Step 251/400 | 11:30:27
[TRAIN] Step 251 | Loss=0.007740 | Best makespan in group=333.00
[TRAIN] Step 252/400 | 11:30:43
[TRAIN] Step 252 | Loss=0.016341 | Best makespan in group=448.00
[TRAIN] Step 253/400 | 11:31:09
[TRAIN] Step 253 | Loss=0.205065 | Best makespan in group=465.00
[TRAIN] Step 254/400 | 11:31:32
[TRAIN] Step 254 | Loss=0.256283 | Best makespan in group=459.00
[TRAIN] Step 255/400 | 11:31:51
[TRAIN] Step 255 | Loss=0.000788 | Best makespan in group=591.00
[TRAIN] Step 256/400 | 11:32:18
[TRAIN] Step 256 | Loss=0.037187 | Best makespan in group=450.00
[TRAIN] Step 257/400 | 11:32:34
[TRAIN] Step 257 | Loss=2.666626 | Best makespan in group=309.00
[TRAIN] Step 258/400 | 11:32:50
[TRAIN] Step 258 | Loss=4.387950 | Best makespan in group=384.00
[TRAIN] Step 259/400 | 11:33:08
[TRAIN] Step 259 | Loss=1.774559 | Best makespan in group=412.00
[TRAIN] Step 260/400 | 11:33:28
[TRAIN] Step 260 | Loss=1.521307 | Best makespan in group=444.00
[TRAIN] Step 261/400 | 11:33:42
[TRAIN] Step 261 | Loss=1.027784 | Best makespan in group=332.00
[TRAIN] Step 262/400 | 11:34:00
[TRAIN] Step 262 | Loss=0.013008 | Best makespan in group=553.00
[TRAIN] Step 263/400 | 11:34:17
[TRAIN] Step 263 | Loss=2.645226 | Best makespan in group=371.00
[TRAIN] Step 264/400 | 11:34:37
[TRAIN] Step 264 | Loss=0.103761 | Best makespan in group=459.00
[TRAIN] Step 265/400 | 11:34:59
[TRAIN] Step 265 | Loss=0.005616 | Best makespan in group=316.00
[TRAIN] Step 266/400 | 11:35:14
[TRAIN] Step 266 | Loss=2.467400 | Best makespan in group=410.00
[TRAIN] Step 267/400 | 11:35:34
[TRAIN] Step 267 | Loss=0.000514 | Best makespan in group=333.00
[TRAIN] Step 268/400 | 11:35:50
[TRAIN] Step 268 | Loss=0.023675 | Best makespan in group=470.00
[TRAIN] Step 269/400 | 11:36:10
[TRAIN] Step 269 | Loss=0.213687 | Best makespan in group=432.00
[TRAIN] Step 270/400 | 11:36:39
[TRAIN] Step 270 | Loss=1.650878 | Best makespan in group=505.00
[TRAIN] Step 271/400 | 11:36:59
[TRAIN] Step 271 | Loss=0.012483 | Best makespan in group=588.00
[TRAIN] Step 272/400 | 11:37:24
[TRAIN] Step 272 | Loss=1.120359 | Best makespan in group=376.00
[TRAIN] Step 273/400 | 11:37:45
[TRAIN] Step 273 | Loss=0.007588 | Best makespan in group=327.00
[TRAIN] Step 274/400 | 11:38:09
[TRAIN] Step 274 | Loss=1.270062 | Best makespan in group=425.00
[TRAIN] Step 275/400 | 11:38:37
[TRAIN] Step 275 | Loss=1.381652 | Best makespan in group=646.00
[TRAIN][VAL][ep 275] avg_gap=0.1409 | std_gap=0.0722 | q80_gap=0.1787 | n=40
[TRAIN] Step 276/400 | 11:40:05
[TRAIN] Step 276 | Loss=5.205489 | Best makespan in group=365.00
[TRAIN] Step 277/400 | 11:40:20
[TRAIN] Step 277 | Loss=0.000036 | Best makespan in group=409.00
[TRAIN] Step 278/400 | 11:40:47
[TRAIN] Step 278 | Loss=3.416990 | Best makespan in group=374.00
[TRAIN] Step 279/400 | 11:41:04
[TRAIN] Step 279 | Loss=0.893623 | Best makespan in group=610.00
[TRAIN] Step 280/400 | 11:41:22
[TRAIN] Step 280 | Loss=0.028663 | Best makespan in group=448.00
[TRAIN] Step 281/400 | 11:41:38
[TRAIN] Step 281 | Loss=0.033597 | Best makespan in group=361.00
[TRAIN] Step 282/400 | 11:41:53
[TRAIN] Step 282 | Loss=3.355781 | Best makespan in group=348.00
[TRAIN] Step 283/400 | 11:42:14
[TRAIN] Step 283 | Loss=2.742327 | Best makespan in group=407.00
[TRAIN] Step 284/400 | 11:42:31
[TRAIN] Step 284 | Loss=0.271002 | Best makespan in group=455.00
[TRAIN] Step 285/400 | 11:42:48
[TRAIN] Step 285 | Loss=0.012756 | Best makespan in group=591.00
[TRAIN] Step 286/400 | 11:43:13
[TRAIN] Step 286 | Loss=4.316191 | Best makespan in group=470.00
[TRAIN] Step 287/400 | 11:43:36
[TRAIN] Step 287 | Loss=2.209059 | Best makespan in group=466.00
[TRAIN] Step 288/400 | 11:43:56
[TRAIN] Step 288 | Loss=1.205242 | Best makespan in group=471.00
[TRAIN] Step 289/400 | 11:44:13
[TRAIN] Step 289 | Loss=5.447264 | Best makespan in group=475.00
[TRAIN] Step 290/400 | 11:44:36
[TRAIN] Step 290 | Loss=1.063192 | Best makespan in group=375.00
[TRAIN] Step 291/400 | 11:45:00
[TRAIN] Step 291 | Loss=0.435837 | Best makespan in group=522.00
[TRAIN] Step 292/400 | 11:45:17
[TRAIN] Step 292 | Loss=0.408876 | Best makespan in group=399.00
[TRAIN] Step 293/400 | 11:45:40
[TRAIN] Step 293 | Loss=0.002842 | Best makespan in group=436.00
[TRAIN] Step 294/400 | 11:46:08
[TRAIN] Step 294 | Loss=4.260832 | Best makespan in group=456.00
[TRAIN] Step 295/400 | 11:46:25
[TRAIN] Step 295 | Loss=3.837564 | Best makespan in group=420.00
[TRAIN] Step 296/400 | 11:46:48
[TRAIN] Step 296 | Loss=1.403031 | Best makespan in group=330.00
[TRAIN] Step 297/400 | 11:47:06
[TRAIN] Step 297 | Loss=1.772304 | Best makespan in group=526.00
[TRAIN] Step 298/400 | 11:47:25
[TRAIN] Step 298 | Loss=3.636790 | Best makespan in group=384.00
[TRAIN] Step 299/400 | 11:47:45
[TRAIN] Step 299 | Loss=0.014127 | Best makespan in group=588.00
[TRAIN] Step 300/400 | 11:48:11
[TRAIN] Step 300 | Loss=0.993315 | Best makespan in group=374.00
[TRAIN][VAL][ep 300] avg_gap=0.1418 | std_gap=0.0683 | q80_gap=0.1787 | n=40
[TRAIN] Validation improved | smoothed_avg_gap=0.1417 (raw=0.1418) | saving candidate: 136607064348329.pth
[TRAIN] Step 301/400 | 11:49:35
[TRAIN] Step 301 | Loss=0.059324 | Best makespan in group=475.00
[TRAIN] Step 302/400 | 11:49:57
[TRAIN] Step 302 | Loss=2.687721 | Best makespan in group=612.00
[TRAIN] Step 303/400 | 11:50:14
[TRAIN] Step 303 | Loss=1.010283 | Best makespan in group=352.00
[TRAIN] Step 304/400 | 11:50:30
[TRAIN] Step 304 | Loss=1.127514 | Best makespan in group=441.00
[TRAIN] Step 305/400 | 11:50:46
[TRAIN] Step 305 | Loss=0.449257 | Best makespan in group=459.00
[TRAIN] Step 306/400 | 11:51:06
[TRAIN] Step 306 | Loss=3.243420 | Best makespan in group=343.00
[TRAIN] Step 307/400 | 11:51:20
[TRAIN] Step 307 | Loss=0.063043 | Best makespan in group=369.00
[TRAIN] Step 308/400 | 11:51:36
[TRAIN] Step 308 | Loss=2.740009 | Best makespan in group=426.00
[TRAIN] Step 309/400 | 11:51:52
[TRAIN] Step 309 | Loss=5.057172 | Best makespan in group=348.00
[TRAIN] Step 310/400 | 11:52:13
[TRAIN] Step 310 | Loss=0.856348 | Best makespan in group=389.00
[TRAIN] Step 311/400 | 11:52:29
[TRAIN] Step 311 | Loss=0.012811 | Best makespan in group=333.00
[TRAIN] Step 312/400 | 11:52:45
[TRAIN] Step 312 | Loss=0.577364 | Best makespan in group=546.00
[TRAIN] Step 313/400 | 11:53:02
[TRAIN] Step 313 | Loss=0.084564 | Best makespan in group=361.00
[TRAIN] Step 314/400 | 11:53:17
[TRAIN] Step 314 | Loss=1.922747 | Best makespan in group=458.00
[TRAIN] Step 315/400 | 11:53:33
[TRAIN] Step 315 | Loss=0.000087 | Best makespan in group=309.00
[TRAIN] Step 316/400 | 11:53:51
[TRAIN] Step 316 | Loss=1.137512 | Best makespan in group=412.00
[TRAIN] Step 317/400 | 11:54:10
[TRAIN] Step 317 | Loss=4.574877 | Best makespan in group=588.00
[TRAIN] Step 318/400 | 11:54:33
[TRAIN] Step 318 | Loss=0.727147 | Best makespan in group=632.00
[TRAIN] Step 319/400 | 11:55:00
[TRAIN] Step 319 | Loss=0.195035 | Best makespan in group=432.00
[TRAIN] Step 320/400 | 11:55:26
[TRAIN] Step 320 | Loss=0.165537 | Best makespan in group=470.00
[TRAIN] Step 321/400 | 11:55:48
[TRAIN] Step 321 | Loss=0.001437 | Best makespan in group=436.00
[TRAIN] Step 322/400 | 11:56:11
[TRAIN] Step 322 | Loss=1.908821 | Best makespan in group=452.00
[TRAIN] Step 323/400 | 11:56:27
[TRAIN] Step 323 | Loss=0.165301 | Best makespan in group=534.00
[TRAIN] Step 324/400 | 11:56:45
[TRAIN] Step 324 | Loss=0.310328 | Best makespan in group=378.00
[TRAIN] Step 325/400 | 11:57:04
[TRAIN] Step 325 | Loss=1.621339 | Best makespan in group=407.00
[TRAIN][VAL][ep 325] avg_gap=0.1427 | std_gap=0.0701 | q80_gap=0.1768 | n=40
[TRAIN] Step 326/400 | 11:58:28
[TRAIN] Step 326 | Loss=0.000658 | Best makespan in group=309.00
[TRAIN] Step 327/400 | 11:58:46
[TRAIN] Step 327 | Loss=0.156891 | Best makespan in group=432.00
[TRAIN] Step 328/400 | 11:59:15
[TRAIN] Step 328 | Loss=0.130415 | Best makespan in group=413.00
[TRAIN] Step 329/400 | 11:59:33
[TRAIN] Step 329 | Loss=3.038065 | Best makespan in group=371.00
[TRAIN] Step 330/400 | 11:59:51
[TRAIN] Step 330 | Loss=1.669834 | Best makespan in group=646.00
[TRAIN] Step 331/400 | 12:00:19
[TRAIN] Step 331 | Loss=0.143722 | Best makespan in group=361.00
[TRAIN] Step 332/400 | 12:00:38
[TRAIN] Step 332 | Loss=0.004445 | Best makespan in group=390.00
[TRAIN] Step 333/400 | 12:00:55
[TRAIN] Step 333 | Loss=0.346069 | Best makespan in group=458.00
[TRAIN] Step 334/400 | 12:01:13
[TRAIN] Step 334 | Loss=2.535831 | Best makespan in group=578.00
[TRAIN] Step 335/400 | 12:01:29
[TRAIN] Step 335 | Loss=0.089094 | Best makespan in group=448.00
[TRAIN] Step 336/400 | 12:01:46
[TRAIN] Step 336 | Loss=0.188054 | Best makespan in group=322.00
[TRAIN] Step 337/400 | 12:02:05
[TRAIN] Step 337 | Loss=0.001450 | Best makespan in group=333.00
[TRAIN] Step 338/400 | 12:02:23
[TRAIN] Step 338 | Loss=2.586474 | Best makespan in group=366.00
[TRAIN] Step 339/400 | 12:02:46
[TRAIN] Step 339 | Loss=0.635852 | Best makespan in group=587.00
[TRAIN] Step 340/400 | 12:03:06
[TRAIN] Step 340 | Loss=3.021514 | Best makespan in group=590.00
[TRAIN] Step 341/400 | 12:03:31
[TRAIN] Step 341 | Loss=0.471585 | Best makespan in group=467.00
[TRAIN] Step 342/400 | 12:03:52
[TRAIN] Step 342 | Loss=0.378356 | Best makespan in group=390.00
[TRAIN] Step 343/400 | 12:04:17
[TRAIN] Step 343 | Loss=3.148597 | Best makespan in group=345.00
[TRAIN] Step 344/400 | 12:04:34
[TRAIN] Step 344 | Loss=0.038625 | Best makespan in group=459.00
[TRAIN] Step 345/400 | 12:04:54
[TRAIN] Step 345 | Loss=0.118100 | Best makespan in group=586.00
[TRAIN] Step 346/400 | 12:05:19
[TRAIN] Step 346 | Loss=1.673577 | Best makespan in group=509.00
[TRAIN] Step 347/400 | 12:05:37
[TRAIN] Step 347 | Loss=0.011570 | Best makespan in group=369.00
[TRAIN] Step 348/400 | 12:05:54
[TRAIN] Step 348 | Loss=0.051643 | Best makespan in group=470.00
[TRAIN] Step 349/400 | 12:06:17
[TRAIN] Step 349 | Loss=2.440072 | Best makespan in group=422.00
[TRAIN] Step 350/400 | 12:06:40
[TRAIN] Step 350 | Loss=0.774784 | Best makespan in group=347.00
[TRAIN][VAL][ep 350] avg_gap=0.1412 | std_gap=0.0728 | q80_gap=0.1804 | n=40
[TRAIN] Step 351/400 | 12:08:03
[TRAIN] Step 351 | Loss=0.550625 | Best makespan in group=427.00
[TRAIN] Step 352/400 | 12:08:19
[TRAIN] Step 352 | Loss=0.480041 | Best makespan in group=450.00
[TRAIN] Step 353/400 | 12:08:34
[TRAIN] Step 353 | Loss=0.100340 | Best makespan in group=459.00
[TRAIN] Step 354/400 | 12:08:56
[TRAIN] Step 354 | Loss=0.029916 | Best makespan in group=319.00
[TRAIN] Step 355/400 | 12:09:13
[TRAIN] Step 355 | Loss=2.679510 | Best makespan in group=551.00
[TRAIN] Step 356/400 | 12:09:29
[TRAIN] Step 356 | Loss=0.232739 | Best makespan in group=373.00
[TRAIN] Step 357/400 | 12:09:53
[TRAIN] Step 357 | Loss=3.364965 | Best makespan in group=446.00
[TRAIN] Step 358/400 | 12:10:12
[TRAIN] Step 358 | Loss=0.919146 | Best makespan in group=330.00
[TRAIN] Step 359/400 | 12:10:26
[TRAIN] Step 359 | Loss=3.845312 | Best makespan in group=442.00
[TRAIN] Step 360/400 | 12:10:50
[TRAIN] Step 360 | Loss=0.551473 | Best makespan in group=525.00
[TRAIN] Step 361/400 | 12:11:06
[TRAIN] Step 361 | Loss=0.033146 | Best makespan in group=450.00
[TRAIN] Step 362/400 | 12:11:23
[TRAIN] Step 362 | Loss=0.141204 | Best makespan in group=473.00
[TRAIN] Step 363/400 | 12:11:43
[TRAIN] Step 363 | Loss=0.138718 | Best makespan in group=361.00
[TRAIN] Step 364/400 | 12:11:57
[TRAIN] Step 364 | Loss=0.002401 | Best makespan in group=333.00
[TRAIN] Step 365/400 | 12:12:12
[TRAIN] Step 365 | Loss=0.049513 | Best makespan in group=470.00
[TRAIN] Step 366/400 | 12:12:33
[TRAIN] Step 366 | Loss=0.446725 | Best makespan in group=454.00
[TRAIN] Step 367/400 | 12:12:48
[TRAIN] Step 367 | Loss=0.037267 | Best makespan in group=394.00
[TRAIN] Step 368/400 | 12:13:07
[TRAIN] Step 368 | Loss=0.861531 | Best makespan in group=592.00
[TRAIN] Step 369/400 | 12:13:26
[TRAIN] Step 369 | Loss=0.116749 | Best makespan in group=367.00
[TRAIN] Step 370/400 | 12:13:40
[TRAIN] Step 370 | Loss=5.581927 | Best makespan in group=626.00
[TRAIN] Step 371/400 | 12:14:02
[TRAIN] Step 371 | Loss=1.542551 | Best makespan in group=516.00
[TRAIN] Step 372/400 | 12:14:18
[TRAIN] Step 372 | Loss=0.490393 | Best makespan in group=367.00
[TRAIN] Step 373/400 | 12:14:32
[TRAIN] Step 373 | Loss=0.005120 | Best makespan in group=588.00
[TRAIN] Step 374/400 | 12:15:00
[TRAIN] Step 374 | Loss=0.639544 | Best makespan in group=381.00
[TRAIN] Step 375/400 | 12:15:15
[TRAIN] Step 375 | Loss=0.000045 | Best makespan in group=309.00
[TRAIN][VAL][ep 375] avg_gap=0.1455 | std_gap=0.0761 | q80_gap=0.1864 | n=40
[TRAIN] Step 376/400 | 12:16:24
[TRAIN] Step 376 | Loss=0.041347 | Best makespan in group=428.00
[TRAIN] Step 377/400 | 12:16:49
[TRAIN] Step 377 | Loss=2.115902 | Best makespan in group=371.00
[TRAIN] Step 378/400 | 12:17:03
[TRAIN] Step 378 | Loss=1.137718 | Best makespan in group=353.00
[TRAIN] Step 379/400 | 12:17:21
[TRAIN] Step 379 | Loss=4.772879 | Best makespan in group=396.00
[TRAIN] Step 380/400 | 12:17:40
[TRAIN] Step 380 | Loss=5.019140 | Best makespan in group=664.00
[TRAIN] Step 381/400 | 12:18:02
[TRAIN] Step 381 | Loss=0.000850 | Best makespan in group=333.00
[TRAIN] Step 382/400 | 12:18:16
[TRAIN] Step 382 | Loss=2.920116 | Best makespan in group=371.00
[TRAIN] Step 383/400 | 12:18:32
[TRAIN] Step 383 | Loss=1.997281 | Best makespan in group=407.00
[TRAIN] Step 384/400 | 12:18:47
[TRAIN] Step 384 | Loss=0.050667 | Best makespan in group=405.00
[TRAIN] Step 385/400 | 12:19:02
[TRAIN] Step 385 | Loss=0.008396 | Best makespan in group=475.00
[TRAIN] Step 386/400 | 12:19:19
[TRAIN] Step 386 | Loss=4.642404 | Best makespan in group=586.00
[TRAIN] Step 387/400 | 12:19:36
[TRAIN] Step 387 | Loss=2.453358 | Best makespan in group=320.00
[TRAIN] Step 388/400 | 12:19:51
[TRAIN] Step 388 | Loss=0.049013 | Best makespan in group=378.00
[TRAIN] Step 389/400 | 12:20:12
[TRAIN] Step 389 | Loss=0.161360 | Best makespan in group=357.00
[TRAIN] Step 390/400 | 12:20:26
[TRAIN] Step 390 | Loss=0.001180 | Best makespan in group=309.00
[TRAIN] Step 391/400 | 12:20:39
[TRAIN] Step 391 | Loss=0.873099 | Best makespan in group=534.00
[TRAIN] Step 392/400 | 12:20:53
[TRAIN] Step 392 | Loss=0.001684 | Best makespan in group=601.00
[TRAIN] Step 393/400 | 12:21:15
[TRAIN] Step 393 | Loss=0.000142 | Best makespan in group=436.00
[TRAIN] Step 394/400 | 12:21:36
[TRAIN] Step 394 | Loss=0.015020 | Best makespan in group=448.00
[TRAIN] Step 395/400 | 12:21:50
[TRAIN] Step 395 | Loss=3.538555 | Best makespan in group=428.00
[TRAIN] Step 396/400 | 12:22:15
[TRAIN] Step 396 | Loss=0.648181 | Best makespan in group=395.00
[TRAIN] Step 397/400 | 12:22:35
[TRAIN] Step 397 | Loss=0.105350 | Best makespan in group=470.00
[TRAIN] Step 398/400 | 12:22:54
[TRAIN] Step 398 | Loss=4.410561 | Best makespan in group=446.00
[TRAIN] Step 399/400 | 12:23:11
[TRAIN] Step 399 | Loss=3.827554 | Best makespan in group=528.00
[TRAIN] Step 400/400 | 12:23:27
[TRAIN] Step 400 | Loss=0.000323 | Best makespan in group=588.00
[TRAIN] Refreshing training instances (step 400)...
[TRAIN][VAL][ep 400] avg_gap=0.1462 | std_gap=0.0791 | q80_gap=0.1957 | n=40
[TRAIN] Evaluating best checkpoint (candidate_models/136607064348329.pth) on the held-out test split...
[TRAIN][TEST] avg_gap=0.1436 | std_gap=0.0720 | q80_gap=0.2173 | n=40
[TRAIN][12:25:28] Training ended. Validation history and plots updated.
=== DONE convergence_check_oo_gat in 9137.1s ===
