D:\Dissertação\dissertation-bopo_introduction\venv\Lib\site-packages\torch\jit\_script.py:1485: FutureWarning: `torch.jit.script` is not supported in Python 3.14+ and may break. Please switch to `torch.compile` or `torch.export`.
  warnings.warn(
=== START convergence_check_om_gat @ 09:53:11 ===
============================================================
[TRAIN] Training started at: 2026-09-19 09:53:11
[TRAIN] Hyperparams | max_steps=400 | new_freq=200
[TRAIN]             | n_cases=30 | B=32 | K=10 | use_greedy=True | lr=0.0005 (decaying to 1.00e-04)
[TRAIN]             | warm_start_steps=200 | checkpoint_smooth_window=3 | seed=42
[TRAIN]             | hidden_channels=128 | num_layers=2 | heads=3
[TRAIN] Representation | om | GNN | gat
[TRAIN] Problem size | jobs=[8,10] | machines=[5,10] | ops_per_job=[5,6] | max_proc=100
============================================================
[TRAIN] Output run folder: results\convergence_check_om_gat
[TRAIN] Validation config | every=25 steps | instances=40 (representative subset)
[TRAIN] Warm-start (behavior cloning vs. dispatch heuristic) | 200 step(s)...
[TRAIN][WARMSTART] step 10/200 | instance=28 | bc_loss=2.2707 | decisions=45
[TRAIN][WARMSTART] step 20/200 | instance=17 | bc_loss=2.4676 | decisions=53
[TRAIN][WARMSTART] step 30/200 | instance=22 | bc_loss=2.1413 | decisions=44
[TRAIN][WARMSTART] step 40/200 | instance=11 | bc_loss=2.1361 | decisions=42
[TRAIN][WARMSTART] step 50/200 | instance=10 | bc_loss=2.4971 | decisions=56
[TRAIN][WARMSTART] step 60/200 | instance=6 | bc_loss=2.2803 | decisions=48
[TRAIN][WARMSTART] step 70/200 | instance=1 | bc_loss=2.1159 | decisions=43
[TRAIN][WARMSTART] step 80/200 | instance=25 | bc_loss=2.2009 | decisions=54
[TRAIN][WARMSTART] step 90/200 | instance=9 | bc_loss=1.9511 | decisions=44
[TRAIN][WARMSTART] step 100/200 | instance=25 | bc_loss=2.1152 | decisions=54
[TRAIN][WARMSTART] step 110/200 | instance=9 | bc_loss=1.8992 | decisions=44
[TRAIN][WARMSTART] step 120/200 | instance=5 | bc_loss=2.0169 | decisions=53
[TRAIN][WARMSTART] step 130/200 | instance=23 | bc_loss=1.5935 | decisions=42
[TRAIN][WARMSTART] step 140/200 | instance=1 | bc_loss=2.0209 | decisions=43
[TRAIN][WARMSTART] step 150/200 | instance=23 | bc_loss=1.4782 | decisions=42
[TRAIN][WARMSTART] step 160/200 | instance=18 | bc_loss=1.7818 | decisions=45
[TRAIN][WARMSTART] step 170/200 | instance=25 | bc_loss=1.8849 | decisions=54
[TRAIN][WARMSTART] step 180/200 | instance=0 | bc_loss=1.7821 | decisions=50
[TRAIN][WARMSTART] step 190/200 | instance=10 | bc_loss=1.9026 | decisions=56
[TRAIN][WARMSTART] step 200/200 | instance=21 | bc_loss=1.4029 | decisions=45
[TRAIN] Warm-start complete, switching to BOPO preference optimization.
------------------------------------------------------------
[TRAIN] BOPO agent ready. Starting training loop for 400 step(s)...
------------------------------------------------------------
[TRAIN] Step 1/400 | 10:01:52
[TRAIN] Step 1 | Loss=3.454515 | Best makespan in group=553.00
[TRAIN] Step 2/400 | 10:02:16
[TRAIN] Step 2 | Loss=12.017632 | Best makespan in group=509.00
[TRAIN] Step 3/400 | 10:02:51
[TRAIN] Step 3 | Loss=4.974360 | Best makespan in group=461.00
[TRAIN] Step 4/400 | 10:03:17
[TRAIN] Step 4 | Loss=12.869904 | Best makespan in group=524.00
[TRAIN] Step 5/400 | 10:03:42
[TRAIN] Step 5 | Loss=3.361951 | Best makespan in group=395.00
[TRAIN] Step 6/400 | 10:04:08
[TRAIN] Step 6 | Loss=3.218879 | Best makespan in group=436.00
[TRAIN] Step 7/400 | 10:04:37
[TRAIN] Step 7 | Loss=10.262324 | Best makespan in group=447.00
[TRAIN] Step 8/400 | 10:05:19
[TRAIN] Step 8 | Loss=9.954631 | Best makespan in group=403.00
[TRAIN] Step 9/400 | 10:05:57
[TRAIN] Step 9 | Loss=5.383810 | Best makespan in group=421.00
[TRAIN] Step 10/400 | 10:06:37
[TRAIN] Step 10 | Loss=0.261576 | Best makespan in group=486.00
[TRAIN] Step 11/400 | 10:07:15
[TRAIN] Step 11 | Loss=5.908998 | Best makespan in group=456.00
[TRAIN] Step 12/400 | 10:07:40
[TRAIN] Step 12 | Loss=9.265049 | Best makespan in group=451.00
[TRAIN] Step 13/400 | 10:08:04
[TRAIN] Step 13 | Loss=7.490260 | Best makespan in group=536.00
[TRAIN] Step 14/400 | 10:08:35
[TRAIN] Step 14 | Loss=0.000000 | Best makespan in group=397.00
[TRAIN] Step 15/400 | 10:09:13
[TRAIN] Step 15 | Loss=2.175753 | Best makespan in group=603.00
[TRAIN] Step 16/400 | 10:09:46
[TRAIN] Step 16 | Loss=0.620243 | Best makespan in group=432.00
[TRAIN] Step 17/400 | 10:10:20
[TRAIN] Step 17 | Loss=0.345715 | Best makespan in group=598.00
[TRAIN] Step 18/400 | 10:10:46
[TRAIN] Step 18 | Loss=1.742274 | Best makespan in group=510.00
[TRAIN] Step 19/400 | 10:11:17
[TRAIN] Step 19 | Loss=1.832836 | Best makespan in group=528.00
[TRAIN] Step 20/400 | 10:11:56
[TRAIN] Step 20 | Loss=1.145878 | Best makespan in group=491.00
[TRAIN] Step 21/400 | 10:12:38
[TRAIN] Step 21 | Loss=8.307139 | Best makespan in group=400.00
[TRAIN] Step 22/400 | 10:13:34
[TRAIN] Step 22 | Loss=-0.000000 | Best makespan in group=509.00
[TRAIN] Step 23/400 | 10:14:10
[TRAIN] Step 23 | Loss=0.293329 | Best makespan in group=528.00
[TRAIN] Step 24/400 | 10:14:36
[TRAIN] Step 24 | Loss=11.799013 | Best makespan in group=405.00
[TRAIN] Step 25/400 | 10:15:18
[TRAIN] Step 25 | Loss=-0.000000 | Best makespan in group=402.00
[TRAIN][VAL][ep 25] avg_gap=0.2172 | std_gap=0.1388 | q80_gap=0.2988 | n=40
[TRAIN] Validation improved | smoothed_avg_gap=0.2172 (raw=0.2172) | saving candidate: 102926088340650.pth
[TRAIN] Step 26/400 | 10:17:47
[TRAIN] Step 26 | Loss=0.307635 | Best makespan in group=607.00
[TRAIN] Step 27/400 | 10:18:22
[TRAIN] Step 27 | Loss=1.112871 | Best makespan in group=619.00
[TRAIN] Step 28/400 | 10:18:51
[TRAIN] Step 28 | Loss=0.000796 | Best makespan in group=579.00
[TRAIN] Step 29/400 | 10:19:24
[TRAIN] Step 29 | Loss=0.000000 | Best makespan in group=355.00
[TRAIN] Step 30/400 | 10:20:16
[TRAIN] Step 30 | Loss=0.353448 | Best makespan in group=493.00
[TRAIN] Step 31/400 | 10:20:43
[TRAIN] Step 31 | Loss=0.996435 | Best makespan in group=389.00
[TRAIN] Step 32/400 | 10:21:32
[TRAIN] Step 32 | Loss=1.495056 | Best makespan in group=560.00
[TRAIN] Step 33/400 | 10:22:02
[TRAIN] Step 33 | Loss=3.709743 | Best makespan in group=389.00
[TRAIN] Step 34/400 | 10:22:31
[TRAIN] Step 34 | Loss=2.710420 | Best makespan in group=399.00
[TRAIN] Step 35/400 | 10:23:05
[TRAIN] Step 35 | Loss=-0.000000 | Best makespan in group=488.00
[TRAIN] Step 36/400 | 10:23:44
[TRAIN] Step 36 | Loss=-0.000000 | Best makespan in group=356.00
[TRAIN] Step 37/400 | 10:24:29
[TRAIN] Step 37 | Loss=-0.000000 | Best makespan in group=557.00
[TRAIN] Step 38/400 | 10:25:02
[TRAIN] Step 38 | Loss=0.610480 | Best makespan in group=551.00
[TRAIN] Step 39/400 | 10:25:35
[TRAIN] Step 39 | Loss=1.243470 | Best makespan in group=428.00
[TRAIN] Step 40/400 | 10:26:10
[TRAIN] Step 40 | Loss=0.005668 | Best makespan in group=566.00
[TRAIN] Step 41/400 | 10:26:42
[TRAIN] Step 41 | Loss=-0.000000 | Best makespan in group=434.00
[TRAIN] Step 42/400 | 10:27:25
[TRAIN] Step 42 | Loss=-0.000000 | Best makespan in group=450.00
[TRAIN] Step 43/400 | 10:27:52
[TRAIN] Step 43 | Loss=0.162112 | Best makespan in group=500.00
[TRAIN] Step 44/400 | 10:28:19
[TRAIN] Step 44 | Loss=0.706514 | Best makespan in group=426.00
[TRAIN] Step 45/400 | 10:29:04
[TRAIN] Step 45 | Loss=-0.000000 | Best makespan in group=494.00
[TRAIN] Step 46/400 | 10:29:30
[TRAIN] Step 46 | Loss=0.134757 | Best makespan in group=374.00
[TRAIN] Step 47/400 | 10:30:09
[TRAIN] Step 47 | Loss=5.057813 | Best makespan in group=480.00
[TRAIN] Step 48/400 | 10:30:37
[TRAIN] Step 48 | Loss=0.030287 | Best makespan in group=583.00
[TRAIN] Step 49/400 | 10:31:12
[TRAIN] Step 49 | Loss=1.172208 | Best makespan in group=592.00
[TRAIN] Step 50/400 | 10:31:39
[TRAIN] Step 50 | Loss=-0.000000 | Best makespan in group=477.00
[TRAIN][VAL][ep 50] avg_gap=0.1628 | std_gap=0.0869 | q80_gap=0.2430 | n=40
[TRAIN] Validation improved | smoothed_avg_gap=0.1900 (raw=0.1628) | saving candidate: 781956449310843.pth
[TRAIN] Step 51/400 | 10:34:05
[TRAIN] Step 51 | Loss=-0.000000 | Best makespan in group=419.00
[TRAIN] Step 52/400 | 10:34:45
[TRAIN] Step 52 | Loss=0.001554 | Best makespan in group=509.00
[TRAIN] Step 53/400 | 10:35:12
[TRAIN] Step 53 | Loss=-0.000000 | Best makespan in group=619.00
[TRAIN] Step 54/400 | 10:35:41
[TRAIN] Step 54 | Loss=-0.000000 | Best makespan in group=438.00
[TRAIN] Step 55/400 | 10:36:14
[TRAIN] Step 55 | Loss=2.934007 | Best makespan in group=449.00
[TRAIN] Step 56/400 | 10:37:02
[TRAIN] Step 56 | Loss=1.530645 | Best makespan in group=456.00
[TRAIN] Step 57/400 | 10:37:33
[TRAIN] Step 57 | Loss=5.941239 | Best makespan in group=405.00
[TRAIN] Step 58/400 | 10:38:17
[TRAIN] Step 58 | Loss=-0.000000 | Best makespan in group=337.00
[TRAIN] Step 59/400 | 10:38:51
[TRAIN] Step 59 | Loss=-0.000000 | Best makespan in group=415.00
[TRAIN] Step 60/400 | 10:39:18
[TRAIN] Step 60 | Loss=-0.000000 | Best makespan in group=481.00
[TRAIN] Step 61/400 | 10:40:00
[TRAIN] Step 61 | Loss=4.868093 | Best makespan in group=468.00
[TRAIN] Step 62/400 | 10:40:31
[TRAIN] Step 62 | Loss=0.783233 | Best makespan in group=423.00
[TRAIN] Step 63/400 | 10:40:59
[TRAIN] Step 63 | Loss=-0.000000 | Best makespan in group=381.00
[TRAIN] Step 64/400 | 10:41:28
[TRAIN] Step 64 | Loss=3.747577 | Best makespan in group=435.00
[TRAIN] Step 65/400 | 10:42:09
[TRAIN] Step 65 | Loss=5.788148 | Best makespan in group=404.00
[TRAIN] Step 66/400 | 10:42:42
[TRAIN] Step 66 | Loss=1.144667 | Best makespan in group=402.00
[TRAIN] Step 67/400 | 10:43:19
[TRAIN] Step 67 | Loss=-0.000000 | Best makespan in group=467.00
[TRAIN] Step 68/400 | 10:43:44
[TRAIN] Step 68 | Loss=-0.000000 | Best makespan in group=505.00
[TRAIN] Step 69/400 | 10:44:12
[TRAIN] Step 69 | Loss=-0.000000 | Best makespan in group=368.00
[TRAIN] Step 70/400 | 10:44:55
[TRAIN] Step 70 | Loss=-0.000000 | Best makespan in group=537.00
[TRAIN] Step 71/400 | 10:45:25
[TRAIN] Step 71 | Loss=-0.000000 | Best makespan in group=467.00
[TRAIN] Step 72/400 | 10:46:04
[TRAIN] Step 72 | Loss=-0.000000 | Best makespan in group=585.00
[TRAIN] Step 73/400 | 10:46:41
[TRAIN] Step 73 | Loss=-0.000000 | Best makespan in group=372.00
[TRAIN] Step 74/400 | 10:47:26
[TRAIN] Step 74 | Loss=-0.000000 | Best makespan in group=360.00
[TRAIN] Step 75/400 | 10:48:07
[TRAIN] Step 75 | Loss=-0.000000 | Best makespan in group=396.00
[TRAIN][VAL][ep 75] avg_gap=0.1652 | std_gap=0.0989 | q80_gap=0.2235 | n=40
[TRAIN] Validation improved | smoothed_avg_gap=0.1817 (raw=0.1652) | saving candidate: 296800166904611.pth
[TRAIN] Step 76/400 | 10:50:50
[TRAIN] Step 76 | Loss=2.151822 | Best makespan in group=521.00
[TRAIN] Step 77/400 | 10:51:24
[TRAIN] Step 77 | Loss=-0.000000 | Best makespan in group=547.00
[TRAIN] Step 78/400 | 10:52:01
[TRAIN] Step 78 | Loss=4.006909 | Best makespan in group=407.00
[TRAIN] Step 79/400 | 10:52:38
[TRAIN] Step 79 | Loss=-0.000000 | Best makespan in group=517.00
[TRAIN] Step 80/400 | 10:53:18
[TRAIN] Step 80 | Loss=3.882449 | Best makespan in group=340.00
[TRAIN] Step 81/400 | 10:54:08
[TRAIN] Step 81 | Loss=0.024583 | Best makespan in group=526.00
[TRAIN] Step 82/400 | 10:54:44
[TRAIN] Step 82 | Loss=-0.000000 | Best makespan in group=424.00
[TRAIN] Step 83/400 | 10:55:12
[TRAIN] Step 83 | Loss=-0.000000 | Best makespan in group=444.00
[TRAIN] Step 84/400 | 10:55:58
[TRAIN] Step 84 | Loss=-0.000000 | Best makespan in group=446.00
[TRAIN] Step 85/400 | 10:56:42
[TRAIN] Step 85 | Loss=-0.000000 | Best makespan in group=488.00
[TRAIN] Step 86/400 | 10:57:08
[TRAIN] Step 86 | Loss=3.342619 | Best makespan in group=504.00
[TRAIN] Step 87/400 | 10:57:35
[TRAIN] Step 87 | Loss=8.196506 | Best makespan in group=605.00
[TRAIN] Step 88/400 | 10:58:00
[TRAIN] Step 88 | Loss=-0.000000 | Best makespan in group=440.00
[TRAIN] Step 89/400 | 10:58:43
[TRAIN] Step 89 | Loss=-0.000000 | Best makespan in group=449.00
[TRAIN] Step 90/400 | 10:59:09
[TRAIN] Step 90 | Loss=-0.000000 | Best makespan in group=592.00
[TRAIN] Step 91/400 | 10:59:36
[TRAIN] Step 91 | Loss=0.221282 | Best makespan in group=367.00
[TRAIN] Step 92/400 | 11:00:06
[TRAIN] Step 92 | Loss=-0.000000 | Best makespan in group=407.00
[TRAIN] Step 93/400 | 11:00:49
[TRAIN] Step 93 | Loss=-0.000000 | Best makespan in group=394.00
[TRAIN] Step 94/400 | 11:01:39
[TRAIN] Step 94 | Loss=0.000195 | Best makespan in group=349.00
[TRAIN] Step 95/400 | 11:02:11
[TRAIN] Step 95 | Loss=0.067445 | Best makespan in group=390.00
[TRAIN] Step 96/400 | 11:02:40
[TRAIN] Step 96 | Loss=0.677192 | Best makespan in group=335.00
[TRAIN] Step 97/400 | 11:03:30
[TRAIN] Step 97 | Loss=0.182744 | Best makespan in group=399.00
[TRAIN] Step 98/400 | 11:04:04
[TRAIN] Step 98 | Loss=0.953635 | Best makespan in group=444.00
[TRAIN] Step 99/400 | 11:04:45
[TRAIN] Step 99 | Loss=-0.000000 | Best makespan in group=530.00
[TRAIN] Step 100/400 | 11:05:18
[TRAIN] Step 100 | Loss=0.000000 | Best makespan in group=507.00
[TRAIN][VAL][ep 100] avg_gap=0.1732 | std_gap=0.1048 | q80_gap=0.2674 | n=40
[TRAIN] Validation improved | smoothed_avg_gap=0.1671 (raw=0.1732) | saving candidate: 659597595770505.pth
[TRAIN] Step 101/400 | 11:07:32
[TRAIN] Step 101 | Loss=0.005034 | Best makespan in group=462.00
[TRAIN] Step 102/400 | 11:08:01
[TRAIN] Step 102 | Loss=-0.000000 | Best makespan in group=511.00
[TRAIN] Step 103/400 | 11:08:33
[TRAIN] Step 103 | Loss=3.313918 | Best makespan in group=602.00
[TRAIN] Step 104/400 | 11:09:01
[TRAIN] Step 104 | Loss=0.000008 | Best makespan in group=452.00
[TRAIN] Step 105/400 | 11:09:31
[TRAIN] Step 105 | Loss=0.292283 | Best makespan in group=404.00
[TRAIN] Step 106/400 | 11:10:07
[TRAIN] Step 106 | Loss=3.149284 | Best makespan in group=493.00
[TRAIN] Step 107/400 | 11:10:49
[TRAIN] Step 107 | Loss=0.833160 | Best makespan in group=481.00
[TRAIN] Step 108/400 | 11:11:15
[TRAIN] Step 108 | Loss=0.000000 | Best makespan in group=546.00
[TRAIN] Step 109/400 | 11:11:44
[TRAIN] Step 109 | Loss=0.099290 | Best makespan in group=422.00
[TRAIN] Step 110/400 | 11:12:28
[TRAIN] Step 110 | Loss=-0.000000 | Best makespan in group=405.00
[TRAIN] Step 111/400 | 11:12:57
[TRAIN] Step 111 | Loss=-0.000000 | Best makespan in group=472.00
[TRAIN] Step 112/400 | 11:13:25
[TRAIN] Step 112 | Loss=-0.000000 | Best makespan in group=609.00
[TRAIN] Step 113/400 | 11:13:59
[TRAIN] Step 113 | Loss=1.160218 | Best makespan in group=457.00
[TRAIN] Step 114/400 | 11:14:41
[TRAIN] Step 114 | Loss=1.897336 | Best makespan in group=438.00
[TRAIN] Step 115/400 | 11:15:23
[TRAIN] Step 115 | Loss=-0.000000 | Best makespan in group=494.00
[TRAIN] Step 116/400 | 11:15:58
[TRAIN] Step 116 | Loss=4.121848 | Best makespan in group=566.00
[TRAIN] Step 117/400 | 11:16:24
[TRAIN] Step 117 | Loss=0.664343 | Best makespan in group=485.00
[TRAIN] Step 118/400 | 11:17:10
[TRAIN] Step 118 | Loss=-0.000000 | Best makespan in group=470.00
[TRAIN] Step 119/400 | 11:17:39
[TRAIN] Step 119 | Loss=-0.000000 | Best makespan in group=423.00
[TRAIN] Step 120/400 | 11:18:07
[TRAIN] Step 120 | Loss=-0.000000 | Best makespan in group=394.00
[TRAIN] Step 121/400 | 11:18:53
[TRAIN] Step 121 | Loss=-0.000000 | Best makespan in group=483.00
[TRAIN] Step 122/400 | 11:19:21
[TRAIN] Step 122 | Loss=1.298247 | Best makespan in group=571.00
[TRAIN] Step 123/400 | 11:19:47
[TRAIN] Step 123 | Loss=-0.000000 | Best makespan in group=459.00
[TRAIN] Step 124/400 | 11:20:28
[TRAIN] Step 124 | Loss=0.000004 | Best makespan in group=488.00
[TRAIN] Step 125/400 | 11:20:54
[TRAIN] Step 125 | Loss=0.233760 | Best makespan in group=342.00
[TRAIN][VAL][ep 125] avg_gap=0.1579 | std_gap=0.0999 | q80_gap=0.2385 | n=40
[TRAIN] Validation improved | smoothed_avg_gap=0.1654 (raw=0.1579) | saving candidate: 916764839492324.pth
[TRAIN] Step 126/400 | 11:23:18
[TRAIN] Step 126 | Loss=-0.000000 | Best makespan in group=413.00
[TRAIN] Step 127/400 | 11:24:02
[TRAIN] Step 127 | Loss=1.117067 | Best makespan in group=457.00
[TRAIN] Step 128/400 | 11:24:28
[TRAIN] Step 128 | Loss=-0.000000 | Best makespan in group=389.00
[TRAIN] Step 129/400 | 11:25:10
[TRAIN] Step 129 | Loss=0.292013 | Best makespan in group=596.00
[TRAIN] Step 130/400 | 11:25:37
[TRAIN] Step 130 | Loss=-0.000000 | Best makespan in group=488.00
[TRAIN] Step 131/400 | 11:26:12
[TRAIN] Step 131 | Loss=0.538065 | Best makespan in group=510.00
[TRAIN] Step 132/400 | 11:26:36
[TRAIN] Step 132 | Loss=0.094974 | Best makespan in group=398.00
[TRAIN] Step 133/400 | 11:27:11
[TRAIN] Step 133 | Loss=-0.000000 | Best makespan in group=389.00
[TRAIN] Step 134/400 | 11:27:55
[TRAIN] Step 134 | Loss=0.133024 | Best makespan in group=543.00
[TRAIN] Step 135/400 | 11:28:26
[TRAIN] Step 135 | Loss=0.733385 | Best makespan in group=422.00
[TRAIN] Step 136/400 | 11:28:55
[TRAIN] Step 136 | Loss=-0.000000 | Best makespan in group=387.00
[TRAIN] Step 137/400 | 11:29:30
[TRAIN] Step 137 | Loss=0.107621 | Best makespan in group=545.00
[TRAIN] Step 138/400 | 11:30:01
[TRAIN] Step 138 | Loss=0.478923 | Best makespan in group=604.00
[TRAIN] Step 139/400 | 11:30:32
[TRAIN] Step 139 | Loss=10.152942 | Best makespan in group=362.00
[TRAIN] Step 140/400 | 11:31:03
[TRAIN] Step 140 | Loss=0.840372 | Best makespan in group=401.00
[TRAIN] Step 141/400 | 11:31:39
[TRAIN] Step 141 | Loss=-0.000000 | Best makespan in group=503.00
[TRAIN] Step 142/400 | 11:32:16
[TRAIN] Step 142 | Loss=-0.000000 | Best makespan in group=352.00
[TRAIN] Step 143/400 | 11:32:50
[TRAIN] Step 143 | Loss=0.122082 | Best makespan in group=452.00
[TRAIN] Step 144/400 | 11:33:30
[TRAIN] Step 144 | Loss=5.711461 | Best makespan in group=410.00
[TRAIN] Step 145/400 | 11:34:18
[TRAIN] Step 145 | Loss=-0.000000 | Best makespan in group=456.00
[TRAIN] Step 146/400 | 11:34:51
[TRAIN] Step 146 | Loss=0.193929 | Best makespan in group=482.00
[TRAIN] Step 147/400 | 11:35:17
[TRAIN] Step 147 | Loss=6.215899 | Best makespan in group=477.00
[TRAIN] Step 148/400 | 11:35:59
[TRAIN] Step 148 | Loss=7.437081 | Best makespan in group=397.00
[TRAIN] Step 149/400 | 11:36:53
[TRAIN] Step 149 | Loss=1.969396 | Best makespan in group=499.00
[TRAIN] Step 150/400 | 11:37:34
[TRAIN] Step 150 | Loss=0.011209 | Best makespan in group=426.00
[TRAIN][VAL][ep 150] avg_gap=0.1499 | std_gap=0.0896 | q80_gap=0.2058 | n=40
[TRAIN] Validation improved | smoothed_avg_gap=0.1603 (raw=0.1499) | saving candidate: 631512289787685.pth
[TRAIN] Step 151/400 | 11:40:08
[TRAIN] Step 151 | Loss=-0.000000 | Best makespan in group=389.00
[TRAIN] Step 152/400 | 11:40:56
[TRAIN] Step 152 | Loss=-0.000000 | Best makespan in group=369.00
[TRAIN] Step 153/400 | 11:41:35
[TRAIN] Step 153 | Loss=-0.000000 | Best makespan in group=578.00
[TRAIN] Step 154/400 | 11:42:00
[TRAIN] Step 154 | Loss=-0.000000 | Best makespan in group=342.00
[TRAIN] Step 155/400 | 11:42:29
[TRAIN] Step 155 | Loss=0.003033 | Best makespan in group=561.00
[TRAIN] Step 156/400 | 11:43:03
[TRAIN] Step 156 | Loss=2.717818 | Best makespan in group=425.00
[TRAIN] Step 157/400 | 11:43:44
[TRAIN] Step 157 | Loss=4.214065 | Best makespan in group=345.00
[TRAIN] Step 158/400 | 11:44:36
[TRAIN] Step 158 | Loss=0.034129 | Best makespan in group=549.00
[TRAIN] Step 159/400 | 11:45:08
[TRAIN] Step 159 | Loss=-0.000000 | Best makespan in group=445.00
[TRAIN] Step 160/400 | 11:45:34
[TRAIN] Step 160 | Loss=1.481483 | Best makespan in group=399.00
[TRAIN] Step 161/400 | 11:46:10
[TRAIN] Step 161 | Loss=-0.000000 | Best makespan in group=325.00
[TRAIN] Step 162/400 | 11:46:47
[TRAIN] Step 162 | Loss=-0.000000 | Best makespan in group=438.00
[TRAIN] Step 163/400 | 11:47:19
[TRAIN] Step 163 | Loss=-0.000000 | Best makespan in group=416.00
[TRAIN] Step 164/400 | 11:47:48
[TRAIN] Step 164 | Loss=-0.000000 | Best makespan in group=437.00
[TRAIN] Step 165/400 | 11:48:14
[TRAIN] Step 165 | Loss=7.372374 | Best makespan in group=498.00
[TRAIN] Step 166/400 | 11:48:41
[TRAIN] Step 166 | Loss=0.049475 | Best makespan in group=491.00
[TRAIN] Step 167/400 | 11:49:17
[TRAIN] Step 167 | Loss=-0.000000 | Best makespan in group=376.00
[TRAIN] Step 168/400 | 11:49:50
[TRAIN] Step 168 | Loss=1.284730 | Best makespan in group=465.00
[TRAIN] Step 169/400 | 11:50:30
[TRAIN] Step 169 | Loss=-0.000000 | Best makespan in group=460.00
[TRAIN] Step 170/400 | 11:50:57
[TRAIN] Step 170 | Loss=0.011665 | Best makespan in group=520.00
[TRAIN] Step 171/400 | 11:51:31
[TRAIN] Step 171 | Loss=0.127344 | Best makespan in group=501.00
[TRAIN] Step 172/400 | 11:51:56
[TRAIN] Step 172 | Loss=6.281149 | Best makespan in group=563.00
[TRAIN] Step 173/400 | 11:52:22
[TRAIN] Step 173 | Loss=-0.000000 | Best makespan in group=506.00
[TRAIN] Step 174/400 | 11:52:56
[TRAIN] Step 174 | Loss=0.006075 | Best makespan in group=530.00
[TRAIN] Step 175/400 | 11:53:27
[TRAIN] Step 175 | Loss=0.000000 | Best makespan in group=474.00
[TRAIN][VAL][ep 175] avg_gap=0.1279 | std_gap=0.0718 | q80_gap=0.1809 | n=40
[TRAIN] Validation improved | smoothed_avg_gap=0.1452 (raw=0.1279) | saving candidate: 147641709756846.pth
[TRAIN] Step 176/400 | 11:55:52
[TRAIN] Step 176 | Loss=2.596481 | Best makespan in group=428.00
[TRAIN] Step 177/400 | 11:56:38
[TRAIN] Step 177 | Loss=-0.000000 | Best makespan in group=461.00
[TRAIN] Step 178/400 | 11:57:18
[TRAIN] Step 178 | Loss=3.423499 | Best makespan in group=397.00
[TRAIN] Step 179/400 | 11:57:53
[TRAIN] Step 179 | Loss=-0.000000 | Best makespan in group=396.00
[TRAIN] Step 180/400 | 11:58:40
[TRAIN] Step 180 | Loss=-0.000000 | Best makespan in group=426.00
[TRAIN] Step 181/400 | 11:59:25
[TRAIN] Step 181 | Loss=-0.000000 | Best makespan in group=488.00
[TRAIN] Step 182/400 | 11:59:59
[TRAIN] Step 182 | Loss=0.773274 | Best makespan in group=410.00
[TRAIN] Step 183/400 | 12:00:29
[TRAIN] Step 183 | Loss=-0.000000 | Best makespan in group=563.00
[TRAIN] Step 184/400 | 12:01:00
[TRAIN] Step 184 | Loss=-0.000000 | Best makespan in group=547.00
[TRAIN] Step 185/400 | 12:01:30
[TRAIN] Step 185 | Loss=0.790646 | Best makespan in group=552.00
[TRAIN] Step 186/400 | 12:02:07
[TRAIN] Step 186 | Loss=-0.000000 | Best makespan in group=493.00
[TRAIN] Step 187/400 | 12:02:46
[TRAIN] Step 187 | Loss=0.000598 | Best makespan in group=370.00
[TRAIN] Step 188/400 | 12:03:15
[TRAIN] Step 188 | Loss=4.760678 | Best makespan in group=457.00
[TRAIN] Step 189/400 | 12:04:03
[TRAIN] Step 189 | Loss=1.341044 | Best makespan in group=397.00
[TRAIN] Step 190/400 | 12:04:39
[TRAIN] Step 190 | Loss=-0.000000 | Best makespan in group=461.00
[TRAIN] Step 191/400 | 12:05:19
[TRAIN] Step 191 | Loss=-0.000000 | Best makespan in group=596.00
[TRAIN] Step 192/400 | 12:05:48
[TRAIN] Step 192 | Loss=-0.000000 | Best makespan in group=511.00
[TRAIN] Step 193/400 | 12:06:23
[TRAIN] Step 193 | Loss=-0.000000 | Best makespan in group=393.00
[TRAIN] Step 194/400 | 12:07:05
[TRAIN] Step 194 | Loss=3.142739 | Best makespan in group=438.00
[TRAIN] Step 195/400 | 12:07:30
[TRAIN] Step 195 | Loss=0.041443 | Best makespan in group=485.00
[TRAIN] Step 196/400 | 12:07:55
[TRAIN] Step 196 | Loss=1.700270 | Best makespan in group=522.00
[TRAIN] Step 197/400 | 12:08:19
[TRAIN] Step 197 | Loss=0.102077 | Best makespan in group=367.00
[TRAIN] Step 198/400 | 12:08:53
[TRAIN] Step 198 | Loss=-0.000000 | Best makespan in group=468.00
[TRAIN] Step 199/400 | 12:09:24
[TRAIN] Step 199 | Loss=-0.000000 | Best makespan in group=390.00
[TRAIN] Step 200/400 | 12:10:00
[TRAIN] Step 200 | Loss=0.000002 | Best makespan in group=474.00
[TRAIN] Refreshing training instances (step 200)...
[TRAIN][VAL][ep 200] avg_gap=0.1445 | std_gap=0.0830 | q80_gap=0.1993 | n=40
[TRAIN] Validation improved | smoothed_avg_gap=0.1407 (raw=0.1445) | saving candidate: 965256461478874.pth
[TRAIN] Step 201/400 | 12:12:08
[TRAIN] Step 201 | Loss=-0.000000 | Best makespan in group=404.00
[TRAIN] Step 202/400 | 12:12:47
[TRAIN] Step 202 | Loss=-0.000000 | Best makespan in group=351.00
[TRAIN] Step 203/400 | 12:13:23
[TRAIN] Step 203 | Loss=5.131567 | Best makespan in group=506.00
[TRAIN] Step 204/400 | 12:13:58
[TRAIN] Step 204 | Loss=-0.000000 | Best makespan in group=435.00
[TRAIN] Step 205/400 | 12:14:22
[TRAIN] Step 205 | Loss=-0.000000 | Best makespan in group=383.00
[TRAIN] Step 206/400 | 12:15:22
[TRAIN] Step 206 | Loss=-0.000000 | Best makespan in group=322.00
[TRAIN] Step 207/400 | 12:16:03
[TRAIN] Step 207 | Loss=-0.000000 | Best makespan in group=419.00
[TRAIN] Step 208/400 | 12:16:33
[TRAIN] Step 208 | Loss=2.086339 | Best makespan in group=344.00
[TRAIN] Step 209/400 | 12:17:03
[TRAIN] Step 209 | Loss=1.900035 | Best makespan in group=401.00
[TRAIN] Step 210/400 | 12:17:32
[TRAIN] Step 210 | Loss=-0.000000 | Best makespan in group=375.00
[TRAIN] Step 211/400 | 12:18:05
[TRAIN] Step 211 | Loss=-0.000000 | Best makespan in group=389.00
[TRAIN] Step 212/400 | 12:18:39
[TRAIN] Step 212 | Loss=-0.000000 | Best makespan in group=413.00
[TRAIN] Step 213/400 | 12:19:06
[TRAIN] Step 213 | Loss=0.000000 | Best makespan in group=435.00
[TRAIN] Step 214/400 | 12:19:42
[TRAIN] Step 214 | Loss=0.000000 | Best makespan in group=358.00
[TRAIN] Step 215/400 | 12:20:20
[TRAIN] Step 215 | Loss=-0.000000 | Best makespan in group=485.00
[TRAIN] Step 216/400 | 12:20:49
[TRAIN] Step 216 | Loss=-0.000000 | Best makespan in group=368.00
[TRAIN] Step 217/400 | 12:21:35
[TRAIN] Step 217 | Loss=-0.000000 | Best makespan in group=464.00
[TRAIN] Step 218/400 | 12:22:11
[TRAIN] Step 218 | Loss=-0.000000 | Best makespan in group=453.00
[TRAIN] Step 219/400 | 12:22:42
[TRAIN] Step 219 | Loss=-0.000000 | Best makespan in group=382.00
[TRAIN] Step 220/400 | 12:23:25
[TRAIN] Step 220 | Loss=-0.000000 | Best makespan in group=511.00
[TRAIN] Step 221/400 | 12:23:50
[TRAIN] Step 221 | Loss=-0.000000 | Best makespan in group=436.00
[TRAIN] Step 222/400 | 12:24:14
[TRAIN] Step 222 | Loss=-0.000000 | Best makespan in group=413.00
[TRAIN] Step 223/400 | 12:24:45
[TRAIN] Step 223 | Loss=-0.000000 | Best makespan in group=377.00
[TRAIN] Step 224/400 | 12:25:28
[TRAIN] Step 224 | Loss=-0.000000 | Best makespan in group=589.00
[TRAIN] Step 225/400 | 12:25:56
[TRAIN] Step 225 | Loss=-0.000000 | Best makespan in group=478.00
[TRAIN][VAL][ep 225] avg_gap=0.1325 | std_gap=0.0735 | q80_gap=0.1873 | n=40
[TRAIN] Validation improved | smoothed_avg_gap=0.1350 (raw=0.1325) | saving candidate: 707720872170429.pth
[TRAIN] Step 226/400 | 12:27:33
[TRAIN] Step 226 | Loss=7.334889 | Best makespan in group=406.00
[TRAIN] Step 227/400 | 12:28:08
[TRAIN] Step 227 | Loss=0.838364 | Best makespan in group=371.00
[TRAIN] Step 228/400 | 12:28:31
[TRAIN] Step 228 | Loss=2.037030 | Best makespan in group=411.00
[TRAIN] Step 229/400 | 12:28:58
[TRAIN] Step 229 | Loss=2.068959 | Best makespan in group=385.00
[TRAIN] Step 230/400 | 12:29:21
[TRAIN] Step 230 | Loss=0.188533 | Best makespan in group=474.00
[TRAIN] Step 231/400 | 12:29:38
[TRAIN] Step 231 | Loss=-0.000000 | Best makespan in group=459.00
[TRAIN] Step 232/400 | 12:29:59
[TRAIN] Step 232 | Loss=1.055477 | Best makespan in group=407.00
[TRAIN] Step 233/400 | 12:30:34
[TRAIN] Step 233 | Loss=-0.000000 | Best makespan in group=454.00
[TRAIN] Step 234/400 | 12:31:04
[TRAIN] Step 234 | Loss=-0.000000 | Best makespan in group=377.00
[TRAIN] Step 235/400 | 12:31:42
[TRAIN] Step 235 | Loss=0.484948 | Best makespan in group=353.00
[TRAIN] Step 236/400 | 12:32:06
[TRAIN] Step 236 | Loss=0.544665 | Best makespan in group=503.00
[TRAIN] Step 237/400 | 12:32:35
[TRAIN] Step 237 | Loss=2.342283 | Best makespan in group=487.00
[TRAIN] Step 238/400 | 12:32:56
[TRAIN] Step 238 | Loss=0.012928 | Best makespan in group=632.00
[TRAIN] Step 239/400 | 12:33:21
[TRAIN] Step 239 | Loss=-0.000000 | Best makespan in group=408.00
[TRAIN] Step 240/400 | 12:33:46
[TRAIN] Step 240 | Loss=-0.000000 | Best makespan in group=400.00
[TRAIN] Step 241/400 | 12:34:20
[TRAIN] Step 241 | Loss=0.445629 | Best makespan in group=463.00
[TRAIN] Step 242/400 | 12:34:38
[TRAIN] Step 242 | Loss=-0.000000 | Best makespan in group=376.00
[TRAIN] Step 243/400 | 12:35:06
[TRAIN] Step 243 | Loss=0.000000 | Best makespan in group=393.00
[TRAIN] Step 244/400 | 12:35:35
[TRAIN] Step 244 | Loss=-0.000000 | Best makespan in group=369.00
[TRAIN] Step 245/400 | 12:36:07
[TRAIN] Step 245 | Loss=-0.000000 | Best makespan in group=453.00
[TRAIN] Step 246/400 | 12:36:33
[TRAIN] Step 246 | Loss=0.000102 | Best makespan in group=447.00
[TRAIN] Step 247/400 | 12:36:56
[TRAIN] Step 247 | Loss=-0.000000 | Best makespan in group=388.00
[TRAIN] Step 248/400 | 12:37:29
[TRAIN] Step 248 | Loss=3.211250 | Best makespan in group=431.00
[TRAIN] Step 249/400 | 12:37:53
[TRAIN] Step 249 | Loss=-0.000000 | Best makespan in group=413.00
[TRAIN] Step 250/400 | 12:38:22
[TRAIN] Step 250 | Loss=-0.000000 | Best makespan in group=412.00
[TRAIN][VAL][ep 250] avg_gap=0.1495 | std_gap=0.0822 | q80_gap=0.2064 | n=40
[TRAIN] Step 251/400 | 12:40:04
[TRAIN] Step 251 | Loss=-0.000000 | Best makespan in group=345.00
[TRAIN] Step 252/400 | 12:40:36
[TRAIN] Step 252 | Loss=0.000001 | Best makespan in group=460.00
[TRAIN] Step 253/400 | 12:41:03
[TRAIN] Step 253 | Loss=0.000124 | Best makespan in group=345.00
[TRAIN] Step 254/400 | 12:41:29
[TRAIN] Step 254 | Loss=0.444548 | Best makespan in group=572.00
[TRAIN] Step 255/400 | 12:41:57
[TRAIN] Step 255 | Loss=0.115857 | Best makespan in group=392.00
[TRAIN] Step 256/400 | 12:42:19
[TRAIN] Step 256 | Loss=-0.000000 | Best makespan in group=343.00
[TRAIN] Step 257/400 | 12:43:06
[TRAIN] Step 257 | Loss=-0.000000 | Best makespan in group=401.00
[TRAIN] Step 258/400 | 12:43:36
[TRAIN] Step 258 | Loss=0.000010 | Best makespan in group=407.00
[TRAIN] Step 259/400 | 12:44:22
[TRAIN] Step 259 | Loss=-0.000000 | Best makespan in group=318.00
[TRAIN] Step 260/400 | 12:44:54
[TRAIN] Step 260 | Loss=0.000000 | Best makespan in group=462.00
[TRAIN] Step 261/400 | 12:45:12
[TRAIN] Step 261 | Loss=-0.000000 | Best makespan in group=366.00
[TRAIN] Step 262/400 | 12:45:49
[TRAIN] Step 262 | Loss=-0.000000 | Best makespan in group=401.00
[TRAIN] Step 263/400 | 12:46:18
[TRAIN] Step 263 | Loss=0.997968 | Best makespan in group=371.00
[TRAIN] Step 264/400 | 12:46:40
[TRAIN] Step 264 | Loss=0.000000 | Best makespan in group=401.00
[TRAIN] Step 265/400 | 12:47:20
[TRAIN] Step 265 | Loss=-0.000000 | Best makespan in group=383.00
[TRAIN] Step 266/400 | 12:47:51
[TRAIN] Step 266 | Loss=-0.000000 | Best makespan in group=487.00
[TRAIN] Step 267/400 | 12:48:22
[TRAIN] Step 267 | Loss=-0.000000 | Best makespan in group=590.00
[TRAIN] Step 268/400 | 12:48:50
[TRAIN] Step 268 | Loss=0.223050 | Best makespan in group=362.00
[TRAIN] Step 269/400 | 12:49:13
[TRAIN] Step 269 | Loss=0.000001 | Best makespan in group=437.00
[TRAIN] Step 270/400 | 12:49:40
[TRAIN] Step 270 | Loss=0.053781 | Best makespan in group=369.00
[TRAIN] Step 271/400 | 12:50:23
[TRAIN] Step 271 | Loss=-0.000000 | Best makespan in group=436.00
[TRAIN] Step 272/400 | 12:50:43
[TRAIN] Step 272 | Loss=1.637991 | Best makespan in group=427.00
[TRAIN] Step 273/400 | 12:51:11
[TRAIN] Step 273 | Loss=0.493609 | Best makespan in group=444.00
[TRAIN] Step 274/400 | 12:51:29
[TRAIN] Step 274 | Loss=-0.000000 | Best makespan in group=391.00
[TRAIN] Step 275/400 | 12:51:54
[TRAIN] Step 275 | Loss=-0.000000 | Best makespan in group=524.00
[TRAIN][VAL][ep 275] avg_gap=0.1404 | std_gap=0.0787 | q80_gap=0.1968 | n=40
[TRAIN] Step 276/400 | 12:53:27
[TRAIN] Step 276 | Loss=0.029233 | Best makespan in group=340.00
[TRAIN] Step 277/400 | 12:53:56
[TRAIN] Step 277 | Loss=-0.000000 | Best makespan in group=385.00
[TRAIN] Step 278/400 | 12:54:27
[TRAIN] Step 278 | Loss=-0.000000 | Best makespan in group=505.00
[TRAIN] Step 279/400 | 12:54:55
[TRAIN] Step 279 | Loss=-0.000000 | Best makespan in group=381.00
[TRAIN] Step 280/400 | 12:55:26
[TRAIN] Step 280 | Loss=-0.000000 | Best makespan in group=437.00
[TRAIN] Step 281/400 | 12:55:56
[TRAIN] Step 281 | Loss=0.896613 | Best makespan in group=413.00
[TRAIN] Step 282/400 | 12:56:22
[TRAIN] Step 282 | Loss=3.964848 | Best makespan in group=346.00
[TRAIN] Step 283/400 | 12:56:43
[TRAIN] Step 283 | Loss=-0.000000 | Best makespan in group=297.00
[TRAIN] Step 284/400 | 12:57:11
[TRAIN] Step 284 | Loss=-0.000000 | Best makespan in group=418.00
[TRAIN] Step 285/400 | 12:57:42
[TRAIN] Step 285 | Loss=1.316581 | Best makespan in group=458.00
[TRAIN] Step 286/400 | 12:57:59
[TRAIN] Step 286 | Loss=0.724553 | Best makespan in group=480.00
[TRAIN] Step 287/400 | 12:58:23
[TRAIN] Step 287 | Loss=-0.000000 | Best makespan in group=408.00
[TRAIN] Step 288/400 | 12:58:45
[TRAIN] Step 288 | Loss=8.530586 | Best makespan in group=477.00
[TRAIN] Step 289/400 | 12:59:06
[TRAIN] Step 289 | Loss=-0.000000 | Best makespan in group=466.00
[TRAIN] Step 290/400 | 12:59:23
[TRAIN] Step 290 | Loss=-0.000000 | Best makespan in group=347.00
[TRAIN] Step 291/400 | 12:59:51
[TRAIN] Step 291 | Loss=0.000000 | Best makespan in group=393.00
[TRAIN] Step 292/400 | 13:00:17
[TRAIN] Step 292 | Loss=-0.000000 | Best makespan in group=332.00
[TRAIN] Step 293/400 | 13:00:44
[TRAIN] Step 293 | Loss=0.000000 | Best makespan in group=417.00
[TRAIN] Step 294/400 | 13:01:00
[TRAIN] Step 294 | Loss=-0.000000 | Best makespan in group=370.00
[TRAIN] Step 295/400 | 13:01:24
[TRAIN] Step 295 | Loss=1.113626 | Best makespan in group=383.00
[TRAIN] Step 296/400 | 13:01:59
[TRAIN] Step 296 | Loss=7.200333 | Best makespan in group=357.00
[TRAIN] Step 297/400 | 13:02:35
[TRAIN] Step 297 | Loss=-0.000000 | Best makespan in group=389.00
[TRAIN] Step 298/400 | 13:03:01
[TRAIN] Step 298 | Loss=0.000000 | Best makespan in group=379.00
[TRAIN] Step 299/400 | 13:03:32
[TRAIN] Step 299 | Loss=0.202053 | Best makespan in group=558.00
[TRAIN] Step 300/400 | 13:03:52
[TRAIN] Step 300 | Loss=0.893633 | Best makespan in group=414.00
[TRAIN][VAL][ep 300] avg_gap=0.1506 | std_gap=0.0911 | q80_gap=0.2034 | n=40
[TRAIN] Step 301/400 | 13:05:18
[TRAIN] Step 301 | Loss=0.000001 | Best makespan in group=431.00
[TRAIN] Step 302/400 | 13:05:40
[TRAIN] Step 302 | Loss=-0.000000 | Best makespan in group=408.00
[TRAIN] Step 303/400 | 13:06:00
[TRAIN] Step 303 | Loss=0.663159 | Best makespan in group=397.00
[TRAIN] Step 304/400 | 13:06:26
[TRAIN] Step 304 | Loss=0.607765 | Best makespan in group=347.00
[TRAIN] Step 305/400 | 13:06:47
[TRAIN] Step 305 | Loss=4.669321 | Best makespan in group=482.00
[TRAIN] Step 306/400 | 13:07:08
[TRAIN] Step 306 | Loss=-0.000000 | Best makespan in group=408.00
[TRAIN] Step 307/400 | 13:07:43
[TRAIN] Step 307 | Loss=-0.000000 | Best makespan in group=590.00
[TRAIN] Step 308/400 | 13:08:05
[TRAIN] Step 308 | Loss=0.000066 | Best makespan in group=458.00
[TRAIN] Step 309/400 | 13:08:24
[TRAIN] Step 309 | Loss=-0.000000 | Best makespan in group=426.00
[TRAIN] Step 310/400 | 13:08:42
[TRAIN] Step 310 | Loss=-0.000000 | Best makespan in group=312.00
[TRAIN] Step 311/400 | 13:09:10
[TRAIN] Step 311 | Loss=0.256774 | Best makespan in group=368.00
[TRAIN] Step 312/400 | 13:09:30
[TRAIN] Step 312 | Loss=5.884704 | Best makespan in group=487.00
[TRAIN] Step 313/400 | 13:09:51
[TRAIN] Step 313 | Loss=-0.000000 | Best makespan in group=379.00
[TRAIN] Step 314/400 | 13:10:22
[TRAIN] Step 314 | Loss=0.000070 | Best makespan in group=449.00
[TRAIN] Step 315/400 | 13:10:50
[TRAIN] Step 315 | Loss=1.327620 | Best makespan in group=347.00
[TRAIN] Step 316/400 | 13:11:13
[TRAIN] Step 316 | Loss=-0.000000 | Best makespan in group=453.00
[TRAIN] Step 317/400 | 13:11:38
[TRAIN] Step 317 | Loss=0.805436 | Best makespan in group=502.00
[TRAIN] Step 318/400 | 13:11:54
[TRAIN] Step 318 | Loss=-0.000000 | Best makespan in group=396.00
[TRAIN] Step 319/400 | 13:12:21
[TRAIN] Step 319 | Loss=-0.000000 | Best makespan in group=440.00
[TRAIN] Step 320/400 | 13:12:44
[TRAIN] Step 320 | Loss=0.000006 | Best makespan in group=410.00
[TRAIN] Step 321/400 | 13:13:05
[TRAIN] Step 321 | Loss=-0.000000 | Best makespan in group=532.00
[TRAIN] Step 322/400 | 13:13:25
[TRAIN] Step 322 | Loss=-0.000000 | Best makespan in group=499.00
[TRAIN] Step 323/400 | 13:13:48
[TRAIN] Step 323 | Loss=0.404504 | Best makespan in group=483.00
[TRAIN] Step 324/400 | 13:14:14
[TRAIN] Step 324 | Loss=0.000000 | Best makespan in group=341.00
[TRAIN] Step 325/400 | 13:14:36
[TRAIN] Step 325 | Loss=0.000015 | Best makespan in group=333.00
[TRAIN][VAL][ep 325] avg_gap=0.1427 | std_gap=0.0805 | q80_gap=0.2057 | n=40
[TRAIN] Step 326/400 | 13:16:05
[TRAIN] Step 326 | Loss=-0.000000 | Best makespan in group=352.00
[TRAIN] Step 327/400 | 13:16:28
[TRAIN] Step 327 | Loss=4.421614 | Best makespan in group=378.00
[TRAIN] Step 328/400 | 13:16:49
[TRAIN] Step 328 | Loss=-0.000000 | Best makespan in group=396.00
[TRAIN] Step 329/400 | 13:17:14
[TRAIN] Step 329 | Loss=0.462126 | Best makespan in group=467.00
[TRAIN] Step 330/400 | 13:17:38
[TRAIN] Step 330 | Loss=0.000001 | Best makespan in group=410.00
[TRAIN] Step 331/400 | 13:18:04
[TRAIN] Step 331 | Loss=-0.000000 | Best makespan in group=416.00
[TRAIN] Step 332/400 | 13:18:35
[TRAIN] Step 332 | Loss=0.422840 | Best makespan in group=369.00
[TRAIN] Step 333/400 | 13:19:07
[TRAIN] Step 333 | Loss=-0.000000 | Best makespan in group=363.00
[TRAIN] Step 334/400 | 13:19:39
[TRAIN] Step 334 | Loss=-0.000000 | Best makespan in group=476.00
[TRAIN] Step 335/400 | 13:19:56
[TRAIN] Step 335 | Loss=0.546472 | Best makespan in group=402.00
[TRAIN] Step 336/400 | 13:20:20
[TRAIN] Step 336 | Loss=0.000886 | Best makespan in group=396.00
[TRAIN] Step 337/400 | 13:20:45
[TRAIN] Step 337 | Loss=-0.000000 | Best makespan in group=479.00
[TRAIN] Step 338/400 | 13:21:00
[TRAIN] Step 338 | Loss=0.519076 | Best makespan in group=411.00
[TRAIN] Step 339/400 | 13:21:18
[TRAIN] Step 339 | Loss=-0.000000 | Best makespan in group=403.00
[TRAIN] Step 340/400 | 13:21:41
[TRAIN] Step 340 | Loss=-0.000000 | Best makespan in group=407.00
[TRAIN] Step 341/400 | 13:22:03
[TRAIN] Step 341 | Loss=0.983831 | Best makespan in group=442.00
[TRAIN] Step 342/400 | 13:22:18
[TRAIN] Step 342 | Loss=4.196648 | Best makespan in group=373.00
[TRAIN] Step 343/400 | 13:22:34
[TRAIN] Step 343 | Loss=0.000001 | Best makespan in group=464.00
[TRAIN] Step 344/400 | 13:22:54
[TRAIN] Step 344 | Loss=-0.000000 | Best makespan in group=347.00
[TRAIN] Step 345/400 | 13:23:23
[TRAIN] Step 345 | Loss=0.003715 | Best makespan in group=400.00
[TRAIN] Step 346/400 | 13:23:42
[TRAIN] Step 346 | Loss=0.587823 | Best makespan in group=460.00
[TRAIN] Step 347/400 | 13:24:02
[TRAIN] Step 347 | Loss=0.000001 | Best makespan in group=488.00
[TRAIN] Step 348/400 | 13:24:24
[TRAIN] Step 348 | Loss=1.294563 | Best makespan in group=618.00
[TRAIN] Step 349/400 | 13:24:44
[TRAIN] Step 349 | Loss=-0.000000 | Best makespan in group=303.00
[TRAIN] Step 350/400 | 13:25:08
[TRAIN] Step 350 | Loss=-0.000000 | Best makespan in group=427.00
[TRAIN][VAL][ep 350] avg_gap=0.1457 | std_gap=0.0765 | q80_gap=0.2007 | n=40
[TRAIN] Step 351/400 | 13:26:20
[TRAIN] Step 351 | Loss=0.000000 | Best makespan in group=405.00
[TRAIN] Step 352/400 | 13:26:50
[TRAIN] Step 352 | Loss=-0.000000 | Best makespan in group=427.00
[TRAIN] Step 353/400 | 13:27:05
[TRAIN] Step 353 | Loss=0.082059 | Best makespan in group=407.00
[TRAIN] Step 354/400 | 13:27:26
[TRAIN] Step 354 | Loss=-0.000000 | Best makespan in group=361.00
[TRAIN] Step 355/400 | 13:27:47
[TRAIN] Step 355 | Loss=-0.000000 | Best makespan in group=436.00
[TRAIN] Step 356/400 | 13:28:07
[TRAIN] Step 356 | Loss=3.499555 | Best makespan in group=398.00
[TRAIN] Step 357/400 | 13:28:26
[TRAIN] Step 357 | Loss=1.439784 | Best makespan in group=467.00
[TRAIN] Step 358/400 | 13:28:46
[TRAIN] Step 358 | Loss=-0.000000 | Best makespan in group=390.00
[TRAIN] Step 359/400 | 13:29:07
[TRAIN] Step 359 | Loss=0.000000 | Best makespan in group=451.00
[TRAIN] Step 360/400 | 13:29:29
[TRAIN] Step 360 | Loss=0.002528 | Best makespan in group=433.00
[TRAIN] Step 361/400 | 13:29:41
[TRAIN] Step 361 | Loss=-0.000000 | Best makespan in group=476.00
[TRAIN] Step 362/400 | 13:29:54
[TRAIN] Step 362 | Loss=0.000075 | Best makespan in group=333.00
[TRAIN] Step 363/400 | 13:30:16
[TRAIN] Step 363 | Loss=-0.000000 | Best makespan in group=363.00
[TRAIN] Step 364/400 | 13:30:44
[TRAIN] Step 364 | Loss=5.770062 | Best makespan in group=469.00
[TRAIN] Step 365/400 | 13:31:03
[TRAIN] Step 365 | Loss=-0.000000 | Best makespan in group=385.00
[TRAIN] Step 366/400 | 13:31:23
[TRAIN] Step 366 | Loss=-0.000000 | Best makespan in group=410.00
[TRAIN] Step 367/400 | 13:31:45
[TRAIN] Step 367 | Loss=-0.000000 | Best makespan in group=451.00
[TRAIN] Step 368/400 | 13:32:07
[TRAIN] Step 368 | Loss=-0.000000 | Best makespan in group=354.00
[TRAIN] Step 369/400 | 13:32:28
[TRAIN] Step 369 | Loss=0.015257 | Best makespan in group=361.00
[TRAIN] Step 370/400 | 13:32:57
[TRAIN] Step 370 | Loss=-0.000000 | Best makespan in group=481.00
[TRAIN] Step 371/400 | 13:33:15
[TRAIN] Step 371 | Loss=4.868362 | Best makespan in group=400.00
[TRAIN] Step 372/400 | 13:33:40
[TRAIN] Step 372 | Loss=0.427547 | Best makespan in group=374.00
[TRAIN] Step 373/400 | 13:33:57
[TRAIN] Step 373 | Loss=0.000002 | Best makespan in group=341.00
[TRAIN] Step 374/400 | 13:34:16
[TRAIN] Step 374 | Loss=4.176748 | Best makespan in group=629.00
[TRAIN] Step 375/400 | 13:34:36
[TRAIN] Step 375 | Loss=0.000028 | Best makespan in group=444.00
[TRAIN][VAL][ep 375] avg_gap=0.1472 | std_gap=0.0914 | q80_gap=0.2067 | n=40
[TRAIN] Step 376/400 | 13:35:46
[TRAIN] Step 376 | Loss=-0.000000 | Best makespan in group=318.00
[TRAIN] Step 377/400 | 13:36:10
[TRAIN] Step 377 | Loss=0.000002 | Best makespan in group=410.00
[TRAIN] Step 378/400 | 13:36:33
[TRAIN] Step 378 | Loss=0.000002 | Best makespan in group=368.00
[TRAIN] Step 379/400 | 13:37:01
[TRAIN] Step 379 | Loss=0.255110 | Best makespan in group=357.00
[TRAIN] Step 380/400 | 13:37:19
[TRAIN] Step 380 | Loss=0.000481 | Best makespan in group=440.00
[TRAIN] Step 381/400 | 13:37:43
[TRAIN] Step 381 | Loss=0.000419 | Best makespan in group=364.00
[TRAIN] Step 382/400 | 13:38:00
[TRAIN] Step 382 | Loss=0.000000 | Best makespan in group=451.00
[TRAIN] Step 383/400 | 13:38:19
[TRAIN] Step 383 | Loss=0.679653 | Best makespan in group=406.00
[TRAIN] Step 384/400 | 13:38:42
[TRAIN] Step 384 | Loss=3.366124 | Best makespan in group=359.00
[TRAIN] Step 385/400 | 13:39:06
[TRAIN] Step 385 | Loss=0.059905 | Best makespan in group=414.00
[TRAIN] Step 386/400 | 13:39:25
[TRAIN] Step 386 | Loss=0.000001 | Best makespan in group=451.00
[TRAIN] Step 387/400 | 13:39:49
[TRAIN] Step 387 | Loss=1.039309 | Best makespan in group=473.00
[TRAIN] Step 388/400 | 13:40:04
[TRAIN] Step 388 | Loss=1.139972 | Best makespan in group=406.00
[TRAIN] Step 389/400 | 13:40:28
[TRAIN] Step 389 | Loss=-0.000000 | Best makespan in group=303.00
[TRAIN] Step 390/400 | 13:40:52
[TRAIN] Step 390 | Loss=-0.000000 | Best makespan in group=392.00
[TRAIN] Step 391/400 | 13:41:23
[TRAIN] Step 391 | Loss=-0.000000 | Best makespan in group=602.00
[TRAIN] Step 392/400 | 13:41:44
[TRAIN] Step 392 | Loss=2.131131 | Best makespan in group=429.00
[TRAIN] Step 393/400 | 13:42:01
[TRAIN] Step 393 | Loss=-0.000000 | Best makespan in group=461.00
[TRAIN] Step 394/400 | 13:42:18
[TRAIN] Step 394 | Loss=-0.000000 | Best makespan in group=392.00
[TRAIN] Step 395/400 | 13:42:42
[TRAIN] Step 395 | Loss=2.229375 | Best makespan in group=344.00
[TRAIN] Step 396/400 | 13:43:02
[TRAIN] Step 396 | Loss=2.245543 | Best makespan in group=398.00
[TRAIN] Step 397/400 | 13:43:25
[TRAIN] Step 397 | Loss=0.487078 | Best makespan in group=549.00
[TRAIN] Step 398/400 | 13:43:43
[TRAIN] Step 398 | Loss=-0.000000 | Best makespan in group=474.00
[TRAIN] Step 399/400 | 13:44:07
[TRAIN] Step 399 | Loss=0.723754 | Best makespan in group=365.00
[TRAIN] Step 400/400 | 13:44:38
[TRAIN] Step 400 | Loss=-0.000000 | Best makespan in group=403.00
[TRAIN] Refreshing training instances (step 400)...
[TRAIN][VAL][ep 400] avg_gap=0.1439 | std_gap=0.0833 | q80_gap=0.1937 | n=40
[TRAIN] Evaluating best checkpoint (candidate_models/707720872170429.pth) on the held-out test split...
[TRAIN][TEST] avg_gap=0.1432 | std_gap=0.0775 | q80_gap=0.1943 | n=40
[TRAIN][13:46:56] Training ended. Validation history and plots updated.
=== DONE convergence_check_om_gat in 14024.3s ===
