{"op_code":0,"worker_id":"733557e3-8964-4df3-b6fd-957fd8e3987a-27068","study_name":"fjsp_tuning_ojm_L2","directions":[1]}
{"op_code":4,"worker_id":"733557e3-8964-4df3-b6fd-957fd8e3987a-27068","study_id":0,"datetime_start":"2026-09-27T09:09:14.775155+00:00"}
{"op_code":5,"worker_id":"733557e3-8964-4df3-b6fd-957fd8e3987a-27068","trial_id":0,"param_name":"n_cases","param_value_internal":1,"distribution":"{\"name\": \"CategoricalDistribution\", \"attributes\": {\"choices\": [40, 80]}}"}
{"op_code":5,"worker_id":"733557e3-8964-4df3-b6fd-957fd8e3987a-27068","trial_id":0,"param_name":"batch_size","param_value_internal":0,"distribution":"{\"name\": \"CategoricalDistribution\", \"attributes\": {\"choices\": [64, 128]}}"}
{"op_code":5,"worker_id":"733557e3-8964-4df3-b6fd-957fd8e3987a-27068","trial_id":0,"param_name":"lr","param_value_internal":0.00010256691315437255,"distribution":"{\"name\": \"FloatDistribution\", \"attributes\": {\"step\": null, \"low\": 5e-05, \"high\": 0.005, \"log\": true}}"}
{"op_code":5,"worker_id":"733557e3-8964-4df3-b6fd-957fd8e3987a-27068","trial_id":0,"param_name":"hidden_channels","param_value_internal":0,"distribution":"{\"name\": \"CategoricalDistribution\", \"attributes\": {\"choices\": [128, 256]}}"}
{"op_code":5,"worker_id":"733557e3-8964-4df3-b6fd-957fd8e3987a-27068","trial_id":0,"param_name":"K","param_value_internal":0,"distribution":"{\"name\": \"CategoricalDistribution\", \"attributes\": {\"choices\": [32, 64]}}"}
{"op_code":5,"worker_id":"733557e3-8964-4df3-b6fd-957fd8e3987a-27068","trial_id":0,"param_name":"use_greedy","param_value_internal":0,"distribution":"{\"name\": \"CategoricalDistribution\", \"attributes\": {\"choices\": [true, false]}}"}
{"op_code":5,"worker_id":"733557e3-8964-4df3-b6fd-957fd8e3987a-27068","trial_id":0,"param_name":"sel_k","param_value_internal":0,"distribution":"{\"name\": \"CategoricalDistribution\", \"attributes\": {\"choices\": [1, 10]}}"}
{"op_code":8,"worker_id":"733557e3-8964-4df3-b6fd-957fd8e3987a-27068","trial_id":0,"user_attr":{"run_name":"optuna_ojm_gat_L2_1790500154/trial_0"}}
{"op_code":8,"worker_id":"733557e3-8964-4df3-b6fd-957fd8e3987a-27068","trial_id":0,"user_attr":{"gnn_type":"gat"}}
{"op_code":8,"worker_id":"733557e3-8964-4df3-b6fd-957fd8e3987a-27068","trial_id":0,"user_attr":{"run_dir":"results\\optuna_ojm_gat_L2_1790500154\\trial_0"}}
{"op_code":8,"worker_id":"733557e3-8964-4df3-b6fd-957fd8e3987a-27068","trial_id":0,"user_attr":{"best_difference":0.013519406578244797}}
{"op_code":8,"worker_id":"733557e3-8964-4df3-b6fd-957fd8e3987a-27068","trial_id":0,"user_attr":{"total_runtime_sec":2550.114636659622}}
{"op_code":8,"worker_id":"733557e3-8964-4df3-b6fd-957fd8e3987a-27068","trial_id":0,"user_attr":{"best_val_avg_gap":0.9571306266680235}}
{"op_code":6,"worker_id":"733557e3-8964-4df3-b6fd-957fd8e3987a-27068","trial_id":0,"state":1,"values":[1.1158505548203197],"datetime_complete":"2026-09-27T09:51:45.059219+00:00"}
{"op_code":4,"worker_id":"733557e3-8964-4df3-b6fd-957fd8e3987a-27068","study_id":0,"datetime_start":"2026-09-27T09:51:45.065215+00:00"}
{"op_code":5,"worker_id":"733557e3-8964-4df3-b6fd-957fd8e3987a-27068","trial_id":1,"param_name":"n_cases","param_value_internal":0,"distribution":"{\"name\": \"CategoricalDistribution\", \"attributes\": {\"choices\": [40, 80]}}"}
{"op_code":5,"worker_id":"733557e3-8964-4df3-b6fd-957fd8e3987a-27068","trial_id":1,"param_name":"batch_size","param_value_internal":1,"distribution":"{\"name\": \"CategoricalDistribution\", \"attributes\": {\"choices\": [64, 128]}}"}
{"op_code":5,"worker_id":"733557e3-8964-4df3-b6fd-957fd8e3987a-27068","trial_id":1,"param_name":"lr","param_value_internal":0.0005603803105930283,"distribution":"{\"name\": \"FloatDistribution\", \"attributes\": {\"step\": null, \"low\": 5e-05, \"high\": 0.005, \"log\": true}}"}
{"op_code":5,"worker_id":"733557e3-8964-4df3-b6fd-957fd8e3987a-27068","trial_id":1,"param_name":"hidden_channels","param_value_internal":0,"distribution":"{\"name\": \"CategoricalDistribution\", \"attributes\": {\"choices\": [128, 256]}}"}
{"op_code":5,"worker_id":"733557e3-8964-4df3-b6fd-957fd8e3987a-27068","trial_id":1,"param_name":"K","param_value_internal":0,"distribution":"{\"name\": \"CategoricalDistribution\", \"attributes\": {\"choices\": [32, 64]}}"}
{"op_code":5,"worker_id":"733557e3-8964-4df3-b6fd-957fd8e3987a-27068","trial_id":1,"param_name":"use_greedy","param_value_internal":1,"distribution":"{\"name\": \"CategoricalDistribution\", \"attributes\": {\"choices\": [true, false]}}"}
{"op_code":5,"worker_id":"733557e3-8964-4df3-b6fd-957fd8e3987a-27068","trial_id":1,"param_name":"sel_k","param_value_internal":1,"distribution":"{\"name\": \"CategoricalDistribution\", \"attributes\": {\"choices\": [1, 10]}}"}
{"op_code":8,"worker_id":"733557e3-8964-4df3-b6fd-957fd8e3987a-27068","trial_id":1,"user_attr":{"run_name":"optuna_ojm_gat_L2_1790500154/trial_1"}}
{"op_code":8,"worker_id":"733557e3-8964-4df3-b6fd-957fd8e3987a-27068","trial_id":1,"user_attr":{"gnn_type":"gat"}}
{"op_code":8,"worker_id":"733557e3-8964-4df3-b6fd-957fd8e3987a-27068","trial_id":1,"user_attr":{"run_dir":"results\\optuna_ojm_gat_L2_1790500154\\trial_1"}}
{"op_code":8,"worker_id":"733557e3-8964-4df3-b6fd-957fd8e3987a-27068","trial_id":1,"user_attr":{"best_difference":0.16299552170927623}}
{"op_code":8,"worker_id":"733557e3-8964-4df3-b6fd-957fd8e3987a-27068","trial_id":1,"user_attr":{"total_runtime_sec":4159.055200099945}}
{"op_code":8,"worker_id":"733557e3-8964-4df3-b6fd-957fd8e3987a-27068","trial_id":1,"user_attr":{"best_val_avg_gap":0.7718665624232294}}
{"op_code":6,"worker_id":"733557e3-8964-4df3-b6fd-957fd8e3987a-27068","trial_id":1,"state":1,"values":[0.9408196934479788],"datetime_complete":"2026-09-27T11:01:04.213212+00:00"}
{"op_code":4,"worker_id":"733557e3-8964-4df3-b6fd-957fd8e3987a-27068","study_id":0,"datetime_start":"2026-09-27T11:01:04.219387+00:00"}
{"op_code":5,"worker_id":"733557e3-8964-4df3-b6fd-957fd8e3987a-27068","trial_id":2,"param_name":"n_cases","param_value_internal":1,"distribution":"{\"name\": \"CategoricalDistribution\", \"attributes\": {\"choices\": [40, 80]}}"}
{"op_code":5,"worker_id":"733557e3-8964-4df3-b6fd-957fd8e3987a-27068","trial_id":2,"param_name":"batch_size","param_value_internal":0,"distribution":"{\"name\": \"CategoricalDistribution\", \"attributes\": {\"choices\": [64, 128]}}"}
{"op_code":5,"worker_id":"733557e3-8964-4df3-b6fd-957fd8e3987a-27068","trial_id":2,"param_name":"lr","param_value_internal":0.0008204643365323959,"distribution":"{\"name\": \"FloatDistribution\", \"attributes\": {\"step\": null, \"low\": 5e-05, \"high\": 0.005, \"log\": true}}"}
{"op_code":5,"worker_id":"733557e3-8964-4df3-b6fd-957fd8e3987a-27068","trial_id":2,"param_name":"hidden_channels","param_value_internal":0,"distribution":"{\"name\": \"CategoricalDistribution\", \"attributes\": {\"choices\": [128, 256]}}"}
{"op_code":5,"worker_id":"733557e3-8964-4df3-b6fd-957fd8e3987a-27068","trial_id":2,"param_name":"K","param_value_internal":1,"distribution":"{\"name\": \"CategoricalDistribution\", \"attributes\": {\"choices\": [32, 64]}}"}
{"op_code":5,"worker_id":"733557e3-8964-4df3-b6fd-957fd8e3987a-27068","trial_id":2,"param_name":"use_greedy","param_value_internal":0,"distribution":"{\"name\": \"CategoricalDistribution\", \"attributes\": {\"choices\": [true, false]}}"}
{"op_code":5,"worker_id":"733557e3-8964-4df3-b6fd-957fd8e3987a-27068","trial_id":2,"param_name":"sel_k","param_value_internal":1,"distribution":"{\"name\": \"CategoricalDistribution\", \"attributes\": {\"choices\": [1, 10]}}"}
{"op_code":8,"worker_id":"733557e3-8964-4df3-b6fd-957fd8e3987a-27068","trial_id":2,"user_attr":{"run_name":"optuna_ojm_gat_L2_1790500154/trial_2"}}
{"op_code":8,"worker_id":"733557e3-8964-4df3-b6fd-957fd8e3987a-27068","trial_id":2,"user_attr":{"gnn_type":"gat"}}
{"op_code":8,"worker_id":"733557e3-8964-4df3-b6fd-957fd8e3987a-27068","trial_id":2,"user_attr":{"run_dir":"results\\optuna_ojm_gat_L2_1790500154\\trial_2"}}
{"op_code":8,"worker_id":"733557e3-8964-4df3-b6fd-957fd8e3987a-27068","trial_id":2,"user_attr":{"best_difference":0.02749491189539155}}
{"op_code":8,"worker_id":"733557e3-8964-4df3-b6fd-957fd8e3987a-27068","trial_id":2,"user_attr":{"total_runtime_sec":2900.533267259598}}
{"op_code":8,"worker_id":"733557e3-8964-4df3-b6fd-957fd8e3987a-27068","trial_id":2,"user_attr":{"best_val_avg_gap":1.0107229215494813}}
{"op_code":6,"worker_id":"733557e3-8964-4df3-b6fd-957fd8e3987a-27068","trial_id":2,"state":1,"values":[1.4491174188542613],"datetime_complete":"2026-09-27T11:49:24.854061+00:00"}
{"op_code":4,"worker_id":"733557e3-8964-4df3-b6fd-957fd8e3987a-27068","study_id":0,"datetime_start":"2026-09-27T11:49:24.861104+00:00"}
{"op_code":5,"worker_id":"733557e3-8964-4df3-b6fd-957fd8e3987a-27068","trial_id":3,"param_name":"n_cases","param_value_internal":0,"distribution":"{\"name\": \"CategoricalDistribution\", \"attributes\": {\"choices\": [40, 80]}}"}
{"op_code":5,"worker_id":"733557e3-8964-4df3-b6fd-957fd8e3987a-27068","trial_id":3,"param_name":"batch_size","param_value_internal":0,"distribution":"{\"name\": \"CategoricalDistribution\", \"attributes\": {\"choices\": [64, 128]}}"}
{"op_code":5,"worker_id":"733557e3-8964-4df3-b6fd-957fd8e3987a-27068","trial_id":3,"param_name":"lr","param_value_internal":0.0032931446587915556,"distribution":"{\"name\": \"FloatDistribution\", \"attributes\": {\"step\": null, \"low\": 5e-05, \"high\": 0.005, \"log\": true}}"}
{"op_code":5,"worker_id":"733557e3-8964-4df3-b6fd-957fd8e3987a-27068","trial_id":3,"param_name":"hidden_channels","param_value_internal":1,"distribution":"{\"name\": \"CategoricalDistribution\", \"attributes\": {\"choices\": [128, 256]}}"}
{"op_code":5,"worker_id":"733557e3-8964-4df3-b6fd-957fd8e3987a-27068","trial_id":3,"param_name":"K","param_value_internal":1,"distribution":"{\"name\": \"CategoricalDistribution\", \"attributes\": {\"choices\": [32, 64]}}"}
{"op_code":5,"worker_id":"733557e3-8964-4df3-b6fd-957fd8e3987a-27068","trial_id":3,"param_name":"use_greedy","param_value_internal":0,"distribution":"{\"name\": \"CategoricalDistribution\", \"attributes\": {\"choices\": [true, false]}}"}
{"op_code":5,"worker_id":"733557e3-8964-4df3-b6fd-957fd8e3987a-27068","trial_id":3,"param_name":"sel_k","param_value_internal":0,"distribution":"{\"name\": \"CategoricalDistribution\", \"attributes\": {\"choices\": [1, 10]}}"}
{"op_code":8,"worker_id":"733557e3-8964-4df3-b6fd-957fd8e3987a-27068","trial_id":3,"user_attr":{"run_name":"optuna_ojm_gat_L2_1790500154/trial_3"}}
{"op_code":8,"worker_id":"733557e3-8964-4df3-b6fd-957fd8e3987a-27068","trial_id":3,"user_attr":{"gnn_type":"gat"}}
{"op_code":8,"worker_id":"733557e3-8964-4df3-b6fd-957fd8e3987a-27068","trial_id":3,"user_attr":{"run_dir":"results\\optuna_ojm_gat_L2_1790500154\\trial_3"}}
{"op_code":8,"worker_id":"733557e3-8964-4df3-b6fd-957fd8e3987a-27068","trial_id":3,"user_attr":{"best_difference":0.03248575520570496}}
{"op_code":8,"worker_id":"733557e3-8964-4df3-b6fd-957fd8e3987a-27068","trial_id":3,"user_attr":{"total_runtime_sec":5345.337786912918}}
{"op_code":8,"worker_id":"733557e3-8964-4df3-b6fd-957fd8e3987a-27068","trial_id":3,"user_attr":{"best_val_avg_gap":0.20952308176796705}}
{"op_code":6,"worker_id":"733557e3-8964-4df3-b6fd-957fd8e3987a-27068","trial_id":3,"state":1,"values":[0.20643194687859703],"datetime_complete":"2026-09-27T13:18:30.301238+00:00"}
{"op_code":4,"worker_id":"733557e3-8964-4df3-b6fd-957fd8e3987a-27068","study_id":0,"datetime_start":"2026-09-27T13:18:30.310330+00:00"}
{"op_code":5,"worker_id":"733557e3-8964-4df3-b6fd-957fd8e3987a-27068","trial_id":4,"param_name":"n_cases","param_value_internal":0,"distribution":"{\"name\": \"CategoricalDistribution\", \"attributes\": {\"choices\": [40, 80]}}"}
{"op_code":5,"worker_id":"733557e3-8964-4df3-b6fd-957fd8e3987a-27068","trial_id":4,"param_name":"batch_size","param_value_internal":1,"distribution":"{\"name\": \"CategoricalDistribution\", \"attributes\": {\"choices\": [64, 128]}}"}
{"op_code":5,"worker_id":"733557e3-8964-4df3-b6fd-957fd8e3987a-27068","trial_id":4,"param_name":"lr","param_value_internal":7.515450322528411e-05,"distribution":"{\"name\": \"FloatDistribution\", \"attributes\": {\"step\": null, \"low\": 5e-05, \"high\": 0.005, \"log\": true}}"}
{"op_code":5,"worker_id":"733557e3-8964-4df3-b6fd-957fd8e3987a-27068","trial_id":4,"param_name":"hidden_channels","param_value_internal":0,"distribution":"{\"name\": \"CategoricalDistribution\", \"attributes\": {\"choices\": [128, 256]}}"}
{"op_code":5,"worker_id":"733557e3-8964-4df3-b6fd-957fd8e3987a-27068","trial_id":4,"param_name":"K","param_value_internal":1,"distribution":"{\"name\": \"CategoricalDistribution\", \"attributes\": {\"choices\": [32, 64]}}"}
{"op_code":5,"worker_id":"733557e3-8964-4df3-b6fd-957fd8e3987a-27068","trial_id":4,"param_name":"use_greedy","param_value_internal":1,"distribution":"{\"name\": \"CategoricalDistribution\", \"attributes\": {\"choices\": [true, false]}}"}
{"op_code":5,"worker_id":"733557e3-8964-4df3-b6fd-957fd8e3987a-27068","trial_id":4,"param_name":"sel_k","param_value_internal":0,"distribution":"{\"name\": \"CategoricalDistribution\", \"attributes\": {\"choices\": [1, 10]}}"}
{"op_code":0,"worker_id":"2e88cb81-e24a-4910-a0db-34277413d03e-25884","study_name":"fjsp_tuning_ojm_exgreedyFalse_logpsum_L2","directions":[1]}
{"op_code":4,"worker_id":"2e88cb81-e24a-4910-a0db-34277413d03e-25884","study_id":1,"datetime_start":"2026-09-27T14:30:00.346099+00:00"}
{"op_code":5,"worker_id":"2e88cb81-e24a-4910-a0db-34277413d03e-25884","trial_id":5,"param_name":"n_cases","param_value_internal":1,"distribution":"{\"name\": \"CategoricalDistribution\", \"attributes\": {\"choices\": [40, 80]}}"}
{"op_code":5,"worker_id":"2e88cb81-e24a-4910-a0db-34277413d03e-25884","trial_id":5,"param_name":"batch_size","param_value_internal":0,"distribution":"{\"name\": \"CategoricalDistribution\", \"attributes\": {\"choices\": [64, 128]}}"}
{"op_code":5,"worker_id":"2e88cb81-e24a-4910-a0db-34277413d03e-25884","trial_id":5,"param_name":"lr","param_value_internal":0.00010256691315437255,"distribution":"{\"name\": \"FloatDistribution\", \"attributes\": {\"step\": null, \"low\": 5e-05, \"high\": 0.005, \"log\": true}}"}
{"op_code":5,"worker_id":"2e88cb81-e24a-4910-a0db-34277413d03e-25884","trial_id":5,"param_name":"hidden_channels","param_value_internal":0,"distribution":"{\"name\": \"CategoricalDistribution\", \"attributes\": {\"choices\": [128, 256]}}"}
{"op_code":5,"worker_id":"2e88cb81-e24a-4910-a0db-34277413d03e-25884","trial_id":5,"param_name":"K","param_value_internal":0,"distribution":"{\"name\": \"CategoricalDistribution\", \"attributes\": {\"choices\": [32, 64]}}"}
{"op_code":5,"worker_id":"2e88cb81-e24a-4910-a0db-34277413d03e-25884","trial_id":5,"param_name":"use_greedy","param_value_internal":0,"distribution":"{\"name\": \"CategoricalDistribution\", \"attributes\": {\"choices\": [true, false]}}"}
{"op_code":5,"worker_id":"2e88cb81-e24a-4910-a0db-34277413d03e-25884","trial_id":5,"param_name":"sel_k","param_value_internal":0,"distribution":"{\"name\": \"CategoricalDistribution\", \"attributes\": {\"choices\": [1, 10]}}"}
{"op_code":8,"worker_id":"2e88cb81-e24a-4910-a0db-34277413d03e-25884","trial_id":5,"user_attr":{"run_name":"optuna_ojm_gat_exgreedyFalse_logpsum_L2_1790519400/trial_0"}}
{"op_code":8,"worker_id":"2e88cb81-e24a-4910-a0db-34277413d03e-25884","trial_id":5,"user_attr":{"gnn_type":"gat"}}
{"op_code":8,"worker_id":"2e88cb81-e24a-4910-a0db-34277413d03e-25884","trial_id":5,"user_attr":{"run_dir":"results\\optuna_ojm_gat_exgreedyFalse_logpsum_L2_1790519400\\trial_0"}}
{"op_code":8,"worker_id":"2e88cb81-e24a-4910-a0db-34277413d03e-25884","trial_id":5,"user_attr":{"best_difference":0.0638765252504816}}
{"op_code":8,"worker_id":"2e88cb81-e24a-4910-a0db-34277413d03e-25884","trial_id":5,"user_attr":{"total_runtime_sec":2552.772872209549}}
{"op_code":8,"worker_id":"2e88cb81-e24a-4910-a0db-34277413d03e-25884","trial_id":5,"user_attr":{"best_val_avg_gap":0.6346082501445769}}
{"op_code":6,"worker_id":"2e88cb81-e24a-4910-a0db-34277413d03e-25884","trial_id":5,"state":1,"values":[0.7085882750954523],"datetime_complete":"2026-09-27T15:12:33.276726+00:00"}
{"op_code":4,"worker_id":"2e88cb81-e24a-4910-a0db-34277413d03e-25884","study_id":1,"datetime_start":"2026-09-27T15:12:33.283761+00:00"}
{"op_code":5,"worker_id":"2e88cb81-e24a-4910-a0db-34277413d03e-25884","trial_id":6,"param_name":"n_cases","param_value_internal":0,"distribution":"{\"name\": \"CategoricalDistribution\", \"attributes\": {\"choices\": [40, 80]}}"}
{"op_code":5,"worker_id":"2e88cb81-e24a-4910-a0db-34277413d03e-25884","trial_id":6,"param_name":"batch_size","param_value_internal":1,"distribution":"{\"name\": \"CategoricalDistribution\", \"attributes\": {\"choices\": [64, 128]}}"}
{"op_code":5,"worker_id":"2e88cb81-e24a-4910-a0db-34277413d03e-25884","trial_id":6,"param_name":"lr","param_value_internal":0.0005603803105930283,"distribution":"{\"name\": \"FloatDistribution\", \"attributes\": {\"step\": null, \"low\": 5e-05, \"high\": 0.005, \"log\": true}}"}
{"op_code":5,"worker_id":"2e88cb81-e24a-4910-a0db-34277413d03e-25884","trial_id":6,"param_name":"hidden_channels","param_value_internal":0,"distribution":"{\"name\": \"CategoricalDistribution\", \"attributes\": {\"choices\": [128, 256]}}"}
{"op_code":5,"worker_id":"2e88cb81-e24a-4910-a0db-34277413d03e-25884","trial_id":6,"param_name":"K","param_value_internal":0,"distribution":"{\"name\": \"CategoricalDistribution\", \"attributes\": {\"choices\": [32, 64]}}"}
{"op_code":5,"worker_id":"2e88cb81-e24a-4910-a0db-34277413d03e-25884","trial_id":6,"param_name":"use_greedy","param_value_internal":1,"distribution":"{\"name\": \"CategoricalDistribution\", \"attributes\": {\"choices\": [true, false]}}"}
{"op_code":5,"worker_id":"2e88cb81-e24a-4910-a0db-34277413d03e-25884","trial_id":6,"param_name":"sel_k","param_value_internal":1,"distribution":"{\"name\": \"CategoricalDistribution\", \"attributes\": {\"choices\": [1, 10]}}"}
{"op_code":8,"worker_id":"2e88cb81-e24a-4910-a0db-34277413d03e-25884","trial_id":6,"user_attr":{"run_name":"optuna_ojm_gat_exgreedyFalse_logpsum_L2_1790519400/trial_1"}}
{"op_code":8,"worker_id":"2e88cb81-e24a-4910-a0db-34277413d03e-25884","trial_id":6,"user_attr":{"gnn_type":"gat"}}
{"op_code":8,"worker_id":"2e88cb81-e24a-4910-a0db-34277413d03e-25884","trial_id":6,"user_attr":{"run_dir":"results\\optuna_ojm_gat_exgreedyFalse_logpsum_L2_1790519400\\trial_1"}}
{"op_code":8,"worker_id":"2e88cb81-e24a-4910-a0db-34277413d03e-25884","trial_id":6,"user_attr":{"best_difference":0.1107993851977418}}
{"op_code":8,"worker_id":"2e88cb81-e24a-4910-a0db-34277413d03e-25884","trial_id":6,"user_attr":{"total_runtime_sec":4326.732739448547}}
{"op_code":8,"worker_id":"2e88cb81-e24a-4910-a0db-34277413d03e-25884","trial_id":6,"user_attr":{"best_val_avg_gap":1.0923979279228657}}
{"op_code":6,"worker_id":"2e88cb81-e24a-4910-a0db-34277413d03e-25884","trial_id":6,"state":1,"values":[1.871121839664592],"datetime_complete":"2026-09-27T16:24:40.118119+00:00"}
{"op_code":4,"worker_id":"2e88cb81-e24a-4910-a0db-34277413d03e-25884","study_id":1,"datetime_start":"2026-09-27T16:24:40.125649+00:00"}
{"op_code":5,"worker_id":"2e88cb81-e24a-4910-a0db-34277413d03e-25884","trial_id":7,"param_name":"n_cases","param_value_internal":1,"distribution":"{\"name\": \"CategoricalDistribution\", \"attributes\": {\"choices\": [40, 80]}}"}
{"op_code":5,"worker_id":"2e88cb81-e24a-4910-a0db-34277413d03e-25884","trial_id":7,"param_name":"batch_size","param_value_internal":0,"distribution":"{\"name\": \"CategoricalDistribution\", \"attributes\": {\"choices\": [64, 128]}}"}
{"op_code":5,"worker_id":"2e88cb81-e24a-4910-a0db-34277413d03e-25884","trial_id":7,"param_name":"lr","param_value_internal":0.0008204643365323959,"distribution":"{\"name\": \"FloatDistribution\", \"attributes\": {\"step\": null, \"low\": 5e-05, \"high\": 0.005, \"log\": true}}"}
{"op_code":5,"worker_id":"2e88cb81-e24a-4910-a0db-34277413d03e-25884","trial_id":7,"param_name":"hidden_channels","param_value_internal":0,"distribution":"{\"name\": \"CategoricalDistribution\", \"attributes\": {\"choices\": [128, 256]}}"}
{"op_code":5,"worker_id":"2e88cb81-e24a-4910-a0db-34277413d03e-25884","trial_id":7,"param_name":"K","param_value_internal":1,"distribution":"{\"name\": \"CategoricalDistribution\", \"attributes\": {\"choices\": [32, 64]}}"}
{"op_code":5,"worker_id":"2e88cb81-e24a-4910-a0db-34277413d03e-25884","trial_id":7,"param_name":"use_greedy","param_value_internal":0,"distribution":"{\"name\": \"CategoricalDistribution\", \"attributes\": {\"choices\": [true, false]}}"}
{"op_code":5,"worker_id":"2e88cb81-e24a-4910-a0db-34277413d03e-25884","trial_id":7,"param_name":"sel_k","param_value_internal":1,"distribution":"{\"name\": \"CategoricalDistribution\", \"attributes\": {\"choices\": [1, 10]}}"}
{"op_code":8,"worker_id":"2e88cb81-e24a-4910-a0db-34277413d03e-25884","trial_id":7,"user_attr":{"run_name":"optuna_ojm_gat_exgreedyFalse_logpsum_L2_1790519400/trial_2"}}
{"op_code":8,"worker_id":"2e88cb81-e24a-4910-a0db-34277413d03e-25884","trial_id":7,"user_attr":{"gnn_type":"gat"}}
{"op_code":8,"worker_id":"2e88cb81-e24a-4910-a0db-34277413d03e-25884","trial_id":7,"user_attr":{"run_dir":"results\\optuna_ojm_gat_exgreedyFalse_logpsum_L2_1790519400\\trial_2"}}
{"op_code":8,"worker_id":"2e88cb81-e24a-4910-a0db-34277413d03e-25884","trial_id":7,"user_attr":{"best_difference":0.05490236481968824}}
{"op_code":8,"worker_id":"2e88cb81-e24a-4910-a0db-34277413d03e-25884","trial_id":7,"user_attr":{"total_runtime_sec":3091.0074949264526}}
{"op_code":8,"worker_id":"2e88cb81-e24a-4910-a0db-34277413d03e-25884","trial_id":7,"user_attr":{"best_val_avg_gap":1.2800684660630546}}
{"op_code":6,"worker_id":"2e88cb81-e24a-4910-a0db-34277413d03e-25884","trial_id":7,"state":1,"values":[2.441540616246499],"datetime_complete":"2026-09-27T17:16:11.224749+00:00"}
{"op_code":4,"worker_id":"2e88cb81-e24a-4910-a0db-34277413d03e-25884","study_id":1,"datetime_start":"2026-09-27T17:16:11.230832+00:00"}
{"op_code":5,"worker_id":"2e88cb81-e24a-4910-a0db-34277413d03e-25884","trial_id":8,"param_name":"n_cases","param_value_internal":0,"distribution":"{\"name\": \"CategoricalDistribution\", \"attributes\": {\"choices\": [40, 80]}}"}
{"op_code":5,"worker_id":"2e88cb81-e24a-4910-a0db-34277413d03e-25884","trial_id":8,"param_name":"batch_size","param_value_internal":0,"distribution":"{\"name\": \"CategoricalDistribution\", \"attributes\": {\"choices\": [64, 128]}}"}
{"op_code":5,"worker_id":"2e88cb81-e24a-4910-a0db-34277413d03e-25884","trial_id":8,"param_name":"lr","param_value_internal":0.0032931446587915556,"distribution":"{\"name\": \"FloatDistribution\", \"attributes\": {\"step\": null, \"low\": 5e-05, \"high\": 0.005, \"log\": true}}"}
{"op_code":5,"worker_id":"2e88cb81-e24a-4910-a0db-34277413d03e-25884","trial_id":8,"param_name":"hidden_channels","param_value_internal":1,"distribution":"{\"name\": \"CategoricalDistribution\", \"attributes\": {\"choices\": [128, 256]}}"}
{"op_code":5,"worker_id":"2e88cb81-e24a-4910-a0db-34277413d03e-25884","trial_id":8,"param_name":"K","param_value_internal":1,"distribution":"{\"name\": \"CategoricalDistribution\", \"attributes\": {\"choices\": [32, 64]}}"}
{"op_code":5,"worker_id":"2e88cb81-e24a-4910-a0db-34277413d03e-25884","trial_id":8,"param_name":"use_greedy","param_value_internal":0,"distribution":"{\"name\": \"CategoricalDistribution\", \"attributes\": {\"choices\": [true, false]}}"}
{"op_code":5,"worker_id":"2e88cb81-e24a-4910-a0db-34277413d03e-25884","trial_id":8,"param_name":"sel_k","param_value_internal":0,"distribution":"{\"name\": \"CategoricalDistribution\", \"attributes\": {\"choices\": [1, 10]}}"}
{"op_code":8,"worker_id":"2e88cb81-e24a-4910-a0db-34277413d03e-25884","trial_id":8,"user_attr":{"run_name":"optuna_ojm_gat_exgreedyFalse_logpsum_L2_1790519400/trial_3"}}
{"op_code":8,"worker_id":"2e88cb81-e24a-4910-a0db-34277413d03e-25884","trial_id":8,"user_attr":{"gnn_type":"gat"}}
{"op_code":8,"worker_id":"2e88cb81-e24a-4910-a0db-34277413d03e-25884","trial_id":8,"user_attr":{"run_dir":"results\\optuna_ojm_gat_exgreedyFalse_logpsum_L2_1790519400\\trial_3"}}
{"op_code":8,"worker_id":"2e88cb81-e24a-4910-a0db-34277413d03e-25884","trial_id":8,"user_attr":{"best_difference":0.0}}
{"op_code":8,"worker_id":"2e88cb81-e24a-4910-a0db-34277413d03e-25884","trial_id":8,"user_attr":{"total_runtime_sec":5021.902587413788}}
{"op_code":8,"worker_id":"2e88cb81-e24a-4910-a0db-34277413d03e-25884","trial_id":8,"user_attr":{"best_val_avg_gap":0.11773856884287673}}
{"op_code":6,"worker_id":"2e88cb81-e24a-4910-a0db-34277413d03e-25884","trial_id":8,"state":1,"values":[0.14189815857007795],"datetime_complete":"2026-09-27T18:39:53.239158+00:00"}
{"op_code":4,"worker_id":"2e88cb81-e24a-4910-a0db-34277413d03e-25884","study_id":1,"datetime_start":"2026-09-27T18:39:53.247741+00:00"}
{"op_code":5,"worker_id":"2e88cb81-e24a-4910-a0db-34277413d03e-25884","trial_id":9,"param_name":"n_cases","param_value_internal":0,"distribution":"{\"name\": \"CategoricalDistribution\", \"attributes\": {\"choices\": [40, 80]}}"}
{"op_code":5,"worker_id":"2e88cb81-e24a-4910-a0db-34277413d03e-25884","trial_id":9,"param_name":"batch_size","param_value_internal":1,"distribution":"{\"name\": \"CategoricalDistribution\", \"attributes\": {\"choices\": [64, 128]}}"}
{"op_code":5,"worker_id":"2e88cb81-e24a-4910-a0db-34277413d03e-25884","trial_id":9,"param_name":"lr","param_value_internal":7.515450322528411e-05,"distribution":"{\"name\": \"FloatDistribution\", \"attributes\": {\"step\": null, \"low\": 5e-05, \"high\": 0.005, \"log\": true}}"}
{"op_code":5,"worker_id":"2e88cb81-e24a-4910-a0db-34277413d03e-25884","trial_id":9,"param_name":"hidden_channels","param_value_internal":0,"distribution":"{\"name\": \"CategoricalDistribution\", \"attributes\": {\"choices\": [128, 256]}}"}
{"op_code":5,"worker_id":"2e88cb81-e24a-4910-a0db-34277413d03e-25884","trial_id":9,"param_name":"K","param_value_internal":1,"distribution":"{\"name\": \"CategoricalDistribution\", \"attributes\": {\"choices\": [32, 64]}}"}
{"op_code":5,"worker_id":"2e88cb81-e24a-4910-a0db-34277413d03e-25884","trial_id":9,"param_name":"use_greedy","param_value_internal":1,"distribution":"{\"name\": \"CategoricalDistribution\", \"attributes\": {\"choices\": [true, false]}}"}
{"op_code":5,"worker_id":"2e88cb81-e24a-4910-a0db-34277413d03e-25884","trial_id":9,"param_name":"sel_k","param_value_internal":0,"distribution":"{\"name\": \"CategoricalDistribution\", \"attributes\": {\"choices\": [1, 10]}}"}
{"op_code":8,"worker_id":"2e88cb81-e24a-4910-a0db-34277413d03e-25884","trial_id":9,"user_attr":{"run_name":"optuna_ojm_gat_exgreedyFalse_logpsum_L2_1790519400/trial_4"}}
{"op_code":8,"worker_id":"2e88cb81-e24a-4910-a0db-34277413d03e-25884","trial_id":9,"user_attr":{"gnn_type":"gat"}}
{"op_code":8,"worker_id":"2e88cb81-e24a-4910-a0db-34277413d03e-25884","trial_id":9,"user_attr":{"run_dir":"results\\optuna_ojm_gat_exgreedyFalse_logpsum_L2_1790519400\\trial_4"}}
{"op_code":8,"worker_id":"2e88cb81-e24a-4910-a0db-34277413d03e-25884","trial_id":9,"user_attr":{"best_difference":0.05505392925622932}}
{"op_code":8,"worker_id":"2e88cb81-e24a-4910-a0db-34277413d03e-25884","trial_id":9,"user_attr":{"total_runtime_sec":5397.145996809006}}
{"op_code":8,"worker_id":"2e88cb81-e24a-4910-a0db-34277413d03e-25884","trial_id":9,"user_attr":{"best_val_avg_gap":0.4667233911945822}}
{"op_code":6,"worker_id":"2e88cb81-e24a-4910-a0db-34277413d03e-25884","trial_id":9,"state":1,"values":[0.4886163689682751],"datetime_complete":"2026-09-27T20:09:50.497835+00:00"}
{"op_code":4,"worker_id":"2e88cb81-e24a-4910-a0db-34277413d03e-25884","study_id":1,"datetime_start":"2026-09-27T20:09:50.505175+00:00"}
{"op_code":5,"worker_id":"2e88cb81-e24a-4910-a0db-34277413d03e-25884","trial_id":10,"param_name":"n_cases","param_value_internal":0,"distribution":"{\"name\": \"CategoricalDistribution\", \"attributes\": {\"choices\": [40, 80]}}"}
{"op_code":5,"worker_id":"2e88cb81-e24a-4910-a0db-34277413d03e-25884","trial_id":10,"param_name":"batch_size","param_value_internal":0,"distribution":"{\"name\": \"CategoricalDistribution\", \"attributes\": {\"choices\": [64, 128]}}"}
{"op_code":5,"worker_id":"2e88cb81-e24a-4910-a0db-34277413d03e-25884","trial_id":10,"param_name":"lr","param_value_internal":0.004706996523414971,"distribution":"{\"name\": \"FloatDistribution\", \"attributes\": {\"step\": null, \"low\": 5e-05, \"high\": 0.005, \"log\": true}}"}
{"op_code":5,"worker_id":"2e88cb81-e24a-4910-a0db-34277413d03e-25884","trial_id":10,"param_name":"hidden_channels","param_value_internal":0,"distribution":"{\"name\": \"CategoricalDistribution\", \"attributes\": {\"choices\": [128, 256]}}"}
{"op_code":5,"worker_id":"2e88cb81-e24a-4910-a0db-34277413d03e-25884","trial_id":10,"param_name":"K","param_value_internal":1,"distribution":"{\"name\": \"CategoricalDistribution\", \"attributes\": {\"choices\": [32, 64]}}"}
{"op_code":5,"worker_id":"2e88cb81-e24a-4910-a0db-34277413d03e-25884","trial_id":10,"param_name":"use_greedy","param_value_internal":1,"distribution":"{\"name\": \"CategoricalDistribution\", \"attributes\": {\"choices\": [true, false]}}"}
{"op_code":5,"worker_id":"2e88cb81-e24a-4910-a0db-34277413d03e-25884","trial_id":10,"param_name":"sel_k","param_value_internal":0,"distribution":"{\"name\": \"CategoricalDistribution\", \"attributes\": {\"choices\": [1, 10]}}"}
{"op_code":8,"worker_id":"2e88cb81-e24a-4910-a0db-34277413d03e-25884","trial_id":10,"user_attr":{"run_name":"optuna_ojm_gat_exgreedyFalse_logpsum_L2_1790519400/trial_5"}}
{"op_code":8,"worker_id":"2e88cb81-e24a-4910-a0db-34277413d03e-25884","trial_id":10,"user_attr":{"gnn_type":"gat"}}
{"op_code":8,"worker_id":"2e88cb81-e24a-4910-a0db-34277413d03e-25884","trial_id":10,"user_attr":{"run_dir":"results\\optuna_ojm_gat_exgreedyFalse_logpsum_L2_1790519400\\trial_5"}}
{"op_code":8,"worker_id":"2e88cb81-e24a-4910-a0db-34277413d03e-25884","trial_id":10,"user_attr":{"best_difference":0.0}}
{"op_code":8,"worker_id":"2e88cb81-e24a-4910-a0db-34277413d03e-25884","trial_id":10,"user_attr":{"total_runtime_sec":3282.23956489563}}
{"op_code":8,"worker_id":"2e88cb81-e24a-4910-a0db-34277413d03e-25884","trial_id":10,"user_attr":{"best_val_avg_gap":0.09475959846997425}}
{"op_code":6,"worker_id":"2e88cb81-e24a-4910-a0db-34277413d03e-25884","trial_id":10,"state":1,"values":[0.1259263181863916],"datetime_complete":"2026-09-27T21:04:32.849169+00:00"}
{"op_code":4,"worker_id":"2e88cb81-e24a-4910-a0db-34277413d03e-25884","study_id":1,"datetime_start":"2026-09-27T21:04:32.855225+00:00"}
{"op_code":5,"worker_id":"2e88cb81-e24a-4910-a0db-34277413d03e-25884","trial_id":11,"param_name":"n_cases","param_value_internal":0,"distribution":"{\"name\": \"CategoricalDistribution\", \"attributes\": {\"choices\": [40, 80]}}"}
{"op_code":5,"worker_id":"2e88cb81-e24a-4910-a0db-34277413d03e-25884","trial_id":11,"param_name":"batch_size","param_value_internal":0,"distribution":"{\"name\": \"CategoricalDistribution\", \"attributes\": {\"choices\": [64, 128]}}"}
{"op_code":5,"worker_id":"2e88cb81-e24a-4910-a0db-34277413d03e-25884","trial_id":11,"param_name":"lr","param_value_internal":0.00022949120907478262,"distribution":"{\"name\": \"FloatDistribution\", \"attributes\": {\"step\": null, \"low\": 5e-05, \"high\": 0.005, \"log\": true}}"}
{"op_code":5,"worker_id":"2e88cb81-e24a-4910-a0db-34277413d03e-25884","trial_id":11,"param_name":"hidden_channels","param_value_internal":1,"distribution":"{\"name\": \"CategoricalDistribution\", \"attributes\": {\"choices\": [128, 256]}}"}
{"op_code":5,"worker_id":"2e88cb81-e24a-4910-a0db-34277413d03e-25884","trial_id":11,"param_name":"K","param_value_internal":1,"distribution":"{\"name\": \"CategoricalDistribution\", \"attributes\": {\"choices\": [32, 64]}}"}
{"op_code":5,"worker_id":"2e88cb81-e24a-4910-a0db-34277413d03e-25884","trial_id":11,"param_name":"use_greedy","param_value_internal":1,"distribution":"{\"name\": \"CategoricalDistribution\", \"attributes\": {\"choices\": [true, false]}}"}
{"op_code":5,"worker_id":"2e88cb81-e24a-4910-a0db-34277413d03e-25884","trial_id":11,"param_name":"sel_k","param_value_internal":0,"distribution":"{\"name\": \"CategoricalDistribution\", \"attributes\": {\"choices\": [1, 10]}}"}
{"op_code":6,"worker_id":"2e88cb81-e24a-4910-a0db-34277413d03e-25884","trial_id":11,"state":3,"values":null,"datetime_complete":"2026-09-27T21:29:45.791339+00:00"}
{"op_code":0,"worker_id":"7aa9f2b9-0ab8-4d78-90e6-fe3b15597957-35660","study_name":"fjsp_tuning_ojm_exgreedyFalse_logpsum_L2","directions":[1]}
{"op_code":4,"worker_id":"7aa9f2b9-0ab8-4d78-90e6-fe3b15597957-35660","study_id":1,"datetime_start":"2026-09-27T21:30:51.734182+00:00"}
{"op_code":5,"worker_id":"7aa9f2b9-0ab8-4d78-90e6-fe3b15597957-35660","trial_id":12,"param_name":"n_cases","param_value_internal":1,"distribution":"{\"name\": \"CategoricalDistribution\", \"attributes\": {\"choices\": [40, 80]}}"}
{"op_code":5,"worker_id":"7aa9f2b9-0ab8-4d78-90e6-fe3b15597957-35660","trial_id":12,"param_name":"batch_size","param_value_internal":0,"distribution":"{\"name\": \"CategoricalDistribution\", \"attributes\": {\"choices\": [64, 128]}}"}
{"op_code":5,"worker_id":"7aa9f2b9-0ab8-4d78-90e6-fe3b15597957-35660","trial_id":12,"param_name":"lr","param_value_internal":0.00010256691315437255,"distribution":"{\"name\": \"FloatDistribution\", \"attributes\": {\"step\": null, \"low\": 5e-05, \"high\": 0.005, \"log\": true}}"}
{"op_code":5,"worker_id":"7aa9f2b9-0ab8-4d78-90e6-fe3b15597957-35660","trial_id":12,"param_name":"hidden_channels","param_value_internal":0,"distribution":"{\"name\": \"CategoricalDistribution\", \"attributes\": {\"choices\": [128, 256]}}"}
{"op_code":5,"worker_id":"7aa9f2b9-0ab8-4d78-90e6-fe3b15597957-35660","trial_id":12,"param_name":"K","param_value_internal":0,"distribution":"{\"name\": \"CategoricalDistribution\", \"attributes\": {\"choices\": [32, 64]}}"}
{"op_code":5,"worker_id":"7aa9f2b9-0ab8-4d78-90e6-fe3b15597957-35660","trial_id":12,"param_name":"use_greedy","param_value_internal":0,"distribution":"{\"name\": \"CategoricalDistribution\", \"attributes\": {\"choices\": [true, false]}}"}
{"op_code":5,"worker_id":"7aa9f2b9-0ab8-4d78-90e6-fe3b15597957-35660","trial_id":12,"param_name":"sel_k","param_value_internal":0,"distribution":"{\"name\": \"CategoricalDistribution\", \"attributes\": {\"choices\": [1, 10]}}"}
{"op_code":6,"worker_id":"b227d61e-f7ad-4f87-a03c-769302eb807c-35260","trial_id":12,"state":3,"values":null,"datetime_complete":"2026-09-27T21:55:55.172123+00:00"}
{"op_code":0,"worker_id":"7e31eb63-ba3e-4825-b3ed-08ddbab10297-1068","study_name":"fjsp_tuning_ojm_exgreedyFalse_logpsum_L2","directions":[1]}
{"op_code":4,"worker_id":"7e31eb63-ba3e-4825-b3ed-08ddbab10297-1068","study_id":1,"datetime_start":"2026-09-27T21:57:33.303793+00:00"}
{"op_code":5,"worker_id":"7e31eb63-ba3e-4825-b3ed-08ddbab10297-1068","trial_id":13,"param_name":"n_cases","param_value_internal":1,"distribution":"{\"name\": \"CategoricalDistribution\", \"attributes\": {\"choices\": [40, 80]}}"}
{"op_code":5,"worker_id":"7e31eb63-ba3e-4825-b3ed-08ddbab10297-1068","trial_id":13,"param_name":"batch_size","param_value_internal":1,"distribution":"{\"name\": \"CategoricalDistribution\", \"attributes\": {\"choices\": [64, 128]}}"}
{"op_code":5,"worker_id":"7e31eb63-ba3e-4825-b3ed-08ddbab10297-1068","trial_id":13,"param_name":"lr","param_value_internal":0.0002255527445243218,"distribution":"{\"name\": \"FloatDistribution\", \"attributes\": {\"step\": null, \"low\": 5e-05, \"high\": 0.005, \"log\": true}}"}
{"op_code":5,"worker_id":"7e31eb63-ba3e-4825-b3ed-08ddbab10297-1068","trial_id":13,"param_name":"hidden_channels","param_value_internal":0,"distribution":"{\"name\": \"CategoricalDistribution\", \"attributes\": {\"choices\": [128, 256]}}"}
{"op_code":5,"worker_id":"7e31eb63-ba3e-4825-b3ed-08ddbab10297-1068","trial_id":13,"param_name":"K","param_value_internal":0,"distribution":"{\"name\": \"CategoricalDistribution\", \"attributes\": {\"choices\": [32, 64]}}"}
{"op_code":5,"worker_id":"7e31eb63-ba3e-4825-b3ed-08ddbab10297-1068","trial_id":13,"param_name":"use_greedy","param_value_internal":0,"distribution":"{\"name\": \"CategoricalDistribution\", \"attributes\": {\"choices\": [true, false]}}"}
{"op_code":5,"worker_id":"7e31eb63-ba3e-4825-b3ed-08ddbab10297-1068","trial_id":13,"param_name":"sel_k","param_value_internal":0,"distribution":"{\"name\": \"CategoricalDistribution\", \"attributes\": {\"choices\": [1, 10]}}"}
