=== [A] TRAIN blk350_gat_L2_selk1_mask1_edges_sum_incgreedy_ojmb_s42 | 2026-10-03 18:55:35 ===
C:\Users\maria\Desktop\dissertation-bopo_introduction\.venv\Lib\site-packages\torch\jit\_script.py:1491: FutureWarning: `torch.jit.script` is deprecated. Please switch to `torch.compile` or `torch.export`.
  warnings.warn(
============================================================
[MAIN] Run started at 2026-10-03 18:55:45
[MAIN] mode=train
[MAIN] run_name=blk350_gat_L2_selk1_mask1_edges_sum_incgreedy_ojmb
[MAIN] representation(s)=['ojmb']
[MAIN] gnn_type=gat
[MAIN] overrides={'mask_option': 1, 'sel_k': 1, 'num_layers': 2, 'logp_norm': 'sum', 'exclude_greedy_from_loss': False, 'jm_design': 'edges'}
============================================================
[MAIN] Training representation=ojmb | seed=42 | run_name=blk350_gat_L2_selk1_mask1_edges_sum_incgreedy_ojmb_s42 | gnn_type=gat | overrides={'mask_option': 1, 'sel_k': 1, 'num_layers': 2, 'logp_norm': 'sum', 'exclude_greedy_from_loss': False, 'jm_design': 'edges'}
============================================================
[TRAIN] Training started at: 2026-10-03 18:55:45
[TRAIN] Hyperparams | max_steps=350 | new_freq=500
[TRAIN]             | n_cases=100 | B=64 | K=16 | use_greedy=True | lr=0.0005 (decaying to 1.00e-04)
[TRAIN]             | warm_start_steps=200 | checkpoint_smooth_window=3 | seed=42
[TRAIN]             | hidden_channels=128 | num_layers=2 | heads=3
[TRAIN]             | logp_norm=sum | exclude_greedy_from_loss=False
[TRAIN] Representation | ojmb | GNN | gat | jm_design | edges
[TRAIN] Problem size | jobs=[8,10] | machines=[5,10] | ops_per_job=[5,6] | max_proc=100
============================================================
[TRAIN] Output run folder: results\blocking\blk350_gat_L2_selk1_mask1_edges_sum_incgreedy_ojmb_s42
[TRAIN] Validation config | every=20 steps | instances=20 (representative subset)
[TRAIN] Blocking setting | buffers in=2 out=1 | instances={'range_jobs': (12, 15), 'range_machines': (4, 6), 'range_op_per_job': (5, 6), 'max_processing': 100, 'mas_per_ope_max': 3, 'n_bottlenecks': 1, 'bottleneck_prob': 0.7, 'bottleneck_factor': 2.0}
[TRAIN] Warm-start (behavior cloning vs. dispatch heuristic) | 200 step(s)...
[TRAIN][WARMSTART] step 10/200 | instance=74 | bc_loss=1.3672 | decisions=26
[TRAIN][WARMSTART] step 20/200 | instance=80 | bc_loss=1.4062 | decisions=34
[TRAIN][WARMSTART] step 30/200 | instance=76 | bc_loss=1.2024 | decisions=34
[TRAIN][WARMSTART] step 40/200 | instance=83 | bc_loss=1.3070 | decisions=41
[TRAIN][WARMSTART] step 50/200 | instance=68 | bc_loss=1.3598 | decisions=31
[TRAIN][WARMSTART] step 60/200 | instance=41 | bc_loss=1.6478 | decisions=36
[TRAIN][WARMSTART] step 70/200 | instance=15 | bc_loss=0.9616 | decisions=33
[TRAIN][WARMSTART] step 80/200 | instance=72 | bc_loss=1.4795 | decisions=38
[TRAIN][WARMSTART] step 90/200 | instance=27 | bc_loss=0.9294 | decisions=35
[TRAIN][WARMSTART] step 100/200 | instance=53 | bc_loss=0.7282 | decisions=26
[TRAIN][WARMSTART] step 110/200 | instance=28 | bc_loss=1.1157 | decisions=36
[TRAIN][WARMSTART] step 120/200 | instance=9 | bc_loss=0.8692 | decisions=35
[TRAIN][WARMSTART] step 130/200 | instance=21 | bc_loss=1.0181 | decisions=49
[TRAIN][WARMSTART] step 140/200 | instance=13 | bc_loss=0.9723 | decisions=36
[TRAIN][WARMSTART] step 150/200 | instance=56 | bc_loss=0.7831 | decisions=32
[TRAIN][WARMSTART] step 160/200 | instance=72 | bc_loss=1.3641 | decisions=38
[TRAIN][WARMSTART] step 170/200 | instance=43 | bc_loss=1.0703 | decisions=29
[TRAIN][WARMSTART] step 180/200 | instance=62 | bc_loss=0.9861 | decisions=36
[TRAIN][WARMSTART] step 190/200 | instance=40 | bc_loss=0.9900 | decisions=31
[TRAIN][WARMSTART] step 200/200 | instance=19 | bc_loss=0.7273 | decisions=31
[TRAIN] Warm-start complete, switching to BOPO preference optimization.
------------------------------------------------------------
[TRAIN] BOPO agent ready. Starting training loop for 350 step(s)...
------------------------------------------------------------
[TRAIN] Step 1/350 | 19:10:29
[TRAIN] Step 1 | Loss=1.276182 | Best makespan in group=1507.00
[TRAIN] Step 2/350 | 19:11:48
[TRAIN] Step 2 | Loss=0.018668 | Best makespan in group=1705.00
[TRAIN] Step 3/350 | 19:13:09
[TRAIN] Step 3 | Loss=11.737806 | Best makespan in group=2414.00
[TRAIN] Step 4/350 | 19:14:28
[TRAIN] Step 4 | Loss=6.510144 | Best makespan in group=1500.00
[TRAIN] Step 5/350 | 19:16:03
[TRAIN] Step 5 | Loss=2.377815 | Best makespan in group=2246.00
[TRAIN] Step 6/350 | 19:17:26
[TRAIN] Step 6 | Loss=1.733089 | Best makespan in group=3164.00
[TRAIN] Step 7/350 | 19:19:26
[TRAIN] Step 7 | Loss=0.070747 | Best makespan in group=1092.00
[TRAIN] Step 8/350 | 19:20:49
[TRAIN] Step 8 | Loss=0.076468 | Best makespan in group=2450.00
[TRAIN] Step 9/350 | 19:22:14
[TRAIN] Step 9 | Loss=8.300680 | Best makespan in group=2276.00
[TRAIN] Step 10/350 | 19:24:01
[TRAIN] Step 10 | Loss=3.417153 | Best makespan in group=2303.00
[TRAIN] Step 11/350 | 19:25:41
[TRAIN] Step 11 | Loss=0.000082 | Best makespan in group=1656.00
[TRAIN] Step 12/350 | 19:27:00
[TRAIN] Step 12 | Loss=1.716262 | Best makespan in group=1562.00
[TRAIN] Step 13/350 | 19:28:15
[TRAIN] Step 13 | Loss=11.731303 | Best makespan in group=1756.00
[TRAIN] Step 14/350 | 19:29:30
[TRAIN] Step 14 | Loss=15.196348 | Best makespan in group=1888.00
[TRAIN] Step 15/350 | 19:31:15
[TRAIN] Step 15 | Loss=4.369012 | Best makespan in group=2282.00
[TRAIN] Step 16/350 | 19:32:48
[TRAIN] Step 16 | Loss=1.771686 | Best makespan in group=2036.00
[TRAIN] Step 17/350 | 19:34:13
[TRAIN] Step 17 | Loss=1.551598 | Best makespan in group=2044.00
[TRAIN] Step 18/350 | 19:35:50
[TRAIN] Step 18 | Loss=3.868972 | Best makespan in group=2091.00
[TRAIN] Step 19/350 | 19:37:11
[TRAIN] Step 19 | Loss=8.290828 | Best makespan in group=1798.00
[TRAIN] Step 20/350 | 19:38:18
[TRAIN] Step 20 | Loss=8.430973 | Best makespan in group=2228.00
[TRAIN][VAL][ep 20] avg_gap=0.1789 | std_gap=0.1415 | q80_gap=0.3210 | n=20
[TRAIN][VAL][ep 20] blocked_events=387 | swaps=29 in 12 instance(s)
[TRAIN] Validation improved | smoothed_avg_gap=0.1789 (raw=0.1789) | saving candidate: 11083691564752.pth
[TRAIN] Step 21/350 | 19:40:28
[TRAIN] Step 21 | Loss=10.404246 | Best makespan in group=1120.00
[TRAIN] Step 22/350 | 19:41:43
[TRAIN] Step 22 | Loss=3.281778 | Best makespan in group=2458.00
[TRAIN] Step 23/350 | 19:43:26
[TRAIN] Step 23 | Loss=1.713831 | Best makespan in group=1582.00
[TRAIN] Step 24/350 | 19:44:30
[TRAIN] Step 24 | Loss=3.444357 | Best makespan in group=2048.00
[TRAIN] Step 25/350 | 19:46:03
[TRAIN] Step 25 | Loss=10.412097 | Best makespan in group=1865.00
[TRAIN] Step 26/350 | 19:47:32
[TRAIN] Step 26 | Loss=0.000097 | Best makespan in group=1132.00
[TRAIN] Step 27/350 | 19:48:55
[TRAIN] Step 27 | Loss=2.169312 | Best makespan in group=2008.00
[TRAIN] Step 28/350 | 19:50:18
[TRAIN] Step 28 | Loss=8.355768 | Best makespan in group=1776.00
[TRAIN] Step 29/350 | 19:52:00
[TRAIN] Step 29 | Loss=1.336108 | Best makespan in group=1814.00
[TRAIN] Step 30/350 | 19:53:17
[TRAIN] Step 30 | Loss=3.642754 | Best makespan in group=1966.00
[TRAIN] Step 31/350 | 19:54:50
[TRAIN] Step 31 | Loss=5.089159 | Best makespan in group=2394.00
[TRAIN] Step 32/350 | 19:56:14
[TRAIN] Step 32 | Loss=2.054523 | Best makespan in group=1236.00
[TRAIN] Step 33/350 | 19:57:37
[TRAIN] Step 33 | Loss=4.206191 | Best makespan in group=1908.00
[TRAIN] Step 34/350 | 19:58:43
[TRAIN] Step 34 | Loss=0.001316 | Best makespan in group=1160.00
[TRAIN] Step 35/350 | 19:59:46
[TRAIN] Step 35 | Loss=4.798357 | Best makespan in group=2120.00
[TRAIN] Step 36/350 | 20:01:32
[TRAIN] Step 36 | Loss=0.001130 | Best makespan in group=1192.00
[TRAIN] Step 37/350 | 20:03:19
[TRAIN] Step 37 | Loss=3.319139 | Best makespan in group=1894.00
[TRAIN] Step 38/350 | 20:04:54
[TRAIN] Step 38 | Loss=2.982079 | Best makespan in group=2006.00
[TRAIN] Step 39/350 | 20:06:15
[TRAIN] Step 39 | Loss=1.757734 | Best makespan in group=2662.00
[TRAIN] Step 40/350 | 20:07:51
[TRAIN] Step 40 | Loss=0.394569 | Best makespan in group=2376.00
[TRAIN][VAL][ep 40] avg_gap=0.1471 | std_gap=0.1547 | q80_gap=0.2814 | n=20
[TRAIN][VAL][ep 40] blocked_events=455 | swaps=51 in 11 instance(s)
[TRAIN] Validation improved | smoothed_avg_gap=0.1630 (raw=0.1471) | saving candidate: 280519996972164.pth
[TRAIN] Step 41/350 | 20:10:19
[TRAIN] Step 41 | Loss=1.877298 | Best makespan in group=2394.00
[TRAIN] Step 42/350 | 20:11:33
[TRAIN] Step 42 | Loss=4.116315 | Best makespan in group=1900.00
[TRAIN] Step 43/350 | 20:12:49
[TRAIN] Step 43 | Loss=0.703035 | Best makespan in group=1154.00
[TRAIN] Step 44/350 | 20:14:06
[TRAIN] Step 44 | Loss=0.088040 | Best makespan in group=1670.00
[TRAIN] Step 45/350 | 20:15:09
[TRAIN] Step 45 | Loss=3.441406 | Best makespan in group=1892.00
[TRAIN] Step 46/350 | 20:16:26
[TRAIN] Step 46 | Loss=0.000700 | Best makespan in group=1758.00
[TRAIN] Step 47/350 | 20:17:32
[TRAIN] Step 47 | Loss=6.860801 | Best makespan in group=2276.00
[TRAIN] Step 48/350 | 20:19:20
[TRAIN] Step 48 | Loss=5.114546 | Best makespan in group=2010.00
[TRAIN] Step 49/350 | 20:20:32
[TRAIN] Step 49 | Loss=0.698141 | Best makespan in group=1631.00
[TRAIN] Step 50/350 | 20:21:50
[TRAIN] Step 50 | Loss=6.809151 | Best makespan in group=2092.00
[TRAIN] Step 51/350 | 20:23:17
[TRAIN] Step 51 | Loss=2.113540 | Best makespan in group=2276.00
[TRAIN] Step 52/350 | 20:24:48
[TRAIN] Step 52 | Loss=2.476170 | Best makespan in group=1508.00
[TRAIN] Step 53/350 | 20:26:21
[TRAIN] Step 53 | Loss=1.886404 | Best makespan in group=1798.00
[TRAIN] Step 54/350 | 20:28:05
[TRAIN] Step 54 | Loss=1.832190 | Best makespan in group=2234.00
[TRAIN] Step 55/350 | 20:29:46
[TRAIN] Step 55 | Loss=0.274472 | Best makespan in group=2216.00
[TRAIN] Step 56/350 | 20:31:13
[TRAIN] Step 56 | Loss=4.146165 | Best makespan in group=2092.00
[TRAIN] Step 57/350 | 20:32:37
[TRAIN] Step 57 | Loss=0.125591 | Best makespan in group=1792.00
[TRAIN] Step 58/350 | 20:33:42
[TRAIN] Step 58 | Loss=1.369245 | Best makespan in group=2690.00
[TRAIN] Step 59/350 | 20:35:00
[TRAIN] Step 59 | Loss=1.260224 | Best makespan in group=1982.00
[TRAIN] Step 60/350 | 20:36:33
[TRAIN] Step 60 | Loss=1.541890 | Best makespan in group=1786.00
[TRAIN][VAL][ep 60] avg_gap=0.1356 | std_gap=0.1421 | q80_gap=0.2440 | n=20
[TRAIN][VAL][ep 60] blocked_events=443 | swaps=26 in 9 instance(s)
[TRAIN] Validation improved | smoothed_avg_gap=0.1539 (raw=0.1356) | saving candidate: 216343785313656.pth
[TRAIN] Step 61/350 | 20:39:08
[TRAIN] Step 61 | Loss=0.000367 | Best makespan in group=1452.00
[TRAIN] Step 62/350 | 20:40:27
[TRAIN] Step 62 | Loss=2.645521 | Best makespan in group=1620.00
[TRAIN] Step 63/350 | 20:41:53
[TRAIN] Step 63 | Loss=4.255435 | Best makespan in group=1536.00
[TRAIN] Step 64/350 | 20:43:32
[TRAIN] Step 64 | Loss=2.042165 | Best makespan in group=1865.00
[TRAIN] Step 65/350 | 20:44:58
[TRAIN] Step 65 | Loss=3.247207 | Best makespan in group=1364.00
[TRAIN] Step 66/350 | 20:46:05
[TRAIN] Step 66 | Loss=0.117655 | Best makespan in group=2456.00
[TRAIN] Step 67/350 | 20:47:47
[TRAIN] Step 67 | Loss=1.606378 | Best makespan in group=1598.00
[TRAIN] Step 68/350 | 20:49:10
[TRAIN] Step 68 | Loss=3.570511 | Best makespan in group=1754.00
[TRAIN] Step 69/350 | 20:50:28
[TRAIN] Step 69 | Loss=10.592784 | Best makespan in group=2441.00
[TRAIN] Step 70/350 | 20:51:56
[TRAIN] Step 70 | Loss=5.938653 | Best makespan in group=1824.00
[TRAIN] Step 71/350 | 20:53:21
[TRAIN] Step 71 | Loss=0.974016 | Best makespan in group=1830.00
[TRAIN] Step 72/350 | 20:54:32
[TRAIN] Step 72 | Loss=0.004913 | Best makespan in group=2180.00
[TRAIN] Step 73/350 | 20:56:01
[TRAIN] Step 73 | Loss=6.987932 | Best makespan in group=1760.00
[TRAIN] Step 74/350 | 20:57:09
[TRAIN] Step 74 | Loss=0.073684 | Best makespan in group=2278.00
[TRAIN] Step 75/350 | 20:58:28
[TRAIN] Step 75 | Loss=5.008703 | Best makespan in group=1836.00
[TRAIN] Step 76/350 | 21:00:13
[TRAIN] Step 76 | Loss=0.942777 | Best makespan in group=1142.00
[TRAIN] Step 77/350 | 21:01:25
[TRAIN] Step 77 | Loss=0.080975 | Best makespan in group=2678.00
[TRAIN] Step 78/350 | 21:02:48
[TRAIN] Step 78 | Loss=8.676650 | Best makespan in group=2586.00
[TRAIN] Step 79/350 | 21:04:14
[TRAIN] Step 79 | Loss=1.080901 | Best makespan in group=1832.00
[TRAIN] Step 80/350 | 21:05:56
[TRAIN] Step 80 | Loss=4.884709 | Best makespan in group=1775.00
[TRAIN][VAL][ep 80] avg_gap=0.1057 | std_gap=0.0986 | q80_gap=0.1635 | n=20
[TRAIN][VAL][ep 80] blocked_events=451 | swaps=38 in 10 instance(s)
[TRAIN] Validation improved | smoothed_avg_gap=0.1295 (raw=0.1057) | saving candidate: 858727260030755.pth
[TRAIN] Step 81/350 | 21:08:05
[TRAIN] Step 81 | Loss=0.540002 | Best makespan in group=2102.00
[TRAIN] Step 82/350 | 21:09:23
[TRAIN] Step 82 | Loss=0.195935 | Best makespan in group=1544.00
[TRAIN] Step 83/350 | 21:11:19
[TRAIN] Step 83 | Loss=2.099311 | Best makespan in group=3028.00
[TRAIN] Step 84/350 | 21:13:05
[TRAIN] Step 84 | Loss=0.483792 | Best makespan in group=1348.00
[TRAIN] Step 85/350 | 21:14:37
[TRAIN] Step 85 | Loss=0.996431 | Best makespan in group=2678.00
[TRAIN] Step 86/350 | 21:15:52
[TRAIN] Step 86 | Loss=2.562933 | Best makespan in group=1734.00
[TRAIN] Step 87/350 | 21:17:18
[TRAIN] Step 87 | Loss=0.001376 | Best makespan in group=2304.00
[TRAIN] Step 88/350 | 21:18:42
[TRAIN] Step 88 | Loss=0.123737 | Best makespan in group=1520.00
[TRAIN] Step 89/350 | 21:19:53
[TRAIN] Step 89 | Loss=0.179773 | Best makespan in group=1558.00
[TRAIN] Step 90/350 | 21:21:00
[TRAIN] Step 90 | Loss=10.053358 | Best makespan in group=2080.00
[TRAIN] Step 91/350 | 21:22:44
[TRAIN] Step 91 | Loss=10.692442 | Best makespan in group=2150.00
[TRAIN] Step 92/350 | 21:24:19
[TRAIN] Step 92 | Loss=2.763703 | Best makespan in group=1296.00
[TRAIN] Step 93/350 | 21:25:32
[TRAIN] Step 93 | Loss=0.473038 | Best makespan in group=1282.00
[TRAIN] Step 94/350 | 21:27:13
[TRAIN] Step 94 | Loss=0.021672 | Best makespan in group=1334.00
[TRAIN] Step 95/350 | 21:28:18
[TRAIN] Step 95 | Loss=2.007939 | Best makespan in group=1787.00
[TRAIN] Step 96/350 | 21:29:43
[TRAIN] Step 96 | Loss=7.319633 | Best makespan in group=1212.00
[TRAIN] Step 97/350 | 21:31:13
[TRAIN] Step 97 | Loss=2.777744 | Best makespan in group=2134.00
[TRAIN] Step 98/350 | 21:32:37
[TRAIN] Step 98 | Loss=0.135503 | Best makespan in group=729.00
[TRAIN] Step 99/350 | 21:33:45
[TRAIN] Step 99 | Loss=2.426895 | Best makespan in group=1538.00
[TRAIN] Step 100/350 | 21:35:01
[TRAIN] Step 100 | Loss=0.088159 | Best makespan in group=2034.00
[TRAIN][VAL][ep 100] avg_gap=0.1133 | std_gap=0.0946 | q80_gap=0.1728 | n=20
[TRAIN][VAL][ep 100] blocked_events=453 | swaps=21 in 11 instance(s)
[TRAIN] Validation improved | smoothed_avg_gap=0.1182 (raw=0.1133) | saving candidate: 978951021273964.pth
[TRAIN] Step 101/350 | 21:37:07
[TRAIN] Step 101 | Loss=0.229128 | Best makespan in group=1290.00
[TRAIN] Step 102/350 | 21:38:55
[TRAIN] Step 102 | Loss=1.138780 | Best makespan in group=1364.00
[TRAIN] Step 103/350 | 21:40:08
[TRAIN] Step 103 | Loss=0.011131 | Best makespan in group=2106.00
[TRAIN] Step 104/350 | 21:41:37
[TRAIN] Step 104 | Loss=2.396030 | Best makespan in group=2102.00
[TRAIN] Step 105/350 | 21:42:54
[TRAIN] Step 105 | Loss=0.062274 | Best makespan in group=1756.00
[TRAIN] Step 106/350 | 21:44:06
[TRAIN] Step 106 | Loss=5.092421 | Best makespan in group=2394.00
[TRAIN] Step 107/350 | 21:45:23
[TRAIN] Step 107 | Loss=0.542719 | Best makespan in group=1814.00
[TRAIN] Step 108/350 | 21:46:42
[TRAIN] Step 108 | Loss=3.319914 | Best makespan in group=1120.00
[TRAIN] Step 109/350 | 21:47:53
[TRAIN] Step 109 | Loss=2.828780 | Best makespan in group=2006.00
[TRAIN] Step 110/350 | 21:49:19
[TRAIN] Step 110 | Loss=7.478896 | Best makespan in group=1786.00
[TRAIN] Step 111/350 | 21:50:58
[TRAIN] Step 111 | Loss=2.742440 | Best makespan in group=1446.00
[TRAIN] Step 112/350 | 21:52:20
[TRAIN] Step 112 | Loss=0.119436 | Best makespan in group=2134.00
[TRAIN] Step 113/350 | 21:53:43
[TRAIN] Step 113 | Loss=0.578329 | Best makespan in group=2278.00
[TRAIN] Step 114/350 | 21:55:05
[TRAIN] Step 114 | Loss=4.420168 | Best makespan in group=2214.00
[TRAIN] Step 115/350 | 21:56:51
[TRAIN] Step 115 | Loss=6.591784 | Best makespan in group=1440.00
[TRAIN] Step 116/350 | 21:58:02
[TRAIN] Step 116 | Loss=6.590505 | Best makespan in group=2167.00
[TRAIN] Step 117/350 | 22:00:01
[TRAIN] Step 117 | Loss=0.150206 | Best makespan in group=1212.00
[TRAIN] Step 118/350 | 22:01:27
[TRAIN] Step 118 | Loss=3.337671 | Best makespan in group=2564.00
[TRAIN] Step 119/350 | 22:02:54
[TRAIN] Step 119 | Loss=0.958421 | Best makespan in group=1824.00
[TRAIN] Step 120/350 | 22:04:20
[TRAIN] Step 120 | Loss=1.961458 | Best makespan in group=2406.00
[TRAIN][VAL][ep 120] avg_gap=0.1129 | std_gap=0.0812 | q80_gap=0.1921 | n=20
[TRAIN][VAL][ep 120] blocked_events=457 | swaps=24 in 12 instance(s)
[TRAIN] Validation improved | smoothed_avg_gap=0.1106 (raw=0.1129) | saving candidate: 404567378866181.pth
[TRAIN] Step 121/350 | 22:06:41
[TRAIN] Step 121 | Loss=3.928045 | Best makespan in group=1788.00
[TRAIN] Step 122/350 | 22:08:21
[TRAIN] Step 122 | Loss=0.127031 | Best makespan in group=1544.00
[TRAIN] Step 123/350 | 22:10:09
[TRAIN] Step 123 | Loss=2.527582 | Best makespan in group=2045.00
[TRAIN] Step 124/350 | 22:11:56
[TRAIN] Step 124 | Loss=2.069335 | Best makespan in group=1558.00
[TRAIN] Step 125/350 | 22:13:03
[TRAIN] Step 125 | Loss=0.000793 | Best makespan in group=2010.00
[TRAIN] Step 126/350 | 22:14:16
[TRAIN] Step 126 | Loss=0.000040 | Best makespan in group=1142.00
[TRAIN] Step 127/350 | 22:15:27
[TRAIN] Step 127 | Loss=0.000094 | Best makespan in group=1536.00
[TRAIN] Step 128/350 | 22:17:03
[TRAIN] Step 128 | Loss=0.000379 | Best makespan in group=1758.00
[TRAIN] Step 129/350 | 22:18:14
[TRAIN] Step 129 | Loss=3.050702 | Best makespan in group=1985.00
[TRAIN] Step 130/350 | 22:19:44
[TRAIN] Step 130 | Loss=11.040088 | Best makespan in group=2446.00
[TRAIN] Step 131/350 | 22:21:28
[TRAIN] Step 131 | Loss=0.017591 | Best makespan in group=2278.00
[TRAIN] Step 132/350 | 22:23:01
[TRAIN] Step 132 | Loss=0.004574 | Best makespan in group=1830.00
[TRAIN] Step 133/350 | 22:24:15
[TRAIN] Step 133 | Loss=6.402155 | Best makespan in group=2214.00
[TRAIN] Step 134/350 | 22:26:07
[TRAIN] Step 134 | Loss=5.277568 | Best makespan in group=1900.00
[TRAIN] Step 135/350 | 22:27:29
[TRAIN] Step 135 | Loss=2.291614 | Best makespan in group=1770.00
[TRAIN] Step 136/350 | 22:29:23
[TRAIN] Step 136 | Loss=1.592095 | Best makespan in group=1869.00
[TRAIN] Step 137/350 | 22:30:53
[TRAIN] Step 137 | Loss=0.921352 | Best makespan in group=1776.00
[TRAIN] Step 138/350 | 22:32:39
[TRAIN] Step 138 | Loss=0.450330 | Best makespan in group=1378.00
[TRAIN] Step 139/350 | 22:34:08
[TRAIN] Step 139 | Loss=0.262299 | Best makespan in group=2450.00
[TRAIN] Step 140/350 | 22:35:33
[TRAIN] Step 140 | Loss=1.536120 | Best makespan in group=2092.00
[TRAIN][VAL][ep 140] avg_gap=0.1183 | std_gap=0.0908 | q80_gap=0.1982 | n=20
[TRAIN][VAL][ep 140] blocked_events=475 | swaps=25 in 12 instance(s)
[TRAIN] Step 141/350 | 22:37:48
[TRAIN] Step 141 | Loss=0.408795 | Best makespan in group=1772.00
[TRAIN] Step 142/350 | 22:39:13
[TRAIN] Step 142 | Loss=0.000723 | Best makespan in group=1068.00
[TRAIN] Step 143/350 | 22:40:41
[TRAIN] Step 143 | Loss=0.000436 | Best makespan in group=2053.00
[TRAIN] Step 144/350 | 22:42:28
[TRAIN] Step 144 | Loss=0.012874 | Best makespan in group=2284.00
[TRAIN] Step 145/350 | 22:44:03
[TRAIN] Step 145 | Loss=12.078548 | Best makespan in group=1616.00
[TRAIN] Step 146/350 | 22:45:28
[TRAIN] Step 146 | Loss=0.000269 | Best makespan in group=1888.00
[TRAIN] Step 147/350 | 22:47:19
[TRAIN] Step 147 | Loss=1.319157 | Best makespan in group=2304.00
[TRAIN] Step 148/350 | 22:48:48
[TRAIN] Step 148 | Loss=0.335533 | Best makespan in group=2678.00
[TRAIN] Step 149/350 | 22:50:07
[TRAIN] Step 149 | Loss=0.472407 | Best makespan in group=1160.00
[TRAIN] Step 150/350 | 22:51:19
[TRAIN] Step 150 | Loss=0.390726 | Best makespan in group=1620.00
[TRAIN] Step 151/350 | 22:52:53
[TRAIN] Step 151 | Loss=3.629431 | Best makespan in group=1604.00
[TRAIN] Step 152/350 | 22:54:20
[TRAIN] Step 152 | Loss=4.942679 | Best makespan in group=3164.00
[TRAIN] Step 153/350 | 22:56:25
[TRAIN] Step 153 | Loss=0.002576 | Best makespan in group=1960.00
[TRAIN] Step 154/350 | 22:57:54
[TRAIN] Step 154 | Loss=0.000118 | Best makespan in group=3028.00
[TRAIN] Step 155/350 | 22:59:40
[TRAIN] Step 155 | Loss=10.575247 | Best makespan in group=2150.00
[TRAIN] Step 156/350 | 23:01:18
[TRAIN] Step 156 | Loss=0.026839 | Best makespan in group=2376.00
[TRAIN] Step 157/350 | 23:03:06
[TRAIN] Step 157 | Loss=3.474318 | Best makespan in group=1734.00
[TRAIN] Step 158/350 | 23:04:35
[TRAIN] Step 158 | Loss=0.288296 | Best makespan in group=2690.00
[TRAIN] Step 159/350 | 23:05:58
[TRAIN] Step 159 | Loss=0.321790 | Best makespan in group=1754.00
[TRAIN] Step 160/350 | 23:07:21
[TRAIN] Step 160 | Loss=0.063555 | Best makespan in group=2034.00
[TRAIN][VAL][ep 160] avg_gap=0.1197 | std_gap=0.1092 | q80_gap=0.1982 | n=20
[TRAIN][VAL][ep 160] blocked_events=484 | swaps=30 in 14 instance(s)
[TRAIN] Step 161/350 | 23:09:39
[TRAIN] Step 161 | Loss=2.356991 | Best makespan in group=1086.00
[TRAIN] Step 162/350 | 23:10:59
[TRAIN] Step 162 | Loss=0.001216 | Best makespan in group=2394.00
[TRAIN] Step 163/350 | 23:12:37
[TRAIN] Step 163 | Loss=0.030425 | Best makespan in group=1102.00
[TRAIN] Step 164/350 | 23:14:01
[TRAIN] Step 164 | Loss=1.195365 | Best makespan in group=1493.00
[TRAIN] Step 165/350 | 23:15:36
[TRAIN] Step 165 | Loss=0.291286 | Best makespan in group=1500.00
[TRAIN] Step 166/350 | 23:17:04
[TRAIN] Step 166 | Loss=0.081761 | Best makespan in group=1656.00
[TRAIN] Step 167/350 | 23:18:31
[TRAIN] Step 167 | Loss=0.455098 | Best makespan in group=729.00
[TRAIN] Step 168/350 | 23:19:41
[TRAIN] Step 168 | Loss=0.018735 | Best makespan in group=2678.00
[TRAIN] Step 169/350 | 23:21:05
[TRAIN] Step 169 | Loss=0.966281 | Best makespan in group=1872.00
[TRAIN] Step 170/350 | 23:22:52
[TRAIN] Step 170 | Loss=3.195119 | Best makespan in group=1892.00
[TRAIN] Step 171/350 | 23:24:18
[TRAIN] Step 171 | Loss=0.626979 | Best makespan in group=1754.00
[TRAIN] Step 172/350 | 23:25:51
[TRAIN] Step 172 | Loss=4.547294 | Best makespan in group=2092.00
[TRAIN] Step 173/350 | 23:27:35
[TRAIN] Step 173 | Loss=0.097215 | Best makespan in group=2236.00
[TRAIN] Step 174/350 | 23:29:29
[TRAIN] Step 174 | Loss=1.632298 | Best makespan in group=1520.00
[TRAIN] Step 175/350 | 23:30:51
[TRAIN] Step 175 | Loss=1.539179 | Best makespan in group=2008.00
[TRAIN] Step 176/350 | 23:32:32
[TRAIN] Step 176 | Loss=5.773760 | Best makespan in group=1752.00
[TRAIN] Step 177/350 | 23:34:24
[TRAIN] Step 177 | Loss=6.984576 | Best makespan in group=1610.00
[TRAIN] Step 178/350 | 23:36:16
[TRAIN] Step 178 | Loss=1.701974 | Best makespan in group=1203.00
[TRAIN] Step 179/350 | 23:38:20
[TRAIN] Step 179 | Loss=0.094804 | Best makespan in group=1520.00
[TRAIN] Step 180/350 | 23:39:47
[TRAIN] Step 180 | Loss=3.061923 | Best makespan in group=1788.00
[TRAIN][VAL][ep 180] avg_gap=0.1201 | std_gap=0.1270 | q80_gap=0.1877 | n=20
[TRAIN][VAL][ep 180] blocked_events=479 | swaps=29 in 10 instance(s)
[TRAIN] Step 181/350 | 23:41:57
[TRAIN] Step 181 | Loss=0.005264 | Best makespan in group=2180.00
[TRAIN] Step 182/350 | 23:43:40
[TRAIN] Step 182 | Loss=1.714130 | Best makespan in group=1582.00
[TRAIN] Step 183/350 | 23:45:01
[TRAIN] Step 183 | Loss=5.898541 | Best makespan in group=2456.00
[TRAIN] Step 184/350 | 23:47:02
[TRAIN] Step 184 | Loss=7.450094 | Best makespan in group=2167.00
[TRAIN] Step 185/350 | 23:48:38
[TRAIN] Step 185 | Loss=4.997022 | Best makespan in group=1242.00
[TRAIN] Step 186/350 | 23:49:56
[TRAIN] Step 186 | Loss=1.291048 | Best makespan in group=1218.00
[TRAIN] Step 187/350 | 23:51:36
[TRAIN] Step 187 | Loss=1.796160 | Best makespan in group=1966.00
[TRAIN] Step 188/350 | 23:53:34
[TRAIN] Step 188 | Loss=6.907357 | Best makespan in group=1882.00
[TRAIN] Step 189/350 | 23:54:52
[TRAIN] Step 189 | Loss=0.105838 | Best makespan in group=1670.00
[TRAIN] Step 190/350 | 23:56:05
[TRAIN] Step 190 | Loss=2.513102 | Best makespan in group=1460.00
[TRAIN] Step 191/350 | 23:58:00
[TRAIN] Step 191 | Loss=0.273647 | Best makespan in group=1768.00
[TRAIN] Step 192/350 | 23:59:16
[TRAIN] Step 192 | Loss=0.488404 | Best makespan in group=1792.00
[TRAIN] Step 193/350 | 00:00:37
[TRAIN] Step 193 | Loss=0.000499 | Best makespan in group=1452.00
[TRAIN] Step 194/350 | 00:02:07
[TRAIN] Step 194 | Loss=1.782792 | Best makespan in group=2004.00
[TRAIN] Step 195/350 | 00:03:45
[TRAIN] Step 195 | Loss=0.011823 | Best makespan in group=1334.00
[TRAIN] Step 196/350 | 00:04:59
[TRAIN] Step 196 | Loss=0.021554 | Best makespan in group=2076.00
[TRAIN] Step 197/350 | 00:07:03
[TRAIN] Step 197 | Loss=0.132162 | Best makespan in group=2048.00
[TRAIN] Step 198/350 | 00:08:53
[TRAIN] Step 198 | Loss=4.398691 | Best makespan in group=2430.00
[TRAIN] Step 199/350 | 00:10:22
[TRAIN] Step 199 | Loss=9.589600 | Best makespan in group=1982.00
[TRAIN] Step 200/350 | 00:12:09
[TRAIN] Step 200 | Loss=0.000414 | Best makespan in group=1902.00
[TRAIN][VAL][ep 200] avg_gap=0.1081 | std_gap=0.1125 | q80_gap=0.1871 | n=20
[TRAIN][VAL][ep 200] blocked_events=452 | swaps=28 in 11 instance(s)
[TRAIN] Step 201/350 | 00:14:46
[TRAIN] Step 201 | Loss=2.284278 | Best makespan in group=2006.00
[TRAIN] Step 202/350 | 00:16:21
[TRAIN] Step 202 | Loss=0.191053 | Best makespan in group=2048.00
[TRAIN] Step 203/350 | 00:18:09
[TRAIN] Step 203 | Loss=8.564146 | Best makespan in group=2150.00
[TRAIN] Step 204/350 | 00:19:59
[TRAIN] Step 204 | Loss=1.891197 | Best makespan in group=2004.00
[TRAIN] Step 205/350 | 00:21:35
[TRAIN] Step 205 | Loss=0.274810 | Best makespan in group=1500.00
[TRAIN] Step 206/350 | 00:23:09
[TRAIN] Step 206 | Loss=0.032320 | Best makespan in group=1244.00
[TRAIN] Step 207/350 | 00:24:29
[TRAIN] Step 207 | Loss=0.239750 | Best makespan in group=1160.00
[TRAIN] Step 208/350 | 00:25:47
[TRAIN] Step 208 | Loss=0.652476 | Best makespan in group=1824.00
[TRAIN] Step 209/350 | 00:27:29
[TRAIN] Step 209 | Loss=1.285468 | Best makespan in group=1814.00
[TRAIN] Step 210/350 | 00:29:01
[TRAIN] Step 210 | Loss=1.585285 | Best makespan in group=1616.00
[TRAIN] Step 211/350 | 00:30:30
[TRAIN] Step 211 | Loss=2.744174 | Best makespan in group=1582.00
[TRAIN] Step 212/350 | 00:31:50
[TRAIN] Step 212 | Loss=0.125979 | Best makespan in group=2376.00
[TRAIN] Step 213/350 | 00:33:46
[TRAIN] Step 213 | Loss=0.335486 | Best makespan in group=1140.00
[TRAIN] Step 214/350 | 00:35:49
[TRAIN] Step 214 | Loss=6.052350 | Best makespan in group=1908.00
[TRAIN] Step 215/350 | 00:37:04
[TRAIN] Step 215 | Loss=5.216747 | Best makespan in group=1773.00
[TRAIN] Step 216/350 | 00:39:10
[TRAIN] Step 216 | Loss=0.045500 | Best makespan in group=1900.00
[TRAIN] Step 217/350 | 00:40:42
[TRAIN] Step 217 | Loss=0.197659 | Best makespan in group=1772.00
[TRAIN] Step 218/350 | 00:42:18
[TRAIN] Step 218 | Loss=1.136322 | Best makespan in group=1756.00
[TRAIN] Step 219/350 | 00:43:40
[TRAIN] Step 219 | Loss=3.775147 | Best makespan in group=1860.00
[TRAIN] Step 220/350 | 00:45:38
[TRAIN] Step 220 | Loss=0.254599 | Best makespan in group=1154.00
[TRAIN][VAL][ep 220] avg_gap=0.1275 | std_gap=0.1164 | q80_gap=0.1890 | n=20
[TRAIN][VAL][ep 220] blocked_events=490 | swaps=37 in 15 instance(s)
[TRAIN] Step 221/350 | 00:48:02
[TRAIN] Step 221 | Loss=0.002106 | Best makespan in group=1212.00
[TRAIN] Step 222/350 | 00:49:44
[TRAIN] Step 222 | Loss=0.265387 | Best makespan in group=1237.00
[TRAIN] Step 223/350 | 00:51:23
[TRAIN] Step 223 | Loss=1.066624 | Best makespan in group=1520.00
[TRAIN] Step 224/350 | 00:52:48
[TRAIN] Step 224 | Loss=0.023335 | Best makespan in group=1888.00
[TRAIN] Step 225/350 | 00:54:47
[TRAIN] Step 225 | Loss=2.451836 | Best makespan in group=2678.00
[TRAIN] Step 226/350 | 00:56:22
[TRAIN] Step 226 | Loss=1.538292 | Best makespan in group=1120.00
[TRAIN] Step 227/350 | 00:57:40
[TRAIN] Step 227 | Loss=0.100019 | Best makespan in group=2044.00
[TRAIN] Step 228/350 | 00:59:30
[TRAIN] Step 228 | Loss=2.740001 | Best makespan in group=1892.00
[TRAIN] Step 229/350 | 01:01:13
[TRAIN] Step 229 | Loss=5.630796 | Best makespan in group=1958.00
[TRAIN] Step 230/350 | 01:03:01
[TRAIN] Step 230 | Loss=0.001322 | Best makespan in group=2394.00
[TRAIN] Step 231/350 | 01:04:41
[TRAIN] Step 231 | Loss=0.018735 | Best makespan in group=3028.00
[TRAIN] Step 232/350 | 01:06:38
[TRAIN] Step 232 | Loss=9.568207 | Best makespan in group=2180.00
[TRAIN] Step 233/350 | 01:08:26
[TRAIN] Step 233 | Loss=3.178708 | Best makespan in group=1734.00
[TRAIN] Step 234/350 | 01:10:01
[TRAIN] Step 234 | Loss=9.997820 | Best makespan in group=2450.00
[TRAIN] Step 235/350 | 01:11:37
[TRAIN] Step 235 | Loss=3.653442 | Best makespan in group=1892.00
[TRAIN] Step 236/350 | 01:13:03
[TRAIN] Step 236 | Loss=2.457511 | Best makespan in group=1452.00
[TRAIN] Step 237/350 | 01:14:34
[TRAIN] Step 237 | Loss=0.422172 | Best makespan in group=1810.00
[TRAIN] Step 238/350 | 01:16:28
[TRAIN] Step 238 | Loss=0.421063 | Best makespan in group=1656.00
[TRAIN] Step 239/350 | 01:18:01
[TRAIN] Step 239 | Loss=0.305760 | Best makespan in group=2491.00
[TRAIN] Step 240/350 | 01:19:48
[TRAIN] Step 240 | Loss=4.884705 | Best makespan in group=1536.00
[TRAIN][VAL][ep 240] avg_gap=0.0960 | std_gap=0.0963 | q80_gap=0.1642 | n=20
[TRAIN][VAL][ep 240] blocked_events=482 | swaps=23 in 12 instance(s)
[TRAIN] Validation improved | smoothed_avg_gap=0.1105 (raw=0.0960) | saving candidate: 758491005515295.pth
[TRAIN] Step 241/350 | 01:22:30
[TRAIN] Step 241 | Loss=1.004350 | Best makespan in group=1830.00
[TRAIN] Step 242/350 | 01:23:52
[TRAIN] Step 242 | Loss=4.363898 | Best makespan in group=1776.00
[TRAIN] Step 243/350 | 01:25:10
[TRAIN] Step 243 | Loss=0.000173 | Best makespan in group=1334.00
[TRAIN] Step 244/350 | 01:26:25
[TRAIN] Step 244 | Loss=0.163222 | Best makespan in group=1670.00
[TRAIN] Step 245/350 | 01:27:46
[TRAIN] Step 245 | Loss=0.638927 | Best makespan in group=1558.00
[TRAIN] Step 246/350 | 01:29:02
[TRAIN] Step 246 | Loss=0.025897 | Best makespan in group=2010.00
[TRAIN] Step 247/350 | 01:30:25
[TRAIN] Step 247 | Loss=0.066183 | Best makespan in group=2278.00
[TRAIN] Step 248/350 | 01:32:01
[TRAIN] Step 248 | Loss=6.786865 | Best makespan in group=1786.00
[TRAIN] Step 249/350 | 01:33:50
[TRAIN] Step 249 | Loss=3.053864 | Best makespan in group=1440.00
[TRAIN] Step 250/350 | 01:35:13
[TRAIN] Step 250 | Loss=8.356183 | Best makespan in group=2092.00
[TRAIN] Step 251/350 | 01:36:56
[TRAIN] Step 251 | Loss=1.684408 | Best makespan in group=1594.00
[TRAIN] Step 252/350 | 01:38:27
[TRAIN] Step 252 | Loss=0.101346 | Best makespan in group=1792.00
[TRAIN] Step 253/350 | 01:39:48
[TRAIN] Step 253 | Loss=4.730809 | Best makespan in group=1819.00
[TRAIN] Step 254/350 | 01:41:21
[TRAIN] Step 254 | Loss=2.534677 | Best makespan in group=1966.00
[TRAIN] Step 255/350 | 01:43:10
[TRAIN] Step 255 | Loss=1.739610 | Best makespan in group=2198.00
[TRAIN] Step 256/350 | 01:45:10
[TRAIN] Step 256 | Loss=0.010772 | Best makespan in group=2678.00
[TRAIN] Step 257/350 | 01:46:33
[TRAIN] Step 257 | Loss=3.000805 | Best makespan in group=1234.00
[TRAIN] Step 258/350 | 01:48:28
[TRAIN] Step 258 | Loss=5.056763 | Best makespan in group=2276.00
[TRAIN] Step 259/350 | 01:50:12
[TRAIN] Step 259 | Loss=0.124612 | Best makespan in group=2304.00
[TRAIN] Step 260/350 | 01:51:41
[TRAIN] Step 260 | Loss=0.352327 | Best makespan in group=1754.00
[TRAIN][VAL][ep 260] avg_gap=0.1097 | std_gap=0.0908 | q80_gap=0.1717 | n=20
[TRAIN][VAL][ep 260] blocked_events=464 | swaps=26 in 13 instance(s)
[TRAIN] Step 261/350 | 01:54:02
[TRAIN] Step 261 | Loss=0.694418 | Best makespan in group=2278.00
[TRAIN] Step 262/350 | 01:55:46
[TRAIN] Step 262 | Loss=0.000064 | Best makespan in group=1544.00
[TRAIN] Step 263/350 | 01:57:38
[TRAIN] Step 263 | Loss=0.042739 | Best makespan in group=1111.00
[TRAIN] Step 264/350 | 01:59:13
[TRAIN] Step 264 | Loss=0.629300 | Best makespan in group=1776.00
[TRAIN] Step 265/350 | 02:01:11
[TRAIN] Step 265 | Loss=2.764597 | Best makespan in group=2394.00
[TRAIN] Step 266/350 | 02:02:37
[TRAIN] Step 266 | Loss=0.383051 | Best makespan in group=1960.00
[TRAIN] Step 267/350 | 02:04:12
[TRAIN] Step 267 | Loss=0.111141 | Best makespan in group=1088.00
[TRAIN] Step 268/350 | 02:05:48
[TRAIN] Step 268 | Loss=0.021839 | Best makespan in group=1446.00
[TRAIN] Step 269/350 | 02:07:19
[TRAIN] Step 269 | Loss=1.298572 | Best makespan in group=1445.00
[TRAIN] Step 270/350 | 02:08:56
[TRAIN] Step 270 | Loss=9.042428 | Best makespan in group=3164.00
[TRAIN] Step 271/350 | 02:11:06
[TRAIN] Step 271 | Loss=0.000107 | Best makespan in group=1758.00
[TRAIN] Step 272/350 | 02:12:19
[TRAIN] Step 272 | Loss=4.212733 | Best makespan in group=1764.00
[TRAIN] Step 273/350 | 02:13:35
[TRAIN] Step 273 | Loss=1.724302 | Best makespan in group=2162.00
[TRAIN] Step 274/350 | 02:15:10
[TRAIN] Step 274 | Loss=14.188633 | Best makespan in group=2008.00
[TRAIN] Step 275/350 | 02:16:54
[TRAIN] Step 275 | Loss=0.003164 | Best makespan in group=1752.00
[TRAIN] Step 276/350 | 02:18:40
[TRAIN] Step 276 | Loss=4.387000 | Best makespan in group=2373.00
[TRAIN] Step 277/350 | 02:20:13
[TRAIN] Step 277 | Loss=0.239832 | Best makespan in group=729.00
[TRAIN] Step 278/350 | 02:21:25
[TRAIN] Step 278 | Loss=0.501828 | Best makespan in group=2076.00
[TRAIN] Step 279/350 | 02:23:25
[TRAIN] Step 279 | Loss=1.978986 | Best makespan in group=2209.00
[TRAIN] Step 280/350 | 02:25:19
[TRAIN] Step 280 | Loss=6.130959 | Best makespan in group=1991.00
[TRAIN][VAL][ep 280] avg_gap=0.0989 | std_gap=0.0815 | q80_gap=0.1715 | n=20
[TRAIN][VAL][ep 280] blocked_events=441 | swaps=23 in 10 instance(s)
[TRAIN] Validation improved | smoothed_avg_gap=0.1015 (raw=0.0989) | saving candidate: 625187972740958.pth
[TRAIN] Step 281/350 | 02:28:31
[TRAIN] Step 281 | Loss=1.386803 | Best makespan in group=2134.00
[TRAIN] Step 282/350 | 02:30:04
[TRAIN] Step 282 | Loss=1.758969 | Best makespan in group=2690.00
[TRAIN] Step 283/350 | 02:31:33
[TRAIN] Step 283 | Loss=2.153493 | Best makespan in group=1212.00
[TRAIN] Step 284/350 | 02:33:07
[TRAIN] Step 284 | Loss=0.000016 | Best makespan in group=1142.00
[TRAIN] Step 285/350 | 02:34:25
[TRAIN] Step 285 | Loss=4.845274 | Best makespan in group=1679.00
[TRAIN] Step 286/350 | 02:36:16
[TRAIN] Step 286 | Loss=6.193723 | Best makespan in group=2564.00
[TRAIN] Step 287/350 | 02:37:53
[TRAIN] Step 287 | Loss=7.370351 | Best makespan in group=2102.00
[TRAIN] Step 288/350 | 02:39:19
[TRAIN] Step 288 | Loss=2.919185 | Best makespan in group=2034.00
[TRAIN] Step 289/350 | 02:40:45
[TRAIN] Step 289 | Loss=10.445387 | Best makespan in group=2019.00
[TRAIN] Step 290/350 | 02:42:42
[TRAIN] Step 290 | Loss=0.512733 | Best makespan in group=2084.00
[TRAIN] Step 291/350 | 02:44:18
[TRAIN] Step 291 | Loss=2.361860 | Best makespan in group=1520.00
[TRAIN] Step 292/350 | 02:45:43
[TRAIN] Step 292 | Loss=2.399606 | Best makespan in group=2280.00
[TRAIN] Step 293/350 | 02:47:41
[TRAIN] Step 293 | Loss=9.200202 | Best makespan in group=2222.00
[TRAIN] Step 294/350 | 02:49:40
[TRAIN] Step 294 | Loss=0.698455 | Best makespan in group=1364.00
[TRAIN] Step 295/350 | 02:51:03
[TRAIN] Step 295 | Loss=0.722360 | Best makespan in group=1789.00
[TRAIN] Step 296/350 | 02:52:35
[TRAIN] Step 296 | Loss=0.042758 | Best makespan in group=2390.00
[TRAIN] Step 297/350 | 02:54:06
[TRAIN] Step 297 | Loss=2.128696 | Best makespan in group=2092.00
[TRAIN] Step 298/350 | 02:55:46
[TRAIN] Step 298 | Loss=2.674835 | Best makespan in group=1460.00
[TRAIN] Step 299/350 | 02:57:41
[TRAIN] Step 299 | Loss=0.331438 | Best makespan in group=1620.00
[TRAIN] Step 300/350 | 02:59:26
[TRAIN] Step 300 | Loss=7.818321 | Best makespan in group=2456.00
[TRAIN][VAL][ep 300] avg_gap=0.1110 | std_gap=0.1257 | q80_gap=0.1475 | n=20
[TRAIN][VAL][ep 300] blocked_events=457 | swaps=31 in 11 instance(s)
[TRAIN] Step 301/350 | 03:02:26
[TRAIN] Step 301 | Loss=0.357344 | Best makespan in group=1122.00
[TRAIN] Step 302/350 | 03:03:59
[TRAIN] Step 302 | Loss=3.991297 | Best makespan in group=1616.00
[TRAIN] Step 303/350 | 03:05:31
[TRAIN] Step 303 | Loss=0.007599 | Best makespan in group=1334.00
[TRAIN] Step 304/350 | 03:06:49
[TRAIN] Step 304 | Loss=0.307186 | Best makespan in group=2278.00
[TRAIN] Step 305/350 | 03:08:33
[TRAIN] Step 305 | Loss=6.247656 | Best makespan in group=2108.00
[TRAIN] Step 306/350 | 03:10:11
[TRAIN] Step 306 | Loss=0.006325 | Best makespan in group=1756.00
[TRAIN] Step 307/350 | 03:11:32
[TRAIN] Step 307 | Loss=0.138744 | Best makespan in group=1086.00
[TRAIN] Step 308/350 | 03:13:08
[TRAIN] Step 308 | Loss=3.052831 | Best makespan in group=1786.00
[TRAIN] Step 309/350 | 03:14:53
[TRAIN] Step 309 | Loss=0.097007 | Best makespan in group=1364.00
[TRAIN] Step 310/350 | 03:16:14
[TRAIN] Step 310 | Loss=5.284756 | Best makespan in group=2198.00
[TRAIN] Step 311/350 | 03:18:11
[TRAIN] Step 311 | Loss=6.326429 | Best makespan in group=1536.00
[TRAIN] Step 312/350 | 03:20:01
[TRAIN] Step 312 | Loss=1.481361 | Best makespan in group=1769.00
[TRAIN] Step 313/350 | 03:21:24
[TRAIN] Step 313 | Loss=1.197382 | Best makespan in group=2690.00
[TRAIN] Step 314/350 | 03:22:54
[TRAIN] Step 314 | Loss=0.015581 | Best makespan in group=1734.00
[TRAIN] Step 315/350 | 03:24:27
[TRAIN] Step 315 | Loss=1.369150 | Best makespan in group=2596.00
[TRAIN] Step 316/350 | 03:26:04
[TRAIN] Step 316 | Loss=5.348445 | Best makespan in group=2162.00
[TRAIN] Step 317/350 | 03:27:39
[TRAIN] Step 317 | Loss=13.940794 | Best makespan in group=2113.00
[TRAIN] Step 318/350 | 03:29:52
[TRAIN] Step 318 | Loss=6.078765 | Best makespan in group=1942.00
[TRAIN] Step 319/350 | 03:31:56
[TRAIN] Step 319 | Loss=0.760121 | Best makespan in group=1776.00
[TRAIN] Step 320/350 | 03:33:59
[TRAIN] Step 320 | Loss=0.940668 | Best makespan in group=1460.00
[TRAIN][VAL][ep 320] avg_gap=0.1132 | std_gap=0.1266 | q80_gap=0.1475 | n=20
[TRAIN][VAL][ep 320] blocked_events=472 | swaps=32 in 11 instance(s)
[TRAIN] Step 321/350 | 03:36:56
[TRAIN] Step 321 | Loss=0.828170 | Best makespan in group=2150.00
[TRAIN] Step 322/350 | 03:38:47
[TRAIN] Step 322 | Loss=2.412754 | Best makespan in group=1446.00
[TRAIN] Step 323/350 | 03:40:19
[TRAIN] Step 323 | Loss=6.241723 | Best makespan in group=2134.00
[TRAIN] Step 324/350 | 03:41:57
[TRAIN] Step 324 | Loss=0.525135 | Best makespan in group=2288.00
[TRAIN] Step 325/350 | 03:43:43
[TRAIN] Step 325 | Loss=0.014234 | Best makespan in group=2006.00
[TRAIN] Step 326/350 | 03:45:16
[TRAIN] Step 326 | Loss=1.726369 | Best makespan in group=1520.00
[TRAIN] Step 327/350 | 03:46:41
[TRAIN] Step 327 | Loss=4.558887 | Best makespan in group=1892.00
[TRAIN] Step 328/350 | 03:48:07
[TRAIN] Step 328 | Loss=0.339064 | Best makespan in group=1328.00
[TRAIN] Step 329/350 | 03:49:44
[TRAIN] Step 329 | Loss=0.000044 | Best makespan in group=1888.00
[TRAIN] Step 330/350 | 03:51:40
[TRAIN] Step 330 | Loss=3.183562 | Best makespan in group=1192.00
[TRAIN] Step 331/350 | 03:53:41
[TRAIN] Step 331 | Loss=0.001130 | Best makespan in group=2394.00
[TRAIN] Step 332/350 | 03:55:21
[TRAIN] Step 332 | Loss=1.925824 | Best makespan in group=1654.00
[TRAIN] Step 333/350 | 03:56:56
[TRAIN] Step 333 | Loss=0.008195 | Best makespan in group=1656.00
[TRAIN] Step 334/350 | 03:58:25
[TRAIN] Step 334 | Loss=0.000200 | Best makespan in group=1772.00
[TRAIN] Step 335/350 | 03:59:55
[TRAIN] Step 335 | Loss=5.308694 | Best makespan in group=1620.00
[TRAIN] Step 336/350 | 04:01:32
[TRAIN] Step 336 | Loss=1.440450 | Best makespan in group=1726.00
[TRAIN] Step 337/350 | 04:02:46
[TRAIN] Step 337 | Loss=0.041128 | Best makespan in group=1278.00
[TRAIN] Step 338/350 | 04:04:01
[TRAIN] Step 338 | Loss=0.085051 | Best makespan in group=1544.00
[TRAIN] Step 339/350 | 04:05:57
[TRAIN] Step 339 | Loss=0.013645 | Best makespan in group=1825.00
[TRAIN] Step 340/350 | 04:07:29
[TRAIN] Step 340 | Loss=0.311162 | Best makespan in group=2376.00
[TRAIN][VAL][ep 340] avg_gap=0.1321 | std_gap=0.1308 | q80_gap=0.2237 | n=20
[TRAIN][VAL][ep 340] blocked_events=493 | swaps=33 in 11 instance(s)
[TRAIN] Step 341/350 | 04:10:19
[TRAIN] Step 341 | Loss=0.008177 | Best makespan in group=1160.00
[TRAIN] Step 342/350 | 04:11:35
[TRAIN] Step 342 | Loss=0.076761 | Best makespan in group=3028.00
[TRAIN] Step 343/350 | 04:13:31
[TRAIN] Step 343 | Loss=0.011898 | Best makespan in group=2390.00
[TRAIN] Step 344/350 | 04:14:54
[TRAIN] Step 344 | Loss=5.853854 | Best makespan in group=2230.00
[TRAIN] Step 345/350 | 04:16:51
[TRAIN] Step 345 | Loss=0.000596 | Best makespan in group=1212.00
[TRAIN] Step 346/350 | 04:18:29
[TRAIN] Step 346 | Loss=0.018970 | Best makespan in group=2004.00
[TRAIN] Step 347/350 | 04:20:06
[TRAIN] Step 347 | Loss=0.056114 | Best makespan in group=1582.00
[TRAIN] Step 348/350 | 04:21:27
[TRAIN] Step 348 | Loss=0.035035 | Best makespan in group=2304.00
[TRAIN] Step 349/350 | 04:23:02
[TRAIN] Step 349 | Loss=1.565264 | Best makespan in group=729.00
[TRAIN] Step 350/350 | 04:24:21
[TRAIN] Step 350 | Loss=0.946578 | Best makespan in group=1659.00
[TRAIN][VAL][ep 350] avg_gap=0.1351 | std_gap=0.1266 | q80_gap=0.1989 | n=20
[TRAIN][VAL][ep 350] blocked_events=494 | swaps=33 in 12 instance(s)
[TRAIN] Evaluating best checkpoint (candidate_models\blocking\625187972740958.pth) on the held-out test split...
[TRAIN][TEST] avg_gap=0.1265 | std_gap=0.0930 | q80_gap=0.2035 | n=20
[TRAIN][TEST] blocked_events=403 | swaps=22 in 10 instance(s)
[TRAIN][04:28:27] Training ended. Validation history and plots updated.
[MAIN] Run finished at 2026-10-04 04:28:27
============================================================
=== [A] exit code 0 | 2026-10-04 04:28:29 ===
=== [A] TRAIN blk350_gat_L2_selk1_mask1_edges_sum_incgreedy_ojmd_s42 | 2026-10-04 04:28:29 ===
C:\Users\maria\Desktop\dissertation-bopo_introduction\.venv\Lib\site-packages\torch\jit\_script.py:1491: FutureWarning: `torch.jit.script` is deprecated. Please switch to `torch.compile` or `torch.export`.
  warnings.warn(
============================================================
[MAIN] Run started at 2026-10-04 04:28:46
[MAIN] mode=train
[MAIN] run_name=blk350_gat_L2_selk1_mask1_edges_sum_incgreedy_ojmd
[MAIN] representation(s)=['ojmd']
[MAIN] gnn_type=gat
[MAIN] overrides={'mask_option': 1, 'sel_k': 1, 'num_layers': 2, 'logp_norm': 'sum', 'exclude_greedy_from_loss': False, 'jm_design': 'edges'}
============================================================
[MAIN] Training representation=ojmd | seed=42 | run_name=blk350_gat_L2_selk1_mask1_edges_sum_incgreedy_ojmd_s42 | gnn_type=gat | overrides={'mask_option': 1, 'sel_k': 1, 'num_layers': 2, 'logp_norm': 'sum', 'exclude_greedy_from_loss': False, 'jm_design': 'edges'}
============================================================
[TRAIN] Training started at: 2026-10-04 04:28:46
[TRAIN] Hyperparams | max_steps=350 | new_freq=500
[TRAIN]             | n_cases=100 | B=64 | K=16 | use_greedy=True | lr=0.0005 (decaying to 1.00e-04)
[TRAIN]             | warm_start_steps=200 | checkpoint_smooth_window=3 | seed=42
[TRAIN]             | hidden_channels=128 | num_layers=2 | heads=3
[TRAIN]             | logp_norm=sum | exclude_greedy_from_loss=False
[TRAIN] Representation | ojmd | GNN | gat | jm_design | edges
[TRAIN] Problem size | jobs=[8,10] | machines=[5,10] | ops_per_job=[5,6] | max_proc=100
============================================================
[TRAIN] Output run folder: results\blocking\blk350_gat_L2_selk1_mask1_edges_sum_incgreedy_ojmd_s42
[TRAIN] Validation config | every=20 steps | instances=20 (representative subset)
[TRAIN] Blocking setting | buffers in=2 out=1 | instances={'range_jobs': (12, 15), 'range_machines': (4, 6), 'range_op_per_job': (5, 6), 'max_processing': 100, 'mas_per_ope_max': 3, 'n_bottlenecks': 1, 'bottleneck_prob': 0.7, 'bottleneck_factor': 2.0}
[TRAIN] Warm-start (behavior cloning vs. dispatch heuristic) | 200 step(s)...
[TRAIN][WARMSTART] step 10/200 | instance=74 | bc_loss=1.3968 | decisions=26
[TRAIN][WARMSTART] step 20/200 | instance=80 | bc_loss=1.5202 | decisions=34
[TRAIN][WARMSTART] step 30/200 | instance=76 | bc_loss=1.3133 | decisions=34
[TRAIN][WARMSTART] step 40/200 | instance=83 | bc_loss=1.3599 | decisions=41
[TRAIN][WARMSTART] step 50/200 | instance=68 | bc_loss=1.3492 | decisions=31
[TRAIN][WARMSTART] step 60/200 | instance=41 | bc_loss=1.5563 | decisions=36
[TRAIN][WARMSTART] step 70/200 | instance=15 | bc_loss=0.9855 | decisions=33
[TRAIN][WARMSTART] step 80/200 | instance=72 | bc_loss=1.5230 | decisions=38
[TRAIN][WARMSTART] step 90/200 | instance=27 | bc_loss=0.9395 | decisions=35
[TRAIN][WARMSTART] step 100/200 | instance=53 | bc_loss=0.7237 | decisions=26
[TRAIN][WARMSTART] step 110/200 | instance=28 | bc_loss=1.1431 | decisions=36
[TRAIN][WARMSTART] step 120/200 | instance=9 | bc_loss=0.8652 | decisions=35
[TRAIN][WARMSTART] step 130/200 | instance=21 | bc_loss=1.0540 | decisions=49
[TRAIN][WARMSTART] step 140/200 | instance=13 | bc_loss=0.9602 | decisions=36
[TRAIN][WARMSTART] step 150/200 | instance=56 | bc_loss=0.7821 | decisions=32
[TRAIN][WARMSTART] step 160/200 | instance=72 | bc_loss=1.4003 | decisions=38
[TRAIN][WARMSTART] step 170/200 | instance=43 | bc_loss=1.1147 | decisions=29
[TRAIN][WARMSTART] step 180/200 | instance=62 | bc_loss=1.0250 | decisions=36
[TRAIN][WARMSTART] step 190/200 | instance=40 | bc_loss=1.0505 | decisions=31
[TRAIN][WARMSTART] step 200/200 | instance=19 | bc_loss=0.7811 | decisions=31
[TRAIN] Warm-start complete, switching to BOPO preference optimization.
------------------------------------------------------------
[TRAIN] BOPO agent ready. Starting training loop for 350 step(s)...
------------------------------------------------------------
[TRAIN] Step 1/350 | 04:43:42
[TRAIN] Step 1 | Loss=5.117442 | Best makespan in group=1482.00
[TRAIN] Step 2/350 | 04:45:14
[TRAIN] Step 2 | Loss=0.015247 | Best makespan in group=1660.00
[TRAIN] Step 3/350 | 04:46:45
[TRAIN] Step 3 | Loss=1.132311 | Best makespan in group=2390.00
[TRAIN] Step 4/350 | 04:48:15
[TRAIN] Step 4 | Loss=1.145244 | Best makespan in group=1460.00
[TRAIN] Step 5/350 | 04:50:06
[TRAIN] Step 5 | Loss=0.041770 | Best makespan in group=2070.00
[TRAIN] Step 6/350 | 04:51:44
[TRAIN] Step 6 | Loss=1.374946 | Best makespan in group=3164.00
[TRAIN] Step 7/350 | 04:54:02
[TRAIN] Step 7 | Loss=1.973759 | Best makespan in group=1071.00
[TRAIN] Step 8/350 | 04:55:37
[TRAIN] Step 8 | Loss=0.897833 | Best makespan in group=2450.00
[TRAIN] Step 9/350 | 04:57:16
[TRAIN] Step 9 | Loss=7.516377 | Best makespan in group=2205.00
[TRAIN] Step 10/350 | 04:59:28
[TRAIN] Step 10 | Loss=1.379091 | Best makespan in group=2371.00
[TRAIN] Step 11/350 | 05:01:25
[TRAIN] Step 11 | Loss=0.000493 | Best makespan in group=1656.00
[TRAIN] Step 12/350 | 05:03:00
[TRAIN] Step 12 | Loss=3.465562 | Best makespan in group=1519.00
[TRAIN] Step 13/350 | 05:04:26
[TRAIN] Step 13 | Loss=0.291769 | Best makespan in group=1756.00
[TRAIN] Step 14/350 | 05:05:49
[TRAIN] Step 14 | Loss=4.974296 | Best makespan in group=1888.00
[TRAIN] Step 15/350 | 05:07:52
[TRAIN] Step 15 | Loss=1.810272 | Best makespan in group=2278.00
[TRAIN] Step 16/350 | 05:09:45
[TRAIN] Step 16 | Loss=0.916102 | Best makespan in group=1984.00
[TRAIN] Step 17/350 | 05:11:31
[TRAIN] Step 17 | Loss=0.780687 | Best makespan in group=1968.00
[TRAIN] Step 18/350 | 05:13:25
[TRAIN] Step 18 | Loss=7.121983 | Best makespan in group=2004.00
[TRAIN] Step 19/350 | 05:15:03
[TRAIN] Step 19 | Loss=5.197428 | Best makespan in group=1776.00
[TRAIN] Step 20/350 | 05:16:19
[TRAIN] Step 20 | Loss=5.445719 | Best makespan in group=2191.00
[TRAIN][VAL][ep 20] avg_gap=0.1760 | std_gap=0.1490 | q80_gap=0.2964 | n=20
[TRAIN][VAL][ep 20] blocked_events=385 | swaps=36 in 13 instance(s)
[TRAIN] Validation improved | smoothed_avg_gap=0.1760 (raw=0.1760) | saving candidate: 675717399457937.pth
[TRAIN] Step 21/350 | 05:18:51
[TRAIN] Step 21 | Loss=1.847966 | Best makespan in group=1120.00
[TRAIN] Step 22/350 | 05:20:09
[TRAIN] Step 22 | Loss=0.854778 | Best makespan in group=2454.00
[TRAIN] Step 23/350 | 05:22:02
[TRAIN] Step 23 | Loss=1.363408 | Best makespan in group=1582.00
[TRAIN] Step 24/350 | 05:23:22
[TRAIN] Step 24 | Loss=0.229633 | Best makespan in group=2048.00
[TRAIN] Step 25/350 | 05:25:07
[TRAIN] Step 25 | Loss=11.926536 | Best makespan in group=1991.00
[TRAIN] Step 26/350 | 05:26:52
[TRAIN] Step 26 | Loss=0.039840 | Best makespan in group=1161.00
[TRAIN] Step 27/350 | 05:28:23
[TRAIN] Step 27 | Loss=9.668353 | Best makespan in group=2008.00
[TRAIN] Step 28/350 | 05:30:05
[TRAIN] Step 28 | Loss=1.273519 | Best makespan in group=1776.00
[TRAIN] Step 29/350 | 05:32:01
[TRAIN] Step 29 | Loss=2.230006 | Best makespan in group=1814.00
[TRAIN] Step 30/350 | 05:33:27
[TRAIN] Step 30 | Loss=5.428711 | Best makespan in group=1966.00
[TRAIN] Step 31/350 | 05:35:21
[TRAIN] Step 31 | Loss=0.662435 | Best makespan in group=2394.00
[TRAIN] Step 32/350 | 05:37:00
[TRAIN] Step 32 | Loss=3.539240 | Best makespan in group=1212.00
[TRAIN] Step 33/350 | 05:38:31
[TRAIN] Step 33 | Loss=2.772896 | Best makespan in group=1932.00
[TRAIN] Step 34/350 | 05:39:47
[TRAIN] Step 34 | Loss=0.020029 | Best makespan in group=1160.00
[TRAIN] Step 35/350 | 05:41:00
[TRAIN] Step 35 | Loss=11.078737 | Best makespan in group=2231.00
[TRAIN] Step 36/350 | 05:43:02
[TRAIN] Step 36 | Loss=3.445446 | Best makespan in group=1218.00
[TRAIN] Step 37/350 | 05:45:01
[TRAIN] Step 37 | Loss=7.391737 | Best makespan in group=1869.00
[TRAIN] Step 38/350 | 05:46:53
[TRAIN] Step 38 | Loss=0.650052 | Best makespan in group=2006.00
[TRAIN] Step 39/350 | 05:48:28
[TRAIN] Step 39 | Loss=5.246597 | Best makespan in group=2579.00
[TRAIN] Step 40/350 | 05:50:16
[TRAIN] Step 40 | Loss=3.237133 | Best makespan in group=2376.00
[TRAIN][VAL][ep 40] avg_gap=0.1884 | std_gap=0.1645 | q80_gap=0.2935 | n=20
[TRAIN][VAL][ep 40] blocked_events=573 | swaps=64 in 15 instance(s)
[TRAIN] Step 41/350 | 05:53:08
[TRAIN] Step 41 | Loss=7.367705 | Best makespan in group=2394.00
[TRAIN] Step 42/350 | 05:54:38
[TRAIN] Step 42 | Loss=0.844273 | Best makespan in group=1900.00
[TRAIN] Step 43/350 | 05:56:10
[TRAIN] Step 43 | Loss=0.145734 | Best makespan in group=1142.00
[TRAIN] Step 44/350 | 05:57:36
[TRAIN] Step 44 | Loss=0.382982 | Best makespan in group=1670.00
[TRAIN] Step 45/350 | 05:58:49
[TRAIN] Step 45 | Loss=0.259987 | Best makespan in group=1892.00
[TRAIN] Step 46/350 | 06:00:18
[TRAIN] Step 46 | Loss=0.872387 | Best makespan in group=1758.00
[TRAIN] Step 47/350 | 06:01:37
[TRAIN] Step 47 | Loss=10.552441 | Best makespan in group=2166.00
[TRAIN] Step 48/350 | 06:03:44
[TRAIN] Step 48 | Loss=3.452574 | Best makespan in group=2010.00
[TRAIN] Step 49/350 | 06:05:12
[TRAIN] Step 49 | Loss=1.639462 | Best makespan in group=1612.00
[TRAIN] Step 50/350 | 06:06:44
[TRAIN] Step 50 | Loss=2.940043 | Best makespan in group=2092.00
[TRAIN] Step 51/350 | 06:08:22
[TRAIN] Step 51 | Loss=0.830017 | Best makespan in group=2276.00
[TRAIN] Step 52/350 | 06:10:10
[TRAIN] Step 52 | Loss=11.707605 | Best makespan in group=1490.00
[TRAIN] Step 53/350 | 06:11:52
[TRAIN] Step 53 | Loss=5.675291 | Best makespan in group=1722.00
[TRAIN] Step 54/350 | 06:13:53
[TRAIN] Step 54 | Loss=3.125767 | Best makespan in group=2202.00
[TRAIN] Step 55/350 | 06:15:58
[TRAIN] Step 55 | Loss=7.789595 | Best makespan in group=2164.00
[TRAIN] Step 56/350 | 06:17:39
[TRAIN] Step 56 | Loss=2.019530 | Best makespan in group=2092.00
[TRAIN] Step 57/350 | 06:19:17
[TRAIN] Step 57 | Loss=2.812219 | Best makespan in group=1792.00
[TRAIN] Step 58/350 | 06:20:38
[TRAIN] Step 58 | Loss=2.849677 | Best makespan in group=2690.00
[TRAIN] Step 59/350 | 06:22:06
[TRAIN] Step 59 | Loss=3.000165 | Best makespan in group=1958.00
[TRAIN] Step 60/350 | 06:23:54
[TRAIN] Step 60 | Loss=6.156716 | Best makespan in group=1786.00
[TRAIN][VAL][ep 60] avg_gap=0.1188 | std_gap=0.1072 | q80_gap=0.1754 | n=20
[TRAIN][VAL][ep 60] blocked_events=548 | swaps=41 in 11 instance(s)
[TRAIN] Validation improved | smoothed_avg_gap=0.1611 (raw=0.1188) | saving candidate: 566146347161477.pth
[TRAIN] Step 61/350 | 06:26:29
[TRAIN] Step 61 | Loss=0.026094 | Best makespan in group=1452.00
[TRAIN] Step 62/350 | 06:28:00
[TRAIN] Step 62 | Loss=0.349998 | Best makespan in group=1620.00
[TRAIN] Step 63/350 | 06:29:45
[TRAIN] Step 63 | Loss=4.714777 | Best makespan in group=1536.00
[TRAIN] Step 64/350 | 06:31:37
[TRAIN] Step 64 | Loss=11.654800 | Best makespan in group=1948.00
[TRAIN] Step 65/350 | 06:33:11
[TRAIN] Step 65 | Loss=0.704112 | Best makespan in group=1364.00
[TRAIN] Step 66/350 | 06:34:33
[TRAIN] Step 66 | Loss=1.630736 | Best makespan in group=2478.00
[TRAIN] Step 67/350 | 06:36:25
[TRAIN] Step 67 | Loss=4.807580 | Best makespan in group=1550.00
[TRAIN] Step 68/350 | 06:38:01
[TRAIN] Step 68 | Loss=0.551631 | Best makespan in group=1754.00
[TRAIN] Step 69/350 | 06:39:30
[TRAIN] Step 69 | Loss=7.094732 | Best makespan in group=2495.00
[TRAIN] Step 70/350 | 06:41:08
[TRAIN] Step 70 | Loss=2.389490 | Best makespan in group=1824.00
[TRAIN] Step 71/350 | 06:42:43
[TRAIN] Step 71 | Loss=0.245234 | Best makespan in group=1830.00
[TRAIN] Step 72/350 | 06:44:03
[TRAIN] Step 72 | Loss=1.346030 | Best makespan in group=2180.00
[TRAIN] Step 73/350 | 06:45:47
[TRAIN] Step 73 | Loss=7.337926 | Best makespan in group=1885.00
[TRAIN] Step 74/350 | 06:47:02
[TRAIN] Step 74 | Loss=0.726816 | Best makespan in group=2278.00
[TRAIN] Step 75/350 | 06:48:32
[TRAIN] Step 75 | Loss=1.718458 | Best makespan in group=1844.00
[TRAIN] Step 76/350 | 06:50:26
[TRAIN] Step 76 | Loss=0.056226 | Best makespan in group=1142.00
[TRAIN] Step 77/350 | 06:51:50
[TRAIN] Step 77 | Loss=0.174096 | Best makespan in group=2678.00
[TRAIN] Step 78/350 | 06:53:19
[TRAIN] Step 78 | Loss=5.924999 | Best makespan in group=2674.00
[TRAIN] Step 79/350 | 06:54:54
[TRAIN] Step 79 | Loss=5.588217 | Best makespan in group=1786.00
[TRAIN] Step 80/350 | 06:56:50
[TRAIN] Step 80 | Loss=0.869711 | Best makespan in group=1783.00
[TRAIN][VAL][ep 80] avg_gap=0.1265 | std_gap=0.1326 | q80_gap=0.2387 | n=20
[TRAIN][VAL][ep 80] blocked_events=555 | swaps=44 in 13 instance(s)
[TRAIN] Validation improved | smoothed_avg_gap=0.1446 (raw=0.1265) | saving candidate: 756111439325725.pth
[TRAIN] Step 81/350 | 06:59:11
[TRAIN] Step 81 | Loss=4.141373 | Best makespan in group=2130.00
[TRAIN] Step 82/350 | 07:00:41
[TRAIN] Step 82 | Loss=4.389911 | Best makespan in group=1544.00
[TRAIN] Step 83/350 | 07:02:41
[TRAIN] Step 83 | Loss=0.322429 | Best makespan in group=3028.00
[TRAIN] Step 84/350 | 07:04:38
[TRAIN] Step 84 | Loss=1.048441 | Best makespan in group=1329.00
[TRAIN] Step 85/350 | 07:06:20
[TRAIN] Step 85 | Loss=0.015005 | Best makespan in group=2678.00
[TRAIN] Step 86/350 | 07:07:47
[TRAIN] Step 86 | Loss=0.743143 | Best makespan in group=1734.00
[TRAIN] Step 87/350 | 07:09:29
[TRAIN] Step 87 | Loss=7.268092 | Best makespan in group=2304.00
[TRAIN] Step 88/350 | 07:11:03
[TRAIN] Step 88 | Loss=0.734729 | Best makespan in group=1520.00
[TRAIN] Step 89/350 | 07:12:28
[TRAIN] Step 89 | Loss=0.559081 | Best makespan in group=1558.00
[TRAIN] Step 90/350 | 07:13:44
[TRAIN] Step 90 | Loss=15.485759 | Best makespan in group=1982.00
[TRAIN] Step 91/350 | 07:15:48
[TRAIN] Step 91 | Loss=9.808879 | Best makespan in group=2150.00
[TRAIN] Step 92/350 | 07:17:32
[TRAIN] Step 92 | Loss=5.251372 | Best makespan in group=1274.00
[TRAIN] Step 93/350 | 07:18:52
[TRAIN] Step 93 | Loss=0.001699 | Best makespan in group=1289.00
[TRAIN] Step 94/350 | 07:20:45
[TRAIN] Step 94 | Loss=1.669948 | Best makespan in group=1334.00
[TRAIN] Step 95/350 | 07:21:56
[TRAIN] Step 95 | Loss=0.105435 | Best makespan in group=1772.00
[TRAIN] Step 96/350 | 07:23:28
[TRAIN] Step 96 | Loss=0.062819 | Best makespan in group=1212.00
[TRAIN] Step 97/350 | 07:25:04
[TRAIN] Step 97 | Loss=2.761285 | Best makespan in group=2134.00
[TRAIN] Step 98/350 | 07:26:34
[TRAIN] Step 98 | Loss=4.914071 | Best makespan in group=707.00
[TRAIN] Step 99/350 | 07:27:52
[TRAIN] Step 99 | Loss=0.274136 | Best makespan in group=1520.00
[TRAIN] Step 100/350 | 07:29:23
[TRAIN] Step 100 | Loss=0.420807 | Best makespan in group=2034.00
[TRAIN][VAL][ep 100] avg_gap=0.1112 | std_gap=0.1046 | q80_gap=0.1829 | n=20
[TRAIN][VAL][ep 100] blocked_events=578 | swaps=36 in 13 instance(s)
[TRAIN] Validation improved | smoothed_avg_gap=0.1188 (raw=0.1112) | saving candidate: 514451830835292.pth
[TRAIN] Step 101/350 | 07:31:39
[TRAIN] Step 101 | Loss=6.314277 | Best makespan in group=1786.00
[TRAIN] Step 102/350 | 07:32:59
[TRAIN] Step 102 | Loss=0.681442 | Best makespan in group=1622.00
[TRAIN] Step 103/350 | 07:34:39
[TRAIN] Step 103 | Loss=0.107379 | Best makespan in group=1754.00
[TRAIN] Step 104/350 | 07:36:07
[TRAIN] Step 104 | Loss=0.300340 | Best makespan in group=1558.00
[TRAIN] Step 105/350 | 07:37:46
[TRAIN] Step 105 | Loss=0.673647 | Best makespan in group=1188.00
[TRAIN] Step 106/350 | 07:39:48
[TRAIN] Step 106 | Loss=0.543370 | Best makespan in group=2102.00
[TRAIN] Step 107/350 | 07:41:18
[TRAIN] Step 107 | Loss=13.172307 | Best makespan in group=2690.00
[TRAIN] Step 108/350 | 07:42:48
[TRAIN] Step 108 | Loss=0.000844 | Best makespan in group=1212.00
[TRAIN] Step 109/350 | 07:44:28
[TRAIN] Step 109 | Loss=1.093355 | Best makespan in group=729.00
[TRAIN] Step 110/350 | 07:45:45
[TRAIN] Step 110 | Loss=0.509381 | Best makespan in group=1520.00
[TRAIN] Step 111/350 | 07:47:13
[TRAIN] Step 111 | Loss=0.840398 | Best makespan in group=2678.00
[TRAIN] Step 112/350 | 07:48:34
[TRAIN] Step 112 | Loss=1.991780 | Best makespan in group=2261.00
[TRAIN] Step 113/350 | 07:50:36
[TRAIN] Step 113 | Loss=0.012729 | Best makespan in group=1160.00
[TRAIN] Step 114/350 | 07:51:51
[TRAIN] Step 114 | Loss=0.779510 | Best makespan in group=1536.00
[TRAIN] Step 115/350 | 07:53:42
[TRAIN] Step 115 | Loss=8.313937 | Best makespan in group=1892.00
[TRAIN] Step 116/350 | 07:55:09
[TRAIN] Step 116 | Loss=3.036364 | Best makespan in group=2272.00
[TRAIN] Step 117/350 | 07:57:02
[TRAIN] Step 117 | Loss=3.326838 | Best makespan in group=2180.00
[TRAIN] Step 118/350 | 07:58:36
[TRAIN] Step 118 | Loss=0.931130 | Best makespan in group=2150.00
[TRAIN] Step 119/350 | 08:00:21
[TRAIN] Step 119 | Loss=6.123240 | Best makespan in group=1440.00
[TRAIN] Step 120/350 | 08:01:42
[TRAIN] Step 120 | Loss=2.019998 | Best makespan in group=1152.00
[TRAIN][VAL][ep 120] avg_gap=0.1352 | std_gap=0.1194 | q80_gap=0.1833 | n=20
[TRAIN][VAL][ep 120] blocked_events=571 | swaps=49 in 13 instance(s)
[TRAIN] Step 121/350 | 08:03:59
[TRAIN] Step 121 | Loss=1.218536 | Best makespan in group=1814.00
[TRAIN] Step 122/350 | 08:05:27
[TRAIN] Step 122 | Loss=8.673859 | Best makespan in group=1947.00
[TRAIN] Step 123/350 | 08:07:37
[TRAIN] Step 123 | Loss=0.205362 | Best makespan in group=2006.00
[TRAIN] Step 124/350 | 08:09:07
[TRAIN] Step 124 | Loss=3.542316 | Best makespan in group=1783.00
[TRAIN] Step 125/350 | 08:10:31
[TRAIN] Step 125 | Loss=3.350316 | Best makespan in group=2674.00
[TRAIN] Step 126/350 | 08:12:07
[TRAIN] Step 126 | Loss=0.278673 | Best makespan in group=1334.00
[TRAIN] Step 127/350 | 08:13:21
[TRAIN] Step 127 | Loss=3.688233 | Best makespan in group=1544.00
[TRAIN] Step 128/350 | 08:15:20
[TRAIN] Step 128 | Loss=0.023565 | Best makespan in group=1758.00
[TRAIN] Step 129/350 | 08:16:37
[TRAIN] Step 129 | Loss=1.376466 | Best makespan in group=1306.00
[TRAIN] Step 130/350 | 08:17:56
[TRAIN] Step 130 | Loss=7.945137 | Best makespan in group=2094.00
[TRAIN] Step 131/350 | 08:19:37
[TRAIN] Step 131 | Loss=3.445044 | Best makespan in group=1552.00
[TRAIN] Step 132/350 | 08:21:07
[TRAIN] Step 132 | Loss=0.540809 | Best makespan in group=1966.00
[TRAIN] Step 133/350 | 08:23:03
[TRAIN] Step 133 | Loss=3.638220 | Best makespan in group=2330.00
[TRAIN] Step 134/350 | 08:24:58
[TRAIN] Step 134 | Loss=0.858123 | Best makespan in group=1824.00
[TRAIN] Step 135/350 | 08:26:34
[TRAIN] Step 135 | Loss=0.000261 | Best makespan in group=2278.00
[TRAIN] Step 136/350 | 08:28:23
[TRAIN] Step 136 | Loss=0.105244 | Best makespan in group=2376.00
[TRAIN] Step 137/350 | 08:30:23
[TRAIN] Step 137 | Loss=2.236897 | Best makespan in group=2450.00
[TRAIN] Step 138/350 | 08:31:59
[TRAIN] Step 138 | Loss=9.203601 | Best makespan in group=1802.00
[TRAIN] Step 139/350 | 08:33:56
[TRAIN] Step 139 | Loss=2.740424 | Best makespan in group=1734.00
[TRAIN] Step 140/350 | 08:35:31
[TRAIN] Step 140 | Loss=1.173116 | Best makespan in group=2678.00
[TRAIN][VAL][ep 140] avg_gap=0.1269 | std_gap=0.1192 | q80_gap=0.1919 | n=20
[TRAIN][VAL][ep 140] blocked_events=557 | swaps=43 in 10 instance(s)
[TRAIN] Step 141/350 | 08:37:59
[TRAIN] Step 141 | Loss=0.132225 | Best makespan in group=1792.00
[TRAIN] Step 142/350 | 08:39:18
[TRAIN] Step 142 | Loss=12.532717 | Best makespan in group=2394.00
[TRAIN] Step 143/350 | 08:40:49
[TRAIN] Step 143 | Loss=2.878084 | Best makespan in group=2134.00
[TRAIN] Step 144/350 | 08:42:22
[TRAIN] Step 144 | Loss=2.305256 | Best makespan in group=1772.00
[TRAIN] Step 145/350 | 08:43:54
[TRAIN] Step 145 | Loss=0.037607 | Best makespan in group=1900.00
[TRAIN] Step 146/350 | 08:45:26
[TRAIN] Step 146 | Loss=1.038303 | Best makespan in group=2034.00
[TRAIN] Step 147/350 | 08:46:54
[TRAIN] Step 147 | Loss=0.764363 | Best makespan in group=2390.00
[TRAIN] Step 148/350 | 08:48:22
[TRAIN] Step 148 | Loss=4.610028 | Best makespan in group=2092.00
[TRAIN] Step 149/350 | 08:50:00
[TRAIN] Step 149 | Loss=0.432632 | Best makespan in group=2480.00
[TRAIN] Step 150/350 | 08:51:41
[TRAIN] Step 150 | Loss=3.176748 | Best makespan in group=1756.00
[TRAIN] Step 151/350 | 08:53:07
[TRAIN] Step 151 | Loss=0.008879 | Best makespan in group=1560.00
[TRAIN] Step 152/350 | 08:54:42
[TRAIN] Step 152 | Loss=2.075069 | Best makespan in group=2394.00
[TRAIN] Step 153/350 | 08:56:27
[TRAIN] Step 153 | Loss=13.686015 | Best makespan in group=1213.00
[TRAIN] Step 154/350 | 08:58:02
[TRAIN] Step 154 | Loss=0.499806 | Best makespan in group=1520.00
[TRAIN] Step 155/350 | 08:59:28
[TRAIN] Step 155 | Loss=0.001520 | Best makespan in group=1830.00
[TRAIN] Step 156/350 | 09:00:51
[TRAIN] Step 156 | Loss=6.353254 | Best makespan in group=1768.00
[TRAIN] Step 157/350 | 09:02:10
[TRAIN] Step 157 | Loss=1.108467 | Best makespan in group=2036.00
[TRAIN] Step 158/350 | 09:03:43
[TRAIN] Step 158 | Loss=0.055060 | Best makespan in group=1326.00
[TRAIN] Step 159/350 | 09:05:24
[TRAIN] Step 159 | Loss=0.498194 | Best makespan in group=1786.00
[TRAIN] Step 160/350 | 09:07:11
[TRAIN] Step 160 | Loss=0.017238 | Best makespan in group=1095.00
[TRAIN][VAL][ep 160] avg_gap=0.1476 | std_gap=0.1252 | q80_gap=0.2441 | n=20
[TRAIN][VAL][ep 160] blocked_events=569 | swaps=50 in 12 instance(s)
[TRAIN] Step 161/350 | 09:09:48
[TRAIN] Step 161 | Loss=8.686576 | Best makespan in group=2068.00
[TRAIN] Step 162/350 | 09:11:38
[TRAIN] Step 162 | Loss=0.157684 | Best makespan in group=2290.00
[TRAIN] Step 163/350 | 09:13:28
[TRAIN] Step 163 | Loss=7.534861 | Best makespan in group=1958.00
[TRAIN] Step 164/350 | 09:15:25
[TRAIN] Step 164 | Loss=4.032596 | Best makespan in group=2083.00
[TRAIN] Step 165/350 | 09:17:28
[TRAIN] Step 165 | Loss=0.001755 | Best makespan in group=1670.00
[TRAIN] Step 166/350 | 09:18:43
[TRAIN] Step 166 | Loss=0.990142 | Best makespan in group=1882.00
[TRAIN] Step 167/350 | 09:20:01
[TRAIN] Step 167 | Loss=0.000102 | Best makespan in group=1889.00
[TRAIN] Step 168/350 | 09:21:28
[TRAIN] Step 168 | Loss=13.196382 | Best makespan in group=2456.00
[TRAIN] Step 169/350 | 09:23:27
[TRAIN] Step 169 | Loss=1.949870 | Best makespan in group=2048.00
[TRAIN] Step 170/350 | 09:25:15
[TRAIN] Step 170 | Loss=0.000665 | Best makespan in group=1656.00
[TRAIN] Step 171/350 | 09:26:50
[TRAIN] Step 171 | Loss=3.073168 | Best makespan in group=2162.00
[TRAIN] Step 172/350 | 09:28:31
[TRAIN] Step 172 | Loss=6.929381 | Best makespan in group=2529.00
[TRAIN] Step 173/350 | 09:30:34
[TRAIN] Step 173 | Loss=1.839032 | Best makespan in group=1752.00
[TRAIN] Step 174/350 | 09:32:33
[TRAIN] Step 174 | Loss=2.127192 | Best makespan in group=2080.00
[TRAIN] Step 175/350 | 09:34:40
[TRAIN] Step 175 | Loss=0.038412 | Best makespan in group=1960.00
[TRAIN] Step 176/350 | 09:36:16
[TRAIN] Step 176 | Loss=0.978035 | Best makespan in group=1558.00
[TRAIN] Step 177/350 | 09:37:32
[TRAIN] Step 177 | Loss=1.660728 | Best makespan in group=1874.00
[TRAIN] Step 178/350 | 09:39:16
[TRAIN] Step 178 | Loss=6.064873 | Best makespan in group=2304.00
[TRAIN] Step 179/350 | 09:40:48
[TRAIN] Step 179 | Loss=2.421519 | Best makespan in group=1499.00
[TRAIN] Step 180/350 | 09:42:29
[TRAIN] Step 180 | Loss=2.180279 | Best makespan in group=1651.00
[TRAIN][VAL][ep 180] avg_gap=0.1195 | std_gap=0.1108 | q80_gap=0.1919 | n=20
[TRAIN][VAL][ep 180] blocked_events=559 | swaps=43 in 11 instance(s)
[TRAIN] Step 181/350 | 09:45:16
[TRAIN] Step 181 | Loss=2.251791 | Best makespan in group=1364.00
[TRAIN] Step 182/350 | 09:46:36
[TRAIN] Step 182 | Loss=0.603537 | Best makespan in group=1582.00
[TRAIN] Step 183/350 | 09:47:57
[TRAIN] Step 183 | Loss=7.180344 | Best makespan in group=3028.00
[TRAIN] Step 184/350 | 09:49:51
[TRAIN] Step 184 | Loss=0.344389 | Best makespan in group=1142.00
[TRAIN] Step 185/350 | 09:51:17
[TRAIN] Step 185 | Loss=5.021790 | Best makespan in group=2010.00
[TRAIN] Step 186/350 | 09:52:47
[TRAIN] Step 186 | Loss=3.287608 | Best makespan in group=3164.00
[TRAIN] Step 187/350 | 09:55:01
[TRAIN] Step 187 | Loss=0.651716 | Best makespan in group=2278.00
[TRAIN] Step 188/350 | 09:56:37
[TRAIN] Step 188 | Loss=0.000414 | Best makespan in group=1452.00
[TRAIN] Step 189/350 | 09:58:12
[TRAIN] Step 189 | Loss=7.622633 | Best makespan in group=1790.00
[TRAIN] Step 190/350 | 10:00:16
[TRAIN] Step 190 | Loss=0.249345 | Best makespan in group=1120.00
[TRAIN] Step 191/350 | 10:01:38
[TRAIN] Step 191 | Loss=0.623538 | Best makespan in group=1446.00
[TRAIN] Step 192/350 | 10:03:13
[TRAIN] Step 192 | Loss=0.969701 | Best makespan in group=1460.00
[TRAIN] Step 193/350 | 10:05:09
[TRAIN] Step 193 | Loss=3.453786 | Best makespan in group=1659.00
[TRAIN] Step 194/350 | 10:07:11
[TRAIN] Step 194 | Loss=0.625068 | Best makespan in group=2092.00
[TRAIN] Step 195/350 | 10:08:50
[TRAIN] Step 195 | Loss=2.163698 | Best makespan in group=1776.00
[TRAIN] Step 196/350 | 10:10:54
[TRAIN] Step 196 | Loss=0.020849 | Best makespan in group=1271.00
[TRAIN] Step 197/350 | 10:12:51
[TRAIN] Step 197 | Loss=8.080404 | Best makespan in group=1959.00
[TRAIN] Step 198/350 | 10:14:54
[TRAIN] Step 198 | Loss=0.000212 | Best makespan in group=1888.00
[TRAIN] Step 199/350 | 10:17:01
[TRAIN] Step 199 | Loss=0.000329 | Best makespan in group=1044.00
[TRAIN] Step 200/350 | 10:18:38
[TRAIN] Step 200 | Loss=1.892603 | Best makespan in group=2008.00
[TRAIN][VAL][ep 200] avg_gap=0.1299 | std_gap=0.1205 | q80_gap=0.2428 | n=20
[TRAIN][VAL][ep 200] blocked_events=549 | swaps=44 in 11 instance(s)
[TRAIN] Step 201/350 | 10:21:15
[TRAIN] Step 201 | Loss=2.048960 | Best makespan in group=1278.00
[TRAIN] Step 202/350 | 10:22:34
[TRAIN] Step 202 | Loss=2.972063 | Best makespan in group=2071.00
[TRAIN] Step 203/350 | 10:24:43
[TRAIN] Step 203 | Loss=1.859148 | Best makespan in group=2690.00
[TRAIN] Step 204/350 | 10:26:14
[TRAIN] Step 204 | Loss=5.490560 | Best makespan in group=2460.00
[TRAIN] Step 205/350 | 10:27:52
[TRAIN] Step 205 | Loss=7.186073 | Best makespan in group=2618.00
[TRAIN] Step 206/350 | 10:29:38
[TRAIN] Step 206 | Loss=0.907501 | Best makespan in group=1212.00
[TRAIN] Step 207/350 | 10:31:18
[TRAIN] Step 207 | Loss=10.138568 | Best makespan in group=2008.00
[TRAIN] Step 208/350 | 10:32:58
[TRAIN] Step 208 | Loss=3.945635 | Best makespan in group=2004.00
[TRAIN] Step 209/350 | 10:34:34
[TRAIN] Step 209 | Loss=0.391155 | Best makespan in group=2134.00
[TRAIN] Step 210/350 | 10:36:13
[TRAIN] Step 210 | Loss=4.049104 | Best makespan in group=1790.00
[TRAIN] Step 211/350 | 10:38:18
[TRAIN] Step 211 | Loss=0.385991 | Best makespan in group=1616.00
[TRAIN] Step 212/350 | 10:40:08
[TRAIN] Step 212 | Loss=0.000074 | Best makespan in group=1560.00
[TRAIN] Step 213/350 | 10:41:45
[TRAIN] Step 213 | Loss=0.007678 | Best makespan in group=1754.00
[TRAIN] Step 214/350 | 10:43:15
[TRAIN] Step 214 | Loss=0.461204 | Best makespan in group=1142.00
[TRAIN] Step 215/350 | 10:44:40
[TRAIN] Step 215 | Loss=2.502335 | Best makespan in group=1536.00
[TRAIN] Step 216/350 | 10:46:32
[TRAIN] Step 216 | Loss=0.379514 | Best makespan in group=2278.00
[TRAIN] Step 217/350 | 10:48:18
[TRAIN] Step 217 | Loss=5.486132 | Best makespan in group=2304.00
[TRAIN] Step 218/350 | 10:49:49
[TRAIN] Step 218 | Loss=3.687137 | Best makespan in group=2394.00
[TRAIN] Step 219/350 | 10:51:18
[TRAIN] Step 219 | Loss=3.101994 | Best makespan in group=1752.00
[TRAIN] Step 220/350 | 10:53:14
[TRAIN] Step 220 | Loss=8.132796 | Best makespan in group=1780.00
[TRAIN][VAL][ep 220] avg_gap=0.1258 | std_gap=0.1139 | q80_gap=0.2369 | n=20
[TRAIN][VAL][ep 220] blocked_events=552 | swaps=43 in 10 instance(s)
[TRAIN] Step 221/350 | 10:55:26
[TRAIN] Step 221 | Loss=4.061451 | Best makespan in group=3164.00
[TRAIN] Step 222/350 | 10:57:31
[TRAIN] Step 222 | Loss=0.000000 | Best makespan in group=1889.00
[TRAIN] Step 223/350 | 10:59:00
[TRAIN] Step 223 | Loss=4.346884 | Best makespan in group=1756.00
[TRAIN] Step 224/350 | 11:00:22
[TRAIN] Step 224 | Loss=0.069423 | Best makespan in group=1656.00
[TRAIN] Step 225/350 | 11:02:02
[TRAIN] Step 225 | Loss=0.437382 | Best makespan in group=2092.00
[TRAIN] Step 226/350 | 11:03:41
[TRAIN] Step 226 | Loss=7.088444 | Best makespan in group=1814.00
[TRAIN] Step 227/350 | 11:05:09
[TRAIN] Step 227 | Loss=10.307057 | Best makespan in group=2198.00
[TRAIN] Step 228/350 | 11:07:15
[TRAIN] Step 228 | Loss=10.904688 | Best makespan in group=1232.00
[TRAIN] Step 229/350 | 11:08:54
[TRAIN] Step 229 | Loss=1.195035 | Best makespan in group=1865.00
[TRAIN] Step 230/350 | 11:10:41
[TRAIN] Step 230 | Loss=0.070398 | Best makespan in group=1544.00
[TRAIN] Step 231/350 | 11:12:40
[TRAIN] Step 231 | Loss=2.386205 | Best makespan in group=1786.00
[TRAIN] Step 232/350 | 11:14:28
[TRAIN] Step 232 | Loss=0.882477 | Best makespan in group=2092.00
[TRAIN] Step 233/350 | 11:16:07
[TRAIN] Step 233 | Loss=0.695904 | Best makespan in group=1334.00
[TRAIN] Step 234/350 | 11:17:23
[TRAIN] Step 234 | Loss=1.222615 | Best makespan in group=2048.00
[TRAIN] Step 235/350 | 11:19:12
[TRAIN] Step 235 | Loss=2.647778 | Best makespan in group=1772.00
[TRAIN] Step 236/350 | 11:20:46
[TRAIN] Step 236 | Loss=2.552949 | Best makespan in group=2678.00
[TRAIN] Step 237/350 | 11:22:07
[TRAIN] Step 237 | Loss=1.987940 | Best makespan in group=1768.00
[TRAIN] Step 238/350 | 11:23:23
[TRAIN] Step 238 | Loss=0.331740 | Best makespan in group=1620.00
[TRAIN] Step 239/350 | 11:25:03
[TRAIN] Step 239 | Loss=0.027528 | Best makespan in group=2006.00
[TRAIN] Step 240/350 | 11:26:35
[TRAIN] Step 240 | Loss=2.109218 | Best makespan in group=1520.00
[TRAIN][VAL][ep 240] avg_gap=0.1257 | std_gap=0.1190 | q80_gap=0.2360 | n=20
[TRAIN][VAL][ep 240] blocked_events=544 | swaps=40 in 10 instance(s)
[TRAIN] Step 241/350 | 11:28:58
[TRAIN] Step 241 | Loss=8.660661 | Best makespan in group=1500.00
[TRAIN] Step 242/350 | 11:30:35
[TRAIN] Step 242 | Loss=5.195169 | Best makespan in group=2102.00
[TRAIN] Step 243/350 | 11:32:05
[TRAIN] Step 243 | Loss=0.505931 | Best makespan in group=1120.00
[TRAIN] Step 244/350 | 11:33:24
[TRAIN] Step 244 | Loss=0.001577 | Best makespan in group=2150.00
[TRAIN] Step 245/350 | 11:35:10
[TRAIN] Step 245 | Loss=7.394302 | Best makespan in group=2462.00
[TRAIN] Step 246/350 | 11:37:04
[TRAIN] Step 246 | Loss=2.401684 | Best makespan in group=1364.00
[TRAIN] Step 247/350 | 11:38:26
[TRAIN] Step 247 | Loss=0.995674 | Best makespan in group=1440.00
[TRAIN] Step 248/350 | 11:39:47
[TRAIN] Step 248 | Loss=1.737324 | Best makespan in group=2084.00
[TRAIN] Step 249/350 | 11:41:26
[TRAIN] Step 249 | Loss=11.217481 | Best makespan in group=1609.00
[TRAIN] Step 250/350 | 11:43:17
[TRAIN] Step 250 | Loss=1.298890 | Best makespan in group=1792.00
[TRAIN] Step 251/350 | 11:44:41
[TRAIN] Step 251 | Loss=3.019042 | Best makespan in group=2450.00
[TRAIN] Step 252/350 | 11:46:14
[TRAIN] Step 252 | Loss=2.928220 | Best makespan in group=2180.00
[TRAIN] Step 253/350 | 11:47:55
[TRAIN] Step 253 | Loss=5.685756 | Best makespan in group=1966.00
[TRAIN] Step 254/350 | 11:49:41
[TRAIN] Step 254 | Loss=0.767141 | Best makespan in group=1582.00
[TRAIN] Step 255/350 | 11:50:58
[TRAIN] Step 255 | Loss=4.274559 | Best makespan in group=2374.00
[TRAIN] Step 256/350 | 11:52:50
[TRAIN] Step 256 | Loss=1.307075 | Best makespan in group=2390.00
[TRAIN] Step 257/350 | 11:54:14
[TRAIN] Step 257 | Loss=11.121749 | Best makespan in group=2355.00
[TRAIN] Step 258/350 | 11:56:10
[TRAIN] Step 258 | Loss=0.223124 | Best makespan in group=1262.00
[TRAIN] Step 259/350 | 11:58:05
[TRAIN] Step 259 | Loss=0.037505 | Best makespan in group=1830.00
[TRAIN] Step 260/350 | 11:59:25
[TRAIN] Step 260 | Loss=0.023614 | Best makespan in group=1966.00
[TRAIN][VAL][ep 260] avg_gap=0.1224 | std_gap=0.1118 | q80_gap=0.2366 | n=20
[TRAIN][VAL][ep 260] blocked_events=538 | swaps=40 in 10 instance(s)
[TRAIN] Step 261/350 | 12:02:07
[TRAIN] Step 261 | Loss=4.868826 | Best makespan in group=1960.00
[TRAIN] Step 262/350 | 12:03:44
[TRAIN] Step 262 | Loss=1.244820 | Best makespan in group=2278.00
[TRAIN] Step 263/350 | 12:05:16
[TRAIN] Step 263 | Loss=2.091630 | Best makespan in group=1520.00
[TRAIN] Step 264/350 | 12:06:38
[TRAIN] Step 264 | Loss=0.015140 | Best makespan in group=1452.00
[TRAIN] Step 265/350 | 12:08:08
[TRAIN] Step 265 | Loss=3.063420 | Best makespan in group=2376.00
[TRAIN] Step 266/350 | 12:10:03
[TRAIN] Step 266 | Loss=0.778074 | Best makespan in group=1734.00
[TRAIN] Step 267/350 | 12:11:36
[TRAIN] Step 267 | Loss=1.303651 | Best makespan in group=1484.00
[TRAIN] Step 268/350 | 12:13:07
[TRAIN] Step 268 | Loss=1.536583 | Best makespan in group=1558.00
[TRAIN] Step 269/350 | 12:14:07
[TRAIN] Step 269 | Loss=4.755363 | Best makespan in group=1446.00
[TRAIN] Step 270/350 | 12:15:21
[TRAIN] Step 270 | Loss=0.053231 | Best makespan in group=1048.00
[TRAIN] Step 271/350 | 12:16:41
[TRAIN] Step 271 | Loss=12.059707 | Best makespan in group=2000.00
[TRAIN] Step 272/350 | 12:18:32
[TRAIN] Step 272 | Loss=2.473583 | Best makespan in group=1122.00
[TRAIN] Step 273/350 | 12:19:46
[TRAIN] Step 273 | Loss=0.105961 | Best makespan in group=1758.00
[TRAIN] Step 274/350 | 12:20:49
[TRAIN] Step 274 | Loss=3.663993 | Best makespan in group=1210.00
[TRAIN] Step 275/350 | 12:22:31
[TRAIN] Step 275 | Loss=0.003212 | Best makespan in group=1250.00
[TRAIN] Step 276/350 | 12:23:53
[TRAIN] Step 276 | Loss=9.402796 | Best makespan in group=1806.00
[TRAIN] Step 277/350 | 12:25:36
[TRAIN] Step 277 | Loss=4.297562 | Best makespan in group=2394.00
[TRAIN] Step 278/350 | 12:26:59
[TRAIN] Step 278 | Loss=3.047251 | Best makespan in group=2678.00
[TRAIN] Step 279/350 | 12:28:19
[TRAIN] Step 279 | Loss=0.406233 | Best makespan in group=1926.00
[TRAIN] Step 280/350 | 12:29:48
[TRAIN] Step 280 | Loss=0.655434 | Best makespan in group=1882.00
[TRAIN][VAL][ep 280] avg_gap=0.1247 | std_gap=0.1202 | q80_gap=0.2360 | n=20
[TRAIN][VAL][ep 280] blocked_events=533 | swaps=40 in 10 instance(s)
[TRAIN] Step 281/350 | 12:31:43
[TRAIN] Step 281 | Loss=0.723171 | Best makespan in group=2276.00
[TRAIN] Step 282/350 | 12:33:13
[TRAIN] Step 282 | Loss=0.032784 | Best makespan in group=1900.00
[TRAIN] Step 283/350 | 12:34:27
[TRAIN] Step 283 | Loss=0.001883 | Best makespan in group=1888.00
[TRAIN] Step 284/350 | 12:36:05
[TRAIN] Step 284 | Loss=1.078712 | Best makespan in group=2456.00
[TRAIN] Step 285/350 | 12:37:44
[TRAIN] Step 285 | Loss=1.240929 | Best makespan in group=2034.00
[TRAIN] Step 286/350 | 12:38:56
[TRAIN] Step 286 | Loss=2.574985 | Best makespan in group=2162.00
[TRAIN] Step 287/350 | 12:40:18
[TRAIN] Step 287 | Loss=0.038474 | Best makespan in group=1670.00
[TRAIN] Step 288/350 | 12:41:19
[TRAIN] Step 288 | Loss=0.253879 | Best makespan in group=1824.00
[TRAIN] Step 289/350 | 12:42:40
[TRAIN] Step 289 | Loss=0.004439 | Best makespan in group=1160.00
[TRAIN] Step 290/350 | 12:44:00
[TRAIN] Step 290 | Loss=0.253621 | Best makespan in group=729.00
[TRAIN] Step 291/350 | 12:45:05
[TRAIN] Step 291 | Loss=0.252117 | Best makespan in group=1776.00
[TRAIN] Step 292/350 | 12:46:43
[TRAIN] Step 292 | Loss=0.974703 | Best makespan in group=2010.00
[TRAIN] Step 293/350 | 12:47:54
[TRAIN] Step 293 | Loss=0.092797 | Best makespan in group=3028.00
[TRAIN] Step 294/350 | 12:49:29
[TRAIN] Step 294 | Loss=0.076920 | Best makespan in group=1792.00
[TRAIN] Step 295/350 | 12:50:34
[TRAIN] Step 295 | Loss=5.825097 | Best makespan in group=1892.00
[TRAIN] Step 296/350 | 12:51:48
[TRAIN] Step 296 | Loss=6.418641 | Best makespan in group=1812.00
[TRAIN] Step 297/350 | 12:53:23
[TRAIN] Step 297 | Loss=0.657540 | Best makespan in group=1160.00
[TRAIN] Step 298/350 | 12:54:27
[TRAIN] Step 298 | Loss=1.891277 | Best makespan in group=1460.00
[TRAIN] Step 299/350 | 12:56:00
[TRAIN] Step 299 | Loss=1.805986 | Best makespan in group=2076.00
[TRAIN] Step 300/350 | 12:57:45
[TRAIN] Step 300 | Loss=2.062571 | Best makespan in group=1917.00
[TRAIN][VAL][ep 300] avg_gap=0.1254 | std_gap=0.1200 | q80_gap=0.2360 | n=20
[TRAIN][VAL][ep 300] blocked_events=533 | swaps=40 in 10 instance(s)
[TRAIN] Step 301/350 | 13:00:11
[TRAIN] Step 301 | Loss=2.609943 | Best makespan in group=2076.00
[TRAIN] Step 302/350 | 13:01:57
[TRAIN] Step 302 | Loss=0.790871 | Best makespan in group=2390.00
[TRAIN] Step 303/350 | 13:03:10
[TRAIN] Step 303 | Loss=7.559023 | Best makespan in group=1892.00
[TRAIN] Step 304/350 | 13:04:22
[TRAIN] Step 304 | Loss=8.698255 | Best makespan in group=1752.00
[TRAIN] Step 305/350 | 13:06:00
[TRAIN] Step 305 | Loss=2.840358 | Best makespan in group=1768.00
[TRAIN] Step 306/350 | 13:07:04
[TRAIN] Step 306 | Loss=3.987031 | Best makespan in group=1262.00
[TRAIN] Step 307/350 | 13:08:10
[TRAIN] Step 307 | Loss=0.598882 | Best makespan in group=1160.00
[TRAIN] Step 308/350 | 13:09:15
[TRAIN] Step 308 | Loss=7.602423 | Best makespan in group=2068.00
[TRAIN] Step 309/350 | 13:11:09
[TRAIN] Step 309 | Loss=1.864760 | Best makespan in group=2376.00
[TRAIN] Step 310/350 | 13:12:45
[TRAIN] Step 310 | Loss=1.506104 | Best makespan in group=2092.00
[TRAIN] Step 311/350 | 13:14:08
[TRAIN] Step 311 | Loss=1.762356 | Best makespan in group=1805.00
[TRAIN] Step 312/350 | 13:15:26
[TRAIN] Step 312 | Loss=6.679880 | Best makespan in group=1743.00
[TRAIN] Step 313/350 | 13:17:00
[TRAIN] Step 313 | Loss=0.184127 | Best makespan in group=1298.00
[TRAIN] Step 314/350 | 13:18:35
[TRAIN] Step 314 | Loss=4.046273 | Best makespan in group=1786.00
[TRAIN] Step 315/350 | 13:20:04
[TRAIN] Step 315 | Loss=3.013421 | Best makespan in group=1792.00
[TRAIN] Step 316/350 | 13:21:14
[TRAIN] Step 316 | Loss=1.956520 | Best makespan in group=2583.00
[TRAIN] Step 317/350 | 13:22:35
[TRAIN] Step 317 | Loss=1.360352 | Best makespan in group=1058.00
[TRAIN] Step 318/350 | 13:23:56
[TRAIN] Step 318 | Loss=2.563038 | Best makespan in group=2084.00
[TRAIN] Step 319/350 | 13:25:21
[TRAIN] Step 319 | Loss=8.534808 | Best makespan in group=2678.00
[TRAIN] Step 320/350 | 13:26:29
[TRAIN] Step 320 | Loss=0.259647 | Best makespan in group=2150.00
[TRAIN][VAL][ep 320] avg_gap=0.1248 | std_gap=0.1203 | q80_gap=0.2366 | n=20
[TRAIN][VAL][ep 320] blocked_events=539 | swaps=40 in 10 instance(s)
[TRAIN] Step 321/350 | 13:28:42
[TRAIN] Step 321 | Loss=3.282593 | Best makespan in group=1872.00
[TRAIN] Step 322/350 | 13:30:18
[TRAIN] Step 322 | Loss=4.526323 | Best makespan in group=1594.00
[TRAIN] Step 323/350 | 13:31:43
[TRAIN] Step 323 | Loss=1.872013 | Best makespan in group=1582.00
[TRAIN] Step 324/350 | 13:32:48
[TRAIN] Step 324 | Loss=4.257468 | Best makespan in group=1756.00
[TRAIN] Step 325/350 | 13:33:54
[TRAIN] Step 325 | Loss=0.017246 | Best makespan in group=1544.00
[TRAIN] Step 326/350 | 13:35:31
[TRAIN] Step 326 | Loss=6.639863 | Best makespan in group=2134.00
[TRAIN] Step 327/350 | 13:36:48
[TRAIN] Step 327 | Loss=4.771521 | Best makespan in group=1558.00
[TRAIN] Step 328/350 | 13:37:50
[TRAIN] Step 328 | Loss=1.472483 | Best makespan in group=1334.00
[TRAIN] Step 329/350 | 13:38:53
[TRAIN] Step 329 | Loss=2.569466 | Best makespan in group=1708.00
[TRAIN] Step 330/350 | 13:40:32
[TRAIN] Step 330 | Loss=0.044207 | Best makespan in group=1900.00
[TRAIN] Step 331/350 | 13:41:47
[TRAIN] Step 331 | Loss=6.205954 | Best makespan in group=1536.00
[TRAIN] Step 332/350 | 13:43:19
[TRAIN] Step 332 | Loss=0.228185 | Best makespan in group=1326.00
[TRAIN] Step 333/350 | 13:44:40
[TRAIN] Step 333 | Loss=0.263522 | Best makespan in group=1656.00
[TRAIN] Step 334/350 | 13:45:59
[TRAIN] Step 334 | Loss=1.310248 | Best makespan in group=1120.00
[TRAIN] Step 335/350 | 13:47:04
[TRAIN] Step 335 | Loss=5.694811 | Best makespan in group=2690.00
[TRAIN] Step 336/350 | 13:48:19
[TRAIN] Step 336 | Loss=0.386298 | Best makespan in group=1882.00
[TRAIN] Step 337/350 | 13:49:23
[TRAIN] Step 337 | Loss=3.985013 | Best makespan in group=1776.00
[TRAIN] Step 338/350 | 13:51:03
[TRAIN] Step 338 | Loss=0.000162 | Best makespan in group=1888.00
[TRAIN] Step 339/350 | 13:52:41
[TRAIN] Step 339 | Loss=0.000165 | Best makespan in group=2278.00
[TRAIN] Step 340/350 | 13:54:10
[TRAIN] Step 340 | Loss=0.681082 | Best makespan in group=1802.00
[TRAIN][VAL][ep 340] avg_gap=0.1246 | std_gap=0.1202 | q80_gap=0.2360 | n=20
[TRAIN][VAL][ep 340] blocked_events=539 | swaps=40 in 10 instance(s)
[TRAIN] Step 341/350 | 13:56:27
[TRAIN] Step 341 | Loss=0.947863 | Best makespan in group=1470.00
[TRAIN] Step 342/350 | 13:57:52
[TRAIN] Step 342 | Loss=0.376445 | Best makespan in group=1758.00
[TRAIN] Step 343/350 | 13:58:56
[TRAIN] Step 343 | Loss=6.957971 | Best makespan in group=2004.00
[TRAIN] Step 344/350 | 14:00:14
[TRAIN] Step 344 | Loss=0.096916 | Best makespan in group=2034.00
[TRAIN] Step 345/350 | 14:01:25
[TRAIN] Step 345 | Loss=0.344659 | Best makespan in group=2457.00
[TRAIN] Step 346/350 | 14:02:47
[TRAIN] Step 346 | Loss=2.537513 | Best makespan in group=1622.00
[TRAIN] Step 347/350 | 14:04:12
[TRAIN] Step 347 | Loss=0.294900 | Best makespan in group=2241.00
[TRAIN] Step 348/350 | 14:05:52
[TRAIN] Step 348 | Loss=0.054327 | Best makespan in group=729.00
[TRAIN] Step 349/350 | 14:06:56
[TRAIN] Step 349 | Loss=2.483704 | Best makespan in group=3164.00
[TRAIN] Step 350/350 | 14:08:44
[TRAIN] Step 350 | Loss=3.888427 | Best makespan in group=1796.00
[TRAIN][VAL][ep 350] avg_gap=0.1238 | std_gap=0.1204 | q80_gap=0.2360 | n=20
[TRAIN][VAL][ep 350] blocked_events=542 | swaps=40 in 10 instance(s)
[TRAIN] Evaluating best checkpoint (candidate_models\blocking\514451830835292.pth) on the held-out test split...
[TRAIN][TEST] avg_gap=0.1365 | std_gap=0.1033 | q80_gap=0.2264 | n=20
[TRAIN][TEST] blocked_events=457 | swaps=36 in 10 instance(s)
[TRAIN][14:11:20] Training ended. Validation history and plots updated.
[MAIN] Run finished at 2026-10-04 14:11:20
============================================================
=== [A] exit code 0 | 2026-10-04 14:11:22 ===
=== [A] LANE DONE | 2026-10-04 14:11:22 ===
