=== [B] TRAIN blk350_gat_L2_selk1_mask1_edges_sum_incgreedy_ojmf_s42 | 2026-10-03 18:55:35 ===
C:\Users\maria\Desktop\dissertation-bopo_introduction\.venv\Lib\site-packages\torch\jit\_script.py:1491: FutureWarning: `torch.jit.script` is deprecated. Please switch to `torch.compile` or `torch.export`.
  warnings.warn(
============================================================
[MAIN] Run started at 2026-10-03 18:55:45
[MAIN] mode=train
[MAIN] run_name=blk350_gat_L2_selk1_mask1_edges_sum_incgreedy_ojmf
[MAIN] representation(s)=['ojmf']
[MAIN] gnn_type=gat
[MAIN] overrides={'mask_option': 1, 'sel_k': 1, 'num_layers': 2, 'logp_norm': 'sum', 'exclude_greedy_from_loss': False, 'jm_design': 'edges'}
============================================================
[MAIN] Training representation=ojmf | seed=42 | run_name=blk350_gat_L2_selk1_mask1_edges_sum_incgreedy_ojmf_s42 | gnn_type=gat | overrides={'mask_option': 1, 'sel_k': 1, 'num_layers': 2, 'logp_norm': 'sum', 'exclude_greedy_from_loss': False, 'jm_design': 'edges'}
============================================================
[TRAIN] Training started at: 2026-10-03 18:55:45
[TRAIN] Hyperparams | max_steps=350 | new_freq=500
[TRAIN]             | n_cases=100 | B=64 | K=16 | use_greedy=True | lr=0.0005 (decaying to 1.00e-04)
[TRAIN]             | warm_start_steps=200 | checkpoint_smooth_window=3 | seed=42
[TRAIN]             | hidden_channels=128 | num_layers=2 | heads=3
[TRAIN]             | logp_norm=sum | exclude_greedy_from_loss=False
[TRAIN] Representation | ojmf | GNN | gat | jm_design | edges
[TRAIN] Problem size | jobs=[8,10] | machines=[5,10] | ops_per_job=[5,6] | max_proc=100
============================================================
[TRAIN] Output run folder: results\blocking\blk350_gat_L2_selk1_mask1_edges_sum_incgreedy_ojmf_s42
[TRAIN] Validation config | every=20 steps | instances=20 (representative subset)
[TRAIN] Blocking setting | buffers in=2 out=1 | instances={'range_jobs': (12, 15), 'range_machines': (4, 6), 'range_op_per_job': (5, 6), 'max_processing': 100, 'mas_per_ope_max': 3, 'n_bottlenecks': 1, 'bottleneck_prob': 0.7, 'bottleneck_factor': 2.0}
[TRAIN] Warm-start (behavior cloning vs. dispatch heuristic) | 200 step(s)...
[TRAIN][WARMSTART] step 10/200 | instance=74 | bc_loss=1.3958 | decisions=26
[TRAIN][WARMSTART] step 20/200 | instance=80 | bc_loss=1.4916 | decisions=34
[TRAIN][WARMSTART] step 30/200 | instance=76 | bc_loss=1.2913 | decisions=34
[TRAIN][WARMSTART] step 40/200 | instance=83 | bc_loss=1.3574 | decisions=41
[TRAIN][WARMSTART] step 50/200 | instance=68 | bc_loss=1.3540 | decisions=31
[TRAIN][WARMSTART] step 60/200 | instance=41 | bc_loss=1.5381 | decisions=36
[TRAIN][WARMSTART] step 70/200 | instance=15 | bc_loss=0.9706 | decisions=33
[TRAIN][WARMSTART] step 80/200 | instance=72 | bc_loss=1.4760 | decisions=38
[TRAIN][WARMSTART] step 90/200 | instance=27 | bc_loss=0.9598 | decisions=35
[TRAIN][WARMSTART] step 100/200 | instance=53 | bc_loss=0.6754 | decisions=26
[TRAIN][WARMSTART] step 110/200 | instance=28 | bc_loss=1.1383 | decisions=36
[TRAIN][WARMSTART] step 120/200 | instance=9 | bc_loss=0.8559 | decisions=35
[TRAIN][WARMSTART] step 130/200 | instance=21 | bc_loss=1.0432 | decisions=49
[TRAIN][WARMSTART] step 140/200 | instance=13 | bc_loss=0.9678 | decisions=36
[TRAIN][WARMSTART] step 150/200 | instance=56 | bc_loss=0.7769 | decisions=32
[TRAIN][WARMSTART] step 160/200 | instance=72 | bc_loss=1.4129 | decisions=38
[TRAIN][WARMSTART] step 170/200 | instance=43 | bc_loss=1.1623 | decisions=29
[TRAIN][WARMSTART] step 180/200 | instance=62 | bc_loss=1.0211 | decisions=36
[TRAIN][WARMSTART] step 190/200 | instance=40 | bc_loss=1.0641 | decisions=31
[TRAIN][WARMSTART] step 200/200 | instance=19 | bc_loss=0.7867 | decisions=31
[TRAIN] Warm-start complete, switching to BOPO preference optimization.
------------------------------------------------------------
[TRAIN] BOPO agent ready. Starting training loop for 350 step(s)...
------------------------------------------------------------
[TRAIN] Step 1/350 | 19:07:30
[TRAIN] Step 1 | Loss=7.232590 | Best makespan in group=1446.00
[TRAIN] Step 2/350 | 19:08:49
[TRAIN] Step 2 | Loss=2.018575 | Best makespan in group=1624.00
[TRAIN] Step 3/350 | 19:10:10
[TRAIN] Step 3 | Loss=6.688418 | Best makespan in group=2422.00
[TRAIN] Step 4/350 | 19:11:23
[TRAIN] Step 4 | Loss=2.213303 | Best makespan in group=1460.00
[TRAIN] Step 5/350 | 19:12:57
[TRAIN] Step 5 | Loss=1.398829 | Best makespan in group=1975.00
[TRAIN] Step 6/350 | 19:14:17
[TRAIN] Step 6 | Loss=1.823112 | Best makespan in group=3180.00
[TRAIN] Step 7/350 | 19:16:11
[TRAIN] Step 7 | Loss=2.988258 | Best makespan in group=1073.00
[TRAIN] Step 8/350 | 19:17:34
[TRAIN] Step 8 | Loss=0.000954 | Best makespan in group=2450.00
[TRAIN] Step 9/350 | 19:18:52
[TRAIN] Step 9 | Loss=2.547456 | Best makespan in group=2110.00
[TRAIN] Step 10/350 | 19:20:36
[TRAIN] Step 10 | Loss=5.686201 | Best makespan in group=2224.00
[TRAIN] Step 11/350 | 19:22:13
[TRAIN] Step 11 | Loss=0.000327 | Best makespan in group=1656.00
[TRAIN] Step 12/350 | 19:23:28
[TRAIN] Step 12 | Loss=10.791822 | Best makespan in group=1440.00
[TRAIN] Step 13/350 | 19:24:40
[TRAIN] Step 13 | Loss=3.809673 | Best makespan in group=1756.00
[TRAIN] Step 14/350 | 19:25:50
[TRAIN] Step 14 | Loss=0.062947 | Best makespan in group=1888.00
[TRAIN] Step 15/350 | 19:27:34
[TRAIN] Step 15 | Loss=1.066587 | Best makespan in group=2320.00
[TRAIN] Step 16/350 | 19:29:05
[TRAIN] Step 16 | Loss=3.976453 | Best makespan in group=1934.00
[TRAIN] Step 17/350 | 19:30:27
[TRAIN] Step 17 | Loss=0.671468 | Best makespan in group=2044.00
[TRAIN] Step 18/350 | 19:32:00
[TRAIN] Step 18 | Loss=6.273064 | Best makespan in group=2004.00
[TRAIN] Step 19/350 | 19:33:22
[TRAIN] Step 19 | Loss=1.731166 | Best makespan in group=1798.00
[TRAIN] Step 20/350 | 19:34:25
[TRAIN] Step 20 | Loss=1.072357 | Best makespan in group=2199.00
[TRAIN][VAL][ep 20] avg_gap=0.1386 | std_gap=0.1063 | q80_gap=0.2399 | n=20
[TRAIN][VAL][ep 20] blocked_events=355 | swaps=30 in 11 instance(s)
[TRAIN] Validation improved | smoothed_avg_gap=0.1386 (raw=0.1386) | saving candidate: 545018180391935.pth
[TRAIN] Step 21/350 | 19:36:25
[TRAIN] Step 21 | Loss=1.160293 | Best makespan in group=1120.00
[TRAIN] Step 22/350 | 19:37:29
[TRAIN] Step 22 | Loss=7.293478 | Best makespan in group=2447.00
[TRAIN] Step 23/350 | 19:39:02
[TRAIN] Step 23 | Loss=0.306845 | Best makespan in group=1582.00
[TRAIN] Step 24/350 | 19:40:09
[TRAIN] Step 24 | Loss=1.431007 | Best makespan in group=2048.00
[TRAIN] Step 25/350 | 19:41:49
[TRAIN] Step 25 | Loss=5.407422 | Best makespan in group=1808.00
[TRAIN] Step 26/350 | 19:43:17
[TRAIN] Step 26 | Loss=0.502356 | Best makespan in group=1175.00
[TRAIN] Step 27/350 | 19:44:39
[TRAIN] Step 27 | Loss=3.343819 | Best makespan in group=2012.00
[TRAIN] Step 28/350 | 19:46:02
[TRAIN] Step 28 | Loss=3.691481 | Best makespan in group=1776.00
[TRAIN] Step 29/350 | 19:47:42
[TRAIN] Step 29 | Loss=6.481016 | Best makespan in group=1814.00
[TRAIN] Step 30/350 | 19:48:55
[TRAIN] Step 30 | Loss=2.663527 | Best makespan in group=1966.00
[TRAIN] Step 31/350 | 19:50:30
[TRAIN] Step 31 | Loss=4.869860 | Best makespan in group=2394.00
[TRAIN] Step 32/350 | 19:51:46
[TRAIN] Step 32 | Loss=1.190554 | Best makespan in group=1276.00
[TRAIN] Step 33/350 | 19:53:03
[TRAIN] Step 33 | Loss=4.836999 | Best makespan in group=1908.00
[TRAIN] Step 34/350 | 19:54:08
[TRAIN] Step 34 | Loss=1.792343 | Best makespan in group=1160.00
[TRAIN] Step 35/350 | 19:55:11
[TRAIN] Step 35 | Loss=8.243382 | Best makespan in group=2315.00
[TRAIN] Step 36/350 | 19:56:47
[TRAIN] Step 36 | Loss=2.743491 | Best makespan in group=1192.00
[TRAIN] Step 37/350 | 19:58:27
[TRAIN] Step 37 | Loss=0.022921 | Best makespan in group=1794.00
[TRAIN] Step 38/350 | 19:59:55
[TRAIN] Step 38 | Loss=5.525992 | Best makespan in group=2024.00
[TRAIN] Step 39/350 | 20:01:12
[TRAIN] Step 39 | Loss=6.251955 | Best makespan in group=2590.00
[TRAIN] Step 40/350 | 20:02:44
[TRAIN] Step 40 | Loss=1.120766 | Best makespan in group=2383.00
[TRAIN][VAL][ep 40] avg_gap=0.1292 | std_gap=0.1211 | q80_gap=0.1861 | n=20
[TRAIN][VAL][ep 40] blocked_events=418 | swaps=31 in 13 instance(s)
[TRAIN] Validation improved | smoothed_avg_gap=0.1339 (raw=0.1292) | saving candidate: 428329882712048.pth
[TRAIN] Step 41/350 | 20:05:05
[TRAIN] Step 41 | Loss=1.404369 | Best makespan in group=2394.00
[TRAIN] Step 42/350 | 20:06:16
[TRAIN] Step 42 | Loss=3.774851 | Best makespan in group=1900.00
[TRAIN] Step 43/350 | 20:07:29
[TRAIN] Step 43 | Loss=3.448616 | Best makespan in group=1122.00
[TRAIN] Step 44/350 | 20:08:43
[TRAIN] Step 44 | Loss=0.442867 | Best makespan in group=1670.00
[TRAIN] Step 45/350 | 20:09:44
[TRAIN] Step 45 | Loss=1.398073 | Best makespan in group=1892.00
[TRAIN] Step 46/350 | 20:10:56
[TRAIN] Step 46 | Loss=0.160264 | Best makespan in group=1758.00
[TRAIN] Step 47/350 | 20:12:00
[TRAIN] Step 47 | Loss=9.980304 | Best makespan in group=2031.00
[TRAIN] Step 48/350 | 20:13:40
[TRAIN] Step 48 | Loss=7.554068 | Best makespan in group=2010.00
[TRAIN] Step 49/350 | 20:14:48
[TRAIN] Step 49 | Loss=2.417914 | Best makespan in group=1616.00
[TRAIN] Step 50/350 | 20:16:05
[TRAIN] Step 50 | Loss=3.125397 | Best makespan in group=2092.00
[TRAIN] Step 51/350 | 20:17:26
[TRAIN] Step 51 | Loss=1.475277 | Best makespan in group=2310.00
[TRAIN] Step 52/350 | 20:18:56
[TRAIN] Step 52 | Loss=0.511039 | Best makespan in group=1439.00
[TRAIN] Step 53/350 | 20:20:21
[TRAIN] Step 53 | Loss=3.200223 | Best makespan in group=1752.00
[TRAIN] Step 54/350 | 20:22:07
[TRAIN] Step 54 | Loss=4.679160 | Best makespan in group=2198.00
[TRAIN] Step 55/350 | 20:23:46
[TRAIN] Step 55 | Loss=7.021952 | Best makespan in group=2119.00
[TRAIN] Step 56/350 | 20:25:12
[TRAIN] Step 56 | Loss=6.039519 | Best makespan in group=2092.00
[TRAIN] Step 57/350 | 20:26:35
[TRAIN] Step 57 | Loss=5.589284 | Best makespan in group=1792.00
[TRAIN] Step 58/350 | 20:27:39
[TRAIN] Step 58 | Loss=3.950270 | Best makespan in group=2690.00
[TRAIN] Step 59/350 | 20:28:55
[TRAIN] Step 59 | Loss=0.631686 | Best makespan in group=1958.00
[TRAIN] Step 60/350 | 20:30:26
[TRAIN] Step 60 | Loss=4.283542 | Best makespan in group=1786.00
[TRAIN][VAL][ep 60] avg_gap=0.0998 | std_gap=0.0891 | q80_gap=0.1751 | n=20
[TRAIN][VAL][ep 60] blocked_events=479 | swaps=26 in 10 instance(s)
[TRAIN] Validation improved | smoothed_avg_gap=0.1225 (raw=0.0998) | saving candidate: 505847541368108.pth
[TRAIN] Step 61/350 | 20:32:35
[TRAIN] Step 61 | Loss=1.068171 | Best makespan in group=1452.00
[TRAIN] Step 62/350 | 20:33:50
[TRAIN] Step 62 | Loss=0.656671 | Best makespan in group=1622.00
[TRAIN] Step 63/350 | 20:35:11
[TRAIN] Step 63 | Loss=2.009678 | Best makespan in group=1536.00
[TRAIN] Step 64/350 | 20:36:45
[TRAIN] Step 64 | Loss=10.385355 | Best makespan in group=2021.00
[TRAIN] Step 65/350 | 20:38:05
[TRAIN] Step 65 | Loss=2.709516 | Best makespan in group=1364.00
[TRAIN] Step 66/350 | 20:39:18
[TRAIN] Step 66 | Loss=8.387702 | Best makespan in group=2456.00
[TRAIN] Step 67/350 | 20:40:57
[TRAIN] Step 67 | Loss=1.164310 | Best makespan in group=1588.00
[TRAIN] Step 68/350 | 20:42:15
[TRAIN] Step 68 | Loss=0.138758 | Best makespan in group=1754.00
[TRAIN] Step 69/350 | 20:43:29
[TRAIN] Step 69 | Loss=0.734245 | Best makespan in group=2377.00
[TRAIN] Step 70/350 | 20:44:50
[TRAIN] Step 70 | Loss=0.049234 | Best makespan in group=1842.00
[TRAIN] Step 71/350 | 20:46:12
[TRAIN] Step 71 | Loss=0.254458 | Best makespan in group=1830.00
[TRAIN] Step 72/350 | 20:47:17
[TRAIN] Step 72 | Loss=0.464427 | Best makespan in group=2180.00
[TRAIN] Step 73/350 | 20:48:38
[TRAIN] Step 73 | Loss=3.668041 | Best makespan in group=1830.00
[TRAIN] Step 74/350 | 20:49:42
[TRAIN] Step 74 | Loss=2.688497 | Best makespan in group=2278.00
[TRAIN] Step 75/350 | 20:50:57
[TRAIN] Step 75 | Loss=5.125412 | Best makespan in group=1860.00
[TRAIN] Step 76/350 | 20:52:36
[TRAIN] Step 76 | Loss=0.000861 | Best makespan in group=1142.00
[TRAIN] Step 77/350 | 20:53:44
[TRAIN] Step 77 | Loss=5.012552 | Best makespan in group=2678.00
[TRAIN] Step 78/350 | 20:55:01
[TRAIN] Step 78 | Loss=2.468787 | Best makespan in group=2671.00
[TRAIN] Step 79/350 | 20:56:22
[TRAIN] Step 79 | Loss=7.223145 | Best makespan in group=1802.00
[TRAIN] Step 80/350 | 20:57:54
[TRAIN] Step 80 | Loss=4.311574 | Best makespan in group=1754.00
[TRAIN][VAL][ep 80] avg_gap=0.1609 | std_gap=0.1523 | q80_gap=0.3149 | n=20
[TRAIN][VAL][ep 80] blocked_events=560 | swaps=52 in 14 instance(s)
[TRAIN] Step 81/350 | 20:59:44
[TRAIN] Step 81 | Loss=10.586411 | Best makespan in group=2102.00
[TRAIN] Step 82/350 | 21:01:00
[TRAIN] Step 82 | Loss=0.450830 | Best makespan in group=1544.00
[TRAIN] Step 83/350 | 21:02:37
[TRAIN] Step 83 | Loss=5.163032 | Best makespan in group=3028.00
[TRAIN] Step 84/350 | 21:04:17
[TRAIN] Step 84 | Loss=0.613972 | Best makespan in group=1343.00
[TRAIN] Step 85/350 | 21:05:37
[TRAIN] Step 85 | Loss=2.280600 | Best makespan in group=2678.00
[TRAIN] Step 86/350 | 21:06:46
[TRAIN] Step 86 | Loss=4.468998 | Best makespan in group=1734.00
[TRAIN] Step 87/350 | 21:08:07
[TRAIN] Step 87 | Loss=1.609518 | Best makespan in group=2304.00
[TRAIN] Step 88/350 | 21:09:24
[TRAIN] Step 88 | Loss=1.300861 | Best makespan in group=1520.00
[TRAIN] Step 89/350 | 21:10:38
[TRAIN] Step 89 | Loss=0.696458 | Best makespan in group=1567.00
[TRAIN] Step 90/350 | 21:11:42
[TRAIN] Step 90 | Loss=12.287771 | Best makespan in group=2083.00
[TRAIN] Step 91/350 | 21:13:23
[TRAIN] Step 91 | Loss=2.896962 | Best makespan in group=2150.00
[TRAIN] Step 92/350 | 21:14:56
[TRAIN] Step 92 | Loss=1.288214 | Best makespan in group=1294.00
[TRAIN] Step 93/350 | 21:16:02
[TRAIN] Step 93 | Loss=0.032145 | Best makespan in group=1240.00
[TRAIN] Step 94/350 | 21:17:40
[TRAIN] Step 94 | Loss=0.965068 | Best makespan in group=1334.00
[TRAIN] Step 95/350 | 21:18:42
[TRAIN] Step 95 | Loss=7.865279 | Best makespan in group=1772.00
[TRAIN] Step 96/350 | 21:20:02
[TRAIN] Step 96 | Loss=0.315670 | Best makespan in group=1212.00
[TRAIN] Step 97/350 | 21:21:26
[TRAIN] Step 97 | Loss=1.264161 | Best makespan in group=2134.00
[TRAIN] Step 98/350 | 21:22:48
[TRAIN] Step 98 | Loss=0.005744 | Best makespan in group=729.00
[TRAIN] Step 99/350 | 21:23:50
[TRAIN] Step 99 | Loss=3.672176 | Best makespan in group=1520.00
[TRAIN] Step 100/350 | 21:25:04
[TRAIN] Step 100 | Loss=0.021477 | Best makespan in group=2034.00
[TRAIN][VAL][ep 100] avg_gap=0.1472 | std_gap=0.1271 | q80_gap=0.2140 | n=20
[TRAIN][VAL][ep 100] blocked_events=561 | swaps=55 in 15 instance(s)
[TRAIN] Step 101/350 | 21:27:01
[TRAIN] Step 101 | Loss=5.898786 | Best makespan in group=1903.00
[TRAIN] Step 102/350 | 21:28:56
[TRAIN] Step 102 | Loss=3.321830 | Best makespan in group=1193.00
[TRAIN] Step 103/350 | 21:30:11
[TRAIN] Step 103 | Loss=2.443146 | Best makespan in group=1713.00
[TRAIN] Step 104/350 | 21:31:45
[TRAIN] Step 104 | Loss=2.098829 | Best makespan in group=1598.00
[TRAIN] Step 105/350 | 21:33:07
[TRAIN] Step 105 | Loss=7.788751 | Best makespan in group=2134.00
[TRAIN] Step 106/350 | 21:34:25
[TRAIN] Step 106 | Loss=0.499429 | Best makespan in group=1900.00
[TRAIN] Step 107/350 | 21:35:40
[TRAIN] Step 107 | Loss=10.598417 | Best makespan in group=2511.00
[TRAIN] Step 108/350 | 21:37:19
[TRAIN] Step 108 | Loss=1.879407 | Best makespan in group=2162.00
[TRAIN] Step 109/350 | 21:38:39
[TRAIN] Step 109 | Loss=0.003259 | Best makespan in group=1160.00
[TRAIN] Step 110/350 | 21:39:45
[TRAIN] Step 110 | Loss=0.953311 | Best makespan in group=1769.00
[TRAIN] Step 111/350 | 21:41:26
[TRAIN] Step 111 | Loss=0.000664 | Best makespan in group=1758.00
[TRAIN] Step 112/350 | 21:42:32
[TRAIN] Step 112 | Loss=2.659579 | Best makespan in group=1798.00
[TRAIN] Step 113/350 | 21:43:38
[TRAIN] Step 113 | Loss=4.331975 | Best makespan in group=2678.00
[TRAIN] Step 114/350 | 21:44:47
[TRAIN] Step 114 | Loss=9.180435 | Best makespan in group=2450.00
[TRAIN] Step 115/350 | 21:46:08
[TRAIN] Step 115 | Loss=2.436041 | Best makespan in group=1772.00
[TRAIN] Step 116/350 | 21:47:26
[TRAIN] Step 116 | Loss=0.693532 | Best makespan in group=1460.00
[TRAIN] Step 117/350 | 21:49:01
[TRAIN] Step 117 | Loss=0.052877 | Best makespan in group=1656.00
[TRAIN] Step 118/350 | 21:50:22
[TRAIN] Step 118 | Loss=1.934225 | Best makespan in group=1966.00
[TRAIN] Step 119/350 | 21:51:57
[TRAIN] Step 119 | Loss=11.560557 | Best makespan in group=1756.00
[TRAIN] Step 120/350 | 21:53:07
[TRAIN] Step 120 | Loss=2.718499 | Best makespan in group=2240.00
[TRAIN][VAL][ep 120] avg_gap=0.1486 | std_gap=0.1180 | q80_gap=0.2533 | n=20
[TRAIN][VAL][ep 120] blocked_events=561 | swaps=49 in 15 instance(s)
[TRAIN] Step 121/350 | 21:55:31
[TRAIN] Step 121 | Loss=0.598018 | Best makespan in group=1334.00
[TRAIN] Step 122/350 | 21:56:32
[TRAIN] Step 122 | Loss=11.503586 | Best makespan in group=2162.00
[TRAIN] Step 123/350 | 21:58:24
[TRAIN] Step 123 | Loss=0.879898 | Best makespan in group=1792.00
[TRAIN] Step 124/350 | 21:59:31
[TRAIN] Step 124 | Loss=0.077316 | Best makespan in group=1159.00
[TRAIN] Step 125/350 | 22:00:54
[TRAIN] Step 125 | Loss=4.081852 | Best makespan in group=2034.00
[TRAIN] Step 126/350 | 22:02:06
[TRAIN] Step 126 | Loss=3.440650 | Best makespan in group=2092.00
[TRAIN] Step 127/350 | 22:03:28
[TRAIN] Step 127 | Loss=1.836510 | Best makespan in group=2076.00
[TRAIN] Step 128/350 | 22:05:16
[TRAIN] Step 128 | Loss=1.589314 | Best makespan in group=2603.00
[TRAIN] Step 129/350 | 22:06:41
[TRAIN] Step 129 | Loss=1.098519 | Best makespan in group=1786.00
[TRAIN] Step 130/350 | 22:08:08
[TRAIN] Step 130 | Loss=3.836273 | Best makespan in group=2180.00
[TRAIN] Step 131/350 | 22:09:34
[TRAIN] Step 131 | Loss=1.501515 | Best makespan in group=1895.00
[TRAIN] Step 132/350 | 22:11:19
[TRAIN] Step 132 | Loss=0.778483 | Best makespan in group=712.00
[TRAIN] Step 133/350 | 22:12:26
[TRAIN] Step 133 | Loss=9.942781 | Best makespan in group=1967.00
[TRAIN] Step 134/350 | 22:13:54
[TRAIN] Step 134 | Loss=0.461245 | Best makespan in group=1090.00
[TRAIN] Step 135/350 | 22:15:16
[TRAIN] Step 135 | Loss=2.156454 | Best makespan in group=2150.00
[TRAIN] Step 136/350 | 22:16:46
[TRAIN] Step 136 | Loss=2.642374 | Best makespan in group=2416.00
[TRAIN] Step 137/350 | 22:18:10
[TRAIN] Step 137 | Loss=4.453477 | Best makespan in group=1150.00
[TRAIN] Step 138/350 | 22:19:55
[TRAIN] Step 138 | Loss=11.444777 | Best makespan in group=1744.00
[TRAIN] Step 139/350 | 22:20:59
[TRAIN] Step 139 | Loss=0.322392 | Best makespan in group=1882.00
[TRAIN] Step 140/350 | 22:22:06
[TRAIN] Step 140 | Loss=1.112826 | Best makespan in group=2048.00
[TRAIN][VAL][ep 140] avg_gap=0.1372 | std_gap=0.1567 | q80_gap=0.2011 | n=20
[TRAIN][VAL][ep 140] blocked_events=564 | swaps=50 in 13 instance(s)
[TRAIN] Step 141/350 | 22:24:19
[TRAIN] Step 141 | Loss=2.140677 | Best makespan in group=2278.00
[TRAIN] Step 142/350 | 22:25:34
[TRAIN] Step 142 | Loss=0.661220 | Best makespan in group=1960.00
[TRAIN] Step 143/350 | 22:27:02
[TRAIN] Step 143 | Loss=2.543204 | Best makespan in group=1514.00
[TRAIN] Step 144/350 | 22:28:21
[TRAIN] Step 144 | Loss=1.909568 | Best makespan in group=1966.00
[TRAIN] Step 145/350 | 22:30:01
[TRAIN] Step 145 | Loss=0.002321 | Best makespan in group=1544.00
[TRAIN] Step 146/350 | 22:31:42
[TRAIN] Step 146 | Loss=0.033062 | Best makespan in group=1830.00
[TRAIN] Step 147/350 | 22:32:51
[TRAIN] Step 147 | Loss=3.429252 | Best makespan in group=2102.00
[TRAIN] Step 148/350 | 22:34:08
[TRAIN] Step 148 | Loss=3.436953 | Best makespan in group=1893.00
[TRAIN] Step 149/350 | 22:35:24
[TRAIN] Step 149 | Loss=2.367121 | Best makespan in group=2276.00
[TRAIN] Step 150/350 | 22:36:53
[TRAIN] Step 150 | Loss=1.463793 | Best makespan in group=2010.00
[TRAIN] Step 151/350 | 22:38:08
[TRAIN] Step 151 | Loss=3.482455 | Best makespan in group=2092.00
[TRAIN] Step 152/350 | 22:39:34
[TRAIN] Step 152 | Loss=0.507231 | Best makespan in group=1670.00
[TRAIN] Step 153/350 | 22:40:33
[TRAIN] Step 153 | Loss=8.723207 | Best makespan in group=2394.00
[TRAIN] Step 154/350 | 22:41:50
[TRAIN] Step 154 | Loss=4.044961 | Best makespan in group=1520.00
[TRAIN] Step 155/350 | 22:43:01
[TRAIN] Step 155 | Loss=1.180337 | Best makespan in group=1884.00
[TRAIN] Step 156/350 | 22:44:28
[TRAIN] Step 156 | Loss=0.394924 | Best makespan in group=1212.00
[TRAIN] Step 157/350 | 22:45:56
[TRAIN] Step 157 | Loss=4.473957 | Best makespan in group=3164.00
[TRAIN] Step 158/350 | 22:47:49
[TRAIN] Step 158 | Loss=5.566773 | Best makespan in group=2456.00
[TRAIN] Step 159/350 | 22:49:33
[TRAIN] Step 159 | Loss=2.260287 | Best makespan in group=1582.00
[TRAIN] Step 160/350 | 22:50:42
[TRAIN] Step 160 | Loss=0.882820 | Best makespan in group=1234.00
[TRAIN][VAL][ep 160] avg_gap=0.1086 | std_gap=0.1519 | q80_gap=0.1284 | n=20
[TRAIN][VAL][ep 160] blocked_events=557 | swaps=35 in 12 instance(s)
[TRAIN] Step 161/350 | 22:53:12
[TRAIN] Step 161 | Loss=0.042487 | Best makespan in group=1814.00
[TRAIN] Step 162/350 | 22:54:32
[TRAIN] Step 162 | Loss=0.982147 | Best makespan in group=2081.00
[TRAIN] Step 163/350 | 22:55:55
[TRAIN] Step 163 | Loss=0.383940 | Best makespan in group=2304.00
[TRAIN] Step 164/350 | 22:57:21
[TRAIN] Step 164 | Loss=1.053751 | Best makespan in group=3028.00
[TRAIN] Step 165/350 | 22:59:03
[TRAIN] Step 165 | Loss=1.801020 | Best makespan in group=1828.00
[TRAIN] Step 166/350 | 23:00:43
[TRAIN] Step 166 | Loss=1.200246 | Best makespan in group=2394.00
[TRAIN] Step 167/350 | 23:02:13
[TRAIN] Step 167 | Loss=4.426322 | Best makespan in group=1860.00
[TRAIN] Step 168/350 | 23:03:57
[TRAIN] Step 168 | Loss=0.023647 | Best makespan in group=1558.00
[TRAIN] Step 169/350 | 23:05:06
[TRAIN] Step 169 | Loss=8.956475 | Best makespan in group=2690.00
[TRAIN] Step 170/350 | 23:06:26
[TRAIN] Step 170 | Loss=0.005961 | Best makespan in group=1171.00
[TRAIN] Step 171/350 | 23:07:40
[TRAIN] Step 171 | Loss=4.163894 | Best makespan in group=2376.00
[TRAIN] Step 172/350 | 23:09:26
[TRAIN] Step 172 | Loss=0.226340 | Best makespan in group=1793.00
[TRAIN] Step 173/350 | 23:11:06
[TRAIN] Step 173 | Loss=1.160405 | Best makespan in group=1824.00
[TRAIN] Step 174/350 | 23:12:31
[TRAIN] Step 174 | Loss=1.649684 | Best makespan in group=2678.00
[TRAIN] Step 175/350 | 23:13:55
[TRAIN] Step 175 | Loss=1.008150 | Best makespan in group=1616.00
[TRAIN] Step 176/350 | 23:15:16
[TRAIN] Step 176 | Loss=2.010743 | Best makespan in group=2006.00
[TRAIN] Step 177/350 | 23:16:45
[TRAIN] Step 177 | Loss=1.000398 | Best makespan in group=1892.00
[TRAIN] Step 178/350 | 23:18:04
[TRAIN] Step 178 | Loss=0.907381 | Best makespan in group=1215.00
[TRAIN] Step 179/350 | 23:19:27
[TRAIN] Step 179 | Loss=0.252960 | Best makespan in group=1636.00
[TRAIN] Step 180/350 | 23:20:51
[TRAIN] Step 180 | Loss=0.000094 | Best makespan in group=1888.00
[TRAIN][VAL][ep 180] avg_gap=0.1165 | std_gap=0.1496 | q80_gap=0.1504 | n=20
[TRAIN][VAL][ep 180] blocked_events=556 | swaps=38 in 12 instance(s)
[TRAIN] Validation improved | smoothed_avg_gap=0.1208 (raw=0.1165) | saving candidate: 131293531665324.pth
[TRAIN] Step 181/350 | 23:23:30
[TRAIN] Step 181 | Loss=0.000173 | Best makespan in group=1452.00
[TRAIN] Step 182/350 | 23:25:02
[TRAIN] Step 182 | Loss=0.068323 | Best makespan in group=1754.00
[TRAIN] Step 183/350 | 23:26:36
[TRAIN] Step 183 | Loss=2.275691 | Best makespan in group=1734.00
[TRAIN] Step 184/350 | 23:28:09
[TRAIN] Step 184 | Loss=3.596524 | Best makespan in group=2419.00
[TRAIN] Step 185/350 | 23:29:36
[TRAIN] Step 185 | Loss=4.095673 | Best makespan in group=1520.00
[TRAIN] Step 186/350 | 23:30:59
[TRAIN] Step 186 | Loss=2.582219 | Best makespan in group=2288.00
[TRAIN] Step 187/350 | 23:32:49
[TRAIN] Step 187 | Loss=2.695975 | Best makespan in group=2278.00
[TRAIN] Step 188/350 | 23:34:34
[TRAIN] Step 188 | Loss=0.387216 | Best makespan in group=1278.00
[TRAIN] Step 189/350 | 23:35:46
[TRAIN] Step 189 | Loss=2.013863 | Best makespan in group=1536.00
[TRAIN] Step 190/350 | 23:37:36
[TRAIN] Step 190 | Loss=4.180105 | Best makespan in group=1446.00
[TRAIN] Step 191/350 | 23:39:06
[TRAIN] Step 191 | Loss=0.616518 | Best makespan in group=1789.00
[TRAIN] Step 192/350 | 23:40:31
[TRAIN] Step 192 | Loss=0.405680 | Best makespan in group=1120.00
[TRAIN] Step 193/350 | 23:41:45
[TRAIN] Step 193 | Loss=4.438705 | Best makespan in group=2106.00
[TRAIN] Step 194/350 | 23:43:20
[TRAIN] Step 194 | Loss=0.584632 | Best makespan in group=1306.00
[TRAIN] Step 195/350 | 23:44:54
[TRAIN] Step 195 | Loss=0.628746 | Best makespan in group=1776.00
[TRAIN] Step 196/350 | 23:46:51
[TRAIN] Step 196 | Loss=0.361956 | Best makespan in group=1440.00
[TRAIN] Step 197/350 | 23:48:12
[TRAIN] Step 197 | Loss=10.334108 | Best makespan in group=2198.00
[TRAIN] Step 198/350 | 23:50:14
[TRAIN] Step 198 | Loss=4.192051 | Best makespan in group=1479.00
[TRAIN] Step 199/350 | 23:51:55
[TRAIN] Step 199 | Loss=6.688711 | Best makespan in group=2008.00
[TRAIN] Step 200/350 | 23:53:34
[TRAIN] Step 200 | Loss=0.032673 | Best makespan in group=1364.00
[TRAIN][VAL][ep 200] avg_gap=0.1063 | std_gap=0.1481 | q80_gap=0.1632 | n=20
[TRAIN][VAL][ep 200] blocked_events=550 | swaps=37 in 10 instance(s)
[TRAIN] Validation improved | smoothed_avg_gap=0.1104 (raw=0.1063) | saving candidate: 234521409121247.pth
[TRAIN] Step 201/350 | 23:55:35
[TRAIN] Step 201 | Loss=3.662660 | Best makespan in group=2321.00
[TRAIN] Step 202/350 | 23:57:26
[TRAIN] Step 202 | Loss=0.083595 | Best makespan in group=1513.00
[TRAIN] Step 203/350 | 23:59:00
[TRAIN] Step 203 | Loss=0.310132 | Best makespan in group=1440.00
[TRAIN] Step 204/350 | 00:00:18
[TRAIN] Step 204 | Loss=4.787202 | Best makespan in group=1991.00
[TRAIN] Step 205/350 | 00:02:26
[TRAIN] Step 205 | Loss=0.439117 | Best makespan in group=1544.00
[TRAIN] Step 206/350 | 00:04:19
[TRAIN] Step 206 | Loss=6.631638 | Best makespan in group=1446.00
[TRAIN] Step 207/350 | 00:05:45
[TRAIN] Step 207 | Loss=0.225665 | Best makespan in group=1628.00
[TRAIN] Step 208/350 | 00:07:13
[TRAIN] Step 208 | Loss=1.492007 | Best makespan in group=2004.00
[TRAIN] Step 209/350 | 00:08:43
[TRAIN] Step 209 | Loss=0.912074 | Best makespan in group=2006.00
[TRAIN] Step 210/350 | 00:10:13
[TRAIN] Step 210 | Loss=0.343753 | Best makespan in group=1758.00
[TRAIN] Step 211/350 | 00:11:27
[TRAIN] Step 211 | Loss=2.404649 | Best makespan in group=2076.00
[TRAIN] Step 212/350 | 00:13:30
[TRAIN] Step 212 | Loss=11.180004 | Best makespan in group=2164.00
[TRAIN] Step 213/350 | 00:15:05
[TRAIN] Step 213 | Loss=1.440459 | Best makespan in group=2092.00
[TRAIN] Step 214/350 | 00:16:43
[TRAIN] Step 214 | Loss=5.522274 | Best makespan in group=2419.00
[TRAIN] Step 215/350 | 00:18:29
[TRAIN] Step 215 | Loss=0.062699 | Best makespan in group=1364.00
[TRAIN] Step 216/350 | 00:19:45
[TRAIN] Step 216 | Loss=0.023897 | Best makespan in group=1911.00
[TRAIN] Step 217/350 | 00:21:42
[TRAIN] Step 217 | Loss=12.377085 | Best makespan in group=1914.00
[TRAIN] Step 218/350 | 00:23:17
[TRAIN] Step 218 | Loss=0.572545 | Best makespan in group=1719.00
[TRAIN] Step 219/350 | 00:25:16
[TRAIN] Step 219 | Loss=0.003859 | Best makespan in group=1082.00
[TRAIN] Step 220/350 | 00:26:54
[TRAIN] Step 220 | Loss=0.003002 | Best makespan in group=2048.00
[TRAIN][VAL][ep 220] avg_gap=0.1074 | std_gap=0.1088 | q80_gap=0.1596 | n=20
[TRAIN][VAL][ep 220] blocked_events=553 | swaps=40 in 13 instance(s)
[TRAIN] Validation improved | smoothed_avg_gap=0.1100 (raw=0.1074) | saving candidate: 190895197179512.pth
[TRAIN] Step 221/350 | 00:29:31
[TRAIN] Step 221 | Loss=0.756887 | Best makespan in group=1279.00
[TRAIN] Step 222/350 | 00:30:45
[TRAIN] Step 222 | Loss=2.309065 | Best makespan in group=1824.00
[TRAIN] Step 223/350 | 00:32:19
[TRAIN] Step 223 | Loss=11.903458 | Best makespan in group=1892.00
[TRAIN] Step 224/350 | 00:33:40
[TRAIN] Step 224 | Loss=7.557591 | Best makespan in group=2390.00
[TRAIN] Step 225/350 | 00:35:04
[TRAIN] Step 225 | Loss=1.879095 | Best makespan in group=2522.00
[TRAIN] Step 226/350 | 00:36:37
[TRAIN] Step 226 | Loss=1.279065 | Best makespan in group=1136.00
[TRAIN] Step 227/350 | 00:38:00
[TRAIN] Step 227 | Loss=1.010323 | Best makespan in group=1212.00
[TRAIN] Step 228/350 | 00:39:35
[TRAIN] Step 228 | Loss=1.342927 | Best makespan in group=1793.00
[TRAIN] Step 229/350 | 00:41:23
[TRAIN] Step 229 | Loss=4.363381 | Best makespan in group=2008.00
[TRAIN] Step 230/350 | 00:43:00
[TRAIN] Step 230 | Loss=2.178373 | Best makespan in group=2456.00
[TRAIN] Step 231/350 | 00:44:52
[TRAIN] Step 231 | Loss=5.430423 | Best makespan in group=1620.00
[TRAIN] Step 232/350 | 00:46:29
[TRAIN] Step 232 | Loss=12.047455 | Best makespan in group=2156.00
[TRAIN] Step 233/350 | 00:48:33
[TRAIN] Step 233 | Loss=4.294444 | Best makespan in group=1966.00
[TRAIN] Step 234/350 | 00:50:21
[TRAIN] Step 234 | Loss=0.284735 | Best makespan in group=1122.00
[TRAIN] Step 235/350 | 00:52:19
[TRAIN] Step 235 | Loss=0.001146 | Best makespan in group=1888.00
[TRAIN] Step 236/350 | 00:54:16
[TRAIN] Step 236 | Loss=1.042727 | Best makespan in group=1558.00
[TRAIN] Step 237/350 | 00:55:30
[TRAIN] Step 237 | Loss=1.126099 | Best makespan in group=1756.00
[TRAIN] Step 238/350 | 00:56:51
[TRAIN] Step 238 | Loss=5.861158 | Best makespan in group=1520.00
[TRAIN] Step 239/350 | 00:58:15
[TRAIN] Step 239 | Loss=0.293980 | Best makespan in group=1502.00
[TRAIN] Step 240/350 | 00:59:42
[TRAIN] Step 240 | Loss=0.668931 | Best makespan in group=2278.00
[TRAIN][VAL][ep 240] avg_gap=0.1112 | std_gap=0.1453 | q80_gap=0.1632 | n=20
[TRAIN][VAL][ep 240] blocked_events=558 | swaps=45 in 12 instance(s)
[TRAIN] Validation improved | smoothed_avg_gap=0.1083 (raw=0.1112) | saving candidate: 997498464629890.pth
[TRAIN] Step 241/350 | 01:02:12
[TRAIN] Step 241 | Loss=3.222235 | Best makespan in group=2278.00
[TRAIN] Step 242/350 | 01:03:40
[TRAIN] Step 242 | Loss=0.033100 | Best makespan in group=1520.00
[TRAIN] Step 243/350 | 01:04:58
[TRAIN] Step 243 | Loss=3.640523 | Best makespan in group=1790.00
[TRAIN] Step 244/350 | 01:06:53
[TRAIN] Step 244 | Loss=0.445250 | Best makespan in group=1144.00
[TRAIN] Step 245/350 | 01:08:10
[TRAIN] Step 245 | Loss=1.065433 | Best makespan in group=1334.00
[TRAIN] Step 246/350 | 01:09:25
[TRAIN] Step 246 | Loss=0.724096 | Best makespan in group=1582.00
[TRAIN] Step 247/350 | 01:10:41
[TRAIN] Step 247 | Loss=8.737767 | Best makespan in group=2213.00
[TRAIN] Step 248/350 | 01:12:35
[TRAIN] Step 248 | Loss=3.078149 | Best makespan in group=1792.00
[TRAIN] Step 249/350 | 01:13:52
[TRAIN] Step 249 | Loss=0.497487 | Best makespan in group=1460.00
[TRAIN] Step 250/350 | 01:15:43
[TRAIN] Step 250 | Loss=3.182832 | Best makespan in group=2236.00
[TRAIN] Step 251/350 | 01:17:34
[TRAIN] Step 251 | Loss=0.151757 | Best makespan in group=1287.00
[TRAIN] Step 252/350 | 01:19:04
[TRAIN] Step 252 | Loss=0.093908 | Best makespan in group=1132.00
[TRAIN] Step 253/350 | 01:20:34
[TRAIN] Step 253 | Loss=3.039860 | Best makespan in group=1536.00
[TRAIN] Step 254/350 | 01:22:17
[TRAIN] Step 254 | Loss=2.110924 | Best makespan in group=1763.00
[TRAIN] Step 255/350 | 01:23:38
[TRAIN] Step 255 | Loss=8.962771 | Best makespan in group=2506.00
[TRAIN] Step 256/350 | 01:25:13
[TRAIN] Step 256 | Loss=4.102841 | Best makespan in group=3028.00
[TRAIN] Step 257/350 | 01:27:08
[TRAIN] Step 257 | Loss=1.588637 | Best makespan in group=2276.00
[TRAIN] Step 258/350 | 01:28:47
[TRAIN] Step 258 | Loss=2.397705 | Best makespan in group=2134.00
[TRAIN] Step 259/350 | 01:30:16
[TRAIN] Step 259 | Loss=1.075570 | Best makespan in group=2488.00
[TRAIN] Step 260/350 | 01:31:53
[TRAIN] Step 260 | Loss=8.241862 | Best makespan in group=2394.00
[TRAIN][VAL][ep 260] avg_gap=0.1112 | std_gap=0.1441 | q80_gap=0.1596 | n=20
[TRAIN][VAL][ep 260] blocked_events=558 | swaps=41 in 12 instance(s)
[TRAIN] Step 261/350 | 01:34:08
[TRAIN] Step 261 | Loss=0.755189 | Best makespan in group=2180.00
[TRAIN] Step 262/350 | 01:35:46
[TRAIN] Step 262 | Loss=1.227783 | Best makespan in group=1120.00
[TRAIN] Step 263/350 | 01:37:04
[TRAIN] Step 263 | Loss=2.657513 | Best makespan in group=1786.00
[TRAIN] Step 264/350 | 01:38:40
[TRAIN] Step 264 | Loss=3.223113 | Best makespan in group=1752.00
[TRAIN] Step 265/350 | 01:40:24
[TRAIN] Step 265 | Loss=0.508947 | Best makespan in group=1656.00
[TRAIN] Step 266/350 | 01:41:50
[TRAIN] Step 266 | Loss=0.000845 | Best makespan in group=2150.00
[TRAIN] Step 267/350 | 01:43:30
[TRAIN] Step 267 | Loss=1.345339 | Best makespan in group=2376.00
[TRAIN] Step 268/350 | 01:45:21
[TRAIN] Step 268 | Loss=0.653650 | Best makespan in group=1960.00
[TRAIN] Step 269/350 | 01:46:50
[TRAIN] Step 269 | Loss=7.933938 | Best makespan in group=1793.00
[TRAIN] Step 270/350 | 01:48:00
[TRAIN] Step 270 | Loss=0.819892 | Best makespan in group=2034.00
[TRAIN] Step 271/350 | 01:49:23
[TRAIN] Step 271 | Loss=4.778173 | Best makespan in group=2002.00
[TRAIN] Step 272/350 | 01:51:01
[TRAIN] Step 272 | Loss=1.302283 | Best makespan in group=2092.00
[TRAIN] Step 273/350 | 01:52:29
[TRAIN] Step 273 | Loss=5.197214 | Best makespan in group=2102.00
[TRAIN] Step 274/350 | 01:53:51
[TRAIN] Step 274 | Loss=0.115127 | Best makespan in group=1212.00
[TRAIN] Step 275/350 | 01:55:20
[TRAIN] Step 275 | Loss=1.580900 | Best makespan in group=1772.00
[TRAIN] Step 276/350 | 01:56:50
[TRAIN] Step 276 | Loss=1.132585 | Best makespan in group=2095.00
[TRAIN] Step 277/350 | 01:58:21
[TRAIN] Step 277 | Loss=0.003955 | Best makespan in group=1452.00
[TRAIN] Step 278/350 | 01:59:47
[TRAIN] Step 278 | Loss=1.914522 | Best makespan in group=1882.00
[TRAIN] Step 279/350 | 02:00:55
[TRAIN] Step 279 | Loss=2.483595 | Best makespan in group=2678.00
[TRAIN] Step 280/350 | 02:02:27
[TRAIN] Step 280 | Loss=0.105374 | Best makespan in group=1900.00
[TRAIN][VAL][ep 280] avg_gap=0.1076 | std_gap=0.1439 | q80_gap=0.1205 | n=20
[TRAIN][VAL][ep 280] blocked_events=560 | swaps=40 in 12 instance(s)
[TRAIN] Step 281/350 | 02:04:41
[TRAIN] Step 281 | Loss=1.316383 | Best makespan in group=1262.00
[TRAIN] Step 282/350 | 02:06:28
[TRAIN] Step 282 | Loss=1.222939 | Best makespan in group=1776.00
[TRAIN] Step 283/350 | 02:08:21
[TRAIN] Step 283 | Loss=0.008365 | Best makespan in group=1830.00
[TRAIN] Step 284/350 | 02:09:38
[TRAIN] Step 284 | Loss=0.959016 | Best makespan in group=1614.00
[TRAIN] Step 285/350 | 02:11:10
[TRAIN] Step 285 | Loss=0.098467 | Best makespan in group=2394.00
[TRAIN] Step 286/350 | 02:12:44
[TRAIN] Step 286 | Loss=6.344660 | Best makespan in group=2678.00
[TRAIN] Step 287/350 | 02:14:01
[TRAIN] Step 287 | Loss=0.112043 | Best makespan in group=1754.00
[TRAIN] Step 288/350 | 02:15:26
[TRAIN] Step 288 | Loss=3.578820 | Best makespan in group=2304.00
[TRAIN] Step 289/350 | 02:16:53
[TRAIN] Step 289 | Loss=3.100234 | Best makespan in group=1958.00
[TRAIN] Step 290/350 | 02:18:32
[TRAIN] Step 290 | Loss=0.635080 | Best makespan in group=1670.00
[TRAIN] Step 291/350 | 02:19:41
[TRAIN] Step 291 | Loss=0.257764 | Best makespan in group=1160.00
[TRAIN] Step 292/350 | 02:20:50
[TRAIN] Step 292 | Loss=0.013897 | Best makespan in group=1916.00
[TRAIN] Step 293/350 | 02:22:21
[TRAIN] Step 293 | Loss=4.762882 | Best makespan in group=1814.00
[TRAIN] Step 294/350 | 02:23:45
[TRAIN] Step 294 | Loss=2.401423 | Best makespan in group=3164.00
[TRAIN] Step 295/350 | 02:25:49
[TRAIN] Step 295 | Loss=5.836025 | Best makespan in group=1606.00
[TRAIN] Step 296/350 | 02:27:35
[TRAIN] Step 296 | Loss=2.070645 | Best makespan in group=2690.00
[TRAIN] Step 297/350 | 02:29:04
[TRAIN] Step 297 | Loss=2.008236 | Best makespan in group=1734.00
[TRAIN] Step 298/350 | 02:30:34
[TRAIN] Step 298 | Loss=0.219658 | Best makespan in group=729.00
[TRAIN] Step 299/350 | 02:31:44
[TRAIN] Step 299 | Loss=8.220513 | Best makespan in group=2010.00
[TRAIN] Step 300/350 | 02:33:02
[TRAIN] Step 300 | Loss=4.114783 | Best makespan in group=1798.00
[TRAIN][VAL][ep 300] avg_gap=0.1116 | std_gap=0.1441 | q80_gap=0.1632 | n=20
[TRAIN][VAL][ep 300] blocked_events=549 | swaps=39 in 12 instance(s)
[TRAIN] Step 301/350 | 02:35:02
[TRAIN] Step 301 | Loss=1.659396 | Best makespan in group=1966.00
[TRAIN] Step 302/350 | 02:36:49
[TRAIN] Step 302 | Loss=0.004650 | Best makespan in group=1452.00
[TRAIN] Step 303/350 | 02:38:14
[TRAIN] Step 303 | Loss=7.339008 | Best makespan in group=1761.00
[TRAIN] Step 304/350 | 02:40:00
[TRAIN] Step 304 | Loss=1.159947 | Best makespan in group=2092.00
[TRAIN] Step 305/350 | 02:41:32
[TRAIN] Step 305 | Loss=0.043538 | Best makespan in group=1582.00
[TRAIN] Step 306/350 | 02:42:48
[TRAIN] Step 306 | Loss=1.409553 | Best makespan in group=1776.00
[TRAIN] Step 307/350 | 02:44:41
[TRAIN] Step 307 | Loss=6.946513 | Best makespan in group=1908.00
[TRAIN] Step 308/350 | 02:45:55
[TRAIN] Step 308 | Loss=2.908977 | Best makespan in group=1765.00
[TRAIN] Step 309/350 | 02:47:08
[TRAIN] Step 309 | Loss=0.329900 | Best makespan in group=1102.00
[TRAIN] Step 310/350 | 02:48:34
[TRAIN] Step 310 | Loss=3.649602 | Best makespan in group=1120.00
[TRAIN] Step 311/350 | 02:49:50
[TRAIN] Step 311 | Loss=9.479764 | Best makespan in group=2165.00
[TRAIN] Step 312/350 | 02:51:23
[TRAIN] Step 312 | Loss=2.543712 | Best makespan in group=1792.00
[TRAIN] Step 313/350 | 02:52:43
[TRAIN] Step 313 | Loss=0.058758 | Best makespan in group=1786.00
[TRAIN] Step 314/350 | 02:54:30
[TRAIN] Step 314 | Loss=2.262568 | Best makespan in group=1734.00
[TRAIN] Step 315/350 | 02:56:02
[TRAIN] Step 315 | Loss=0.000820 | Best makespan in group=1888.00
[TRAIN] Step 316/350 | 02:58:00
[TRAIN] Step 316 | Loss=0.469851 | Best makespan in group=1274.00
[TRAIN] Step 317/350 | 02:59:35
[TRAIN] Step 317 | Loss=1.524230 | Best makespan in group=1926.00
[TRAIN] Step 318/350 | 03:01:12
[TRAIN] Step 318 | Loss=0.079379 | Best makespan in group=2678.00
[TRAIN] Step 319/350 | 03:02:34
[TRAIN] Step 319 | Loss=0.914199 | Best makespan in group=1758.00
[TRAIN] Step 320/350 | 03:03:50
[TRAIN] Step 320 | Loss=2.262216 | Best makespan in group=1244.00
[TRAIN][VAL][ep 320] avg_gap=0.1128 | std_gap=0.1300 | q80_gap=0.1632 | n=20
[TRAIN][VAL][ep 320] blocked_events=558 | swaps=41 in 12 instance(s)
[TRAIN] Step 321/350 | 03:06:28
[TRAIN] Step 321 | Loss=4.656633 | Best makespan in group=2102.00
[TRAIN] Step 322/350 | 03:07:52
[TRAIN] Step 322 | Loss=2.189558 | Best makespan in group=2010.00
[TRAIN] Step 323/350 | 03:09:22
[TRAIN] Step 323 | Loss=1.673647 | Best makespan in group=2008.00
[TRAIN] Step 324/350 | 03:10:58
[TRAIN] Step 324 | Loss=1.788210 | Best makespan in group=1636.00
[TRAIN] Step 325/350 | 03:12:30
[TRAIN] Step 325 | Loss=2.034207 | Best makespan in group=2278.00
[TRAIN] Step 326/350 | 03:14:11
[TRAIN] Step 326 | Loss=0.891774 | Best makespan in group=1334.00
[TRAIN] Step 327/350 | 03:15:23
[TRAIN] Step 327 | Loss=7.334703 | Best makespan in group=1935.00
[TRAIN] Step 328/350 | 03:17:10
[TRAIN] Step 328 | Loss=0.070050 | Best makespan in group=1772.00
[TRAIN] Step 329/350 | 03:18:37
[TRAIN] Step 329 | Loss=2.676244 | Best makespan in group=2034.00
[TRAIN] Step 330/350 | 03:19:55
[TRAIN] Step 330 | Loss=5.279732 | Best makespan in group=1958.00
[TRAIN] Step 331/350 | 03:21:36
[TRAIN] Step 331 | Loss=1.038763 | Best makespan in group=1520.00
[TRAIN] Step 332/350 | 03:22:49
[TRAIN] Step 332 | Loss=0.707644 | Best makespan in group=2006.00
[TRAIN] Step 333/350 | 03:24:17
[TRAIN] Step 333 | Loss=0.530624 | Best makespan in group=2394.00
[TRAIN] Step 334/350 | 03:25:51
[TRAIN] Step 334 | Loss=3.434200 | Best makespan in group=1520.00
[TRAIN] Step 335/350 | 03:27:13
[TRAIN] Step 335 | Loss=0.947919 | Best makespan in group=1558.00
[TRAIN] Step 336/350 | 03:28:28
[TRAIN] Step 336 | Loss=1.155861 | Best makespan in group=1656.00
[TRAIN] Step 337/350 | 03:29:58
[TRAIN] Step 337 | Loss=1.563533 | Best makespan in group=1768.00
[TRAIN] Step 338/350 | 03:31:12
[TRAIN] Step 338 | Loss=3.347308 | Best makespan in group=1544.00
[TRAIN] Step 339/350 | 03:33:09
[TRAIN] Step 339 | Loss=0.372256 | Best makespan in group=1160.00
[TRAIN] Step 340/350 | 03:34:23
[TRAIN] Step 340 | Loss=2.375190 | Best makespan in group=2456.00
[TRAIN][VAL][ep 340] avg_gap=0.1161 | std_gap=0.1304 | q80_gap=0.1632 | n=20
[TRAIN][VAL][ep 340] blocked_events=563 | swaps=42 in 12 instance(s)
[TRAIN] Step 341/350 | 03:37:02
[TRAIN] Step 341 | Loss=5.898910 | Best makespan in group=2618.00
[TRAIN] Step 342/350 | 03:38:36
[TRAIN] Step 342 | Loss=1.041972 | Best makespan in group=2076.00
[TRAIN] Step 343/350 | 03:40:42
[TRAIN] Step 343 | Loss=9.230538 | Best makespan in group=1976.00
[TRAIN] Step 344/350 | 03:42:45
[TRAIN] Step 344 | Loss=5.496611 | Best makespan in group=1756.00
[TRAIN] Step 345/350 | 03:44:04
[TRAIN] Step 345 | Loss=0.929952 | Best makespan in group=1438.00
[TRAIN] Step 346/350 | 03:45:38
[TRAIN] Step 346 | Loss=4.140218 | Best makespan in group=3164.00
[TRAIN] Step 347/350 | 03:47:37
[TRAIN] Step 347 | Loss=2.054076 | Best makespan in group=2259.00
[TRAIN] Step 348/350 | 03:49:28
[TRAIN] Step 348 | Loss=0.289597 | Best makespan in group=1616.00
[TRAIN] Step 349/350 | 03:51:00
[TRAIN] Step 349 | Loss=2.583306 | Best makespan in group=1446.00
[TRAIN] Step 350/350 | 03:52:26
[TRAIN] Step 350 | Loss=4.274931 | Best makespan in group=3028.00
[TRAIN][VAL][ep 350] avg_gap=0.1107 | std_gap=0.1305 | q80_gap=0.1632 | n=20
[TRAIN][VAL][ep 350] blocked_events=563 | swaps=41 in 12 instance(s)
[TRAIN] Evaluating best checkpoint (candidate_models\blocking\997498464629890.pth) on the held-out test split...
[TRAIN][TEST] avg_gap=0.1795 | std_gap=0.1267 | q80_gap=0.2634 | n=20
[TRAIN][TEST] blocked_events=529 | swaps=38 in 14 instance(s)
[TRAIN][03:55:44] Training ended. Validation history and plots updated.
[MAIN] Run finished at 2026-10-04 03:55:44
============================================================
=== [B] exit code 0 | 2026-10-04 03:55:46 ===
=== [B] TRAIN blk350_gat_L2_selk1_mask1_edges_sum_incgreedy_ojm_blk_s42 | 2026-10-04 03:55:46 ===
C:\Users\maria\Desktop\dissertation-bopo_introduction\.venv\Lib\site-packages\torch\jit\_script.py:1491: FutureWarning: `torch.jit.script` is deprecated. Please switch to `torch.compile` or `torch.export`.
  warnings.warn(
============================================================
[MAIN] Run started at 2026-10-04 03:56:01
[MAIN] mode=train
[MAIN] run_name=blk350_gat_L2_selk1_mask1_edges_sum_incgreedy_ojm_blk
[MAIN] representation(s)=['ojm_blk']
[MAIN] gnn_type=gat
[MAIN] overrides={'mask_option': 1, 'sel_k': 1, 'num_layers': 2, 'logp_norm': 'sum', 'exclude_greedy_from_loss': False, 'jm_design': 'edges'}
============================================================
[MAIN] Training representation=ojm_blk | seed=42 | run_name=blk350_gat_L2_selk1_mask1_edges_sum_incgreedy_ojm_blk_s42 | gnn_type=gat | overrides={'mask_option': 1, 'sel_k': 1, 'num_layers': 2, 'logp_norm': 'sum', 'exclude_greedy_from_loss': False, 'jm_design': 'edges'}
============================================================
[TRAIN] Training started at: 2026-10-04 03:56:01
[TRAIN] Hyperparams | max_steps=350 | new_freq=500
[TRAIN]             | n_cases=100 | B=64 | K=16 | use_greedy=True | lr=0.0005 (decaying to 1.00e-04)
[TRAIN]             | warm_start_steps=200 | checkpoint_smooth_window=3 | seed=42
[TRAIN]             | hidden_channels=128 | num_layers=2 | heads=3
[TRAIN]             | logp_norm=sum | exclude_greedy_from_loss=False
[TRAIN] Representation | ojm_blk | GNN | gat | jm_design | edges
[TRAIN] Problem size | jobs=[8,10] | machines=[5,10] | ops_per_job=[5,6] | max_proc=100
============================================================
[TRAIN] Output run folder: results\blocking\blk350_gat_L2_selk1_mask1_edges_sum_incgreedy_ojm_blk_s42
[TRAIN] Validation config | every=20 steps | instances=20 (representative subset)
[TRAIN] Blocking setting | buffers in=2 out=1 | instances={'range_jobs': (12, 15), 'range_machines': (4, 6), 'range_op_per_job': (5, 6), 'max_processing': 100, 'mas_per_ope_max': 3, 'n_bottlenecks': 1, 'bottleneck_prob': 0.7, 'bottleneck_factor': 2.0}
[TRAIN] Warm-start (behavior cloning vs. dispatch heuristic) | 200 step(s)...
[TRAIN][WARMSTART] step 10/200 | instance=74 | bc_loss=1.3939 | decisions=26
[TRAIN][WARMSTART] step 20/200 | instance=80 | bc_loss=1.4788 | decisions=34
[TRAIN][WARMSTART] step 30/200 | instance=76 | bc_loss=1.3021 | decisions=34
[TRAIN][WARMSTART] step 40/200 | instance=83 | bc_loss=1.3302 | decisions=41
[TRAIN][WARMSTART] step 50/200 | instance=68 | bc_loss=1.2646 | decisions=31
[TRAIN][WARMSTART] step 60/200 | instance=41 | bc_loss=1.5139 | decisions=36
[TRAIN][WARMSTART] step 70/200 | instance=15 | bc_loss=1.0238 | decisions=33
[TRAIN][WARMSTART] step 80/200 | instance=72 | bc_loss=1.4694 | decisions=38
[TRAIN][WARMSTART] step 90/200 | instance=27 | bc_loss=0.9248 | decisions=35
[TRAIN][WARMSTART] step 100/200 | instance=53 | bc_loss=0.6893 | decisions=26
[TRAIN][WARMSTART] step 110/200 | instance=28 | bc_loss=1.0986 | decisions=36
[TRAIN][WARMSTART] step 120/200 | instance=9 | bc_loss=0.8373 | decisions=35
[TRAIN][WARMSTART] step 130/200 | instance=21 | bc_loss=1.0355 | decisions=49
[TRAIN][WARMSTART] step 140/200 | instance=13 | bc_loss=0.9370 | decisions=36
[TRAIN][WARMSTART] step 150/200 | instance=56 | bc_loss=0.7777 | decisions=32
[TRAIN][WARMSTART] step 160/200 | instance=72 | bc_loss=1.2748 | decisions=38
[TRAIN][WARMSTART] step 170/200 | instance=43 | bc_loss=1.0445 | decisions=29
[TRAIN][WARMSTART] step 180/200 | instance=62 | bc_loss=1.0038 | decisions=36
[TRAIN][WARMSTART] step 190/200 | instance=40 | bc_loss=0.7924 | decisions=31
[TRAIN][WARMSTART] step 200/200 | instance=19 | bc_loss=0.6259 | decisions=31
[TRAIN] Warm-start complete, switching to BOPO preference optimization.
------------------------------------------------------------
[TRAIN] BOPO agent ready. Starting training loop for 350 step(s)...
------------------------------------------------------------
[TRAIN] Step 1/350 | 04:06:49
[TRAIN] Step 1 | Loss=3.109212 | Best makespan in group=1446.00
[TRAIN] Step 2/350 | 04:08:05
[TRAIN] Step 2 | Loss=3.843250 | Best makespan in group=1620.00
[TRAIN] Step 3/350 | 04:09:25
[TRAIN] Step 3 | Loss=7.016401 | Best makespan in group=2406.00
[TRAIN] Step 4/350 | 04:10:39
[TRAIN] Step 4 | Loss=4.594173 | Best makespan in group=1460.00
[TRAIN] Step 5/350 | 04:12:12
[TRAIN] Step 5 | Loss=5.594133 | Best makespan in group=2174.00
[TRAIN] Step 6/350 | 04:13:30
[TRAIN] Step 6 | Loss=1.256409 | Best makespan in group=3164.00
[TRAIN] Step 7/350 | 04:15:22
[TRAIN] Step 7 | Loss=0.039910 | Best makespan in group=1092.00
[TRAIN] Step 8/350 | 04:16:39
[TRAIN] Step 8 | Loss=0.299778 | Best makespan in group=2450.00
[TRAIN] Step 9/350 | 04:18:03
[TRAIN] Step 9 | Loss=9.533036 | Best makespan in group=2160.00
[TRAIN] Step 10/350 | 04:19:46
[TRAIN] Step 10 | Loss=8.109603 | Best makespan in group=2223.00
[TRAIN] Step 11/350 | 04:21:27
[TRAIN] Step 11 | Loss=3.202015 | Best makespan in group=1656.00
[TRAIN] Step 12/350 | 04:22:44
[TRAIN] Step 12 | Loss=6.313869 | Best makespan in group=1440.00
[TRAIN] Step 13/350 | 04:23:59
[TRAIN] Step 13 | Loss=0.738131 | Best makespan in group=1756.00
[TRAIN] Step 14/350 | 04:25:11
[TRAIN] Step 14 | Loss=3.494213 | Best makespan in group=1888.00
[TRAIN] Step 15/350 | 04:27:01
[TRAIN] Step 15 | Loss=5.428935 | Best makespan in group=2280.00
[TRAIN] Step 16/350 | 04:28:42
[TRAIN] Step 16 | Loss=0.006283 | Best makespan in group=2102.00
[TRAIN] Step 17/350 | 04:30:03
[TRAIN] Step 17 | Loss=3.441360 | Best makespan in group=2044.00
[TRAIN] Step 18/350 | 04:31:38
[TRAIN] Step 18 | Loss=2.997780 | Best makespan in group=2004.00
[TRAIN] Step 19/350 | 04:32:58
[TRAIN] Step 19 | Loss=0.410435 | Best makespan in group=1798.00
[TRAIN] Step 20/350 | 04:33:58
[TRAIN] Step 20 | Loss=10.442586 | Best makespan in group=2162.00
[TRAIN][VAL][ep 20] avg_gap=0.1604 | std_gap=0.1335 | q80_gap=0.3071 | n=20
[TRAIN][VAL][ep 20] blocked_events=378 | swaps=25 in 8 instance(s)
[TRAIN] Validation improved | smoothed_avg_gap=0.1604 (raw=0.1604) | saving candidate: 863105195444501.pth
[TRAIN] Step 21/350 | 04:35:55
[TRAIN] Step 21 | Loss=0.222146 | Best makespan in group=1144.00
[TRAIN] Step 22/350 | 04:36:59
[TRAIN] Step 22 | Loss=1.000575 | Best makespan in group=2387.00
[TRAIN] Step 23/350 | 04:38:30
[TRAIN] Step 23 | Loss=3.181796 | Best makespan in group=1582.00
[TRAIN] Step 24/350 | 04:39:35
[TRAIN] Step 24 | Loss=7.756627 | Best makespan in group=2048.00
[TRAIN] Step 25/350 | 04:41:03
[TRAIN] Step 25 | Loss=0.212152 | Best makespan in group=2041.00
[TRAIN] Step 26/350 | 04:42:30
[TRAIN] Step 26 | Loss=0.771797 | Best makespan in group=1172.00
[TRAIN] Step 27/350 | 04:43:48
[TRAIN] Step 27 | Loss=11.125469 | Best makespan in group=2008.00
[TRAIN] Step 28/350 | 04:45:08
[TRAIN] Step 28 | Loss=5.269681 | Best makespan in group=1776.00
[TRAIN] Step 29/350 | 04:46:45
[TRAIN] Step 29 | Loss=6.633609 | Best makespan in group=1814.00
[TRAIN] Step 30/350 | 04:47:58
[TRAIN] Step 30 | Loss=5.700504 | Best makespan in group=1966.00
[TRAIN] Step 31/350 | 04:49:31
[TRAIN] Step 31 | Loss=1.628463 | Best makespan in group=2394.00
[TRAIN] Step 32/350 | 04:50:53
[TRAIN] Step 32 | Loss=4.338621 | Best makespan in group=1289.00
[TRAIN] Step 33/350 | 04:52:13
[TRAIN] Step 33 | Loss=1.511548 | Best makespan in group=1908.00
[TRAIN] Step 34/350 | 04:53:14
[TRAIN] Step 34 | Loss=0.001848 | Best makespan in group=1160.00
[TRAIN] Step 35/350 | 04:54:18
[TRAIN] Step 35 | Loss=11.926389 | Best makespan in group=2183.00
[TRAIN] Step 36/350 | 04:55:56
[TRAIN] Step 36 | Loss=0.925184 | Best makespan in group=1200.00
[TRAIN] Step 37/350 | 04:57:35
[TRAIN] Step 37 | Loss=4.176003 | Best makespan in group=1886.00
[TRAIN] Step 38/350 | 04:59:02
[TRAIN] Step 38 | Loss=1.776565 | Best makespan in group=2006.00
[TRAIN] Step 39/350 | 05:00:23
[TRAIN] Step 39 | Loss=14.649395 | Best makespan in group=2619.00
[TRAIN] Step 40/350 | 05:01:55
[TRAIN] Step 40 | Loss=0.149609 | Best makespan in group=2376.00
[TRAIN][VAL][ep 40] avg_gap=0.1417 | std_gap=0.0978 | q80_gap=0.2273 | n=20
[TRAIN][VAL][ep 40] blocked_events=365 | swaps=15 in 9 instance(s)
[TRAIN] Validation improved | smoothed_avg_gap=0.1511 (raw=0.1417) | saving candidate: 149599754677049.pth
[TRAIN] Step 41/350 | 05:04:07
[TRAIN] Step 41 | Loss=2.945231 | Best makespan in group=2394.00
[TRAIN] Step 42/350 | 05:05:16
[TRAIN] Step 42 | Loss=0.258541 | Best makespan in group=1900.00
[TRAIN] Step 43/350 | 05:06:28
[TRAIN] Step 43 | Loss=1.589165 | Best makespan in group=1122.00
[TRAIN] Step 44/350 | 05:07:34
[TRAIN] Step 44 | Loss=5.456408 | Best makespan in group=1670.00
[TRAIN] Step 45/350 | 05:08:35
[TRAIN] Step 45 | Loss=1.567056 | Best makespan in group=1892.00
[TRAIN] Step 46/350 | 05:09:50
[TRAIN] Step 46 | Loss=0.022317 | Best makespan in group=1758.00
[TRAIN] Step 47/350 | 05:10:57
[TRAIN] Step 47 | Loss=8.903730 | Best makespan in group=2260.00
[TRAIN] Step 48/350 | 05:12:41
[TRAIN] Step 48 | Loss=1.633970 | Best makespan in group=2010.00
[TRAIN] Step 49/350 | 05:13:51
[TRAIN] Step 49 | Loss=0.783291 | Best makespan in group=1628.00
[TRAIN] Step 50/350 | 05:15:07
[TRAIN] Step 50 | Loss=2.101382 | Best makespan in group=2092.00
[TRAIN] Step 51/350 | 05:16:30
[TRAIN] Step 51 | Loss=0.581439 | Best makespan in group=2310.00
[TRAIN] Step 52/350 | 05:18:01
[TRAIN] Step 52 | Loss=0.667863 | Best makespan in group=1562.00
[TRAIN] Step 53/350 | 05:19:21
[TRAIN] Step 53 | Loss=0.634698 | Best makespan in group=1865.00
[TRAIN] Step 54/350 | 05:21:00
[TRAIN] Step 54 | Loss=2.731981 | Best makespan in group=2205.00
[TRAIN] Step 55/350 | 05:22:39
[TRAIN] Step 55 | Loss=4.404510 | Best makespan in group=2192.00
[TRAIN] Step 56/350 | 05:24:00
[TRAIN] Step 56 | Loss=2.690328 | Best makespan in group=2092.00
[TRAIN] Step 57/350 | 05:25:17
[TRAIN] Step 57 | Loss=7.331848 | Best makespan in group=1792.00
[TRAIN] Step 58/350 | 05:26:19
[TRAIN] Step 58 | Loss=0.804765 | Best makespan in group=2690.00
[TRAIN] Step 59/350 | 05:27:34
[TRAIN] Step 59 | Loss=2.585753 | Best makespan in group=1952.00
[TRAIN] Step 60/350 | 05:29:05
[TRAIN] Step 60 | Loss=0.744775 | Best makespan in group=1786.00
[TRAIN][VAL][ep 60] avg_gap=0.1312 | std_gap=0.1326 | q80_gap=0.2054 | n=20
[TRAIN][VAL][ep 60] blocked_events=456 | swaps=32 in 8 instance(s)
[TRAIN] Validation improved | smoothed_avg_gap=0.1444 (raw=0.1312) | saving candidate: 444273735716267.pth
[TRAIN] Step 61/350 | 05:31:05
[TRAIN] Step 61 | Loss=1.404798 | Best makespan in group=1452.00
[TRAIN] Step 62/350 | 05:32:18
[TRAIN] Step 62 | Loss=0.729608 | Best makespan in group=1638.00
[TRAIN] Step 63/350 | 05:33:37
[TRAIN] Step 63 | Loss=3.599378 | Best makespan in group=1536.00
[TRAIN] Step 64/350 | 05:35:02
[TRAIN] Step 64 | Loss=6.592929 | Best makespan in group=2023.00
[TRAIN] Step 65/350 | 05:36:20
[TRAIN] Step 65 | Loss=4.842952 | Best makespan in group=1364.00
[TRAIN] Step 66/350 | 05:37:25
[TRAIN] Step 66 | Loss=6.785489 | Best makespan in group=2456.00
[TRAIN] Step 67/350 | 05:39:00
[TRAIN] Step 67 | Loss=2.422109 | Best makespan in group=1570.00
[TRAIN] Step 68/350 | 05:40:18
[TRAIN] Step 68 | Loss=0.000568 | Best makespan in group=1754.00
[TRAIN] Step 69/350 | 05:41:27
[TRAIN] Step 69 | Loss=5.581398 | Best makespan in group=2509.00
[TRAIN] Step 70/350 | 05:42:45
[TRAIN] Step 70 | Loss=0.831935 | Best makespan in group=1856.00
[TRAIN] Step 71/350 | 05:44:07
[TRAIN] Step 71 | Loss=4.184391 | Best makespan in group=1830.00
[TRAIN] Step 72/350 | 05:45:14
[TRAIN] Step 72 | Loss=7.839470 | Best makespan in group=2180.00
[TRAIN] Step 73/350 | 05:46:34
[TRAIN] Step 73 | Loss=11.123486 | Best makespan in group=1845.00
[TRAIN] Step 74/350 | 05:47:40
[TRAIN] Step 74 | Loss=2.789528 | Best makespan in group=2278.00
[TRAIN] Step 75/350 | 05:48:55
[TRAIN] Step 75 | Loss=3.718289 | Best makespan in group=1804.00
[TRAIN] Step 76/350 | 05:50:33
[TRAIN] Step 76 | Loss=0.307003 | Best makespan in group=1174.00
[TRAIN] Step 77/350 | 05:51:38
[TRAIN] Step 77 | Loss=0.521230 | Best makespan in group=2678.00
[TRAIN] Step 78/350 | 05:52:58
[TRAIN] Step 78 | Loss=4.785621 | Best makespan in group=2688.00
[TRAIN] Step 79/350 | 05:54:16
[TRAIN] Step 79 | Loss=2.314884 | Best makespan in group=1864.00
[TRAIN] Step 80/350 | 05:55:50
[TRAIN] Step 80 | Loss=2.428031 | Best makespan in group=1792.00
[TRAIN][VAL][ep 80] avg_gap=0.1558 | std_gap=0.1233 | q80_gap=0.2704 | n=20
[TRAIN][VAL][ep 80] blocked_events=488 | swaps=28 in 13 instance(s)
[TRAIN] Validation improved | smoothed_avg_gap=0.1429 (raw=0.1558) | saving candidate: 387703843115017.pth
[TRAIN] Step 81/350 | 05:57:47
[TRAIN] Step 81 | Loss=0.329085 | Best makespan in group=2122.00
[TRAIN] Step 82/350 | 05:58:59
[TRAIN] Step 82 | Loss=6.296119 | Best makespan in group=1544.00
[TRAIN] Step 83/350 | 06:00:39
[TRAIN] Step 83 | Loss=3.706371 | Best makespan in group=3028.00
[TRAIN] Step 84/350 | 06:02:18
[TRAIN] Step 84 | Loss=0.131371 | Best makespan in group=1413.00
[TRAIN] Step 85/350 | 06:03:37
[TRAIN] Step 85 | Loss=4.546506 | Best makespan in group=2678.00
[TRAIN] Step 86/350 | 06:04:48
[TRAIN] Step 86 | Loss=0.546078 | Best makespan in group=1734.00
[TRAIN] Step 87/350 | 06:06:08
[TRAIN] Step 87 | Loss=5.177719 | Best makespan in group=2304.00
[TRAIN] Step 88/350 | 06:07:25
[TRAIN] Step 88 | Loss=0.001640 | Best makespan in group=1520.00
[TRAIN] Step 89/350 | 06:08:33
[TRAIN] Step 89 | Loss=0.721218 | Best makespan in group=1558.00
[TRAIN] Step 90/350 | 06:09:34
[TRAIN] Step 90 | Loss=5.699707 | Best makespan in group=1919.00
[TRAIN] Step 91/350 | 06:11:11
[TRAIN] Step 91 | Loss=0.169627 | Best makespan in group=2150.00
[TRAIN] Step 92/350 | 06:12:42
[TRAIN] Step 92 | Loss=0.006468 | Best makespan in group=1278.00
[TRAIN] Step 93/350 | 06:13:43
[TRAIN] Step 93 | Loss=1.214077 | Best makespan in group=1291.00
[TRAIN] Step 94/350 | 06:15:22
[TRAIN] Step 94 | Loss=0.183463 | Best makespan in group=1334.00
[TRAIN] Step 95/350 | 06:16:27
[TRAIN] Step 95 | Loss=1.385194 | Best makespan in group=1772.00
[TRAIN] Step 96/350 | 06:17:48
[TRAIN] Step 96 | Loss=0.286207 | Best makespan in group=1212.00
[TRAIN] Step 97/350 | 06:19:07
[TRAIN] Step 97 | Loss=4.611787 | Best makespan in group=2134.00
[TRAIN] Step 98/350 | 06:20:23
[TRAIN] Step 98 | Loss=0.004215 | Best makespan in group=729.00
[TRAIN] Step 99/350 | 06:21:25
[TRAIN] Step 99 | Loss=0.510565 | Best makespan in group=1520.00
[TRAIN] Step 100/350 | 06:22:37
[TRAIN] Step 100 | Loss=6.657746 | Best makespan in group=2034.00
[TRAIN][VAL][ep 100] avg_gap=0.1711 | std_gap=0.1765 | q80_gap=0.2432 | n=20
[TRAIN][VAL][ep 100] blocked_events=512 | swaps=48 in 13 instance(s)
[TRAIN] Step 101/350 | 06:24:29
[TRAIN] Step 101 | Loss=0.451190 | Best makespan in group=1160.00
[TRAIN] Step 102/350 | 06:25:26
[TRAIN] Step 102 | Loss=2.195753 | Best makespan in group=1776.00
[TRAIN] Step 103/350 | 06:27:08
[TRAIN] Step 103 | Loss=1.431088 | Best makespan in group=1620.00
[TRAIN] Step 104/350 | 06:28:30
[TRAIN] Step 104 | Loss=4.210560 | Best makespan in group=1460.00
[TRAIN] Step 105/350 | 06:30:12
[TRAIN] Step 105 | Loss=0.978181 | Best makespan in group=1544.00
[TRAIN] Step 106/350 | 06:31:53
[TRAIN] Step 106 | Loss=5.820827 | Best makespan in group=2390.00
[TRAIN] Step 107/350 | 06:33:00
[TRAIN] Step 107 | Loss=1.762672 | Best makespan in group=2394.00
[TRAIN] Step 108/350 | 06:34:15
[TRAIN] Step 108 | Loss=0.610990 | Best makespan in group=1334.00
[TRAIN] Step 109/350 | 06:35:18
[TRAIN] Step 109 | Loss=0.573967 | Best makespan in group=1894.00
[TRAIN] Step 110/350 | 06:36:40
[TRAIN] Step 110 | Loss=2.801546 | Best makespan in group=3164.00
[TRAIN] Step 111/350 | 06:38:26
[TRAIN] Step 111 | Loss=11.443192 | Best makespan in group=2209.00
[TRAIN] Step 112/350 | 06:40:08
[TRAIN] Step 112 | Loss=0.001206 | Best makespan in group=1752.00
[TRAIN] Step 113/350 | 06:41:36
[TRAIN] Step 113 | Loss=1.880276 | Best makespan in group=2038.00
[TRAIN] Step 114/350 | 06:42:54
[TRAIN] Step 114 | Loss=6.491260 | Best makespan in group=2690.00
[TRAIN] Step 115/350 | 06:44:11
[TRAIN] Step 115 | Loss=0.553946 | Best makespan in group=1532.00
[TRAIN] Step 116/350 | 06:45:30
[TRAIN] Step 116 | Loss=0.004645 | Best makespan in group=1758.00
[TRAIN] Step 117/350 | 06:46:35
[TRAIN] Step 117 | Loss=2.793293 | Best makespan in group=1520.00
[TRAIN] Step 118/350 | 06:47:43
[TRAIN] Step 118 | Loss=6.689062 | Best makespan in group=1926.00
[TRAIN] Step 119/350 | 06:49:13
[TRAIN] Step 119 | Loss=3.149740 | Best makespan in group=1824.00
[TRAIN] Step 120/350 | 06:50:32
[TRAIN] Step 120 | Loss=1.926687 | Best makespan in group=2678.00
[TRAIN][VAL][ep 120] avg_gap=0.1367 | std_gap=0.1509 | q80_gap=0.2137 | n=20
[TRAIN][VAL][ep 120] blocked_events=491 | swaps=26 in 9 instance(s)
[TRAIN] Step 121/350 | 06:52:21
[TRAIN] Step 121 | Loss=5.141448 | Best makespan in group=1802.00
[TRAIN] Step 122/350 | 06:53:23
[TRAIN] Step 122 | Loss=1.855767 | Best makespan in group=2678.00
[TRAIN] Step 123/350 | 06:54:37
[TRAIN] Step 123 | Loss=2.730450 | Best makespan in group=1254.00
[TRAIN] Step 124/350 | 06:56:15
[TRAIN] Step 124 | Loss=3.089494 | Best makespan in group=2304.00
[TRAIN] Step 125/350 | 06:57:32
[TRAIN] Step 125 | Loss=1.588118 | Best makespan in group=1772.00
[TRAIN] Step 126/350 | 06:58:50
[TRAIN] Step 126 | Loss=0.186145 | Best makespan in group=2300.00
[TRAIN] Step 127/350 | 07:00:17
[TRAIN] Step 127 | Loss=8.682093 | Best makespan in group=1164.00
[TRAIN] Step 128/350 | 07:01:58
[TRAIN] Step 128 | Loss=0.568869 | Best makespan in group=1734.00
[TRAIN] Step 129/350 | 07:03:17
[TRAIN] Step 129 | Loss=2.911748 | Best makespan in group=1993.00
[TRAIN] Step 130/350 | 07:04:56
[TRAIN] Step 130 | Loss=1.450423 | Best makespan in group=1771.00
[TRAIN] Step 131/350 | 07:06:41
[TRAIN] Step 131 | Loss=1.116480 | Best makespan in group=1349.00
[TRAIN] Step 132/350 | 07:08:04
[TRAIN] Step 132 | Loss=1.000212 | Best makespan in group=1314.00
[TRAIN] Step 133/350 | 07:09:10
[TRAIN] Step 133 | Loss=6.409137 | Best makespan in group=2366.00
[TRAIN] Step 134/350 | 07:10:48
[TRAIN] Step 134 | Loss=0.023503 | Best makespan in group=1174.00
[TRAIN] Step 135/350 | 07:11:58
[TRAIN] Step 135 | Loss=0.943037 | Best makespan in group=3028.00
[TRAIN] Step 136/350 | 07:13:39
[TRAIN] Step 136 | Loss=8.179897 | Best makespan in group=1892.00
[TRAIN] Step 137/350 | 07:14:56
[TRAIN] Step 137 | Loss=3.376893 | Best makespan in group=1792.00
[TRAIN] Step 138/350 | 07:16:05
[TRAIN] Step 138 | Loss=1.772329 | Best makespan in group=1582.00
[TRAIN] Step 139/350 | 07:17:08
[TRAIN] Step 139 | Loss=5.858639 | Best makespan in group=2087.00
[TRAIN] Step 140/350 | 07:18:30
[TRAIN] Step 140 | Loss=1.494818 | Best makespan in group=2456.00
[TRAIN][VAL][ep 140] avg_gap=0.1403 | std_gap=0.1245 | q80_gap=0.2377 | n=20
[TRAIN][VAL][ep 140] blocked_events=507 | swaps=33 in 10 instance(s)
[TRAIN] Step 141/350 | 07:20:50
[TRAIN] Step 141 | Loss=0.080056 | Best makespan in group=1152.00
[TRAIN] Step 142/350 | 07:22:01
[TRAIN] Step 142 | Loss=5.162569 | Best makespan in group=2102.00
[TRAIN] Step 143/350 | 07:23:13
[TRAIN] Step 143 | Loss=10.069990 | Best makespan in group=1204.00
[TRAIN] Step 144/350 | 07:24:32
[TRAIN] Step 144 | Loss=0.898163 | Best makespan in group=1558.00
[TRAIN] Step 145/350 | 07:25:33
[TRAIN] Step 145 | Loss=2.020521 | Best makespan in group=1613.00
[TRAIN] Step 146/350 | 07:26:47
[TRAIN] Step 146 | Loss=0.906242 | Best makespan in group=1940.00
[TRAIN] Step 147/350 | 07:28:25
[TRAIN] Step 147 | Loss=1.561815 | Best makespan in group=2048.00
[TRAIN] Step 148/350 | 07:30:00
[TRAIN] Step 148 | Loss=0.025417 | Best makespan in group=1656.00
[TRAIN] Step 149/350 | 07:31:17
[TRAIN] Step 149 | Loss=3.106002 | Best makespan in group=1974.00
[TRAIN] Step 150/350 | 07:32:35
[TRAIN] Step 150 | Loss=7.598970 | Best makespan in group=2092.00
[TRAIN] Step 151/350 | 07:33:58
[TRAIN] Step 151 | Loss=0.138565 | Best makespan in group=1754.00
[TRAIN] Step 152/350 | 07:35:13
[TRAIN] Step 152 | Loss=4.401448 | Best makespan in group=2450.00
[TRAIN] Step 153/350 | 07:36:35
[TRAIN] Step 153 | Loss=1.663921 | Best makespan in group=1440.00
[TRAIN] Step 154/350 | 07:37:44
[TRAIN] Step 154 | Loss=4.778546 | Best makespan in group=712.00
[TRAIN] Step 155/350 | 07:38:47
[TRAIN] Step 155 | Loss=2.655742 | Best makespan in group=2076.00
[TRAIN] Step 156/350 | 07:40:30
[TRAIN] Step 156 | Loss=6.110974 | Best makespan in group=2676.00
[TRAIN] Step 157/350 | 07:41:51
[TRAIN] Step 157 | Loss=0.016550 | Best makespan in group=1670.00
[TRAIN] Step 158/350 | 07:42:50
[TRAIN] Step 158 | Loss=3.733396 | Best makespan in group=2010.00
[TRAIN] Step 159/350 | 07:43:58
[TRAIN] Step 159 | Loss=3.555222 | Best makespan in group=1776.00
[TRAIN] Step 160/350 | 07:45:04
[TRAIN] Step 160 | Loss=0.218933 | Best makespan in group=1120.00
[TRAIN][VAL][ep 160] avg_gap=0.1501 | std_gap=0.1724 | q80_gap=0.3584 | n=20
[TRAIN][VAL][ep 160] blocked_events=511 | swaps=37 in 11 instance(s)
[TRAIN] Validation improved | smoothed_avg_gap=0.1424 (raw=0.1501) | saving candidate: 626961867502667.pth
[TRAIN] Step 161/350 | 07:46:47
[TRAIN] Step 161 | Loss=1.874760 | Best makespan in group=1830.00
[TRAIN] Step 162/350 | 07:47:54
[TRAIN] Step 162 | Loss=0.934600 | Best makespan in group=1592.00
[TRAIN] Step 163/350 | 07:49:11
[TRAIN] Step 163 | Loss=0.010393 | Best makespan in group=2394.00
[TRAIN] Step 164/350 | 07:50:36
[TRAIN] Step 164 | Loss=7.103614 | Best makespan in group=2376.00
[TRAIN] Step 165/350 | 07:52:14
[TRAIN] Step 165 | Loss=2.139471 | Best makespan in group=2197.00
[TRAIN] Step 166/350 | 07:53:31
[TRAIN] Step 166 | Loss=0.002871 | Best makespan in group=2150.00
[TRAIN] Step 167/350 | 07:54:59
[TRAIN] Step 167 | Loss=4.691278 | Best makespan in group=2004.00
[TRAIN] Step 168/350 | 07:56:19
[TRAIN] Step 168 | Loss=0.292405 | Best makespan in group=1900.00
[TRAIN] Step 169/350 | 07:57:31
[TRAIN] Step 169 | Loss=0.024508 | Best makespan in group=1452.00
[TRAIN] Step 170/350 | 07:58:43
[TRAIN] Step 170 | Loss=1.100930 | Best makespan in group=1814.00
[TRAIN] Step 171/350 | 07:59:52
[TRAIN] Step 171 | Loss=0.087664 | Best makespan in group=2172.00
[TRAIN] Step 172/350 | 08:01:30
[TRAIN] Step 172 | Loss=0.003760 | Best makespan in group=2278.00
[TRAIN] Step 173/350 | 08:02:56
[TRAIN] Step 173 | Loss=0.915755 | Best makespan in group=1212.00
[TRAIN] Step 174/350 | 08:04:19
[TRAIN] Step 174 | Loss=2.554704 | Best makespan in group=2006.00
[TRAIN] Step 175/350 | 08:05:34
[TRAIN] Step 175 | Loss=2.430589 | Best makespan in group=2180.00
[TRAIN] Step 176/350 | 08:06:54
[TRAIN] Step 176 | Loss=3.790450 | Best makespan in group=2478.00
[TRAIN] Step 177/350 | 08:08:15
[TRAIN] Step 177 | Loss=1.463306 | Best makespan in group=1364.00
[TRAIN] Step 178/350 | 08:09:20
[TRAIN] Step 178 | Loss=11.545765 | Best makespan in group=1660.00
[TRAIN] Step 179/350 | 08:10:45
[TRAIN] Step 179 | Loss=9.149045 | Best makespan in group=2008.00
[TRAIN] Step 180/350 | 08:12:08
[TRAIN] Step 180 | Loss=1.091652 | Best makespan in group=1754.00
[TRAIN][VAL][ep 180] avg_gap=0.1550 | std_gap=0.1705 | q80_gap=0.2102 | n=20
[TRAIN][VAL][ep 180] blocked_events=522 | swaps=35 in 9 instance(s)
[TRAIN] Step 181/350 | 08:13:58
[TRAIN] Step 181 | Loss=5.989604 | Best makespan in group=1520.00
[TRAIN] Step 182/350 | 08:15:06
[TRAIN] Step 182 | Loss=10.487024 | Best makespan in group=1446.00
[TRAIN] Step 183/350 | 08:16:23
[TRAIN] Step 183 | Loss=0.490215 | Best makespan in group=1786.00
[TRAIN] Step 184/350 | 08:17:52
[TRAIN] Step 184 | Loss=1.035138 | Best makespan in group=1857.00
[TRAIN] Step 185/350 | 08:19:30
[TRAIN] Step 185 | Loss=0.227505 | Best makespan in group=1888.00
[TRAIN] Step 186/350 | 08:21:11
[TRAIN] Step 186 | Loss=3.311212 | Best makespan in group=1536.00
[TRAIN] Step 187/350 | 08:22:43
[TRAIN] Step 187 | Loss=0.183511 | Best makespan in group=1580.00
[TRAIN] Step 188/350 | 08:24:06
[TRAIN] Step 188 | Loss=0.040368 | Best makespan in group=1072.00
[TRAIN] Step 189/350 | 08:25:28
[TRAIN] Step 189 | Loss=4.908373 | Best makespan in group=1882.00
[TRAIN] Step 190/350 | 08:26:32
[TRAIN] Step 190 | Loss=8.904873 | Best makespan in group=1879.00
[TRAIN] Step 191/350 | 08:28:10
[TRAIN] Step 191 | Loss=0.033401 | Best makespan in group=2092.00
[TRAIN] Step 192/350 | 08:29:39
[TRAIN] Step 192 | Loss=0.008883 | Best makespan in group=2134.00
[TRAIN] Step 193/350 | 08:30:57
[TRAIN] Step 193 | Loss=2.732675 | Best makespan in group=1756.00
[TRAIN] Step 194/350 | 08:32:06
[TRAIN] Step 194 | Loss=2.834577 | Best makespan in group=1822.00
[TRAIN] Step 195/350 | 08:33:38
[TRAIN] Step 195 | Loss=0.511748 | Best makespan in group=2034.00
[TRAIN] Step 196/350 | 08:34:51
[TRAIN] Step 196 | Loss=11.306066 | Best makespan in group=1966.00
[TRAIN] Step 197/350 | 08:36:23
[TRAIN] Step 197 | Loss=2.613348 | Best makespan in group=2222.00
[TRAIN] Step 198/350 | 08:38:00
[TRAIN] Step 198 | Loss=6.259560 | Best makespan in group=2579.00
[TRAIN] Step 199/350 | 08:39:33
[TRAIN] Step 199 | Loss=0.637286 | Best makespan in group=1238.00
[TRAIN] Step 200/350 | 08:40:49
[TRAIN] Step 200 | Loss=0.256445 | Best makespan in group=2278.00
[TRAIN][VAL][ep 200] avg_gap=0.1051 | std_gap=0.0979 | q80_gap=0.1620 | n=20
[TRAIN][VAL][ep 200] blocked_events=505 | swaps=28 in 9 instance(s)
[TRAIN] Validation improved | smoothed_avg_gap=0.1367 (raw=0.1051) | saving candidate: 794250053839372.pth
[TRAIN] Step 201/350 | 08:42:45
[TRAIN] Step 201 | Loss=6.438861 | Best makespan in group=2202.00
[TRAIN] Step 202/350 | 08:44:26
[TRAIN] Step 202 | Loss=7.817325 | Best makespan in group=2070.00
[TRAIN] Step 203/350 | 08:46:09
[TRAIN] Step 203 | Loss=2.147755 | Best makespan in group=1754.00
[TRAIN] Step 204/350 | 08:47:22
[TRAIN] Step 204 | Loss=0.558619 | Best makespan in group=2102.00
[TRAIN] Step 205/350 | 08:48:35
[TRAIN] Step 205 | Loss=1.690586 | Best makespan in group=2372.00
[TRAIN] Step 206/350 | 08:50:09
[TRAIN] Step 206 | Loss=0.445448 | Best makespan in group=2278.00
[TRAIN] Step 207/350 | 08:51:21
[TRAIN] Step 207 | Loss=0.000499 | Best makespan in group=1086.00
[TRAIN] Step 208/350 | 08:52:35
[TRAIN] Step 208 | Loss=0.624527 | Best makespan in group=1212.00
[TRAIN] Step 209/350 | 08:54:02
[TRAIN] Step 209 | Loss=1.344791 | Best makespan in group=2678.00
[TRAIN] Step 210/350 | 08:55:14
[TRAIN] Step 210 | Loss=4.796884 | Best makespan in group=1460.00
[TRAIN] Step 211/350 | 08:56:50
[TRAIN] Step 211 | Loss=1.516734 | Best makespan in group=1570.00
[TRAIN] Step 212/350 | 08:58:14
[TRAIN] Step 212 | Loss=0.458187 | Best makespan in group=1900.00
[TRAIN] Step 213/350 | 08:59:30
[TRAIN] Step 213 | Loss=0.108155 | Best makespan in group=1180.00
[TRAIN] Step 214/350 | 09:01:13
[TRAIN] Step 214 | Loss=1.758142 | Best makespan in group=1892.00
[TRAIN] Step 215/350 | 09:02:24
[TRAIN] Step 215 | Loss=10.742817 | Best makespan in group=2456.00
[TRAIN] Step 216/350 | 09:03:59
[TRAIN] Step 216 | Loss=4.572721 | Best makespan in group=2180.00
[TRAIN] Step 217/350 | 09:05:23
[TRAIN] Step 217 | Loss=5.350686 | Best makespan in group=1364.00
[TRAIN] Step 218/350 | 09:06:27
[TRAIN] Step 218 | Loss=1.053980 | Best makespan in group=1798.00
[TRAIN] Step 219/350 | 09:07:31
[TRAIN] Step 219 | Loss=0.389555 | Best makespan in group=1544.00
[TRAIN] Step 220/350 | 09:09:11
[TRAIN] Step 220 | Loss=0.027440 | Best makespan in group=729.00
[TRAIN][VAL][ep 220] avg_gap=0.1374 | std_gap=0.1292 | q80_gap=0.2075 | n=20
[TRAIN][VAL][ep 220] blocked_events=527 | swaps=48 in 10 instance(s)
[TRAIN] Validation improved | smoothed_avg_gap=0.1325 (raw=0.1374) | saving candidate: 625937020933208.pth
[TRAIN] Step 221/350 | 09:10:53
[TRAIN] Step 221 | Loss=1.763934 | Best makespan in group=2034.00
[TRAIN] Step 222/350 | 09:12:07
[TRAIN] Step 222 | Loss=0.003366 | Best makespan in group=2278.00
[TRAIN] Step 223/350 | 09:13:40
[TRAIN] Step 223 | Loss=2.299415 | Best makespan in group=1814.00
[TRAIN] Step 224/350 | 09:14:57
[TRAIN] Step 224 | Loss=0.233722 | Best makespan in group=2394.00
[TRAIN] Step 225/350 | 09:16:24
[TRAIN] Step 225 | Loss=1.299392 | Best makespan in group=1536.00
[TRAIN] Step 226/350 | 09:17:58
[TRAIN] Step 226 | Loss=2.473511 | Best makespan in group=2048.00
[TRAIN] Step 227/350 | 09:19:26
[TRAIN] Step 227 | Loss=0.043766 | Best makespan in group=1754.00
[TRAIN] Step 228/350 | 09:20:39
[TRAIN] Step 228 | Loss=3.200472 | Best makespan in group=1446.00
[TRAIN] Step 229/350 | 09:21:54
[TRAIN] Step 229 | Loss=8.566001 | Best makespan in group=2621.00
[TRAIN] Step 230/350 | 09:23:26
[TRAIN] Step 230 | Loss=9.342569 | Best makespan in group=3028.00
[TRAIN] Step 231/350 | 09:24:58
[TRAIN] Step 231 | Loss=2.325585 | Best makespan in group=2010.00
[TRAIN] Step 232/350 | 09:26:09
[TRAIN] Step 232 | Loss=3.738008 | Best makespan in group=1514.00
[TRAIN] Step 233/350 | 09:27:27
[TRAIN] Step 233 | Loss=0.016137 | Best makespan in group=1792.00
[TRAIN] Step 234/350 | 09:28:35
[TRAIN] Step 234 | Loss=5.278212 | Best makespan in group=1634.00
[TRAIN] Step 235/350 | 09:30:05
[TRAIN] Step 235 | Loss=1.382871 | Best makespan in group=2101.00
[TRAIN] Step 236/350 | 09:31:57
[TRAIN] Step 236 | Loss=1.089941 | Best makespan in group=2394.00
[TRAIN] Step 237/350 | 09:33:14
[TRAIN] Step 237 | Loss=0.984494 | Best makespan in group=1776.00
[TRAIN] Step 238/350 | 09:34:56
[TRAIN] Step 238 | Loss=4.144276 | Best makespan in group=2162.00
[TRAIN] Step 239/350 | 09:36:17
[TRAIN] Step 239 | Loss=0.004451 | Best makespan in group=1888.00
[TRAIN] Step 240/350 | 09:37:59
[TRAIN] Step 240 | Loss=10.796965 | Best makespan in group=2692.00
[TRAIN][VAL][ep 240] avg_gap=0.1037 | std_gap=0.0932 | q80_gap=0.1908 | n=20
[TRAIN][VAL][ep 240] blocked_events=504 | swaps=29 in 10 instance(s)
[TRAIN] Validation improved | smoothed_avg_gap=0.1154 (raw=0.1037) | saving candidate: 918791664918553.pth
[TRAIN] Step 241/350 | 09:40:01
[TRAIN] Step 241 | Loss=0.932379 | Best makespan in group=1440.00
[TRAIN] Step 242/350 | 09:41:11
[TRAIN] Step 242 | Loss=0.594912 | Best makespan in group=2004.00
[TRAIN] Step 243/350 | 09:42:33
[TRAIN] Step 243 | Loss=2.989100 | Best makespan in group=1504.00
[TRAIN] Step 244/350 | 09:43:52
[TRAIN] Step 244 | Loss=1.615395 | Best makespan in group=2304.00
[TRAIN] Step 245/350 | 09:45:09
[TRAIN] Step 245 | Loss=5.573654 | Best makespan in group=1231.00
[TRAIN] Step 246/350 | 09:46:42
[TRAIN] Step 246 | Loss=0.946031 | Best makespan in group=1240.00
[TRAIN] Step 247/350 | 09:47:57
[TRAIN] Step 247 | Loss=0.277381 | Best makespan in group=1160.00
[TRAIN] Step 248/350 | 09:48:59
[TRAIN] Step 248 | Loss=5.082870 | Best makespan in group=2450.00
[TRAIN] Step 249/350 | 09:50:22
[TRAIN] Step 249 | Loss=0.121245 | Best makespan in group=1334.00
[TRAIN] Step 250/350 | 09:51:29
[TRAIN] Step 250 | Loss=0.010826 | Best makespan in group=1520.00
[TRAIN] Step 251/350 | 09:52:38
[TRAIN] Step 251 | Loss=1.773249 | Best makespan in group=1120.00
[TRAIN] Step 252/350 | 09:53:48
[TRAIN] Step 252 | Loss=3.604865 | Best makespan in group=1856.00
[TRAIN] Step 253/350 | 09:55:34
[TRAIN] Step 253 | Loss=0.618438 | Best makespan in group=2690.00
[TRAIN] Step 254/350 | 09:56:53
[TRAIN] Step 254 | Loss=2.783338 | Best makespan in group=1800.00
[TRAIN] Step 255/350 | 09:58:32
[TRAIN] Step 255 | Loss=0.311324 | Best makespan in group=1108.00
[TRAIN] Step 256/350 | 09:59:56
[TRAIN] Step 256 | Loss=8.247725 | Best makespan in group=2017.00
[TRAIN] Step 257/350 | 10:01:46
[TRAIN] Step 257 | Loss=0.179735 | Best makespan in group=2678.00
[TRAIN] Step 258/350 | 10:03:06
[TRAIN] Step 258 | Loss=9.889158 | Best makespan in group=2044.00
[TRAIN] Step 259/350 | 10:04:38
[TRAIN] Step 259 | Loss=0.073397 | Best makespan in group=1558.00
[TRAIN] Step 260/350 | 10:05:43
[TRAIN] Step 260 | Loss=0.001197 | Best makespan in group=1452.00
[TRAIN][VAL][ep 260] avg_gap=0.1844 | std_gap=0.1864 | q80_gap=0.3750 | n=20
[TRAIN][VAL][ep 260] blocked_events=521 | swaps=46 in 13 instance(s)
[TRAIN] Step 261/350 | 10:07:42
[TRAIN] Step 261 | Loss=0.005297 | Best makespan in group=1656.00
[TRAIN] Step 262/350 | 10:09:01
[TRAIN] Step 262 | Loss=2.108238 | Best makespan in group=1520.00
[TRAIN] Step 263/350 | 10:10:13
[TRAIN] Step 263 | Loss=6.827666 | Best makespan in group=1928.00
[TRAIN] Step 264/350 | 10:11:46
[TRAIN] Step 264 | Loss=4.794784 | Best makespan in group=1824.00
[TRAIN] Step 265/350 | 10:13:10
[TRAIN] Step 265 | Loss=3.462304 | Best makespan in group=3164.00
[TRAIN] Step 266/350 | 10:15:04
[TRAIN] Step 266 | Loss=13.879123 | Best makespan in group=1790.00
[TRAIN] Step 267/350 | 10:16:31
[TRAIN] Step 267 | Loss=0.310394 | Best makespan in group=1356.00
[TRAIN] Step 268/350 | 10:17:52
[TRAIN] Step 268 | Loss=0.752566 | Best makespan in group=1755.00
[TRAIN] Step 269/350 | 10:19:32
[TRAIN] Step 269 | Loss=0.880233 | Best makespan in group=1756.00
[TRAIN] Step 270/350 | 10:20:41
[TRAIN] Step 270 | Loss=0.226802 | Best makespan in group=1186.00
[TRAIN] Step 271/350 | 10:21:59
[TRAIN] Step 271 | Loss=1.873648 | Best makespan in group=1322.00
[TRAIN] Step 272/350 | 10:23:06
[TRAIN] Step 272 | Loss=2.708975 | Best makespan in group=1854.00
[TRAIN] Step 273/350 | 10:24:09
[TRAIN] Step 273 | Loss=0.090360 | Best makespan in group=1582.00
[TRAIN] Step 274/350 | 10:25:18
[TRAIN] Step 274 | Loss=4.377230 | Best makespan in group=2092.00
[TRAIN] Step 275/350 | 10:26:44
[TRAIN] Step 275 | Loss=0.768637 | Best makespan in group=2296.00
[TRAIN] Step 276/350 | 10:28:12
[TRAIN] Step 276 | Loss=2.635543 | Best makespan in group=2006.00
[TRAIN] Step 277/350 | 10:29:41
[TRAIN] Step 277 | Loss=5.712046 | Best makespan in group=1882.00
[TRAIN] Step 278/350 | 10:30:45
[TRAIN] Step 278 | Loss=3.490759 | Best makespan in group=1734.00
[TRAIN] Step 279/350 | 10:32:05
[TRAIN] Step 279 | Loss=0.414050 | Best makespan in group=1758.00
[TRAIN] Step 280/350 | 10:33:09
[TRAIN] Step 280 | Loss=0.787608 | Best makespan in group=2376.00
[TRAIN][VAL][ep 280] avg_gap=0.1486 | std_gap=0.1882 | q80_gap=0.2472 | n=20
[TRAIN][VAL][ep 280] blocked_events=512 | swaps=41 in 11 instance(s)
[TRAIN] Step 281/350 | 10:35:28
[TRAIN] Step 281 | Loss=3.345311 | Best makespan in group=2134.00
[TRAIN] Step 282/350 | 10:36:49
[TRAIN] Step 282 | Loss=2.190932 | Best makespan in group=1960.00
[TRAIN] Step 283/350 | 10:38:12
[TRAIN] Step 283 | Loss=7.554046 | Best makespan in group=1793.00
[TRAIN] Step 284/350 | 10:39:55
[TRAIN] Step 284 | Loss=1.123338 | Best makespan in group=2390.00
[TRAIN] Step 285/350 | 10:41:14
[TRAIN] Step 285 | Loss=6.283519 | Best makespan in group=2150.00
[TRAIN] Step 286/350 | 10:42:45
[TRAIN] Step 286 | Loss=1.180780 | Best makespan in group=2345.00
[TRAIN] Step 287/350 | 10:44:21
[TRAIN] Step 287 | Loss=3.812316 | Best makespan in group=2444.00
[TRAIN] Step 288/350 | 10:45:44
[TRAIN] Step 288 | Loss=5.930705 | Best makespan in group=1966.00
[TRAIN] Step 289/350 | 10:47:18
[TRAIN] Step 289 | Loss=0.000161 | Best makespan in group=1142.00
[TRAIN] Step 290/350 | 10:48:25
[TRAIN] Step 290 | Loss=0.314353 | Best makespan in group=1592.00
[TRAIN] Step 291/350 | 10:49:36
[TRAIN] Step 291 | Loss=1.428465 | Best makespan in group=1786.00
[TRAIN] Step 292/350 | 10:51:06
[TRAIN] Step 292 | Loss=0.290335 | Best makespan in group=1936.00
[TRAIN] Step 293/350 | 10:52:30
[TRAIN] Step 293 | Loss=1.505920 | Best makespan in group=2118.00
[TRAIN] Step 294/350 | 10:53:56
[TRAIN] Step 294 | Loss=7.113501 | Best makespan in group=1772.00
[TRAIN] Step 295/350 | 10:55:13
[TRAIN] Step 295 | Loss=3.306804 | Best makespan in group=2012.00
[TRAIN] Step 296/350 | 10:56:36
[TRAIN] Step 296 | Loss=2.016111 | Best makespan in group=1670.00
[TRAIN] Step 297/350 | 10:57:38
[TRAIN] Step 297 | Loss=2.602245 | Best makespan in group=2092.00
[TRAIN] Step 298/350 | 10:58:58
[TRAIN] Step 298 | Loss=2.839358 | Best makespan in group=1994.00
[TRAIN] Step 299/350 | 11:00:34
[TRAIN] Step 299 | Loss=7.261670 | Best makespan in group=2039.00
[TRAIN] Step 300/350 | 11:01:49
[TRAIN] Step 300 | Loss=1.587216 | Best makespan in group=1830.00
[TRAIN][VAL][ep 300] avg_gap=0.1080 | std_gap=0.1049 | q80_gap=0.1963 | n=20
[TRAIN][VAL][ep 300] blocked_events=506 | swaps=26 in 10 instance(s)
[TRAIN] Step 301/350 | 11:03:37
[TRAIN] Step 301 | Loss=5.971937 | Best makespan in group=2240.00
[TRAIN] Step 302/350 | 11:05:15
[TRAIN] Step 302 | Loss=0.003091 | Best makespan in group=1520.00
[TRAIN] Step 303/350 | 11:06:25
[TRAIN] Step 303 | Loss=0.304985 | Best makespan in group=2034.00
[TRAIN] Step 304/350 | 11:07:40
[TRAIN] Step 304 | Loss=0.064494 | Best makespan in group=1334.00
[TRAIN] Step 305/350 | 11:08:44
[TRAIN] Step 305 | Loss=12.992764 | Best makespan in group=1866.00
[TRAIN] Step 306/350 | 11:10:24
[TRAIN] Step 306 | Loss=3.832575 | Best makespan in group=2134.00
[TRAIN] Step 307/350 | 11:11:43
[TRAIN] Step 307 | Loss=2.813758 | Best makespan in group=2084.00
[TRAIN] Step 308/350 | 11:13:09
[TRAIN] Step 308 | Loss=5.463850 | Best makespan in group=2230.00
[TRAIN] Step 309/350 | 11:14:51
[TRAIN] Step 309 | Loss=0.051735 | Best makespan in group=1792.00
[TRAIN] Step 310/350 | 11:15:57
[TRAIN] Step 310 | Loss=0.001131 | Best makespan in group=1452.00
[TRAIN] Step 311/350 | 11:17:12
[TRAIN] Step 311 | Loss=0.531855 | Best makespan in group=3028.00
[TRAIN] Step 312/350 | 11:18:47
[TRAIN] Step 312 | Loss=0.005911 | Best makespan in group=1830.00
[TRAIN] Step 313/350 | 11:19:57
[TRAIN] Step 313 | Loss=0.376652 | Best makespan in group=1152.00
[TRAIN] Step 314/350 | 11:21:10
[TRAIN] Step 314 | Loss=4.907439 | Best makespan in group=2092.00
[TRAIN] Step 315/350 | 11:22:31
[TRAIN] Step 315 | Loss=0.461061 | Best makespan in group=2162.00
[TRAIN] Step 316/350 | 11:23:50
[TRAIN] Step 316 | Loss=0.738665 | Best makespan in group=1160.00
[TRAIN] Step 317/350 | 11:24:48
[TRAIN] Step 317 | Loss=1.697161 | Best makespan in group=2394.00
[TRAIN] Step 318/350 | 11:26:01
[TRAIN] Step 318 | Loss=2.044530 | Best makespan in group=1776.00
[TRAIN] Step 319/350 | 11:27:06
[TRAIN] Step 319 | Loss=0.020389 | Best makespan in group=1734.00
[TRAIN] Step 320/350 | 11:28:24
[TRAIN] Step 320 | Loss=4.022568 | Best makespan in group=1892.00
[TRAIN][VAL][ep 320] avg_gap=0.1385 | std_gap=0.1573 | q80_gap=0.2142 | n=20
[TRAIN][VAL][ep 320] blocked_events=524 | swaps=48 in 11 instance(s)
[TRAIN] Step 321/350 | 11:30:22
[TRAIN] Step 321 | Loss=0.999321 | Best makespan in group=1582.00
[TRAIN] Step 322/350 | 11:31:28
[TRAIN] Step 322 | Loss=2.928351 | Best makespan in group=2092.00
[TRAIN] Step 323/350 | 11:32:49
[TRAIN] Step 323 | Loss=1.383853 | Best makespan in group=1620.00
[TRAIN] Step 324/350 | 11:34:13
[TRAIN] Step 324 | Loss=0.903928 | Best makespan in group=1592.00
[TRAIN] Step 325/350 | 11:35:29
[TRAIN] Step 325 | Loss=0.038106 | Best makespan in group=1520.00
[TRAIN] Step 326/350 | 11:36:46
[TRAIN] Step 326 | Loss=1.434476 | Best makespan in group=2441.00
[TRAIN] Step 327/350 | 11:38:08
[TRAIN] Step 327 | Loss=1.546671 | Best makespan in group=1198.00
[TRAIN] Step 328/350 | 11:39:50
[TRAIN] Step 328 | Loss=0.175852 | Best makespan in group=1754.00
[TRAIN] Step 329/350 | 11:41:02
[TRAIN] Step 329 | Loss=0.295857 | Best makespan in group=1900.00
[TRAIN] Step 330/350 | 11:42:20
[TRAIN] Step 330 | Loss=0.202976 | Best makespan in group=1092.00
[TRAIN] Step 331/350 | 11:43:43
[TRAIN] Step 331 | Loss=1.606327 | Best makespan in group=1536.00
[TRAIN] Step 332/350 | 11:45:13
[TRAIN] Step 332 | Loss=6.716900 | Best makespan in group=1446.00
[TRAIN] Step 333/350 | 11:46:28
[TRAIN] Step 333 | Loss=1.134932 | Best makespan in group=1520.00
[TRAIN] Step 334/350 | 11:47:37
[TRAIN] Step 334 | Loss=2.260369 | Best makespan in group=2690.00
[TRAIN] Step 335/350 | 11:48:53
[TRAIN] Step 335 | Loss=1.231332 | Best makespan in group=1818.00
[TRAIN] Step 336/350 | 11:50:23
[TRAIN] Step 336 | Loss=0.647788 | Best makespan in group=2374.00
[TRAIN] Step 337/350 | 11:51:55
[TRAIN] Step 337 | Loss=1.097931 | Best makespan in group=1756.00
[TRAIN] Step 338/350 | 11:53:06
[TRAIN] Step 338 | Loss=5.025805 | Best makespan in group=2278.00
[TRAIN] Step 339/350 | 11:54:18
[TRAIN] Step 339 | Loss=1.679513 | Best makespan in group=1974.00
[TRAIN] Step 340/350 | 11:55:44
[TRAIN] Step 340 | Loss=0.057728 | Best makespan in group=2394.00
[TRAIN][VAL][ep 340] avg_gap=0.1279 | std_gap=0.1196 | q80_gap=0.1901 | n=20
[TRAIN][VAL][ep 340] blocked_events=524 | swaps=44 in 12 instance(s)
[TRAIN] Step 341/350 | 11:57:47
[TRAIN] Step 341 | Loss=2.044637 | Best makespan in group=1966.00
[TRAIN] Step 342/350 | 11:59:25
[TRAIN] Step 342 | Loss=0.086656 | Best makespan in group=1960.00
[TRAIN] Step 343/350 | 12:00:43
[TRAIN] Step 343 | Loss=3.929420 | Best makespan in group=2001.00
[TRAIN] Step 344/350 | 12:02:00
[TRAIN] Step 344 | Loss=3.334388 | Best makespan in group=2724.00
[TRAIN] Step 345/350 | 12:03:19
[TRAIN] Step 345 | Loss=1.114331 | Best makespan in group=1558.00
[TRAIN] Step 346/350 | 12:04:23
[TRAIN] Step 346 | Loss=3.210577 | Best makespan in group=2400.00
[TRAIN] Step 347/350 | 12:05:39
[TRAIN] Step 347 | Loss=1.828723 | Best makespan in group=2004.00
[TRAIN] Step 348/350 | 12:07:02
[TRAIN] Step 348 | Loss=0.181704 | Best makespan in group=1758.00
[TRAIN] Step 349/350 | 12:08:04
[TRAIN] Step 349 | Loss=5.113282 | Best makespan in group=2304.00
[TRAIN] Step 350/350 | 12:09:19
[TRAIN] Step 350 | Loss=5.238309 | Best makespan in group=2076.00
[TRAIN][VAL][ep 350] avg_gap=0.1287 | std_gap=0.1231 | q80_gap=0.2116 | n=20
[TRAIN][VAL][ep 350] blocked_events=523 | swaps=45 in 12 instance(s)
[TRAIN] Evaluating best checkpoint (candidate_models\blocking\918791664918553.pth) on the held-out test split...
[TRAIN][TEST] avg_gap=0.1790 | std_gap=0.1133 | q80_gap=0.2844 | n=20
[TRAIN][TEST] blocked_events=482 | swaps=36 in 11 instance(s)
[TRAIN][12:12:22] Training ended. Validation history and plots updated.
[MAIN] Run finished at 2026-10-04 12:12:22
============================================================
=== [B] exit code 0 | 2026-10-04 12:12:24 ===
=== [B] LANE DONE | 2026-10-04 12:12:24 ===
