=== [A] TRAIN blk350_gat_L3_selk1_mask1_edges_sum_incgreedy_ojmb_s42 | 2026-10-06 10:57:58 ===
C:\Users\maria\Desktop\dissertation-bopo_introduction\.venv\Lib\site-packages\torch\jit\_script.py:1491: FutureWarning: `torch.jit.script` is deprecated. Please switch to `torch.compile` or `torch.export`.
  warnings.warn(
============================================================
[MAIN] Run started at 2026-10-06 10:58:11
[MAIN] mode=train
[MAIN] run_name=blk350_gat_L3_selk1_mask1_edges_sum_incgreedy_ojmb
[MAIN] representation(s)=['ojmb']
[MAIN] gnn_type=gat
[MAIN] overrides={'mask_option': 1, 'sel_k': 1, 'num_layers': 3, 'logp_norm': 'sum', 'exclude_greedy_from_loss': False, 'jm_design': 'edges'}
============================================================
[MAIN] Training representation=ojmb | seed=42 | run_name=blk350_gat_L3_selk1_mask1_edges_sum_incgreedy_ojmb_s42 | gnn_type=gat | overrides={'mask_option': 1, 'sel_k': 1, 'num_layers': 3, 'logp_norm': 'sum', 'exclude_greedy_from_loss': False, 'jm_design': 'edges'}
============================================================
[TRAIN] Training started at: 2026-10-06 10:58:11
[TRAIN] Hyperparams | max_steps=350 | new_freq=500
[TRAIN]             | n_cases=100 | B=64 | K=16 | use_greedy=True | lr=0.0005 (decaying to 1.00e-04)
[TRAIN]             | warm_start_steps=200 | checkpoint_smooth_window=3 | seed=42
[TRAIN]             | hidden_channels=128 | num_layers=3 | heads=3
[TRAIN]             | logp_norm=sum | exclude_greedy_from_loss=False
[TRAIN] Representation | ojmb | GNN | gat | jm_design | edges
[TRAIN] Problem size | jobs=[8,10] | machines=[5,10] | ops_per_job=[5,6] | max_proc=100
============================================================
[TRAIN] Output run folder: results\blocking\blk350_gat_L3_selk1_mask1_edges_sum_incgreedy_ojmb_s42
[TRAIN] Validation config | every=20 steps | instances=20 (representative subset)
[TRAIN] Blocking setting | buffers in=2 out=1 | instances={'range_jobs': (12, 15), 'range_machines': (4, 6), 'range_op_per_job': (5, 6), 'max_processing': 100, 'mas_per_ope_max': 3, 'n_bottlenecks': 1, 'bottleneck_prob': 0.7, 'bottleneck_factor': 2.0}
[TRAIN] Warm-start (behavior cloning vs. dispatch heuristic) | 200 step(s)...
[TRAIN][WARMSTART] step 10/200 | instance=74 | bc_loss=1.3425 | decisions=26
[TRAIN][WARMSTART] step 20/200 | instance=80 | bc_loss=1.1945 | decisions=34
[TRAIN][WARMSTART] step 30/200 | instance=76 | bc_loss=1.2113 | decisions=34
[TRAIN][WARMSTART] step 40/200 | instance=83 | bc_loss=1.3212 | decisions=41
[TRAIN][WARMSTART] step 50/200 | instance=68 | bc_loss=1.4035 | decisions=31
[TRAIN][WARMSTART] step 60/200 | instance=41 | bc_loss=1.4900 | decisions=36
[TRAIN][WARMSTART] step 70/200 | instance=15 | bc_loss=1.0218 | decisions=33
[TRAIN][WARMSTART] step 80/200 | instance=72 | bc_loss=1.5199 | decisions=38
[TRAIN][WARMSTART] step 90/200 | instance=27 | bc_loss=1.0218 | decisions=35
[TRAIN][WARMSTART] step 100/200 | instance=53 | bc_loss=0.8615 | decisions=26
[TRAIN][WARMSTART] step 110/200 | instance=28 | bc_loss=1.1795 | decisions=36
[TRAIN][WARMSTART] step 120/200 | instance=9 | bc_loss=0.8828 | decisions=35
[TRAIN][WARMSTART] step 130/200 | instance=21 | bc_loss=1.1157 | decisions=49
[TRAIN][WARMSTART] step 140/200 | instance=13 | bc_loss=0.9446 | decisions=36
[TRAIN][WARMSTART] step 150/200 | instance=56 | bc_loss=0.8267 | decisions=32
[TRAIN][WARMSTART] step 160/200 | instance=72 | bc_loss=1.4284 | decisions=38
[TRAIN][WARMSTART] step 170/200 | instance=43 | bc_loss=1.0372 | decisions=29
[TRAIN][WARMSTART] step 180/200 | instance=62 | bc_loss=1.0525 | decisions=36
[TRAIN][WARMSTART] step 190/200 | instance=40 | bc_loss=1.1696 | decisions=31
[TRAIN][WARMSTART] step 200/200 | instance=19 | bc_loss=0.7713 | decisions=31
[TRAIN] Warm-start complete, switching to BOPO preference optimization.
------------------------------------------------------------
[TRAIN] BOPO agent ready. Starting training loop for 350 step(s)...
------------------------------------------------------------
[TRAIN] Step 1/350 | 11:21:17
[TRAIN] Step 1 | Loss=1.811991 | Best makespan in group=1507.00
[TRAIN] Step 2/350 | 11:22:55
[TRAIN] Step 2 | Loss=0.436393 | Best makespan in group=1678.00
[TRAIN] Step 3/350 | 11:24:40
[TRAIN] Step 3 | Loss=5.859841 | Best makespan in group=2394.00
[TRAIN] Step 4/350 | 11:26:22
[TRAIN] Step 4 | Loss=0.013098 | Best makespan in group=1466.00
[TRAIN] Step 5/350 | 11:28:22
[TRAIN] Step 5 | Loss=0.006156 | Best makespan in group=2098.00
[TRAIN] Step 6/350 | 11:30:05
[TRAIN] Step 6 | Loss=5.627335 | Best makespan in group=3164.00
[TRAIN] Step 7/350 | 11:32:35
[TRAIN] Step 7 | Loss=0.641396 | Best makespan in group=1080.00
[TRAIN] Step 8/350 | 11:34:18
[TRAIN] Step 8 | Loss=9.201883 | Best makespan in group=2450.00
[TRAIN] Step 9/350 | 11:35:59
[TRAIN] Step 9 | Loss=10.787724 | Best makespan in group=2186.00
[TRAIN] Step 10/350 | 11:38:19
[TRAIN] Step 10 | Loss=2.791836 | Best makespan in group=2259.00
[TRAIN] Step 11/350 | 11:40:25
[TRAIN] Step 11 | Loss=0.539447 | Best makespan in group=1656.00
[TRAIN] Step 12/350 | 11:42:02
[TRAIN] Step 12 | Loss=5.886904 | Best makespan in group=1440.00
[TRAIN] Step 13/350 | 11:43:28
[TRAIN] Step 13 | Loss=0.002414 | Best makespan in group=1756.00
[TRAIN] Step 14/350 | 11:44:44
[TRAIN] Step 14 | Loss=0.000002 | Best makespan in group=1888.00
[TRAIN] Step 15/350 | 11:46:35
[TRAIN] Step 15 | Loss=5.056646 | Best makespan in group=2278.00
[TRAIN] Step 16/350 | 11:48:29
[TRAIN] Step 16 | Loss=3.217282 | Best makespan in group=2004.00
[TRAIN] Step 17/350 | 11:50:13
[TRAIN] Step 17 | Loss=0.608905 | Best makespan in group=1966.00
[TRAIN] Step 18/350 | 11:52:10
[TRAIN] Step 18 | Loss=5.350432 | Best makespan in group=2004.00
[TRAIN] Step 19/350 | 11:53:50
[TRAIN] Step 19 | Loss=0.730706 | Best makespan in group=1768.00
[TRAIN] Step 20/350 | 11:55:05
[TRAIN] Step 20 | Loss=1.107880 | Best makespan in group=2162.00
[TRAIN][VAL][ep 20] avg_gap=0.1646 | std_gap=0.1119 | q80_gap=0.2123 | n=20
[TRAIN][VAL][ep 20] blocked_events=363 | swaps=27 in 12 instance(s)
[TRAIN] Validation improved | smoothed_avg_gap=0.1646 (raw=0.1646) | saving candidate: 446758769033287.pth
[TRAIN] Step 21/350 | 11:57:50
[TRAIN] Step 21 | Loss=4.464450 | Best makespan in group=1120.00
[TRAIN] Step 22/350 | 11:59:12
[TRAIN] Step 22 | Loss=5.373677 | Best makespan in group=2392.00
[TRAIN] Step 23/350 | 12:01:15
[TRAIN] Step 23 | Loss=1.402785 | Best makespan in group=1582.00
[TRAIN] Step 24/350 | 12:02:38
[TRAIN] Step 24 | Loss=1.718231 | Best makespan in group=2048.00
[TRAIN] Step 25/350 | 12:04:27
[TRAIN] Step 25 | Loss=12.067660 | Best makespan in group=1847.00
[TRAIN] Step 26/350 | 12:06:23
[TRAIN] Step 26 | Loss=0.084686 | Best makespan in group=1128.00
[TRAIN] Step 27/350 | 12:08:05
[TRAIN] Step 27 | Loss=9.803381 | Best makespan in group=2012.00
[TRAIN] Step 28/350 | 12:09:51
[TRAIN] Step 28 | Loss=0.562302 | Best makespan in group=1776.00
[TRAIN] Step 29/350 | 12:11:51
[TRAIN] Step 29 | Loss=0.316156 | Best makespan in group=1814.00
[TRAIN] Step 30/350 | 12:13:27
[TRAIN] Step 30 | Loss=4.150734 | Best makespan in group=1966.00
[TRAIN] Step 31/350 | 12:15:30
[TRAIN] Step 31 | Loss=4.828096 | Best makespan in group=2394.00
[TRAIN] Step 32/350 | 12:17:06
[TRAIN] Step 32 | Loss=2.816515 | Best makespan in group=1262.00
[TRAIN] Step 33/350 | 12:18:48
[TRAIN] Step 33 | Loss=4.775805 | Best makespan in group=1882.00
[TRAIN] Step 34/350 | 12:20:10
[TRAIN] Step 34 | Loss=0.159617 | Best makespan in group=1160.00
[TRAIN] Step 35/350 | 12:21:30
[TRAIN] Step 35 | Loss=4.526092 | Best makespan in group=2268.00
[TRAIN] Step 36/350 | 12:23:44
[TRAIN] Step 36 | Loss=4.567015 | Best makespan in group=1198.00
[TRAIN] Step 37/350 | 12:25:51
[TRAIN] Step 37 | Loss=7.923094 | Best makespan in group=1810.00
[TRAIN] Step 38/350 | 12:27:43
[TRAIN] Step 38 | Loss=0.455044 | Best makespan in group=2018.00
[TRAIN] Step 39/350 | 12:29:27
[TRAIN] Step 39 | Loss=8.365993 | Best makespan in group=2594.00
[TRAIN] Step 40/350 | 12:31:21
[TRAIN] Step 40 | Loss=0.672846 | Best makespan in group=2376.00
[TRAIN][VAL][ep 40] avg_gap=0.0844 | std_gap=0.0601 | q80_gap=0.1509 | n=20
[TRAIN][VAL][ep 40] blocked_events=486 | swaps=29 in 12 instance(s)
[TRAIN] Validation improved | smoothed_avg_gap=0.1245 (raw=0.0844) | saving candidate: 228719623164600.pth
[TRAIN] Step 41/350 | 12:34:32
[TRAIN] Step 41 | Loss=5.313280 | Best makespan in group=2394.00
[TRAIN] Step 42/350 | 12:35:59
[TRAIN] Step 42 | Loss=2.499264 | Best makespan in group=1900.00
[TRAIN] Step 43/350 | 12:37:33
[TRAIN] Step 43 | Loss=1.758282 | Best makespan in group=1122.00
[TRAIN] Step 44/350 | 12:39:02
[TRAIN] Step 44 | Loss=2.631245 | Best makespan in group=1670.00
[TRAIN] Step 45/350 | 12:40:17
[TRAIN] Step 45 | Loss=3.796020 | Best makespan in group=1892.00
[TRAIN] Step 46/350 | 12:41:49
[TRAIN] Step 46 | Loss=0.018923 | Best makespan in group=1758.00
[TRAIN] Step 47/350 | 12:43:09
[TRAIN] Step 47 | Loss=5.316301 | Best makespan in group=2263.00
[TRAIN] Step 48/350 | 12:45:18
[TRAIN] Step 48 | Loss=1.530413 | Best makespan in group=2010.00
[TRAIN] Step 49/350 | 12:46:47
[TRAIN] Step 49 | Loss=0.149977 | Best makespan in group=1628.00
[TRAIN] Step 50/350 | 12:48:23
[TRAIN] Step 50 | Loss=0.492795 | Best makespan in group=2092.00
[TRAIN] Step 51/350 | 12:50:05
[TRAIN] Step 51 | Loss=1.387712 | Best makespan in group=2276.00
[TRAIN] Step 52/350 | 12:51:55
[TRAIN] Step 52 | Loss=0.903395 | Best makespan in group=1498.00
[TRAIN] Step 53/350 | 12:53:38
[TRAIN] Step 53 | Loss=0.048224 | Best makespan in group=1808.00
[TRAIN] Step 54/350 | 12:55:43
[TRAIN] Step 54 | Loss=2.961673 | Best makespan in group=2198.00
[TRAIN] Step 55/350 | 12:57:47
[TRAIN] Step 55 | Loss=1.460749 | Best makespan in group=2160.00
[TRAIN] Step 56/350 | 12:59:36
[TRAIN] Step 56 | Loss=3.806232 | Best makespan in group=2092.00
[TRAIN] Step 57/350 | 13:01:12
[TRAIN] Step 57 | Loss=2.494180 | Best makespan in group=1792.00
[TRAIN] Step 58/350 | 13:02:32
[TRAIN] Step 58 | Loss=3.356725 | Best makespan in group=2690.00
[TRAIN] Step 59/350 | 13:04:05
[TRAIN] Step 59 | Loss=0.012280 | Best makespan in group=1926.00
[TRAIN] Step 60/350 | 13:05:55
[TRAIN] Step 60 | Loss=3.891426 | Best makespan in group=1786.00
[TRAIN][VAL][ep 60] avg_gap=0.1019 | std_gap=0.1021 | q80_gap=0.1384 | n=20
[TRAIN][VAL][ep 60] blocked_events=531 | swaps=39 in 9 instance(s)
[TRAIN] Validation improved | smoothed_avg_gap=0.1170 (raw=0.1019) | saving candidate: 24565328538206.pth
[TRAIN] Step 61/350 | 13:08:53
[TRAIN] Step 61 | Loss=0.010987 | Best makespan in group=1452.00
[TRAIN] Step 62/350 | 13:10:25
[TRAIN] Step 62 | Loss=0.508660 | Best makespan in group=1685.00
[TRAIN] Step 63/350 | 13:12:07
[TRAIN] Step 63 | Loss=1.522112 | Best makespan in group=1536.00
[TRAIN] Step 64/350 | 13:14:02
[TRAIN] Step 64 | Loss=6.826396 | Best makespan in group=2168.00
[TRAIN] Step 65/350 | 13:15:40
[TRAIN] Step 65 | Loss=0.837225 | Best makespan in group=1364.00
[TRAIN] Step 66/350 | 13:16:58
[TRAIN] Step 66 | Loss=6.643032 | Best makespan in group=2456.00
[TRAIN] Step 67/350 | 13:19:02
[TRAIN] Step 67 | Loss=0.043975 | Best makespan in group=1650.00
[TRAIN] Step 68/350 | 13:20:41
[TRAIN] Step 68 | Loss=0.216226 | Best makespan in group=1754.00
[TRAIN] Step 69/350 | 13:22:12
[TRAIN] Step 69 | Loss=4.560411 | Best makespan in group=2527.00
[TRAIN] Step 70/350 | 13:23:56
[TRAIN] Step 70 | Loss=2.149740 | Best makespan in group=1824.00
[TRAIN] Step 71/350 | 13:25:34
[TRAIN] Step 71 | Loss=0.019746 | Best makespan in group=1830.00
[TRAIN] Step 72/350 | 13:26:56
[TRAIN] Step 72 | Loss=3.621268 | Best makespan in group=2180.00
[TRAIN] Step 73/350 | 13:28:37
[TRAIN] Step 73 | Loss=2.864235 | Best makespan in group=1789.00
[TRAIN] Step 74/350 | 13:29:55
[TRAIN] Step 74 | Loss=2.002547 | Best makespan in group=2278.00
[TRAIN] Step 75/350 | 13:31:32
[TRAIN] Step 75 | Loss=3.606994 | Best makespan in group=1872.00
[TRAIN] Step 76/350 | 13:33:32
[TRAIN] Step 76 | Loss=0.000669 | Best makespan in group=1171.00
[TRAIN] Step 77/350 | 13:34:56
[TRAIN] Step 77 | Loss=5.583588 | Best makespan in group=2678.00
[TRAIN] Step 78/350 | 13:36:34
[TRAIN] Step 78 | Loss=3.354996 | Best makespan in group=2706.00
[TRAIN] Step 79/350 | 13:38:15
[TRAIN] Step 79 | Loss=0.350427 | Best makespan in group=1802.00
[TRAIN] Step 80/350 | 13:40:09
[TRAIN] Step 80 | Loss=4.632892 | Best makespan in group=1792.00
[TRAIN][VAL][ep 80] avg_gap=0.1060 | std_gap=0.1511 | q80_gap=0.2115 | n=20
[TRAIN][VAL][ep 80] blocked_events=530 | swaps=35 in 9 instance(s)
[TRAIN] Validation improved | smoothed_avg_gap=0.0974 (raw=0.1060) | saving candidate: 253000972042672.pth
[TRAIN] Step 81/350 | 13:42:43
[TRAIN] Step 81 | Loss=4.279793 | Best makespan in group=2130.00
[TRAIN] Step 82/350 | 13:44:14
[TRAIN] Step 82 | Loss=1.806509 | Best makespan in group=1544.00
[TRAIN] Step 83/350 | 13:46:20
[TRAIN] Step 83 | Loss=2.358795 | Best makespan in group=3028.00
[TRAIN] Step 84/350 | 13:48:19
[TRAIN] Step 84 | Loss=5.889276 | Best makespan in group=1327.00
[TRAIN] Step 85/350 | 13:50:06
[TRAIN] Step 85 | Loss=2.487735 | Best makespan in group=2678.00
[TRAIN] Step 86/350 | 13:51:28
[TRAIN] Step 86 | Loss=2.481473 | Best makespan in group=1734.00
[TRAIN] Step 87/350 | 13:53:09
[TRAIN] Step 87 | Loss=5.986077 | Best makespan in group=2304.00
[TRAIN] Step 88/350 | 13:54:39
[TRAIN] Step 88 | Loss=3.041860 | Best makespan in group=1520.00
[TRAIN] Step 89/350 | 13:56:00
[TRAIN] Step 89 | Loss=0.638306 | Best makespan in group=1558.00
[TRAIN] Step 90/350 | 13:57:16
[TRAIN] Step 90 | Loss=8.738696 | Best makespan in group=2027.00
[TRAIN] Step 91/350 | 13:59:21
[TRAIN] Step 91 | Loss=5.129140 | Best makespan in group=2150.00
[TRAIN] Step 92/350 | 14:01:10
[TRAIN] Step 92 | Loss=2.152295 | Best makespan in group=1284.00
[TRAIN] Step 93/350 | 14:02:33
[TRAIN] Step 93 | Loss=0.010861 | Best makespan in group=1290.00
[TRAIN] Step 94/350 | 14:04:32
[TRAIN] Step 94 | Loss=1.357795 | Best makespan in group=1334.00
[TRAIN] Step 95/350 | 14:05:48
[TRAIN] Step 95 | Loss=0.345211 | Best makespan in group=1772.00
[TRAIN] Step 96/350 | 14:07:28
[TRAIN] Step 96 | Loss=3.097377 | Best makespan in group=1212.00
[TRAIN] Step 97/350 | 14:09:10
[TRAIN] Step 97 | Loss=0.229375 | Best makespan in group=2134.00
[TRAIN] Step 98/350 | 14:10:50
[TRAIN] Step 98 | Loss=0.002028 | Best makespan in group=729.00
[TRAIN] Step 99/350 | 14:12:09
[TRAIN] Step 99 | Loss=3.656509 | Best makespan in group=1520.00
[TRAIN] Step 100/350 | 14:13:39
[TRAIN] Step 100 | Loss=0.177601 | Best makespan in group=2034.00
[TRAIN][VAL][ep 100] avg_gap=0.1339 | std_gap=0.1623 | q80_gap=0.1987 | n=20
[TRAIN][VAL][ep 100] blocked_events=569 | swaps=44 in 13 instance(s)
[TRAIN] Step 101/350 | 14:16:10
[TRAIN] Step 101 | Loss=1.679204 | Best makespan in group=1618.00
[TRAIN] Step 102/350 | 14:17:41
[TRAIN] Step 102 | Loss=0.254440 | Best makespan in group=1536.00
[TRAIN] Step 103/350 | 14:19:39
[TRAIN] Step 103 | Loss=0.012186 | Best makespan in group=1452.00
[TRAIN] Step 104/350 | 14:21:10
[TRAIN] Step 104 | Loss=0.407427 | Best makespan in group=2134.00
[TRAIN] Step 105/350 | 14:22:46
[TRAIN] Step 105 | Loss=0.844346 | Best makespan in group=1814.00
[TRAIN] Step 106/350 | 14:24:16
[TRAIN] Step 106 | Loss=0.601264 | Best makespan in group=1102.00
[TRAIN] Step 107/350 | 14:25:46
[TRAIN] Step 107 | Loss=0.076083 | Best makespan in group=1616.00
[TRAIN] Step 108/350 | 14:27:27
[TRAIN] Step 108 | Loss=8.753942 | Best makespan in group=2368.00
[TRAIN] Step 109/350 | 14:29:47
[TRAIN] Step 109 | Loss=3.067909 | Best makespan in group=3028.00
[TRAIN] Step 110/350 | 14:31:47
[TRAIN] Step 110 | Loss=3.366516 | Best makespan in group=2006.00
[TRAIN] Step 111/350 | 14:33:24
[TRAIN] Step 111 | Loss=0.691348 | Best makespan in group=2150.00
[TRAIN] Step 112/350 | 14:35:14
[TRAIN] Step 112 | Loss=0.519227 | Best makespan in group=2278.00
[TRAIN] Step 113/350 | 14:36:43
[TRAIN] Step 113 | Loss=2.514919 | Best makespan in group=1792.00
[TRAIN] Step 114/350 | 14:38:04
[TRAIN] Step 114 | Loss=0.707657 | Best makespan in group=2334.00
[TRAIN] Step 115/350 | 14:39:34
[TRAIN] Step 115 | Loss=2.742469 | Best makespan in group=2421.00
[TRAIN] Step 116/350 | 14:41:02
[TRAIN] Step 116 | Loss=1.694084 | Best makespan in group=1754.00
[TRAIN] Step 117/350 | 14:42:31
[TRAIN] Step 117 | Loss=2.171777 | Best makespan in group=2355.00
[TRAIN] Step 118/350 | 14:44:29
[TRAIN] Step 118 | Loss=0.057161 | Best makespan in group=1116.00
[TRAIN] Step 119/350 | 14:46:15
[TRAIN] Step 119 | Loss=0.615790 | Best makespan in group=1120.00
[TRAIN] Step 120/350 | 14:47:33
[TRAIN] Step 120 | Loss=1.669947 | Best makespan in group=1792.00
[TRAIN][VAL][ep 120] avg_gap=0.1185 | std_gap=0.1409 | q80_gap=0.1985 | n=20
[TRAIN][VAL][ep 120] blocked_events=560 | swaps=49 in 12 instance(s)
[TRAIN] Step 121/350 | 14:50:02
[TRAIN] Step 121 | Loss=8.257350 | Best makespan in group=1824.00
[TRAIN] Step 122/350 | 14:51:39
[TRAIN] Step 122 | Loss=0.000012 | Best makespan in group=1976.00
[TRAIN] Step 123/350 | 14:53:14
[TRAIN] Step 123 | Loss=1.333757 | Best makespan in group=1520.00
[TRAIN] Step 124/350 | 14:54:38
[TRAIN] Step 124 | Loss=0.001412 | Best makespan in group=2276.00
[TRAIN] Step 125/350 | 14:56:33
[TRAIN] Step 125 | Loss=1.531227 | Best makespan in group=1962.00
[TRAIN] Step 126/350 | 14:58:18
[TRAIN] Step 126 | Loss=3.493541 | Best makespan in group=1670.00
[TRAIN] Step 127/350 | 14:59:32
[TRAIN] Step 127 | Loss=5.532852 | Best makespan in group=1812.00
[TRAIN] Step 128/350 | 15:01:28
[TRAIN] Step 128 | Loss=0.102003 | Best makespan in group=1253.00
[TRAIN] Step 129/350 | 15:03:02
[TRAIN] Step 129 | Loss=1.902172 | Best makespan in group=2076.00
[TRAIN] Step 130/350 | 15:05:14
[TRAIN] Step 130 | Loss=3.467568 | Best makespan in group=2450.00
[TRAIN] Step 131/350 | 15:06:51
[TRAIN] Step 131 | Loss=3.618201 | Best makespan in group=2394.00
[TRAIN] Step 132/350 | 15:08:16
[TRAIN] Step 132 | Loss=0.556785 | Best makespan in group=2191.00
[TRAIN] Step 133/350 | 15:09:58
[TRAIN] Step 133 | Loss=7.305099 | Best makespan in group=2209.00
[TRAIN] Step 134/350 | 15:12:00
[TRAIN] Step 134 | Loss=1.336993 | Best makespan in group=2102.00
[TRAIN] Step 135/350 | 15:13:34
[TRAIN] Step 135 | Loss=1.604825 | Best makespan in group=1628.00
[TRAIN] Step 136/350 | 15:15:14
[TRAIN] Step 136 | Loss=0.117262 | Best makespan in group=1440.00
[TRAIN] Step 137/350 | 15:16:29
[TRAIN] Step 137 | Loss=0.320996 | Best makespan in group=1656.00
[TRAIN] Step 138/350 | 15:18:03
[TRAIN] Step 138 | Loss=0.000397 | Best makespan in group=2376.00
[TRAIN] Step 139/350 | 15:20:05
[TRAIN] Step 139 | Loss=1.357753 | Best makespan in group=2520.00
[TRAIN] Step 140/350 | 15:22:07
[TRAIN] Step 140 | Loss=0.271381 | Best makespan in group=1212.00
[TRAIN][VAL][ep 140] avg_gap=0.1309 | std_gap=0.1458 | q80_gap=0.2021 | n=20
[TRAIN][VAL][ep 140] blocked_events=532 | swaps=39 in 11 instance(s)
[TRAIN] Step 141/350 | 15:24:50
[TRAIN] Step 141 | Loss=0.139118 | Best makespan in group=2278.00
[TRAIN] Step 142/350 | 15:26:43
[TRAIN] Step 142 | Loss=0.330060 | Best makespan in group=1768.00
[TRAIN] Step 143/350 | 15:27:56
[TRAIN] Step 143 | Loss=0.060289 | Best makespan in group=1786.00
[TRAIN] Step 144/350 | 15:29:44
[TRAIN] Step 144 | Loss=0.437906 | Best makespan in group=1796.00
[TRAIN] Step 145/350 | 15:31:48
[TRAIN] Step 145 | Loss=3.598757 | Best makespan in group=2048.00
[TRAIN] Step 146/350 | 15:33:34
[TRAIN] Step 146 | Loss=1.292575 | Best makespan in group=1892.00
[TRAIN] Step 147/350 | 15:35:03
[TRAIN] Step 147 | Loss=2.119977 | Best makespan in group=2275.00
[TRAIN] Step 148/350 | 15:37:09
[TRAIN] Step 148 | Loss=0.000007 | Best makespan in group=1544.00
[TRAIN] Step 149/350 | 15:39:08
[TRAIN] Step 149 | Loss=1.202014 | Best makespan in group=1364.00
[TRAIN] Step 150/350 | 15:40:31
[TRAIN] Step 150 | Loss=5.348624 | Best makespan in group=1776.00
[TRAIN] Step 151/350 | 15:42:45
[TRAIN] Step 151 | Loss=1.495088 | Best makespan in group=2664.00
[TRAIN] Step 152/350 | 15:44:30
[TRAIN] Step 152 | Loss=0.111104 | Best makespan in group=2092.00
[TRAIN] Step 153/350 | 15:46:18
[TRAIN] Step 153 | Loss=8.512757 | Best makespan in group=3164.00
[TRAIN] Step 154/350 | 15:48:41
[TRAIN] Step 154 | Loss=0.886491 | Best makespan in group=1882.00
[TRAIN] Step 155/350 | 15:50:05
[TRAIN] Step 155 | Loss=0.002999 | Best makespan in group=1142.00
[TRAIN] Step 156/350 | 15:51:34
[TRAIN] Step 156 | Loss=2.209356 | Best makespan in group=2034.00
[TRAIN] Step 157/350 | 15:53:11
[TRAIN] Step 157 | Loss=2.738709 | Best makespan in group=1959.00
[TRAIN] Step 158/350 | 15:55:11
[TRAIN] Step 158 | Loss=0.009864 | Best makespan in group=1520.00
[TRAIN] Step 159/350 | 15:56:44
[TRAIN] Step 159 | Loss=2.835124 | Best makespan in group=1275.00
[TRAIN] Step 160/350 | 15:58:36
[TRAIN] Step 160 | Loss=1.722368 | Best makespan in group=2394.00
[TRAIN][VAL][ep 160] avg_gap=0.1219 | std_gap=0.1486 | q80_gap=0.2021 | n=20
[TRAIN][VAL][ep 160] blocked_events=517 | swaps=33 in 9 instance(s)
[TRAIN] Step 161/350 | 16:01:44
[TRAIN] Step 161 | Loss=0.266736 | Best makespan in group=1888.00
[TRAIN] Step 162/350 | 16:04:01
[TRAIN] Step 162 | Loss=2.777735 | Best makespan in group=1879.00
[TRAIN] Step 163/350 | 16:06:16
[TRAIN] Step 163 | Loss=3.153919 | Best makespan in group=2092.00
[TRAIN] Step 164/350 | 16:07:59
[TRAIN] Step 164 | Loss=2.703757 | Best makespan in group=2044.00
[TRAIN] Step 165/350 | 16:10:09
[TRAIN] Step 165 | Loss=7.399181 | Best makespan in group=1953.00
[TRAIN] Step 166/350 | 16:12:21
[TRAIN] Step 166 | Loss=6.853889 | Best makespan in group=2008.00
[TRAIN] Step 167/350 | 16:14:14
[TRAIN] Step 167 | Loss=4.965981 | Best makespan in group=1906.00
[TRAIN] Step 168/350 | 16:15:59
[TRAIN] Step 168 | Loss=0.409734 | Best makespan in group=1582.00
[TRAIN] Step 169/350 | 16:17:26
[TRAIN] Step 169 | Loss=1.515100 | Best makespan in group=1900.00
[TRAIN] Step 170/350 | 16:19:04
[TRAIN] Step 170 | Loss=0.892902 | Best makespan in group=1966.00
[TRAIN] Step 171/350 | 16:21:08
[TRAIN] Step 171 | Loss=3.201630 | Best makespan in group=1488.00
[TRAIN] Step 172/350 | 16:22:58
[TRAIN] Step 172 | Loss=0.921666 | Best makespan in group=2678.00
[TRAIN] Step 173/350 | 16:24:46
[TRAIN] Step 173 | Loss=1.625679 | Best makespan in group=1756.00
[TRAIN] Step 174/350 | 16:26:22
[TRAIN] Step 174 | Loss=1.379195 | Best makespan in group=1446.00
[TRAIN] Step 175/350 | 16:28:08
[TRAIN] Step 175 | Loss=4.879565 | Best makespan in group=2690.00
[TRAIN] Step 176/350 | 16:29:47
[TRAIN] Step 176 | Loss=0.006762 | Best makespan in group=2010.00
[TRAIN] Step 177/350 | 16:31:24
[TRAIN] Step 177 | Loss=0.127949 | Best makespan in group=729.00
[TRAIN] Step 178/350 | 16:32:48
[TRAIN] Step 178 | Loss=1.705069 | Best makespan in group=1877.00
[TRAIN] Step 179/350 | 16:34:27
[TRAIN] Step 179 | Loss=4.221025 | Best makespan in group=2004.00
[TRAIN] Step 180/350 | 16:36:10
[TRAIN] Step 180 | Loss=0.002388 | Best makespan in group=1160.00
[TRAIN][VAL][ep 180] avg_gap=0.1333 | std_gap=0.1510 | q80_gap=0.2412 | n=20
[TRAIN][VAL][ep 180] blocked_events=533 | swaps=49 in 13 instance(s)
[TRAIN] Step 181/350 | 16:38:43
[TRAIN] Step 181 | Loss=0.003232 | Best makespan in group=1830.00
[TRAIN] Step 182/350 | 16:40:09
[TRAIN] Step 182 | Loss=1.306129 | Best makespan in group=1356.00
[TRAIN] Step 183/350 | 16:42:22
[TRAIN] Step 183 | Loss=0.762431 | Best makespan in group=2180.00
[TRAIN] Step 184/350 | 16:44:14
[TRAIN] Step 184 | Loss=0.063129 | Best makespan in group=1334.00
[TRAIN] Step 185/350 | 16:45:35
[TRAIN] Step 185 | Loss=0.000125 | Best makespan in group=1460.00
[TRAIN] Step 186/350 | 16:47:43
[TRAIN] Step 186 | Loss=1.843022 | Best makespan in group=1772.00
[TRAIN] Step 187/350 | 16:49:50
[TRAIN] Step 187 | Loss=3.370334 | Best makespan in group=1360.00
[TRAIN] Step 188/350 | 16:51:17
[TRAIN] Step 188 | Loss=5.748091 | Best makespan in group=2449.00
[TRAIN] Step 189/350 | 16:53:05
[TRAIN] Step 189 | Loss=6.221921 | Best makespan in group=2452.00
[TRAIN] Step 190/350 | 16:55:12
[TRAIN] Step 190 | Loss=0.580611 | Best makespan in group=2100.00
[TRAIN] Step 191/350 | 16:57:07
[TRAIN] Step 191 | Loss=0.004801 | Best makespan in group=1758.00
[TRAIN] Step 192/350 | 16:58:34
[TRAIN] Step 192 | Loss=0.112578 | Best makespan in group=1558.00
[TRAIN] Step 193/350 | 16:59:57
[TRAIN] Step 193 | Loss=2.942129 | Best makespan in group=1739.00
[TRAIN] Step 194/350 | 17:01:21
[TRAIN] Step 194 | Loss=3.302630 | Best makespan in group=2678.00
[TRAIN] Step 195/350 | 17:02:52
[TRAIN] Step 195 | Loss=0.673540 | Best makespan in group=1223.00
[TRAIN] Step 196/350 | 17:05:12
[TRAIN] Step 196 | Loss=3.518017 | Best makespan in group=1531.00
[TRAIN] Step 197/350 | 17:06:56
[TRAIN] Step 197 | Loss=2.940557 | Best makespan in group=2381.00
[TRAIN] Step 198/350 | 17:09:07
[TRAIN] Step 198 | Loss=1.164659 | Best makespan in group=1734.00
[TRAIN] Step 199/350 | 17:10:55
[TRAIN] Step 199 | Loss=0.143504 | Best makespan in group=1117.00
[TRAIN] Step 200/350 | 17:12:38
[TRAIN] Step 200 | Loss=2.027376 | Best makespan in group=1720.00
[TRAIN][VAL][ep 200] avg_gap=0.1547 | std_gap=0.1429 | q80_gap=0.3033 | n=20
[TRAIN][VAL][ep 200] blocked_events=514 | swaps=30 in 9 instance(s)
[TRAIN] Step 201/350 | 17:16:01
[TRAIN] Step 201 | Loss=0.016399 | Best makespan in group=729.00
[TRAIN] Step 202/350 | 17:17:27
[TRAIN] Step 202 | Loss=1.976146 | Best makespan in group=2134.00
[TRAIN] Step 203/350 | 17:19:10
[TRAIN] Step 203 | Loss=8.748811 | Best makespan in group=2438.00
[TRAIN] Step 204/350 | 17:21:23
[TRAIN] Step 204 | Loss=3.350558 | Best makespan in group=2180.00
[TRAIN] Step 205/350 | 17:23:15
[TRAIN] Step 205 | Loss=2.398254 | Best makespan in group=1670.00
[TRAIN] Step 206/350 | 17:24:39
[TRAIN] Step 206 | Loss=3.807075 | Best makespan in group=2304.00
[TRAIN] Step 207/350 | 17:26:16
[TRAIN] Step 207 | Loss=4.151410 | Best makespan in group=2278.00
[TRAIN] Step 208/350 | 17:27:54
[TRAIN] Step 208 | Loss=0.994224 | Best makespan in group=1960.00
[TRAIN] Step 209/350 | 17:29:38
[TRAIN] Step 209 | Loss=7.722998 | Best makespan in group=2142.00
[TRAIN] Step 210/350 | 17:32:12
[TRAIN] Step 210 | Loss=9.597654 | Best makespan in group=2150.00
[TRAIN] Step 211/350 | 17:34:16
[TRAIN] Step 211 | Loss=6.840760 | Best makespan in group=3028.00
[TRAIN] Step 212/350 | 17:36:27
[TRAIN] Step 212 | Loss=1.846161 | Best makespan in group=2178.00
[TRAIN] Step 213/350 | 17:38:49
[TRAIN] Step 213 | Loss=11.665381 | Best makespan in group=2444.00
[TRAIN] Step 214/350 | 17:40:59
[TRAIN] Step 214 | Loss=2.351069 | Best makespan in group=1926.00
[TRAIN] Step 215/350 | 17:42:58
[TRAIN] Step 215 | Loss=7.029149 | Best makespan in group=2406.00
[TRAIN] Step 216/350 | 17:44:44
[TRAIN] Step 216 | Loss=0.050231 | Best makespan in group=1334.00
[TRAIN] Step 217/350 | 17:46:15
[TRAIN] Step 217 | Loss=2.861213 | Best makespan in group=1120.00
[TRAIN] Step 218/350 | 17:47:45
[TRAIN] Step 218 | Loss=0.950877 | Best makespan in group=2394.00
[TRAIN] Step 219/350 | 17:49:32
[TRAIN] Step 219 | Loss=1.844632 | Best makespan in group=1364.00
[TRAIN] Step 220/350 | 17:50:55
[TRAIN] Step 220 | Loss=2.887792 | Best makespan in group=1798.00
[TRAIN][VAL][ep 220] avg_gap=0.1075 | std_gap=0.1220 | q80_gap=0.1664 | n=20
[TRAIN][VAL][ep 220] blocked_events=513 | swaps=28 in 11 instance(s)
[TRAIN] Step 221/350 | 17:53:25
[TRAIN] Step 221 | Loss=0.280857 | Best makespan in group=1687.00
[TRAIN] Step 222/350 | 17:55:18
[TRAIN] Step 222 | Loss=3.030771 | Best makespan in group=1826.00
[TRAIN] Step 223/350 | 17:57:00
[TRAIN] Step 223 | Loss=2.694915 | Best makespan in group=1531.00
[TRAIN] Step 224/350 | 17:58:48
[TRAIN] Step 224 | Loss=3.019873 | Best makespan in group=2271.00
[TRAIN] Step 225/350 | 18:01:04
[TRAIN] Step 225 | Loss=0.001589 | Best makespan in group=2376.00
[TRAIN] Step 226/350 | 18:03:13
[TRAIN] Step 226 | Loss=0.437972 | Best makespan in group=2678.00
[TRAIN] Step 227/350 | 18:05:00
[TRAIN] Step 227 | Loss=1.140744 | Best makespan in group=2048.00
[TRAIN] Step 228/350 | 18:06:59
[TRAIN] Step 228 | Loss=0.322179 | Best makespan in group=1792.00
[TRAIN] Step 229/350 | 18:08:32
[TRAIN] Step 229 | Loss=4.853409 | Best makespan in group=1520.00
[TRAIN] Step 230/350 | 18:10:04
[TRAIN] Step 230 | Loss=0.548506 | Best makespan in group=1814.00
[TRAIN] Step 231/350 | 18:11:45
[TRAIN] Step 231 | Loss=0.804575 | Best makespan in group=1120.00
[TRAIN] Step 232/350 | 18:13:31
[TRAIN] Step 232 | Loss=6.267787 | Best makespan in group=2690.00
[TRAIN] Step 233/350 | 18:15:15
[TRAIN] Step 233 | Loss=1.416979 | Best makespan in group=1945.00
[TRAIN] Step 234/350 | 18:16:57
[TRAIN] Step 234 | Loss=0.380681 | Best makespan in group=1756.00
[TRAIN] Step 235/350 | 18:18:32
[TRAIN] Step 235 | Loss=0.603448 | Best makespan in group=1900.00
[TRAIN] Step 236/350 | 18:20:16
[TRAIN] Step 236 | Loss=0.614979 | Best makespan in group=1786.00
[TRAIN] Step 237/350 | 18:22:18
[TRAIN] Step 237 | Loss=0.002981 | Best makespan in group=1142.00
[TRAIN] Step 238/350 | 18:23:53
[TRAIN] Step 238 | Loss=0.026826 | Best makespan in group=1656.00
[TRAIN] Step 239/350 | 18:25:38
[TRAIN] Step 239 | Loss=1.533658 | Best makespan in group=2394.00
[TRAIN] Step 240/350 | 18:27:14
[TRAIN] Step 240 | Loss=1.175013 | Best makespan in group=1932.00
[TRAIN][VAL][ep 240] avg_gap=0.1309 | std_gap=0.1287 | q80_gap=0.2289 | n=20
[TRAIN][VAL][ep 240] blocked_events=524 | swaps=36 in 11 instance(s)
[TRAIN] Step 241/350 | 18:30:18
[TRAIN] Step 241 | Loss=1.570119 | Best makespan in group=2006.00
[TRAIN] Step 242/350 | 18:32:13
[TRAIN] Step 242 | Loss=11.269613 | Best makespan in group=1892.00
[TRAIN] Step 243/350 | 18:33:55
[TRAIN] Step 243 | Loss=0.058392 | Best makespan in group=1446.00
[TRAIN] Step 244/350 | 18:35:38
[TRAIN] Step 244 | Loss=4.767637 | Best makespan in group=1882.00
[TRAIN] Step 245/350 | 18:37:03
[TRAIN] Step 245 | Loss=2.151789 | Best makespan in group=2450.00
[TRAIN] Step 246/350 | 18:38:51
[TRAIN] Step 246 | Loss=0.838434 | Best makespan in group=1888.00
[TRAIN] Step 247/350 | 18:41:05
[TRAIN] Step 247 | Loss=3.180994 | Best makespan in group=1282.00
[TRAIN] Step 248/350 | 18:42:48
[TRAIN] Step 248 | Loss=1.040224 | Best makespan in group=1792.00
[TRAIN] Step 249/350 | 18:44:14
[TRAIN] Step 249 | Loss=3.513144 | Best makespan in group=2102.00
[TRAIN] Step 250/350 | 18:45:55
[TRAIN] Step 250 | Loss=0.896421 | Best makespan in group=1339.00
[TRAIN] Step 251/350 | 18:48:03
[TRAIN] Step 251 | Loss=0.000659 | Best makespan in group=1802.00
[TRAIN] Step 252/350 | 18:50:10
[TRAIN] Step 252 | Loss=1.441433 | Best makespan in group=1819.00
[TRAIN] Step 253/350 | 18:52:15
[TRAIN] Step 253 | Loss=0.099084 | Best makespan in group=1966.00
[TRAIN] Step 254/350 | 18:54:23
[TRAIN] Step 254 | Loss=0.539560 | Best makespan in group=2120.00
[TRAIN] Step 255/350 | 18:56:56
[TRAIN] Step 255 | Loss=0.000981 | Best makespan in group=1758.00
[TRAIN] Step 256/350 | 18:58:21
[TRAIN] Step 256 | Loss=0.449074 | Best makespan in group=2574.00
[TRAIN] Step 257/350 | 19:00:26
[TRAIN] Step 257 | Loss=0.008370 | Best makespan in group=1440.00
[TRAIN] Step 258/350 | 19:01:51
[TRAIN] Step 258 | Loss=2.005666 | Best makespan in group=2278.00
[TRAIN] Step 259/350 | 19:03:47
[TRAIN] Step 259 | Loss=0.272613 | Best makespan in group=2034.00
[TRAIN] Step 260/350 | 19:05:20
[TRAIN] Step 260 | Loss=1.248908 | Best makespan in group=1550.00
[TRAIN][VAL][ep 260] avg_gap=0.1201 | std_gap=0.1117 | q80_gap=0.2137 | n=20
[TRAIN][VAL][ep 260] blocked_events=520 | swaps=36 in 12 instance(s)
[TRAIN] Step 261/350 | 19:08:11
[TRAIN] Step 261 | Loss=0.266139 | Best makespan in group=2227.00
[TRAIN] Step 262/350 | 19:10:00
[TRAIN] Step 262 | Loss=0.029081 | Best makespan in group=2162.00
[TRAIN] Step 263/350 | 19:11:51
[TRAIN] Step 263 | Loss=0.018169 | Best makespan in group=1377.00
[TRAIN] Step 264/350 | 19:13:40
[TRAIN] Step 264 | Loss=0.023313 | Best makespan in group=2502.00
[TRAIN] Step 265/350 | 19:15:29
[TRAIN] Step 265 | Loss=0.634928 | Best makespan in group=2678.00
[TRAIN] Step 266/350 | 19:16:55
[TRAIN] Step 266 | Loss=2.916597 | Best makespan in group=2276.00
[TRAIN] Step 267/350 | 19:18:48
[TRAIN] Step 267 | Loss=3.161912 | Best makespan in group=1812.00
[TRAIN] Step 268/350 | 19:21:05
[TRAIN] Step 268 | Loss=4.232594 | Best makespan in group=2008.00
[TRAIN] Step 269/350 | 19:23:00
[TRAIN] Step 269 | Loss=3.512362 | Best makespan in group=1122.00
[TRAIN] Step 270/350 | 19:24:39
[TRAIN] Step 270 | Loss=6.234114 | Best makespan in group=2632.00
[TRAIN] Step 271/350 | 19:26:26
[TRAIN] Step 271 | Loss=0.000953 | Best makespan in group=1224.00
[TRAIN] Step 272/350 | 19:28:43
[TRAIN] Step 272 | Loss=0.266085 | Best makespan in group=2092.00
[TRAIN] Step 273/350 | 19:30:34
[TRAIN] Step 273 | Loss=1.248814 | Best makespan in group=1872.00
[TRAIN] Step 274/350 | 19:32:44
[TRAIN] Step 274 | Loss=5.347255 | Best makespan in group=2044.00
[TRAIN] Step 275/350 | 19:34:50
[TRAIN] Step 275 | Loss=11.572970 | Best makespan in group=1850.00
[TRAIN] Step 276/350 | 19:36:54
[TRAIN] Step 276 | Loss=0.010891 | Best makespan in group=2010.00
[TRAIN] Step 277/350 | 19:38:27
[TRAIN] Step 277 | Loss=1.980289 | Best makespan in group=2456.00
[TRAIN] Step 278/350 | 19:40:34
[TRAIN] Step 278 | Loss=1.851911 | Best makespan in group=2092.00
[TRAIN] Step 279/350 | 19:42:20
[TRAIN] Step 279 | Loss=4.182899 | Best makespan in group=1572.00
[TRAIN] Step 280/350 | 19:44:02
[TRAIN] Step 280 | Loss=0.149385 | Best makespan in group=1558.00
[TRAIN][VAL][ep 280] avg_gap=0.1362 | std_gap=0.1662 | q80_gap=0.1893 | n=20
[TRAIN][VAL][ep 280] blocked_events=528 | swaps=41 in 12 instance(s)
[TRAIN] Step 281/350 | 19:46:25
[TRAIN] Step 281 | Loss=10.201177 | Best makespan in group=1793.00
[TRAIN] Step 282/350 | 19:47:50
[TRAIN] Step 282 | Loss=0.850318 | Best makespan in group=1536.00
[TRAIN] Step 283/350 | 19:49:54
[TRAIN] Step 283 | Loss=0.000038 | Best makespan in group=1452.00
[TRAIN] Step 284/350 | 19:51:32
[TRAIN] Step 284 | Loss=1.545025 | Best makespan in group=1460.00
[TRAIN] Step 285/350 | 19:53:44
[TRAIN] Step 285 | Loss=1.549891 | Best makespan in group=1520.00
[TRAIN] Step 286/350 | 19:55:21
[TRAIN] Step 286 | Loss=0.000058 | Best makespan in group=1776.00
[TRAIN] Step 287/350 | 19:57:27
[TRAIN] Step 287 | Loss=5.657952 | Best makespan in group=1921.00
[TRAIN] Step 288/350 | 19:59:38
[TRAIN] Step 288 | Loss=1.933435 | Best makespan in group=3164.00
[TRAIN] Step 289/350 | 20:02:03
[TRAIN] Step 289 | Loss=2.702090 | Best makespan in group=1294.00
[TRAIN] Step 290/350 | 20:03:27
[TRAIN] Step 290 | Loss=0.280953 | Best makespan in group=2004.00
[TRAIN] Step 291/350 | 20:05:10
[TRAIN] Step 291 | Loss=0.001224 | Best makespan in group=1830.00
[TRAIN] Step 292/350 | 20:06:37
[TRAIN] Step 292 | Loss=0.151534 | Best makespan in group=1212.00
[TRAIN] Step 293/350 | 20:08:25
[TRAIN] Step 293 | Loss=1.100672 | Best makespan in group=1824.00
[TRAIN] Step 294/350 | 20:10:13
[TRAIN] Step 294 | Loss=1.989619 | Best makespan in group=1544.00
[TRAIN] Step 295/350 | 20:12:24
[TRAIN] Step 295 | Loss=2.272472 | Best makespan in group=1582.00
[TRAIN] Step 296/350 | 20:13:49
[TRAIN] Step 296 | Loss=0.004030 | Best makespan in group=1054.00
[TRAIN] Step 297/350 | 20:15:36
[TRAIN] Step 297 | Loss=0.001583 | Best makespan in group=1160.00
[TRAIN] Step 298/350 | 20:17:00
[TRAIN] Step 298 | Loss=0.916687 | Best makespan in group=1625.00
[TRAIN] Step 299/350 | 20:18:39
[TRAIN] Step 299 | Loss=1.762136 | Best makespan in group=1754.00
[TRAIN] Step 300/350 | 20:20:13
[TRAIN] Step 300 | Loss=2.477252 | Best makespan in group=1734.00
[TRAIN][VAL][ep 300] avg_gap=0.1307 | std_gap=0.1627 | q80_gap=0.2078 | n=20
[TRAIN][VAL][ep 300] blocked_events=531 | swaps=44 in 13 instance(s)
[TRAIN] Step 301/350 | 20:23:02
[TRAIN] Step 301 | Loss=3.047553 | Best makespan in group=2278.00
[TRAIN] Step 302/350 | 20:24:38
[TRAIN] Step 302 | Loss=0.003105 | Best makespan in group=1160.00
[TRAIN] Step 303/350 | 20:25:57
[TRAIN] Step 303 | Loss=0.134352 | Best makespan in group=1656.00
[TRAIN] Step 304/350 | 20:27:38
[TRAIN] Step 304 | Loss=6.037094 | Best makespan in group=2285.00
[TRAIN] Step 305/350 | 20:29:53
[TRAIN] Step 305 | Loss=0.000090 | Best makespan in group=1776.00
[TRAIN] Step 306/350 | 20:32:04
[TRAIN] Step 306 | Loss=0.016477 | Best makespan in group=1616.00
[TRAIN] Step 307/350 | 20:33:42
[TRAIN] Step 307 | Loss=0.076504 | Best makespan in group=1460.00
[TRAIN] Step 308/350 | 20:35:39
[TRAIN] Step 308 | Loss=4.920332 | Best makespan in group=2008.00
[TRAIN] Step 309/350 | 20:37:25
[TRAIN] Step 309 | Loss=2.051776 | Best makespan in group=1582.00
[TRAIN] Step 310/350 | 20:38:46
[TRAIN] Step 310 | Loss=0.001979 | Best makespan in group=1758.00
[TRAIN] Step 311/350 | 20:40:08
[TRAIN] Step 311 | Loss=0.288817 | Best makespan in group=2006.00
[TRAIN] Step 312/350 | 20:41:45
[TRAIN] Step 312 | Loss=1.488563 | Best makespan in group=1184.00
[TRAIN] Step 313/350 | 20:43:16
[TRAIN] Step 313 | Loss=0.000030 | Best makespan in group=1452.00
[TRAIN] Step 314/350 | 20:44:50
[TRAIN] Step 314 | Loss=1.507191 | Best makespan in group=1620.00
[TRAIN] Step 315/350 | 20:46:34
[TRAIN] Step 315 | Loss=5.955667 | Best makespan in group=1734.00
[TRAIN] Step 316/350 | 20:48:13
[TRAIN] Step 316 | Loss=3.124053 | Best makespan in group=2092.00
[TRAIN] Step 317/350 | 20:49:56
[TRAIN] Step 317 | Loss=3.364965 | Best makespan in group=1814.00
[TRAIN] Step 318/350 | 20:51:30
[TRAIN] Step 318 | Loss=2.035454 | Best makespan in group=1786.00
[TRAIN] Step 319/350 | 20:53:18
[TRAIN] Step 319 | Loss=0.006968 | Best makespan in group=1544.00
[TRAIN] Step 320/350 | 20:55:23
[TRAIN] Step 320 | Loss=5.422540 | Best makespan in group=2499.00
[TRAIN][VAL][ep 320] avg_gap=0.1395 | std_gap=0.1559 | q80_gap=0.2388 | n=20
[TRAIN][VAL][ep 320] blocked_events=527 | swaps=38 in 12 instance(s)
[TRAIN] Step 321/350 | 20:58:32
[TRAIN] Step 321 | Loss=3.225835 | Best makespan in group=2450.00
[TRAIN] Step 322/350 | 21:00:11
[TRAIN] Step 322 | Loss=7.249433 | Best makespan in group=1446.00
[TRAIN] Step 323/350 | 21:01:46
[TRAIN] Step 323 | Loss=2.364380 | Best makespan in group=1179.00
[TRAIN] Step 324/350 | 21:03:25
[TRAIN] Step 324 | Loss=3.803025 | Best makespan in group=1284.00
[TRAIN] Step 325/350 | 21:05:37
[TRAIN] Step 325 | Loss=0.420681 | Best makespan in group=1536.00
[TRAIN] Step 326/350 | 21:07:33
[TRAIN] Step 326 | Loss=4.467041 | Best makespan in group=2390.00
[TRAIN] Step 327/350 | 21:09:04
[TRAIN] Step 327 | Loss=0.703600 | Best makespan in group=2162.00
[TRAIN] Step 328/350 | 21:10:47
[TRAIN] Step 328 | Loss=1.723327 | Best makespan in group=1792.00
[TRAIN] Step 329/350 | 21:12:09
[TRAIN] Step 329 | Loss=2.838125 | Best makespan in group=2048.00
[TRAIN] Step 330/350 | 21:14:00
[TRAIN] Step 330 | Loss=3.733993 | Best makespan in group=1670.00
[TRAIN] Step 331/350 | 21:15:16
[TRAIN] Step 331 | Loss=0.353590 | Best makespan in group=2297.00
[TRAIN] Step 332/350 | 21:17:05
[TRAIN] Step 332 | Loss=0.746822 | Best makespan in group=1786.00
[TRAIN] Step 333/350 | 21:18:58
[TRAIN] Step 333 | Loss=3.547103 | Best makespan in group=1756.00
[TRAIN] Step 334/350 | 21:20:24
[TRAIN] Step 334 | Loss=1.455902 | Best makespan in group=1768.00
[TRAIN] Step 335/350 | 21:21:41
[TRAIN] Step 335 | Loss=0.195668 | Best makespan in group=1174.00
[TRAIN] Step 336/350 | 21:23:05
[TRAIN] Step 336 | Loss=0.479541 | Best makespan in group=1520.00
[TRAIN] Step 337/350 | 21:24:26
[TRAIN] Step 337 | Loss=0.444409 | Best makespan in group=1966.00
[TRAIN] Step 338/350 | 21:26:20
[TRAIN] Step 338 | Loss=3.381946 | Best makespan in group=2304.00
[TRAIN] Step 339/350 | 21:27:49
[TRAIN] Step 339 | Loss=2.583790 | Best makespan in group=2678.00
[TRAIN] Step 340/350 | 21:29:11
[TRAIN] Step 340 | Loss=2.045150 | Best makespan in group=1900.00
[TRAIN][VAL][ep 340] avg_gap=0.0898 | std_gap=0.0991 | q80_gap=0.1918 | n=20
[TRAIN][VAL][ep 340] blocked_events=511 | swaps=20 in 8 instance(s)
[TRAIN] Step 341/350 | 21:31:45
[TRAIN] Step 341 | Loss=2.975599 | Best makespan in group=2701.00
[TRAIN] Step 342/350 | 21:33:25
[TRAIN] Step 342 | Loss=0.997593 | Best makespan in group=1298.00
[TRAIN] Step 343/350 | 21:35:27
[TRAIN] Step 343 | Loss=1.130510 | Best makespan in group=2064.00
[TRAIN] Step 344/350 | 21:37:29
[TRAIN] Step 344 | Loss=0.322979 | Best makespan in group=2690.00
[TRAIN] Step 345/350 | 21:39:04
[TRAIN] Step 345 | Loss=1.516523 | Best makespan in group=1346.00
[TRAIN] Step 346/350 | 21:40:27
[TRAIN] Step 346 | Loss=0.311095 | Best makespan in group=1212.00
[TRAIN] Step 347/350 | 21:42:10
[TRAIN] Step 347 | Loss=2.868421 | Best makespan in group=2394.00
[TRAIN] Step 348/350 | 21:43:39
[TRAIN] Step 348 | Loss=2.132114 | Best makespan in group=2092.00
[TRAIN] Step 349/350 | 21:45:21
[TRAIN] Step 349 | Loss=0.215503 | Best makespan in group=2278.00
[TRAIN] Step 350/350 | 21:47:17
[TRAIN] Step 350 | Loss=1.083315 | Best makespan in group=2394.00
[TRAIN][VAL][ep 350] avg_gap=0.0993 | std_gap=0.1265 | q80_gap=0.1622 | n=20
[TRAIN][VAL][ep 350] blocked_events=514 | swaps=19 in 8 instance(s)
[TRAIN] Evaluating best checkpoint (candidate_models\blocking\253000972042672.pth) on the held-out test split...
[TRAIN][TEST] avg_gap=0.1328 | std_gap=0.1156 | q80_gap=0.2112 | n=20
[TRAIN][TEST] blocked_events=480 | swaps=26 in 12 instance(s)
[TRAIN][21:51:06] Training ended. Validation history and plots updated.
[MAIN] Run finished at 2026-10-06 21:51:06
============================================================
=== [A] exit code 0 | 2026-10-06 21:51:08 ===
=== [A] TRAIN blk350_gat_L3_selk1_mask1_edges_sum_incgreedy_ojmd_s42 | 2026-10-06 21:51:08 ===
C:\Users\maria\Desktop\dissertation-bopo_introduction\.venv\Lib\site-packages\torch\jit\_script.py:1491: FutureWarning: `torch.jit.script` is deprecated. Please switch to `torch.compile` or `torch.export`.
  warnings.warn(
============================================================
[MAIN] Run started at 2026-10-06 21:51:24
[MAIN] mode=train
[MAIN] run_name=blk350_gat_L3_selk1_mask1_edges_sum_incgreedy_ojmd
[MAIN] representation(s)=['ojmd']
[MAIN] gnn_type=gat
[MAIN] overrides={'mask_option': 1, 'sel_k': 1, 'num_layers': 3, 'logp_norm': 'sum', 'exclude_greedy_from_loss': False, 'jm_design': 'edges'}
============================================================
[MAIN] Training representation=ojmd | seed=42 | run_name=blk350_gat_L3_selk1_mask1_edges_sum_incgreedy_ojmd_s42 | gnn_type=gat | overrides={'mask_option': 1, 'sel_k': 1, 'num_layers': 3, 'logp_norm': 'sum', 'exclude_greedy_from_loss': False, 'jm_design': 'edges'}
============================================================
[TRAIN] Training started at: 2026-10-06 21:51:24
[TRAIN] Hyperparams | max_steps=350 | new_freq=500
[TRAIN]             | n_cases=100 | B=64 | K=16 | use_greedy=True | lr=0.0005 (decaying to 1.00e-04)
[TRAIN]             | warm_start_steps=200 | checkpoint_smooth_window=3 | seed=42
[TRAIN]             | hidden_channels=128 | num_layers=3 | heads=3
[TRAIN]             | logp_norm=sum | exclude_greedy_from_loss=False
[TRAIN] Representation | ojmd | GNN | gat | jm_design | edges
[TRAIN] Problem size | jobs=[8,10] | machines=[5,10] | ops_per_job=[5,6] | max_proc=100
============================================================
[TRAIN] Output run folder: results\blocking\blk350_gat_L3_selk1_mask1_edges_sum_incgreedy_ojmd_s42
[TRAIN] Validation config | every=20 steps | instances=20 (representative subset)
[TRAIN] Blocking setting | buffers in=2 out=1 | instances={'range_jobs': (12, 15), 'range_machines': (4, 6), 'range_op_per_job': (5, 6), 'max_processing': 100, 'mas_per_ope_max': 3, 'n_bottlenecks': 1, 'bottleneck_prob': 0.7, 'bottleneck_factor': 2.0}
[TRAIN] Warm-start (behavior cloning vs. dispatch heuristic) | 200 step(s)...
[TRAIN][WARMSTART] step 10/200 | instance=74 | bc_loss=1.3939 | decisions=26
[TRAIN][WARMSTART] step 20/200 | instance=80 | bc_loss=1.4302 | decisions=34
[TRAIN][WARMSTART] step 30/200 | instance=76 | bc_loss=1.1520 | decisions=34
[TRAIN][WARMSTART] step 40/200 | instance=83 | bc_loss=1.3072 | decisions=41
[TRAIN][WARMSTART] step 50/200 | instance=68 | bc_loss=1.4472 | decisions=31
[TRAIN][WARMSTART] step 60/200 | instance=41 | bc_loss=1.5805 | decisions=36
[TRAIN][WARMSTART] step 70/200 | instance=15 | bc_loss=1.0443 | decisions=33
[TRAIN][WARMSTART] step 80/200 | instance=72 | bc_loss=1.5495 | decisions=38
[TRAIN][WARMSTART] step 90/200 | instance=27 | bc_loss=1.0235 | decisions=35
[TRAIN][WARMSTART] step 100/200 | instance=53 | bc_loss=0.8264 | decisions=26
[TRAIN][WARMSTART] step 110/200 | instance=28 | bc_loss=1.1688 | decisions=36
[TRAIN][WARMSTART] step 120/200 | instance=9 | bc_loss=0.8509 | decisions=35
[TRAIN][WARMSTART] step 130/200 | instance=21 | bc_loss=1.0226 | decisions=49
[TRAIN][WARMSTART] step 140/200 | instance=13 | bc_loss=0.9683 | decisions=36
[TRAIN][WARMSTART] step 150/200 | instance=56 | bc_loss=0.7753 | decisions=32
[TRAIN][WARMSTART] step 160/200 | instance=72 | bc_loss=1.4400 | decisions=38
[TRAIN][WARMSTART] step 170/200 | instance=43 | bc_loss=1.1308 | decisions=29
[TRAIN][WARMSTART] step 180/200 | instance=62 | bc_loss=1.0269 | decisions=36
[TRAIN][WARMSTART] step 190/200 | instance=40 | bc_loss=1.1161 | decisions=31
[TRAIN][WARMSTART] step 200/200 | instance=19 | bc_loss=0.7845 | decisions=31
[TRAIN] Warm-start complete, switching to BOPO preference optimization.
------------------------------------------------------------
[TRAIN] BOPO agent ready. Starting training loop for 350 step(s)...
------------------------------------------------------------
[TRAIN] Step 1/350 | 22:11:44
[TRAIN] Step 1 | Loss=1.390302 | Best makespan in group=1507.00
[TRAIN] Step 2/350 | 22:13:22
[TRAIN] Step 2 | Loss=1.940282 | Best makespan in group=1642.00
[TRAIN] Step 3/350 | 22:15:06
[TRAIN] Step 3 | Loss=1.950661 | Best makespan in group=2398.00
[TRAIN] Step 4/350 | 22:16:47
[TRAIN] Step 4 | Loss=0.593254 | Best makespan in group=1460.00
[TRAIN] Step 5/350 | 22:18:51
[TRAIN] Step 5 | Loss=1.750298 | Best makespan in group=2044.00
[TRAIN] Step 6/350 | 22:20:39
[TRAIN] Step 6 | Loss=2.355880 | Best makespan in group=3164.00
[TRAIN] Step 7/350 | 22:23:12
[TRAIN] Step 7 | Loss=1.511791 | Best makespan in group=1090.00
[TRAIN] Step 8/350 | 22:25:01
[TRAIN] Step 8 | Loss=0.021921 | Best makespan in group=2450.00
[TRAIN] Step 9/350 | 22:26:50
[TRAIN] Step 9 | Loss=2.382456 | Best makespan in group=2213.00
[TRAIN] Step 10/350 | 22:29:12
[TRAIN] Step 10 | Loss=14.505794 | Best makespan in group=2247.00
[TRAIN] Step 11/350 | 22:31:19
[TRAIN] Step 11 | Loss=0.259003 | Best makespan in group=1656.00
[TRAIN] Step 12/350 | 22:33:07
[TRAIN] Step 12 | Loss=10.539784 | Best makespan in group=1440.00
[TRAIN] Step 13/350 | 22:34:41
[TRAIN] Step 13 | Loss=0.665900 | Best makespan in group=1756.00
[TRAIN] Step 14/350 | 22:36:13
[TRAIN] Step 14 | Loss=2.333031 | Best makespan in group=1888.00
[TRAIN] Step 15/350 | 22:38:42
[TRAIN] Step 15 | Loss=2.866004 | Best makespan in group=2278.00
[TRAIN] Step 16/350 | 22:40:42
[TRAIN] Step 16 | Loss=0.616405 | Best makespan in group=1962.00
[TRAIN] Step 17/350 | 22:42:34
[TRAIN] Step 17 | Loss=2.650951 | Best makespan in group=2046.00
[TRAIN] Step 18/350 | 22:44:36
[TRAIN] Step 18 | Loss=3.446044 | Best makespan in group=2004.00
[TRAIN] Step 19/350 | 22:46:19
[TRAIN] Step 19 | Loss=6.368190 | Best makespan in group=1798.00
[TRAIN] Step 20/350 | 22:47:44
[TRAIN] Step 20 | Loss=0.407403 | Best makespan in group=2162.00
[TRAIN][VAL][ep 20] avg_gap=0.2141 | std_gap=0.1756 | q80_gap=0.3988 | n=20
[TRAIN][VAL][ep 20] blocked_events=455 | swaps=42 in 12 instance(s)
[TRAIN] Validation improved | smoothed_avg_gap=0.2141 (raw=0.2141) | saving candidate: 399037851284715.pth
[TRAIN] Step 21/350 | 22:50:38
[TRAIN] Step 21 | Loss=2.845653 | Best makespan in group=1120.00
[TRAIN] Step 22/350 | 22:52:04
[TRAIN] Step 22 | Loss=2.037864 | Best makespan in group=2398.00
[TRAIN] Step 23/350 | 22:54:11
[TRAIN] Step 23 | Loss=0.580624 | Best makespan in group=1582.00
[TRAIN] Step 24/350 | 22:55:37
[TRAIN] Step 24 | Loss=1.390325 | Best makespan in group=2048.00
[TRAIN] Step 25/350 | 22:57:33
[TRAIN] Step 25 | Loss=2.978238 | Best makespan in group=1945.00
[TRAIN] Step 26/350 | 22:59:33
[TRAIN] Step 26 | Loss=0.334162 | Best makespan in group=1172.00
[TRAIN] Step 27/350 | 23:01:18
[TRAIN] Step 27 | Loss=6.255983 | Best makespan in group=2008.00
[TRAIN] Step 28/350 | 23:03:07
[TRAIN] Step 28 | Loss=10.292050 | Best makespan in group=1776.00
[TRAIN] Step 29/350 | 23:05:18
[TRAIN] Step 29 | Loss=1.040581 | Best makespan in group=1814.00
[TRAIN] Step 30/350 | 23:06:55
[TRAIN] Step 30 | Loss=0.637408 | Best makespan in group=1966.00
[TRAIN] Step 31/350 | 23:08:56
[TRAIN] Step 31 | Loss=13.436550 | Best makespan in group=2394.00
[TRAIN] Step 32/350 | 23:10:49
[TRAIN] Step 32 | Loss=3.768067 | Best makespan in group=1302.00
[TRAIN] Step 33/350 | 23:12:29
[TRAIN] Step 33 | Loss=5.208291 | Best makespan in group=1882.00
[TRAIN] Step 34/350 | 23:13:54
[TRAIN] Step 34 | Loss=2.263234 | Best makespan in group=1160.00
[TRAIN] Step 35/350 | 23:15:15
[TRAIN] Step 35 | Loss=11.399297 | Best makespan in group=2254.00
[TRAIN] Step 36/350 | 23:17:27
[TRAIN] Step 36 | Loss=1.244292 | Best makespan in group=1208.00
[TRAIN] Step 37/350 | 23:19:43
[TRAIN] Step 37 | Loss=3.611367 | Best makespan in group=1970.00
[TRAIN] Step 38/350 | 23:21:40
[TRAIN] Step 38 | Loss=0.025693 | Best makespan in group=2006.00
[TRAIN] Step 39/350 | 23:23:28
[TRAIN] Step 39 | Loss=7.051818 | Best makespan in group=2574.00
[TRAIN] Step 40/350 | 23:25:30
[TRAIN] Step 40 | Loss=1.454417 | Best makespan in group=2396.00
[TRAIN][VAL][ep 40] avg_gap=0.1594 | std_gap=0.1723 | q80_gap=0.2413 | n=20
[TRAIN][VAL][ep 40] blocked_events=516 | swaps=55 in 13 instance(s)
[TRAIN] Validation improved | smoothed_avg_gap=0.1867 (raw=0.1594) | saving candidate: 152673700195483.pth
[TRAIN] Step 41/350 | 23:28:43
[TRAIN] Step 41 | Loss=3.474140 | Best makespan in group=2394.00
[TRAIN] Step 42/350 | 23:30:18
[TRAIN] Step 42 | Loss=2.286958 | Best makespan in group=1900.00
[TRAIN] Step 43/350 | 23:31:58
[TRAIN] Step 43 | Loss=0.024226 | Best makespan in group=1122.00
[TRAIN] Step 44/350 | 23:33:38
[TRAIN] Step 44 | Loss=3.412936 | Best makespan in group=1670.00
[TRAIN] Step 45/350 | 23:34:56
[TRAIN] Step 45 | Loss=9.975155 | Best makespan in group=1892.00
[TRAIN] Step 46/350 | 23:36:30
[TRAIN] Step 46 | Loss=0.181366 | Best makespan in group=1758.00
[TRAIN] Step 47/350 | 23:37:56
[TRAIN] Step 47 | Loss=8.669859 | Best makespan in group=2269.00
[TRAIN] Step 48/350 | 23:40:04
[TRAIN] Step 48 | Loss=1.360825 | Best makespan in group=2010.00
[TRAIN] Step 49/350 | 23:41:37
[TRAIN] Step 49 | Loss=3.664809 | Best makespan in group=1675.00
[TRAIN] Step 50/350 | 23:43:15
[TRAIN] Step 50 | Loss=5.236854 | Best makespan in group=2092.00
[TRAIN] Step 51/350 | 23:45:07
[TRAIN] Step 51 | Loss=1.261501 | Best makespan in group=2276.00
[TRAIN] Step 52/350 | 23:47:03
[TRAIN] Step 52 | Loss=1.775021 | Best makespan in group=1582.00
[TRAIN] Step 53/350 | 23:48:57
[TRAIN] Step 53 | Loss=2.040115 | Best makespan in group=1842.00
[TRAIN] Step 54/350 | 23:51:05
[TRAIN] Step 54 | Loss=5.006647 | Best makespan in group=2234.00
[TRAIN] Step 55/350 | 23:53:22
[TRAIN] Step 55 | Loss=5.802810 | Best makespan in group=2166.00
[TRAIN] Step 56/350 | 23:55:10
[TRAIN] Step 56 | Loss=5.809011 | Best makespan in group=2092.00
[TRAIN] Step 57/350 | 23:56:55
[TRAIN] Step 57 | Loss=3.180536 | Best makespan in group=1792.00
[TRAIN] Step 58/350 | 23:58:22
[TRAIN] Step 58 | Loss=0.898696 | Best makespan in group=2696.00
[TRAIN] Step 59/350 | 00:00:25
[TRAIN] Step 59 | Loss=11.579073 | Best makespan in group=2024.00
[TRAIN] Step 60/350 | 00:02:18
[TRAIN] Step 60 | Loss=6.274890 | Best makespan in group=1786.00
[TRAIN][VAL][ep 60] avg_gap=0.1888 | std_gap=0.1459 | q80_gap=0.3275 | n=20
[TRAIN][VAL][ep 60] blocked_events=538 | swaps=45 in 15 instance(s)
[TRAIN] Step 61/350 | 00:05:17
[TRAIN] Step 61 | Loss=0.042439 | Best makespan in group=1452.00
[TRAIN] Step 62/350 | 00:06:51
[TRAIN] Step 62 | Loss=6.897065 | Best makespan in group=1634.00
[TRAIN] Step 63/350 | 00:08:31
[TRAIN] Step 63 | Loss=1.185048 | Best makespan in group=1555.00
[TRAIN] Step 64/350 | 00:10:35
[TRAIN] Step 64 | Loss=2.867080 | Best makespan in group=2163.00
[TRAIN] Step 65/350 | 00:12:15
[TRAIN] Step 65 | Loss=0.210797 | Best makespan in group=1364.00
[TRAIN] Step 66/350 | 00:13:37
[TRAIN] Step 66 | Loss=1.494558 | Best makespan in group=2456.00
[TRAIN] Step 67/350 | 00:15:36
[TRAIN] Step 67 | Loss=2.393916 | Best makespan in group=1668.00
[TRAIN] Step 68/350 | 00:17:17
[TRAIN] Step 68 | Loss=0.919714 | Best makespan in group=1754.00
[TRAIN] Step 69/350 | 00:18:45
[TRAIN] Step 69 | Loss=2.547089 | Best makespan in group=2555.00
[TRAIN] Step 70/350 | 00:20:31
[TRAIN] Step 70 | Loss=1.683255 | Best makespan in group=1824.00
[TRAIN] Step 71/350 | 00:22:12
[TRAIN] Step 71 | Loss=0.140310 | Best makespan in group=1830.00
[TRAIN] Step 72/350 | 00:23:36
[TRAIN] Step 72 | Loss=1.731494 | Best makespan in group=2180.00
[TRAIN] Step 73/350 | 00:25:16
[TRAIN] Step 73 | Loss=0.284519 | Best makespan in group=1819.00
[TRAIN] Step 74/350 | 00:26:34
[TRAIN] Step 74 | Loss=1.106970 | Best makespan in group=2278.00
[TRAIN] Step 75/350 | 00:28:06
[TRAIN] Step 75 | Loss=4.271592 | Best makespan in group=1890.00
[TRAIN] Step 76/350 | 00:30:05
[TRAIN] Step 76 | Loss=0.000015 | Best makespan in group=1148.00
[TRAIN] Step 77/350 | 00:31:27
[TRAIN] Step 77 | Loss=7.616437 | Best makespan in group=2678.00
[TRAIN] Step 78/350 | 00:33:08
[TRAIN] Step 78 | Loss=4.698731 | Best makespan in group=2718.00
[TRAIN] Step 79/350 | 00:34:46
[TRAIN] Step 79 | Loss=0.509186 | Best makespan in group=1796.00
[TRAIN] Step 80/350 | 00:36:41
[TRAIN] Step 80 | Loss=1.472224 | Best makespan in group=1792.00
[TRAIN][VAL][ep 80] avg_gap=0.1495 | std_gap=0.1319 | q80_gap=0.2583 | n=20
[TRAIN][VAL][ep 80] blocked_events=546 | swaps=48 in 13 instance(s)
[TRAIN] Validation improved | smoothed_avg_gap=0.1659 (raw=0.1495) | saving candidate: 660938615354650.pth
[TRAIN] Step 81/350 | 00:39:15
[TRAIN] Step 81 | Loss=5.756648 | Best makespan in group=2108.00
[TRAIN] Step 82/350 | 00:40:44
[TRAIN] Step 82 | Loss=0.087367 | Best makespan in group=1544.00
[TRAIN] Step 83/350 | 00:42:48
[TRAIN] Step 83 | Loss=5.539760 | Best makespan in group=3028.00
[TRAIN] Step 84/350 | 00:44:49
[TRAIN] Step 84 | Loss=1.367308 | Best makespan in group=1375.00
[TRAIN] Step 85/350 | 00:46:24
[TRAIN] Step 85 | Loss=0.503061 | Best makespan in group=2678.00
[TRAIN] Step 86/350 | 00:47:48
[TRAIN] Step 86 | Loss=0.172546 | Best makespan in group=1734.00
[TRAIN] Step 87/350 | 00:49:26
[TRAIN] Step 87 | Loss=0.604684 | Best makespan in group=2304.00
[TRAIN] Step 88/350 | 00:51:00
[TRAIN] Step 88 | Loss=0.625122 | Best makespan in group=1520.00
[TRAIN] Step 89/350 | 00:52:24
[TRAIN] Step 89 | Loss=0.250421 | Best makespan in group=1558.00
[TRAIN] Step 90/350 | 00:53:40
[TRAIN] Step 90 | Loss=7.316850 | Best makespan in group=2059.00
[TRAIN] Step 91/350 | 00:55:44
[TRAIN] Step 91 | Loss=3.961017 | Best makespan in group=2150.00
[TRAIN] Step 92/350 | 00:57:34
[TRAIN] Step 92 | Loss=4.920282 | Best makespan in group=1350.00
[TRAIN] Step 93/350 | 00:58:52
[TRAIN] Step 93 | Loss=0.281195 | Best makespan in group=1389.00
[TRAIN] Step 94/350 | 01:00:49
[TRAIN] Step 94 | Loss=3.282281 | Best makespan in group=1334.00
[TRAIN] Step 95/350 | 01:02:07
[TRAIN] Step 95 | Loss=3.166032 | Best makespan in group=1796.00
[TRAIN] Step 96/350 | 01:03:41
[TRAIN] Step 96 | Loss=0.056464 | Best makespan in group=1212.00
[TRAIN] Step 97/350 | 01:05:24
[TRAIN] Step 97 | Loss=0.902962 | Best makespan in group=2134.00
[TRAIN] Step 98/350 | 01:07:02
[TRAIN] Step 98 | Loss=0.511895 | Best makespan in group=729.00
[TRAIN] Step 99/350 | 01:08:19
[TRAIN] Step 99 | Loss=1.074056 | Best makespan in group=1520.00
[TRAIN] Step 100/350 | 01:09:45
[TRAIN] Step 100 | Loss=8.328609 | Best makespan in group=2034.00
[TRAIN][VAL][ep 100] avg_gap=0.1872 | std_gap=0.1860 | q80_gap=0.3586 | n=20
[TRAIN][VAL][ep 100] blocked_events=541 | swaps=63 in 14 instance(s)
[TRAIN] Step 101/350 | 01:12:15
[TRAIN] Step 101 | Loss=0.237851 | Best makespan in group=2229.00
[TRAIN] Step 102/350 | 01:13:53
[TRAIN] Step 102 | Loss=0.579180 | Best makespan in group=2070.00
[TRAIN] Step 103/350 | 01:15:35
[TRAIN] Step 103 | Loss=0.687337 | Best makespan in group=1560.00
[TRAIN] Step 104/350 | 01:17:11
[TRAIN] Step 104 | Loss=1.102206 | Best makespan in group=1634.00
[TRAIN] Step 105/350 | 01:18:46
[TRAIN] Step 105 | Loss=2.169324 | Best makespan in group=2690.00
[TRAIN] Step 106/350 | 01:20:19
[TRAIN] Step 106 | Loss=0.876864 | Best makespan in group=1900.00
[TRAIN] Step 107/350 | 01:21:50
[TRAIN] Step 107 | Loss=0.405223 | Best makespan in group=2394.00
[TRAIN] Step 108/350 | 01:23:34
[TRAIN] Step 108 | Loss=1.173006 | Best makespan in group=1792.00
[TRAIN] Step 109/350 | 01:24:58
[TRAIN] Step 109 | Loss=5.512343 | Best makespan in group=1446.00
[TRAIN] Step 110/350 | 01:26:32
[TRAIN] Step 110 | Loss=1.399172 | Best makespan in group=2180.00
[TRAIN] Step 111/350 | 01:28:14
[TRAIN] Step 111 | Loss=9.131017 | Best makespan in group=2150.00
[TRAIN] Step 112/350 | 01:30:02
[TRAIN] Step 112 | Loss=0.228020 | Best makespan in group=1792.00
[TRAIN] Step 113/350 | 01:31:30
[TRAIN] Step 113 | Loss=0.893867 | Best makespan in group=1786.00
[TRAIN] Step 114/350 | 01:33:25
[TRAIN] Step 114 | Loss=1.756992 | Best makespan in group=1539.00
[TRAIN] Step 115/350 | 01:35:25
[TRAIN] Step 115 | Loss=8.050296 | Best makespan in group=2142.00
[TRAIN] Step 116/350 | 01:37:36
[TRAIN] Step 116 | Loss=2.243533 | Best makespan in group=1758.00
[TRAIN] Step 117/350 | 01:38:57
[TRAIN] Step 117 | Loss=0.819057 | Best makespan in group=1830.00
[TRAIN] Step 118/350 | 01:40:22
[TRAIN] Step 118 | Loss=4.080782 | Best makespan in group=2456.00
[TRAIN] Step 119/350 | 01:42:23
[TRAIN] Step 119 | Loss=8.412110 | Best makespan in group=1776.00
[TRAIN] Step 120/350 | 01:43:41
[TRAIN] Step 120 | Loss=5.305511 | Best makespan in group=1318.00
[TRAIN][VAL][ep 120] avg_gap=0.2170 | std_gap=0.2016 | q80_gap=0.4448 | n=20
[TRAIN][VAL][ep 120] blocked_events=614 | swaps=67 in 14 instance(s)
[TRAIN] Step 121/350 | 01:46:22
[TRAIN] Step 121 | Loss=1.023034 | Best makespan in group=1252.00
[TRAIN] Step 122/350 | 01:48:30
[TRAIN] Step 122 | Loss=1.430493 | Best makespan in group=1830.00
[TRAIN] Step 123/350 | 01:50:07
[TRAIN] Step 123 | Loss=0.142854 | Best makespan in group=2164.00
[TRAIN] Step 124/350 | 01:51:46
[TRAIN] Step 124 | Loss=0.440956 | Best makespan in group=2010.00
[TRAIN] Step 125/350 | 01:53:18
[TRAIN] Step 125 | Loss=0.030942 | Best makespan in group=1452.00
[TRAIN] Step 126/350 | 01:54:57
[TRAIN] Step 126 | Loss=0.590196 | Best makespan in group=1789.00
[TRAIN] Step 127/350 | 01:56:48
[TRAIN] Step 127 | Loss=1.293927 | Best makespan in group=1826.00
[TRAIN] Step 128/350 | 01:58:44
[TRAIN] Step 128 | Loss=7.183303 | Best makespan in group=2008.00
[TRAIN] Step 129/350 | 02:00:26
[TRAIN] Step 129 | Loss=9.136423 | Best makespan in group=2615.00
[TRAIN] Step 130/350 | 02:02:22
[TRAIN] Step 130 | Loss=4.425733 | Best makespan in group=1858.00
[TRAIN] Step 131/350 | 02:04:10
[TRAIN] Step 131 | Loss=7.052198 | Best makespan in group=1120.00
[TRAIN] Step 132/350 | 02:05:25
[TRAIN] Step 132 | Loss=0.250069 | Best makespan in group=1334.00
[TRAIN] Step 133/350 | 02:06:42
[TRAIN] Step 133 | Loss=2.399307 | Best makespan in group=1190.00
[TRAIN] Step 134/350 | 02:08:09
[TRAIN] Step 134 | Loss=0.001231 | Best makespan in group=1754.00
[TRAIN] Step 135/350 | 02:09:40
[TRAIN] Step 135 | Loss=2.957582 | Best makespan in group=1560.00
[TRAIN] Step 136/350 | 02:11:11
[TRAIN] Step 136 | Loss=2.953974 | Best makespan in group=2134.00
[TRAIN] Step 137/350 | 02:12:47
[TRAIN] Step 137 | Loss=0.132295 | Best makespan in group=2376.00
[TRAIN] Step 138/350 | 02:14:44
[TRAIN] Step 138 | Loss=0.126082 | Best makespan in group=1160.00
[TRAIN] Step 139/350 | 02:16:00
[TRAIN] Step 139 | Loss=1.576385 | Best makespan in group=2450.00
[TRAIN] Step 140/350 | 02:17:35
[TRAIN] Step 140 | Loss=1.335135 | Best makespan in group=1460.00
[TRAIN][VAL][ep 140] avg_gap=0.1336 | std_gap=0.1699 | q80_gap=0.2322 | n=20
[TRAIN][VAL][ep 140] blocked_events=550 | swaps=51 in 10 instance(s)
[TRAIN] Step 141/350 | 02:20:37
[TRAIN] Step 141 | Loss=0.687956 | Best makespan in group=1364.00
[TRAIN] Step 142/350 | 02:21:56
[TRAIN] Step 142 | Loss=8.739829 | Best makespan in group=1968.00
[TRAIN] Step 143/350 | 02:23:43
[TRAIN] Step 143 | Loss=8.902620 | Best makespan in group=1943.00
[TRAIN] Step 144/350 | 02:25:44
[TRAIN] Step 144 | Loss=1.299893 | Best makespan in group=1296.00
[TRAIN] Step 145/350 | 02:27:35
[TRAIN] Step 145 | Loss=8.601316 | Best makespan in group=3028.00
[TRAIN] Step 146/350 | 02:29:37
[TRAIN] Step 146 | Loss=3.920384 | Best makespan in group=2678.00
[TRAIN] Step 147/350 | 02:31:14
[TRAIN] Step 147 | Loss=1.936740 | Best makespan in group=2092.00
[TRAIN] Step 148/350 | 02:33:01
[TRAIN] Step 148 | Loss=10.511527 | Best makespan in group=1736.00
[TRAIN] Step 149/350 | 02:34:48
[TRAIN] Step 149 | Loss=3.094942 | Best makespan in group=1706.00
[TRAIN] Step 150/350 | 02:36:33
[TRAIN] Step 150 | Loss=1.322521 | Best makespan in group=2038.00
[TRAIN] Step 151/350 | 02:37:58
[TRAIN] Step 151 | Loss=4.752035 | Best makespan in group=1520.00
[TRAIN] Step 152/350 | 02:39:18
[TRAIN] Step 152 | Loss=0.252450 | Best makespan in group=1074.00
[TRAIN] Step 153/350 | 02:40:55
[TRAIN] Step 153 | Loss=0.259517 | Best makespan in group=2021.00
[TRAIN] Step 154/350 | 02:42:33
[TRAIN] Step 154 | Loss=1.671006 | Best makespan in group=1734.00
[TRAIN] Step 155/350 | 02:44:12
[TRAIN] Step 155 | Loss=2.221167 | Best makespan in group=2278.00
[TRAIN] Step 156/350 | 02:46:05
[TRAIN] Step 156 | Loss=0.258175 | Best makespan in group=1828.00
[TRAIN] Step 157/350 | 02:47:48
[TRAIN] Step 157 | Loss=2.445933 | Best makespan in group=2394.00
[TRAIN] Step 158/350 | 02:49:19
[TRAIN] Step 158 | Loss=1.799359 | Best makespan in group=2048.00
[TRAIN] Step 159/350 | 02:51:14
[TRAIN] Step 159 | Loss=4.514557 | Best makespan in group=2304.00
[TRAIN] Step 160/350 | 02:52:47
[TRAIN] Step 160 | Loss=7.322684 | Best makespan in group=2017.00
[TRAIN][VAL][ep 160] avg_gap=0.1362 | std_gap=0.1621 | q80_gap=0.1891 | n=20
[TRAIN][VAL][ep 160] blocked_events=576 | swaps=55 in 16 instance(s)
[TRAIN] Validation improved | smoothed_avg_gap=0.1623 (raw=0.1362) | saving candidate: 122387512117029.pth
[TRAIN] Step 161/350 | 02:55:27
[TRAIN] Step 161 | Loss=1.444304 | Best makespan in group=1296.00
[TRAIN] Step 162/350 | 02:56:50
[TRAIN] Step 162 | Loss=2.630346 | Best makespan in group=1520.00
[TRAIN] Step 163/350 | 02:58:18
[TRAIN] Step 163 | Loss=0.547923 | Best makespan in group=2276.00
[TRAIN] Step 164/350 | 03:00:17
[TRAIN] Step 164 | Loss=0.094577 | Best makespan in group=1212.00
[TRAIN] Step 165/350 | 03:02:00
[TRAIN] Step 165 | Loss=4.688944 | Best makespan in group=2673.00
[TRAIN] Step 166/350 | 03:03:42
[TRAIN] Step 166 | Loss=2.630341 | Best makespan in group=1847.00
[TRAIN] Step 167/350 | 03:05:18
[TRAIN] Step 167 | Loss=8.715693 | Best makespan in group=2374.00
[TRAIN] Step 168/350 | 03:07:28
[TRAIN] Step 168 | Loss=6.891853 | Best makespan in group=2130.00
[TRAIN] Step 169/350 | 03:08:58
[TRAIN] Step 169 | Loss=0.347857 | Best makespan in group=1194.00
[TRAIN] Step 170/350 | 03:10:41
[TRAIN] Step 170 | Loss=8.571094 | Best makespan in group=1440.00
[TRAIN] Step 171/350 | 03:12:06
[TRAIN] Step 171 | Loss=4.731936 | Best makespan in group=2390.00
[TRAIN] Step 172/350 | 03:13:41
[TRAIN] Step 172 | Loss=0.000089 | Best makespan in group=734.00
[TRAIN] Step 173/350 | 03:14:58
[TRAIN] Step 173 | Loss=4.069788 | Best makespan in group=1926.00
[TRAIN] Step 174/350 | 03:16:51
[TRAIN] Step 174 | Loss=0.173165 | Best makespan in group=1324.00
[TRAIN] Step 175/350 | 03:18:29
[TRAIN] Step 175 | Loss=1.844245 | Best makespan in group=1582.00
[TRAIN] Step 176/350 | 03:19:48
[TRAIN] Step 176 | Loss=9.526420 | Best makespan in group=2249.00
[TRAIN] Step 177/350 | 03:22:01
[TRAIN] Step 177 | Loss=0.524062 | Best makespan in group=2678.00
[TRAIN] Step 178/350 | 03:23:25
[TRAIN] Step 178 | Loss=0.429932 | Best makespan in group=2239.00
[TRAIN] Step 179/350 | 03:25:22
[TRAIN] Step 179 | Loss=1.182049 | Best makespan in group=1882.00
[TRAIN] Step 180/350 | 03:26:44
[TRAIN] Step 180 | Loss=1.319450 | Best makespan in group=1966.00
[TRAIN][VAL][ep 180] avg_gap=0.1096 | std_gap=0.1482 | q80_gap=0.1261 | n=20
[TRAIN][VAL][ep 180] blocked_events=554 | swaps=31 in 12 instance(s)
[TRAIN] Validation improved | smoothed_avg_gap=0.1265 (raw=0.1096) | saving candidate: 15455583592115.pth
[TRAIN] Step 181/350 | 03:29:45
[TRAIN] Step 181 | Loss=3.980840 | Best makespan in group=3164.00
[TRAIN] Step 182/350 | 03:32:06
[TRAIN] Step 182 | Loss=1.385054 | Best makespan in group=2198.00
[TRAIN] Step 183/350 | 03:34:20
[TRAIN] Step 183 | Loss=0.001740 | Best makespan in group=1142.00
[TRAIN] Step 184/350 | 03:35:42
[TRAIN] Step 184 | Loss=0.192337 | Best makespan in group=2278.00
[TRAIN] Step 185/350 | 03:37:19
[TRAIN] Step 185 | Loss=11.649775 | Best makespan in group=2351.00
[TRAIN] Step 186/350 | 03:39:20
[TRAIN] Step 186 | Loss=3.877571 | Best makespan in group=1624.00
[TRAIN] Step 187/350 | 03:41:03
[TRAIN] Step 187 | Loss=0.683908 | Best makespan in group=1656.00
[TRAIN] Step 188/350 | 03:42:47
[TRAIN] Step 188 | Loss=5.977850 | Best makespan in group=1756.00
[TRAIN] Step 189/350 | 03:44:13
[TRAIN] Step 189 | Loss=0.081932 | Best makespan in group=1558.00
[TRAIN] Step 190/350 | 03:45:30
[TRAIN] Step 190 | Loss=5.871824 | Best makespan in group=2562.00
[TRAIN] Step 191/350 | 03:47:13
[TRAIN] Step 191 | Loss=1.091925 | Best makespan in group=1776.00
[TRAIN] Step 192/350 | 03:49:19
[TRAIN] Step 192 | Loss=4.203787 | Best makespan in group=1814.00
[TRAIN] Step 193/350 | 03:50:52
[TRAIN] Step 193 | Loss=6.886161 | Best makespan in group=2035.00
[TRAIN] Step 194/350 | 03:52:30
[TRAIN] Step 194 | Loss=0.730775 | Best makespan in group=1744.00
[TRAIN] Step 195/350 | 03:53:48
[TRAIN] Step 195 | Loss=0.000207 | Best makespan in group=1888.00
[TRAIN] Step 196/350 | 03:55:52
[TRAIN] Step 196 | Loss=0.567674 | Best makespan in group=2092.00
[TRAIN] Step 197/350 | 03:57:35
[TRAIN] Step 197 | Loss=1.911433 | Best makespan in group=1790.00
[TRAIN] Step 198/350 | 03:59:35
[TRAIN] Step 198 | Loss=7.908043 | Best makespan in group=1892.00
[TRAIN] Step 199/350 | 04:01:08
[TRAIN] Step 199 | Loss=0.000081 | Best makespan in group=1670.00
[TRAIN] Step 200/350 | 04:02:24
[TRAIN] Step 200 | Loss=1.899164 | Best makespan in group=1544.00
[TRAIN][VAL][ep 200] avg_gap=0.1001 | std_gap=0.1325 | q80_gap=0.1553 | n=20
[TRAIN][VAL][ep 200] blocked_events=576 | swaps=24 in 10 instance(s)
[TRAIN] Validation improved | smoothed_avg_gap=0.1153 (raw=0.1001) | saving candidate: 877511916701514.pth
[TRAIN] Step 201/350 | 04:05:33
[TRAIN] Step 201 | Loss=7.032759 | Best makespan in group=2180.00
[TRAIN] Step 202/350 | 04:07:20
[TRAIN] Step 202 | Loss=9.019497 | Best makespan in group=1829.00
[TRAIN] Step 203/350 | 04:09:11
[TRAIN] Step 203 | Loss=0.004478 | Best makespan in group=1900.00
[TRAIN] Step 204/350 | 04:10:46
[TRAIN] Step 204 | Loss=0.202767 | Best makespan in group=1120.00
[TRAIN] Step 205/350 | 04:12:09
[TRAIN] Step 205 | Loss=8.045916 | Best makespan in group=2252.00
[TRAIN] Step 206/350 | 04:14:13
[TRAIN] Step 206 | Loss=1.661491 | Best makespan in group=1828.00
[TRAIN] Step 207/350 | 04:16:11
[TRAIN] Step 207 | Loss=10.018159 | Best makespan in group=2092.00
[TRAIN] Step 208/350 | 04:17:57
[TRAIN] Step 208 | Loss=5.412622 | Best makespan in group=3028.00
[TRAIN] Step 209/350 | 04:20:00
[TRAIN] Step 209 | Loss=0.562774 | Best makespan in group=1926.00
[TRAIN] Step 210/350 | 04:21:54
[TRAIN] Step 210 | Loss=0.363256 | Best makespan in group=1298.00
[TRAIN] Step 211/350 | 04:23:16
[TRAIN] Step 211 | Loss=0.004864 | Best makespan in group=2278.00
[TRAIN] Step 212/350 | 04:25:09
[TRAIN] Step 212 | Loss=2.555258 | Best makespan in group=2102.00
[TRAIN] Step 213/350 | 04:26:49
[TRAIN] Step 213 | Loss=0.001049 | Best makespan in group=1990.00
[TRAIN] Step 214/350 | 04:28:27
[TRAIN] Step 214 | Loss=0.000068 | Best makespan in group=1888.00
[TRAIN] Step 215/350 | 04:30:37
[TRAIN] Step 215 | Loss=3.126738 | Best makespan in group=2450.00
[TRAIN] Step 216/350 | 04:32:14
[TRAIN] Step 216 | Loss=2.876951 | Best makespan in group=2278.00
[TRAIN] Step 217/350 | 04:33:48
[TRAIN] Step 217 | Loss=2.089746 | Best makespan in group=1541.00
[TRAIN] Step 218/350 | 04:35:36
[TRAIN] Step 218 | Loss=0.621255 | Best makespan in group=1200.00
[TRAIN] Step 219/350 | 04:37:42
[TRAIN] Step 219 | Loss=7.980769 | Best makespan in group=1726.00
[TRAIN] Step 220/350 | 04:39:00
[TRAIN] Step 220 | Loss=0.000168 | Best makespan in group=1776.00
[TRAIN][VAL][ep 220] avg_gap=0.0761 | std_gap=0.0759 | q80_gap=0.1230 | n=20
[TRAIN][VAL][ep 220] blocked_events=562 | swaps=24 in 12 instance(s)
[TRAIN] Validation improved | smoothed_avg_gap=0.0953 (raw=0.0761) | saving candidate: 868241362805133.pth
[TRAIN] Step 221/350 | 04:42:09
[TRAIN] Step 221 | Loss=0.025517 | Best makespan in group=1628.00
[TRAIN] Step 222/350 | 04:43:42
[TRAIN] Step 222 | Loss=0.183267 | Best makespan in group=1758.00
[TRAIN] Step 223/350 | 04:44:57
[TRAIN] Step 223 | Loss=2.242159 | Best makespan in group=3164.00
[TRAIN] Step 224/350 | 04:47:15
[TRAIN] Step 224 | Loss=1.472875 | Best makespan in group=2678.00
[TRAIN] Step 225/350 | 04:48:55
[TRAIN] Step 225 | Loss=0.069905 | Best makespan in group=1616.00
[TRAIN] Step 226/350 | 04:50:34
[TRAIN] Step 226 | Loss=5.631476 | Best makespan in group=2410.00
[TRAIN] Step 227/350 | 04:52:40
[TRAIN] Step 227 | Loss=0.021593 | Best makespan in group=2006.00
[TRAIN] Step 228/350 | 04:54:22
[TRAIN] Step 228 | Loss=11.329815 | Best makespan in group=1792.00
[TRAIN] Step 229/350 | 04:55:48
[TRAIN] Step 229 | Loss=0.016719 | Best makespan in group=1670.00
[TRAIN] Step 230/350 | 04:57:01
[TRAIN] Step 230 | Loss=1.390635 | Best makespan in group=2162.00
[TRAIN] Step 231/350 | 04:58:44
[TRAIN] Step 231 | Loss=1.281167 | Best makespan in group=2134.00
[TRAIN] Step 232/350 | 05:00:24
[TRAIN] Step 232 | Loss=2.523170 | Best makespan in group=2390.00
[TRAIN] Step 233/350 | 05:01:54
[TRAIN] Step 233 | Loss=1.399979 | Best makespan in group=1620.00
[TRAIN] Step 234/350 | 05:03:36
[TRAIN] Step 234 | Loss=0.725989 | Best makespan in group=2690.00
[TRAIN] Step 235/350 | 05:05:09
[TRAIN] Step 235 | Loss=0.401299 | Best makespan in group=1228.00
[TRAIN] Step 236/350 | 05:07:04
[TRAIN] Step 236 | Loss=1.077235 | Best makespan in group=1120.00
[TRAIN] Step 237/350 | 05:08:44
[TRAIN] Step 237 | Loss=2.238240 | Best makespan in group=1792.00
[TRAIN] Step 238/350 | 05:10:05
[TRAIN] Step 238 | Loss=6.306380 | Best makespan in group=2456.00
[TRAIN] Step 239/350 | 05:12:06
[TRAIN] Step 239 | Loss=8.184992 | Best makespan in group=2125.00
[TRAIN] Step 240/350 | 05:14:21
[TRAIN] Step 240 | Loss=5.813022 | Best makespan in group=2088.00
[TRAIN][VAL][ep 240] avg_gap=0.0996 | std_gap=0.1062 | q80_gap=0.1926 | n=20
[TRAIN][VAL][ep 240] blocked_events=554 | swaps=44 in 13 instance(s)
[TRAIN] Validation improved | smoothed_avg_gap=0.0920 (raw=0.0996) | saving candidate: 861250333142071.pth
[TRAIN] Step 241/350 | 05:17:33
[TRAIN] Step 241 | Loss=0.538125 | Best makespan in group=2154.00
[TRAIN] Step 242/350 | 05:19:20
[TRAIN] Step 242 | Loss=0.001187 | Best makespan in group=2034.00
[TRAIN] Step 243/350 | 05:20:49
[TRAIN] Step 243 | Loss=0.000002 | Best makespan in group=1867.00
[TRAIN] Step 244/350 | 05:22:23
[TRAIN] Step 244 | Loss=2.481814 | Best makespan in group=2678.00
[TRAIN] Step 245/350 | 05:23:45
[TRAIN] Step 245 | Loss=1.713436 | Best makespan in group=2276.00
[TRAIN] Step 246/350 | 05:25:51
[TRAIN] Step 246 | Loss=2.156198 | Best makespan in group=2008.00
[TRAIN] Step 247/350 | 05:27:32
[TRAIN] Step 247 | Loss=0.008520 | Best makespan in group=2376.00
[TRAIN] Step 248/350 | 05:29:34
[TRAIN] Step 248 | Loss=2.583079 | Best makespan in group=1536.00
[TRAIN] Step 249/350 | 05:31:28
[TRAIN] Step 249 | Loss=1.650291 | Best makespan in group=2627.00
[TRAIN] Step 250/350 | 05:33:09
[TRAIN] Step 250 | Loss=1.744306 | Best makespan in group=2150.00
[TRAIN] Step 251/350 | 05:35:07
[TRAIN] Step 251 | Loss=0.213509 | Best makespan in group=1544.00
[TRAIN] Step 252/350 | 05:37:12
[TRAIN] Step 252 | Loss=0.072630 | Best makespan in group=1754.00
[TRAIN] Step 253/350 | 05:38:42
[TRAIN] Step 253 | Loss=0.013260 | Best makespan in group=2048.00
[TRAIN] Step 254/350 | 05:40:33
[TRAIN] Step 254 | Loss=0.969687 | Best makespan in group=1892.00
[TRAIN] Step 255/350 | 05:42:06
[TRAIN] Step 255 | Loss=1.801839 | Best makespan in group=1304.00
[TRAIN] Step 256/350 | 05:43:45
[TRAIN] Step 256 | Loss=3.116753 | Best makespan in group=1824.00
[TRAIN] Step 257/350 | 05:45:24
[TRAIN] Step 257 | Loss=3.784642 | Best makespan in group=1790.00
[TRAIN] Step 258/350 | 05:47:24
[TRAIN] Step 258 | Loss=0.002983 | Best makespan in group=1212.00
[TRAIN] Step 259/350 | 05:49:04
[TRAIN] Step 259 | Loss=0.313351 | Best makespan in group=1734.00
[TRAIN] Step 260/350 | 05:50:45
[TRAIN] Step 260 | Loss=0.000904 | Best makespan in group=729.00
[TRAIN][VAL][ep 260] avg_gap=0.0753 | std_gap=0.0814 | q80_gap=0.1375 | n=20
[TRAIN][VAL][ep 260] blocked_events=546 | swaps=30 in 11 instance(s)
[TRAIN] Validation improved | smoothed_avg_gap=0.0837 (raw=0.0753) | saving candidate: 242611551701047.pth
[TRAIN] Step 261/350 | 05:53:06
[TRAIN] Step 261 | Loss=0.008338 | Best makespan in group=1814.00
[TRAIN] Step 262/350 | 05:54:38
[TRAIN] Step 262 | Loss=0.000671 | Best makespan in group=1160.00
[TRAIN] Step 263/350 | 05:55:49
[TRAIN] Step 263 | Loss=0.180411 | Best makespan in group=1364.00
[TRAIN] Step 264/350 | 05:56:56
[TRAIN] Step 264 | Loss=6.761239 | Best makespan in group=2394.00
[TRAIN] Step 265/350 | 05:58:11
[TRAIN] Step 265 | Loss=0.595651 | Best makespan in group=2276.00
[TRAIN] Step 266/350 | 05:59:43
[TRAIN] Step 266 | Loss=6.917867 | Best makespan in group=1786.00
[TRAIN] Step 267/350 | 06:01:05
[TRAIN] Step 267 | Loss=0.381721 | Best makespan in group=2010.00
[TRAIN] Step 268/350 | 06:02:18
[TRAIN] Step 268 | Loss=1.431675 | Best makespan in group=1558.00
[TRAIN] Step 269/350 | 06:03:21
[TRAIN] Step 269 | Loss=1.691082 | Best makespan in group=1810.00
[TRAIN] Step 270/350 | 06:04:57
[TRAIN] Step 270 | Loss=0.005516 | Best makespan in group=1460.00
[TRAIN] Step 271/350 | 06:06:35
[TRAIN] Step 271 | Loss=0.875969 | Best makespan in group=2304.00
[TRAIN] Step 272/350 | 06:07:50
[TRAIN] Step 272 | Loss=0.714018 | Best makespan in group=1231.00
[TRAIN] Step 273/350 | 06:09:12
[TRAIN] Step 273 | Loss=1.621263 | Best makespan in group=2092.00
[TRAIN] Step 274/350 | 06:10:34
[TRAIN] Step 274 | Loss=0.113144 | Best makespan in group=1096.00
[TRAIN] Step 275/350 | 06:11:58
[TRAIN] Step 275 | Loss=4.069356 | Best makespan in group=1520.00
[TRAIN] Step 276/350 | 06:13:10
[TRAIN] Step 276 | Loss=0.013122 | Best makespan in group=1452.00
[TRAIN] Step 277/350 | 06:14:27
[TRAIN] Step 277 | Loss=4.501132 | Best makespan in group=1756.00
[TRAIN] Step 278/350 | 06:15:36
[TRAIN] Step 278 | Loss=1.893941 | Best makespan in group=2004.00
[TRAIN] Step 279/350 | 06:16:56
[TRAIN] Step 279 | Loss=0.000003 | Best makespan in group=1142.00
[TRAIN] Step 280/350 | 06:18:03
[TRAIN] Step 280 | Loss=1.101286 | Best makespan in group=1656.00
[TRAIN][VAL][ep 280] avg_gap=0.0912 | std_gap=0.1190 | q80_gap=0.1278 | n=20
[TRAIN][VAL][ep 280] blocked_events=550 | swaps=41 in 12 instance(s)
[TRAIN] Step 281/350 | 06:20:11
[TRAIN] Step 281 | Loss=13.095188 | Best makespan in group=2394.00
[TRAIN] Step 282/350 | 06:21:34
[TRAIN] Step 282 | Loss=1.689753 | Best makespan in group=1446.00
[TRAIN] Step 283/350 | 06:22:51
[TRAIN] Step 283 | Loss=1.199654 | Best makespan in group=1786.00
[TRAIN] Step 284/350 | 06:24:21
[TRAIN] Step 284 | Loss=8.576033 | Best makespan in group=1966.00
[TRAIN] Step 285/350 | 06:25:52
[TRAIN] Step 285 | Loss=5.424260 | Best makespan in group=2577.00
[TRAIN] Step 286/350 | 06:27:32
[TRAIN] Step 286 | Loss=0.002704 | Best makespan in group=1102.00
[TRAIN] Step 287/350 | 06:28:47
[TRAIN] Step 287 | Loss=0.109516 | Best makespan in group=1520.00
[TRAIN] Step 288/350 | 06:29:55
[TRAIN] Step 288 | Loss=0.279440 | Best makespan in group=1966.00
[TRAIN] Step 289/350 | 06:31:32
[TRAIN] Step 289 | Loss=6.629844 | Best makespan in group=2198.00
[TRAIN] Step 290/350 | 06:33:16
[TRAIN] Step 290 | Loss=0.210022 | Best makespan in group=1334.00
[TRAIN] Step 291/350 | 06:34:20
[TRAIN] Step 291 | Loss=0.011076 | Best makespan in group=1830.00
[TRAIN] Step 292/350 | 06:35:27
[TRAIN] Step 292 | Loss=10.411832 | Best makespan in group=2009.00
[TRAIN] Step 293/350 | 06:37:14
[TRAIN] Step 293 | Loss=4.667105 | Best makespan in group=1582.00
[TRAIN] Step 294/350 | 06:38:21
[TRAIN] Step 294 | Loss=0.626197 | Best makespan in group=1798.00
[TRAIN] Step 295/350 | 06:39:25
[TRAIN] Step 295 | Loss=1.950439 | Best makespan in group=1500.00
[TRAIN] Step 296/350 | 06:40:43
[TRAIN] Step 296 | Loss=0.454429 | Best makespan in group=2090.00
[TRAIN] Step 297/350 | 06:42:06
[TRAIN] Step 297 | Loss=4.293202 | Best makespan in group=1882.00
[TRAIN] Step 298/350 | 06:43:12
[TRAIN] Step 298 | Loss=1.309330 | Best makespan in group=2445.00
[TRAIN] Step 299/350 | 06:44:37
[TRAIN] Step 299 | Loss=5.448427 | Best makespan in group=1440.00
[TRAIN] Step 300/350 | 06:45:46
[TRAIN] Step 300 | Loss=4.481566 | Best makespan in group=1744.00
[TRAIN][VAL][ep 300] avg_gap=0.0982 | std_gap=0.1268 | q80_gap=0.1731 | n=20
[TRAIN][VAL][ep 300] blocked_events=544 | swaps=41 in 11 instance(s)
[TRAIN] Step 301/350 | 06:48:25
[TRAIN] Step 301 | Loss=1.179665 | Best makespan in group=1514.00
[TRAIN] Step 302/350 | 06:49:42
[TRAIN] Step 302 | Loss=4.756259 | Best makespan in group=1790.00
[TRAIN] Step 303/350 | 06:51:23
[TRAIN] Step 303 | Loss=0.072278 | Best makespan in group=1754.00
[TRAIN] Step 304/350 | 06:52:38
[TRAIN] Step 304 | Loss=3.232947 | Best makespan in group=2180.00
[TRAIN] Step 305/350 | 06:54:02
[TRAIN] Step 305 | Loss=0.025717 | Best makespan in group=1160.00
[TRAIN] Step 306/350 | 06:55:05
[TRAIN] Step 306 | Loss=0.456857 | Best makespan in group=2450.00
[TRAIN] Step 307/350 | 06:56:26
[TRAIN] Step 307 | Loss=2.211740 | Best makespan in group=2678.00
[TRAIN] Step 308/350 | 06:57:47
[TRAIN] Step 308 | Loss=1.660640 | Best makespan in group=1558.00
[TRAIN] Step 309/350 | 06:58:51
[TRAIN] Step 309 | Loss=0.007410 | Best makespan in group=1331.00
[TRAIN] Step 310/350 | 07:00:13
[TRAIN] Step 310 | Loss=0.997853 | Best makespan in group=2678.00
[TRAIN] Step 311/350 | 07:01:24
[TRAIN] Step 311 | Loss=0.252577 | Best makespan in group=1120.00
[TRAIN] Step 312/350 | 07:02:31
[TRAIN] Step 312 | Loss=0.082034 | Best makespan in group=1900.00
[TRAIN] Step 313/350 | 07:03:47
[TRAIN] Step 313 | Loss=0.132511 | Best makespan in group=1560.00
[TRAIN] Step 314/350 | 07:05:04
[TRAIN] Step 314 | Loss=1.022141 | Best makespan in group=729.00
[TRAIN] Step 315/350 | 07:06:08
[TRAIN] Step 315 | Loss=4.852736 | Best makespan in group=1800.00
[TRAIN] Step 316/350 | 07:07:30
[TRAIN] Step 316 | Loss=0.746810 | Best makespan in group=2165.00
[TRAIN] Step 317/350 | 07:08:54
[TRAIN] Step 317 | Loss=0.881381 | Best makespan in group=2102.00
[TRAIN] Step 318/350 | 07:10:11
[TRAIN] Step 318 | Loss=0.000850 | Best makespan in group=1960.00
[TRAIN] Step 319/350 | 07:11:32
[TRAIN] Step 319 | Loss=1.300844 | Best makespan in group=1814.00
[TRAIN] Step 320/350 | 07:12:50
[TRAIN] Step 320 | Loss=9.910486 | Best makespan in group=2390.00
[TRAIN][VAL][ep 320] avg_gap=0.0806 | std_gap=0.0839 | q80_gap=0.1464 | n=20
[TRAIN][VAL][ep 320] blocked_events=556 | swaps=36 in 13 instance(s)
[TRAIN] Step 321/350 | 07:14:57
[TRAIN] Step 321 | Loss=0.000028 | Best makespan in group=1281.00
[TRAIN] Step 322/350 | 07:16:31
[TRAIN] Step 322 | Loss=1.641130 | Best makespan in group=1966.00
[TRAIN] Step 323/350 | 07:18:08
[TRAIN] Step 323 | Loss=5.250728 | Best makespan in group=1786.00
[TRAIN] Step 324/350 | 07:19:40
[TRAIN] Step 324 | Loss=0.024272 | Best makespan in group=2006.00
[TRAIN] Step 325/350 | 07:21:00
[TRAIN] Step 325 | Loss=0.258903 | Best makespan in group=1102.00
[TRAIN] Step 326/350 | 07:22:15
[TRAIN] Step 326 | Loss=0.065101 | Best makespan in group=2048.00
[TRAIN] Step 327/350 | 07:23:50
[TRAIN] Step 327 | Loss=3.291074 | Best makespan in group=2008.00
[TRAIN] Step 328/350 | 07:25:15
[TRAIN] Step 328 | Loss=0.040060 | Best makespan in group=1758.00
[TRAIN] Step 329/350 | 07:26:21
[TRAIN] Step 329 | Loss=2.305130 | Best makespan in group=2080.00
[TRAIN] Step 330/350 | 07:28:14
[TRAIN] Step 330 | Loss=0.642438 | Best makespan in group=1676.00
[TRAIN] Step 331/350 | 07:29:39
[TRAIN] Step 331 | Loss=0.012281 | Best makespan in group=1142.00
[TRAIN] Step 332/350 | 07:30:50
[TRAIN] Step 332 | Loss=1.615946 | Best makespan in group=2690.00
[TRAIN] Step 333/350 | 07:32:06
[TRAIN] Step 333 | Loss=6.653883 | Best makespan in group=2376.00
[TRAIN] Step 334/350 | 07:33:33
[TRAIN] Step 334 | Loss=2.421336 | Best makespan in group=1582.00
[TRAIN] Step 335/350 | 07:34:38
[TRAIN] Step 335 | Loss=3.322402 | Best makespan in group=2084.00
[TRAIN] Step 336/350 | 07:36:09
[TRAIN] Step 336 | Loss=1.030603 | Best makespan in group=1882.00
[TRAIN] Step 337/350 | 07:37:18
[TRAIN] Step 337 | Loss=8.600519 | Best makespan in group=1860.00
[TRAIN] Step 338/350 | 07:39:19
[TRAIN] Step 338 | Loss=2.972423 | Best makespan in group=1824.00
[TRAIN] Step 339/350 | 07:40:44
[TRAIN] Step 339 | Loss=0.785048 | Best makespan in group=1756.00
[TRAIN] Step 340/350 | 07:41:56
[TRAIN] Step 340 | Loss=0.700380 | Best makespan in group=1492.00
[TRAIN][VAL][ep 340] avg_gap=0.0949 | std_gap=0.1103 | q80_gap=0.1628 | n=20
[TRAIN][VAL][ep 340] blocked_events=531 | swaps=34 in 12 instance(s)
[TRAIN] Step 341/350 | 07:44:14
[TRAIN] Step 341 | Loss=0.777684 | Best makespan in group=1892.00
[TRAIN] Step 342/350 | 07:45:29
[TRAIN] Step 342 | Loss=7.114893 | Best makespan in group=1446.00
[TRAIN] Step 343/350 | 07:46:46
[TRAIN] Step 343 | Loss=1.983066 | Best makespan in group=2044.00
[TRAIN] Step 344/350 | 07:48:18
[TRAIN] Step 344 | Loss=4.325366 | Best makespan in group=2659.00
[TRAIN] Step 345/350 | 07:49:41
[TRAIN] Step 345 | Loss=1.168242 | Best makespan in group=1544.00
[TRAIN] Step 346/350 | 07:51:25
[TRAIN] Step 346 | Loss=0.012201 | Best makespan in group=1520.00
[TRAIN] Step 347/350 | 07:52:34
[TRAIN] Step 347 | Loss=0.036503 | Best makespan in group=1212.00
[TRAIN] Step 348/350 | 07:53:56
[TRAIN] Step 348 | Loss=4.031848 | Best makespan in group=2202.00
[TRAIN] Step 349/350 | 07:55:43
[TRAIN] Step 349 | Loss=4.316058 | Best makespan in group=1796.00
[TRAIN] Step 350/350 | 07:57:20
[TRAIN] Step 350 | Loss=3.071198 | Best makespan in group=2010.00
[TRAIN][VAL][ep 350] avg_gap=0.0971 | std_gap=0.1248 | q80_gap=0.1628 | n=20
[TRAIN][VAL][ep 350] blocked_events=548 | swaps=40 in 11 instance(s)
[TRAIN] Evaluating best checkpoint (candidate_models\blocking\242611551701047.pth) on the held-out test split...
[TRAIN][TEST] avg_gap=0.1515 | std_gap=0.1340 | q80_gap=0.2416 | n=20
[TRAIN][TEST] blocked_events=482 | swaps=27 in 10 instance(s)
[TRAIN][08:00:11] Training ended. Validation history and plots updated.
[MAIN] Run finished at 2026-10-07 08:00:11
============================================================
=== [A] exit code 0 | 2026-10-07 08:00:13 ===
=== [A] LANE DONE | 2026-10-07 08:00:13 ===
