=== [B] TRAIN blk350_gat_L1_selk1_mask1_edges_sum_incgreedy_ojmf_s42 | 2026-10-05 19:34:32 ===
C:\Users\maria\Desktop\dissertation-bopo_introduction\.venv\Lib\site-packages\torch\jit\_script.py:1491: FutureWarning: `torch.jit.script` is deprecated. Please switch to `torch.compile` or `torch.export`.
  warnings.warn(
============================================================
[MAIN] Run started at 2026-10-05 19:34:48
[MAIN] mode=train
[MAIN] run_name=blk350_gat_L1_selk1_mask1_edges_sum_incgreedy_ojmf
[MAIN] representation(s)=['ojmf']
[MAIN] gnn_type=gat
[MAIN] overrides={'mask_option': 1, 'sel_k': 1, 'num_layers': 1, 'logp_norm': 'sum', 'exclude_greedy_from_loss': False, 'jm_design': 'edges'}
============================================================
[MAIN] Training representation=ojmf | seed=42 | run_name=blk350_gat_L1_selk1_mask1_edges_sum_incgreedy_ojmf_s42 | gnn_type=gat | overrides={'mask_option': 1, 'sel_k': 1, 'num_layers': 1, 'logp_norm': 'sum', 'exclude_greedy_from_loss': False, 'jm_design': 'edges'}
============================================================
[TRAIN] Training started at: 2026-10-05 19:34:48
[TRAIN] Hyperparams | max_steps=350 | new_freq=500
[TRAIN]             | n_cases=100 | B=64 | K=16 | use_greedy=True | lr=0.0005 (decaying to 1.00e-04)
[TRAIN]             | warm_start_steps=200 | checkpoint_smooth_window=3 | seed=42
[TRAIN]             | hidden_channels=128 | num_layers=1 | heads=3
[TRAIN]             | logp_norm=sum | exclude_greedy_from_loss=False
[TRAIN] Representation | ojmf | GNN | gat | jm_design | edges
[TRAIN] Problem size | jobs=[8,10] | machines=[5,10] | ops_per_job=[5,6] | max_proc=100
============================================================
[TRAIN] Output run folder: results\blocking\blk350_gat_L1_selk1_mask1_edges_sum_incgreedy_ojmf_s42
[TRAIN] Validation config | every=20 steps | instances=20 (representative subset)
[TRAIN] Blocking setting | buffers in=2 out=1 | instances={'range_jobs': (12, 15), 'range_machines': (4, 6), 'range_op_per_job': (5, 6), 'max_processing': 100, 'mas_per_ope_max': 3, 'n_bottlenecks': 1, 'bottleneck_prob': 0.7, 'bottleneck_factor': 2.0}
[TRAIN] Warm-start (behavior cloning vs. dispatch heuristic) | 200 step(s)...
[TRAIN][WARMSTART] step 10/200 | instance=74 | bc_loss=1.3973 | decisions=26
[TRAIN][WARMSTART] step 20/200 | instance=80 | bc_loss=1.5686 | decisions=34
[TRAIN][WARMSTART] step 30/200 | instance=76 | bc_loss=1.3721 | decisions=34
[TRAIN][WARMSTART] step 40/200 | instance=83 | bc_loss=1.4096 | decisions=41
[TRAIN][WARMSTART] step 50/200 | instance=68 | bc_loss=1.4802 | decisions=31
[TRAIN][WARMSTART] step 60/200 | instance=41 | bc_loss=1.4620 | decisions=36
[TRAIN][WARMSTART] step 70/200 | instance=15 | bc_loss=1.1365 | decisions=33
[TRAIN][WARMSTART] step 80/200 | instance=72 | bc_loss=1.5063 | decisions=38
[TRAIN][WARMSTART] step 90/200 | instance=27 | bc_loss=1.1577 | decisions=35
[TRAIN][WARMSTART] step 100/200 | instance=53 | bc_loss=0.9573 | decisions=26
[TRAIN][WARMSTART] step 110/200 | instance=28 | bc_loss=1.2363 | decisions=36
[TRAIN][WARMSTART] step 120/200 | instance=9 | bc_loss=0.9110 | decisions=35
[TRAIN][WARMSTART] step 130/200 | instance=21 | bc_loss=1.0999 | decisions=49
[TRAIN][WARMSTART] step 140/200 | instance=13 | bc_loss=0.9556 | decisions=36
[TRAIN][WARMSTART] step 150/200 | instance=56 | bc_loss=0.8343 | decisions=32
[TRAIN][WARMSTART] step 160/200 | instance=72 | bc_loss=1.3811 | decisions=38
[TRAIN][WARMSTART] step 170/200 | instance=43 | bc_loss=1.0310 | decisions=29
[TRAIN][WARMSTART] step 180/200 | instance=62 | bc_loss=1.0411 | decisions=36
[TRAIN][WARMSTART] step 190/200 | instance=40 | bc_loss=1.0938 | decisions=31
[TRAIN][WARMSTART] step 200/200 | instance=19 | bc_loss=0.8265 | decisions=31
[TRAIN] Warm-start complete, switching to BOPO preference optimization.
------------------------------------------------------------
[TRAIN] BOPO agent ready. Starting training loop for 350 step(s)...
------------------------------------------------------------
[TRAIN] Step 1/350 | 19:41:58
[TRAIN] Step 1 | Loss=0.627123 | Best makespan in group=1446.00
[TRAIN] Step 2/350 | 19:43:07
[TRAIN] Step 2 | Loss=0.002341 | Best makespan in group=1568.00
[TRAIN] Step 3/350 | 19:44:13
[TRAIN] Step 3 | Loss=8.819694 | Best makespan in group=2398.00
[TRAIN] Step 4/350 | 19:45:19
[TRAIN] Step 4 | Loss=3.078980 | Best makespan in group=1460.00
[TRAIN] Step 5/350 | 19:46:41
[TRAIN] Step 5 | Loss=0.000707 | Best makespan in group=1976.00
[TRAIN] Step 6/350 | 19:47:47
[TRAIN] Step 6 | Loss=0.586092 | Best makespan in group=3180.00
[TRAIN] Step 7/350 | 19:49:25
[TRAIN] Step 7 | Loss=0.802595 | Best makespan in group=1092.00
[TRAIN] Step 8/350 | 19:50:36
[TRAIN] Step 8 | Loss=0.000120 | Best makespan in group=2450.00
[TRAIN] Step 9/350 | 19:51:47
[TRAIN] Step 9 | Loss=5.844025 | Best makespan in group=2232.00
[TRAIN] Step 10/350 | 19:53:15
[TRAIN] Step 10 | Loss=1.625552 | Best makespan in group=2220.00
[TRAIN] Step 11/350 | 19:54:39
[TRAIN] Step 11 | Loss=0.000021 | Best makespan in group=1656.00
[TRAIN] Step 12/350 | 19:55:45
[TRAIN] Step 12 | Loss=5.968920 | Best makespan in group=1440.00
[TRAIN] Step 13/350 | 19:56:44
[TRAIN] Step 13 | Loss=0.000062 | Best makespan in group=1756.00
[TRAIN] Step 14/350 | 19:57:45
[TRAIN] Step 14 | Loss=1.811109 | Best makespan in group=1888.00
[TRAIN] Step 15/350 | 19:59:16
[TRAIN] Step 15 | Loss=1.378056 | Best makespan in group=2278.00
[TRAIN] Step 16/350 | 20:00:34
[TRAIN] Step 16 | Loss=8.214863 | Best makespan in group=1926.00
[TRAIN] Step 17/350 | 20:01:40
[TRAIN] Step 17 | Loss=1.619698 | Best makespan in group=2080.00
[TRAIN] Step 18/350 | 20:03:03
[TRAIN] Step 18 | Loss=8.364307 | Best makespan in group=2052.00
[TRAIN] Step 19/350 | 20:04:10
[TRAIN] Step 19 | Loss=6.244868 | Best makespan in group=1798.00
[TRAIN] Step 20/350 | 20:05:05
[TRAIN] Step 20 | Loss=10.975045 | Best makespan in group=2162.00
[TRAIN][VAL][ep 20] avg_gap=0.1762 | std_gap=0.1702 | q80_gap=0.2507 | n=20
[TRAIN][VAL][ep 20] blocked_events=383 | swaps=30 in 7 instance(s)
[TRAIN] Validation improved | smoothed_avg_gap=0.1762 (raw=0.1762) | saving candidate: 787418534344162.pth
[TRAIN] Step 21/350 | 20:06:47
[TRAIN] Step 21 | Loss=6.961977 | Best makespan in group=1120.00
[TRAIN] Step 22/350 | 20:07:43
[TRAIN] Step 22 | Loss=8.762902 | Best makespan in group=2480.00
[TRAIN] Step 23/350 | 20:09:04
[TRAIN] Step 23 | Loss=0.875817 | Best makespan in group=1582.00
[TRAIN] Step 24/350 | 20:10:02
[TRAIN] Step 24 | Loss=0.170666 | Best makespan in group=2048.00
[TRAIN] Step 25/350 | 20:11:18
[TRAIN] Step 25 | Loss=12.452669 | Best makespan in group=1956.00
[TRAIN] Step 26/350 | 20:12:32
[TRAIN] Step 26 | Loss=0.048991 | Best makespan in group=1118.00
[TRAIN] Step 27/350 | 20:13:41
[TRAIN] Step 27 | Loss=0.023978 | Best makespan in group=2031.00
[TRAIN] Step 28/350 | 20:14:54
[TRAIN] Step 28 | Loss=0.033563 | Best makespan in group=1776.00
[TRAIN] Step 29/350 | 20:16:18
[TRAIN] Step 29 | Loss=1.964634 | Best makespan in group=1814.00
[TRAIN] Step 30/350 | 20:17:24
[TRAIN] Step 30 | Loss=3.238924 | Best makespan in group=1966.00
[TRAIN] Step 31/350 | 20:18:47
[TRAIN] Step 31 | Loss=0.184836 | Best makespan in group=2394.00
[TRAIN] Step 32/350 | 20:19:59
[TRAIN] Step 32 | Loss=4.285258 | Best makespan in group=1294.00
[TRAIN] Step 33/350 | 20:21:07
[TRAIN] Step 33 | Loss=8.758951 | Best makespan in group=1908.00
[TRAIN] Step 34/350 | 20:22:04
[TRAIN] Step 34 | Loss=0.162595 | Best makespan in group=1160.00
[TRAIN] Step 35/350 | 20:22:59
[TRAIN] Step 35 | Loss=12.689060 | Best makespan in group=2320.00
[TRAIN] Step 36/350 | 20:24:19
[TRAIN] Step 36 | Loss=0.136855 | Best makespan in group=1200.00
[TRAIN] Step 37/350 | 20:25:45
[TRAIN] Step 37 | Loss=3.297921 | Best makespan in group=1993.00
[TRAIN] Step 38/350 | 20:27:00
[TRAIN] Step 38 | Loss=6.577020 | Best makespan in group=2086.00
[TRAIN] Step 39/350 | 20:28:14
[TRAIN] Step 39 | Loss=13.906530 | Best makespan in group=2418.00
[TRAIN] Step 40/350 | 20:29:32
[TRAIN] Step 40 | Loss=6.280518 | Best makespan in group=2412.00
[TRAIN][VAL][ep 40] avg_gap=0.1589 | std_gap=0.1232 | q80_gap=0.2593 | n=20
[TRAIN][VAL][ep 40] blocked_events=386 | swaps=16 in 6 instance(s)
[TRAIN] Validation improved | smoothed_avg_gap=0.1676 (raw=0.1589) | saving candidate: 785295378190073.pth
[TRAIN] Step 41/350 | 20:31:28
[TRAIN] Step 41 | Loss=2.392001 | Best makespan in group=2394.00
[TRAIN] Step 42/350 | 20:32:29
[TRAIN] Step 42 | Loss=1.662782 | Best makespan in group=1900.00
[TRAIN] Step 43/350 | 20:33:40
[TRAIN] Step 43 | Loss=1.718922 | Best makespan in group=1074.00
[TRAIN] Step 44/350 | 20:34:43
[TRAIN] Step 44 | Loss=2.678191 | Best makespan in group=1670.00
[TRAIN] Step 45/350 | 20:35:34
[TRAIN] Step 45 | Loss=0.684974 | Best makespan in group=1892.00
[TRAIN] Step 46/350 | 20:36:35
[TRAIN] Step 46 | Loss=0.029364 | Best makespan in group=1758.00
[TRAIN] Step 47/350 | 20:37:32
[TRAIN] Step 47 | Loss=2.676723 | Best makespan in group=2209.00
[TRAIN] Step 48/350 | 20:38:54
[TRAIN] Step 48 | Loss=1.502775 | Best makespan in group=2010.00
[TRAIN] Step 49/350 | 20:39:58
[TRAIN] Step 49 | Loss=0.282240 | Best makespan in group=1712.00
[TRAIN] Step 50/350 | 20:41:02
[TRAIN] Step 50 | Loss=0.995601 | Best makespan in group=2092.00
[TRAIN] Step 51/350 | 20:42:14
[TRAIN] Step 51 | Loss=0.747701 | Best makespan in group=2310.00
[TRAIN] Step 52/350 | 20:43:30
[TRAIN] Step 52 | Loss=0.002776 | Best makespan in group=1572.00
[TRAIN] Step 53/350 | 20:44:40
[TRAIN] Step 53 | Loss=13.806875 | Best makespan in group=1962.00
[TRAIN] Step 54/350 | 20:46:03
[TRAIN] Step 54 | Loss=5.675093 | Best makespan in group=2280.00
[TRAIN] Step 55/350 | 20:47:28
[TRAIN] Step 55 | Loss=9.592260 | Best makespan in group=2190.00
[TRAIN] Step 56/350 | 20:48:39
[TRAIN] Step 56 | Loss=1.330116 | Best makespan in group=2092.00
[TRAIN] Step 57/350 | 20:49:48
[TRAIN] Step 57 | Loss=1.799393 | Best makespan in group=1832.00
[TRAIN] Step 58/350 | 20:50:45
[TRAIN] Step 58 | Loss=1.851360 | Best makespan in group=2693.00
[TRAIN] Step 59/350 | 20:51:51
[TRAIN] Step 59 | Loss=8.392850 | Best makespan in group=1954.00
[TRAIN] Step 60/350 | 20:53:12
[TRAIN] Step 60 | Loss=3.308491 | Best makespan in group=1787.00
[TRAIN][VAL][ep 60] avg_gap=0.1938 | std_gap=0.1951 | q80_gap=0.2273 | n=20
[TRAIN][VAL][ep 60] blocked_events=370 | swaps=23 in 8 instance(s)
[TRAIN] Step 61/350 | 20:54:58
[TRAIN] Step 61 | Loss=0.212961 | Best makespan in group=1452.00
[TRAIN] Step 62/350 | 20:56:04
[TRAIN] Step 62 | Loss=6.693329 | Best makespan in group=1636.00
[TRAIN] Step 63/350 | 20:57:17
[TRAIN] Step 63 | Loss=1.787260 | Best makespan in group=1536.00
[TRAIN] Step 64/350 | 20:58:36
[TRAIN] Step 64 | Loss=1.965878 | Best makespan in group=2127.00
[TRAIN] Step 65/350 | 20:59:41
[TRAIN] Step 65 | Loss=0.005646 | Best makespan in group=1364.00
[TRAIN] Step 66/350 | 21:00:37
[TRAIN] Step 66 | Loss=8.362626 | Best makespan in group=2584.00
[TRAIN] Step 67/350 | 21:02:00
[TRAIN] Step 67 | Loss=2.349289 | Best makespan in group=1682.00
[TRAIN] Step 68/350 | 21:03:18
[TRAIN] Step 68 | Loss=2.016874 | Best makespan in group=1754.00
[TRAIN] Step 69/350 | 21:04:21
[TRAIN] Step 69 | Loss=12.756177 | Best makespan in group=2532.00
[TRAIN] Step 70/350 | 21:05:31
[TRAIN] Step 70 | Loss=13.457232 | Best makespan in group=1878.00
[TRAIN] Step 71/350 | 21:06:42
[TRAIN] Step 71 | Loss=2.212113 | Best makespan in group=1830.00
[TRAIN] Step 72/350 | 21:07:43
[TRAIN] Step 72 | Loss=3.153537 | Best makespan in group=2180.00
[TRAIN] Step 73/350 | 21:08:56
[TRAIN] Step 73 | Loss=6.361033 | Best makespan in group=1809.00
[TRAIN] Step 74/350 | 21:09:52
[TRAIN] Step 74 | Loss=1.003504 | Best makespan in group=2278.00
[TRAIN] Step 75/350 | 21:10:57
[TRAIN] Step 75 | Loss=6.988319 | Best makespan in group=1972.00
[TRAIN] Step 76/350 | 21:12:22
[TRAIN] Step 76 | Loss=0.120208 | Best makespan in group=1188.00
[TRAIN] Step 77/350 | 21:13:21
[TRAIN] Step 77 | Loss=6.043960 | Best makespan in group=2678.00
[TRAIN] Step 78/350 | 21:14:32
[TRAIN] Step 78 | Loss=0.871333 | Best makespan in group=2624.00
[TRAIN] Step 79/350 | 21:15:43
[TRAIN] Step 79 | Loss=5.655386 | Best makespan in group=1826.00
[TRAIN] Step 80/350 | 21:17:05
[TRAIN] Step 80 | Loss=1.643286 | Best makespan in group=1792.00
[TRAIN][VAL][ep 80] avg_gap=0.1777 | std_gap=0.1266 | q80_gap=0.2697 | n=20
[TRAIN][VAL][ep 80] blocked_events=434 | swaps=29 in 6 instance(s)
[TRAIN] Step 81/350 | 21:18:45
[TRAIN] Step 81 | Loss=0.666016 | Best makespan in group=2102.00
[TRAIN] Step 82/350 | 21:19:48
[TRAIN] Step 82 | Loss=1.370044 | Best makespan in group=1544.00
[TRAIN] Step 83/350 | 21:21:17
[TRAIN] Step 83 | Loss=2.191347 | Best makespan in group=3028.00
[TRAIN] Step 84/350 | 21:22:43
[TRAIN] Step 84 | Loss=1.035239 | Best makespan in group=1405.00
[TRAIN] Step 85/350 | 21:23:53
[TRAIN] Step 85 | Loss=0.014991 | Best makespan in group=2678.00
[TRAIN] Step 86/350 | 21:24:56
[TRAIN] Step 86 | Loss=1.425899 | Best makespan in group=1734.00
[TRAIN] Step 87/350 | 21:26:05
[TRAIN] Step 87 | Loss=1.250325 | Best makespan in group=2304.00
[TRAIN] Step 88/350 | 21:27:13
[TRAIN] Step 88 | Loss=1.040678 | Best makespan in group=1520.00
[TRAIN] Step 89/350 | 21:28:15
[TRAIN] Step 89 | Loss=2.443760 | Best makespan in group=1567.00
[TRAIN] Step 90/350 | 21:29:10
[TRAIN] Step 90 | Loss=10.770786 | Best makespan in group=1926.00
[TRAIN] Step 91/350 | 21:30:29
[TRAIN] Step 91 | Loss=1.432162 | Best makespan in group=2150.00
[TRAIN] Step 92/350 | 21:31:46
[TRAIN] Step 92 | Loss=0.920432 | Best makespan in group=1276.00
[TRAIN] Step 93/350 | 21:32:42
[TRAIN] Step 93 | Loss=0.985810 | Best makespan in group=1425.00
[TRAIN] Step 94/350 | 21:34:05
[TRAIN] Step 94 | Loss=0.465038 | Best makespan in group=1334.00
[TRAIN] Step 95/350 | 21:34:58
[TRAIN] Step 95 | Loss=11.179245 | Best makespan in group=1840.00
[TRAIN] Step 96/350 | 21:36:05
[TRAIN] Step 96 | Loss=3.948946 | Best makespan in group=1212.00
[TRAIN] Step 97/350 | 21:37:16
[TRAIN] Step 97 | Loss=0.957457 | Best makespan in group=2134.00
[TRAIN] Step 98/350 | 21:38:25
[TRAIN] Step 98 | Loss=0.109146 | Best makespan in group=755.00
[TRAIN] Step 99/350 | 21:39:19
[TRAIN] Step 99 | Loss=9.718221 | Best makespan in group=1520.00
[TRAIN] Step 100/350 | 21:40:22
[TRAIN] Step 100 | Loss=1.568864 | Best makespan in group=2034.00
[TRAIN][VAL][ep 100] avg_gap=0.1541 | std_gap=0.1554 | q80_gap=0.1903 | n=20
[TRAIN][VAL][ep 100] blocked_events=418 | swaps=30 in 8 instance(s)
[TRAIN] Step 101/350 | 21:41:55
[TRAIN] Step 101 | Loss=4.740912 | Best makespan in group=1520.00
[TRAIN] Step 102/350 | 21:42:57
[TRAIN] Step 102 | Loss=2.689760 | Best makespan in group=1143.00
[TRAIN] Step 103/350 | 21:43:58
[TRAIN] Step 103 | Loss=0.675498 | Best makespan in group=1792.00
[TRAIN] Step 104/350 | 21:44:56
[TRAIN] Step 104 | Loss=1.810012 | Best makespan in group=1888.00
[TRAIN] Step 105/350 | 21:46:25
[TRAIN] Step 105 | Loss=0.444580 | Best makespan in group=1606.00
[TRAIN] Step 106/350 | 21:47:31
[TRAIN] Step 106 | Loss=0.057605 | Best makespan in group=2048.00
[TRAIN] Step 107/350 | 21:48:49
[TRAIN] Step 107 | Loss=0.906904 | Best makespan in group=2006.00
[TRAIN] Step 108/350 | 21:49:58
[TRAIN] Step 108 | Loss=2.051652 | Best makespan in group=2162.00
[TRAIN] Step 109/350 | 21:51:07
[TRAIN] Step 109 | Loss=2.143200 | Best makespan in group=1802.00
[TRAIN] Step 110/350 | 21:52:31
[TRAIN] Step 110 | Loss=2.243351 | Best makespan in group=1364.00
[TRAIN] Step 111/350 | 21:53:28
[TRAIN] Step 111 | Loss=2.828099 | Best makespan in group=2150.00
[TRAIN] Step 112/350 | 21:54:44
[TRAIN] Step 112 | Loss=6.152593 | Best makespan in group=2394.00
[TRAIN] Step 113/350 | 21:55:57
[TRAIN] Step 113 | Loss=2.603564 | Best makespan in group=1853.00
[TRAIN] Step 114/350 | 21:56:50
[TRAIN] Step 114 | Loss=0.524595 | Best makespan in group=1536.00
[TRAIN] Step 115/350 | 21:58:10
[TRAIN] Step 115 | Loss=0.027357 | Best makespan in group=3164.00
[TRAIN] Step 116/350 | 21:59:42
[TRAIN] Step 116 | Loss=2.312953 | Best makespan in group=1446.00
[TRAIN] Step 117/350 | 22:00:48
[TRAIN] Step 117 | Loss=4.379382 | Best makespan in group=2139.00
[TRAIN] Step 118/350 | 22:02:10
[TRAIN] Step 118 | Loss=0.608319 | Best makespan in group=2678.00
[TRAIN] Step 119/350 | 22:03:20
[TRAIN] Step 119 | Loss=1.724270 | Best makespan in group=1783.00
[TRAIN] Step 120/350 | 22:04:43
[TRAIN] Step 120 | Loss=0.720499 | Best makespan in group=1703.00
[TRAIN][VAL][ep 120] avg_gap=0.1551 | std_gap=0.1459 | q80_gap=0.2050 | n=20
[TRAIN][VAL][ep 120] blocked_events=433 | swaps=42 in 9 instance(s)
[TRAIN] Validation improved | smoothed_avg_gap=0.1623 (raw=0.1551) | saving candidate: 389248081133193.pth
[TRAIN] Step 121/350 | 22:06:26
[TRAIN] Step 121 | Loss=11.283788 | Best makespan in group=2450.00
[TRAIN] Step 122/350 | 22:07:37
[TRAIN] Step 122 | Loss=0.699256 | Best makespan in group=2010.00
[TRAIN] Step 123/350 | 22:08:38
[TRAIN] Step 123 | Loss=0.760676 | Best makespan in group=1670.00
[TRAIN] Step 124/350 | 22:09:31
[TRAIN] Step 124 | Loss=4.946743 | Best makespan in group=2180.00
[TRAIN] Step 125/350 | 22:10:48
[TRAIN] Step 125 | Loss=2.484455 | Best makespan in group=1120.00
[TRAIN] Step 126/350 | 22:11:44
[TRAIN] Step 126 | Loss=0.945030 | Best makespan in group=1544.00
[TRAIN] Step 127/350 | 22:13:09
[TRAIN] Step 127 | Loss=1.982069 | Best makespan in group=1876.00
[TRAIN] Step 128/350 | 22:14:32
[TRAIN] Step 128 | Loss=0.535166 | Best makespan in group=2092.00
[TRAIN] Step 129/350 | 22:15:44
[TRAIN] Step 129 | Loss=7.142195 | Best makespan in group=1870.00
[TRAIN] Step 130/350 | 22:17:00
[TRAIN] Step 130 | Loss=0.001402 | Best makespan in group=1278.00
[TRAIN] Step 131/350 | 22:17:58
[TRAIN] Step 131 | Loss=0.999537 | Best makespan in group=2012.00
[TRAIN] Step 132/350 | 22:19:06
[TRAIN] Step 132 | Loss=4.004411 | Best makespan in group=2036.00
[TRAIN] Step 133/350 | 22:20:25
[TRAIN] Step 133 | Loss=0.483907 | Best makespan in group=1136.00
[TRAIN] Step 134/350 | 22:21:32
[TRAIN] Step 134 | Loss=1.975975 | Best makespan in group=2391.00
[TRAIN] Step 135/350 | 22:22:56
[TRAIN] Step 135 | Loss=0.418372 | Best makespan in group=1824.00
[TRAIN] Step 136/350 | 22:24:05
[TRAIN] Step 136 | Loss=0.000003 | Best makespan in group=1082.00
[TRAIN] Step 137/350 | 22:25:14
[TRAIN] Step 137 | Loss=0.693354 | Best makespan in group=2034.00
[TRAIN] Step 138/350 | 22:26:21
[TRAIN] Step 138 | Loss=1.521330 | Best makespan in group=2134.00
[TRAIN] Step 139/350 | 22:27:36
[TRAIN] Step 139 | Loss=0.292064 | Best makespan in group=1200.00
[TRAIN] Step 140/350 | 22:29:06
[TRAIN] Step 140 | Loss=6.672513 | Best makespan in group=2468.00
[TRAIN][VAL][ep 140] avg_gap=0.1738 | std_gap=0.1730 | q80_gap=0.2769 | n=20
[TRAIN][VAL][ep 140] blocked_events=447 | swaps=44 in 10 instance(s)
[TRAIN] Validation improved | smoothed_avg_gap=0.1610 (raw=0.1738) | saving candidate: 651380397146637.pth
[TRAIN] Step 141/350 | 22:31:11
[TRAIN] Step 141 | Loss=1.384698 | Best makespan in group=1745.00
[TRAIN] Step 142/350 | 22:32:20
[TRAIN] Step 142 | Loss=1.917233 | Best makespan in group=1160.00
[TRAIN] Step 143/350 | 22:33:15
[TRAIN] Step 143 | Loss=0.425787 | Best makespan in group=1558.00
[TRAIN] Step 144/350 | 22:34:09
[TRAIN] Step 144 | Loss=8.221004 | Best makespan in group=2576.00
[TRAIN] Step 145/350 | 22:35:32
[TRAIN] Step 145 | Loss=2.857093 | Best makespan in group=1768.00
[TRAIN] Step 146/350 | 22:36:29
[TRAIN] Step 146 | Loss=0.287407 | Best makespan in group=2678.00
[TRAIN] Step 147/350 | 22:37:33
[TRAIN] Step 147 | Loss=1.503481 | Best makespan in group=2134.00
[TRAIN] Step 148/350 | 22:39:05
[TRAIN] Step 148 | Loss=0.710926 | Best makespan in group=1268.00
[TRAIN] Step 149/350 | 22:40:14
[TRAIN] Step 149 | Loss=3.387704 | Best makespan in group=1982.00
[TRAIN] Step 150/350 | 22:41:34
[TRAIN] Step 150 | Loss=3.705169 | Best makespan in group=2407.00
[TRAIN] Step 151/350 | 22:42:59
[TRAIN] Step 151 | Loss=0.006111 | Best makespan in group=1966.00
[TRAIN] Step 152/350 | 22:44:19
[TRAIN] Step 152 | Loss=5.795108 | Best makespan in group=2004.00
[TRAIN] Step 153/350 | 22:45:28
[TRAIN] Step 153 | Loss=7.690722 | Best makespan in group=2134.00
[TRAIN] Step 154/350 | 22:46:37
[TRAIN] Step 154 | Loss=1.418693 | Best makespan in group=1440.00
[TRAIN] Step 155/350 | 22:47:39
[TRAIN] Step 155 | Loss=0.078881 | Best makespan in group=1582.00
[TRAIN] Step 156/350 | 22:48:42
[TRAIN] Step 156 | Loss=8.232865 | Best makespan in group=1966.00
[TRAIN] Step 157/350 | 22:50:06
[TRAIN] Step 157 | Loss=0.065366 | Best makespan in group=3028.00
[TRAIN] Step 158/350 | 22:51:34
[TRAIN] Step 158 | Loss=9.283986 | Best makespan in group=2376.00
[TRAIN] Step 159/350 | 22:53:04
[TRAIN] Step 159 | Loss=5.241292 | Best makespan in group=2217.00
[TRAIN] Step 160/350 | 22:54:40
[TRAIN] Step 160 | Loss=4.808332 | Best makespan in group=1756.00
[TRAIN][VAL][ep 160] avg_gap=0.1314 | std_gap=0.1438 | q80_gap=0.2208 | n=20
[TRAIN][VAL][ep 160] blocked_events=434 | swaps=31 in 8 instance(s)
[TRAIN] Validation improved | smoothed_avg_gap=0.1534 (raw=0.1314) | saving candidate: 180833787103189.pth
[TRAIN] Step 161/350 | 22:56:12
[TRAIN] Step 161 | Loss=3.303994 | Best makespan in group=2394.00
[TRAIN] Step 162/350 | 22:57:18
[TRAIN] Step 162 | Loss=6.350466 | Best makespan in group=1786.00
[TRAIN] Step 163/350 | 22:58:38
[TRAIN] Step 163 | Loss=4.914138 | Best makespan in group=2456.00
[TRAIN] Step 164/350 | 23:00:08
[TRAIN] Step 164 | Loss=0.100108 | Best makespan in group=1281.00
[TRAIN] Step 165/350 | 23:01:34
[TRAIN] Step 165 | Loss=1.899660 | Best makespan in group=1479.00
[TRAIN] Step 166/350 | 23:02:58
[TRAIN] Step 166 | Loss=0.020173 | Best makespan in group=1471.00
[TRAIN] Step 167/350 | 23:04:11
[TRAIN] Step 167 | Loss=4.398657 | Best makespan in group=1962.00
[TRAIN] Step 168/350 | 23:05:21
[TRAIN] Step 168 | Loss=0.790230 | Best makespan in group=1683.00
[TRAIN] Step 169/350 | 23:06:30
[TRAIN] Step 169 | Loss=1.092424 | Best makespan in group=1754.00
[TRAIN] Step 170/350 | 23:07:37
[TRAIN] Step 170 | Loss=0.107244 | Best makespan in group=1656.00
[TRAIN] Step 171/350 | 23:08:46
[TRAIN] Step 171 | Loss=10.632359 | Best makespan in group=2278.00
[TRAIN] Step 172/350 | 23:09:53
[TRAIN] Step 172 | Loss=10.744375 | Best makespan in group=1892.00
[TRAIN] Step 173/350 | 23:10:56
[TRAIN] Step 173 | Loss=0.016639 | Best makespan in group=1758.00
[TRAIN] Step 174/350 | 23:11:52
[TRAIN] Step 174 | Loss=0.940102 | Best makespan in group=2102.00
[TRAIN] Step 175/350 | 23:12:59
[TRAIN] Step 175 | Loss=0.504516 | Best makespan in group=1409.00
[TRAIN] Step 176/350 | 23:14:11
[TRAIN] Step 176 | Loss=1.220933 | Best makespan in group=1334.00
[TRAIN] Step 177/350 | 23:15:09
[TRAIN] Step 177 | Loss=0.032547 | Best makespan in group=1900.00
[TRAIN] Step 178/350 | 23:16:14
[TRAIN] Step 178 | Loss=12.036399 | Best makespan in group=1848.00
[TRAIN] Step 179/350 | 23:17:30
[TRAIN] Step 179 | Loss=5.416740 | Best makespan in group=2500.00
[TRAIN] Step 180/350 | 23:18:41
[TRAIN] Step 180 | Loss=7.649583 | Best makespan in group=1882.00
[TRAIN][VAL][ep 180] avg_gap=0.1289 | std_gap=0.1121 | q80_gap=0.2039 | n=20
[TRAIN][VAL][ep 180] blocked_events=448 | swaps=25 in 8 instance(s)
[TRAIN] Validation improved | smoothed_avg_gap=0.1447 (raw=0.1289) | saving candidate: 502401722091604.pth
[TRAIN] Step 181/350 | 23:20:13
[TRAIN] Step 181 | Loss=0.378930 | Best makespan in group=729.00
[TRAIN] Step 182/350 | 23:21:11
[TRAIN] Step 182 | Loss=0.834834 | Best makespan in group=1776.00
[TRAIN] Step 183/350 | 23:22:40
[TRAIN] Step 183 | Loss=0.011987 | Best makespan in group=1830.00
[TRAIN] Step 184/350 | 23:23:39
[TRAIN] Step 184 | Loss=4.468647 | Best makespan in group=2304.00
[TRAIN] Step 185/350 | 23:24:44
[TRAIN] Step 185 | Loss=10.286959 | Best makespan in group=2479.00
[TRAIN] Step 186/350 | 23:25:52
[TRAIN] Step 186 | Loss=0.002789 | Best makespan in group=1452.00
[TRAIN] Step 187/350 | 23:26:58
[TRAIN] Step 187 | Loss=2.036964 | Best makespan in group=1814.00
[TRAIN] Step 188/350 | 23:28:04
[TRAIN] Step 188 | Loss=0.499482 | Best makespan in group=1174.00
[TRAIN] Step 189/350 | 23:29:02
[TRAIN] Step 189 | Loss=0.325038 | Best makespan in group=1675.00
[TRAIN] Step 190/350 | 23:30:12
[TRAIN] Step 190 | Loss=1.443352 | Best makespan in group=2092.00
[TRAIN] Step 191/350 | 23:31:23
[TRAIN] Step 191 | Loss=0.119390 | Best makespan in group=1212.00
[TRAIN] Step 192/350 | 23:32:32
[TRAIN] Step 192 | Loss=1.229871 | Best makespan in group=2661.00
[TRAIN] Step 193/350 | 23:33:42
[TRAIN] Step 193 | Loss=0.147318 | Best makespan in group=1520.00
[TRAIN] Step 194/350 | 23:34:41
[TRAIN] Step 194 | Loss=14.385287 | Best makespan in group=2690.00
[TRAIN] Step 195/350 | 23:35:48
[TRAIN] Step 195 | Loss=7.681120 | Best makespan in group=1827.00
[TRAIN] Step 196/350 | 23:36:53
[TRAIN] Step 196 | Loss=0.541822 | Best makespan in group=2008.00
[TRAIN] Step 197/350 | 23:38:09
[TRAIN] Step 197 | Loss=4.436529 | Best makespan in group=1792.00
[TRAIN] Step 198/350 | 23:39:09
[TRAIN] Step 198 | Loss=1.062779 | Best makespan in group=2132.00
[TRAIN] Step 199/350 | 23:40:19
[TRAIN] Step 199 | Loss=4.670375 | Best makespan in group=2276.00
[TRAIN] Step 200/350 | 23:41:35
[TRAIN] Step 200 | Loss=0.785259 | Best makespan in group=2278.00
[TRAIN][VAL][ep 200] avg_gap=0.1066 | std_gap=0.1116 | q80_gap=0.1525 | n=20
[TRAIN][VAL][ep 200] blocked_events=498 | swaps=28 in 7 instance(s)
[TRAIN] Validation improved | smoothed_avg_gap=0.1223 (raw=0.1066) | saving candidate: 736927001277868.pth
[TRAIN] Step 201/350 | 23:43:22
[TRAIN] Step 201 | Loss=3.102582 | Best makespan in group=2627.00
[TRAIN] Step 202/350 | 23:44:43
[TRAIN] Step 202 | Loss=1.080803 | Best makespan in group=2044.00
[TRAIN] Step 203/350 | 23:45:49
[TRAIN] Step 203 | Loss=2.534322 | Best makespan in group=1768.00
[TRAIN] Step 204/350 | 23:46:44
[TRAIN] Step 204 | Loss=0.078818 | Best makespan in group=1364.00
[TRAIN] Step 205/350 | 23:47:42
[TRAIN] Step 205 | Loss=0.104417 | Best makespan in group=1855.00
[TRAIN] Step 206/350 | 23:49:06
[TRAIN] Step 206 | Loss=6.026309 | Best makespan in group=2092.00
[TRAIN] Step 207/350 | 23:50:19
[TRAIN] Step 207 | Loss=1.649587 | Best makespan in group=2076.00
[TRAIN] Step 208/350 | 23:51:47
[TRAIN] Step 208 | Loss=8.169633 | Best makespan in group=2450.00
[TRAIN] Step 209/350 | 23:52:56
[TRAIN] Step 209 | Loss=0.037558 | Best makespan in group=1830.00
[TRAIN] Step 210/350 | 23:53:59
[TRAIN] Step 210 | Loss=1.096666 | Best makespan in group=1200.00
[TRAIN] Step 211/350 | 23:55:25
[TRAIN] Step 211 | Loss=0.068395 | Best makespan in group=1824.00
[TRAIN] Step 212/350 | 23:56:33
[TRAIN] Step 212 | Loss=1.668078 | Best makespan in group=2122.00
[TRAIN] Step 213/350 | 23:57:35
[TRAIN] Step 213 | Loss=2.785763 | Best makespan in group=1549.00
[TRAIN] Step 214/350 | 23:58:39
[TRAIN] Step 214 | Loss=0.038890 | Best makespan in group=1792.00
[TRAIN] Step 215/350 | 23:59:36
[TRAIN] Step 215 | Loss=1.338790 | Best makespan in group=3028.00
[TRAIN] Step 216/350 | 00:01:02
[TRAIN] Step 216 | Loss=6.180427 | Best makespan in group=2134.00
[TRAIN] Step 217/350 | 00:02:10
[TRAIN] Step 217 | Loss=1.790236 | Best makespan in group=2219.00
[TRAIN] Step 218/350 | 00:03:36
[TRAIN] Step 218 | Loss=0.245473 | Best makespan in group=1460.00
[TRAIN] Step 219/350 | 00:04:58
[TRAIN] Step 219 | Loss=0.035411 | Best makespan in group=1452.00
[TRAIN] Step 220/350 | 00:06:05
[TRAIN] Step 220 | Loss=9.590452 | Best makespan in group=2092.00
[TRAIN][VAL][ep 220] avg_gap=0.0909 | std_gap=0.1006 | q80_gap=0.1567 | n=20
[TRAIN][VAL][ep 220] blocked_events=497 | swaps=28 in 9 instance(s)
[TRAIN] Validation improved | smoothed_avg_gap=0.1088 (raw=0.0909) | saving candidate: 379310152464348.pth
[TRAIN] Step 221/350 | 00:07:50
[TRAIN] Step 221 | Loss=1.743797 | Best makespan in group=1909.00
[TRAIN] Step 222/350 | 00:09:14
[TRAIN] Step 222 | Loss=0.553775 | Best makespan in group=1966.00
[TRAIN] Step 223/350 | 00:10:35
[TRAIN] Step 223 | Loss=3.634376 | Best makespan in group=2100.00
[TRAIN] Step 224/350 | 00:11:42
[TRAIN] Step 224 | Loss=0.072088 | Best makespan in group=1604.00
[TRAIN] Step 225/350 | 00:12:47
[TRAIN] Step 225 | Loss=1.987779 | Best makespan in group=1120.00
[TRAIN] Step 226/350 | 00:13:44
[TRAIN] Step 226 | Loss=6.985771 | Best makespan in group=1908.00
[TRAIN] Step 227/350 | 00:14:43
[TRAIN] Step 227 | Loss=0.122833 | Best makespan in group=1892.00
[TRAIN] Step 228/350 | 00:15:43
[TRAIN] Step 228 | Loss=0.000047 | Best makespan in group=1142.00
[TRAIN] Step 229/350 | 00:16:42
[TRAIN] Step 229 | Loss=0.068472 | Best makespan in group=1334.00
[TRAIN] Step 230/350 | 00:17:37
[TRAIN] Step 230 | Loss=9.374178 | Best makespan in group=1965.00
[TRAIN] Step 231/350 | 00:18:54
[TRAIN] Step 231 | Loss=3.921955 | Best makespan in group=1828.00
[TRAIN] Step 232/350 | 00:20:09
[TRAIN] Step 232 | Loss=3.929798 | Best makespan in group=2004.00
[TRAIN] Step 233/350 | 00:21:18
[TRAIN] Step 233 | Loss=2.387745 | Best makespan in group=1966.00
[TRAIN] Step 234/350 | 00:22:36
[TRAIN] Step 234 | Loss=2.788020 | Best makespan in group=1776.00
[TRAIN] Step 235/350 | 00:24:03
[TRAIN] Step 235 | Loss=1.385749 | Best makespan in group=1446.00
[TRAIN] Step 236/350 | 00:25:10
[TRAIN] Step 236 | Loss=3.084079 | Best makespan in group=1816.00
[TRAIN] Step 237/350 | 00:26:29
[TRAIN] Step 237 | Loss=1.429318 | Best makespan in group=1780.00
[TRAIN] Step 238/350 | 00:27:33
[TRAIN] Step 238 | Loss=0.296286 | Best makespan in group=2278.00
[TRAIN] Step 239/350 | 00:28:49
[TRAIN] Step 239 | Loss=1.459653 | Best makespan in group=2378.00
[TRAIN] Step 240/350 | 00:29:58
[TRAIN] Step 240 | Loss=0.183862 | Best makespan in group=1160.00
[TRAIN][VAL][ep 240] avg_gap=0.0796 | std_gap=0.0975 | q80_gap=0.1934 | n=20
[TRAIN][VAL][ep 240] blocked_events=485 | swaps=23 in 7 instance(s)
[TRAIN] Validation improved | smoothed_avg_gap=0.0924 (raw=0.0796) | saving candidate: 339382940610123.pth
[TRAIN] Step 241/350 | 00:31:27
[TRAIN] Step 241 | Loss=2.811391 | Best makespan in group=2390.00
[TRAIN] Step 242/350 | 00:32:30
[TRAIN] Step 242 | Loss=4.877229 | Best makespan in group=2150.00
[TRAIN] Step 243/350 | 00:33:48
[TRAIN] Step 243 | Loss=1.163243 | Best makespan in group=2034.00
[TRAIN] Step 244/350 | 00:34:48
[TRAIN] Step 244 | Loss=1.619105 | Best makespan in group=2304.00
[TRAIN] Step 245/350 | 00:35:54
[TRAIN] Step 245 | Loss=2.624460 | Best makespan in group=2276.00
[TRAIN] Step 246/350 | 00:37:10
[TRAIN] Step 246 | Loss=1.211234 | Best makespan in group=1596.00
[TRAIN] Step 247/350 | 00:38:21
[TRAIN] Step 247 | Loss=0.443204 | Best makespan in group=2376.00
[TRAIN] Step 248/350 | 00:39:47
[TRAIN] Step 248 | Loss=6.625390 | Best makespan in group=2376.00
[TRAIN] Step 249/350 | 00:41:09
[TRAIN] Step 249 | Loss=1.046454 | Best makespan in group=2394.00
[TRAIN] Step 250/350 | 00:42:12
[TRAIN] Step 250 | Loss=0.000041 | Best makespan in group=1100.00
[TRAIN] Step 251/350 | 00:43:21
[TRAIN] Step 251 | Loss=0.013114 | Best makespan in group=1754.00
[TRAIN] Step 252/350 | 00:44:25
[TRAIN] Step 252 | Loss=0.435039 | Best makespan in group=2278.00
[TRAIN] Step 253/350 | 00:45:30
[TRAIN] Step 253 | Loss=2.496691 | Best makespan in group=1982.00
[TRAIN] Step 254/350 | 00:46:49
[TRAIN] Step 254 | Loss=3.022110 | Best makespan in group=1290.00
[TRAIN] Step 255/350 | 00:47:45
[TRAIN] Step 255 | Loss=0.527160 | Best makespan in group=1814.00
[TRAIN] Step 256/350 | 00:48:51
[TRAIN] Step 256 | Loss=0.149023 | Best makespan in group=1558.00
[TRAIN] Step 257/350 | 00:49:44
[TRAIN] Step 257 | Loss=0.034916 | Best makespan in group=1888.00
[TRAIN] Step 258/350 | 00:51:13
[TRAIN] Step 258 | Loss=0.075752 | Best makespan in group=2678.00
[TRAIN] Step 259/350 | 00:52:12
[TRAIN] Step 259 | Loss=3.817603 | Best makespan in group=2010.00
[TRAIN] Step 260/350 | 00:53:14
[TRAIN] Step 260 | Loss=2.122187 | Best makespan in group=1772.00
[TRAIN][VAL][ep 260] avg_gap=0.0939 | std_gap=0.0952 | q80_gap=0.1764 | n=20
[TRAIN][VAL][ep 260] blocked_events=481 | swaps=25 in 7 instance(s)
[TRAIN] Validation improved | smoothed_avg_gap=0.0881 (raw=0.0939) | saving candidate: 508564213190228.pth
[TRAIN] Step 261/350 | 00:54:56
[TRAIN] Step 261 | Loss=0.461191 | Best makespan in group=1670.00
[TRAIN] Step 262/350 | 00:55:48
[TRAIN] Step 262 | Loss=0.828111 | Best makespan in group=2180.00
[TRAIN] Step 263/350 | 00:57:00
[TRAIN] Step 263 | Loss=0.600269 | Best makespan in group=1936.00
[TRAIN] Step 264/350 | 00:58:07
[TRAIN] Step 264 | Loss=6.349958 | Best makespan in group=2162.00
[TRAIN] Step 265/350 | 00:59:18
[TRAIN] Step 265 | Loss=10.783530 | Best makespan in group=2279.00
[TRAIN] Step 266/350 | 01:00:43
[TRAIN] Step 266 | Loss=2.736933 | Best makespan in group=1786.00
[TRAIN] Step 267/350 | 01:01:59
[TRAIN] Step 267 | Loss=1.206732 | Best makespan in group=1734.00
[TRAIN] Step 268/350 | 01:03:08
[TRAIN] Step 268 | Loss=3.241521 | Best makespan in group=2094.00
[TRAIN] Step 269/350 | 01:04:17
[TRAIN] Step 269 | Loss=3.525620 | Best makespan in group=3164.00
[TRAIN] Step 270/350 | 01:05:52
[TRAIN] Step 270 | Loss=8.161553 | Best makespan in group=2324.00
[TRAIN] Step 271/350 | 01:07:12
[TRAIN] Step 271 | Loss=0.017779 | Best makespan in group=2048.00
[TRAIN] Step 272/350 | 01:08:31
[TRAIN] Step 272 | Loss=0.043180 | Best makespan in group=1513.00
[TRAIN] Step 273/350 | 01:09:39
[TRAIN] Step 273 | Loss=2.900645 | Best makespan in group=2354.00
[TRAIN] Step 274/350 | 01:11:03
[TRAIN] Step 274 | Loss=0.854211 | Best makespan in group=1246.00
[TRAIN] Step 275/350 | 01:12:07
[TRAIN] Step 275 | Loss=0.364803 | Best makespan in group=2690.00
[TRAIN] Step 276/350 | 01:13:14
[TRAIN] Step 276 | Loss=0.883838 | Best makespan in group=1184.00
[TRAIN] Step 277/350 | 01:14:18
[TRAIN] Step 277 | Loss=1.304903 | Best makespan in group=1337.00
[TRAIN] Step 278/350 | 01:15:27
[TRAIN] Step 278 | Loss=0.293533 | Best makespan in group=1440.00
[TRAIN] Step 279/350 | 01:16:27
[TRAIN] Step 279 | Loss=7.334507 | Best makespan in group=2678.00
[TRAIN] Step 280/350 | 01:17:38
[TRAIN] Step 280 | Loss=1.524854 | Best makespan in group=2394.00
[TRAIN][VAL][ep 280] avg_gap=0.0726 | std_gap=0.0802 | q80_gap=0.1630 | n=20
[TRAIN][VAL][ep 280] blocked_events=476 | swaps=19 in 7 instance(s)
[TRAIN] Validation improved | smoothed_avg_gap=0.0820 (raw=0.0726) | saving candidate: 899063750797068.pth
[TRAIN] Step 281/350 | 01:19:26
[TRAIN] Step 281 | Loss=0.001941 | Best makespan in group=1046.00
[TRAIN] Step 282/350 | 01:20:35
[TRAIN] Step 282 | Loss=1.764184 | Best makespan in group=2006.00
[TRAIN] Step 283/350 | 01:21:40
[TRAIN] Step 283 | Loss=0.028550 | Best makespan in group=1212.00
[TRAIN] Step 284/350 | 01:22:52
[TRAIN] Step 284 | Loss=2.366726 | Best makespan in group=2585.00
[TRAIN] Step 285/350 | 01:24:02
[TRAIN] Step 285 | Loss=1.228072 | Best makespan in group=1656.00
[TRAIN] Step 286/350 | 01:25:17
[TRAIN] Step 286 | Loss=5.739901 | Best makespan in group=1775.00
[TRAIN] Step 287/350 | 01:26:14
[TRAIN] Step 287 | Loss=4.262261 | Best makespan in group=1541.00
[TRAIN] Step 288/350 | 01:27:38
[TRAIN] Step 288 | Loss=0.102370 | Best makespan in group=1756.00
[TRAIN] Step 289/350 | 01:28:36
[TRAIN] Step 289 | Loss=0.003985 | Best makespan in group=1900.00
[TRAIN] Step 290/350 | 01:29:42
[TRAIN] Step 290 | Loss=7.866877 | Best makespan in group=2456.00
[TRAIN] Step 291/350 | 01:41:41
[TRAIN] Step 291 | Loss=0.054099 | Best makespan in group=1520.00
[TRAIN] Step 292/350 | 01:43:06
[TRAIN] Step 292 | Loss=13.620806 | Best makespan in group=1642.00
[TRAIN] Step 293/350 | 01:44:35
[TRAIN] Step 293 | Loss=5.124045 | Best makespan in group=1520.00
[TRAIN] Step 294/350 | 01:45:38
[TRAIN] Step 294 | Loss=4.629080 | Best makespan in group=2008.00
[TRAIN] Step 295/350 | 01:46:52
[TRAIN] Step 295 | Loss=0.569104 | Best makespan in group=745.00
[TRAIN] Step 296/350 | 01:47:50
[TRAIN] Step 296 | Loss=0.000017 | Best makespan in group=1249.00
[TRAIN] Step 297/350 | 01:49:11
[TRAIN] Step 297 | Loss=0.041813 | Best makespan in group=1544.00
[TRAIN] Step 298/350 | 01:50:39
[TRAIN] Step 298 | Loss=0.000860 | Best makespan in group=1758.00
[TRAIN] Step 299/350 | 01:51:37
[TRAIN] Step 299 | Loss=1.339400 | Best makespan in group=1582.00
[TRAIN] Step 300/350 | 01:52:34
[TRAIN] Step 300 | Loss=0.756718 | Best makespan in group=1657.00
[TRAIN][VAL][ep 300] avg_gap=0.0727 | std_gap=0.0801 | q80_gap=0.1630 | n=20
[TRAIN][VAL][ep 300] blocked_events=472 | swaps=19 in 7 instance(s)
[TRAIN] Validation improved | smoothed_avg_gap=0.0798 (raw=0.0727) | saving candidate: 195724416706063.pth
[TRAIN] Step 301/350 | 01:54:25
[TRAIN] Step 301 | Loss=10.609924 | Best makespan in group=2441.00
[TRAIN] Step 302/350 | 01:55:54
[TRAIN] Step 302 | Loss=0.578817 | Best makespan in group=3028.00
[TRAIN] Step 303/350 | 01:57:21
[TRAIN] Step 303 | Loss=0.862635 | Best makespan in group=2010.00
[TRAIN] Step 304/350 | 01:58:22
[TRAIN] Step 304 | Loss=2.441001 | Best makespan in group=2412.00
[TRAIN] Step 305/350 | 01:59:27
[TRAIN] Step 305 | Loss=2.296978 | Best makespan in group=2162.00
[TRAIN] Step 306/350 | 02:00:39
[TRAIN] Step 306 | Loss=2.879849 | Best makespan in group=1846.00
[TRAIN] Step 307/350 | 02:01:59
[TRAIN] Step 307 | Loss=3.247554 | Best makespan in group=2215.00
[TRAIN] Step 308/350 | 02:03:23
[TRAIN] Step 308 | Loss=0.092356 | Best makespan in group=2034.00
[TRAIN] Step 309/350 | 02:04:25
[TRAIN] Step 309 | Loss=1.495720 | Best makespan in group=1460.00
[TRAIN] Step 310/350 | 02:05:51
[TRAIN] Step 310 | Loss=1.732644 | Best makespan in group=1768.00
[TRAIN] Step 311/350 | 02:06:46
[TRAIN] Step 311 | Loss=5.014366 | Best makespan in group=2198.00
[TRAIN] Step 312/350 | 02:08:13
[TRAIN] Step 312 | Loss=0.000003 | Best makespan in group=1888.00
[TRAIN] Step 313/350 | 02:09:42
[TRAIN] Step 313 | Loss=0.191326 | Best makespan in group=1948.00
[TRAIN] Step 314/350 | 02:10:52
[TRAIN] Step 314 | Loss=1.356356 | Best makespan in group=1754.00
[TRAIN] Step 315/350 | 02:11:57
[TRAIN] Step 315 | Loss=0.062793 | Best makespan in group=2134.00
[TRAIN] Step 316/350 | 02:13:05
[TRAIN] Step 316 | Loss=1.280644 | Best makespan in group=2678.00
[TRAIN] Step 317/350 | 02:14:15
[TRAIN] Step 317 | Loss=4.190778 | Best makespan in group=2366.00
[TRAIN] Step 318/350 | 02:15:35
[TRAIN] Step 318 | Loss=0.000969 | Best makespan in group=1758.00
[TRAIN] Step 319/350 | 02:16:33
[TRAIN] Step 319 | Loss=1.150409 | Best makespan in group=1150.00
[TRAIN] Step 320/350 | 02:18:00
[TRAIN] Step 320 | Loss=0.331295 | Best makespan in group=1882.00
[TRAIN][VAL][ep 320] avg_gap=0.0746 | std_gap=0.0804 | q80_gap=0.1630 | n=20
[TRAIN][VAL][ep 320] blocked_events=480 | swaps=22 in 9 instance(s)
[TRAIN] Validation improved | smoothed_avg_gap=0.0733 (raw=0.0746) | saving candidate: 381087820995677.pth
[TRAIN] Step 321/350 | 02:19:32
[TRAIN] Step 321 | Loss=0.260649 | Best makespan in group=1756.00
[TRAIN] Step 322/350 | 02:20:37
[TRAIN] Step 322 | Loss=0.001199 | Best makespan in group=1960.00
[TRAIN] Step 323/350 | 02:21:44
[TRAIN] Step 323 | Loss=0.348452 | Best makespan in group=1604.00
[TRAIN] Step 324/350 | 02:22:47
[TRAIN] Step 324 | Loss=1.110226 | Best makespan in group=2020.00
[TRAIN] Step 325/350 | 02:23:59
[TRAIN] Step 325 | Loss=0.419663 | Best makespan in group=2304.00
[TRAIN] Step 326/350 | 02:25:06
[TRAIN] Step 326 | Loss=3.593320 | Best makespan in group=1582.00
[TRAIN] Step 327/350 | 02:26:04
[TRAIN] Step 327 | Loss=3.628680 | Best makespan in group=2450.00
[TRAIN] Step 328/350 | 02:27:14
[TRAIN] Step 328 | Loss=5.665520 | Best makespan in group=1786.00
[TRAIN] Step 329/350 | 02:28:28
[TRAIN] Step 329 | Loss=4.865501 | Best makespan in group=2122.00
[TRAIN] Step 330/350 | 02:29:33
[TRAIN] Step 330 | Loss=2.270574 | Best makespan in group=1260.00
[TRAIN] Step 331/350 | 02:30:29
[TRAIN] Step 331 | Loss=12.080947 | Best makespan in group=1642.00
[TRAIN] Step 332/350 | 02:31:45
[TRAIN] Step 332 | Loss=0.441418 | Best makespan in group=1893.00
[TRAIN] Step 333/350 | 02:33:07
[TRAIN] Step 333 | Loss=0.312757 | Best makespan in group=1783.00
[TRAIN] Step 334/350 | 02:34:09
[TRAIN] Step 334 | Loss=0.000544 | Best makespan in group=1212.00
[TRAIN] Step 335/350 | 02:35:21
[TRAIN] Step 335 | Loss=13.894143 | Best makespan in group=1966.00
[TRAIN] Step 336/350 | 02:36:40
[TRAIN] Step 336 | Loss=1.419899 | Best makespan in group=1120.00
[TRAIN] Step 337/350 | 02:37:34
[TRAIN] Step 337 | Loss=2.303792 | Best makespan in group=2457.00
[TRAIN] Step 338/350 | 02:38:55
[TRAIN] Step 338 | Loss=0.032462 | Best makespan in group=1514.00
[TRAIN] Step 339/350 | 02:40:01
[TRAIN] Step 339 | Loss=3.442203 | Best makespan in group=2562.00
[TRAIN] Step 340/350 | 02:41:10
[TRAIN] Step 340 | Loss=0.105952 | Best makespan in group=1520.00
[TRAIN][VAL][ep 340] avg_gap=0.0922 | std_gap=0.1255 | q80_gap=0.1447 | n=20
[TRAIN][VAL][ep 340] blocked_events=494 | swaps=25 in 10 instance(s)
[TRAIN] Step 341/350 | 02:42:44
[TRAIN] Step 341 | Loss=1.110261 | Best makespan in group=1266.00
[TRAIN] Step 342/350 | 02:44:03
[TRAIN] Step 342 | Loss=2.690729 | Best makespan in group=2035.00
[TRAIN] Step 343/350 | 02:45:23
[TRAIN] Step 343 | Loss=5.517807 | Best makespan in group=1932.00
[TRAIN] Step 344/350 | 02:46:42
[TRAIN] Step 344 | Loss=2.333129 | Best makespan in group=2092.00
[TRAIN] Step 345/350 | 02:47:52
[TRAIN] Step 345 | Loss=2.504920 | Best makespan in group=2092.00
[TRAIN] Step 346/350 | 02:49:04
[TRAIN] Step 346 | Loss=0.166524 | Best makespan in group=1452.00
[TRAIN] Step 347/350 | 02:50:13
[TRAIN] Step 347 | Loss=0.308346 | Best makespan in group=2079.00
[TRAIN] Step 348/350 | 02:51:23
[TRAIN] Step 348 | Loss=5.956665 | Best makespan in group=1923.00
[TRAIN] Step 349/350 | 02:52:48
[TRAIN] Step 349 | Loss=0.623983 | Best makespan in group=1558.00
[TRAIN] Step 350/350 | 02:53:45
[TRAIN] Step 350 | Loss=6.377127 | Best makespan in group=2222.00
[TRAIN][VAL][ep 350] avg_gap=0.0786 | std_gap=0.0986 | q80_gap=0.1458 | n=20
[TRAIN][VAL][ep 350] blocked_events=484 | swaps=24 in 9 instance(s)
[TRAIN] Evaluating best checkpoint (candidate_models\blocking\381087820995677.pth) on the held-out test split...
[TRAIN][TEST] avg_gap=0.1161 | std_gap=0.0961 | q80_gap=0.1980 | n=20
[TRAIN][TEST] blocked_events=427 | swaps=10 in 6 instance(s)
[TRAIN][02:56:24] Training ended. Validation history and plots updated.
[MAIN] Run finished at 2026-10-06 02:56:24
============================================================
=== [B] exit code 0 | 2026-10-06 02:56:27 ===
=== [B] TRAIN blk350_gat_L1_selk1_mask1_edges_sum_incgreedy_ojm_blk_s42 | 2026-10-06 02:56:27 ===
C:\Users\maria\Desktop\dissertation-bopo_introduction\.venv\Lib\site-packages\torch\jit\_script.py:1491: FutureWarning: `torch.jit.script` is deprecated. Please switch to `torch.compile` or `torch.export`.
  warnings.warn(
============================================================
[MAIN] Run started at 2026-10-06 02:56:46
[MAIN] mode=train
[MAIN] run_name=blk350_gat_L1_selk1_mask1_edges_sum_incgreedy_ojm_blk
[MAIN] representation(s)=['ojm_blk']
[MAIN] gnn_type=gat
[MAIN] overrides={'mask_option': 1, 'sel_k': 1, 'num_layers': 1, 'logp_norm': 'sum', 'exclude_greedy_from_loss': False, 'jm_design': 'edges'}
============================================================
[MAIN] Training representation=ojm_blk | seed=42 | run_name=blk350_gat_L1_selk1_mask1_edges_sum_incgreedy_ojm_blk_s42 | gnn_type=gat | overrides={'mask_option': 1, 'sel_k': 1, 'num_layers': 1, 'logp_norm': 'sum', 'exclude_greedy_from_loss': False, 'jm_design': 'edges'}
============================================================
[TRAIN] Training started at: 2026-10-06 02:56:46
[TRAIN] Hyperparams | max_steps=350 | new_freq=500
[TRAIN]             | n_cases=100 | B=64 | K=16 | use_greedy=True | lr=0.0005 (decaying to 1.00e-04)
[TRAIN]             | warm_start_steps=200 | checkpoint_smooth_window=3 | seed=42
[TRAIN]             | hidden_channels=128 | num_layers=1 | heads=3
[TRAIN]             | logp_norm=sum | exclude_greedy_from_loss=False
[TRAIN] Representation | ojm_blk | GNN | gat | jm_design | edges
[TRAIN] Problem size | jobs=[8,10] | machines=[5,10] | ops_per_job=[5,6] | max_proc=100
============================================================
[TRAIN] Output run folder: results\blocking\blk350_gat_L1_selk1_mask1_edges_sum_incgreedy_ojm_blk_s42
[TRAIN] Validation config | every=20 steps | instances=20 (representative subset)
[TRAIN] Blocking setting | buffers in=2 out=1 | instances={'range_jobs': (12, 15), 'range_machines': (4, 6), 'range_op_per_job': (5, 6), 'max_processing': 100, 'mas_per_ope_max': 3, 'n_bottlenecks': 1, 'bottleneck_prob': 0.7, 'bottleneck_factor': 2.0}
[TRAIN] Warm-start (behavior cloning vs. dispatch heuristic) | 200 step(s)...
[TRAIN][WARMSTART] step 10/200 | instance=74 | bc_loss=1.3810 | decisions=26
[TRAIN][WARMSTART] step 20/200 | instance=80 | bc_loss=1.5064 | decisions=34
[TRAIN][WARMSTART] step 30/200 | instance=76 | bc_loss=1.3149 | decisions=34
[TRAIN][WARMSTART] step 40/200 | instance=83 | bc_loss=1.3644 | decisions=41
[TRAIN][WARMSTART] step 50/200 | instance=68 | bc_loss=1.4231 | decisions=31
[TRAIN][WARMSTART] step 60/200 | instance=41 | bc_loss=1.4039 | decisions=36
[TRAIN][WARMSTART] step 70/200 | instance=15 | bc_loss=1.0554 | decisions=33
[TRAIN][WARMSTART] step 80/200 | instance=72 | bc_loss=1.4535 | decisions=38
[TRAIN][WARMSTART] step 90/200 | instance=27 | bc_loss=1.0292 | decisions=35
[TRAIN][WARMSTART] step 100/200 | instance=53 | bc_loss=0.9066 | decisions=26
[TRAIN][WARMSTART] step 110/200 | instance=28 | bc_loss=1.1352 | decisions=36
[TRAIN][WARMSTART] step 120/200 | instance=9 | bc_loss=0.8694 | decisions=35
[TRAIN][WARMSTART] step 130/200 | instance=21 | bc_loss=1.0725 | decisions=49
[TRAIN][WARMSTART] step 140/200 | instance=13 | bc_loss=0.9473 | decisions=36
[TRAIN][WARMSTART] step 150/200 | instance=56 | bc_loss=0.8019 | decisions=32
[TRAIN][WARMSTART] step 160/200 | instance=72 | bc_loss=1.3722 | decisions=38
[TRAIN][WARMSTART] step 170/200 | instance=43 | bc_loss=1.0300 | decisions=29
[TRAIN][WARMSTART] step 180/200 | instance=62 | bc_loss=1.0349 | decisions=36
[TRAIN][WARMSTART] step 190/200 | instance=40 | bc_loss=1.0235 | decisions=31
[TRAIN][WARMSTART] step 200/200 | instance=19 | bc_loss=0.8302 | decisions=31
[TRAIN] Warm-start complete, switching to BOPO preference optimization.
------------------------------------------------------------
[TRAIN] BOPO agent ready. Starting training loop for 350 step(s)...
------------------------------------------------------------
[TRAIN] Step 1/350 | 03:02:59
[TRAIN] Step 1 | Loss=4.444923 | Best makespan in group=1507.00
[TRAIN] Step 2/350 | 03:03:57
[TRAIN] Step 2 | Loss=2.739842 | Best makespan in group=1782.00
[TRAIN] Step 3/350 | 03:04:55
[TRAIN] Step 3 | Loss=3.405692 | Best makespan in group=2434.00
[TRAIN] Step 4/350 | 03:05:56
[TRAIN] Step 4 | Loss=2.163009 | Best makespan in group=1460.00
[TRAIN] Step 5/350 | 03:07:11
[TRAIN] Step 5 | Loss=0.042002 | Best makespan in group=2096.00
[TRAIN] Step 6/350 | 03:08:15
[TRAIN] Step 6 | Loss=3.931087 | Best makespan in group=3164.00
[TRAIN] Step 7/350 | 03:09:51
[TRAIN] Step 7 | Loss=1.043190 | Best makespan in group=1112.00
[TRAIN] Step 8/350 | 03:10:58
[TRAIN] Step 8 | Loss=2.106977 | Best makespan in group=2450.00
[TRAIN] Step 9/350 | 03:12:05
[TRAIN] Step 9 | Loss=3.659209 | Best makespan in group=2270.00
[TRAIN] Step 10/350 | 03:13:30
[TRAIN] Step 10 | Loss=9.357010 | Best makespan in group=2371.00
[TRAIN] Step 11/350 | 03:14:48
[TRAIN] Step 11 | Loss=0.000278 | Best makespan in group=1656.00
[TRAIN] Step 12/350 | 03:15:50
[TRAIN] Step 12 | Loss=7.246717 | Best makespan in group=1440.00
[TRAIN] Step 13/350 | 03:16:47
[TRAIN] Step 13 | Loss=0.811255 | Best makespan in group=1756.00
[TRAIN] Step 14/350 | 03:17:42
[TRAIN] Step 14 | Loss=2.724314 | Best makespan in group=1888.00
[TRAIN] Step 15/350 | 03:19:02
[TRAIN] Step 15 | Loss=2.859698 | Best makespan in group=2278.00
[TRAIN] Step 16/350 | 03:20:12
[TRAIN] Step 16 | Loss=11.665600 | Best makespan in group=2126.00
[TRAIN] Step 17/350 | 03:21:13
[TRAIN] Step 17 | Loss=1.581698 | Best makespan in group=2112.00
[TRAIN] Step 18/350 | 03:22:25
[TRAIN] Step 18 | Loss=2.738638 | Best makespan in group=2004.00
[TRAIN] Step 19/350 | 03:23:29
[TRAIN] Step 19 | Loss=0.253777 | Best makespan in group=1798.00
[TRAIN] Step 20/350 | 03:24:17
[TRAIN] Step 20 | Loss=9.137293 | Best makespan in group=2206.00
[TRAIN][VAL][ep 20] avg_gap=0.2618 | std_gap=0.2479 | q80_gap=0.3721 | n=20
[TRAIN][VAL][ep 20] blocked_events=357 | swaps=23 in 7 instance(s)
[TRAIN] Validation improved | smoothed_avg_gap=0.2618 (raw=0.2618) | saving candidate: 469409487548186.pth
[TRAIN] Step 21/350 | 03:25:48
[TRAIN] Step 21 | Loss=1.824448 | Best makespan in group=1140.00
[TRAIN] Step 22/350 | 03:26:39
[TRAIN] Step 22 | Loss=1.259529 | Best makespan in group=2543.00
[TRAIN] Step 23/350 | 03:27:50
[TRAIN] Step 23 | Loss=5.670739 | Best makespan in group=1582.00
[TRAIN] Step 24/350 | 03:28:40
[TRAIN] Step 24 | Loss=1.459624 | Best makespan in group=2048.00
[TRAIN] Step 25/350 | 03:29:51
[TRAIN] Step 25 | Loss=6.226545 | Best makespan in group=1881.00
[TRAIN] Step 26/350 | 03:30:58
[TRAIN] Step 26 | Loss=1.316989 | Best makespan in group=1168.00
[TRAIN] Step 27/350 | 03:31:59
[TRAIN] Step 27 | Loss=8.222007 | Best makespan in group=2008.00
[TRAIN] Step 28/350 | 03:33:04
[TRAIN] Step 28 | Loss=2.463322 | Best makespan in group=1776.00
[TRAIN] Step 29/350 | 03:34:21
[TRAIN] Step 29 | Loss=3.191138 | Best makespan in group=1814.00
[TRAIN] Step 30/350 | 03:35:20
[TRAIN] Step 30 | Loss=0.367801 | Best makespan in group=1966.00
[TRAIN] Step 31/350 | 03:36:33
[TRAIN] Step 31 | Loss=0.343838 | Best makespan in group=2394.00
[TRAIN] Step 32/350 | 03:37:38
[TRAIN] Step 32 | Loss=5.373725 | Best makespan in group=1282.00
[TRAIN] Step 33/350 | 03:38:38
[TRAIN] Step 33 | Loss=8.938869 | Best makespan in group=1978.00
[TRAIN] Step 34/350 | 03:39:30
[TRAIN] Step 34 | Loss=0.037737 | Best makespan in group=1160.00
[TRAIN] Step 35/350 | 03:40:16
[TRAIN] Step 35 | Loss=3.478287 | Best makespan in group=2187.00
[TRAIN] Step 36/350 | 03:41:29
[TRAIN] Step 36 | Loss=0.020963 | Best makespan in group=1175.00
[TRAIN] Step 37/350 | 03:42:45
[TRAIN] Step 37 | Loss=3.871440 | Best makespan in group=1916.00
[TRAIN] Step 38/350 | 03:43:51
[TRAIN] Step 38 | Loss=2.706326 | Best makespan in group=2078.00
[TRAIN] Step 39/350 | 03:44:53
[TRAIN] Step 39 | Loss=14.409581 | Best makespan in group=2606.00
[TRAIN] Step 40/350 | 03:46:03
[TRAIN] Step 40 | Loss=2.663462 | Best makespan in group=2376.00
[TRAIN][VAL][ep 40] avg_gap=0.3058 | std_gap=0.2493 | q80_gap=0.4096 | n=20
[TRAIN][VAL][ep 40] blocked_events=417 | swaps=38 in 11 instance(s)
[TRAIN] Step 41/350 | 03:47:43
[TRAIN] Step 41 | Loss=7.736087 | Best makespan in group=2394.00
[TRAIN] Step 42/350 | 03:48:39
[TRAIN] Step 42 | Loss=0.558163 | Best makespan in group=1900.00
[TRAIN] Step 43/350 | 03:49:39
[TRAIN] Step 43 | Loss=2.953462 | Best makespan in group=1204.00
[TRAIN] Step 44/350 | 03:50:34
[TRAIN] Step 44 | Loss=0.005041 | Best makespan in group=1670.00
[TRAIN] Step 45/350 | 03:51:19
[TRAIN] Step 45 | Loss=8.202206 | Best makespan in group=1892.00
[TRAIN] Step 46/350 | 03:52:17
[TRAIN] Step 46 | Loss=0.807089 | Best makespan in group=1758.00
[TRAIN] Step 47/350 | 03:53:06
[TRAIN] Step 47 | Loss=3.860399 | Best makespan in group=2343.00
[TRAIN] Step 48/350 | 03:54:19
[TRAIN] Step 48 | Loss=2.121826 | Best makespan in group=2010.00
[TRAIN] Step 49/350 | 03:55:15
[TRAIN] Step 49 | Loss=1.612737 | Best makespan in group=1680.00
[TRAIN] Step 50/350 | 03:56:14
[TRAIN] Step 50 | Loss=1.329459 | Best makespan in group=2092.00
[TRAIN] Step 51/350 | 03:57:19
[TRAIN] Step 51 | Loss=2.372240 | Best makespan in group=2298.00
[TRAIN] Step 52/350 | 03:58:26
[TRAIN] Step 52 | Loss=0.141300 | Best makespan in group=1494.00
[TRAIN] Step 53/350 | 03:59:28
[TRAIN] Step 53 | Loss=1.064951 | Best makespan in group=1753.00
[TRAIN] Step 54/350 | 04:00:40
[TRAIN] Step 54 | Loss=3.740523 | Best makespan in group=2243.00
[TRAIN] Step 55/350 | 04:01:57
[TRAIN] Step 55 | Loss=4.964881 | Best makespan in group=2140.00
[TRAIN] Step 56/350 | 04:02:56
[TRAIN] Step 56 | Loss=6.311814 | Best makespan in group=2092.00
[TRAIN] Step 57/350 | 04:03:59
[TRAIN] Step 57 | Loss=2.283832 | Best makespan in group=1792.00
[TRAIN] Step 58/350 | 04:04:54
[TRAIN] Step 58 | Loss=0.065267 | Best makespan in group=2690.00
[TRAIN] Step 59/350 | 04:05:55
[TRAIN] Step 59 | Loss=1.887068 | Best makespan in group=2011.00
[TRAIN] Step 60/350 | 04:07:05
[TRAIN] Step 60 | Loss=0.312388 | Best makespan in group=1796.00
[TRAIN][VAL][ep 60] avg_gap=0.1939 | std_gap=0.1225 | q80_gap=0.3159 | n=20
[TRAIN][VAL][ep 60] blocked_events=429 | swaps=31 in 12 instance(s)
[TRAIN] Validation improved | smoothed_avg_gap=0.2538 (raw=0.1939) | saving candidate: 361192515212682.pth
[TRAIN] Step 61/350 | 04:08:42
[TRAIN] Step 61 | Loss=0.081672 | Best makespan in group=1452.00
[TRAIN] Step 62/350 | 04:09:42
[TRAIN] Step 62 | Loss=0.011600 | Best makespan in group=1703.00
[TRAIN] Step 63/350 | 04:10:46
[TRAIN] Step 63 | Loss=6.208578 | Best makespan in group=1548.00
[TRAIN] Step 64/350 | 04:11:55
[TRAIN] Step 64 | Loss=7.892058 | Best makespan in group=2035.00
[TRAIN] Step 65/350 | 04:12:55
[TRAIN] Step 65 | Loss=0.331619 | Best makespan in group=1364.00
[TRAIN] Step 66/350 | 04:13:48
[TRAIN] Step 66 | Loss=1.657271 | Best makespan in group=2456.00
[TRAIN] Step 67/350 | 04:15:02
[TRAIN] Step 67 | Loss=3.498469 | Best makespan in group=1620.00
[TRAIN] Step 68/350 | 04:16:06
[TRAIN] Step 68 | Loss=3.883764 | Best makespan in group=1754.00
[TRAIN] Step 69/350 | 04:17:05
[TRAIN] Step 69 | Loss=6.865401 | Best makespan in group=2577.00
[TRAIN] Step 70/350 | 04:18:08
[TRAIN] Step 70 | Loss=6.484460 | Best makespan in group=1884.00
[TRAIN] Step 71/350 | 04:19:09
[TRAIN] Step 71 | Loss=0.061619 | Best makespan in group=1830.00
[TRAIN] Step 72/350 | 04:19:59
[TRAIN] Step 72 | Loss=4.342870 | Best makespan in group=2180.00
[TRAIN] Step 73/350 | 04:21:05
[TRAIN] Step 73 | Loss=6.843198 | Best makespan in group=1903.00
[TRAIN] Step 74/350 | 04:21:55
[TRAIN] Step 74 | Loss=1.208885 | Best makespan in group=2278.00
[TRAIN] Step 75/350 | 04:22:53
[TRAIN] Step 75 | Loss=0.248410 | Best makespan in group=1896.00
[TRAIN] Step 76/350 | 04:24:05
[TRAIN] Step 76 | Loss=0.002899 | Best makespan in group=1174.00
[TRAIN] Step 77/350 | 04:24:57
[TRAIN] Step 77 | Loss=0.353006 | Best makespan in group=2678.00
[TRAIN] Step 78/350 | 04:26:03
[TRAIN] Step 78 | Loss=7.079905 | Best makespan in group=2722.00
[TRAIN] Step 79/350 | 04:27:10
[TRAIN] Step 79 | Loss=6.895029 | Best makespan in group=1812.00
[TRAIN] Step 80/350 | 04:28:25
[TRAIN] Step 80 | Loss=2.768710 | Best makespan in group=1792.00
[TRAIN][VAL][ep 80] avg_gap=0.1888 | std_gap=0.1362 | q80_gap=0.3405 | n=20
[TRAIN][VAL][ep 80] blocked_events=452 | swaps=45 in 12 instance(s)
[TRAIN] Validation improved | smoothed_avg_gap=0.2295 (raw=0.1888) | saving candidate: 281772801498926.pth
[TRAIN] Step 81/350 | 04:29:49
[TRAIN] Step 81 | Loss=4.130606 | Best makespan in group=2102.00
[TRAIN] Step 82/350 | 04:30:47
[TRAIN] Step 82 | Loss=0.285406 | Best makespan in group=1552.00
[TRAIN] Step 83/350 | 04:32:02
[TRAIN] Step 83 | Loss=1.318242 | Best makespan in group=3028.00
[TRAIN] Step 84/350 | 04:33:18
[TRAIN] Step 84 | Loss=0.003634 | Best makespan in group=1421.00
[TRAIN] Step 85/350 | 04:34:18
[TRAIN] Step 85 | Loss=5.019226 | Best makespan in group=2680.00
[TRAIN] Step 86/350 | 04:35:12
[TRAIN] Step 86 | Loss=0.794364 | Best makespan in group=1734.00
[TRAIN] Step 87/350 | 04:36:11
[TRAIN] Step 87 | Loss=8.692683 | Best makespan in group=2304.00
[TRAIN] Step 88/350 | 04:37:07
[TRAIN] Step 88 | Loss=0.086029 | Best makespan in group=1520.00
[TRAIN] Step 89/350 | 04:38:01
[TRAIN] Step 89 | Loss=2.423988 | Best makespan in group=1558.00
[TRAIN] Step 90/350 | 04:38:50
[TRAIN] Step 90 | Loss=9.055413 | Best makespan in group=1941.00
[TRAIN] Step 91/350 | 04:40:01
[TRAIN] Step 91 | Loss=3.861859 | Best makespan in group=2150.00
[TRAIN] Step 92/350 | 04:41:08
[TRAIN] Step 92 | Loss=0.189548 | Best makespan in group=1294.00
[TRAIN] Step 93/350 | 04:41:55
[TRAIN] Step 93 | Loss=2.773930 | Best makespan in group=1389.00
[TRAIN] Step 94/350 | 04:43:07
[TRAIN] Step 94 | Loss=0.374384 | Best makespan in group=1334.00
[TRAIN] Step 95/350 | 04:43:56
[TRAIN] Step 95 | Loss=9.405114 | Best makespan in group=1850.00
[TRAIN] Step 96/350 | 04:44:56
[TRAIN] Step 96 | Loss=1.711433 | Best makespan in group=1212.00
[TRAIN] Step 97/350 | 04:45:59
[TRAIN] Step 97 | Loss=6.741257 | Best makespan in group=2134.00
[TRAIN] Step 98/350 | 04:47:00
[TRAIN] Step 98 | Loss=0.003859 | Best makespan in group=729.00
[TRAIN] Step 99/350 | 04:47:47
[TRAIN] Step 99 | Loss=2.998612 | Best makespan in group=1542.00
[TRAIN] Step 100/350 | 04:48:43
[TRAIN] Step 100 | Loss=1.274434 | Best makespan in group=2047.00
[TRAIN][VAL][ep 100] avg_gap=0.1750 | std_gap=0.1291 | q80_gap=0.3043 | n=20
[TRAIN][VAL][ep 100] blocked_events=518 | swaps=53 in 13 instance(s)
[TRAIN] Validation improved | smoothed_avg_gap=0.1859 (raw=0.1750) | saving candidate: 395348581077874.pth
[TRAIN] Step 101/350 | 04:50:04
[TRAIN] Step 101 | Loss=2.006953 | Best makespan in group=2162.00
[TRAIN] Step 102/350 | 04:51:06
[TRAIN] Step 102 | Loss=0.221098 | Best makespan in group=1122.00
[TRAIN] Step 103/350 | 04:52:03
[TRAIN] Step 103 | Loss=6.454041 | Best makespan in group=2394.00
[TRAIN] Step 104/350 | 04:53:07
[TRAIN] Step 104 | Loss=0.000264 | Best makespan in group=1544.00
[TRAIN] Step 105/350 | 04:54:23
[TRAIN] Step 105 | Loss=0.349745 | Best makespan in group=729.00
[TRAIN] Step 106/350 | 04:55:16
[TRAIN] Step 106 | Loss=1.485359 | Best makespan in group=1211.00
[TRAIN] Step 107/350 | 04:56:32
[TRAIN] Step 107 | Loss=2.894644 | Best makespan in group=1966.00
[TRAIN] Step 108/350 | 04:57:45
[TRAIN] Step 108 | Loss=0.000295 | Best makespan in group=1407.00
[TRAIN] Step 109/350 | 04:58:44
[TRAIN] Step 109 | Loss=0.436321 | Best makespan in group=1160.00
[TRAIN] Step 110/350 | 04:59:34
[TRAIN] Step 110 | Loss=4.180457 | Best makespan in group=2678.00
[TRAIN] Step 111/350 | 05:00:32
[TRAIN] Step 111 | Loss=6.064282 | Best makespan in group=2278.00
[TRAIN] Step 112/350 | 05:01:30
[TRAIN] Step 112 | Loss=3.962629 | Best makespan in group=1536.00
[TRAIN] Step 113/350 | 05:02:41
[TRAIN] Step 113 | Loss=0.826541 | Best makespan in group=2102.00
[TRAIN] Step 114/350 | 05:03:38
[TRAIN] Step 114 | Loss=4.403321 | Best makespan in group=2407.00
[TRAIN] Step 115/350 | 05:04:51
[TRAIN] Step 115 | Loss=0.832967 | Best makespan in group=2134.00
[TRAIN] Step 116/350 | 05:05:51
[TRAIN] Step 116 | Loss=2.122172 | Best makespan in group=1212.00
[TRAIN] Step 117/350 | 05:06:55
[TRAIN] Step 117 | Loss=1.222967 | Best makespan in group=1734.00
[TRAIN] Step 118/350 | 05:07:55
[TRAIN] Step 118 | Loss=0.279570 | Best makespan in group=1792.00
[TRAIN] Step 119/350 | 05:08:49
[TRAIN] Step 119 | Loss=2.991674 | Best makespan in group=2078.00
[TRAIN] Step 120/350 | 05:09:49
[TRAIN] Step 120 | Loss=4.723190 | Best makespan in group=1440.00
[TRAIN][VAL][ep 120] avg_gap=0.1659 | std_gap=0.1632 | q80_gap=0.2594 | n=20
[TRAIN][VAL][ep 120] blocked_events=554 | swaps=54 in 10 instance(s)
[TRAIN] Validation improved | smoothed_avg_gap=0.1766 (raw=0.1659) | saving candidate: 270208033735164.pth
[TRAIN] Step 121/350 | 05:11:10
[TRAIN] Step 121 | Loss=2.324936 | Best makespan in group=2150.00
[TRAIN] Step 122/350 | 05:12:11
[TRAIN] Step 122 | Loss=5.040372 | Best makespan in group=2180.00
[TRAIN] Step 123/350 | 05:13:14
[TRAIN] Step 123 | Loss=0.118167 | Best makespan in group=1893.00
[TRAIN] Step 124/350 | 05:14:27
[TRAIN] Step 124 | Loss=2.783366 | Best makespan in group=1825.00
[TRAIN] Step 125/350 | 05:15:15
[TRAIN] Step 125 | Loss=2.330463 | Best makespan in group=1558.00
[TRAIN] Step 126/350 | 05:16:04
[TRAIN] Step 126 | Loss=3.809406 | Best makespan in group=1120.00
[TRAIN] Step 127/350 | 05:16:54
[TRAIN] Step 127 | Loss=1.460579 | Best makespan in group=2325.00
[TRAIN] Step 128/350 | 05:17:59
[TRAIN] Step 128 | Loss=2.681931 | Best makespan in group=1616.00
[TRAIN] Step 129/350 | 05:18:55
[TRAIN] Step 129 | Loss=0.553311 | Best makespan in group=1449.00
[TRAIN] Step 130/350 | 05:19:55
[TRAIN] Step 130 | Loss=1.079750 | Best makespan in group=1255.00
[TRAIN] Step 131/350 | 05:20:53
[TRAIN] Step 131 | Loss=3.010555 | Best makespan in group=2690.00
[TRAIN] Step 132/350 | 05:21:56
[TRAIN] Step 132 | Loss=0.278381 | Best makespan in group=1836.00
[TRAIN] Step 133/350 | 05:22:53
[TRAIN] Step 133 | Loss=0.303541 | Best makespan in group=2094.00
[TRAIN] Step 134/350 | 05:23:50
[TRAIN] Step 134 | Loss=0.000929 | Best makespan in group=1174.00
[TRAIN] Step 135/350 | 05:24:44
[TRAIN] Step 135 | Loss=0.079488 | Best makespan in group=2278.00
[TRAIN] Step 136/350 | 05:25:52
[TRAIN] Step 136 | Loss=0.167878 | Best makespan in group=1138.00
[TRAIN] Step 137/350 | 05:26:51
[TRAIN] Step 137 | Loss=0.003204 | Best makespan in group=1754.00
[TRAIN] Step 138/350 | 05:27:47
[TRAIN] Step 138 | Loss=0.347970 | Best makespan in group=3164.00
[TRAIN] Step 139/350 | 05:29:09
[TRAIN] Step 139 | Loss=0.615467 | Best makespan in group=1670.00
[TRAIN] Step 140/350 | 05:29:55
[TRAIN] Step 140 | Loss=0.391030 | Best makespan in group=1452.00
[TRAIN][VAL][ep 140] avg_gap=0.1524 | std_gap=0.1449 | q80_gap=0.2666 | n=20
[TRAIN][VAL][ep 140] blocked_events=500 | swaps=51 in 11 instance(s)
[TRAIN] Validation improved | smoothed_avg_gap=0.1644 (raw=0.1524) | saving candidate: 480194584951808.pth
[TRAIN] Step 141/350 | 05:31:25
[TRAIN] Step 141 | Loss=11.498967 | Best makespan in group=2145.00
[TRAIN] Step 142/350 | 05:32:24
[TRAIN] Step 142 | Loss=1.778996 | Best makespan in group=2043.00
[TRAIN] Step 143/350 | 05:33:36
[TRAIN] Step 143 | Loss=0.102179 | Best makespan in group=1282.00
[TRAIN] Step 144/350 | 05:34:26
[TRAIN] Step 144 | Loss=1.626885 | Best makespan in group=3028.00
[TRAIN] Step 145/350 | 05:35:40
[TRAIN] Step 145 | Loss=2.540979 | Best makespan in group=2048.00
[TRAIN] Step 146/350 | 05:36:49
[TRAIN] Step 146 | Loss=1.360802 | Best makespan in group=1867.00
[TRAIN] Step 147/350 | 05:37:55
[TRAIN] Step 147 | Loss=11.779018 | Best makespan in group=1922.00
[TRAIN] Step 148/350 | 05:38:51
[TRAIN] Step 148 | Loss=2.520694 | Best makespan in group=2656.00
[TRAIN] Step 149/350 | 05:39:51
[TRAIN] Step 149 | Loss=3.300790 | Best makespan in group=2304.00
[TRAIN] Step 150/350 | 05:40:49
[TRAIN] Step 150 | Loss=0.357670 | Best makespan in group=1903.00
[TRAIN] Step 151/350 | 05:42:01
[TRAIN] Step 151 | Loss=12.030284 | Best makespan in group=2088.00
[TRAIN] Step 152/350 | 05:43:20
[TRAIN] Step 152 | Loss=1.736108 | Best makespan in group=2548.00
[TRAIN] Step 153/350 | 05:44:19
[TRAIN] Step 153 | Loss=0.807906 | Best makespan in group=2010.00
[TRAIN] Step 154/350 | 05:45:10
[TRAIN] Step 154 | Loss=3.114619 | Best makespan in group=1776.00
[TRAIN] Step 155/350 | 05:46:30
[TRAIN] Step 155 | Loss=0.968213 | Best makespan in group=1260.00
[TRAIN] Step 156/350 | 05:47:43
[TRAIN] Step 156 | Loss=0.985795 | Best makespan in group=1520.00
[TRAIN] Step 157/350 | 05:48:38
[TRAIN] Step 157 | Loss=1.812447 | Best makespan in group=2474.00
[TRAIN] Step 158/350 | 05:49:48
[TRAIN] Step 158 | Loss=0.302033 | Best makespan in group=1620.00
[TRAIN] Step 159/350 | 05:50:51
[TRAIN] Step 159 | Loss=1.672696 | Best makespan in group=2450.00
[TRAIN] Step 160/350 | 05:51:54
[TRAIN] Step 160 | Loss=3.607890 | Best makespan in group=1988.00
[TRAIN][VAL][ep 160] avg_gap=0.1626 | std_gap=0.1560 | q80_gap=0.2880 | n=20
[TRAIN][VAL][ep 160] blocked_events=521 | swaps=45 in 13 instance(s)
[TRAIN] Validation improved | smoothed_avg_gap=0.1603 (raw=0.1626) | saving candidate: 317987029358632.pth
[TRAIN] Step 161/350 | 05:53:33
[TRAIN] Step 161 | Loss=0.157853 | Best makespan in group=2678.00
[TRAIN] Step 162/350 | 05:54:23
[TRAIN] Step 162 | Loss=2.457272 | Best makespan in group=2376.00
[TRAIN] Step 163/350 | 05:55:39
[TRAIN] Step 163 | Loss=0.000107 | Best makespan in group=1758.00
[TRAIN] Step 164/350 | 05:56:31
[TRAIN] Step 164 | Loss=6.431005 | Best makespan in group=1824.00
[TRAIN] Step 165/350 | 05:57:33
[TRAIN] Step 165 | Loss=1.416337 | Best makespan in group=2044.00
[TRAIN] Step 166/350 | 05:58:39
[TRAIN] Step 166 | Loss=8.616266 | Best makespan in group=2273.00
[TRAIN] Step 167/350 | 05:59:52
[TRAIN] Step 167 | Loss=1.128833 | Best makespan in group=1843.00
[TRAIN] Step 168/350 | 06:00:56
[TRAIN] Step 168 | Loss=0.386941 | Best makespan in group=1582.00
[TRAIN] Step 169/350 | 06:01:45
[TRAIN] Step 169 | Loss=8.982799 | Best makespan in group=2092.00
[TRAIN] Step 170/350 | 06:02:44
[TRAIN] Step 170 | Loss=4.579486 | Best makespan in group=2150.00
[TRAIN] Step 171/350 | 06:03:48
[TRAIN] Step 171 | Loss=0.459213 | Best makespan in group=1806.00
[TRAIN] Step 172/350 | 06:04:57
[TRAIN] Step 172 | Loss=5.881212 | Best makespan in group=1902.00
[TRAIN] Step 173/350 | 06:05:55
[TRAIN] Step 173 | Loss=1.117964 | Best makespan in group=1768.00
[TRAIN] Step 174/350 | 06:06:43
[TRAIN] Step 174 | Loss=6.523803 | Best makespan in group=2423.00
[TRAIN] Step 175/350 | 06:07:36
[TRAIN] Step 175 | Loss=0.175977 | Best makespan in group=1514.00
[TRAIN] Step 176/350 | 06:08:29
[TRAIN] Step 176 | Loss=0.731835 | Best makespan in group=1618.00
[TRAIN] Step 177/350 | 06:09:29
[TRAIN] Step 177 | Loss=2.443534 | Best makespan in group=2642.00
[TRAIN] Step 178/350 | 06:10:42
[TRAIN] Step 178 | Loss=1.923159 | Best makespan in group=1520.00
[TRAIN] Step 179/350 | 06:11:30
[TRAIN] Step 179 | Loss=7.781653 | Best makespan in group=2597.00
[TRAIN] Step 180/350 | 06:12:37
[TRAIN] Step 180 | Loss=0.000001 | Best makespan in group=1076.00
[TRAIN][VAL][ep 180] avg_gap=0.1657 | std_gap=0.1492 | q80_gap=0.3284 | n=20
[TRAIN][VAL][ep 180] blocked_events=535 | swaps=47 in 10 instance(s)
[TRAIN] Validation improved | smoothed_avg_gap=0.1602 (raw=0.1657) | saving candidate: 493849198215866.pth
[TRAIN] Step 181/350 | 06:14:03
[TRAIN] Step 181 | Loss=1.604027 | Best makespan in group=1814.00
[TRAIN] Step 182/350 | 06:15:00
[TRAIN] Step 182 | Loss=0.049389 | Best makespan in group=2092.00
[TRAIN] Step 183/350 | 06:16:00
[TRAIN] Step 183 | Loss=0.084067 | Best makespan in group=1364.00
[TRAIN] Step 184/350 | 06:16:48
[TRAIN] Step 184 | Loss=0.289173 | Best makespan in group=1334.00
[TRAIN] Step 185/350 | 06:17:36
[TRAIN] Step 185 | Loss=1.463778 | Best makespan in group=2394.00
[TRAIN] Step 186/350 | 06:18:30
[TRAIN] Step 186 | Loss=2.502127 | Best makespan in group=1786.00
[TRAIN] Step 187/350 | 06:19:36
[TRAIN] Step 187 | Loss=0.505236 | Best makespan in group=2034.00
[TRAIN] Step 188/350 | 06:20:27
[TRAIN] Step 188 | Loss=2.177269 | Best makespan in group=1900.00
[TRAIN] Step 189/350 | 06:21:21
[TRAIN] Step 189 | Loss=1.696310 | Best makespan in group=1769.00
[TRAIN] Step 190/350 | 06:22:16
[TRAIN] Step 190 | Loss=5.847666 | Best makespan in group=1460.00
[TRAIN] Step 191/350 | 06:23:27
[TRAIN] Step 191 | Loss=0.418804 | Best makespan in group=1446.00
[TRAIN] Step 192/350 | 06:24:25
[TRAIN] Step 192 | Loss=1.481888 | Best makespan in group=1888.00
[TRAIN] Step 193/350 | 06:25:39
[TRAIN] Step 193 | Loss=0.370571 | Best makespan in group=1830.00
[TRAIN] Step 194/350 | 06:26:29
[TRAIN] Step 194 | Loss=3.981099 | Best makespan in group=2008.00
[TRAIN] Step 195/350 | 06:27:31
[TRAIN] Step 195 | Loss=14.386312 | Best makespan in group=2462.00
[TRAIN] Step 196/350 | 06:28:41
[TRAIN] Step 196 | Loss=3.512486 | Best makespan in group=1756.00
[TRAIN] Step 197/350 | 06:29:32
[TRAIN] Step 197 | Loss=1.613283 | Best makespan in group=1656.00
[TRAIN] Step 198/350 | 06:30:30
[TRAIN] Step 198 | Loss=4.737020 | Best makespan in group=2217.00
[TRAIN] Step 199/350 | 06:31:35
[TRAIN] Step 199 | Loss=7.101540 | Best makespan in group=1889.00
[TRAIN] Step 200/350 | 06:32:22
[TRAIN] Step 200 | Loss=0.764564 | Best makespan in group=2006.00
[TRAIN][VAL][ep 200] avg_gap=0.1813 | std_gap=0.1578 | q80_gap=0.3374 | n=20
[TRAIN][VAL][ep 200] blocked_events=526 | swaps=51 in 12 instance(s)
[TRAIN] Step 201/350 | 06:33:47
[TRAIN] Step 201 | Loss=0.441864 | Best makespan in group=1570.00
[TRAIN] Step 202/350 | 06:34:36
[TRAIN] Step 202 | Loss=5.423555 | Best makespan in group=2466.00
[TRAIN] Step 203/350 | 06:35:46
[TRAIN] Step 203 | Loss=2.497337 | Best makespan in group=1334.00
[TRAIN] Step 204/350 | 06:36:31
[TRAIN] Step 204 | Loss=9.617562 | Best makespan in group=2006.00
[TRAIN] Step 205/350 | 06:37:26
[TRAIN] Step 205 | Loss=9.188968 | Best makespan in group=2390.00
[TRAIN] Step 206/350 | 06:38:20
[TRAIN] Step 206 | Loss=2.489205 | Best makespan in group=1756.00
[TRAIN] Step 207/350 | 06:39:11
[TRAIN] Step 207 | Loss=0.039468 | Best makespan in group=1772.00
[TRAIN] Step 208/350 | 06:40:08
[TRAIN] Step 208 | Loss=0.200378 | Best makespan in group=1548.00
[TRAIN] Step 209/350 | 06:41:06
[TRAIN] Step 209 | Loss=3.160969 | Best makespan in group=2034.00
[TRAIN] Step 210/350 | 06:41:58
[TRAIN] Step 210 | Loss=0.115268 | Best makespan in group=1796.00
[TRAIN] Step 211/350 | 06:43:05
[TRAIN] Step 211 | Loss=3.793782 | Best makespan in group=1823.00
[TRAIN] Step 212/350 | 06:43:53
[TRAIN] Step 212 | Loss=0.103946 | Best makespan in group=1160.00
[TRAIN] Step 213/350 | 06:44:38
[TRAIN] Step 213 | Loss=0.041347 | Best makespan in group=2394.00
[TRAIN] Step 214/350 | 06:45:43
[TRAIN] Step 214 | Loss=13.437332 | Best makespan in group=2148.00
[TRAIN] Step 215/350 | 06:46:44
[TRAIN] Step 215 | Loss=0.053088 | Best makespan in group=1544.00
[TRAIN] Step 216/350 | 06:48:01
[TRAIN] Step 216 | Loss=8.698746 | Best makespan in group=2628.00
[TRAIN] Step 217/350 | 06:49:10
[TRAIN] Step 217 | Loss=0.029223 | Best makespan in group=1279.00
[TRAIN] Step 218/350 | 06:50:08
[TRAIN] Step 218 | Loss=4.493918 | Best makespan in group=2450.00
[TRAIN] Step 219/350 | 06:51:11
[TRAIN] Step 219 | Loss=3.190540 | Best makespan in group=2025.00
[TRAIN] Step 220/350 | 06:52:21
[TRAIN] Step 220 | Loss=0.446029 | Best makespan in group=1872.00
[TRAIN][VAL][ep 220] avg_gap=0.1835 | std_gap=0.1857 | q80_gap=0.3134 | n=20
[TRAIN][VAL][ep 220] blocked_events=561 | swaps=50 in 11 instance(s)
[TRAIN] Step 221/350 | 06:54:01
[TRAIN] Step 221 | Loss=4.352552 | Best makespan in group=1318.00
[TRAIN] Step 222/350 | 06:55:16
[TRAIN] Step 222 | Loss=1.530658 | Best makespan in group=1970.00
[TRAIN] Step 223/350 | 06:56:17
[TRAIN] Step 223 | Loss=1.211527 | Best makespan in group=2143.00
[TRAIN] Step 224/350 | 06:57:35
[TRAIN] Step 224 | Loss=2.264180 | Best makespan in group=2010.00
[TRAIN] Step 225/350 | 06:58:27
[TRAIN] Step 225 | Loss=2.554518 | Best makespan in group=1900.00
[TRAIN] Step 226/350 | 06:59:28
[TRAIN] Step 226 | Loss=9.668158 | Best makespan in group=2627.00
[TRAIN] Step 227/350 | 07:00:27
[TRAIN] Step 227 | Loss=0.847636 | Best makespan in group=1646.00
[TRAIN] Step 228/350 | 07:01:32
[TRAIN] Step 228 | Loss=1.042600 | Best makespan in group=1792.00
[TRAIN] Step 229/350 | 07:02:22
[TRAIN] Step 229 | Loss=4.977075 | Best makespan in group=1520.00
[TRAIN] Step 230/350 | 07:03:18
[TRAIN] Step 230 | Loss=3.449626 | Best makespan in group=2678.00
[TRAIN] Step 231/350 | 07:04:11
[TRAIN] Step 231 | Loss=4.428369 | Best makespan in group=1908.00
[TRAIN] Step 232/350 | 07:05:11
[TRAIN] Step 232 | Loss=0.181345 | Best makespan in group=1776.00
[TRAIN] Step 233/350 | 07:06:24
[TRAIN] Step 233 | Loss=1.698152 | Best makespan in group=1628.00
[TRAIN] Step 234/350 | 07:07:22
[TRAIN] Step 234 | Loss=2.244672 | Best makespan in group=1360.00
[TRAIN] Step 235/350 | 07:08:22
[TRAIN] Step 235 | Loss=0.000040 | Best makespan in group=1758.00
[TRAIN] Step 236/350 | 07:09:17
[TRAIN] Step 236 | Loss=0.489792 | Best makespan in group=1734.00
[TRAIN] Step 237/350 | 07:10:18
[TRAIN] Step 237 | Loss=1.838747 | Best makespan in group=1120.00
[TRAIN] Step 238/350 | 07:11:08
[TRAIN] Step 238 | Loss=3.327209 | Best makespan in group=1612.00
[TRAIN] Step 239/350 | 07:12:05
[TRAIN] Step 239 | Loss=2.579047 | Best makespan in group=2456.00
[TRAIN] Step 240/350 | 07:13:19
[TRAIN] Step 240 | Loss=4.551570 | Best makespan in group=2690.00
[TRAIN][VAL][ep 240] avg_gap=0.1879 | std_gap=0.1907 | q80_gap=0.3585 | n=20
[TRAIN][VAL][ep 240] blocked_events=541 | swaps=45 in 11 instance(s)
[TRAIN] Step 241/350 | 07:14:44
[TRAIN] Step 241 | Loss=1.875989 | Best makespan in group=1926.00
[TRAIN] Step 242/350 | 07:15:51
[TRAIN] Step 242 | Loss=4.489993 | Best makespan in group=2230.00
[TRAIN] Step 243/350 | 07:17:03
[TRAIN] Step 243 | Loss=0.126684 | Best makespan in group=1452.00
[TRAIN] Step 244/350 | 07:17:58
[TRAIN] Step 244 | Loss=1.110342 | Best makespan in group=2134.00
[TRAIN] Step 245/350 | 07:18:57
[TRAIN] Step 245 | Loss=5.953549 | Best makespan in group=3028.00
[TRAIN] Step 246/350 | 07:20:11
[TRAIN] Step 246 | Loss=0.290618 | Best makespan in group=1888.00
[TRAIN] Step 247/350 | 07:21:27
[TRAIN] Step 247 | Loss=1.498353 | Best makespan in group=1754.00
[TRAIN] Step 248/350 | 07:22:21
[TRAIN] Step 248 | Loss=10.975571 | Best makespan in group=2515.00
[TRAIN] Step 249/350 | 07:23:36
[TRAIN] Step 249 | Loss=1.089235 | Best makespan in group=1172.00
[TRAIN] Step 250/350 | 07:24:33
[TRAIN] Step 250 | Loss=6.963008 | Best makespan in group=1786.00
[TRAIN] Step 251/350 | 07:25:37
[TRAIN] Step 251 | Loss=0.043169 | Best makespan in group=2278.00
[TRAIN] Step 252/350 | 07:26:34
[TRAIN] Step 252 | Loss=1.560525 | Best makespan in group=1562.00
[TRAIN] Step 253/350 | 07:27:33
[TRAIN] Step 253 | Loss=0.001445 | Best makespan in group=2376.00
[TRAIN] Step 254/350 | 07:28:43
[TRAIN] Step 254 | Loss=1.124937 | Best makespan in group=1582.00
[TRAIN] Step 255/350 | 07:29:32
[TRAIN] Step 255 | Loss=1.966323 | Best makespan in group=1536.00
[TRAIN] Step 256/350 | 07:30:39
[TRAIN] Step 256 | Loss=5.229241 | Best makespan in group=1754.00
[TRAIN] Step 257/350 | 07:31:35
[TRAIN] Step 257 | Loss=2.337593 | Best makespan in group=1440.00
[TRAIN] Step 258/350 | 07:32:25
[TRAIN] Step 258 | Loss=6.967684 | Best makespan in group=1892.00
[TRAIN] Step 259/350 | 07:33:17
[TRAIN] Step 259 | Loss=2.667664 | Best makespan in group=1656.00
[TRAIN] Step 260/350 | 07:34:14
[TRAIN] Step 260 | Loss=1.150168 | Best makespan in group=2008.00
[TRAIN][VAL][ep 260] avg_gap=0.1530 | std_gap=0.1598 | q80_gap=0.2315 | n=20
[TRAIN][VAL][ep 260] blocked_events=529 | swaps=40 in 11 instance(s)
[TRAIN] Step 261/350 | 07:35:44
[TRAIN] Step 261 | Loss=3.180129 | Best makespan in group=2102.00
[TRAIN] Step 262/350 | 07:36:40
[TRAIN] Step 262 | Loss=8.271623 | Best makespan in group=2445.00
[TRAIN] Step 263/350 | 07:37:39
[TRAIN] Step 263 | Loss=0.388770 | Best makespan in group=2048.00
[TRAIN] Step 264/350 | 07:38:46
[TRAIN] Step 264 | Loss=0.245483 | Best makespan in group=1830.00
[TRAIN] Step 265/350 | 07:39:36
[TRAIN] Step 265 | Loss=0.108430 | Best makespan in group=1364.00
[TRAIN] Step 266/350 | 07:40:24
[TRAIN] Step 266 | Loss=2.295100 | Best makespan in group=1152.00
[TRAIN] Step 267/350 | 07:41:18
[TRAIN] Step 267 | Loss=14.670016 | Best makespan in group=1693.00
[TRAIN] Step 268/350 | 07:42:22
[TRAIN] Step 268 | Loss=5.511444 | Best makespan in group=1814.00
[TRAIN] Step 269/350 | 07:43:18
[TRAIN] Step 269 | Loss=2.981290 | Best makespan in group=2092.00
[TRAIN] Step 270/350 | 07:44:20
[TRAIN] Step 270 | Loss=4.986297 | Best makespan in group=2292.00
[TRAIN] Step 271/350 | 07:45:33
[TRAIN] Step 271 | Loss=0.000074 | Best makespan in group=1097.00
[TRAIN] Step 272/350 | 07:46:29
[TRAIN] Step 272 | Loss=6.923524 | Best makespan in group=2180.00
[TRAIN] Step 273/350 | 07:47:36
[TRAIN] Step 273 | Loss=0.421036 | Best makespan in group=2394.00
[TRAIN] Step 274/350 | 07:48:29
[TRAIN] Step 274 | Loss=0.001595 | Best makespan in group=1174.00
[TRAIN] Step 275/350 | 07:49:17
[TRAIN] Step 275 | Loss=1.960470 | Best makespan in group=2037.00
[TRAIN] Step 276/350 | 07:50:15
[TRAIN] Step 276 | Loss=5.531404 | Best makespan in group=1966.00
[TRAIN] Step 277/350 | 07:51:25
[TRAIN] Step 277 | Loss=3.731418 | Best makespan in group=3164.00
[TRAIN] Step 278/350 | 07:52:45
[TRAIN] Step 278 | Loss=1.719712 | Best makespan in group=2092.00
[TRAIN] Step 279/350 | 07:53:46
[TRAIN] Step 279 | Loss=7.506030 | Best makespan in group=2678.00
[TRAIN] Step 280/350 | 07:54:44
[TRAIN] Step 280 | Loss=0.275405 | Best makespan in group=1212.00
[TRAIN][VAL][ep 280] avg_gap=0.1722 | std_gap=0.1860 | q80_gap=0.3384 | n=20
[TRAIN][VAL][ep 280] blocked_events=538 | swaps=54 in 11 instance(s)
[TRAIN] Step 281/350 | 07:56:14
[TRAIN] Step 281 | Loss=2.321886 | Best makespan in group=2276.00
[TRAIN] Step 282/350 | 07:57:19
[TRAIN] Step 282 | Loss=0.025919 | Best makespan in group=1520.00
[TRAIN] Step 283/350 | 07:58:07
[TRAIN] Step 283 | Loss=2.368720 | Best makespan in group=1882.00
[TRAIN] Step 284/350 | 07:58:56
[TRAIN] Step 284 | Loss=5.126423 | Best makespan in group=2162.00
[TRAIN] Step 285/350 | 07:59:56
[TRAIN] Step 285 | Loss=4.918985 | Best makespan in group=2132.00
[TRAIN] Step 286/350 | 08:00:54
[TRAIN] Step 286 | Loss=0.938099 | Best makespan in group=1180.00
[TRAIN] Step 287/350 | 08:02:07
[TRAIN] Step 287 | Loss=0.646188 | Best makespan in group=2278.00
[TRAIN] Step 288/350 | 08:03:14
[TRAIN] Step 288 | Loss=3.067973 | Best makespan in group=2498.00
[TRAIN] Step 289/350 | 08:04:21
[TRAIN] Step 289 | Loss=6.491123 | Best makespan in group=1864.00
[TRAIN] Step 290/350 | 08:05:31
[TRAIN] Step 290 | Loss=0.328564 | Best makespan in group=2304.00
[TRAIN] Step 291/350 | 08:06:25
[TRAIN] Step 291 | Loss=6.205966 | Best makespan in group=2150.00
[TRAIN] Step 292/350 | 08:07:31
[TRAIN] Step 292 | Loss=1.397654 | Best makespan in group=1446.00
[TRAIN] Step 293/350 | 08:08:30
[TRAIN] Step 293 | Loss=3.767852 | Best makespan in group=1980.00
[TRAIN] Step 294/350 | 08:09:35
[TRAIN] Step 294 | Loss=1.503359 | Best makespan in group=1824.00
[TRAIN] Step 295/350 | 08:10:36
[TRAIN] Step 295 | Loss=0.266621 | Best makespan in group=1670.00
[TRAIN] Step 296/350 | 08:11:23
[TRAIN] Step 296 | Loss=1.157979 | Best makespan in group=1338.00
[TRAIN] Step 297/350 | 08:12:09
[TRAIN] Step 297 | Loss=1.908335 | Best makespan in group=1768.00
[TRAIN] Step 298/350 | 08:12:56
[TRAIN] Step 298 | Loss=0.672099 | Best makespan in group=2053.00
[TRAIN] Step 299/350 | 08:14:04
[TRAIN] Step 299 | Loss=1.073932 | Best makespan in group=729.00
[TRAIN] Step 300/350 | 08:14:53
[TRAIN] Step 300 | Loss=1.355703 | Best makespan in group=1460.00
[TRAIN][VAL][ep 300] avg_gap=0.1983 | std_gap=0.2016 | q80_gap=0.3824 | n=20
[TRAIN][VAL][ep 300] blocked_events=551 | swaps=55 in 11 instance(s)
[TRAIN] Step 301/350 | 08:16:30
[TRAIN] Step 301 | Loss=3.773079 | Best makespan in group=3028.00
[TRAIN] Step 302/350 | 08:17:43
[TRAIN] Step 302 | Loss=1.449392 | Best makespan in group=2206.00
[TRAIN] Step 303/350 | 08:18:57
[TRAIN] Step 303 | Loss=1.337263 | Best makespan in group=1970.00
[TRAIN] Step 304/350 | 08:19:55
[TRAIN] Step 304 | Loss=0.690743 | Best makespan in group=3164.00
[TRAIN] Step 305/350 | 08:21:14
[TRAIN] Step 305 | Loss=1.712801 | Best makespan in group=1985.00
[TRAIN] Step 306/350 | 08:22:22
[TRAIN] Step 306 | Loss=0.236192 | Best makespan in group=1452.00
[TRAIN] Step 307/350 | 08:23:19
[TRAIN] Step 307 | Loss=0.203273 | Best makespan in group=2150.00
[TRAIN] Step 308/350 | 08:24:25
[TRAIN] Step 308 | Loss=9.190861 | Best makespan in group=1966.00
[TRAIN] Step 309/350 | 08:25:33
[TRAIN] Step 309 | Loss=7.079927 | Best makespan in group=2313.00
[TRAIN] Step 310/350 | 08:26:38
[TRAIN] Step 310 | Loss=4.730967 | Best makespan in group=1940.00
[TRAIN] Step 311/350 | 08:27:48
[TRAIN] Step 311 | Loss=2.363519 | Best makespan in group=2152.00
[TRAIN] Step 312/350 | 08:28:45
[TRAIN] Step 312 | Loss=2.093645 | Best makespan in group=1756.00
[TRAIN] Step 313/350 | 08:29:37
[TRAIN] Step 313 | Loss=1.652400 | Best makespan in group=2180.00
[TRAIN] Step 314/350 | 08:30:37
[TRAIN] Step 314 | Loss=0.470188 | Best makespan in group=2278.00
[TRAIN] Step 315/350 | 08:31:42
[TRAIN] Step 315 | Loss=1.307148 | Best makespan in group=2690.00
[TRAIN] Step 316/350 | 08:32:39
[TRAIN] Step 316 | Loss=8.978700 | Best makespan in group=1154.00
[TRAIN] Step 317/350 | 08:33:53
[TRAIN] Step 317 | Loss=1.605883 | Best makespan in group=2134.00
[TRAIN] Step 318/350 | 08:34:52
[TRAIN] Step 318 | Loss=8.216008 | Best makespan in group=1290.00
[TRAIN] Step 319/350 | 08:36:05
[TRAIN] Step 319 | Loss=9.329157 | Best makespan in group=2279.00
[TRAIN] Step 320/350 | 08:37:02
[TRAIN] Step 320 | Loss=2.434757 | Best makespan in group=1440.00
[TRAIN][VAL][ep 320] avg_gap=0.1863 | std_gap=0.1993 | q80_gap=0.3525 | n=20
[TRAIN][VAL][ep 320] blocked_events=538 | swaps=49 in 12 instance(s)
[TRAIN] Step 321/350 | 08:38:22
[TRAIN] Step 321 | Loss=3.462046 | Best makespan in group=1824.00
[TRAIN] Step 322/350 | 08:39:19
[TRAIN] Step 322 | Loss=2.653308 | Best makespan in group=2092.00
[TRAIN] Step 323/350 | 08:40:21
[TRAIN] Step 323 | Loss=4.384307 | Best makespan in group=2450.00
[TRAIN] Step 324/350 | 08:41:21
[TRAIN] Step 324 | Loss=3.421074 | Best makespan in group=1582.00
[TRAIN] Step 325/350 | 08:42:11
[TRAIN] Step 325 | Loss=2.106645 | Best makespan in group=1814.00
[TRAIN] Step 326/350 | 08:43:08
[TRAIN] Step 326 | Loss=0.003118 | Best makespan in group=1830.00
[TRAIN] Step 327/350 | 08:43:56
[TRAIN] Step 327 | Loss=2.244027 | Best makespan in group=1892.00
[TRAIN] Step 328/350 | 08:44:50
[TRAIN] Step 328 | Loss=3.192307 | Best makespan in group=2048.00
[TRAIN] Step 329/350 | 08:45:57
[TRAIN] Step 329 | Loss=1.091364 | Best makespan in group=2034.00
[TRAIN] Step 330/350 | 08:46:48
[TRAIN] Step 330 | Loss=1.137437 | Best makespan in group=1488.00
[TRAIN] Step 331/350 | 08:47:48
[TRAIN] Step 331 | Loss=1.454949 | Best makespan in group=2162.00
[TRAIN] Step 332/350 | 08:48:48
[TRAIN] Step 332 | Loss=2.225551 | Best makespan in group=2027.00
[TRAIN] Step 333/350 | 08:49:54
[TRAIN] Step 333 | Loss=2.338147 | Best makespan in group=1294.00
[TRAIN] Step 334/350 | 08:50:49
[TRAIN] Step 334 | Loss=0.722593 | Best makespan in group=2365.00
[TRAIN] Step 335/350 | 08:51:55
[TRAIN] Step 335 | Loss=0.498146 | Best makespan in group=1120.00
[TRAIN] Step 336/350 | 08:52:43
[TRAIN] Step 336 | Loss=0.416069 | Best makespan in group=1882.00
[TRAIN] Step 337/350 | 08:53:31
[TRAIN] Step 337 | Loss=3.742742 | Best makespan in group=1786.00
[TRAIN] Step 338/350 | 08:54:37
[TRAIN] Step 338 | Loss=3.872032 | Best makespan in group=2424.00
[TRAIN] Step 339/350 | 08:55:34
[TRAIN] Step 339 | Loss=2.634813 | Best makespan in group=1815.00
[TRAIN] Step 340/350 | 08:56:37
[TRAIN] Step 340 | Loss=0.024359 | Best makespan in group=1520.00
[TRAIN][VAL][ep 340] avg_gap=0.1695 | std_gap=0.2133 | q80_gap=0.3768 | n=20
[TRAIN][VAL][ep 340] blocked_events=520 | swaps=45 in 12 instance(s)
[TRAIN] Step 341/350 | 08:57:56
[TRAIN] Step 341 | Loss=0.851734 | Best makespan in group=2373.00
[TRAIN] Step 342/350 | 08:59:08
[TRAIN] Step 342 | Loss=5.609980 | Best makespan in group=2030.00
[TRAIN] Step 343/350 | 09:00:05
[TRAIN] Step 343 | Loss=5.231865 | Best makespan in group=2092.00
[TRAIN] Step 344/350 | 09:01:04
[TRAIN] Step 344 | Loss=2.123901 | Best makespan in group=2010.00
[TRAIN] Step 345/350 | 09:01:57
[TRAIN] Step 345 | Loss=0.220535 | Best makespan in group=1754.00
[TRAIN] Step 346/350 | 09:02:52
[TRAIN] Step 346 | Loss=5.525785 | Best makespan in group=1910.00
[TRAIN] Step 347/350 | 09:03:59
[TRAIN] Step 347 | Loss=0.494309 | Best makespan in group=1546.00
[TRAIN] Step 348/350 | 09:05:12
[TRAIN] Step 348 | Loss=3.323100 | Best makespan in group=2036.00
[TRAIN] Step 349/350 | 09:06:10
[TRAIN] Step 349 | Loss=2.427703 | Best makespan in group=2126.00
[TRAIN] Step 350/350 | 09:07:25
[TRAIN] Step 350 | Loss=0.401641 | Best makespan in group=1160.00
[TRAIN][VAL][ep 350] avg_gap=0.1595 | std_gap=0.2133 | q80_gap=0.1727 | n=20
[TRAIN][VAL][ep 350] blocked_events=538 | swaps=44 in 11 instance(s)
[TRAIN] Evaluating best checkpoint (candidate_models\blocking\493849198215866.pth) on the held-out test split...
[TRAIN][TEST] avg_gap=0.1865 | std_gap=0.1397 | q80_gap=0.2606 | n=20
[TRAIN][TEST] blocked_events=480 | swaps=27 in 9 instance(s)
[TRAIN][09:09:07] Training ended. Validation history and plots updated.
[MAIN] Run finished at 2026-10-06 09:09:07
============================================================
=== [B] exit code 0 | 2026-10-06 09:09:10 ===
=== [B] LANE DONE | 2026-10-06 09:09:10 ===
