queue started 2026-10-08 00:30:15
both lanes done 2026-10-08 18:49:14; building models/blocking/model_params_blk400_gin_L2_edges.json
ojmb: 119895870818299.pth
ojmd: 646173234037767.pth
ojmf: 389331865721337.pth
ojm_blk: 477782964131276.pth
=== TEST | 2026-10-08 18:49:14 ===
C:\Users\maria\Desktop\dissertation-bopo_introduction\.venv\Lib\site-packages\torch\jit\_script.py:1491: FutureWarning: `torch.jit.script` is deprecated. Please switch to `torch.compile` or `torch.export`.
  warnings.warn(
============================================================
[MAIN] Run started at 2026-10-08 18:49:32
[MAIN] mode=test
[MAIN] run_name=test_blk400_gin_L2_edges
[MAIN] representation(s)=['ojmb', 'ojmd', 'ojmf', 'ojm_blk']
============================================================
[TEST] models_file=models/blocking/model_params_blk400_gin_L2_edges.json | folders=blocking_test_instances | output_dir=results/blocking
[TEST] run_name=test_blk400_gin_L2_edges
[TEST] Output run folder: results/blocking\test_blk400_gin_L2_edges
[TEST] Blocking models: evaluate them on blocking instances, e.g. --source-folder val --folders blocking_test_instances
C:\Users\maria\Desktop\dissertation-bopo_introduction\.venv\Lib\site-packages\torch\jit\_script.py:1491: FutureWarning: `torch.jit.script` is deprecated. Please switch to `torch.compile` or `torch.export`.
  warnings.warn(
C:\Users\maria\Desktop\dissertation-bopo_introduction\.venv\Lib\site-packages\torch\jit\_script.py:1491: FutureWarning: `torch.jit.script` is deprecated. Please switch to `torch.compile` or `torch.export`.
  warnings.warn(
C:\Users\maria\Desktop\dissertation-bopo_introduction\.venv\Lib\site-packages\torch\jit\_script.py:1491: FutureWarning: `torch.jit.script` is deprecated. Please switch to `torch.compile` or `torch.export`.
  warnings.warn(
C:\Users\maria\Desktop\dissertation-bopo_introduction\.venv\Lib\site-packages\torch\jit\_script.py:1491: FutureWarning: `torch.jit.script` is deprecated. Please switch to `torch.compile` or `torch.export`.
  warnings.warn(
blk021.fjs 2398.0 2.9552195072174072
C:\Users\maria\Desktop\dissertation-bopo_introduction\.venv\Lib\site-packages\torch\jit\_script.py:1491: FutureWarning: `torch.jit.script` is deprecated. Please switch to `torch.compile` or `torch.export`.
  warnings.warn(
C:\Users\maria\Desktop\dissertation-bopo_introduction\.venv\Lib\site-packages\torch\jit\_script.py:1491: FutureWarning: `torch.jit.script` is deprecated. Please switch to `torch.compile` or `torch.export`.
  warnings.warn(
C:\Users\maria\Desktop\dissertation-bopo_introduction\.venv\Lib\site-packages\torch\jit\_script.py:1491: FutureWarning: `torch.jit.script` is deprecated. Please switch to `torch.compile` or `torch.export`.
  warnings.warn(
C:\Users\maria\Desktop\dissertation-bopo_introduction\.venv\Lib\site-packages\torch\jit\_script.py:1491: FutureWarning: `torch.jit.script` is deprecated. Please switch to `torch.compile` or `torch.export`.
  warnings.warn(
blk022.fjs 1314.0 2.786832809448242
C:\Users\maria\Desktop\dissertation-bopo_introduction\.venv\Lib\site-packages\torch\jit\_script.py:1491: FutureWarning: `torch.jit.script` is deprecated. Please switch to `torch.compile` or `torch.export`.
  warnings.warn(
C:\Users\maria\Desktop\dissertation-bopo_introduction\.venv\Lib\site-packages\torch\jit\_script.py:1491: FutureWarning: `torch.jit.script` is deprecated. Please switch to `torch.compile` or `torch.export`.
  warnings.warn(
C:\Users\maria\Desktop\dissertation-bopo_introduction\.venv\Lib\site-packages\torch\jit\_script.py:1491: FutureWarning: `torch.jit.script` is deprecated. Please switch to `torch.compile` or `torch.export`.
  warnings.warn(
C:\Users\maria\Desktop\dissertation-bopo_introduction\.venv\Lib\site-packages\torch\jit\_script.py:1491: FutureWarning: `torch.jit.script` is deprecated. Please switch to `torch.compile` or `torch.export`.
  warnings.warn(
blk023.fjs 1724.0 3.3696610927581787
C:\Users\maria\Desktop\dissertation-bopo_introduction\.venv\Lib\site-packages\torch\jit\_script.py:1491: FutureWarning: `torch.jit.script` is deprecated. Please switch to `torch.compile` or `torch.export`.
  warnings.warn(
C:\Users\maria\Desktop\dissertation-bopo_introduction\.venv\Lib\site-packages\torch\jit\_script.py:1491: FutureWarning: `torch.jit.script` is deprecated. Please switch to `torch.compile` or `torch.export`.
  warnings.warn(
C:\Users\maria\Desktop\dissertation-bopo_introduction\.venv\Lib\site-packages\torch\jit\_script.py:1491: FutureWarning: `torch.jit.script` is deprecated. Please switch to `torch.compile` or `torch.export`.
  warnings.warn(
C:\Users\maria\Desktop\dissertation-bopo_introduction\.venv\Lib\site-packages\torch\jit\_script.py:1491: FutureWarning: `torch.jit.script` is deprecated. Please switch to `torch.compile` or `torch.export`.
  warnings.warn(
blk024.fjs 1862.0 3.700373888015747
C:\Users\maria\Desktop\dissertation-bopo_introduction\.venv\Lib\site-packages\torch\jit\_script.py:1491: FutureWarning: `torch.jit.script` is deprecated. Please switch to `torch.compile` or `torch.export`.
  warnings.warn(
C:\Users\maria\Desktop\dissertation-bopo_introduction\.venv\Lib\site-packages\torch\jit\_script.py:1491: FutureWarning: `torch.jit.script` is deprecated. Please switch to `torch.compile` or `torch.export`.
  warnings.warn(
C:\Users\maria\Desktop\dissertation-bopo_introduction\.venv\Lib\site-packages\torch\jit\_script.py:1491: FutureWarning: `torch.jit.script` is deprecated. Please switch to `torch.compile` or `torch.export`.
  warnings.warn(
C:\Users\maria\Desktop\dissertation-bopo_introduction\.venv\Lib\site-packages\torch\jit\_script.py:1491: FutureWarning: `torch.jit.script` is deprecated. Please switch to `torch.compile` or `torch.export`.
  warnings.warn(
blk025.fjs 2054.0 3.6240551471710205
C:\Users\maria\Desktop\dissertation-bopo_introduction\.venv\Lib\site-packages\torch\jit\_script.py:1491: FutureWarning: `torch.jit.script` is deprecated. Please switch to `torch.compile` or `torch.export`.
  warnings.warn(
C:\Users\maria\Desktop\dissertation-bopo_introduction\.venv\Lib\site-packages\torch\jit\_script.py:1491: FutureWarning: `torch.jit.script` is deprecated. Please switch to `torch.compile` or `torch.export`.
  warnings.warn(
C:\Users\maria\Desktop\dissertation-bopo_introduction\.venv\Lib\site-packages\torch\jit\_script.py:1491: FutureWarning: `torch.jit.script` is deprecated. Please switch to `torch.compile` or `torch.export`.
  warnings.warn(
C:\Users\maria\Desktop\dissertation-bopo_introduction\.venv\Lib\site-packages\torch\jit\_script.py:1491: FutureWarning: `torch.jit.script` is deprecated. Please switch to `torch.compile` or `torch.export`.
  warnings.warn(
blk026.fjs 1578.0 3.7551279067993164
C:\Users\maria\Desktop\dissertation-bopo_introduction\.venv\Lib\site-packages\torch\jit\_script.py:1491: FutureWarning: `torch.jit.script` is deprecated. Please switch to `torch.compile` or `torch.export`.
  warnings.warn(
C:\Users\maria\Desktop\dissertation-bopo_introduction\.venv\Lib\site-packages\torch\jit\_script.py:1491: FutureWarning: `torch.jit.script` is deprecated. Please switch to `torch.compile` or `torch.export`.
  warnings.warn(
C:\Users\maria\Desktop\dissertation-bopo_introduction\.venv\Lib\site-packages\torch\jit\_script.py:1491: FutureWarning: `torch.jit.script` is deprecated. Please switch to `torch.compile` or `torch.export`.
  warnings.warn(
C:\Users\maria\Desktop\dissertation-bopo_introduction\.venv\Lib\site-packages\torch\jit\_script.py:1491: FutureWarning: `torch.jit.script` is deprecated. Please switch to `torch.compile` or `torch.export`.
  warnings.warn(
blk027.fjs 1132.0 3.116894245147705
C:\Users\maria\Desktop\dissertation-bopo_introduction\.venv\Lib\site-packages\torch\jit\_script.py:1491: FutureWarning: `torch.jit.script` is deprecated. Please switch to `torch.compile` or `torch.export`.
  warnings.warn(
C:\Users\maria\Desktop\dissertation-bopo_introduction\.venv\Lib\site-packages\torch\jit\_script.py:1491: FutureWarning: `torch.jit.script` is deprecated. Please switch to `torch.compile` or `torch.export`.
  warnings.warn(
C:\Users\maria\Desktop\dissertation-bopo_introduction\.venv\Lib\site-packages\torch\jit\_script.py:1491: FutureWarning: `torch.jit.script` is deprecated. Please switch to `torch.compile` or `torch.export`.
  warnings.warn(
C:\Users\maria\Desktop\dissertation-bopo_introduction\.venv\Lib\site-packages\torch\jit\_script.py:1491: FutureWarning: `torch.jit.script` is deprecated. Please switch to `torch.compile` or `torch.export`.
  warnings.warn(
blk028.fjs 1520.0 2.8116941452026367
C:\Users\maria\Desktop\dissertation-bopo_introduction\.venv\Lib\site-packages\torch\jit\_script.py:1491: FutureWarning: `torch.jit.script` is deprecated. Please switch to `torch.compile` or `torch.export`.
  warnings.warn(
C:\Users\maria\Desktop\dissertation-bopo_introduction\.venv\Lib\site-packages\torch\jit\_script.py:1491: FutureWarning: `torch.jit.script` is deprecated. Please switch to `torch.compile` or `torch.export`.
  warnings.warn(
C:\Users\maria\Desktop\dissertation-bopo_introduction\.venv\Lib\site-packages\torch\jit\_script.py:1491: FutureWarning: `torch.jit.script` is deprecated. Please switch to `torch.compile` or `torch.export`.
  warnings.warn(
C:\Users\maria\Desktop\dissertation-bopo_introduction\.venv\Lib\site-packages\torch\jit\_script.py:1491: FutureWarning: `torch.jit.script` is deprecated. Please switch to `torch.compile` or `torch.export`.
  warnings.warn(
blk029.fjs 1960.0 3.096891403198242
C:\Users\maria\Desktop\dissertation-bopo_introduction\.venv\Lib\site-packages\torch\jit\_script.py:1491: FutureWarning: `torch.jit.script` is deprecated. Please switch to `torch.compile` or `torch.export`.
  warnings.warn(
C:\Users\maria\Desktop\dissertation-bopo_introduction\.venv\Lib\site-packages\torch\jit\_script.py:1491: FutureWarning: `torch.jit.script` is deprecated. Please switch to `torch.compile` or `torch.export`.
  warnings.warn(
C:\Users\maria\Desktop\dissertation-bopo_introduction\.venv\Lib\site-packages\torch\jit\_script.py:1491: FutureWarning: `torch.jit.script` is deprecated. Please switch to `torch.compile` or `torch.export`.
  warnings.warn(
C:\Users\maria\Desktop\dissertation-bopo_introduction\.venv\Lib\site-packages\torch\jit\_script.py:1491: FutureWarning: `torch.jit.script` is deprecated. Please switch to `torch.compile` or `torch.export`.
  warnings.warn(
blk030.fjs 2083.0 3.5470926761627197
C:\Users\maria\Desktop\dissertation-bopo_introduction\.venv\Lib\site-packages\torch\jit\_script.py:1491: FutureWarning: `torch.jit.script` is deprecated. Please switch to `torch.compile` or `torch.export`.
  warnings.warn(
C:\Users\maria\Desktop\dissertation-bopo_introduction\.venv\Lib\site-packages\torch\jit\_script.py:1491: FutureWarning: `torch.jit.script` is deprecated. Please switch to `torch.compile` or `torch.export`.
  warnings.warn(
C:\Users\maria\Desktop\dissertation-bopo_introduction\.venv\Lib\site-packages\torch\jit\_script.py:1491: FutureWarning: `torch.jit.script` is deprecated. Please switch to `torch.compile` or `torch.export`.
  warnings.warn(
C:\Users\maria\Desktop\dissertation-bopo_introduction\.venv\Lib\site-packages\torch\jit\_script.py:1491: FutureWarning: `torch.jit.script` is deprecated. Please switch to `torch.compile` or `torch.export`.
  warnings.warn(
blk031.fjs 1958.0 2.694751262664795
C:\Users\maria\Desktop\dissertation-bopo_introduction\.venv\Lib\site-packages\torch\jit\_script.py:1491: FutureWarning: `torch.jit.script` is deprecated. Please switch to `torch.compile` or `torch.export`.
  warnings.warn(
C:\Users\maria\Desktop\dissertation-bopo_introduction\.venv\Lib\site-packages\torch\jit\_script.py:1491: FutureWarning: `torch.jit.script` is deprecated. Please switch to `torch.compile` or `torch.export`.
  warnings.warn(
C:\Users\maria\Desktop\dissertation-bopo_introduction\.venv\Lib\site-packages\torch\jit\_script.py:1491: FutureWarning: `torch.jit.script` is deprecated. Please switch to `torch.compile` or `torch.export`.
  warnings.warn(
C:\Users\maria\Desktop\dissertation-bopo_introduction\.venv\Lib\site-packages\torch\jit\_script.py:1491: FutureWarning: `torch.jit.script` is deprecated. Please switch to `torch.compile` or `torch.export`.
  warnings.warn(
blk032.fjs 2448.0 4.0858917236328125
C:\Users\maria\Desktop\dissertation-bopo_introduction\.venv\Lib\site-packages\torch\jit\_script.py:1491: FutureWarning: `torch.jit.script` is deprecated. Please switch to `torch.compile` or `torch.export`.
  warnings.warn(
C:\Users\maria\Desktop\dissertation-bopo_introduction\.venv\Lib\site-packages\torch\jit\_script.py:1491: FutureWarning: `torch.jit.script` is deprecated. Please switch to `torch.compile` or `torch.export`.
  warnings.warn(
C:\Users\maria\Desktop\dissertation-bopo_introduction\.venv\Lib\site-packages\torch\jit\_script.py:1491: FutureWarning: `torch.jit.script` is deprecated. Please switch to `torch.compile` or `torch.export`.
  warnings.warn(
C:\Users\maria\Desktop\dissertation-bopo_introduction\.venv\Lib\site-packages\torch\jit\_script.py:1491: FutureWarning: `torch.jit.script` is deprecated. Please switch to `torch.compile` or `torch.export`.
  warnings.warn(
blk033.fjs 1150.0 3.468188762664795
C:\Users\maria\Desktop\dissertation-bopo_introduction\.venv\Lib\site-packages\torch\jit\_script.py:1491: FutureWarning: `torch.jit.script` is deprecated. Please switch to `torch.compile` or `torch.export`.
  warnings.warn(
C:\Users\maria\Desktop\dissertation-bopo_introduction\.venv\Lib\site-packages\torch\jit\_script.py:1491: FutureWarning: `torch.jit.script` is deprecated. Please switch to `torch.compile` or `torch.export`.
  warnings.warn(
C:\Users\maria\Desktop\dissertation-bopo_introduction\.venv\Lib\site-packages\torch\jit\_script.py:1491: FutureWarning: `torch.jit.script` is deprecated. Please switch to `torch.compile` or `torch.export`.
  warnings.warn(
C:\Users\maria\Desktop\dissertation-bopo_introduction\.venv\Lib\site-packages\torch\jit\_script.py:1491: FutureWarning: `torch.jit.script` is deprecated. Please switch to `torch.compile` or `torch.export`.
  warnings.warn(
blk034.fjs 2032.0 3.3519155979156494
C:\Users\maria\Desktop\dissertation-bopo_introduction\.venv\Lib\site-packages\torch\jit\_script.py:1491: FutureWarning: `torch.jit.script` is deprecated. Please switch to `torch.compile` or `torch.export`.
  warnings.warn(
C:\Users\maria\Desktop\dissertation-bopo_introduction\.venv\Lib\site-packages\torch\jit\_script.py:1491: FutureWarning: `torch.jit.script` is deprecated. Please switch to `torch.compile` or `torch.export`.
  warnings.warn(
C:\Users\maria\Desktop\dissertation-bopo_introduction\.venv\Lib\site-packages\torch\jit\_script.py:1491: FutureWarning: `torch.jit.script` is deprecated. Please switch to `torch.compile` or `torch.export`.
  warnings.warn(
C:\Users\maria\Desktop\dissertation-bopo_introduction\.venv\Lib\site-packages\torch\jit\_script.py:1491: FutureWarning: `torch.jit.script` is deprecated. Please switch to `torch.compile` or `torch.export`.
  warnings.warn(
blk035.fjs 2268.0 3.4568755626678467
C:\Users\maria\Desktop\dissertation-bopo_introduction\.venv\Lib\site-packages\torch\jit\_script.py:1491: FutureWarning: `torch.jit.script` is deprecated. Please switch to `torch.compile` or `torch.export`.
  warnings.warn(
C:\Users\maria\Desktop\dissertation-bopo_introduction\.venv\Lib\site-packages\torch\jit\_script.py:1491: FutureWarning: `torch.jit.script` is deprecated. Please switch to `torch.compile` or `torch.export`.
  warnings.warn(
C:\Users\maria\Desktop\dissertation-bopo_introduction\.venv\Lib\site-packages\torch\jit\_script.py:1491: FutureWarning: `torch.jit.script` is deprecated. Please switch to `torch.compile` or `torch.export`.
  warnings.warn(
C:\Users\maria\Desktop\dissertation-bopo_introduction\.venv\Lib\site-packages\torch\jit\_script.py:1491: FutureWarning: `torch.jit.script` is deprecated. Please switch to `torch.compile` or `torch.export`.
  warnings.warn(
blk036.fjs 1962.0 3.024369239807129
C:\Users\maria\Desktop\dissertation-bopo_introduction\.venv\Lib\site-packages\torch\jit\_script.py:1491: FutureWarning: `torch.jit.script` is deprecated. Please switch to `torch.compile` or `torch.export`.
  warnings.warn(
C:\Users\maria\Desktop\dissertation-bopo_introduction\.venv\Lib\site-packages\torch\jit\_script.py:1491: FutureWarning: `torch.jit.script` is deprecated. Please switch to `torch.compile` or `torch.export`.
  warnings.warn(
C:\Users\maria\Desktop\dissertation-bopo_introduction\.venv\Lib\site-packages\torch\jit\_script.py:1491: FutureWarning: `torch.jit.script` is deprecated. Please switch to `torch.compile` or `torch.export`.
  warnings.warn(
C:\Users\maria\Desktop\dissertation-bopo_introduction\.venv\Lib\site-packages\torch\jit\_script.py:1491: FutureWarning: `torch.jit.script` is deprecated. Please switch to `torch.compile` or `torch.export`.
  warnings.warn(
blk037.fjs 1136.0 2.836627244949341
C:\Users\maria\Desktop\dissertation-bopo_introduction\.venv\Lib\site-packages\torch\jit\_script.py:1491: FutureWarning: `torch.jit.script` is deprecated. Please switch to `torch.compile` or `torch.export`.
  warnings.warn(
C:\Users\maria\Desktop\dissertation-bopo_introduction\.venv\Lib\site-packages\torch\jit\_script.py:1491: FutureWarning: `torch.jit.script` is deprecated. Please switch to `torch.compile` or `torch.export`.
  warnings.warn(
C:\Users\maria\Desktop\dissertation-bopo_introduction\.venv\Lib\site-packages\torch\jit\_script.py:1491: FutureWarning: `torch.jit.script` is deprecated. Please switch to `torch.compile` or `torch.export`.
  warnings.warn(
C:\Users\maria\Desktop\dissertation-bopo_introduction\.venv\Lib\site-packages\torch\jit\_script.py:1491: FutureWarning: `torch.jit.script` is deprecated. Please switch to `torch.compile` or `torch.export`.
  warnings.warn(
blk038.fjs 2423.0 3.2571771144866943
C:\Users\maria\Desktop\dissertation-bopo_introduction\.venv\Lib\site-packages\torch\jit\_script.py:1491: FutureWarning: `torch.jit.script` is deprecated. Please switch to `torch.compile` or `torch.export`.
  warnings.warn(
C:\Users\maria\Desktop\dissertation-bopo_introduction\.venv\Lib\site-packages\torch\jit\_script.py:1491: FutureWarning: `torch.jit.script` is deprecated. Please switch to `torch.compile` or `torch.export`.
  warnings.warn(
C:\Users\maria\Desktop\dissertation-bopo_introduction\.venv\Lib\site-packages\torch\jit\_script.py:1491: FutureWarning: `torch.jit.script` is deprecated. Please switch to `torch.compile` or `torch.export`.
  warnings.warn(
C:\Users\maria\Desktop\dissertation-bopo_introduction\.venv\Lib\site-packages\torch\jit\_script.py:1491: FutureWarning: `torch.jit.script` is deprecated. Please switch to `torch.compile` or `torch.export`.
  warnings.warn(
blk039.fjs 1740.0 4.045632839202881
C:\Users\maria\Desktop\dissertation-bopo_introduction\.venv\Lib\site-packages\torch\jit\_script.py:1491: FutureWarning: `torch.jit.script` is deprecated. Please switch to `torch.compile` or `torch.export`.
  warnings.warn(
C:\Users\maria\Desktop\dissertation-bopo_introduction\.venv\Lib\site-packages\torch\jit\_script.py:1491: FutureWarning: `torch.jit.script` is deprecated. Please switch to `torch.compile` or `torch.export`.
  warnings.warn(
C:\Users\maria\Desktop\dissertation-bopo_introduction\.venv\Lib\site-packages\torch\jit\_script.py:1491: FutureWarning: `torch.jit.script` is deprecated. Please switch to `torch.compile` or `torch.export`.
  warnings.warn(
C:\Users\maria\Desktop\dissertation-bopo_introduction\.venv\Lib\site-packages\torch\jit\_script.py:1491: FutureWarning: `torch.jit.script` is deprecated. Please switch to `torch.compile` or `torch.export`.
  warnings.warn(
blk040.fjs 1253.0 2.7414402961730957
[OK] Saved: results/blocking\test_blk400_gin_L2_edges\results_blocking_test_instances.json
[DONE] Total elapsed time: 320.65s
[MAIN] Run finished at 2026-10-08 18:54:52
============================================================
=== TEST exit code 0 | queue finished 2026-10-08 18:54:54 ===
