=== [B] TRAIN blk400_gin_L1_selk1_mask1_edges_sum_incgreedy_ojmf_s42 | 2026-10-07 09:44:57 ===
C:\Users\maria\Desktop\dissertation-bopo_introduction\.venv\Lib\site-packages\torch\jit\_script.py:1491: FutureWarning: `torch.jit.script` is deprecated. Please switch to `torch.compile` or `torch.export`.
  warnings.warn(
============================================================
[MAIN] Run started at 2026-10-07 09:45:12
[MAIN] mode=train
[MAIN] run_name=blk400_gin_L1_selk1_mask1_edges_sum_incgreedy_ojmf
[MAIN] representation(s)=['ojmf']
[MAIN] gnn_type=gin
[MAIN] overrides={'mask_option': 1, 'sel_k': 1, 'num_layers': 1, 'logp_norm': 'sum', 'exclude_greedy_from_loss': False, 'jm_design': 'edges'}
============================================================
[MAIN] Training representation=ojmf | seed=42 | run_name=blk400_gin_L1_selk1_mask1_edges_sum_incgreedy_ojmf_s42 | gnn_type=gin | overrides={'mask_option': 1, 'sel_k': 1, 'num_layers': 1, 'logp_norm': 'sum', 'exclude_greedy_from_loss': False, 'jm_design': 'edges'}
============================================================
[TRAIN] Training started at: 2026-10-07 09:45:13
[TRAIN] Hyperparams | max_steps=400 | new_freq=500
[TRAIN]             | n_cases=100 | B=64 | K=16 | use_greedy=True | lr=0.0005 (decaying to 1.00e-04)
[TRAIN]             | warm_start_steps=200 | checkpoint_smooth_window=3 | seed=42
[TRAIN]             | hidden_channels=128 | num_layers=1 | heads=3
[TRAIN]             | logp_norm=sum | exclude_greedy_from_loss=False
[TRAIN] Representation | ojmf | GNN | gin | jm_design | edges
[TRAIN] Problem size | jobs=[8,10] | machines=[5,10] | ops_per_job=[5,6] | max_proc=100
============================================================
[TRAIN] Output run folder: results\blocking\blk400_gin_L1_selk1_mask1_edges_sum_incgreedy_ojmf_s42
[TRAIN] Validation config | every=20 steps | instances=20 (representative subset)
[TRAIN] Blocking setting | buffers in=2 out=1 | instances={'range_jobs': (12, 15), 'range_machines': (4, 6), 'range_op_per_job': (5, 6), 'max_processing': 100, 'mas_per_ope_max': 3, 'n_bottlenecks': 1, 'bottleneck_prob': 0.7, 'bottleneck_factor': 2.0}
[TRAIN] Warm-start (behavior cloning vs. dispatch heuristic) | 200 step(s)...
[TRAIN][WARMSTART] step 10/200 | instance=74 | bc_loss=1.1365 | decisions=26
[TRAIN][WARMSTART] step 20/200 | instance=80 | bc_loss=0.5975 | decisions=34
[TRAIN][WARMSTART] step 30/200 | instance=76 | bc_loss=0.5697 | decisions=34
[TRAIN][WARMSTART] step 40/200 | instance=83 | bc_loss=0.8085 | decisions=41
[TRAIN][WARMSTART] step 50/200 | instance=68 | bc_loss=0.7311 | decisions=31
[TRAIN][WARMSTART] step 60/200 | instance=41 | bc_loss=0.8712 | decisions=36
[TRAIN][WARMSTART] step 70/200 | instance=15 | bc_loss=0.6202 | decisions=33
[TRAIN][WARMSTART] step 80/200 | instance=72 | bc_loss=0.6706 | decisions=38
[TRAIN][WARMSTART] step 90/200 | instance=27 | bc_loss=0.3573 | decisions=35
[TRAIN][WARMSTART] step 100/200 | instance=53 | bc_loss=0.3681 | decisions=26
[TRAIN][WARMSTART] step 110/200 | instance=28 | bc_loss=0.3672 | decisions=36
[TRAIN][WARMSTART] step 120/200 | instance=9 | bc_loss=0.3852 | decisions=35
[TRAIN][WARMSTART] step 130/200 | instance=21 | bc_loss=0.4656 | decisions=49
[TRAIN][WARMSTART] step 140/200 | instance=13 | bc_loss=0.3425 | decisions=36
[TRAIN][WARMSTART] step 150/200 | instance=56 | bc_loss=0.4943 | decisions=32
[TRAIN][WARMSTART] step 160/200 | instance=72 | bc_loss=0.6173 | decisions=38
[TRAIN][WARMSTART] step 170/200 | instance=43 | bc_loss=0.4049 | decisions=29
[TRAIN][WARMSTART] step 180/200 | instance=62 | bc_loss=0.4094 | decisions=36
[TRAIN][WARMSTART] step 190/200 | instance=40 | bc_loss=0.2714 | decisions=31
[TRAIN][WARMSTART] step 200/200 | instance=19 | bc_loss=0.4196 | decisions=31
[TRAIN] Warm-start complete, switching to BOPO preference optimization.
------------------------------------------------------------
[TRAIN] BOPO agent ready. Starting training loop for 400 step(s)...
------------------------------------------------------------
[TRAIN] Step 1/400 | 09:50:43
[TRAIN] Step 1 | Loss=0.201466 | Best makespan in group=1446.00
[TRAIN] Step 2/400 | 09:51:43
[TRAIN] Step 2 | Loss=0.367471 | Best makespan in group=1779.00
[TRAIN] Step 3/400 | 09:52:39
[TRAIN] Step 3 | Loss=0.058258 | Best makespan in group=2530.00
[TRAIN] Step 4/400 | 09:53:33
[TRAIN] Step 4 | Loss=0.788604 | Best makespan in group=1460.00
[TRAIN] Step 5/400 | 09:54:44
[TRAIN] Step 5 | Loss=3.384582 | Best makespan in group=2202.00
[TRAIN] Step 6/400 | 09:55:42
[TRAIN] Step 6 | Loss=1.844107 | Best makespan in group=3180.00
[TRAIN] Step 7/400 | 09:57:05
[TRAIN] Step 7 | Loss=0.334924 | Best makespan in group=1080.00
[TRAIN] Step 8/400 | 09:58:06
[TRAIN] Step 8 | Loss=6.055341 | Best makespan in group=2450.00
[TRAIN] Step 9/400 | 09:59:07
[TRAIN] Step 9 | Loss=0.041281 | Best makespan in group=2189.00
[TRAIN] Step 10/400 | 10:00:22
[TRAIN] Step 10 | Loss=2.978626 | Best makespan in group=2264.00
[TRAIN] Step 11/400 | 10:01:35
[TRAIN] Step 11 | Loss=0.561784 | Best makespan in group=1656.00
[TRAIN] Step 12/400 | 10:02:35
[TRAIN] Step 12 | Loss=0.967618 | Best makespan in group=1440.00
[TRAIN] Step 13/400 | 10:03:28
[TRAIN] Step 13 | Loss=9.546876 | Best makespan in group=1756.00
[TRAIN] Step 14/400 | 10:04:19
[TRAIN] Step 14 | Loss=0.554764 | Best makespan in group=1888.00
[TRAIN] Step 15/400 | 10:05:33
[TRAIN] Step 15 | Loss=3.602618 | Best makespan in group=2278.00
[TRAIN] Step 16/400 | 10:06:39
[TRAIN] Step 16 | Loss=6.960589 | Best makespan in group=1896.00
[TRAIN] Step 17/400 | 10:07:35
[TRAIN] Step 17 | Loss=5.348788 | Best makespan in group=1968.00
[TRAIN] Step 18/400 | 10:08:42
[TRAIN] Step 18 | Loss=1.565509 | Best makespan in group=2014.00
[TRAIN] Step 19/400 | 10:09:40
[TRAIN] Step 19 | Loss=1.364627 | Best makespan in group=1798.00
[TRAIN] Step 20/400 | 10:10:26
[TRAIN] Step 20 | Loss=2.806190 | Best makespan in group=2170.00
[TRAIN][VAL][ep 20] avg_gap=0.1241 | std_gap=0.1178 | q80_gap=0.2232 | n=20
[TRAIN][VAL][ep 20] blocked_events=463 | swaps=31 in 12 instance(s)
[TRAIN] Validation improved | smoothed_avg_gap=0.1241 (raw=0.1241) | saving candidate: 229262939968576.pth
[TRAIN] Step 21/400 | 10:11:49
[TRAIN] Step 21 | Loss=3.351384 | Best makespan in group=1124.00
[TRAIN] Step 22/400 | 10:12:39
[TRAIN] Step 22 | Loss=6.457240 | Best makespan in group=2449.00
[TRAIN] Step 23/400 | 10:13:48
[TRAIN] Step 23 | Loss=8.402048 | Best makespan in group=1582.00
[TRAIN] Step 24/400 | 10:14:36
[TRAIN] Step 24 | Loss=0.432139 | Best makespan in group=2048.00
[TRAIN] Step 25/400 | 10:15:43
[TRAIN] Step 25 | Loss=11.518337 | Best makespan in group=1694.00
[TRAIN] Step 26/400 | 10:16:44
[TRAIN] Step 26 | Loss=0.049474 | Best makespan in group=1191.00
[TRAIN] Step 27/400 | 10:17:42
[TRAIN] Step 27 | Loss=1.150376 | Best makespan in group=2008.00
[TRAIN] Step 28/400 | 10:18:43
[TRAIN] Step 28 | Loss=0.103062 | Best makespan in group=1776.00
[TRAIN] Step 29/400 | 10:19:58
[TRAIN] Step 29 | Loss=0.500383 | Best makespan in group=1814.00
[TRAIN] Step 30/400 | 10:20:52
[TRAIN] Step 30 | Loss=0.058773 | Best makespan in group=1966.00
[TRAIN] Step 31/400 | 10:22:02
[TRAIN] Step 31 | Loss=1.290020 | Best makespan in group=2394.00
[TRAIN] Step 32/400 | 10:23:02
[TRAIN] Step 32 | Loss=6.921823 | Best makespan in group=1252.00
[TRAIN] Step 33/400 | 10:23:58
[TRAIN] Step 33 | Loss=0.852487 | Best makespan in group=1882.00
[TRAIN] Step 34/400 | 10:24:47
[TRAIN] Step 34 | Loss=0.020983 | Best makespan in group=1160.00
[TRAIN] Step 35/400 | 10:25:35
[TRAIN] Step 35 | Loss=9.190248 | Best makespan in group=2301.00
[TRAIN] Step 36/400 | 10:26:45
[TRAIN] Step 36 | Loss=0.421470 | Best makespan in group=1150.00
[TRAIN] Step 37/400 | 10:27:59
[TRAIN] Step 37 | Loss=0.013266 | Best makespan in group=1915.00
[TRAIN] Step 38/400 | 10:29:03
[TRAIN] Step 38 | Loss=1.680899 | Best makespan in group=2006.00
[TRAIN] Step 39/400 | 10:30:02
[TRAIN] Step 39 | Loss=12.749572 | Best makespan in group=2472.00
[TRAIN] Step 40/400 | 10:31:07
[TRAIN] Step 40 | Loss=0.945407 | Best makespan in group=2376.00
[TRAIN][VAL][ep 40] avg_gap=0.1359 | std_gap=0.1317 | q80_gap=0.2684 | n=20
[TRAIN][VAL][ep 40] blocked_events=559 | swaps=39 in 14 instance(s)
[TRAIN] Step 41/400 | 10:32:42
[TRAIN] Step 41 | Loss=1.346670 | Best makespan in group=2394.00
[TRAIN] Step 42/400 | 10:33:34
[TRAIN] Step 42 | Loss=0.041054 | Best makespan in group=1900.00
[TRAIN] Step 43/400 | 10:34:33
[TRAIN] Step 43 | Loss=2.106603 | Best makespan in group=1116.00
[TRAIN] Step 44/400 | 10:35:27
[TRAIN] Step 44 | Loss=0.010187 | Best makespan in group=1670.00
[TRAIN] Step 45/400 | 10:36:11
[TRAIN] Step 45 | Loss=1.596893 | Best makespan in group=1892.00
[TRAIN] Step 46/400 | 10:37:05
[TRAIN] Step 46 | Loss=0.000127 | Best makespan in group=1758.00
[TRAIN] Step 47/400 | 10:37:52
[TRAIN] Step 47 | Loss=1.705812 | Best makespan in group=2178.00
[TRAIN] Step 48/400 | 10:39:11
[TRAIN] Step 48 | Loss=3.465603 | Best makespan in group=2010.00
[TRAIN] Step 49/400 | 10:40:02
[TRAIN] Step 49 | Loss=0.966406 | Best makespan in group=1627.00
[TRAIN] Step 50/400 | 10:40:59
[TRAIN] Step 50 | Loss=0.647605 | Best makespan in group=2092.00
[TRAIN] Step 51/400 | 10:42:00
[TRAIN] Step 51 | Loss=1.297186 | Best makespan in group=2276.00
[TRAIN] Step 52/400 | 10:43:05
[TRAIN] Step 52 | Loss=0.972796 | Best makespan in group=1512.00
[TRAIN] Step 53/400 | 10:44:05
[TRAIN] Step 53 | Loss=5.804378 | Best makespan in group=1781.00
[TRAIN] Step 54/400 | 10:45:20
[TRAIN] Step 54 | Loss=3.989797 | Best makespan in group=2269.00
[TRAIN] Step 55/400 | 10:46:38
[TRAIN] Step 55 | Loss=0.825556 | Best makespan in group=2102.00
[TRAIN] Step 56/400 | 10:47:40
[TRAIN] Step 56 | Loss=3.393832 | Best makespan in group=2092.00
[TRAIN] Step 57/400 | 10:48:42
[TRAIN] Step 57 | Loss=0.302251 | Best makespan in group=1792.00
[TRAIN] Step 58/400 | 10:49:33
[TRAIN] Step 58 | Loss=0.998395 | Best makespan in group=2690.00
[TRAIN] Step 59/400 | 10:50:31
[TRAIN] Step 59 | Loss=0.000272 | Best makespan in group=1926.00
[TRAIN] Step 60/400 | 10:51:39
[TRAIN] Step 60 | Loss=0.000483 | Best makespan in group=1786.00
[TRAIN][VAL][ep 60] avg_gap=0.1149 | std_gap=0.1117 | q80_gap=0.1978 | n=20
[TRAIN][VAL][ep 60] blocked_events=575 | swaps=37 in 14 instance(s)
[TRAIN] Step 61/400 | 10:53:13
[TRAIN] Step 61 | Loss=0.009338 | Best makespan in group=1452.00
[TRAIN] Step 62/400 | 10:54:10
[TRAIN] Step 62 | Loss=2.477029 | Best makespan in group=1622.00
[TRAIN] Step 63/400 | 10:55:18
[TRAIN] Step 63 | Loss=4.438913 | Best makespan in group=1536.00
[TRAIN] Step 64/400 | 10:56:28
[TRAIN] Step 64 | Loss=0.152027 | Best makespan in group=1993.00
[TRAIN] Step 65/400 | 10:57:27
[TRAIN] Step 65 | Loss=0.015658 | Best makespan in group=1364.00
[TRAIN] Step 66/400 | 10:58:18
[TRAIN] Step 66 | Loss=12.477551 | Best makespan in group=2456.00
[TRAIN] Step 67/400 | 10:59:32
[TRAIN] Step 67 | Loss=5.595528 | Best makespan in group=1560.00
[TRAIN] Step 68/400 | 11:00:33
[TRAIN] Step 68 | Loss=1.854604 | Best makespan in group=1754.00
[TRAIN] Step 69/400 | 11:01:28
[TRAIN] Step 69 | Loss=0.639749 | Best makespan in group=2512.00
[TRAIN] Step 70/400 | 11:02:28
[TRAIN] Step 70 | Loss=3.742688 | Best makespan in group=1824.00
[TRAIN] Step 71/400 | 11:03:29
[TRAIN] Step 71 | Loss=0.019659 | Best makespan in group=1830.00
[TRAIN] Step 72/400 | 11:04:22
[TRAIN] Step 72 | Loss=0.000698 | Best makespan in group=2180.00
[TRAIN] Step 73/400 | 11:05:27
[TRAIN] Step 73 | Loss=1.528908 | Best makespan in group=1776.00
[TRAIN] Step 74/400 | 11:06:15
[TRAIN] Step 74 | Loss=0.016273 | Best makespan in group=2278.00
[TRAIN] Step 75/400 | 11:07:13
[TRAIN] Step 75 | Loss=1.712179 | Best makespan in group=1886.00
[TRAIN] Step 76/400 | 11:08:24
[TRAIN] Step 76 | Loss=0.793575 | Best makespan in group=1142.00
[TRAIN] Step 77/400 | 11:09:16
[TRAIN] Step 77 | Loss=0.001375 | Best makespan in group=2678.00
[TRAIN] Step 78/400 | 11:10:17
[TRAIN] Step 78 | Loss=4.092853 | Best makespan in group=2562.00
[TRAIN] Step 79/400 | 11:11:17
[TRAIN] Step 79 | Loss=0.283762 | Best makespan in group=1786.00
[TRAIN] Step 80/400 | 11:12:27
[TRAIN] Step 80 | Loss=0.662522 | Best makespan in group=1754.00
[TRAIN][VAL][ep 80] avg_gap=0.1138 | std_gap=0.1464 | q80_gap=0.1653 | n=20
[TRAIN][VAL][ep 80] blocked_events=561 | swaps=34 in 15 instance(s)
[TRAIN] Validation improved | smoothed_avg_gap=0.1215 (raw=0.1138) | saving candidate: 185548471409059.pth
[TRAIN] Step 81/400 | 11:13:47
[TRAIN] Step 81 | Loss=2.651858 | Best makespan in group=2102.00
[TRAIN] Step 82/400 | 11:14:43
[TRAIN] Step 82 | Loss=1.681192 | Best makespan in group=1544.00
[TRAIN] Step 83/400 | 11:15:58
[TRAIN] Step 83 | Loss=11.230989 | Best makespan in group=3028.00
[TRAIN] Step 84/400 | 11:17:09
[TRAIN] Step 84 | Loss=1.871250 | Best makespan in group=1322.00
[TRAIN] Step 85/400 | 11:18:05
[TRAIN] Step 85 | Loss=0.037664 | Best makespan in group=2678.00
[TRAIN] Step 86/400 | 11:18:55
[TRAIN] Step 86 | Loss=0.399211 | Best makespan in group=1734.00
[TRAIN] Step 87/400 | 11:19:53
[TRAIN] Step 87 | Loss=1.991677 | Best makespan in group=2304.00
[TRAIN] Step 88/400 | 11:20:49
[TRAIN] Step 88 | Loss=0.118949 | Best makespan in group=1520.00
[TRAIN] Step 89/400 | 11:21:40
[TRAIN] Step 89 | Loss=2.371422 | Best makespan in group=1558.00
[TRAIN] Step 90/400 | 11:22:26
[TRAIN] Step 90 | Loss=5.136774 | Best makespan in group=1955.00
[TRAIN] Step 91/400 | 11:23:34
[TRAIN] Step 91 | Loss=2.055114 | Best makespan in group=2150.00
[TRAIN] Step 92/400 | 11:24:39
[TRAIN] Step 92 | Loss=0.532644 | Best makespan in group=1306.00
[TRAIN] Step 93/400 | 11:25:30
[TRAIN] Step 93 | Loss=1.558275 | Best makespan in group=1213.00
[TRAIN] Step 94/400 | 11:26:39
[TRAIN] Step 94 | Loss=0.255876 | Best makespan in group=1334.00
[TRAIN] Step 95/400 | 11:27:25
[TRAIN] Step 95 | Loss=4.465803 | Best makespan in group=1772.00
[TRAIN] Step 96/400 | 11:28:21
[TRAIN] Step 96 | Loss=0.427151 | Best makespan in group=1212.00
[TRAIN] Step 97/400 | 11:29:22
[TRAIN] Step 97 | Loss=4.489846 | Best makespan in group=2134.00
[TRAIN] Step 98/400 | 11:30:19
[TRAIN] Step 98 | Loss=3.809058 | Best makespan in group=732.00
[TRAIN] Step 99/400 | 11:31:06
[TRAIN] Step 99 | Loss=0.027630 | Best makespan in group=1520.00
[TRAIN] Step 100/400 | 11:31:59
[TRAIN] Step 100 | Loss=1.435065 | Best makespan in group=2034.00
[TRAIN][VAL][ep 100] avg_gap=0.0680 | std_gap=0.0718 | q80_gap=0.1198 | n=20
[TRAIN][VAL][ep 100] blocked_events=523 | swaps=26 in 13 instance(s)
[TRAIN] Validation improved | smoothed_avg_gap=0.0989 (raw=0.0680) | saving candidate: 404813612350.pth
[TRAIN] Step 101/400 | 11:33:19
[TRAIN] Step 101 | Loss=0.099280 | Best makespan in group=2048.00
[TRAIN] Step 102/400 | 11:34:27
[TRAIN] Step 102 | Loss=0.002644 | Best makespan in group=1044.00
[TRAIN] Step 103/400 | 11:35:27
[TRAIN] Step 103 | Loss=0.447856 | Best makespan in group=2678.00
[TRAIN] Step 104/400 | 11:36:21
[TRAIN] Step 104 | Loss=0.294114 | Best makespan in group=1362.00
[TRAIN] Step 105/400 | 11:37:17
[TRAIN] Step 105 | Loss=8.397320 | Best makespan in group=2690.00
[TRAIN] Step 106/400 | 11:38:17
[TRAIN] Step 106 | Loss=0.522754 | Best makespan in group=1814.00
[TRAIN] Step 107/400 | 11:39:14
[TRAIN] Step 107 | Loss=1.603468 | Best makespan in group=1582.00
[TRAIN] Step 108/400 | 11:40:02
[TRAIN] Step 108 | Loss=8.121049 | Best makespan in group=2476.00
[TRAIN] Step 109/400 | 11:41:00
[TRAIN] Step 109 | Loss=0.033693 | Best makespan in group=1776.00
[TRAIN] Step 110/400 | 11:42:14
[TRAIN] Step 110 | Loss=0.781548 | Best makespan in group=1966.00
[TRAIN] Step 111/400 | 11:43:23
[TRAIN] Step 111 | Loss=0.380006 | Best makespan in group=3028.00
[TRAIN] Step 112/400 | 11:44:36
[TRAIN] Step 112 | Loss=2.800649 | Best makespan in group=1580.00
[TRAIN] Step 113/400 | 11:45:33
[TRAIN] Step 113 | Loss=1.775969 | Best makespan in group=2010.00
[TRAIN] Step 114/400 | 11:46:25
[TRAIN] Step 114 | Loss=13.237664 | Best makespan in group=2077.00
[TRAIN] Step 115/400 | 11:47:34
[TRAIN] Step 115 | Loss=0.009649 | Best makespan in group=2394.00
[TRAIN] Step 116/400 | 11:48:29
[TRAIN] Step 116 | Loss=1.398329 | Best makespan in group=1544.00
[TRAIN] Step 117/400 | 11:49:42
[TRAIN] Step 117 | Loss=1.104084 | Best makespan in group=1240.00
[TRAIN] Step 118/400 | 11:50:38
[TRAIN] Step 118 | Loss=0.151029 | Best makespan in group=1656.00
[TRAIN] Step 119/400 | 11:51:38
[TRAIN] Step 119 | Loss=3.231192 | Best makespan in group=1862.00
[TRAIN] Step 120/400 | 11:52:50
[TRAIN] Step 120 | Loss=6.038277 | Best makespan in group=1776.00
[TRAIN][VAL][ep 120] avg_gap=0.1010 | std_gap=0.0864 | q80_gap=0.1794 | n=20
[TRAIN][VAL][ep 120] blocked_events=511 | swaps=32 in 10 instance(s)
[TRAIN] Validation improved | smoothed_avg_gap=0.0942 (raw=0.1010) | saving candidate: 866446068780704.pth
[TRAIN] Step 121/400 | 11:54:04
[TRAIN] Step 121 | Loss=0.844435 | Best makespan in group=2450.00
[TRAIN] Step 122/400 | 11:55:07
[TRAIN] Step 122 | Loss=1.649960 | Best makespan in group=1152.00
[TRAIN] Step 123/400 | 11:56:02
[TRAIN] Step 123 | Loss=1.824398 | Best makespan in group=2102.00
[TRAIN] Step 124/400 | 11:56:56
[TRAIN] Step 124 | Loss=2.652939 | Best makespan in group=1792.00
[TRAIN] Step 125/400 | 11:57:51
[TRAIN] Step 125 | Loss=3.744836 | Best makespan in group=1892.00
[TRAIN] Step 126/400 | 11:58:45
[TRAIN] Step 126 | Loss=0.491872 | Best makespan in group=1172.00
[TRAIN] Step 127/400 | 12:00:00
[TRAIN] Step 127 | Loss=2.230340 | Best makespan in group=2150.00
[TRAIN] Step 128/400 | 12:01:07
[TRAIN] Step 128 | Loss=4.794013 | Best makespan in group=1989.00
[TRAIN] Step 129/400 | 12:02:19
[TRAIN] Step 129 | Loss=0.000839 | Best makespan in group=1110.00
[TRAIN] Step 130/400 | 12:03:19
[TRAIN] Step 130 | Loss=0.311151 | Best makespan in group=2162.00
[TRAIN] Step 131/400 | 12:04:20
[TRAIN] Step 131 | Loss=11.252021 | Best makespan in group=1697.00
[TRAIN] Step 132/400 | 12:05:23
[TRAIN] Step 132 | Loss=0.803832 | Best makespan in group=1754.00
[TRAIN] Step 133/400 | 12:06:18
[TRAIN] Step 133 | Loss=0.732943 | Best makespan in group=1805.00
[TRAIN] Step 134/400 | 12:07:22
[TRAIN] Step 134 | Loss=2.217264 | Best makespan in group=1536.00
[TRAIN] Step 135/400 | 12:08:31
[TRAIN] Step 135 | Loss=1.832665 | Best makespan in group=2106.00
[TRAIN] Step 136/400 | 12:09:30
[TRAIN] Step 136 | Loss=4.675559 | Best makespan in group=2006.00
[TRAIN] Step 137/400 | 12:10:29
[TRAIN] Step 137 | Loss=0.295363 | Best makespan in group=1734.00
[TRAIN] Step 138/400 | 12:11:25
[TRAIN] Step 138 | Loss=0.165769 | Best makespan in group=1888.00
[TRAIN] Step 139/400 | 12:12:40
[TRAIN] Step 139 | Loss=1.315538 | Best makespan in group=1440.00
[TRAIN] Step 140/400 | 12:13:31
[TRAIN] Step 140 | Loss=0.014991 | Best makespan in group=1786.00
[TRAIN][VAL][ep 140] avg_gap=0.0987 | std_gap=0.1122 | q80_gap=0.1719 | n=20
[TRAIN][VAL][ep 140] blocked_events=497 | swaps=35 in 10 instance(s)
[TRAIN] Validation improved | smoothed_avg_gap=0.0892 (raw=0.0987) | saving candidate: 676547837130654.pth
[TRAIN] Step 141/400 | 12:15:00
[TRAIN] Step 141 | Loss=3.018246 | Best makespan in group=2180.00
[TRAIN] Step 142/400 | 12:16:02
[TRAIN] Step 142 | Loss=0.063301 | Best makespan in group=1758.00
[TRAIN] Step 143/400 | 12:16:52
[TRAIN] Step 143 | Loss=0.491110 | Best makespan in group=1160.00
[TRAIN] Step 144/400 | 12:17:42
[TRAIN] Step 144 | Loss=0.004743 | Best makespan in group=1520.00
[TRAIN] Step 145/400 | 12:18:35
[TRAIN] Step 145 | Loss=10.965978 | Best makespan in group=2390.00
[TRAIN] Step 146/400 | 12:19:27
[TRAIN] Step 146 | Loss=5.063843 | Best makespan in group=2044.00
[TRAIN] Step 147/400 | 12:20:34
[TRAIN] Step 147 | Loss=1.684605 | Best makespan in group=3164.00
[TRAIN] Step 148/400 | 12:21:52
[TRAIN] Step 148 | Loss=10.244034 | Best makespan in group=2244.00
[TRAIN] Step 149/400 | 12:23:02
[TRAIN] Step 149 | Loss=5.321305 | Best makespan in group=1120.00
[TRAIN] Step 150/400 | 12:23:53
[TRAIN] Step 150 | Loss=0.390804 | Best makespan in group=2134.00
[TRAIN] Step 151/400 | 12:24:52
[TRAIN] Step 151 | Loss=6.508066 | Best makespan in group=2092.00
[TRAIN] Step 152/400 | 12:26:04
[TRAIN] Step 152 | Loss=0.209023 | Best makespan in group=1620.00
[TRAIN] Step 153/400 | 12:27:09
[TRAIN] Step 153 | Loss=0.563036 | Best makespan in group=1639.00
[TRAIN] Step 154/400 | 12:28:11
[TRAIN] Step 154 | Loss=2.517094 | Best makespan in group=2158.00
[TRAIN] Step 155/400 | 12:29:12
[TRAIN] Step 155 | Loss=0.709132 | Best makespan in group=2008.00
[TRAIN] Step 156/400 | 12:30:17
[TRAIN] Step 156 | Loss=0.000383 | Best makespan in group=1446.00
[TRAIN] Step 157/400 | 12:31:15
[TRAIN] Step 157 | Loss=0.108400 | Best makespan in group=1364.00
[TRAIN] Step 158/400 | 12:32:05
[TRAIN] Step 158 | Loss=0.018301 | Best makespan in group=2029.00
[TRAIN] Step 159/400 | 12:33:03
[TRAIN] Step 159 | Loss=0.981983 | Best makespan in group=1788.00
[TRAIN] Step 160/400 | 12:34:13
[TRAIN] Step 160 | Loss=3.269025 | Best makespan in group=1782.00
[TRAIN][VAL][ep 160] avg_gap=0.1161 | std_gap=0.1350 | q80_gap=0.2206 | n=20
[TRAIN][VAL][ep 160] blocked_events=491 | swaps=39 in 9 instance(s)
[TRAIN] Step 161/400 | 12:35:25
[TRAIN] Step 161 | Loss=1.058411 | Best makespan in group=1248.00
[TRAIN] Step 162/400 | 12:36:33
[TRAIN] Step 162 | Loss=1.744435 | Best makespan in group=2456.00
[TRAIN] Step 163/400 | 12:37:48
[TRAIN] Step 163 | Loss=0.847669 | Best makespan in group=1796.00
[TRAIN] Step 164/400 | 12:38:50
[TRAIN] Step 164 | Loss=1.070833 | Best makespan in group=1824.00
[TRAIN] Step 165/400 | 12:39:52
[TRAIN] Step 165 | Loss=6.079026 | Best makespan in group=2584.00
[TRAIN] Step 166/400 | 12:40:57
[TRAIN] Step 166 | Loss=0.000108 | Best makespan in group=2278.00
[TRAIN] Step 167/400 | 12:42:04
[TRAIN] Step 167 | Loss=0.555068 | Best makespan in group=2034.00
[TRAIN] Step 168/400 | 12:42:59
[TRAIN] Step 168 | Loss=0.385189 | Best makespan in group=2092.00
[TRAIN] Step 169/400 | 12:44:00
[TRAIN] Step 169 | Loss=4.812480 | Best makespan in group=2033.00
[TRAIN] Step 170/400 | 12:45:10
[TRAIN] Step 170 | Loss=7.900434 | Best makespan in group=2202.00
[TRAIN] Step 171/400 | 12:46:26
[TRAIN] Step 171 | Loss=1.063240 | Best makespan in group=1926.00
[TRAIN] Step 172/400 | 12:47:33
[TRAIN] Step 172 | Loss=2.070297 | Best makespan in group=1882.00
[TRAIN] Step 173/400 | 12:48:24
[TRAIN] Step 173 | Loss=0.002957 | Best makespan in group=1520.00
[TRAIN] Step 174/400 | 12:49:16
[TRAIN] Step 174 | Loss=1.099306 | Best makespan in group=1756.00
[TRAIN] Step 175/400 | 12:50:08
[TRAIN] Step 175 | Loss=1.307347 | Best makespan in group=1558.00
[TRAIN] Step 176/400 | 12:50:56
[TRAIN] Step 176 | Loss=0.000263 | Best makespan in group=1452.00
[TRAIN] Step 177/400 | 12:51:54
[TRAIN] Step 177 | Loss=0.002089 | Best makespan in group=1830.00
[TRAIN] Step 178/400 | 12:52:44
[TRAIN] Step 178 | Loss=2.344308 | Best makespan in group=1900.00
[TRAIN] Step 179/400 | 12:53:42
[TRAIN] Step 179 | Loss=0.001742 | Best makespan in group=2236.00
[TRAIN] Step 180/400 | 12:54:53
[TRAIN] Step 180 | Loss=0.000033 | Best makespan in group=1460.00
[TRAIN][VAL][ep 180] avg_gap=0.1110 | std_gap=0.1126 | q80_gap=0.2533 | n=20
[TRAIN][VAL][ep 180] blocked_events=483 | swaps=30 in 11 instance(s)
[TRAIN] Step 181/400 | 12:56:29
[TRAIN] Step 181 | Loss=0.001154 | Best makespan in group=2004.00
[TRAIN] Step 182/400 | 12:57:33
[TRAIN] Step 182 | Loss=4.780265 | Best makespan in group=2088.00
[TRAIN] Step 183/400 | 12:58:52
[TRAIN] Step 183 | Loss=0.397352 | Best makespan in group=729.00
[TRAIN] Step 184/400 | 12:59:41
[TRAIN] Step 184 | Loss=8.130270 | Best makespan in group=2578.00
[TRAIN] Step 185/400 | 13:00:41
[TRAIN] Step 185 | Loss=1.446221 | Best makespan in group=1212.00
[TRAIN] Step 186/400 | 13:01:43
[TRAIN] Step 186 | Loss=3.703502 | Best makespan in group=1469.00
[TRAIN] Step 187/400 | 13:02:45
[TRAIN] Step 187 | Loss=8.731220 | Best makespan in group=1904.00
[TRAIN] Step 188/400 | 13:03:44
[TRAIN] Step 188 | Loss=1.154913 | Best makespan in group=1754.00
[TRAIN] Step 189/400 | 13:04:39
[TRAIN] Step 189 | Loss=5.127101 | Best makespan in group=1790.00
[TRAIN] Step 190/400 | 13:05:50
[TRAIN] Step 190 | Loss=0.013377 | Best makespan in group=1670.00
[TRAIN] Step 191/400 | 13:06:37
[TRAIN] Step 191 | Loss=1.096127 | Best makespan in group=1334.00
[TRAIN] Step 192/400 | 13:07:25
[TRAIN] Step 192 | Loss=3.230717 | Best makespan in group=2276.00
[TRAIN] Step 193/400 | 13:08:30
[TRAIN] Step 193 | Loss=2.461672 | Best makespan in group=2376.00
[TRAIN] Step 194/400 | 13:09:42
[TRAIN] Step 194 | Loss=0.798243 | Best makespan in group=1282.00
[TRAIN] Step 195/400 | 13:10:31
[TRAIN] Step 195 | Loss=0.274063 | Best makespan in group=1142.00
[TRAIN] Step 196/400 | 13:11:21
[TRAIN] Step 196 | Loss=0.033518 | Best makespan in group=2304.00
[TRAIN] Step 197/400 | 13:12:19
[TRAIN] Step 197 | Loss=1.398647 | Best makespan in group=1560.00
[TRAIN] Step 198/400 | 13:13:15
[TRAIN] Step 198 | Loss=0.235698 | Best makespan in group=2278.00
[TRAIN] Step 199/400 | 13:14:13
[TRAIN] Step 199 | Loss=0.000649 | Best makespan in group=2394.00
[TRAIN] Step 200/400 | 13:15:17
[TRAIN] Step 200 | Loss=0.199058 | Best makespan in group=2678.00
[TRAIN][VAL][ep 200] avg_gap=0.1034 | std_gap=0.1194 | q80_gap=0.1739 | n=20
[TRAIN][VAL][ep 200] blocked_events=530 | swaps=31 in 13 instance(s)
[TRAIN] Step 201/400 | 13:16:45
[TRAIN] Step 201 | Loss=2.871233 | Best makespan in group=1265.00
[TRAIN] Step 202/400 | 13:17:40
[TRAIN] Step 202 | Loss=0.950065 | Best makespan in group=1460.00
[TRAIN] Step 203/400 | 13:18:50
[TRAIN] Step 203 | Loss=0.000262 | Best makespan in group=2048.00
[TRAIN] Step 204/400 | 13:20:00
[TRAIN] Step 204 | Loss=4.692050 | Best makespan in group=1768.00
[TRAIN] Step 205/400 | 13:21:10
[TRAIN] Step 205 | Loss=5.497206 | Best makespan in group=2134.00
[TRAIN] Step 206/400 | 13:22:09
[TRAIN] Step 206 | Loss=0.033054 | Best makespan in group=2004.00
[TRAIN] Step 207/400 | 13:23:11
[TRAIN] Step 207 | Loss=8.632463 | Best makespan in group=1536.00
[TRAIN] Step 208/400 | 13:24:19
[TRAIN] Step 208 | Loss=7.496255 | Best makespan in group=2454.00
[TRAIN] Step 209/400 | 13:25:14
[TRAIN] Step 209 | Loss=1.542057 | Best makespan in group=1756.00
[TRAIN] Step 210/400 | 13:26:10
[TRAIN] Step 210 | Loss=3.637412 | Best makespan in group=1970.00
[TRAIN] Step 211/400 | 13:27:10
[TRAIN] Step 211 | Loss=0.994907 | Best makespan in group=1142.00
[TRAIN] Step 212/400 | 13:28:00
[TRAIN] Step 212 | Loss=1.510757 | Best makespan in group=1734.00
[TRAIN] Step 213/400 | 13:28:57
[TRAIN] Step 213 | Loss=0.000002 | Best makespan in group=1249.00
[TRAIN] Step 214/400 | 13:30:07
[TRAIN] Step 214 | Loss=0.000273 | Best makespan in group=1452.00
[TRAIN] Step 215/400 | 13:31:03
[TRAIN] Step 215 | Loss=0.014272 | Best makespan in group=2394.00
[TRAIN] Step 216/400 | 13:32:08
[TRAIN] Step 216 | Loss=0.337121 | Best makespan in group=1334.00
[TRAIN] Step 217/400 | 13:32:55
[TRAIN] Step 217 | Loss=0.017053 | Best makespan in group=1926.00
[TRAIN] Step 218/400 | 13:34:02
[TRAIN] Step 218 | Loss=2.629121 | Best makespan in group=2092.00
[TRAIN] Step 219/400 | 13:35:04
[TRAIN] Step 219 | Loss=0.357409 | Best makespan in group=1120.00
[TRAIN] Step 220/400 | 13:35:54
[TRAIN] Step 220 | Loss=2.593410 | Best makespan in group=2044.00
[TRAIN][VAL][ep 220] avg_gap=0.0802 | std_gap=0.0797 | q80_gap=0.1343 | n=20
[TRAIN][VAL][ep 220] blocked_events=485 | swaps=20 in 9 instance(s)
[TRAIN] Step 221/400 | 13:37:27
[TRAIN] Step 221 | Loss=0.164308 | Best makespan in group=2150.00
[TRAIN] Step 222/400 | 13:38:35
[TRAIN] Step 222 | Loss=0.010035 | Best makespan in group=2008.00
[TRAIN] Step 223/400 | 13:39:41
[TRAIN] Step 223 | Loss=0.509484 | Best makespan in group=2278.00
[TRAIN] Step 224/400 | 13:40:39
[TRAIN] Step 224 | Loss=0.001206 | Best makespan in group=1446.00
[TRAIN] Step 225/400 | 13:41:40
[TRAIN] Step 225 | Loss=1.198028 | Best makespan in group=1758.00
[TRAIN] Step 226/400 | 13:42:29
[TRAIN] Step 226 | Loss=4.866527 | Best makespan in group=1592.00
[TRAIN] Step 227/400 | 13:43:26
[TRAIN] Step 227 | Loss=0.001299 | Best makespan in group=1754.00
[TRAIN] Step 228/400 | 13:44:21
[TRAIN] Step 228 | Loss=0.156356 | Best makespan in group=3164.00
[TRAIN] Step 229/400 | 13:45:42
[TRAIN] Step 229 | Loss=1.840320 | Best makespan in group=1960.00
[TRAIN] Step 230/400 | 13:46:40
[TRAIN] Step 230 | Loss=0.664138 | Best makespan in group=1882.00
[TRAIN] Step 231/400 | 13:47:30
[TRAIN] Step 231 | Loss=0.693553 | Best makespan in group=1122.00
[TRAIN] Step 232/400 | 13:48:25
[TRAIN] Step 232 | Loss=0.000088 | Best makespan in group=1656.00
[TRAIN] Step 233/400 | 13:49:22
[TRAIN] Step 233 | Loss=0.841636 | Best makespan in group=2076.00
[TRAIN] Step 234/400 | 13:50:38
[TRAIN] Step 234 | Loss=0.579625 | Best makespan in group=1754.00
[TRAIN] Step 235/400 | 13:51:33
[TRAIN] Step 235 | Loss=6.382983 | Best makespan in group=2162.00
[TRAIN] Step 236/400 | 13:52:34
[TRAIN] Step 236 | Loss=1.755108 | Best makespan in group=1794.00
[TRAIN] Step 237/400 | 13:53:44
[TRAIN] Step 237 | Loss=2.434318 | Best makespan in group=1582.00
[TRAIN] Step 238/400 | 13:54:34
[TRAIN] Step 238 | Loss=6.856935 | Best makespan in group=2038.00
[TRAIN] Step 239/400 | 13:55:52
[TRAIN] Step 239 | Loss=1.055967 | Best makespan in group=1558.00
[TRAIN] Step 240/400 | 13:56:38
[TRAIN] Step 240 | Loss=4.934646 | Best makespan in group=1294.00
[TRAIN][VAL][ep 240] avg_gap=0.0808 | std_gap=0.0791 | q80_gap=0.1383 | n=20
[TRAIN][VAL][ep 240] blocked_events=481 | swaps=26 in 11 instance(s)
[TRAIN] Validation improved | smoothed_avg_gap=0.0881 (raw=0.0808) | saving candidate: 998687306372726.pth
[TRAIN] Step 241/400 | 13:57:52
[TRAIN] Step 241 | Loss=0.006922 | Best makespan in group=1520.00
[TRAIN] Step 242/400 | 13:58:47
[TRAIN] Step 242 | Loss=0.340434 | Best makespan in group=2354.00
[TRAIN] Step 243/400 | 13:59:56
[TRAIN] Step 243 | Loss=0.015069 | Best makespan in group=1792.00
[TRAIN] Step 244/400 | 14:00:48
[TRAIN] Step 244 | Loss=1.687720 | Best makespan in group=1468.00
[TRAIN] Step 245/400 | 14:01:49
[TRAIN] Step 245 | Loss=0.250904 | Best makespan in group=2690.00
[TRAIN] Step 246/400 | 14:02:48
[TRAIN] Step 246 | Loss=0.045286 | Best makespan in group=1620.00
[TRAIN] Step 247/400 | 14:03:53
[TRAIN] Step 247 | Loss=0.026630 | Best makespan in group=2276.00
[TRAIN] Step 248/400 | 14:04:58
[TRAIN] Step 248 | Loss=0.012363 | Best makespan in group=2034.00
[TRAIN] Step 249/400 | 14:05:52
[TRAIN] Step 249 | Loss=1.231102 | Best makespan in group=1612.00
[TRAIN] Step 250/400 | 14:06:53
[TRAIN] Step 250 | Loss=0.029409 | Best makespan in group=1364.00
[TRAIN] Step 251/400 | 14:07:44
[TRAIN] Step 251 | Loss=2.683673 | Best makespan in group=1812.00
[TRAIN] Step 252/400 | 14:08:55
[TRAIN] Step 252 | Loss=0.028850 | Best makespan in group=2678.00
[TRAIN] Step 253/400 | 14:09:47
[TRAIN] Step 253 | Loss=1.056390 | Best makespan in group=1742.00
[TRAIN] Step 254/400 | 14:11:01
[TRAIN] Step 254 | Loss=0.291345 | Best makespan in group=2376.00
[TRAIN] Step 255/400 | 14:12:13
[TRAIN] Step 255 | Loss=1.151598 | Best makespan in group=1119.00
[TRAIN] Step 256/400 | 14:13:26
[TRAIN] Step 256 | Loss=0.809296 | Best makespan in group=1500.00
[TRAIN] Step 257/400 | 14:14:22
[TRAIN] Step 257 | Loss=5.401412 | Best makespan in group=2102.00
[TRAIN] Step 258/400 | 14:15:19
[TRAIN] Step 258 | Loss=3.947080 | Best makespan in group=2456.00
[TRAIN] Step 259/400 | 14:16:34
[TRAIN] Step 259 | Loss=2.742465 | Best makespan in group=2084.00
[TRAIN] Step 260/400 | 14:17:34
[TRAIN] Step 260 | Loss=2.883080 | Best makespan in group=2180.00
[TRAIN][VAL][ep 260] avg_gap=0.0861 | std_gap=0.0986 | q80_gap=0.1320 | n=20
[TRAIN][VAL][ep 260] blocked_events=486 | swaps=24 in 10 instance(s)
[TRAIN] Validation improved | smoothed_avg_gap=0.0824 (raw=0.0861) | saving candidate: 612568972491683.pth
[TRAIN] Step 261/400 | 14:19:04
[TRAIN] Step 261 | Loss=0.007516 | Best makespan in group=1160.00
[TRAIN] Step 262/400 | 14:19:53
[TRAIN] Step 262 | Loss=0.004055 | Best makespan in group=1106.00
[TRAIN] Step 263/400 | 14:20:52
[TRAIN] Step 263 | Loss=0.031341 | Best makespan in group=1670.00
[TRAIN] Step 264/400 | 14:21:42
[TRAIN] Step 264 | Loss=0.678502 | Best makespan in group=1892.00
[TRAIN] Step 265/400 | 14:22:36
[TRAIN] Step 265 | Loss=0.004167 | Best makespan in group=1894.00
[TRAIN] Step 266/400 | 14:23:39
[TRAIN] Step 266 | Loss=10.699774 | Best makespan in group=2060.00
[TRAIN] Step 267/400 | 14:24:53
[TRAIN] Step 267 | Loss=7.413122 | Best makespan in group=1772.00
[TRAIN] Step 268/400 | 14:25:50
[TRAIN] Step 268 | Loss=0.180221 | Best makespan in group=2092.00
[TRAIN] Step 269/400 | 14:26:54
[TRAIN] Step 269 | Loss=3.438529 | Best makespan in group=2425.00
[TRAIN] Step 270/400 | 14:27:52
[TRAIN] Step 270 | Loss=1.112154 | Best makespan in group=2650.00
[TRAIN] Step 271/400 | 14:28:52
[TRAIN] Step 271 | Loss=4.499197 | Best makespan in group=1351.00
[TRAIN] Step 272/400 | 14:29:50
[TRAIN] Step 272 | Loss=3.243721 | Best makespan in group=3028.00
[TRAIN] Step 273/400 | 14:31:06
[TRAIN] Step 273 | Loss=2.235667 | Best makespan in group=2678.00
[TRAIN] Step 274/400 | 14:32:07
[TRAIN] Step 274 | Loss=0.036400 | Best makespan in group=1544.00
[TRAIN] Step 275/400 | 14:33:19
[TRAIN] Step 275 | Loss=1.744148 | Best makespan in group=2476.00
[TRAIN] Step 276/400 | 14:34:25
[TRAIN] Step 276 | Loss=0.355941 | Best makespan in group=2394.00
[TRAIN] Step 277/400 | 14:35:20
[TRAIN] Step 277 | Loss=0.849090 | Best makespan in group=1440.00
[TRAIN] Step 278/400 | 14:36:11
[TRAIN] Step 278 | Loss=0.008959 | Best makespan in group=2006.00
[TRAIN] Step 279/400 | 14:37:08
[TRAIN] Step 279 | Loss=0.190877 | Best makespan in group=1824.00
[TRAIN] Step 280/400 | 14:38:08
[TRAIN] Step 280 | Loss=9.237723 | Best makespan in group=2198.00
[TRAIN][VAL][ep 280] avg_gap=0.0718 | std_gap=0.0658 | q80_gap=0.1345 | n=20
[TRAIN][VAL][ep 280] blocked_events=471 | swaps=22 in 10 instance(s)
[TRAIN] Validation improved | smoothed_avg_gap=0.0796 (raw=0.0718) | saving candidate: 875985448629531.pth
[TRAIN] Step 281/400 | 14:39:51
[TRAIN] Step 281 | Loss=0.370658 | Best makespan in group=1888.00
[TRAIN] Step 282/400 | 14:41:07
[TRAIN] Step 282 | Loss=0.021124 | Best makespan in group=1768.00
[TRAIN] Step 283/400 | 14:41:56
[TRAIN] Step 283 | Loss=0.000950 | Best makespan in group=1776.00
[TRAIN] Step 284/400 | 14:43:13
[TRAIN] Step 284 | Loss=0.009368 | Best makespan in group=1814.00
[TRAIN] Step 285/400 | 14:44:11
[TRAIN] Step 285 | Loss=4.097929 | Best makespan in group=1744.00
[TRAIN] Step 286/400 | 14:45:01
[TRAIN] Step 286 | Loss=0.000787 | Best makespan in group=2278.00
[TRAIN] Step 287/400 | 14:46:12
[TRAIN] Step 287 | Loss=0.032849 | Best makespan in group=1966.00
[TRAIN] Step 288/400 | 14:47:23
[TRAIN] Step 288 | Loss=0.336520 | Best makespan in group=2450.00
[TRAIN] Step 289/400 | 14:48:26
[TRAIN] Step 289 | Loss=0.019925 | Best makespan in group=1056.00
[TRAIN] Step 290/400 | 14:49:27
[TRAIN] Step 290 | Loss=0.018394 | Best makespan in group=1900.00
[TRAIN] Step 291/400 | 14:50:29
[TRAIN] Step 291 | Loss=1.720285 | Best makespan in group=1786.00
[TRAIN] Step 292/400 | 14:51:38
[TRAIN] Step 292 | Loss=0.001562 | Best makespan in group=1830.00
[TRAIN] Step 293/400 | 14:52:30
[TRAIN] Step 293 | Loss=0.354515 | Best makespan in group=1212.00
[TRAIN] Step 294/400 | 14:53:32
[TRAIN] Step 294 | Loss=2.060153 | Best makespan in group=2304.00
[TRAIN] Step 295/400 | 14:54:32
[TRAIN] Step 295 | Loss=8.685067 | Best makespan in group=1848.00
[TRAIN] Step 296/400 | 14:55:44
[TRAIN] Step 296 | Loss=7.259297 | Best makespan in group=2197.00
[TRAIN] Step 297/400 | 14:56:57
[TRAIN] Step 297 | Loss=4.055062 | Best makespan in group=1596.00
[TRAIN] Step 298/400 | 14:58:04
[TRAIN] Step 298 | Loss=0.165505 | Best makespan in group=1520.00
[TRAIN] Step 299/400 | 14:58:55
[TRAIN] Step 299 | Loss=0.081709 | Best makespan in group=729.00
[TRAIN] Step 300/400 | 14:59:43
[TRAIN] Step 300 | Loss=0.076426 | Best makespan in group=2010.00
[TRAIN][VAL][ep 300] avg_gap=0.0748 | std_gap=0.0648 | q80_gap=0.1393 | n=20
[TRAIN][VAL][ep 300] blocked_events=468 | swaps=23 in 9 instance(s)
[TRAIN] Validation improved | smoothed_avg_gap=0.0776 (raw=0.0748) | saving candidate: 507016554376914.pth
[TRAIN] Step 301/400 | 15:01:01
[TRAIN] Step 301 | Loss=4.748887 | Best makespan in group=2690.00
[TRAIN] Step 302/400 | 15:02:01
[TRAIN] Step 302 | Loss=0.092613 | Best makespan in group=2394.00
[TRAIN] Step 303/400 | 15:03:05
[TRAIN] Step 303 | Loss=0.017267 | Best makespan in group=2678.00
[TRAIN] Step 304/400 | 15:03:58
[TRAIN] Step 304 | Loss=0.230628 | Best makespan in group=2376.00
[TRAIN] Step 305/400 | 15:05:10
[TRAIN] Step 305 | Loss=0.495287 | Best makespan in group=1614.00
[TRAIN] Step 306/400 | 15:06:10
[TRAIN] Step 306 | Loss=0.308455 | Best makespan in group=1582.00
[TRAIN] Step 307/400 | 15:07:01
[TRAIN] Step 307 | Loss=2.256198 | Best makespan in group=1756.00
[TRAIN] Step 308/400 | 15:07:49
[TRAIN] Step 308 | Loss=0.000129 | Best makespan in group=1230.00
[TRAIN] Step 309/400 | 15:08:58
[TRAIN] Step 309 | Loss=12.139039 | Best makespan in group=2269.00
[TRAIN] Step 310/400 | 15:10:10
[TRAIN] Step 310 | Loss=1.332260 | Best makespan in group=2092.00
[TRAIN] Step 311/400 | 15:11:13
[TRAIN] Step 311 | Loss=0.017854 | Best makespan in group=1364.00
[TRAIN] Step 312/400 | 15:12:04
[TRAIN] Step 312 | Loss=1.375669 | Best makespan in group=1966.00
[TRAIN] Step 313/400 | 15:13:11
[TRAIN] Step 313 | Loss=0.018342 | Best makespan in group=1792.00
[TRAIN] Step 314/400 | 15:14:03
[TRAIN] Step 314 | Loss=9.346723 | Best makespan in group=1536.00
[TRAIN] Step 315/400 | 15:15:12
[TRAIN] Step 315 | Loss=3.305030 | Best makespan in group=1772.00
[TRAIN] Step 316/400 | 15:16:10
[TRAIN] Step 316 | Loss=0.000677 | Best makespan in group=2276.00
[TRAIN] Step 317/400 | 15:17:16
[TRAIN] Step 317 | Loss=0.016442 | Best makespan in group=1882.00
[TRAIN] Step 318/400 | 15:18:07
[TRAIN] Step 318 | Loss=9.388616 | Best makespan in group=2084.00
[TRAIN] Step 319/400 | 15:19:08
[TRAIN] Step 319 | Loss=0.107789 | Best makespan in group=2008.00
[TRAIN] Step 320/400 | 15:20:14
[TRAIN] Step 320 | Loss=2.995709 | Best makespan in group=2678.00
[TRAIN][VAL][ep 320] avg_gap=0.0913 | std_gap=0.1437 | q80_gap=0.0993 | n=20
[TRAIN][VAL][ep 320] blocked_events=471 | swaps=24 in 8 instance(s)
[TRAIN] Step 321/400 | 15:21:40
[TRAIN] Step 321 | Loss=0.008850 | Best makespan in group=1160.00
[TRAIN] Step 322/400 | 15:22:29
[TRAIN] Step 322 | Loss=1.052509 | Best makespan in group=1758.00
[TRAIN] Step 323/400 | 15:23:18
[TRAIN] Step 323 | Loss=0.000194 | Best makespan in group=1656.00
[TRAIN] Step 324/400 | 15:24:15
[TRAIN] Step 324 | Loss=0.000289 | Best makespan in group=1900.00
[TRAIN] Step 325/400 | 15:25:12
[TRAIN] Step 325 | Loss=1.327743 | Best makespan in group=2048.00
[TRAIN] Step 326/400 | 15:26:27
[TRAIN] Step 326 | Loss=0.552435 | Best makespan in group=2450.00
[TRAIN] Step 327/400 | 15:27:33
[TRAIN] Step 327 | Loss=0.493298 | Best makespan in group=1064.00
[TRAIN] Step 328/400 | 15:28:34
[TRAIN] Step 328 | Loss=0.099573 | Best makespan in group=1334.00
[TRAIN] Step 329/400 | 15:29:21
[TRAIN] Step 329 | Loss=0.128478 | Best makespan in group=1754.00
[TRAIN] Step 330/400 | 15:30:18
[TRAIN] Step 330 | Loss=0.007669 | Best makespan in group=1776.00
[TRAIN] Step 331/400 | 15:31:34
[TRAIN] Step 331 | Loss=4.043967 | Best makespan in group=2102.00
[TRAIN] Step 332/400 | 15:32:31
[TRAIN] Step 332 | Loss=0.020844 | Best makespan in group=2456.00
[TRAIN] Step 333/400 | 15:33:45
[TRAIN] Step 333 | Loss=2.612195 | Best makespan in group=2165.00
[TRAIN] Step 334/400 | 15:34:49
[TRAIN] Step 334 | Loss=1.403566 | Best makespan in group=1520.00
[TRAIN] Step 335/400 | 15:35:41
[TRAIN] Step 335 | Loss=0.000208 | Best makespan in group=2278.00
[TRAIN] Step 336/400 | 15:36:49
[TRAIN] Step 336 | Loss=8.849535 | Best makespan in group=2390.00
[TRAIN] Step 337/400 | 15:37:44
[TRAIN] Step 337 | Loss=2.827437 | Best makespan in group=2300.00
[TRAIN] Step 338/400 | 15:38:55
[TRAIN] Step 338 | Loss=0.290088 | Best makespan in group=1303.00
[TRAIN] Step 339/400 | 15:39:57
[TRAIN] Step 339 | Loss=4.487173 | Best makespan in group=1923.00
[TRAIN] Step 340/400 | 15:41:04
[TRAIN] Step 340 | Loss=1.602300 | Best makespan in group=1842.00
[TRAIN][VAL][ep 340] avg_gap=0.0916 | std_gap=0.1452 | q80_gap=0.1303 | n=20
[TRAIN][VAL][ep 340] blocked_events=484 | swaps=29 in 9 instance(s)
[TRAIN] Step 341/400 | 15:42:56
[TRAIN] Step 341 | Loss=0.004862 | Best makespan in group=1452.00
[TRAIN] Step 342/400 | 15:44:03
[TRAIN] Step 342 | Loss=1.120959 | Best makespan in group=1150.00
[TRAIN] Step 343/400 | 15:45:13
[TRAIN] Step 343 | Loss=0.084499 | Best makespan in group=3028.00
[TRAIN] Step 344/400 | 15:46:41
[TRAIN] Step 344 | Loss=2.572820 | Best makespan in group=1888.00
[TRAIN] Step 345/400 | 15:48:13
[TRAIN] Step 345 | Loss=1.668805 | Best makespan in group=1258.00
[TRAIN] Step 346/400 | 15:49:08
[TRAIN] Step 346 | Loss=7.028882 | Best makespan in group=2084.00
[TRAIN] Step 347/400 | 15:50:38
[TRAIN] Step 347 | Loss=0.007981 | Best makespan in group=2092.00
[TRAIN] Step 348/400 | 15:51:49
[TRAIN] Step 348 | Loss=2.112926 | Best makespan in group=2006.00
[TRAIN] Step 349/400 | 15:52:57
[TRAIN] Step 349 | Loss=0.048039 | Best makespan in group=1734.00
[TRAIN] Step 350/400 | 15:54:05
[TRAIN] Step 350 | Loss=1.783145 | Best makespan in group=1142.00
[TRAIN] Step 351/400 | 15:55:02
[TRAIN] Step 351 | Loss=0.165911 | Best makespan in group=1824.00
[TRAIN] Step 352/400 | 15:56:09
[TRAIN] Step 352 | Loss=3.534917 | Best makespan in group=2304.00
[TRAIN] Step 353/400 | 15:57:14
[TRAIN] Step 353 | Loss=2.110584 | Best makespan in group=1116.00
[TRAIN] Step 354/400 | 15:58:15
[TRAIN] Step 354 | Loss=0.002711 | Best makespan in group=1830.00
[TRAIN] Step 355/400 | 15:59:12
[TRAIN] Step 355 | Loss=2.552797 | Best makespan in group=3164.00
[TRAIN] Step 356/400 | 16:00:44
[TRAIN] Step 356 | Loss=0.039293 | Best makespan in group=2278.00
[TRAIN] Step 357/400 | 16:01:51
[TRAIN] Step 357 | Loss=0.376779 | Best makespan in group=1440.00
[TRAIN] Step 358/400 | 16:02:51
[TRAIN] Step 358 | Loss=0.390063 | Best makespan in group=1620.00
[TRAIN] Step 359/400 | 16:04:03
[TRAIN] Step 359 | Loss=0.986251 | Best makespan in group=1558.00
[TRAIN] Step 360/400 | 16:04:57
[TRAIN] Step 360 | Loss=2.687264 | Best makespan in group=1939.00
[TRAIN][VAL][ep 360] avg_gap=0.1025 | std_gap=0.1525 | q80_gap=0.1425 | n=20
[TRAIN][VAL][ep 360] blocked_events=467 | swaps=31 in 10 instance(s)
[TRAIN] Step 361/400 | 16:06:50
[TRAIN] Step 361 | Loss=15.090860 | Best makespan in group=1596.00
[TRAIN] Step 362/400 | 16:08:04
[TRAIN] Step 362 | Loss=0.921591 | Best makespan in group=2220.00
[TRAIN] Step 363/400 | 16:09:32
[TRAIN] Step 363 | Loss=0.016970 | Best makespan in group=1520.00
[TRAIN] Step 364/400 | 16:10:36
[TRAIN] Step 364 | Loss=1.724049 | Best makespan in group=1238.00
[TRAIN] Step 365/400 | 16:11:45
[TRAIN] Step 365 | Loss=6.369925 | Best makespan in group=2426.00
[TRAIN] Step 366/400 | 16:12:56
[TRAIN] Step 366 | Loss=3.019064 | Best makespan in group=1814.00
[TRAIN] Step 367/400 | 16:14:01
[TRAIN] Step 367 | Loss=6.817822 | Best makespan in group=1670.00
[TRAIN] Step 368/400 | 16:14:55
[TRAIN] Step 368 | Loss=0.365371 | Best makespan in group=1754.00
[TRAIN] Step 369/400 | 16:16:01
[TRAIN] Step 369 | Loss=1.071931 | Best makespan in group=1888.00
[TRAIN] Step 370/400 | 16:17:11
[TRAIN] Step 370 | Loss=1.672538 | Best makespan in group=1756.00
[TRAIN] Step 371/400 | 16:18:12
[TRAIN] Step 371 | Loss=1.118539 | Best makespan in group=1446.00
[TRAIN] Step 372/400 | 16:19:21
[TRAIN] Step 372 | Loss=0.100786 | Best makespan in group=2180.00
[TRAIN] Step 373/400 | 16:20:35
[TRAIN] Step 373 | Loss=0.003253 | Best makespan in group=2394.00
[TRAIN] Step 374/400 | 16:21:40
[TRAIN] Step 374 | Loss=2.259656 | Best makespan in group=1212.00
[TRAIN] Step 375/400 | 16:22:52
[TRAIN] Step 375 | Loss=0.002961 | Best makespan in group=1926.00
[TRAIN] Step 376/400 | 16:24:09
[TRAIN] Step 376 | Loss=1.586673 | Best makespan in group=1764.00
[TRAIN] Step 377/400 | 16:25:27
[TRAIN] Step 377 | Loss=0.881818 | Best makespan in group=2034.00
[TRAIN] Step 378/400 | 16:26:29
[TRAIN] Step 378 | Loss=1.593182 | Best makespan in group=1460.00
[TRAIN] Step 379/400 | 16:27:54
[TRAIN] Step 379 | Loss=0.620934 | Best makespan in group=1544.00
[TRAIN] Step 380/400 | 16:29:18
[TRAIN] Step 380 | Loss=1.789068 | Best makespan in group=1592.00
[TRAIN][VAL][ep 380] avg_gap=0.1111 | std_gap=0.1611 | q80_gap=0.1588 | n=20
[TRAIN][VAL][ep 380] blocked_events=461 | swaps=28 in 7 instance(s)
[TRAIN] Step 381/400 | 16:30:56
[TRAIN] Step 381 | Loss=0.018275 | Best makespan in group=1470.00
[TRAIN] Step 382/400 | 16:32:07
[TRAIN] Step 382 | Loss=0.494254 | Best makespan in group=1786.00
[TRAIN] Step 383/400 | 16:33:23
[TRAIN] Step 383 | Loss=7.610765 | Best makespan in group=2450.00
[TRAIN] Step 384/400 | 16:34:42
[TRAIN] Step 384 | Loss=1.628279 | Best makespan in group=729.00
[TRAIN] Step 385/400 | 16:35:37
[TRAIN] Step 385 | Loss=0.028227 | Best makespan in group=2004.00
[TRAIN] Step 386/400 | 16:36:49
[TRAIN] Step 386 | Loss=0.249544 | Best makespan in group=1966.00
[TRAIN] Step 387/400 | 16:38:13
[TRAIN] Step 387 | Loss=3.121551 | Best makespan in group=2134.00
[TRAIN] Step 388/400 | 16:39:22
[TRAIN] Step 388 | Loss=0.698888 | Best makespan in group=1772.00
[TRAIN] Step 389/400 | 16:40:46
[TRAIN] Step 389 | Loss=0.002536 | Best makespan in group=1960.00
[TRAIN] Step 390/400 | 16:41:52
[TRAIN] Step 390 | Loss=1.159780 | Best makespan in group=1729.00
[TRAIN] Step 391/400 | 16:43:16
[TRAIN] Step 391 | Loss=4.551520 | Best makespan in group=1892.00
[TRAIN] Step 392/400 | 16:44:18
[TRAIN] Step 392 | Loss=3.724668 | Best makespan in group=2076.00
[TRAIN] Step 393/400 | 16:45:47
[TRAIN] Step 393 | Loss=0.059593 | Best makespan in group=1120.00
[TRAIN] Step 394/400 | 16:46:46
[TRAIN] Step 394 | Loss=1.323538 | Best makespan in group=2556.00
[TRAIN] Step 395/400 | 16:47:54
[TRAIN] Step 395 | Loss=3.346995 | Best makespan in group=1792.00
[TRAIN] Step 396/400 | 16:49:17
[TRAIN] Step 396 | Loss=0.269178 | Best makespan in group=2010.00
[TRAIN] Step 397/400 | 16:50:18
[TRAIN] Step 397 | Loss=0.039630 | Best makespan in group=1768.00
[TRAIN] Step 398/400 | 16:51:14
[TRAIN] Step 398 | Loss=5.394452 | Best makespan in group=1164.00
[TRAIN] Step 399/400 | 16:52:40
[TRAIN] Step 399 | Loss=0.232688 | Best makespan in group=1500.00
[TRAIN] Step 400/400 | 16:53:43
[TRAIN] Step 400 | Loss=0.932843 | Best makespan in group=2150.00
[TRAIN][VAL][ep 400] avg_gap=0.0868 | std_gap=0.1589 | q80_gap=0.1399 | n=20
[TRAIN][VAL][ep 400] blocked_events=469 | swaps=22 in 7 instance(s)
[TRAIN] Evaluating best checkpoint (candidate_models\blocking\507016554376914.pth) on the held-out test split...
[TRAIN][TEST] avg_gap=0.1268 | std_gap=0.1215 | q80_gap=0.2175 | n=20
[TRAIN][TEST] blocked_events=437 | swaps=19 in 8 instance(s)
[TRAIN][16:55:56] Training ended. Validation history and plots updated.
[MAIN] Run finished at 2026-10-07 16:55:56
============================================================
=== [B] exit code 0 | 2026-10-07 16:55:58 ===
=== [B] TRAIN blk400_gin_L1_selk1_mask1_edges_sum_incgreedy_ojm_blk_s42 | 2026-10-07 16:55:58 ===
C:\Users\maria\Desktop\dissertation-bopo_introduction\.venv\Lib\site-packages\torch\jit\_script.py:1491: FutureWarning: `torch.jit.script` is deprecated. Please switch to `torch.compile` or `torch.export`.
  warnings.warn(
============================================================
[MAIN] Run started at 2026-10-07 16:56:17
[MAIN] mode=train
[MAIN] run_name=blk400_gin_L1_selk1_mask1_edges_sum_incgreedy_ojm_blk
[MAIN] representation(s)=['ojm_blk']
[MAIN] gnn_type=gin
[MAIN] overrides={'mask_option': 1, 'sel_k': 1, 'num_layers': 1, 'logp_norm': 'sum', 'exclude_greedy_from_loss': False, 'jm_design': 'edges'}
============================================================
[MAIN] Training representation=ojm_blk | seed=42 | run_name=blk400_gin_L1_selk1_mask1_edges_sum_incgreedy_ojm_blk_s42 | gnn_type=gin | overrides={'mask_option': 1, 'sel_k': 1, 'num_layers': 1, 'logp_norm': 'sum', 'exclude_greedy_from_loss': False, 'jm_design': 'edges'}
============================================================
[TRAIN] Training started at: 2026-10-07 16:56:18
[TRAIN] Hyperparams | max_steps=400 | new_freq=500
[TRAIN]             | n_cases=100 | B=64 | K=16 | use_greedy=True | lr=0.0005 (decaying to 1.00e-04)
[TRAIN]             | warm_start_steps=200 | checkpoint_smooth_window=3 | seed=42
[TRAIN]             | hidden_channels=128 | num_layers=1 | heads=3
[TRAIN]             | logp_norm=sum | exclude_greedy_from_loss=False
[TRAIN] Representation | ojm_blk | GNN | gin | jm_design | edges
[TRAIN] Problem size | jobs=[8,10] | machines=[5,10] | ops_per_job=[5,6] | max_proc=100
============================================================
[TRAIN] Output run folder: results\blocking\blk400_gin_L1_selk1_mask1_edges_sum_incgreedy_ojm_blk_s42
[TRAIN] Validation config | every=20 steps | instances=20 (representative subset)
[TRAIN] Blocking setting | buffers in=2 out=1 | instances={'range_jobs': (12, 15), 'range_machines': (4, 6), 'range_op_per_job': (5, 6), 'max_processing': 100, 'mas_per_ope_max': 3, 'n_bottlenecks': 1, 'bottleneck_prob': 0.7, 'bottleneck_factor': 2.0}
[TRAIN] Warm-start (behavior cloning vs. dispatch heuristic) | 200 step(s)...
[TRAIN][WARMSTART] step 10/200 | instance=74 | bc_loss=1.1907 | decisions=26
[TRAIN][WARMSTART] step 20/200 | instance=80 | bc_loss=0.6645 | decisions=34
[TRAIN][WARMSTART] step 30/200 | instance=76 | bc_loss=0.6972 | decisions=34
[TRAIN][WARMSTART] step 40/200 | instance=83 | bc_loss=0.7569 | decisions=41
[TRAIN][WARMSTART] step 50/200 | instance=68 | bc_loss=0.5752 | decisions=31
[TRAIN][WARMSTART] step 60/200 | instance=41 | bc_loss=0.8461 | decisions=36
[TRAIN][WARMSTART] step 70/200 | instance=15 | bc_loss=0.5923 | decisions=33
[TRAIN][WARMSTART] step 80/200 | instance=72 | bc_loss=0.5688 | decisions=38
[TRAIN][WARMSTART] step 90/200 | instance=27 | bc_loss=0.3535 | decisions=35
[TRAIN][WARMSTART] step 100/200 | instance=53 | bc_loss=0.5068 | decisions=26
[TRAIN][WARMSTART] step 110/200 | instance=28 | bc_loss=0.4750 | decisions=36
[TRAIN][WARMSTART] step 120/200 | instance=9 | bc_loss=0.3599 | decisions=35
[TRAIN][WARMSTART] step 130/200 | instance=21 | bc_loss=0.4677 | decisions=49
[TRAIN][WARMSTART] step 140/200 | instance=13 | bc_loss=0.3134 | decisions=36
[TRAIN][WARMSTART] step 150/200 | instance=56 | bc_loss=0.4783 | decisions=32
[TRAIN][WARMSTART] step 160/200 | instance=72 | bc_loss=0.5030 | decisions=38
[TRAIN][WARMSTART] step 170/200 | instance=43 | bc_loss=0.4515 | decisions=29
[TRAIN][WARMSTART] step 180/200 | instance=62 | bc_loss=0.3979 | decisions=36
[TRAIN][WARMSTART] step 190/200 | instance=40 | bc_loss=0.3571 | decisions=31
[TRAIN][WARMSTART] step 200/200 | instance=19 | bc_loss=0.5980 | decisions=31
[TRAIN] Warm-start complete, switching to BOPO preference optimization.
------------------------------------------------------------
[TRAIN] BOPO agent ready. Starting training loop for 400 step(s)...
------------------------------------------------------------
[TRAIN] Step 1/400 | 17:01:02
[TRAIN] Step 1 | Loss=4.100535 | Best makespan in group=1446.00
[TRAIN] Step 2/400 | 17:02:05
[TRAIN] Step 2 | Loss=0.003697 | Best makespan in group=1793.00
[TRAIN] Step 3/400 | 17:03:05
[TRAIN] Step 3 | Loss=2.799081 | Best makespan in group=2514.00
[TRAIN] Step 4/400 | 17:04:00
[TRAIN] Step 4 | Loss=1.360273 | Best makespan in group=1460.00
[TRAIN] Step 5/400 | 17:05:15
[TRAIN] Step 5 | Loss=3.235985 | Best makespan in group=2474.00
[TRAIN] Step 6/400 | 17:06:14
[TRAIN] Step 6 | Loss=5.254903 | Best makespan in group=3196.00
[TRAIN] Step 7/400 | 17:07:42
[TRAIN] Step 7 | Loss=2.403499 | Best makespan in group=1080.00
[TRAIN] Step 8/400 | 17:08:42
[TRAIN] Step 8 | Loss=7.914809 | Best makespan in group=2450.00
[TRAIN] Step 9/400 | 17:09:45
[TRAIN] Step 9 | Loss=3.523511 | Best makespan in group=2201.00
[TRAIN] Step 10/400 | 17:11:04
[TRAIN] Step 10 | Loss=1.596114 | Best makespan in group=2448.00
[TRAIN] Step 11/400 | 17:12:18
[TRAIN] Step 11 | Loss=6.427270 | Best makespan in group=1656.00
[TRAIN] Step 12/400 | 17:13:20
[TRAIN] Step 12 | Loss=4.056038 | Best makespan in group=1440.00
[TRAIN] Step 13/400 | 17:14:14
[TRAIN] Step 13 | Loss=3.081803 | Best makespan in group=1756.00
[TRAIN] Step 14/400 | 17:15:05
[TRAIN] Step 14 | Loss=6.181009 | Best makespan in group=1888.00
[TRAIN] Step 15/400 | 17:16:22
[TRAIN] Step 15 | Loss=0.049014 | Best makespan in group=2278.00
[TRAIN] Step 16/400 | 17:17:29
[TRAIN] Step 16 | Loss=0.714056 | Best makespan in group=1912.00
[TRAIN] Step 17/400 | 17:18:28
[TRAIN] Step 17 | Loss=3.163263 | Best makespan in group=2044.00
[TRAIN] Step 18/400 | 17:19:36
[TRAIN] Step 18 | Loss=6.566923 | Best makespan in group=2004.00
[TRAIN] Step 19/400 | 17:20:36
[TRAIN] Step 19 | Loss=1.063336 | Best makespan in group=1798.00
[TRAIN] Step 20/400 | 17:21:26
[TRAIN] Step 20 | Loss=4.068852 | Best makespan in group=2162.00
[TRAIN][VAL][ep 20] avg_gap=0.1386 | std_gap=0.1237 | q80_gap=0.3097 | n=20
[TRAIN][VAL][ep 20] blocked_events=538 | swaps=44 in 11 instance(s)
[TRAIN] Validation improved | smoothed_avg_gap=0.1386 (raw=0.1386) | saving candidate: 656253719936483.pth
[TRAIN] Step 21/400 | 17:22:51
[TRAIN] Step 21 | Loss=0.758469 | Best makespan in group=1124.00
[TRAIN] Step 22/400 | 17:23:42
[TRAIN] Step 22 | Loss=1.598902 | Best makespan in group=2432.00
[TRAIN] Step 23/400 | 17:24:53
[TRAIN] Step 23 | Loss=0.019231 | Best makespan in group=1582.00
[TRAIN] Step 24/400 | 17:25:44
[TRAIN] Step 24 | Loss=0.067355 | Best makespan in group=2048.00
[TRAIN] Step 25/400 | 17:26:53
[TRAIN] Step 25 | Loss=1.109662 | Best makespan in group=1855.00
[TRAIN] Step 26/400 | 17:28:00
[TRAIN] Step 26 | Loss=0.686686 | Best makespan in group=1138.00
[TRAIN] Step 27/400 | 17:29:01
[TRAIN] Step 27 | Loss=1.452500 | Best makespan in group=2008.00
[TRAIN] Step 28/400 | 17:30:02
[TRAIN] Step 28 | Loss=3.008834 | Best makespan in group=1776.00
[TRAIN] Step 29/400 | 17:31:08
[TRAIN] Step 29 | Loss=0.770553 | Best makespan in group=1814.00
[TRAIN] Step 30/400 | 17:31:59
[TRAIN] Step 30 | Loss=2.416606 | Best makespan in group=1966.00
[TRAIN] Step 31/400 | 17:33:06
[TRAIN] Step 31 | Loss=0.593454 | Best makespan in group=2394.00
[TRAIN] Step 32/400 | 17:34:02
[TRAIN] Step 32 | Loss=2.779327 | Best makespan in group=1280.00
[TRAIN] Step 33/400 | 17:34:52
[TRAIN] Step 33 | Loss=7.574565 | Best makespan in group=1882.00
[TRAIN] Step 34/400 | 17:35:37
[TRAIN] Step 34 | Loss=0.007374 | Best makespan in group=1160.00
[TRAIN] Step 35/400 | 17:36:20
[TRAIN] Step 35 | Loss=14.060231 | Best makespan in group=2660.00
[TRAIN] Step 36/400 | 17:37:21
[TRAIN] Step 36 | Loss=0.555715 | Best makespan in group=1172.00
[TRAIN] Step 37/400 | 17:38:28
[TRAIN] Step 37 | Loss=4.755978 | Best makespan in group=1926.00
[TRAIN] Step 38/400 | 17:39:26
[TRAIN] Step 38 | Loss=4.234178 | Best makespan in group=2006.00
[TRAIN] Step 39/400 | 17:40:17
[TRAIN] Step 39 | Loss=5.540002 | Best makespan in group=2626.00
[TRAIN] Step 40/400 | 17:41:15
[TRAIN] Step 40 | Loss=1.055980 | Best makespan in group=2376.00
[TRAIN][VAL][ep 40] avg_gap=0.1331 | std_gap=0.1149 | q80_gap=0.2513 | n=20
[TRAIN][VAL][ep 40] blocked_events=569 | swaps=43 in 13 instance(s)
[TRAIN] Validation improved | smoothed_avg_gap=0.1359 (raw=0.1331) | saving candidate: 633991784402956.pth
[TRAIN] Step 41/400 | 17:42:41
[TRAIN] Step 41 | Loss=5.403593 | Best makespan in group=2394.00
[TRAIN] Step 42/400 | 17:43:30
[TRAIN] Step 42 | Loss=0.005643 | Best makespan in group=1900.00
[TRAIN] Step 43/400 | 17:44:22
[TRAIN] Step 43 | Loss=1.519789 | Best makespan in group=1133.00
[TRAIN] Step 44/400 | 17:45:10
[TRAIN] Step 44 | Loss=0.002660 | Best makespan in group=1670.00
[TRAIN] Step 45/400 | 17:45:51
[TRAIN] Step 45 | Loss=1.891024 | Best makespan in group=1892.00
[TRAIN] Step 46/400 | 17:46:39
[TRAIN] Step 46 | Loss=0.004933 | Best makespan in group=1758.00
[TRAIN] Step 47/400 | 17:47:23
[TRAIN] Step 47 | Loss=8.820095 | Best makespan in group=2328.00
[TRAIN] Step 48/400 | 17:48:28
[TRAIN] Step 48 | Loss=0.400261 | Best makespan in group=2010.00
[TRAIN] Step 49/400 | 17:49:14
[TRAIN] Step 49 | Loss=4.271869 | Best makespan in group=1628.00
[TRAIN] Step 50/400 | 17:50:03
[TRAIN] Step 50 | Loss=0.198416 | Best makespan in group=2092.00
[TRAIN] Step 51/400 | 17:50:58
[TRAIN] Step 51 | Loss=0.078910 | Best makespan in group=2276.00
[TRAIN] Step 52/400 | 17:51:56
[TRAIN] Step 52 | Loss=2.460521 | Best makespan in group=1524.00
[TRAIN] Step 53/400 | 17:52:50
[TRAIN] Step 53 | Loss=0.949950 | Best makespan in group=1785.00
[TRAIN] Step 54/400 | 17:53:55
[TRAIN] Step 54 | Loss=3.986566 | Best makespan in group=2198.00
[TRAIN] Step 55/400 | 17:54:59
[TRAIN] Step 55 | Loss=3.168961 | Best makespan in group=2201.00
[TRAIN] Step 56/400 | 17:55:55
[TRAIN] Step 56 | Loss=5.764319 | Best makespan in group=2092.00
[TRAIN] Step 57/400 | 17:56:50
[TRAIN] Step 57 | Loss=0.712373 | Best makespan in group=1792.00
[TRAIN] Step 58/400 | 17:57:35
[TRAIN] Step 58 | Loss=0.115879 | Best makespan in group=2690.00
[TRAIN] Step 59/400 | 17:58:25
[TRAIN] Step 59 | Loss=3.025833 | Best makespan in group=1964.00
[TRAIN] Step 60/400 | 17:59:26
[TRAIN] Step 60 | Loss=6.260750 | Best makespan in group=1786.00
[TRAIN][VAL][ep 60] avg_gap=0.1493 | std_gap=0.1458 | q80_gap=0.2333 | n=20
[TRAIN][VAL][ep 60] blocked_events=579 | swaps=53 in 16 instance(s)
[TRAIN] Step 61/400 | 18:00:45
[TRAIN] Step 61 | Loss=0.008916 | Best makespan in group=1452.00
[TRAIN] Step 62/400 | 18:01:35
[TRAIN] Step 62 | Loss=1.614117 | Best makespan in group=1620.00
[TRAIN] Step 63/400 | 18:02:32
[TRAIN] Step 63 | Loss=0.925495 | Best makespan in group=1536.00
[TRAIN] Step 64/400 | 18:03:32
[TRAIN] Step 64 | Loss=1.177382 | Best makespan in group=2055.00
[TRAIN] Step 65/400 | 18:04:24
[TRAIN] Step 65 | Loss=1.628390 | Best makespan in group=1364.00
[TRAIN] Step 66/400 | 18:05:06
[TRAIN] Step 66 | Loss=14.825084 | Best makespan in group=2456.00
[TRAIN] Step 67/400 | 18:06:09
[TRAIN] Step 67 | Loss=3.992468 | Best makespan in group=1660.00
[TRAIN] Step 68/400 | 18:07:02
[TRAIN] Step 68 | Loss=0.063025 | Best makespan in group=1754.00
[TRAIN] Step 69/400 | 18:07:51
[TRAIN] Step 69 | Loss=1.788154 | Best makespan in group=2376.00
[TRAIN] Step 70/400 | 18:08:41
[TRAIN] Step 70 | Loss=6.394698 | Best makespan in group=1824.00
[TRAIN] Step 71/400 | 18:09:33
[TRAIN] Step 71 | Loss=2.827587 | Best makespan in group=1830.00
[TRAIN] Step 72/400 | 18:10:19
[TRAIN] Step 72 | Loss=8.256973 | Best makespan in group=2180.00
[TRAIN] Step 73/400 | 18:11:17
[TRAIN] Step 73 | Loss=4.569610 | Best makespan in group=1744.00
[TRAIN] Step 74/400 | 18:11:58
[TRAIN] Step 74 | Loss=2.055379 | Best makespan in group=2278.00
[TRAIN] Step 75/400 | 18:12:49
[TRAIN] Step 75 | Loss=0.185814 | Best makespan in group=1836.00
[TRAIN] Step 76/400 | 18:13:52
[TRAIN] Step 76 | Loss=0.020129 | Best makespan in group=1142.00
[TRAIN] Step 77/400 | 18:14:37
[TRAIN] Step 77 | Loss=0.150133 | Best makespan in group=2678.00
[TRAIN] Step 78/400 | 18:15:31
[TRAIN] Step 78 | Loss=3.244500 | Best makespan in group=2576.00
[TRAIN] Step 79/400 | 18:16:22
[TRAIN] Step 79 | Loss=1.278936 | Best makespan in group=1828.00
[TRAIN] Step 80/400 | 18:17:26
[TRAIN] Step 80 | Loss=1.031720 | Best makespan in group=1783.00
[TRAIN][VAL][ep 80] avg_gap=0.1334 | std_gap=0.1534 | q80_gap=0.1861 | n=20
[TRAIN][VAL][ep 80] blocked_events=563 | swaps=42 in 13 instance(s)
[TRAIN] Step 81/400 | 18:18:38
[TRAIN] Step 81 | Loss=1.474560 | Best makespan in group=2102.00
[TRAIN] Step 82/400 | 18:19:28
[TRAIN] Step 82 | Loss=0.789086 | Best makespan in group=1544.00
[TRAIN] Step 83/400 | 18:20:35
[TRAIN] Step 83 | Loss=2.335362 | Best makespan in group=3028.00
[TRAIN] Step 84/400 | 18:21:39
[TRAIN] Step 84 | Loss=0.000109 | Best makespan in group=1373.00
[TRAIN] Step 85/400 | 18:22:29
[TRAIN] Step 85 | Loss=0.109427 | Best makespan in group=2678.00
[TRAIN] Step 86/400 | 18:23:16
[TRAIN] Step 86 | Loss=1.819084 | Best makespan in group=1734.00
[TRAIN] Step 87/400 | 18:24:08
[TRAIN] Step 87 | Loss=1.999781 | Best makespan in group=2304.00
[TRAIN] Step 88/400 | 18:24:58
[TRAIN] Step 88 | Loss=0.017095 | Best makespan in group=1520.00
[TRAIN] Step 89/400 | 18:25:43
[TRAIN] Step 89 | Loss=2.107150 | Best makespan in group=1558.00
[TRAIN] Step 90/400 | 18:26:27
[TRAIN] Step 90 | Loss=2.449697 | Best makespan in group=2042.00
[TRAIN] Step 91/400 | 18:27:28
[TRAIN] Step 91 | Loss=6.231401 | Best makespan in group=2150.00
[TRAIN] Step 92/400 | 18:28:28
[TRAIN] Step 92 | Loss=0.841924 | Best makespan in group=1376.00
[TRAIN] Step 93/400 | 18:29:10
[TRAIN] Step 93 | Loss=0.378386 | Best makespan in group=1205.00
[TRAIN] Step 94/400 | 18:30:13
[TRAIN] Step 94 | Loss=5.456202 | Best makespan in group=1334.00
[TRAIN] Step 95/400 | 18:30:54
[TRAIN] Step 95 | Loss=3.770563 | Best makespan in group=1772.00
[TRAIN] Step 96/400 | 18:31:43
[TRAIN] Step 96 | Loss=0.737577 | Best makespan in group=1212.00
[TRAIN] Step 97/400 | 18:32:39
[TRAIN] Step 97 | Loss=3.062866 | Best makespan in group=2134.00
[TRAIN] Step 98/400 | 18:33:31
[TRAIN] Step 98 | Loss=1.042625 | Best makespan in group=730.00
[TRAIN] Step 99/400 | 18:34:13
[TRAIN] Step 99 | Loss=5.036440 | Best makespan in group=1520.00
[TRAIN] Step 100/400 | 18:35:00
[TRAIN] Step 100 | Loss=0.008886 | Best makespan in group=2034.00
[TRAIN][VAL][ep 100] avg_gap=0.1337 | std_gap=0.1199 | q80_gap=0.2329 | n=20
[TRAIN][VAL][ep 100] blocked_events=551 | swaps=38 in 14 instance(s)
[TRAIN] Step 101/400 | 18:36:09
[TRAIN] Step 101 | Loss=3.995096 | Best makespan in group=1966.00
[TRAIN] Step 102/400 | 18:37:08
[TRAIN] Step 102 | Loss=0.007453 | Best makespan in group=1792.00
[TRAIN] Step 103/400 | 18:37:58
[TRAIN] Step 103 | Loss=0.012936 | Best makespan in group=1734.00
[TRAIN] Step 104/400 | 18:38:50
[TRAIN] Step 104 | Loss=0.299988 | Best makespan in group=1212.00
[TRAIN] Step 105/400 | 18:39:45
[TRAIN] Step 105 | Loss=3.634374 | Best makespan in group=2456.00
[TRAIN] Step 106/400 | 18:40:48
[TRAIN] Step 106 | Loss=3.763856 | Best makespan in group=1282.00
[TRAIN] Step 107/400 | 18:41:31
[TRAIN] Step 107 | Loss=0.037068 | Best makespan in group=1520.00
[TRAIN] Step 108/400 | 18:42:16
[TRAIN] Step 108 | Loss=0.657002 | Best makespan in group=3164.00
[TRAIN] Step 109/400 | 18:43:27
[TRAIN] Step 109 | Loss=0.000185 | Best makespan in group=1446.00
[TRAIN] Step 110/400 | 18:44:18
[TRAIN] Step 110 | Loss=0.249379 | Best makespan in group=2103.00
[TRAIN] Step 111/400 | 18:45:09
[TRAIN] Step 111 | Loss=2.439891 | Best makespan in group=2092.00
[TRAIN] Step 112/400 | 18:46:02
[TRAIN] Step 112 | Loss=7.103434 | Best makespan in group=1836.00
[TRAIN] Step 113/400 | 18:46:57
[TRAIN] Step 113 | Loss=0.796500 | Best makespan in group=2376.00
[TRAIN] Step 114/400 | 18:48:00
[TRAIN] Step 114 | Loss=4.845263 | Best makespan in group=2678.00
[TRAIN] Step 115/400 | 18:48:54
[TRAIN] Step 115 | Loss=2.303050 | Best makespan in group=2092.00
[TRAIN] Step 116/400 | 18:49:50
[TRAIN] Step 116 | Loss=2.917462 | Best makespan in group=1520.00
[TRAIN] Step 117/400 | 18:50:37
[TRAIN] Step 117 | Loss=3.398342 | Best makespan in group=2278.00
[TRAIN] Step 118/400 | 18:51:36
[TRAIN] Step 118 | Loss=9.945855 | Best makespan in group=2302.00
[TRAIN] Step 119/400 | 18:52:39
[TRAIN] Step 119 | Loss=3.749856 | Best makespan in group=1536.00
[TRAIN] Step 120/400 | 18:53:40
[TRAIN] Step 120 | Loss=2.311020 | Best makespan in group=2125.00
[TRAIN][VAL][ep 120] avg_gap=0.1460 | std_gap=0.1733 | q80_gap=0.2654 | n=20
[TRAIN][VAL][ep 120] blocked_events=575 | swaps=49 in 11 instance(s)
[TRAIN] Step 121/400 | 18:55:02
[TRAIN] Step 121 | Loss=2.580819 | Best makespan in group=1120.00
[TRAIN] Step 122/400 | 18:55:47
[TRAIN] Step 122 | Loss=0.004683 | Best makespan in group=1670.00
[TRAIN] Step 123/400 | 18:56:28
[TRAIN] Step 123 | Loss=0.000435 | Best makespan in group=729.00
[TRAIN] Step 124/400 | 18:57:10
[TRAIN] Step 124 | Loss=0.025110 | Best makespan in group=2010.00
[TRAIN] Step 125/400 | 18:57:54
[TRAIN] Step 125 | Loss=0.909905 | Best makespan in group=2678.00
[TRAIN] Step 126/400 | 18:58:43
[TRAIN] Step 126 | Loss=0.380071 | Best makespan in group=2102.00
[TRAIN] Step 127/400 | 18:59:33
[TRAIN] Step 127 | Loss=2.064000 | Best makespan in group=2006.00
[TRAIN] Step 128/400 | 19:00:23
[TRAIN] Step 128 | Loss=8.618537 | Best makespan in group=2090.00
[TRAIN] Step 129/400 | 19:01:30
[TRAIN] Step 129 | Loss=0.025783 | Best makespan in group=2304.00
[TRAIN] Step 130/400 | 19:02:19
[TRAIN] Step 130 | Loss=4.699563 | Best makespan in group=2276.00
[TRAIN] Step 131/400 | 19:03:15
[TRAIN] Step 131 | Loss=1.213599 | Best makespan in group=1270.00
[TRAIN] Step 132/400 | 19:04:16
[TRAIN] Step 132 | Loss=0.582883 | Best makespan in group=1174.00
[TRAIN] Step 133/400 | 19:05:09
[TRAIN] Step 133 | Loss=1.849788 | Best makespan in group=2362.00
[TRAIN] Step 134/400 | 19:06:09
[TRAIN] Step 134 | Loss=1.979980 | Best makespan in group=2034.00
[TRAIN] Step 135/400 | 19:06:56
[TRAIN] Step 135 | Loss=3.314216 | Best makespan in group=1754.00
[TRAIN] Step 136/400 | 19:07:43
[TRAIN] Step 136 | Loss=0.806691 | Best makespan in group=1776.00
[TRAIN] Step 137/400 | 19:08:49
[TRAIN] Step 137 | Loss=0.000674 | Best makespan in group=1902.00
[TRAIN] Step 138/400 | 19:09:42
[TRAIN] Step 138 | Loss=2.833223 | Best makespan in group=1448.00
[TRAIN] Step 139/400 | 19:10:35
[TRAIN] Step 139 | Loss=11.237113 | Best makespan in group=1965.00
[TRAIN] Step 140/400 | 19:11:28
[TRAIN] Step 140 | Loss=0.000683 | Best makespan in group=1987.00
[TRAIN][VAL][ep 140] avg_gap=0.1486 | std_gap=0.1542 | q80_gap=0.2579 | n=20
[TRAIN][VAL][ep 140] blocked_events=560 | swaps=43 in 14 instance(s)
[TRAIN] Step 141/400 | 19:12:40
[TRAIN] Step 141 | Loss=0.001460 | Best makespan in group=2134.00
[TRAIN] Step 142/400 | 19:13:31
[TRAIN] Step 142 | Loss=0.002702 | Best makespan in group=2048.00
[TRAIN] Step 143/400 | 19:14:32
[TRAIN] Step 143 | Loss=2.424861 | Best makespan in group=1298.00
[TRAIN] Step 144/400 | 19:15:24
[TRAIN] Step 144 | Loss=0.000221 | Best makespan in group=1758.00
[TRAIN] Step 145/400 | 19:16:07
[TRAIN] Step 145 | Loss=1.957511 | Best makespan in group=1526.00
[TRAIN] Step 146/400 | 19:16:57
[TRAIN] Step 146 | Loss=0.002603 | Best makespan in group=1460.00
[TRAIN] Step 147/400 | 19:17:58
[TRAIN] Step 147 | Loss=0.856508 | Best makespan in group=1544.00
[TRAIN] Step 148/400 | 19:19:02
[TRAIN] Step 148 | Loss=4.659281 | Best makespan in group=2198.00
[TRAIN] Step 149/400 | 19:20:12
[TRAIN] Step 149 | Loss=0.053612 | Best makespan in group=1364.00
[TRAIN] Step 150/400 | 19:20:56
[TRAIN] Step 150 | Loss=11.336040 | Best makespan in group=1828.00
[TRAIN] Step 151/400 | 19:21:37
[TRAIN] Step 151 | Loss=1.721092 | Best makespan in group=2150.00
[TRAIN] Step 152/400 | 19:22:34
[TRAIN] Step 152 | Loss=2.552857 | Best makespan in group=1814.00
[TRAIN] Step 153/400 | 19:23:23
[TRAIN] Step 153 | Loss=0.000204 | Best makespan in group=1888.00
[TRAIN] Step 154/400 | 19:24:28
[TRAIN] Step 154 | Loss=0.262544 | Best makespan in group=1756.00
[TRAIN] Step 155/400 | 19:25:14
[TRAIN] Step 155 | Loss=6.343893 | Best makespan in group=2690.00
[TRAIN] Step 156/400 | 19:26:04
[TRAIN] Step 156 | Loss=8.790748 | Best makespan in group=1966.00
[TRAIN] Step 157/400 | 19:27:06
[TRAIN] Step 157 | Loss=1.463717 | Best makespan in group=2394.00
[TRAIN] Step 158/400 | 19:27:55
[TRAIN] Step 158 | Loss=8.514764 | Best makespan in group=1440.00
[TRAIN] Step 159/400 | 19:28:42
[TRAIN] Step 159 | Loss=1.429899 | Best makespan in group=1900.00
[TRAIN] Step 160/400 | 19:29:31
[TRAIN] Step 160 | Loss=0.893049 | Best makespan in group=1622.00
[TRAIN][VAL][ep 160] avg_gap=0.1042 | std_gap=0.1157 | q80_gap=0.1566 | n=20
[TRAIN][VAL][ep 160] blocked_events=550 | swaps=37 in 12 instance(s)
[TRAIN] Validation improved | smoothed_avg_gap=0.1330 (raw=0.1042) | saving candidate: 882761389759107.pth
[TRAIN] Step 161/400 | 19:30:48
[TRAIN] Step 161 | Loss=4.219819 | Best makespan in group=2004.00
[TRAIN] Step 162/400 | 19:31:43
[TRAIN] Step 162 | Loss=1.928399 | Best makespan in group=1628.00
[TRAIN] Step 163/400 | 19:32:33
[TRAIN] Step 163 | Loss=5.438225 | Best makespan in group=2618.00
[TRAIN] Step 164/400 | 19:33:23
[TRAIN] Step 164 | Loss=0.015470 | Best makespan in group=1582.00
[TRAIN] Step 165/400 | 19:34:07
[TRAIN] Step 165 | Loss=0.276273 | Best makespan in group=1334.00
[TRAIN] Step 166/400 | 19:34:49
[TRAIN] Step 166 | Loss=1.333045 | Best makespan in group=2167.00
[TRAIN] Step 167/400 | 19:35:54
[TRAIN] Step 167 | Loss=2.539613 | Best makespan in group=1558.00
[TRAIN] Step 168/400 | 19:36:34
[TRAIN] Step 168 | Loss=0.051931 | Best makespan in group=1160.00
[TRAIN] Step 169/400 | 19:37:19
[TRAIN] Step 169 | Loss=4.476921 | Best makespan in group=2008.00
[TRAIN] Step 170/400 | 19:38:16
[TRAIN] Step 170 | Loss=1.437464 | Best makespan in group=1860.00
[TRAIN] Step 171/400 | 19:39:19
[TRAIN] Step 171 | Loss=0.000733 | Best makespan in group=1452.00
[TRAIN] Step 172/400 | 19:40:09
[TRAIN] Step 172 | Loss=2.003560 | Best makespan in group=1768.00
[TRAIN] Step 173/400 | 19:40:53
[TRAIN] Step 173 | Loss=0.147918 | Best makespan in group=1142.00
[TRAIN] Step 174/400 | 19:41:35
[TRAIN] Step 174 | Loss=0.492326 | Best makespan in group=1882.00
[TRAIN] Step 175/400 | 19:42:22
[TRAIN] Step 175 | Loss=2.673226 | Best makespan in group=3028.00
[TRAIN] Step 176/400 | 19:43:25
[TRAIN] Step 176 | Loss=0.166563 | Best makespan in group=1786.00
[TRAIN] Step 177/400 | 19:44:26
[TRAIN] Step 177 | Loss=0.002748 | Best makespan in group=1656.00
[TRAIN] Step 178/400 | 19:45:15
[TRAIN] Step 178 | Loss=0.093436 | Best makespan in group=1830.00
[TRAIN] Step 179/400 | 19:46:00
[TRAIN] Step 179 | Loss=6.773479 | Best makespan in group=2612.00
[TRAIN] Step 180/400 | 19:46:58
[TRAIN] Step 180 | Loss=3.481332 | Best makespan in group=1632.00
[TRAIN][VAL][ep 180] avg_gap=0.1407 | std_gap=0.1330 | q80_gap=0.2894 | n=20
[TRAIN][VAL][ep 180] blocked_events=563 | swaps=44 in 15 instance(s)
[TRAIN] Validation improved | smoothed_avg_gap=0.1312 (raw=0.1407) | saving candidate: 462713465739315.pth
[TRAIN] Step 181/400 | 19:48:23
[TRAIN] Step 181 | Loss=2.177406 | Best makespan in group=2491.00
[TRAIN] Step 182/400 | 19:49:15
[TRAIN] Step 182 | Loss=3.121865 | Best makespan in group=2278.00
[TRAIN] Step 183/400 | 19:50:06
[TRAIN] Step 183 | Loss=11.284870 | Best makespan in group=2387.00
[TRAIN] Step 184/400 | 19:51:09
[TRAIN] Step 184 | Loss=9.355533 | Best makespan in group=2394.00
[TRAIN] Step 185/400 | 19:52:04
[TRAIN] Step 185 | Loss=0.017965 | Best makespan in group=1894.00
[TRAIN] Step 186/400 | 19:53:01
[TRAIN] Step 186 | Loss=0.011753 | Best makespan in group=1092.00
[TRAIN] Step 187/400 | 19:53:55
[TRAIN] Step 187 | Loss=1.877622 | Best makespan in group=1958.00
[TRAIN] Step 188/400 | 19:54:54
[TRAIN] Step 188 | Loss=1.231145 | Best makespan in group=1186.00
[TRAIN] Step 189/400 | 19:55:59
[TRAIN] Step 189 | Loss=1.609772 | Best makespan in group=1773.00
[TRAIN] Step 190/400 | 19:57:01
[TRAIN] Step 190 | Loss=5.958007 | Best makespan in group=2397.00
[TRAIN] Step 191/400 | 19:57:47
[TRAIN] Step 191 | Loss=0.507173 | Best makespan in group=1152.00
[TRAIN] Step 192/400 | 19:58:35
[TRAIN] Step 192 | Loss=2.476229 | Best makespan in group=2162.00
[TRAIN] Step 193/400 | 19:59:30
[TRAIN] Step 193 | Loss=1.904617 | Best makespan in group=1800.00
[TRAIN] Step 194/400 | 20:00:20
[TRAIN] Step 194 | Loss=7.962698 | Best makespan in group=1786.00
[TRAIN] Step 195/400 | 20:01:18
[TRAIN] Step 195 | Loss=0.622415 | Best makespan in group=1754.00
[TRAIN] Step 196/400 | 20:02:06
[TRAIN] Step 196 | Loss=2.080020 | Best makespan in group=1282.00
[TRAIN] Step 197/400 | 20:02:57
[TRAIN] Step 197 | Loss=0.475896 | Best makespan in group=1944.00
[TRAIN] Step 198/400 | 20:03:47
[TRAIN] Step 198 | Loss=2.002397 | Best makespan in group=2180.00
[TRAIN] Step 199/400 | 20:04:43
[TRAIN] Step 199 | Loss=4.036562 | Best makespan in group=2450.00
[TRAIN] Step 200/400 | 20:05:36
[TRAIN] Step 200 | Loss=1.722906 | Best makespan in group=1824.00
[TRAIN][VAL][ep 200] avg_gap=0.1666 | std_gap=0.1641 | q80_gap=0.2579 | n=20
[TRAIN][VAL][ep 200] blocked_events=563 | swaps=54 in 15 instance(s)
[TRAIN] Step 201/400 | 20:06:51
[TRAIN] Step 201 | Loss=0.301676 | Best makespan in group=1754.00
[TRAIN] Step 202/400 | 20:07:41
[TRAIN] Step 202 | Loss=0.657449 | Best makespan in group=1309.00
[TRAIN] Step 203/400 | 20:08:42
[TRAIN] Step 203 | Loss=0.001494 | Best makespan in group=1364.00
[TRAIN] Step 204/400 | 20:09:26
[TRAIN] Step 204 | Loss=0.453268 | Best makespan in group=2107.00
[TRAIN] Step 205/400 | 20:10:26
[TRAIN] Step 205 | Loss=0.345269 | Best makespan in group=1642.00
[TRAIN] Step 206/400 | 20:11:18
[TRAIN] Step 206 | Loss=0.002954 | Best makespan in group=1452.00
[TRAIN] Step 207/400 | 20:12:08
[TRAIN] Step 207 | Loss=4.886587 | Best makespan in group=1966.00
[TRAIN] Step 208/400 | 20:13:09
[TRAIN] Step 208 | Loss=5.211234 | Best makespan in group=1786.00
[TRAIN] Step 209/400 | 20:14:07
[TRAIN] Step 209 | Loss=0.213296 | Best makespan in group=2278.00
[TRAIN] Step 210/400 | 20:15:06
[TRAIN] Step 210 | Loss=8.310251 | Best makespan in group=1566.00
[TRAIN] Step 211/400 | 20:15:54
[TRAIN] Step 211 | Loss=9.066482 | Best makespan in group=2690.00
[TRAIN] Step 212/400 | 20:16:44
[TRAIN] Step 212 | Loss=0.128407 | Best makespan in group=1754.00
[TRAIN] Step 213/400 | 20:17:33
[TRAIN] Step 213 | Loss=0.844318 | Best makespan in group=1960.00
[TRAIN] Step 214/400 | 20:18:23
[TRAIN] Step 214 | Loss=0.156343 | Best makespan in group=1262.00
[TRAIN] Step 215/400 | 20:19:14
[TRAIN] Step 215 | Loss=2.255507 | Best makespan in group=2278.00
[TRAIN] Step 216/400 | 20:20:04
[TRAIN] Step 216 | Loss=0.014635 | Best makespan in group=2011.00
[TRAIN] Step 217/400 | 20:20:54
[TRAIN] Step 217 | Loss=0.010343 | Best makespan in group=1888.00
[TRAIN] Step 218/400 | 20:22:00
[TRAIN] Step 218 | Loss=0.032700 | Best makespan in group=1830.00
[TRAIN] Step 219/400 | 20:22:44
[TRAIN] Step 219 | Loss=0.237050 | Best makespan in group=2044.00
[TRAIN] Step 220/400 | 20:23:43
[TRAIN] Step 220 | Loss=0.761062 | Best makespan in group=1776.00
[TRAIN][VAL][ep 220] avg_gap=0.1419 | std_gap=0.1853 | q80_gap=0.2494 | n=20
[TRAIN][VAL][ep 220] blocked_events=576 | swaps=41 in 12 instance(s)
[TRAIN] Step 221/400 | 20:25:12
[TRAIN] Step 221 | Loss=7.621203 | Best makespan in group=1256.00
[TRAIN] Step 222/400 | 20:26:06
[TRAIN] Step 222 | Loss=0.096337 | Best makespan in group=2104.00
[TRAIN] Step 223/400 | 20:27:13
[TRAIN] Step 223 | Loss=2.375828 | Best makespan in group=1824.00
[TRAIN] Step 224/400 | 20:28:08
[TRAIN] Step 224 | Loss=2.298179 | Best makespan in group=1212.00
[TRAIN] Step 225/400 | 20:29:03
[TRAIN] Step 225 | Loss=4.367690 | Best makespan in group=2180.00
[TRAIN] Step 226/400 | 20:29:59
[TRAIN] Step 226 | Loss=2.998077 | Best makespan in group=2198.00
[TRAIN] Step 227/400 | 20:31:03
[TRAIN] Step 227 | Loss=0.620310 | Best makespan in group=1814.00
[TRAIN] Step 228/400 | 20:31:51
[TRAIN] Step 228 | Loss=0.864619 | Best makespan in group=729.00
[TRAIN] Step 229/400 | 20:32:34
[TRAIN] Step 229 | Loss=2.356947 | Best makespan in group=1120.00
[TRAIN] Step 230/400 | 20:33:18
[TRAIN] Step 230 | Loss=0.338375 | Best makespan in group=1520.00
[TRAIN] Step 231/400 | 20:34:02
[TRAIN] Step 231 | Loss=0.930970 | Best makespan in group=2456.00
[TRAIN] Step 232/400 | 20:35:05
[TRAIN] Step 232 | Loss=3.857825 | Best makespan in group=2390.00
[TRAIN] Step 233/400 | 20:35:54
[TRAIN] Step 233 | Loss=3.641507 | Best makespan in group=2008.00
[TRAIN] Step 234/400 | 20:36:51
[TRAIN] Step 234 | Loss=2.067386 | Best makespan in group=2351.00
[TRAIN] Step 235/400 | 20:37:53
[TRAIN] Step 235 | Loss=0.000743 | Best makespan in group=1056.00
[TRAIN] Step 236/400 | 20:38:45
[TRAIN] Step 236 | Loss=8.886812 | Best makespan in group=2261.00
[TRAIN] Step 237/400 | 20:39:48
[TRAIN] Step 237 | Loss=0.853736 | Best makespan in group=1168.00
[TRAIN] Step 238/400 | 20:40:53
[TRAIN] Step 238 | Loss=3.297663 | Best makespan in group=2102.00
[TRAIN] Step 239/400 | 20:41:43
[TRAIN] Step 239 | Loss=0.077296 | Best makespan in group=1844.00
[TRAIN] Step 240/400 | 20:42:46
[TRAIN] Step 240 | Loss=0.082970 | Best makespan in group=1334.00
[TRAIN][VAL][ep 240] avg_gap=0.1311 | std_gap=0.1450 | q80_gap=0.2494 | n=20
[TRAIN][VAL][ep 240] blocked_events=567 | swaps=44 in 13 instance(s)
[TRAIN] Step 241/400 | 20:43:50
[TRAIN] Step 241 | Loss=2.713308 | Best makespan in group=2296.00
[TRAIN] Step 242/400 | 20:44:49
[TRAIN] Step 242 | Loss=0.657927 | Best makespan in group=1558.00
[TRAIN] Step 243/400 | 20:45:29
[TRAIN] Step 243 | Loss=9.317385 | Best makespan in group=2456.00
[TRAIN] Step 244/400 | 20:46:20
[TRAIN] Step 244 | Loss=2.708614 | Best makespan in group=1536.00
[TRAIN] Step 245/400 | 20:47:12
[TRAIN] Step 245 | Loss=0.933390 | Best makespan in group=1862.00
[TRAIN] Step 246/400 | 20:48:18
[TRAIN] Step 246 | Loss=0.001708 | Best makespan in group=1758.00
[TRAIN] Step 247/400 | 20:49:02
[TRAIN] Step 247 | Loss=3.513535 | Best makespan in group=1978.00
[TRAIN] Step 248/400 | 20:49:59
[TRAIN] Step 248 | Loss=4.225876 | Best makespan in group=1536.00
[TRAIN] Step 249/400 | 20:50:59
[TRAIN] Step 249 | Loss=1.959698 | Best makespan in group=2162.00
[TRAIN] Step 250/400 | 20:51:53
[TRAIN] Step 250 | Loss=1.861684 | Best makespan in group=1440.00
[TRAIN] Step 251/400 | 20:52:38
[TRAIN] Step 251 | Loss=0.029122 | Best makespan in group=1582.00
[TRAIN] Step 252/400 | 20:53:21
[TRAIN] Step 252 | Loss=7.385049 | Best makespan in group=2618.00
[TRAIN] Step 253/400 | 20:54:12
[TRAIN] Step 253 | Loss=0.012609 | Best makespan in group=1620.00
[TRAIN] Step 254/400 | 20:55:07
[TRAIN] Step 254 | Loss=0.268356 | Best makespan in group=3164.00
[TRAIN] Step 255/400 | 20:56:15
[TRAIN] Step 255 | Loss=0.000056 | Best makespan in group=1544.00
[TRAIN] Step 256/400 | 20:57:19
[TRAIN] Step 256 | Loss=9.457088 | Best makespan in group=1652.00
[TRAIN] Step 257/400 | 20:58:14
[TRAIN] Step 257 | Loss=6.258338 | Best makespan in group=1771.00
[TRAIN] Step 258/400 | 20:59:11
[TRAIN] Step 258 | Loss=7.942054 | Best makespan in group=2150.00
[TRAIN] Step 259/400 | 21:00:09
[TRAIN] Step 259 | Loss=1.630952 | Best makespan in group=2006.00
[TRAIN] Step 260/400 | 21:01:01
[TRAIN] Step 260 | Loss=0.415488 | Best makespan in group=2048.00
[TRAIN][VAL][ep 260] avg_gap=0.1142 | std_gap=0.1197 | q80_gap=0.2206 | n=20
[TRAIN][VAL][ep 260] blocked_events=557 | swaps=41 in 14 instance(s)
[TRAIN] Validation improved | smoothed_avg_gap=0.1290 (raw=0.1142) | saving candidate: 236598447778312.pth
[TRAIN] Step 261/400 | 21:02:24
[TRAIN] Step 261 | Loss=1.067414 | Best makespan in group=2394.00
[TRAIN] Step 262/400 | 21:03:18
[TRAIN] Step 262 | Loss=0.010359 | Best makespan in group=1656.00
[TRAIN] Step 263/400 | 21:04:09
[TRAIN] Step 263 | Loss=0.231520 | Best makespan in group=1900.00
[TRAIN] Step 264/400 | 21:05:01
[TRAIN] Step 264 | Loss=0.688264 | Best makespan in group=2678.00
[TRAIN] Step 265/400 | 21:05:54
[TRAIN] Step 265 | Loss=0.557417 | Best makespan in group=2376.00
[TRAIN] Step 266/400 | 21:06:57
[TRAIN] Step 266 | Loss=3.653694 | Best makespan in group=3028.00
[TRAIN] Step 267/400 | 21:08:00
[TRAIN] Step 267 | Loss=5.222505 | Best makespan in group=2211.00
[TRAIN] Step 268/400 | 21:09:05
[TRAIN] Step 268 | Loss=0.822822 | Best makespan in group=1768.00
[TRAIN] Step 269/400 | 21:09:47
[TRAIN] Step 269 | Loss=0.090357 | Best makespan in group=1520.00
[TRAIN] Step 270/400 | 21:10:36
[TRAIN] Step 270 | Loss=2.385219 | Best makespan in group=1160.00
[TRAIN] Step 271/400 | 21:11:17
[TRAIN] Step 271 | Loss=3.090264 | Best makespan in group=1781.00
[TRAIN] Step 272/400 | 21:12:07
[TRAIN] Step 272 | Loss=2.535233 | Best makespan in group=1618.00
[TRAIN] Step 273/400 | 21:12:59
[TRAIN] Step 273 | Loss=0.032935 | Best makespan in group=2276.00
[TRAIN] Step 274/400 | 21:13:56
[TRAIN] Step 274 | Loss=4.889355 | Best makespan in group=2537.00
[TRAIN] Step 275/400 | 21:14:54
[TRAIN] Step 275 | Loss=0.229521 | Best makespan in group=1142.00
[TRAIN] Step 276/400 | 21:15:38
[TRAIN] Step 276 | Loss=2.485401 | Best makespan in group=2678.00
[TRAIN] Step 277/400 | 21:16:24
[TRAIN] Step 277 | Loss=0.407598 | Best makespan in group=2394.00
[TRAIN] Step 278/400 | 21:17:14
[TRAIN] Step 278 | Loss=0.133049 | Best makespan in group=1792.00
[TRAIN] Step 279/400 | 21:17:58
[TRAIN] Step 279 | Loss=1.210003 | Best makespan in group=1900.00
[TRAIN] Step 280/400 | 21:18:47
[TRAIN] Step 280 | Loss=0.169801 | Best makespan in group=2010.00
[TRAIN][VAL][ep 280] avg_gap=0.1234 | std_gap=0.1339 | q80_gap=0.2199 | n=20
[TRAIN][VAL][ep 280] blocked_events=549 | swaps=39 in 14 instance(s)
[TRAIN] Validation improved | smoothed_avg_gap=0.1229 (raw=0.1234) | saving candidate: 585642651048989.pth
[TRAIN] Step 281/400 | 21:19:57
[TRAIN] Step 281 | Loss=2.092362 | Best makespan in group=1788.00
[TRAIN] Step 282/400 | 21:20:40
[TRAIN] Step 282 | Loss=0.119819 | Best makespan in group=1734.00
[TRAIN] Step 283/400 | 21:21:32
[TRAIN] Step 283 | Loss=0.415807 | Best makespan in group=2034.00
[TRAIN] Step 284/400 | 21:22:18
[TRAIN] Step 284 | Loss=0.332679 | Best makespan in group=2200.00
[TRAIN] Step 285/400 | 21:23:12
[TRAIN] Step 285 | Loss=0.389260 | Best makespan in group=1670.00
[TRAIN] Step 286/400 | 21:23:52
[TRAIN] Step 286 | Loss=1.005409 | Best makespan in group=1338.00
[TRAIN] Step 287/400 | 21:24:35
[TRAIN] Step 287 | Loss=0.002796 | Best makespan in group=1460.00
[TRAIN] Step 288/400 | 21:25:37
[TRAIN] Step 288 | Loss=3.152560 | Best makespan in group=2092.00
[TRAIN] Step 289/400 | 21:26:31
[TRAIN] Step 289 | Loss=0.993254 | Best makespan in group=2304.00
[TRAIN] Step 290/400 | 21:27:24
[TRAIN] Step 290 | Loss=0.323917 | Best makespan in group=2092.00
[TRAIN] Step 291/400 | 21:28:21
[TRAIN] Step 291 | Loss=0.262830 | Best makespan in group=2134.00
[TRAIN] Step 292/400 | 21:29:14
[TRAIN] Step 292 | Loss=5.290076 | Best makespan in group=1756.00
[TRAIN] Step 293/400 | 21:29:59
[TRAIN] Step 293 | Loss=1.131561 | Best makespan in group=1882.00
[TRAIN] Step 294/400 | 21:30:43
[TRAIN] Step 294 | Loss=0.067483 | Best makespan in group=1446.00
[TRAIN] Step 295/400 | 21:31:39
[TRAIN] Step 295 | Loss=0.286819 | Best makespan in group=1892.00
[TRAIN] Step 296/400 | 21:32:25
[TRAIN] Step 296 | Loss=0.619040 | Best makespan in group=2450.00
[TRAIN] Step 297/400 | 21:33:21
[TRAIN] Step 297 | Loss=0.137979 | Best makespan in group=1129.00
[TRAIN] Step 298/400 | 21:34:13
[TRAIN] Step 298 | Loss=1.114900 | Best makespan in group=1869.00
[TRAIN] Step 299/400 | 21:35:14
[TRAIN] Step 299 | Loss=5.010794 | Best makespan in group=2004.00
[TRAIN] Step 300/400 | 21:36:08
[TRAIN] Step 300 | Loss=4.844187 | Best makespan in group=1166.00
[TRAIN][VAL][ep 300] avg_gap=0.1476 | std_gap=0.1645 | q80_gap=0.2242 | n=20
[TRAIN][VAL][ep 300] blocked_events=543 | swaps=47 in 14 instance(s)
[TRAIN] Step 301/400 | 21:37:20
[TRAIN] Step 301 | Loss=5.099499 | Best makespan in group=2356.00
[TRAIN] Step 302/400 | 21:38:23
[TRAIN] Step 302 | Loss=0.270825 | Best makespan in group=1756.00
[TRAIN] Step 303/400 | 21:39:10
[TRAIN] Step 303 | Loss=4.604934 | Best makespan in group=1304.00
[TRAIN] Step 304/400 | 21:40:00
[TRAIN] Step 304 | Loss=0.427101 | Best makespan in group=2394.00
[TRAIN] Step 305/400 | 21:40:59
[TRAIN] Step 305 | Loss=0.000800 | Best makespan in group=2074.00
[TRAIN] Step 306/400 | 21:41:49
[TRAIN] Step 306 | Loss=1.304612 | Best makespan in group=2304.00
[TRAIN] Step 307/400 | 21:42:40
[TRAIN] Step 307 | Loss=0.000834 | Best makespan in group=1754.00
[TRAIN] Step 308/400 | 21:43:30
[TRAIN] Step 308 | Loss=0.560315 | Best makespan in group=1792.00
[TRAIN] Step 309/400 | 21:44:16
[TRAIN] Step 309 | Loss=1.406325 | Best makespan in group=1536.00
[TRAIN] Step 310/400 | 21:45:16
[TRAIN] Step 310 | Loss=1.156067 | Best makespan in group=1264.00
[TRAIN] Step 311/400 | 21:45:58
[TRAIN] Step 311 | Loss=0.000379 | Best makespan in group=1520.00
[TRAIN] Step 312/400 | 21:46:45
[TRAIN] Step 312 | Loss=6.975350 | Best makespan in group=2256.00
[TRAIN] Step 313/400 | 21:47:48
[TRAIN] Step 313 | Loss=4.256906 | Best makespan in group=2394.00
[TRAIN] Step 314/400 | 21:48:38
[TRAIN] Step 314 | Loss=2.143430 | Best makespan in group=1818.00
[TRAIN] Step 315/400 | 21:49:40
[TRAIN] Step 315 | Loss=5.257334 | Best makespan in group=2102.00
[TRAIN] Step 316/400 | 21:50:29
[TRAIN] Step 316 | Loss=3.428152 | Best makespan in group=1824.00
[TRAIN] Step 317/400 | 21:51:23
[TRAIN] Step 317 | Loss=0.001065 | Best makespan in group=1582.00
[TRAIN] Step 318/400 | 21:52:08
[TRAIN] Step 318 | Loss=0.002330 | Best makespan in group=1446.00
[TRAIN] Step 319/400 | 21:53:00
[TRAIN] Step 319 | Loss=2.483530 | Best makespan in group=2180.00
[TRAIN] Step 320/400 | 21:53:59
[TRAIN] Step 320 | Loss=0.058912 | Best makespan in group=1776.00
[TRAIN][VAL][ep 320] avg_gap=0.1492 | std_gap=0.1654 | q80_gap=0.2494 | n=20
[TRAIN][VAL][ep 320] blocked_events=548 | swaps=44 in 14 instance(s)
[TRAIN] Step 321/400 | 21:55:30
[TRAIN] Step 321 | Loss=2.935643 | Best makespan in group=1978.00
[TRAIN] Step 322/400 | 21:56:31
[TRAIN] Step 322 | Loss=1.664236 | Best makespan in group=2230.00
[TRAIN] Step 323/400 | 21:57:37
[TRAIN] Step 323 | Loss=1.172023 | Best makespan in group=1812.00
[TRAIN] Step 324/400 | 21:58:39
[TRAIN] Step 324 | Loss=0.203990 | Best makespan in group=1334.00
[TRAIN] Step 325/400 | 21:59:22
[TRAIN] Step 325 | Loss=0.129401 | Best makespan in group=1544.00
[TRAIN] Step 326/400 | 22:00:27
[TRAIN] Step 326 | Loss=0.059905 | Best makespan in group=3164.00
[TRAIN] Step 327/400 | 22:01:37
[TRAIN] Step 327 | Loss=2.929715 | Best makespan in group=1841.00
[TRAIN] Step 328/400 | 22:02:39
[TRAIN] Step 328 | Loss=0.540310 | Best makespan in group=1174.00
[TRAIN] Step 329/400 | 22:03:32
[TRAIN] Step 329 | Loss=0.017692 | Best makespan in group=1830.00
[TRAIN] Step 330/400 | 22:04:16
[TRAIN] Step 330 | Loss=0.460174 | Best makespan in group=1504.00
[TRAIN] Step 331/400 | 22:05:10
[TRAIN] Step 331 | Loss=0.074719 | Best makespan in group=2678.00
[TRAIN] Step 332/400 | 22:06:02
[TRAIN] Step 332 | Loss=0.675990 | Best makespan in group=2361.00
[TRAIN] Step 333/400 | 22:06:54
[TRAIN] Step 333 | Loss=2.558718 | Best makespan in group=2048.00
[TRAIN] Step 334/400 | 22:07:56
[TRAIN] Step 334 | Loss=0.107474 | Best makespan in group=1082.00
[TRAIN] Step 335/400 | 22:08:49
[TRAIN] Step 335 | Loss=0.145326 | Best makespan in group=2376.00
[TRAIN] Step 336/400 | 22:09:51
[TRAIN] Step 336 | Loss=2.693289 | Best makespan in group=2678.00
[TRAIN] Step 337/400 | 22:10:37
[TRAIN] Step 337 | Loss=10.991276 | Best makespan in group=2158.00
[TRAIN] Step 338/400 | 22:11:30
[TRAIN] Step 338 | Loss=7.345910 | Best makespan in group=1966.00
[TRAIN] Step 339/400 | 22:12:33
[TRAIN] Step 339 | Loss=0.469466 | Best makespan in group=2690.00
[TRAIN] Step 340/400 | 22:13:25
[TRAIN] Step 340 | Loss=5.833329 | Best makespan in group=2232.00
[TRAIN][VAL][ep 340] avg_gap=0.1350 | std_gap=0.1296 | q80_gap=0.2494 | n=20
[TRAIN][VAL][ep 340] blocked_events=551 | swaps=43 in 14 instance(s)
[TRAIN] Step 341/400 | 22:14:51
[TRAIN] Step 341 | Loss=1.021142 | Best makespan in group=2390.00
[TRAIN] Step 342/400 | 22:15:44
[TRAIN] Step 342 | Loss=3.417755 | Best makespan in group=1150.00
[TRAIN] Step 343/400 | 22:16:50
[TRAIN] Step 343 | Loss=0.711093 | Best makespan in group=1754.00
[TRAIN] Step 344/400 | 22:17:38
[TRAIN] Step 344 | Loss=4.928253 | Best makespan in group=2242.00
[TRAIN] Step 345/400 | 22:18:41
[TRAIN] Step 345 | Loss=0.007991 | Best makespan in group=1734.00
[TRAIN] Step 346/400 | 22:19:32
[TRAIN] Step 346 | Loss=2.223579 | Best makespan in group=2034.00
[TRAIN] Step 347/400 | 22:20:20
[TRAIN] Step 347 | Loss=8.736552 | Best makespan in group=2025.00
[TRAIN] Step 348/400 | 22:21:19
[TRAIN] Step 348 | Loss=11.824887 | Best makespan in group=1820.00
[TRAIN] Step 349/400 | 22:22:17
[TRAIN] Step 349 | Loss=4.525055 | Best makespan in group=2004.00
[TRAIN] Step 350/400 | 22:23:11
[TRAIN] Step 350 | Loss=0.359900 | Best makespan in group=2450.00
[TRAIN] Step 351/400 | 22:24:06
[TRAIN] Step 351 | Loss=1.490534 | Best makespan in group=1212.00
[TRAIN] Step 352/400 | 22:25:01
[TRAIN] Step 352 | Loss=1.604423 | Best makespan in group=1154.00
[TRAIN] Step 353/400 | 22:25:48
[TRAIN] Step 353 | Loss=4.735540 | Best makespan in group=1614.00
[TRAIN] Step 354/400 | 22:26:39
[TRAIN] Step 354 | Loss=0.581676 | Best makespan in group=1452.00
[TRAIN] Step 355/400 | 22:27:29
[TRAIN] Step 355 | Loss=0.142584 | Best makespan in group=1670.00
[TRAIN] Step 356/400 | 22:28:15
[TRAIN] Step 356 | Loss=3.547259 | Best makespan in group=2162.00
[TRAIN] Step 357/400 | 22:29:09
[TRAIN] Step 357 | Loss=0.187986 | Best makespan in group=1888.00
[TRAIN] Step 358/400 | 22:30:16
[TRAIN] Step 358 | Loss=0.859620 | Best makespan in group=3028.00
[TRAIN] Step 359/400 | 22:31:21
[TRAIN] Step 359 | Loss=0.258987 | Best makespan in group=729.00
[TRAIN] Step 360/400 | 22:32:04
[TRAIN] Step 360 | Loss=0.020383 | Best makespan in group=1892.00
[TRAIN][VAL][ep 360] avg_gap=0.1254 | std_gap=0.1261 | q80_gap=0.2467 | n=20
[TRAIN][VAL][ep 360] blocked_events=544 | swaps=37 in 12 instance(s)
[TRAIN] Step 361/400 | 22:33:15
[TRAIN] Step 361 | Loss=0.220185 | Best makespan in group=2537.00
[TRAIN] Step 362/400 | 22:34:13
[TRAIN] Step 362 | Loss=0.380482 | Best makespan in group=1620.00
[TRAIN] Step 363/400 | 22:35:09
[TRAIN] Step 363 | Loss=0.088135 | Best makespan in group=2006.00
[TRAIN] Step 364/400 | 22:36:01
[TRAIN] Step 364 | Loss=2.011708 | Best makespan in group=1839.00
[TRAIN] Step 365/400 | 22:37:01
[TRAIN] Step 365 | Loss=6.166815 | Best makespan in group=2076.00
[TRAIN] Step 366/400 | 22:38:09
[TRAIN] Step 366 | Loss=0.112227 | Best makespan in group=1215.00
[TRAIN] Step 367/400 | 22:39:10
[TRAIN] Step 367 | Loss=0.202167 | Best makespan in group=2278.00
[TRAIN] Step 368/400 | 22:40:12
[TRAIN] Step 368 | Loss=3.865789 | Best makespan in group=1786.00
[TRAIN] Step 369/400 | 22:41:12
[TRAIN] Step 369 | Loss=3.010721 | Best makespan in group=1926.00
[TRAIN] Step 370/400 | 22:42:11
[TRAIN] Step 370 | Loss=0.172638 | Best makespan in group=1520.00
[TRAIN] Step 371/400 | 22:43:00
[TRAIN] Step 371 | Loss=1.387635 | Best makespan in group=1160.00
[TRAIN] Step 372/400 | 22:43:43
[TRAIN] Step 372 | Loss=4.087151 | Best makespan in group=1460.00
[TRAIN] Step 373/400 | 22:44:46
[TRAIN] Step 373 | Loss=1.067358 | Best makespan in group=1772.00
[TRAIN] Step 374/400 | 22:45:38
[TRAIN] Step 374 | Loss=1.288783 | Best makespan in group=1900.00
[TRAIN] Step 375/400 | 22:46:27
[TRAIN] Step 375 | Loss=0.611424 | Best makespan in group=1385.00
[TRAIN] Step 376/400 | 22:47:16
[TRAIN] Step 376 | Loss=1.474842 | Best makespan in group=2676.00
[TRAIN] Step 377/400 | 22:48:09
[TRAIN] Step 377 | Loss=0.250009 | Best makespan in group=1364.00
[TRAIN] Step 378/400 | 22:48:54
[TRAIN] Step 378 | Loss=2.525061 | Best makespan in group=2134.00
[TRAIN] Step 379/400 | 22:49:46
[TRAIN] Step 379 | Loss=0.059139 | Best makespan in group=2010.00
[TRAIN] Step 380/400 | 22:50:32
[TRAIN] Step 380 | Loss=1.765607 | Best makespan in group=1872.00
[TRAIN][VAL][ep 380] avg_gap=0.1177 | std_gap=0.1183 | q80_gap=0.2192 | n=20
[TRAIN][VAL][ep 380] blocked_events=551 | swaps=39 in 13 instance(s)
[TRAIN] Step 381/400 | 22:51:38
[TRAIN] Step 381 | Loss=0.291513 | Best makespan in group=2092.00
[TRAIN] Step 382/400 | 22:52:34
[TRAIN] Step 382 | Loss=1.253486 | Best makespan in group=1500.00
[TRAIN] Step 383/400 | 22:53:24
[TRAIN] Step 383 | Loss=0.018940 | Best makespan in group=1758.00
[TRAIN] Step 384/400 | 22:54:06
[TRAIN] Step 384 | Loss=0.664327 | Best makespan in group=1919.00
[TRAIN] Step 385/400 | 22:54:59
[TRAIN] Step 385 | Loss=10.171141 | Best makespan in group=2150.00
[TRAIN] Step 386/400 | 22:55:58
[TRAIN] Step 386 | Loss=2.978026 | Best makespan in group=2008.00
[TRAIN] Step 387/400 | 22:56:55
[TRAIN] Step 387 | Loss=0.262326 | Best makespan in group=2278.00
[TRAIN] Step 388/400 | 22:57:46
[TRAIN] Step 388 | Loss=0.459935 | Best makespan in group=1882.00
[TRAIN] Step 389/400 | 22:58:32
[TRAIN] Step 389 | Loss=0.928240 | Best makespan in group=1440.00
[TRAIN] Step 390/400 | 22:59:17
[TRAIN] Step 390 | Loss=0.000308 | Best makespan in group=1656.00
[TRAIN] Step 391/400 | 23:00:09
[TRAIN] Step 391 | Loss=0.063563 | Best makespan in group=1814.00
[TRAIN] Step 392/400 | 23:00:59
[TRAIN] Step 392 | Loss=2.862630 | Best makespan in group=1608.00
[TRAIN] Step 393/400 | 23:01:53
[TRAIN] Step 393 | Loss=0.912947 | Best makespan in group=1558.00
[TRAIN] Step 394/400 | 23:02:35
[TRAIN] Step 394 | Loss=0.063318 | Best makespan in group=1798.00
[TRAIN] Step 395/400 | 23:03:18
[TRAIN] Step 395 | Loss=0.361951 | Best makespan in group=1120.00
[TRAIN] Step 396/400 | 23:04:03
[TRAIN] Step 396 | Loss=2.297715 | Best makespan in group=2092.00
[TRAIN] Step 397/400 | 23:04:57
[TRAIN] Step 397 | Loss=0.013380 | Best makespan in group=2276.00
[TRAIN] Step 398/400 | 23:05:53
[TRAIN] Step 398 | Loss=0.000027 | Best makespan in group=1142.00
[TRAIN] Step 399/400 | 23:06:38
[TRAIN] Step 399 | Loss=3.717427 | Best makespan in group=2456.00
[TRAIN] Step 400/400 | 23:07:44
[TRAIN] Step 400 | Loss=3.788738 | Best makespan in group=2137.00
[TRAIN][VAL][ep 400] avg_gap=0.1254 | std_gap=0.1261 | q80_gap=0.2467 | n=20
[TRAIN][VAL][ep 400] blocked_events=546 | swaps=37 in 12 instance(s)
[TRAIN] Validation improved | smoothed_avg_gap=0.1228 (raw=0.1254) | saving candidate: 350576855473433.pth
[TRAIN] Evaluating best checkpoint (candidate_models\blocking\350576855473433.pth) on the held-out test split...
[TRAIN][TEST] avg_gap=0.1242 | std_gap=0.1542 | q80_gap=0.1922 | n=20
[TRAIN][TEST] blocked_events=470 | swaps=33 in 12 instance(s)
[TRAIN][23:09:22] Training ended. Validation history and plots updated.
[MAIN] Run finished at 2026-10-07 23:09:22
============================================================
=== [B] exit code 0 | 2026-10-07 23:09:24 ===
=== [B] LANE DONE | 2026-10-07 23:09:24 ===
