=== [A] TRAIN blk400_gin_L1_selk1_mask1_edges_sum_incgreedy_ojmb_s42 | 2026-10-07 09:44:57 ===
C:\Users\maria\Desktop\dissertation-bopo_introduction\.venv\Lib\site-packages\torch\jit\_script.py:1491: FutureWarning: `torch.jit.script` is deprecated. Please switch to `torch.compile` or `torch.export`.
  warnings.warn(
============================================================
[MAIN] Run started at 2026-10-07 09:45:12
[MAIN] mode=train
[MAIN] run_name=blk400_gin_L1_selk1_mask1_edges_sum_incgreedy_ojmb
[MAIN] representation(s)=['ojmb']
[MAIN] gnn_type=gin
[MAIN] overrides={'mask_option': 1, 'sel_k': 1, 'num_layers': 1, 'logp_norm': 'sum', 'exclude_greedy_from_loss': False, 'jm_design': 'edges'}
============================================================
[MAIN] Training representation=ojmb | seed=42 | run_name=blk400_gin_L1_selk1_mask1_edges_sum_incgreedy_ojmb_s42 | gnn_type=gin | overrides={'mask_option': 1, 'sel_k': 1, 'num_layers': 1, 'logp_norm': 'sum', 'exclude_greedy_from_loss': False, 'jm_design': 'edges'}
============================================================
[TRAIN] Training started at: 2026-10-07 09:45:13
[TRAIN] Hyperparams | max_steps=400 | new_freq=500
[TRAIN]             | n_cases=100 | B=64 | K=16 | use_greedy=True | lr=0.0005 (decaying to 1.00e-04)
[TRAIN]             | warm_start_steps=200 | checkpoint_smooth_window=3 | seed=42
[TRAIN]             | hidden_channels=128 | num_layers=1 | heads=3
[TRAIN]             | logp_norm=sum | exclude_greedy_from_loss=False
[TRAIN] Representation | ojmb | GNN | gin | jm_design | edges
[TRAIN] Problem size | jobs=[8,10] | machines=[5,10] | ops_per_job=[5,6] | max_proc=100
============================================================
[TRAIN] Output run folder: results\blocking\blk400_gin_L1_selk1_mask1_edges_sum_incgreedy_ojmb_s42
[TRAIN] Validation config | every=20 steps | instances=20 (representative subset)
[TRAIN] Blocking setting | buffers in=2 out=1 | instances={'range_jobs': (12, 15), 'range_machines': (4, 6), 'range_op_per_job': (5, 6), 'max_processing': 100, 'mas_per_ope_max': 3, 'n_bottlenecks': 1, 'bottleneck_prob': 0.7, 'bottleneck_factor': 2.0}
[TRAIN] Warm-start (behavior cloning vs. dispatch heuristic) | 200 step(s)...
[TRAIN][WARMSTART] step 10/200 | instance=74 | bc_loss=1.1332 | decisions=26
[TRAIN][WARMSTART] step 20/200 | instance=80 | bc_loss=0.6660 | decisions=34
[TRAIN][WARMSTART] step 30/200 | instance=76 | bc_loss=0.5011 | decisions=34
[TRAIN][WARMSTART] step 40/200 | instance=83 | bc_loss=0.7736 | decisions=41
[TRAIN][WARMSTART] step 50/200 | instance=68 | bc_loss=0.5739 | decisions=31
[TRAIN][WARMSTART] step 60/200 | instance=41 | bc_loss=0.7062 | decisions=36
[TRAIN][WARMSTART] step 70/200 | instance=15 | bc_loss=0.6681 | decisions=33
[TRAIN][WARMSTART] step 80/200 | instance=72 | bc_loss=0.5323 | decisions=38
[TRAIN][WARMSTART] step 90/200 | instance=27 | bc_loss=0.2154 | decisions=35
[TRAIN][WARMSTART] step 100/200 | instance=53 | bc_loss=0.4125 | decisions=26
[TRAIN][WARMSTART] step 110/200 | instance=28 | bc_loss=0.3737 | decisions=36
[TRAIN][WARMSTART] step 120/200 | instance=9 | bc_loss=0.3828 | decisions=35
[TRAIN][WARMSTART] step 130/200 | instance=21 | bc_loss=0.4881 | decisions=49
[TRAIN][WARMSTART] step 140/200 | instance=13 | bc_loss=0.3572 | decisions=36
[TRAIN][WARMSTART] step 150/200 | instance=56 | bc_loss=0.5558 | decisions=32
[TRAIN][WARMSTART] step 160/200 | instance=72 | bc_loss=0.4663 | decisions=38
[TRAIN][WARMSTART] step 170/200 | instance=43 | bc_loss=0.4823 | decisions=29
[TRAIN][WARMSTART] step 180/200 | instance=62 | bc_loss=0.4363 | decisions=36
[TRAIN][WARMSTART] step 190/200 | instance=40 | bc_loss=0.2611 | decisions=31
[TRAIN][WARMSTART] step 200/200 | instance=19 | bc_loss=0.3484 | decisions=31
[TRAIN] Warm-start complete, switching to BOPO preference optimization.
------------------------------------------------------------
[TRAIN] BOPO agent ready. Starting training loop for 400 step(s)...
------------------------------------------------------------
[TRAIN] Step 1/400 | 09:51:13
[TRAIN] Step 1 | Loss=2.471419 | Best makespan in group=1446.00
[TRAIN] Step 2/400 | 09:52:12
[TRAIN] Step 2 | Loss=0.003580 | Best makespan in group=1720.00
[TRAIN] Step 3/400 | 09:53:12
[TRAIN] Step 3 | Loss=0.226841 | Best makespan in group=2530.00
[TRAIN] Step 4/400 | 09:54:06
[TRAIN] Step 4 | Loss=1.327534 | Best makespan in group=1460.00
[TRAIN] Step 5/400 | 09:55:18
[TRAIN] Step 5 | Loss=1.188474 | Best makespan in group=2466.00
[TRAIN] Step 6/400 | 09:56:17
[TRAIN] Step 6 | Loss=0.474197 | Best makespan in group=3164.00
[TRAIN] Step 7/400 | 09:57:41
[TRAIN] Step 7 | Loss=1.184818 | Best makespan in group=1116.00
[TRAIN] Step 8/400 | 09:58:42
[TRAIN] Step 8 | Loss=4.609162 | Best makespan in group=2450.00
[TRAIN] Step 9/400 | 09:59:45
[TRAIN] Step 9 | Loss=8.218949 | Best makespan in group=2321.00
[TRAIN] Step 10/400 | 10:01:00
[TRAIN] Step 10 | Loss=6.758877 | Best makespan in group=2332.00
[TRAIN] Step 11/400 | 10:02:14
[TRAIN] Step 11 | Loss=0.111406 | Best makespan in group=1656.00
[TRAIN] Step 12/400 | 10:03:16
[TRAIN] Step 12 | Loss=1.104233 | Best makespan in group=1440.00
[TRAIN] Step 13/400 | 10:04:09
[TRAIN] Step 13 | Loss=13.380130 | Best makespan in group=1756.00
[TRAIN] Step 14/400 | 10:05:01
[TRAIN] Step 14 | Loss=0.416125 | Best makespan in group=1888.00
[TRAIN] Step 15/400 | 10:06:19
[TRAIN] Step 15 | Loss=0.619933 | Best makespan in group=2278.00
[TRAIN] Step 16/400 | 10:07:28
[TRAIN] Step 16 | Loss=5.026429 | Best makespan in group=1950.00
[TRAIN] Step 17/400 | 10:08:26
[TRAIN] Step 17 | Loss=1.025280 | Best makespan in group=2110.00
[TRAIN] Step 18/400 | 10:09:35
[TRAIN] Step 18 | Loss=3.253453 | Best makespan in group=2004.00
[TRAIN] Step 19/400 | 10:10:35
[TRAIN] Step 19 | Loss=1.101344 | Best makespan in group=1768.00
[TRAIN] Step 20/400 | 10:11:23
[TRAIN] Step 20 | Loss=5.198734 | Best makespan in group=2190.00
[TRAIN][VAL][ep 20] avg_gap=0.1661 | std_gap=0.1653 | q80_gap=0.3213 | n=20
[TRAIN][VAL][ep 20] blocked_events=487 | swaps=33 in 7 instance(s)
[TRAIN] Validation improved | smoothed_avg_gap=0.1661 (raw=0.1661) | saving candidate: 673587501531722.pth
[TRAIN] Step 21/400 | 10:12:54
[TRAIN] Step 21 | Loss=0.613143 | Best makespan in group=1120.00
[TRAIN] Step 22/400 | 10:13:43
[TRAIN] Step 22 | Loss=5.373599 | Best makespan in group=2372.00
[TRAIN] Step 23/400 | 10:14:53
[TRAIN] Step 23 | Loss=0.951927 | Best makespan in group=1582.00
[TRAIN] Step 24/400 | 10:15:43
[TRAIN] Step 24 | Loss=2.117249 | Best makespan in group=2048.00
[TRAIN] Step 25/400 | 10:16:50
[TRAIN] Step 25 | Loss=10.308903 | Best makespan in group=1873.00
[TRAIN] Step 26/400 | 10:17:54
[TRAIN] Step 26 | Loss=2.490103 | Best makespan in group=1129.00
[TRAIN] Step 27/400 | 10:18:52
[TRAIN] Step 27 | Loss=0.920089 | Best makespan in group=2008.00
[TRAIN] Step 28/400 | 10:19:57
[TRAIN] Step 28 | Loss=1.828876 | Best makespan in group=1776.00
[TRAIN] Step 29/400 | 10:21:13
[TRAIN] Step 29 | Loss=8.393849 | Best makespan in group=1814.00
[TRAIN] Step 30/400 | 10:22:10
[TRAIN] Step 30 | Loss=3.814838 | Best makespan in group=1966.00
[TRAIN] Step 31/400 | 10:23:19
[TRAIN] Step 31 | Loss=0.007011 | Best makespan in group=2394.00
[TRAIN] Step 32/400 | 10:24:23
[TRAIN] Step 32 | Loss=0.176817 | Best makespan in group=1308.00
[TRAIN] Step 33/400 | 10:25:20
[TRAIN] Step 33 | Loss=3.584608 | Best makespan in group=1882.00
[TRAIN] Step 34/400 | 10:26:11
[TRAIN] Step 34 | Loss=3.815447 | Best makespan in group=1160.00
[TRAIN] Step 35/400 | 10:27:00
[TRAIN] Step 35 | Loss=0.719219 | Best makespan in group=2219.00
[TRAIN] Step 36/400 | 10:28:09
[TRAIN] Step 36 | Loss=0.591506 | Best makespan in group=1184.00
[TRAIN] Step 37/400 | 10:29:25
[TRAIN] Step 37 | Loss=1.912059 | Best makespan in group=1814.00
[TRAIN] Step 38/400 | 10:30:30
[TRAIN] Step 38 | Loss=1.326123 | Best makespan in group=2006.00
[TRAIN] Step 39/400 | 10:31:29
[TRAIN] Step 39 | Loss=4.546247 | Best makespan in group=2553.00
[TRAIN] Step 40/400 | 10:32:36
[TRAIN] Step 40 | Loss=0.005274 | Best makespan in group=2376.00
[TRAIN][VAL][ep 40] avg_gap=0.1197 | std_gap=0.1513 | q80_gap=0.2248 | n=20
[TRAIN][VAL][ep 40] blocked_events=522 | swaps=34 in 12 instance(s)
[TRAIN] Validation improved | smoothed_avg_gap=0.1429 (raw=0.1197) | saving candidate: 919171637590080.pth
[TRAIN] Step 41/400 | 10:34:12
[TRAIN] Step 41 | Loss=0.353561 | Best makespan in group=2394.00
[TRAIN] Step 42/400 | 10:35:07
[TRAIN] Step 42 | Loss=1.532722 | Best makespan in group=1900.00
[TRAIN] Step 43/400 | 10:36:02
[TRAIN] Step 43 | Loss=2.505843 | Best makespan in group=1118.00
[TRAIN] Step 44/400 | 10:36:57
[TRAIN] Step 44 | Loss=0.658902 | Best makespan in group=1670.00
[TRAIN] Step 45/400 | 10:37:42
[TRAIN] Step 45 | Loss=4.245233 | Best makespan in group=1892.00
[TRAIN] Step 46/400 | 10:38:36
[TRAIN] Step 46 | Loss=0.001684 | Best makespan in group=1758.00
[TRAIN] Step 47/400 | 10:39:25
[TRAIN] Step 47 | Loss=1.730133 | Best makespan in group=2217.00
[TRAIN] Step 48/400 | 10:40:38
[TRAIN] Step 48 | Loss=0.288942 | Best makespan in group=2010.00
[TRAIN] Step 49/400 | 10:41:29
[TRAIN] Step 49 | Loss=0.001282 | Best makespan in group=1628.00
[TRAIN] Step 50/400 | 10:42:26
[TRAIN] Step 50 | Loss=0.542834 | Best makespan in group=2092.00
[TRAIN] Step 51/400 | 10:43:27
[TRAIN] Step 51 | Loss=0.088670 | Best makespan in group=2276.00
[TRAIN] Step 52/400 | 10:44:32
[TRAIN] Step 52 | Loss=1.704273 | Best makespan in group=1485.00
[TRAIN] Step 53/400 | 10:45:36
[TRAIN] Step 53 | Loss=4.128036 | Best makespan in group=1977.00
[TRAIN] Step 54/400 | 10:46:51
[TRAIN] Step 54 | Loss=2.994918 | Best makespan in group=2271.00
[TRAIN] Step 55/400 | 10:48:06
[TRAIN] Step 55 | Loss=4.086033 | Best makespan in group=2202.00
[TRAIN] Step 56/400 | 10:49:08
[TRAIN] Step 56 | Loss=0.328545 | Best makespan in group=2092.00
[TRAIN] Step 57/400 | 10:50:09
[TRAIN] Step 57 | Loss=0.049956 | Best makespan in group=1792.00
[TRAIN] Step 58/400 | 10:51:01
[TRAIN] Step 58 | Loss=1.594065 | Best makespan in group=2690.00
[TRAIN] Step 59/400 | 10:52:01
[TRAIN] Step 59 | Loss=1.158687 | Best makespan in group=1926.00
[TRAIN] Step 60/400 | 10:53:13
[TRAIN] Step 60 | Loss=0.573797 | Best makespan in group=1786.00
[TRAIN][VAL][ep 60] avg_gap=0.1181 | std_gap=0.1430 | q80_gap=0.1766 | n=20
[TRAIN][VAL][ep 60] blocked_events=534 | swaps=27 in 13 instance(s)
[TRAIN] Validation improved | smoothed_avg_gap=0.1346 (raw=0.1181) | saving candidate: 750123364559701.pth
[TRAIN] Step 61/400 | 10:54:49
[TRAIN] Step 61 | Loss=0.080858 | Best makespan in group=1452.00
[TRAIN] Step 62/400 | 10:55:46
[TRAIN] Step 62 | Loss=0.132489 | Best makespan in group=1620.00
[TRAIN] Step 63/400 | 10:56:52
[TRAIN] Step 63 | Loss=7.374753 | Best makespan in group=1536.00
[TRAIN] Step 64/400 | 10:58:02
[TRAIN] Step 64 | Loss=3.101800 | Best makespan in group=2078.00
[TRAIN] Step 65/400 | 10:59:02
[TRAIN] Step 65 | Loss=0.001876 | Best makespan in group=1364.00
[TRAIN] Step 66/400 | 10:59:53
[TRAIN] Step 66 | Loss=0.908516 | Best makespan in group=2456.00
[TRAIN] Step 67/400 | 11:01:06
[TRAIN] Step 67 | Loss=0.351294 | Best makespan in group=1594.00
[TRAIN] Step 68/400 | 11:02:08
[TRAIN] Step 68 | Loss=0.824872 | Best makespan in group=1754.00
[TRAIN] Step 69/400 | 11:03:06
[TRAIN] Step 69 | Loss=4.475605 | Best makespan in group=2488.00
[TRAIN] Step 70/400 | 11:04:06
[TRAIN] Step 70 | Loss=2.886499 | Best makespan in group=1824.00
[TRAIN] Step 71/400 | 11:05:09
[TRAIN] Step 71 | Loss=0.006745 | Best makespan in group=1830.00
[TRAIN] Step 72/400 | 11:06:02
[TRAIN] Step 72 | Loss=3.107911 | Best makespan in group=2180.00
[TRAIN] Step 73/400 | 11:07:07
[TRAIN] Step 73 | Loss=0.610991 | Best makespan in group=1744.00
[TRAIN] Step 74/400 | 11:07:58
[TRAIN] Step 74 | Loss=2.670718 | Best makespan in group=2278.00
[TRAIN] Step 75/400 | 11:08:58
[TRAIN] Step 75 | Loss=4.991924 | Best makespan in group=1872.00
[TRAIN] Step 76/400 | 11:10:14
[TRAIN] Step 76 | Loss=0.089288 | Best makespan in group=1142.00
[TRAIN] Step 77/400 | 11:11:07
[TRAIN] Step 77 | Loss=0.679228 | Best makespan in group=2678.00
[TRAIN] Step 78/400 | 11:12:10
[TRAIN] Step 78 | Loss=3.819550 | Best makespan in group=2566.00
[TRAIN] Step 79/400 | 11:13:13
[TRAIN] Step 79 | Loss=0.473083 | Best makespan in group=1782.00
[TRAIN] Step 80/400 | 11:14:27
[TRAIN] Step 80 | Loss=3.784859 | Best makespan in group=1754.00
[TRAIN][VAL][ep 80] avg_gap=0.2111 | std_gap=0.2324 | q80_gap=0.3470 | n=20
[TRAIN][VAL][ep 80] blocked_events=524 | swaps=45 in 10 instance(s)
[TRAIN] Step 81/400 | 11:15:51
[TRAIN] Step 81 | Loss=0.607824 | Best makespan in group=2102.00
[TRAIN] Step 82/400 | 11:16:48
[TRAIN] Step 82 | Loss=0.876511 | Best makespan in group=1544.00
[TRAIN] Step 83/400 | 11:18:02
[TRAIN] Step 83 | Loss=5.853706 | Best makespan in group=3028.00
[TRAIN] Step 84/400 | 11:19:19
[TRAIN] Step 84 | Loss=0.291298 | Best makespan in group=1334.00
[TRAIN] Step 85/400 | 11:20:19
[TRAIN] Step 85 | Loss=0.010952 | Best makespan in group=2678.00
[TRAIN] Step 86/400 | 11:21:13
[TRAIN] Step 86 | Loss=0.010899 | Best makespan in group=1734.00
[TRAIN] Step 87/400 | 11:22:14
[TRAIN] Step 87 | Loss=0.239948 | Best makespan in group=2304.00
[TRAIN] Step 88/400 | 11:23:14
[TRAIN] Step 88 | Loss=0.002824 | Best makespan in group=1520.00
[TRAIN] Step 89/400 | 11:24:09
[TRAIN] Step 89 | Loss=0.076658 | Best makespan in group=1558.00
[TRAIN] Step 90/400 | 11:24:58
[TRAIN] Step 90 | Loss=9.742399 | Best makespan in group=2122.00
[TRAIN] Step 91/400 | 11:26:09
[TRAIN] Step 91 | Loss=6.111816 | Best makespan in group=2150.00
[TRAIN] Step 92/400 | 11:27:16
[TRAIN] Step 92 | Loss=4.103857 | Best makespan in group=1282.00
[TRAIN] Step 93/400 | 11:28:05
[TRAIN] Step 93 | Loss=2.592346 | Best makespan in group=1282.00
[TRAIN] Step 94/400 | 11:29:15
[TRAIN] Step 94 | Loss=0.190899 | Best makespan in group=1334.00
[TRAIN] Step 95/400 | 11:30:04
[TRAIN] Step 95 | Loss=4.705526 | Best makespan in group=1780.00
[TRAIN] Step 96/400 | 11:31:03
[TRAIN] Step 96 | Loss=0.670618 | Best makespan in group=1212.00
[TRAIN] Step 97/400 | 11:32:06
[TRAIN] Step 97 | Loss=3.818091 | Best makespan in group=2134.00
[TRAIN] Step 98/400 | 11:33:08
[TRAIN] Step 98 | Loss=0.011869 | Best makespan in group=729.00
[TRAIN] Step 99/400 | 11:33:57
[TRAIN] Step 99 | Loss=0.821988 | Best makespan in group=1520.00
[TRAIN] Step 100/400 | 11:34:53
[TRAIN] Step 100 | Loss=1.502538 | Best makespan in group=2034.00
[TRAIN][VAL][ep 100] avg_gap=0.1855 | std_gap=0.1934 | q80_gap=0.3200 | n=20
[TRAIN][VAL][ep 100] blocked_events=503 | swaps=30 in 9 instance(s)
[TRAIN] Step 101/400 | 11:36:15
[TRAIN] Step 101 | Loss=0.467774 | Best makespan in group=3028.00
[TRAIN] Step 102/400 | 11:37:31
[TRAIN] Step 102 | Loss=0.314160 | Best makespan in group=1670.00
[TRAIN] Step 103/400 | 11:38:19
[TRAIN] Step 103 | Loss=0.389931 | Best makespan in group=1540.00
[TRAIN] Step 104/400 | 11:39:22
[TRAIN] Step 104 | Loss=0.000071 | Best makespan in group=2010.00
[TRAIN] Step 105/400 | 11:40:16
[TRAIN] Step 105 | Loss=3.313972 | Best makespan in group=1824.00
[TRAIN] Step 106/400 | 11:41:18
[TRAIN] Step 106 | Loss=0.362255 | Best makespan in group=1130.00
[TRAIN] Step 107/400 | 11:42:12
[TRAIN] Step 107 | Loss=0.479081 | Best makespan in group=1882.00
[TRAIN] Step 108/400 | 11:43:01
[TRAIN] Step 108 | Loss=8.105445 | Best makespan in group=2006.00
[TRAIN] Step 109/400 | 11:44:00
[TRAIN] Step 109 | Loss=4.887196 | Best makespan in group=1874.00
[TRAIN] Step 110/400 | 11:45:06
[TRAIN] Step 110 | Loss=2.778810 | Best makespan in group=2150.00
[TRAIN] Step 111/400 | 11:46:13
[TRAIN] Step 111 | Loss=0.049637 | Best makespan in group=2295.00
[TRAIN] Step 112/400 | 11:47:15
[TRAIN] Step 112 | Loss=3.051697 | Best makespan in group=2615.00
[TRAIN] Step 113/400 | 11:48:23
[TRAIN] Step 113 | Loss=0.134580 | Best makespan in group=2004.00
[TRAIN] Step 114/400 | 11:49:24
[TRAIN] Step 114 | Loss=2.506925 | Best makespan in group=1212.00
[TRAIN] Step 115/400 | 11:50:27
[TRAIN] Step 115 | Loss=0.000445 | Best makespan in group=2617.00
[TRAIN] Step 116/400 | 11:51:28
[TRAIN] Step 116 | Loss=3.439495 | Best makespan in group=2462.00
[TRAIN] Step 117/400 | 11:52:27
[TRAIN] Step 117 | Loss=1.399281 | Best makespan in group=2678.00
[TRAIN] Step 118/400 | 11:53:19
[TRAIN] Step 118 | Loss=2.007170 | Best makespan in group=2300.00
[TRAIN] Step 119/400 | 11:54:33
[TRAIN] Step 119 | Loss=0.397471 | Best makespan in group=1948.00
[TRAIN] Step 120/400 | 11:55:41
[TRAIN] Step 120 | Loss=0.291521 | Best makespan in group=3164.00
[TRAIN][VAL][ep 120] avg_gap=0.1268 | std_gap=0.1318 | q80_gap=0.2625 | n=20
[TRAIN][VAL][ep 120] blocked_events=519 | swaps=32 in 9 instance(s)
[TRAIN] Step 121/400 | 11:57:27
[TRAIN] Step 121 | Loss=0.083764 | Best makespan in group=2678.00
[TRAIN] Step 122/400 | 11:58:28
[TRAIN] Step 122 | Loss=0.103406 | Best makespan in group=1266.00
[TRAIN] Step 123/400 | 11:59:16
[TRAIN] Step 123 | Loss=0.004168 | Best makespan in group=2278.00
[TRAIN] Step 124/400 | 12:00:25
[TRAIN] Step 124 | Loss=2.109398 | Best makespan in group=1283.00
[TRAIN] Step 125/400 | 12:01:25
[TRAIN] Step 125 | Loss=0.737367 | Best makespan in group=2276.00
[TRAIN] Step 126/400 | 12:02:32
[TRAIN] Step 126 | Loss=1.172018 | Best makespan in group=2134.00
[TRAIN] Step 127/400 | 12:03:30
[TRAIN] Step 127 | Loss=0.087794 | Best makespan in group=1620.00
[TRAIN] Step 128/400 | 12:04:35
[TRAIN] Step 128 | Loss=0.356006 | Best makespan in group=1440.00
[TRAIN] Step 129/400 | 12:05:27
[TRAIN] Step 129 | Loss=0.004828 | Best makespan in group=1520.00
[TRAIN] Step 130/400 | 12:06:19
[TRAIN] Step 130 | Loss=4.357776 | Best makespan in group=2202.00
[TRAIN] Step 131/400 | 12:07:38
[TRAIN] Step 131 | Loss=1.863219 | Best makespan in group=2390.00
[TRAIN] Step 132/400 | 12:08:33
[TRAIN] Step 132 | Loss=1.636974 | Best makespan in group=1334.00
[TRAIN] Step 133/400 | 12:09:20
[TRAIN] Step 133 | Loss=1.495478 | Best makespan in group=2690.00
[TRAIN] Step 134/400 | 12:10:19
[TRAIN] Step 134 | Loss=2.321502 | Best makespan in group=2162.00
[TRAIN] Step 135/400 | 12:11:21
[TRAIN] Step 135 | Loss=4.176067 | Best makespan in group=1270.00
[TRAIN] Step 136/400 | 12:12:18
[TRAIN] Step 136 | Loss=1.060328 | Best makespan in group=2376.00
[TRAIN] Step 137/400 | 12:13:30
[TRAIN] Step 137 | Loss=0.051327 | Best makespan in group=1734.00
[TRAIN] Step 138/400 | 12:14:28
[TRAIN] Step 138 | Loss=0.017228 | Best makespan in group=1364.00
[TRAIN] Step 139/400 | 12:15:22
[TRAIN] Step 139 | Loss=0.628019 | Best makespan in group=2394.00
[TRAIN] Step 140/400 | 12:16:18
[TRAIN] Step 140 | Loss=0.805947 | Best makespan in group=1628.00
[TRAIN][VAL][ep 140] avg_gap=0.1317 | std_gap=0.1306 | q80_gap=0.2311 | n=20
[TRAIN][VAL][ep 140] blocked_events=514 | swaps=31 in 10 instance(s)
[TRAIN] Step 141/400 | 12:17:43
[TRAIN] Step 141 | Loss=1.752724 | Best makespan in group=1520.00
[TRAIN] Step 142/400 | 12:18:37
[TRAIN] Step 142 | Loss=6.919749 | Best makespan in group=1446.00
[TRAIN] Step 143/400 | 12:19:36
[TRAIN] Step 143 | Loss=0.003397 | Best makespan in group=1656.00
[TRAIN] Step 144/400 | 12:20:34
[TRAIN] Step 144 | Loss=1.633100 | Best makespan in group=1202.00
[TRAIN] Step 145/400 | 12:21:48
[TRAIN] Step 145 | Loss=0.158390 | Best makespan in group=1822.00
[TRAIN] Step 146/400 | 12:22:46
[TRAIN] Step 146 | Loss=0.731127 | Best makespan in group=1558.00
[TRAIN] Step 147/400 | 12:23:35
[TRAIN] Step 147 | Loss=0.026665 | Best makespan in group=1758.00
[TRAIN] Step 148/400 | 12:24:25
[TRAIN] Step 148 | Loss=0.004539 | Best makespan in group=1830.00
[TRAIN] Step 149/400 | 12:25:21
[TRAIN] Step 149 | Loss=0.804393 | Best makespan in group=2076.00
[TRAIN] Step 150/400 | 12:26:44
[TRAIN] Step 150 | Loss=1.504366 | Best makespan in group=2278.00
[TRAIN] Step 151/400 | 12:27:45
[TRAIN] Step 151 | Loss=8.551450 | Best makespan in group=2304.00
[TRAIN] Step 152/400 | 12:28:44
[TRAIN] Step 152 | Loss=4.401663 | Best makespan in group=2092.00
[TRAIN] Step 153/400 | 12:29:46
[TRAIN] Step 153 | Loss=0.001619 | Best makespan in group=1792.00
[TRAIN] Step 154/400 | 12:30:38
[TRAIN] Step 154 | Loss=1.606801 | Best makespan in group=1500.00
[TRAIN] Step 155/400 | 12:31:33
[TRAIN] Step 155 | Loss=0.013654 | Best makespan in group=1262.00
[TRAIN] Step 156/400 | 12:32:43
[TRAIN] Step 156 | Loss=6.447015 | Best makespan in group=2285.00
[TRAIN] Step 157/400 | 12:33:54
[TRAIN] Step 157 | Loss=4.290148 | Best makespan in group=1983.00
[TRAIN] Step 158/400 | 12:35:03
[TRAIN] Step 158 | Loss=0.834630 | Best makespan in group=1754.00
[TRAIN] Step 159/400 | 12:36:01
[TRAIN] Step 159 | Loss=2.612965 | Best makespan in group=1756.00
[TRAIN] Step 160/400 | 12:36:54
[TRAIN] Step 160 | Loss=2.296361 | Best makespan in group=1742.00
[TRAIN][VAL][ep 160] avg_gap=0.1482 | std_gap=0.1826 | q80_gap=0.1981 | n=20
[TRAIN][VAL][ep 160] blocked_events=510 | swaps=34 in 9 instance(s)
[TRAIN] Step 161/400 | 12:38:26
[TRAIN] Step 161 | Loss=0.006044 | Best makespan in group=2008.00
[TRAIN] Step 162/400 | 12:39:33
[TRAIN] Step 162 | Loss=0.050622 | Best makespan in group=2180.00
[TRAIN] Step 163/400 | 12:40:37
[TRAIN] Step 163 | Loss=0.364875 | Best makespan in group=1101.00
[TRAIN] Step 164/400 | 12:41:38
[TRAIN] Step 164 | Loss=2.879787 | Best makespan in group=1900.00
[TRAIN] Step 165/400 | 12:42:36
[TRAIN] Step 165 | Loss=1.367090 | Best makespan in group=2034.00
[TRAIN] Step 166/400 | 12:43:29
[TRAIN] Step 166 | Loss=1.863466 | Best makespan in group=1610.00
[TRAIN] Step 167/400 | 12:44:31
[TRAIN] Step 167 | Loss=0.919873 | Best makespan in group=737.00
[TRAIN] Step 168/400 | 12:45:19
[TRAIN] Step 168 | Loss=3.389483 | Best makespan in group=1806.00
[TRAIN] Step 169/400 | 12:46:31
[TRAIN] Step 169 | Loss=0.000317 | Best makespan in group=1544.00
[TRAIN] Step 170/400 | 12:47:44
[TRAIN] Step 170 | Loss=0.000293 | Best makespan in group=1990.00
[TRAIN] Step 171/400 | 12:48:42
[TRAIN] Step 171 | Loss=0.246124 | Best makespan in group=2394.00
[TRAIN] Step 172/400 | 12:49:46
[TRAIN] Step 172 | Loss=4.905035 | Best makespan in group=1788.00
[TRAIN] Step 173/400 | 12:50:35
[TRAIN] Step 173 | Loss=4.865088 | Best makespan in group=2456.00
[TRAIN] Step 174/400 | 12:51:48
[TRAIN] Step 174 | Loss=0.375316 | Best makespan in group=2048.00
[TRAIN] Step 175/400 | 12:52:59
[TRAIN] Step 175 | Loss=0.709873 | Best makespan in group=1782.00
[TRAIN] Step 176/400 | 12:54:10
[TRAIN] Step 176 | Loss=0.013385 | Best makespan in group=1768.00
[TRAIN] Step 177/400 | 12:55:00
[TRAIN] Step 177 | Loss=0.624656 | Best makespan in group=1906.00
[TRAIN] Step 178/400 | 12:55:59
[TRAIN] Step 178 | Loss=0.088040 | Best makespan in group=1754.00
[TRAIN] Step 179/400 | 12:56:57
[TRAIN] Step 179 | Loss=0.195942 | Best makespan in group=1160.00
[TRAIN] Step 180/400 | 12:57:46
[TRAIN] Step 180 | Loss=0.000189 | Best makespan in group=1452.00
[TRAIN][VAL][ep 180] avg_gap=0.1076 | std_gap=0.1149 | q80_gap=0.2271 | n=20
[TRAIN][VAL][ep 180] blocked_events=497 | swaps=23 in 8 instance(s)
[TRAIN] Validation improved | smoothed_avg_gap=0.1292 (raw=0.1076) | saving candidate: 390905358823288.pth
[TRAIN] Step 181/400 | 12:59:11
[TRAIN] Step 181 | Loss=0.037214 | Best makespan in group=1814.00
[TRAIN] Step 182/400 | 13:00:09
[TRAIN] Step 182 | Loss=0.495206 | Best makespan in group=1776.00
[TRAIN] Step 183/400 | 13:01:24
[TRAIN] Step 183 | Loss=1.639368 | Best makespan in group=2348.00
[TRAIN] Step 184/400 | 13:02:41
[TRAIN] Step 184 | Loss=0.000171 | Best makespan in group=2092.00
[TRAIN] Step 185/400 | 13:03:45
[TRAIN] Step 185 | Loss=0.118199 | Best makespan in group=1888.00
[TRAIN] Step 186/400 | 13:04:59
[TRAIN] Step 186 | Loss=1.409829 | Best makespan in group=2102.00
[TRAIN] Step 187/400 | 13:05:55
[TRAIN] Step 187 | Loss=0.084841 | Best makespan in group=2450.00
[TRAIN] Step 188/400 | 13:06:57
[TRAIN] Step 188 | Loss=2.115518 | Best makespan in group=1536.00
[TRAIN] Step 189/400 | 13:08:06
[TRAIN] Step 189 | Loss=0.008982 | Best makespan in group=1460.00
[TRAIN] Step 190/400 | 13:09:17
[TRAIN] Step 190 | Loss=3.354614 | Best makespan in group=1977.00
[TRAIN] Step 191/400 | 13:10:16
[TRAIN] Step 191 | Loss=0.001760 | Best makespan in group=1582.00
[TRAIN] Step 192/400 | 13:11:06
[TRAIN] Step 192 | Loss=3.203304 | Best makespan in group=1966.00
[TRAIN] Step 193/400 | 13:12:15
[TRAIN] Step 193 | Loss=12.844044 | Best makespan in group=1938.00
[TRAIN] Step 194/400 | 13:13:28
[TRAIN] Step 194 | Loss=6.471338 | Best makespan in group=1892.00
[TRAIN] Step 195/400 | 13:14:22
[TRAIN] Step 195 | Loss=5.751841 | Best makespan in group=1950.00
[TRAIN] Step 196/400 | 13:15:31
[TRAIN] Step 196 | Loss=0.000167 | Best makespan in group=1174.00
[TRAIN] Step 197/400 | 13:16:31
[TRAIN] Step 197 | Loss=0.284214 | Best makespan in group=1786.00
[TRAIN] Step 198/400 | 13:17:39
[TRAIN] Step 198 | Loss=8.994381 | Best makespan in group=2415.00
[TRAIN] Step 199/400 | 13:18:51
[TRAIN] Step 199 | Loss=0.002470 | Best makespan in group=1142.00
[TRAIN] Step 200/400 | 13:19:40
[TRAIN] Step 200 | Loss=2.190534 | Best makespan in group=1120.00
[TRAIN][VAL][ep 200] avg_gap=0.0917 | std_gap=0.0974 | q80_gap=0.1817 | n=20
[TRAIN][VAL][ep 200] blocked_events=507 | swaps=28 in 10 instance(s)
[TRAIN] Validation improved | smoothed_avg_gap=0.1158 (raw=0.0917) | saving candidate: 696348809722937.pth
[TRAIN] Step 201/400 | 13:20:57
[TRAIN] Step 201 | Loss=0.265962 | Best makespan in group=1160.00
[TRAIN] Step 202/400 | 13:21:46
[TRAIN] Step 202 | Loss=0.009521 | Best makespan in group=1505.00
[TRAIN] Step 203/400 | 13:22:41
[TRAIN] Step 203 | Loss=0.310616 | Best makespan in group=1824.00
[TRAIN] Step 204/400 | 13:23:42
[TRAIN] Step 204 | Loss=0.614369 | Best makespan in group=1754.00
[TRAIN] Step 205/400 | 13:24:38
[TRAIN] Step 205 | Loss=0.757719 | Best makespan in group=1558.00
[TRAIN] Step 206/400 | 13:25:27
[TRAIN] Step 206 | Loss=2.405686 | Best makespan in group=2183.00
[TRAIN] Step 207/400 | 13:26:43
[TRAIN] Step 207 | Loss=1.688678 | Best makespan in group=1990.00
[TRAIN] Step 208/400 | 13:27:44
[TRAIN] Step 208 | Loss=1.968500 | Best makespan in group=1966.00
[TRAIN] Step 209/400 | 13:28:50
[TRAIN] Step 209 | Loss=5.214029 | Best makespan in group=1686.00
[TRAIN] Step 210/400 | 13:29:55
[TRAIN] Step 210 | Loss=0.307270 | Best makespan in group=2092.00
[TRAIN] Step 211/400 | 13:30:57
[TRAIN] Step 211 | Loss=1.470461 | Best makespan in group=1120.00
[TRAIN] Step 212/400 | 13:31:47
[TRAIN] Step 212 | Loss=0.003224 | Best makespan in group=1792.00
[TRAIN] Step 213/400 | 13:32:39
[TRAIN] Step 213 | Loss=7.843824 | Best makespan in group=1966.00
[TRAIN] Step 214/400 | 13:33:49
[TRAIN] Step 214 | Loss=0.037961 | Best makespan in group=1520.00
[TRAIN] Step 215/400 | 13:34:43
[TRAIN] Step 215 | Loss=2.059374 | Best makespan in group=1754.00
[TRAIN] Step 216/400 | 13:35:39
[TRAIN] Step 216 | Loss=0.869280 | Best makespan in group=1270.00
[TRAIN] Step 217/400 | 13:36:36
[TRAIN] Step 217 | Loss=2.135754 | Best makespan in group=1670.00
[TRAIN] Step 218/400 | 13:37:27
[TRAIN] Step 218 | Loss=0.177817 | Best makespan in group=2010.00
[TRAIN] Step 219/400 | 13:38:19
[TRAIN] Step 219 | Loss=0.367031 | Best makespan in group=1734.00
[TRAIN] Step 220/400 | 13:39:21
[TRAIN] Step 220 | Loss=5.880564 | Best makespan in group=3028.00
[TRAIN][VAL][ep 220] avg_gap=0.1105 | std_gap=0.1434 | q80_gap=0.1846 | n=20
[TRAIN][VAL][ep 220] blocked_events=499 | swaps=38 in 8 instance(s)
[TRAIN] Validation improved | smoothed_avg_gap=0.1033 (raw=0.1105) | saving candidate: 528216195038448.pth
[TRAIN] Step 221/400 | 13:41:02
[TRAIN] Step 221 | Loss=0.006290 | Best makespan in group=1656.00
[TRAIN] Step 222/400 | 13:42:01
[TRAIN] Step 222 | Loss=2.155497 | Best makespan in group=2278.00
[TRAIN] Step 223/400 | 13:42:59
[TRAIN] Step 223 | Loss=0.733940 | Best makespan in group=1872.00
[TRAIN] Step 224/400 | 13:44:11
[TRAIN] Step 224 | Loss=5.471744 | Best makespan in group=2374.00
[TRAIN] Step 225/400 | 13:45:22
[TRAIN] Step 225 | Loss=0.560040 | Best makespan in group=2102.00
[TRAIN] Step 226/400 | 13:46:20
[TRAIN] Step 226 | Loss=0.185982 | Best makespan in group=1086.00
[TRAIN] Step 227/400 | 13:47:21
[TRAIN] Step 227 | Loss=1.242783 | Best makespan in group=2006.00
[TRAIN] Step 228/400 | 13:48:21
[TRAIN] Step 228 | Loss=0.283942 | Best makespan in group=1460.00
[TRAIN] Step 229/400 | 13:49:33
[TRAIN] Step 229 | Loss=3.043978 | Best makespan in group=2048.00
[TRAIN] Step 230/400 | 13:50:42
[TRAIN] Step 230 | Loss=2.000592 | Best makespan in group=1856.00
[TRAIN] Step 231/400 | 13:51:49
[TRAIN] Step 231 | Loss=2.562444 | Best makespan in group=3164.00
[TRAIN] Step 232/400 | 13:53:08
[TRAIN] Step 232 | Loss=2.067968 | Best makespan in group=2092.00
[TRAIN] Step 233/400 | 13:54:09
[TRAIN] Step 233 | Loss=4.473114 | Best makespan in group=2034.00
[TRAIN] Step 234/400 | 13:55:03
[TRAIN] Step 234 | Loss=0.774847 | Best makespan in group=1744.00
[TRAIN] Step 235/400 | 13:55:52
[TRAIN] Step 235 | Loss=3.486254 | Best makespan in group=2551.00
[TRAIN] Step 236/400 | 13:56:59
[TRAIN] Step 236 | Loss=3.773292 | Best makespan in group=2067.00
[TRAIN] Step 237/400 | 13:58:01
[TRAIN] Step 237 | Loss=3.427318 | Best makespan in group=2138.00
[TRAIN] Step 238/400 | 13:59:18
[TRAIN] Step 238 | Loss=0.013520 | Best makespan in group=1364.00
[TRAIN] Step 239/400 | 14:00:11
[TRAIN] Step 239 | Loss=5.524791 | Best makespan in group=2084.00
[TRAIN] Step 240/400 | 14:01:22
[TRAIN] Step 240 | Loss=5.401037 | Best makespan in group=2198.00
[TRAIN][VAL][ep 240] avg_gap=0.1162 | std_gap=0.1586 | q80_gap=0.2030 | n=20
[TRAIN][VAL][ep 240] blocked_events=489 | swaps=23 in 7 instance(s)
[TRAIN] Step 241/400 | 14:03:07
[TRAIN] Step 241 | Loss=3.532236 | Best makespan in group=2678.00
[TRAIN] Step 242/400 | 14:04:09
[TRAIN] Step 242 | Loss=6.897978 | Best makespan in group=1786.00
[TRAIN] Step 243/400 | 14:05:16
[TRAIN] Step 243 | Loss=0.266694 | Best makespan in group=2394.00
[TRAIN] Step 244/400 | 14:06:22
[TRAIN] Step 244 | Loss=2.733730 | Best makespan in group=2456.00
[TRAIN] Step 245/400 | 14:07:35
[TRAIN] Step 245 | Loss=3.233794 | Best makespan in group=2167.00
[TRAIN] Step 246/400 | 14:08:37
[TRAIN] Step 246 | Loss=0.515171 | Best makespan in group=1776.00
[TRAIN] Step 247/400 | 14:09:54
[TRAIN] Step 247 | Loss=7.113441 | Best makespan in group=2690.00
[TRAIN] Step 248/400 | 14:10:53
[TRAIN] Step 248 | Loss=0.029001 | Best makespan in group=1812.00
[TRAIN] Step 249/400 | 14:11:51
[TRAIN] Step 249 | Loss=2.856394 | Best makespan in group=2678.00
[TRAIN] Step 250/400 | 14:12:43
[TRAIN] Step 250 | Loss=5.546226 | Best makespan in group=1756.00
[TRAIN] Step 251/400 | 14:13:36
[TRAIN] Step 251 | Loss=0.142414 | Best makespan in group=2276.00
[TRAIN] Step 252/400 | 14:14:43
[TRAIN] Step 252 | Loss=0.000937 | Best makespan in group=1830.00
[TRAIN] Step 253/400 | 14:15:34
[TRAIN] Step 253 | Loss=0.132746 | Best makespan in group=1768.00
[TRAIN] Step 254/400 | 14:16:23
[TRAIN] Step 254 | Loss=0.013261 | Best makespan in group=1334.00
[TRAIN] Step 255/400 | 14:17:11
[TRAIN] Step 255 | Loss=0.730092 | Best makespan in group=1620.00
[TRAIN] Step 256/400 | 14:18:15
[TRAIN] Step 256 | Loss=5.533429 | Best makespan in group=1759.00
[TRAIN] Step 257/400 | 14:19:32
[TRAIN] Step 257 | Loss=0.002563 | Best makespan in group=1284.00
[TRAIN] Step 258/400 | 14:20:31
[TRAIN] Step 258 | Loss=0.705572 | Best makespan in group=1892.00
[TRAIN] Step 259/400 | 14:21:27
[TRAIN] Step 259 | Loss=0.027230 | Best makespan in group=1258.00
[TRAIN] Step 260/400 | 14:22:16
[TRAIN] Step 260 | Loss=0.306812 | Best makespan in group=1523.00
[TRAIN][VAL][ep 260] avg_gap=0.1376 | std_gap=0.1659 | q80_gap=0.2454 | n=20
[TRAIN][VAL][ep 260] blocked_events=488 | swaps=41 in 8 instance(s)
[TRAIN] Step 261/400 | 14:23:45
[TRAIN] Step 261 | Loss=0.286052 | Best makespan in group=2004.00
[TRAIN] Step 262/400 | 14:24:47
[TRAIN] Step 262 | Loss=2.276750 | Best makespan in group=2304.00
[TRAIN] Step 263/400 | 14:25:45
[TRAIN] Step 263 | Loss=0.583251 | Best makespan in group=1804.00
[TRAIN] Step 264/400 | 14:26:57
[TRAIN] Step 264 | Loss=4.099353 | Best makespan in group=1536.00
[TRAIN] Step 265/400 | 14:28:08
[TRAIN] Step 265 | Loss=0.001364 | Best makespan in group=1758.00
[TRAIN] Step 266/400 | 14:28:56
[TRAIN] Step 266 | Loss=0.884679 | Best makespan in group=2407.00
[TRAIN] Step 267/400 | 14:30:06
[TRAIN] Step 267 | Loss=1.064410 | Best makespan in group=2118.00
[TRAIN] Step 268/400 | 14:31:03
[TRAIN] Step 268 | Loss=0.106458 | Best makespan in group=1154.00
[TRAIN] Step 269/400 | 14:31:58
[TRAIN] Step 269 | Loss=0.555873 | Best makespan in group=1618.00
[TRAIN] Step 270/400 | 14:32:55
[TRAIN] Step 270 | Loss=0.000872 | Best makespan in group=1452.00
[TRAIN] Step 271/400 | 14:33:51
[TRAIN] Step 271 | Loss=2.793100 | Best makespan in group=2150.00
[TRAIN] Step 272/400 | 14:34:57
[TRAIN] Step 272 | Loss=1.898058 | Best makespan in group=1888.00
[TRAIN] Step 273/400 | 14:36:11
[TRAIN] Step 273 | Loss=1.442137 | Best makespan in group=1446.00
[TRAIN] Step 274/400 | 14:37:11
[TRAIN] Step 274 | Loss=0.033922 | Best makespan in group=1212.00
[TRAIN] Step 275/400 | 14:38:13
[TRAIN] Step 275 | Loss=0.100076 | Best makespan in group=1544.00
[TRAIN] Step 276/400 | 14:39:27
[TRAIN] Step 276 | Loss=0.909854 | Best makespan in group=1630.00
[TRAIN] Step 277/400 | 14:40:29
[TRAIN] Step 277 | Loss=3.254699 | Best makespan in group=2376.00
[TRAIN] Step 278/400 | 14:41:42
[TRAIN] Step 278 | Loss=0.014320 | Best makespan in group=2278.00
[TRAIN] Step 279/400 | 14:42:50
[TRAIN] Step 279 | Loss=0.034789 | Best makespan in group=2394.00
[TRAIN] Step 280/400 | 14:43:47
[TRAIN] Step 280 | Loss=0.155891 | Best makespan in group=2450.00
[TRAIN][VAL][ep 280] avg_gap=0.1177 | std_gap=0.1425 | q80_gap=0.2069 | n=20
[TRAIN][VAL][ep 280] blocked_events=487 | swaps=37 in 10 instance(s)
[TRAIN] Step 281/400 | 14:45:21
[TRAIN] Step 281 | Loss=4.129752 | Best makespan in group=1933.00
[TRAIN] Step 282/400 | 14:46:31
[TRAIN] Step 282 | Loss=1.977240 | Best makespan in group=1582.00
[TRAIN] Step 283/400 | 14:47:20
[TRAIN] Step 283 | Loss=1.916052 | Best makespan in group=1882.00
[TRAIN] Step 284/400 | 14:48:09
[TRAIN] Step 284 | Loss=0.018345 | Best makespan in group=2008.00
[TRAIN] Step 285/400 | 14:49:14
[TRAIN] Step 285 | Loss=1.146593 | Best makespan in group=1440.00
[TRAIN] Step 286/400 | 14:50:13
[TRAIN] Step 286 | Loss=4.869901 | Best makespan in group=2205.00
[TRAIN] Step 287/400 | 14:51:15
[TRAIN] Step 287 | Loss=0.002834 | Best makespan in group=1520.00
[TRAIN] Step 288/400 | 14:52:08
[TRAIN] Step 288 | Loss=0.012898 | Best makespan in group=1814.00
[TRAIN] Step 289/400 | 14:53:05
[TRAIN] Step 289 | Loss=0.000679 | Best makespan in group=1174.00
[TRAIN] Step 290/400 | 14:53:56
[TRAIN] Step 290 | Loss=3.321672 | Best makespan in group=2134.00
[TRAIN] Step 291/400 | 14:54:56
[TRAIN] Step 291 | Loss=1.800581 | Best makespan in group=1900.00
[TRAIN] Step 292/400 | 14:55:54
[TRAIN] Step 292 | Loss=1.605982 | Best makespan in group=2390.00
[TRAIN] Step 293/400 | 14:56:49
[TRAIN] Step 293 | Loss=9.582746 | Best makespan in group=2676.00
[TRAIN] Step 294/400 | 14:57:52
[TRAIN] Step 294 | Loss=1.459563 | Best makespan in group=1269.00
[TRAIN] Step 295/400 | 14:59:03
[TRAIN] Step 295 | Loss=0.318507 | Best makespan in group=1136.00
[TRAIN] Step 296/400 | 15:00:02
[TRAIN] Step 296 | Loss=1.090160 | Best makespan in group=1151.00
[TRAIN] Step 297/400 | 15:01:21
[TRAIN] Step 297 | Loss=0.205664 | Best makespan in group=729.00
[TRAIN] Step 298/400 | 15:02:09
[TRAIN] Step 298 | Loss=4.940438 | Best makespan in group=1926.00
[TRAIN] Step 299/400 | 15:03:17
[TRAIN] Step 299 | Loss=0.341145 | Best makespan in group=2180.00
[TRAIN] Step 300/400 | 15:04:21
[TRAIN] Step 300 | Loss=0.145368 | Best makespan in group=2448.00
[TRAIN][VAL][ep 300] avg_gap=0.1091 | std_gap=0.1330 | q80_gap=0.1684 | n=20
[TRAIN][VAL][ep 300] blocked_events=485 | swaps=33 in 8 instance(s)
[TRAIN] Step 301/400 | 15:05:46
[TRAIN] Step 301 | Loss=4.713433 | Best makespan in group=1621.00
[TRAIN] Step 302/400 | 15:06:44
[TRAIN] Step 302 | Loss=0.192391 | Best makespan in group=2690.00
[TRAIN] Step 303/400 | 15:07:43
[TRAIN] Step 303 | Loss=1.999105 | Best makespan in group=1900.00
[TRAIN] Step 304/400 | 15:08:39
[TRAIN] Step 304 | Loss=0.324721 | Best makespan in group=1440.00
[TRAIN] Step 305/400 | 15:09:32
[TRAIN] Step 305 | Loss=0.424920 | Best makespan in group=1460.00
[TRAIN] Step 306/400 | 15:10:45
[TRAIN] Step 306 | Loss=0.214797 | Best makespan in group=1776.00
[TRAIN] Step 307/400 | 15:12:01
[TRAIN] Step 307 | Loss=0.000304 | Best makespan in group=1446.00
[TRAIN] Step 308/400 | 15:12:59
[TRAIN] Step 308 | Loss=2.607099 | Best makespan in group=1754.00
[TRAIN] Step 309/400 | 15:13:54
[TRAIN] Step 309 | Loss=0.020450 | Best makespan in group=1768.00
[TRAIN] Step 310/400 | 15:14:43
[TRAIN] Step 310 | Loss=4.753654 | Best makespan in group=3164.00
[TRAIN] Step 311/400 | 15:16:02
[TRAIN] Step 311 | Loss=0.021602 | Best makespan in group=1212.00
[TRAIN] Step 312/400 | 15:17:05
[TRAIN] Step 312 | Loss=2.135090 | Best makespan in group=1756.00
[TRAIN] Step 313/400 | 15:17:59
[TRAIN] Step 313 | Loss=0.329321 | Best makespan in group=1086.00
[TRAIN] Step 314/400 | 15:19:00
[TRAIN] Step 314 | Loss=4.439035 | Best makespan in group=2044.00
[TRAIN] Step 315/400 | 15:20:07
[TRAIN] Step 315 | Loss=0.128888 | Best makespan in group=2048.00
[TRAIN] Step 316/400 | 15:21:18
[TRAIN] Step 316 | Loss=6.643322 | Best makespan in group=1946.00
[TRAIN] Step 317/400 | 15:22:19
[TRAIN] Step 317 | Loss=2.000865 | Best makespan in group=2390.00
[TRAIN] Step 318/400 | 15:23:14
[TRAIN] Step 318 | Loss=0.016287 | Best makespan in group=1656.00
[TRAIN] Step 319/400 | 15:24:12
[TRAIN] Step 319 | Loss=2.846642 | Best makespan in group=2244.00
[TRAIN] Step 320/400 | 15:25:24
[TRAIN] Step 320 | Loss=1.802246 | Best makespan in group=1792.00
[TRAIN][VAL][ep 320] avg_gap=0.0940 | std_gap=0.1209 | q80_gap=0.1545 | n=20
[TRAIN][VAL][ep 320] blocked_events=462 | swaps=23 in 6 instance(s)
[TRAIN] Step 321/400 | 15:26:48
[TRAIN] Step 321 | Loss=0.329807 | Best makespan in group=1620.00
[TRAIN] Step 322/400 | 15:27:51
[TRAIN] Step 322 | Loss=1.127111 | Best makespan in group=1786.00
[TRAIN] Step 323/400 | 15:28:57
[TRAIN] Step 323 | Loss=9.060823 | Best makespan in group=1877.00
[TRAIN] Step 324/400 | 15:30:08
[TRAIN] Step 324 | Loss=0.036478 | Best makespan in group=2004.00
[TRAIN] Step 325/400 | 15:31:09
[TRAIN] Step 325 | Loss=1.728256 | Best makespan in group=1143.00
[TRAIN] Step 326/400 | 15:32:09
[TRAIN] Step 326 | Loss=0.206159 | Best makespan in group=2164.00
[TRAIN] Step 327/400 | 15:33:22
[TRAIN] Step 327 | Loss=0.000251 | Best makespan in group=1424.00
[TRAIN] Step 328/400 | 15:34:24
[TRAIN] Step 328 | Loss=0.023147 | Best makespan in group=1830.00
[TRAIN] Step 329/400 | 15:35:16
[TRAIN] Step 329 | Loss=0.226361 | Best makespan in group=1797.00
[TRAIN] Step 330/400 | 15:36:30
[TRAIN] Step 330 | Loss=0.001758 | Best makespan in group=2376.00
[TRAIN] Step 331/400 | 15:37:42
[TRAIN] Step 331 | Loss=0.026581 | Best makespan in group=1604.00
[TRAIN] Step 332/400 | 15:38:49
[TRAIN] Step 332 | Loss=0.027706 | Best makespan in group=1802.00
[TRAIN] Step 333/400 | 15:40:05
[TRAIN] Step 333 | Loss=0.000230 | Best makespan in group=2092.00
[TRAIN] Step 334/400 | 15:41:19
[TRAIN] Step 334 | Loss=0.004567 | Best makespan in group=1520.00
[TRAIN] Step 335/400 | 15:42:24
[TRAIN] Step 335 | Loss=2.019218 | Best makespan in group=2198.00
[TRAIN] Step 336/400 | 15:43:53
[TRAIN] Step 336 | Loss=1.376628 | Best makespan in group=1752.00
[TRAIN] Step 337/400 | 15:45:11
[TRAIN] Step 337 | Loss=0.362233 | Best makespan in group=1772.00
[TRAIN] Step 338/400 | 15:46:17
[TRAIN] Step 338 | Loss=0.011778 | Best makespan in group=1520.00
[TRAIN] Step 339/400 | 15:47:19
[TRAIN] Step 339 | Loss=0.064345 | Best makespan in group=2180.00
[TRAIN] Step 340/400 | 15:48:37
[TRAIN] Step 340 | Loss=0.898298 | Best makespan in group=1558.00
[TRAIN][VAL][ep 340] avg_gap=0.0972 | std_gap=0.1364 | q80_gap=0.1760 | n=20
[TRAIN][VAL][ep 340] blocked_events=482 | swaps=30 in 7 instance(s)
[TRAIN] Validation improved | smoothed_avg_gap=0.1001 (raw=0.0972) | saving candidate: 43668163800571.pth
[TRAIN] Step 341/400 | 15:50:14
[TRAIN] Step 341 | Loss=9.151906 | Best makespan in group=2678.00
[TRAIN] Step 342/400 | 15:51:20
[TRAIN] Step 342 | Loss=3.183369 | Best makespan in group=1744.00
[TRAIN] Step 343/400 | 15:52:16
[TRAIN] Step 343 | Loss=5.812142 | Best makespan in group=1872.00
[TRAIN] Step 344/400 | 15:53:42
[TRAIN] Step 344 | Loss=4.190518 | Best makespan in group=1814.00
[TRAIN] Step 345/400 | 15:54:45
[TRAIN] Step 345 | Loss=1.132604 | Best makespan in group=2092.00
[TRAIN] Step 346/400 | 15:55:54
[TRAIN] Step 346 | Loss=4.717216 | Best makespan in group=2334.00
[TRAIN] Step 347/400 | 15:57:11
[TRAIN] Step 347 | Loss=0.001292 | Best makespan in group=1105.00
[TRAIN] Step 348/400 | 15:58:35
[TRAIN] Step 348 | Loss=4.848701 | Best makespan in group=1160.00
[TRAIN] Step 349/400 | 15:59:30
[TRAIN] Step 349 | Loss=3.384748 | Best makespan in group=2008.00
[TRAIN] Step 350/400 | 16:00:43
[TRAIN] Step 350 | Loss=0.066115 | Best makespan in group=1334.00
[TRAIN] Step 351/400 | 16:01:50
[TRAIN] Step 351 | Loss=2.473122 | Best makespan in group=1120.00
[TRAIN] Step 352/400 | 16:02:46
[TRAIN] Step 352 | Loss=1.152841 | Best makespan in group=1929.00
[TRAIN] Step 353/400 | 16:04:03
[TRAIN] Step 353 | Loss=0.025389 | Best makespan in group=1670.00
[TRAIN] Step 354/400 | 16:04:57
[TRAIN] Step 354 | Loss=0.198378 | Best makespan in group=1364.00
[TRAIN] Step 355/400 | 16:05:54
[TRAIN] Step 355 | Loss=0.095030 | Best makespan in group=2278.00
[TRAIN] Step 356/400 | 16:07:03
[TRAIN] Step 356 | Loss=0.055138 | Best makespan in group=1334.00
[TRAIN] Step 357/400 | 16:07:56
[TRAIN] Step 357 | Loss=0.302695 | Best makespan in group=2134.00
[TRAIN] Step 358/400 | 16:09:05
[TRAIN] Step 358 | Loss=1.624548 | Best makespan in group=2102.00
[TRAIN] Step 359/400 | 16:10:10
[TRAIN] Step 359 | Loss=0.014911 | Best makespan in group=2034.00
[TRAIN] Step 360/400 | 16:11:16
[TRAIN] Step 360 | Loss=0.092372 | Best makespan in group=2394.00
[TRAIN][VAL][ep 360] avg_gap=0.0932 | std_gap=0.1151 | q80_gap=0.2301 | n=20
[TRAIN][VAL][ep 360] blocked_events=473 | swaps=27 in 7 instance(s)
[TRAIN] Validation improved | smoothed_avg_gap=0.0948 (raw=0.0932) | saving candidate: 562898218835863.pth
[TRAIN] Step 361/400 | 16:12:54
[TRAIN] Step 361 | Loss=3.653689 | Best makespan in group=2165.00
[TRAIN] Step 362/400 | 16:14:04
[TRAIN] Step 362 | Loss=1.263335 | Best makespan in group=2678.00
[TRAIN] Step 363/400 | 16:15:05
[TRAIN] Step 363 | Loss=2.772467 | Best makespan in group=1536.00
[TRAIN] Step 364/400 | 16:16:26
[TRAIN] Step 364 | Loss=2.664459 | Best makespan in group=2076.00
[TRAIN] Step 365/400 | 16:17:54
[TRAIN] Step 365 | Loss=0.197277 | Best makespan in group=1258.00
[TRAIN] Step 366/400 | 16:18:50
[TRAIN] Step 366 | Loss=6.762604 | Best makespan in group=2150.00
[TRAIN] Step 367/400 | 16:20:08
[TRAIN] Step 367 | Loss=0.165336 | Best makespan in group=1734.00
[TRAIN] Step 368/400 | 16:21:16
[TRAIN] Step 368 | Loss=1.628709 | Best makespan in group=2450.00
[TRAIN] Step 369/400 | 16:22:26
[TRAIN] Step 369 | Loss=1.199640 | Best makespan in group=1888.00
[TRAIN] Step 370/400 | 16:23:52
[TRAIN] Step 370 | Loss=5.577264 | Best makespan in group=1855.00
[TRAIN] Step 371/400 | 16:25:02
[TRAIN] Step 371 | Loss=0.314496 | Best makespan in group=2010.00
[TRAIN] Step 372/400 | 16:26:03
[TRAIN] Step 372 | Loss=0.358599 | Best makespan in group=1582.00
[TRAIN] Step 373/400 | 16:27:03
[TRAIN] Step 373 | Loss=7.035438 | Best makespan in group=2210.00
[TRAIN] Step 374/400 | 16:28:34
[TRAIN] Step 374 | Loss=4.042305 | Best makespan in group=3028.00
[TRAIN] Step 375/400 | 16:29:58
[TRAIN] Step 375 | Loss=0.023013 | Best makespan in group=1824.00
[TRAIN] Step 376/400 | 16:31:11
[TRAIN] Step 376 | Loss=0.327374 | Best makespan in group=1299.00
[TRAIN] Step 377/400 | 16:32:33
[TRAIN] Step 377 | Loss=4.767408 | Best makespan in group=2394.00
[TRAIN] Step 378/400 | 16:33:46
[TRAIN] Step 378 | Loss=0.417418 | Best makespan in group=2456.00
[TRAIN] Step 379/400 | 16:35:10
[TRAIN] Step 379 | Loss=0.000098 | Best makespan in group=1142.00
[TRAIN] Step 380/400 | 16:36:08
[TRAIN] Step 380 | Loss=9.254400 | Best makespan in group=2463.00
[TRAIN][VAL][ep 380] avg_gap=0.0855 | std_gap=0.1076 | q80_gap=0.1867 | n=20
[TRAIN][VAL][ep 380] blocked_events=467 | swaps=29 in 7 instance(s)
[TRAIN] Validation improved | smoothed_avg_gap=0.0920 (raw=0.0855) | saving candidate: 748727562150569.pth
[TRAIN] Step 381/400 | 16:37:45
[TRAIN] Step 381 | Loss=0.293688 | Best makespan in group=1544.00
[TRAIN] Step 382/400 | 16:39:10
[TRAIN] Step 382 | Loss=5.587539 | Best makespan in group=2579.00
[TRAIN] Step 383/400 | 16:40:31
[TRAIN] Step 383 | Loss=0.067095 | Best makespan in group=2006.00
[TRAIN] Step 384/400 | 16:41:40
[TRAIN] Step 384 | Loss=0.154470 | Best makespan in group=2576.00
[TRAIN] Step 385/400 | 16:42:50
[TRAIN] Step 385 | Loss=2.378953 | Best makespan in group=1966.00
[TRAIN] Step 386/400 | 16:44:11
[TRAIN] Step 386 | Loss=0.710979 | Best makespan in group=1282.00
[TRAIN] Step 387/400 | 16:45:17
[TRAIN] Step 387 | Loss=2.830991 | Best makespan in group=1882.00
[TRAIN] Step 388/400 | 16:46:15
[TRAIN] Step 388 | Loss=0.244310 | Best makespan in group=1754.00
[TRAIN] Step 389/400 | 16:47:20
[TRAIN] Step 389 | Loss=1.133958 | Best makespan in group=2304.00
[TRAIN] Step 390/400 | 16:48:27
[TRAIN] Step 390 | Loss=0.445823 | Best makespan in group=1960.00
[TRAIN] Step 391/400 | 16:49:34
[TRAIN] Step 391 | Loss=1.108372 | Best makespan in group=2200.00
[TRAIN] Step 392/400 | 16:50:43
[TRAIN] Step 392 | Loss=0.001005 | Best makespan in group=1758.00
[TRAIN] Step 393/400 | 16:51:39
[TRAIN] Step 393 | Loss=6.126740 | Best makespan in group=1892.00
[TRAIN] Step 394/400 | 16:52:41
[TRAIN] Step 394 | Loss=0.002871 | Best makespan in group=1558.00
[TRAIN] Step 395/400 | 16:53:34
[TRAIN] Step 395 | Loss=0.914367 | Best makespan in group=1551.00
[TRAIN] Step 396/400 | 16:54:39
[TRAIN] Step 396 | Loss=0.509435 | Best makespan in group=1168.00
[TRAIN] Step 397/400 | 16:55:45
[TRAIN] Step 397 | Loss=0.024536 | Best makespan in group=729.00
[TRAIN] Step 398/400 | 16:56:44
[TRAIN] Step 398 | Loss=0.000151 | Best makespan in group=2278.00
[TRAIN] Step 399/400 | 16:58:05
[TRAIN] Step 399 | Loss=0.022258 | Best makespan in group=1452.00
[TRAIN] Step 400/400 | 16:59:14
[TRAIN] Step 400 | Loss=3.391960 | Best makespan in group=2276.00
[TRAIN][VAL][ep 400] avg_gap=0.0910 | std_gap=0.1211 | q80_gap=0.1301 | n=20
[TRAIN][VAL][ep 400] blocked_events=473 | swaps=32 in 9 instance(s)
[TRAIN] Validation improved | smoothed_avg_gap=0.0899 (raw=0.0910) | saving candidate: 562800525093593.pth
[TRAIN] Evaluating best checkpoint (candidate_models\blocking\562800525093593.pth) on the held-out test split...
[TRAIN][TEST] avg_gap=0.0994 | std_gap=0.0938 | q80_gap=0.1831 | n=20
[TRAIN][TEST] blocked_events=423 | swaps=13 in 4 instance(s)
[TRAIN][17:01:33] Training ended. Validation history and plots updated.
[MAIN] Run finished at 2026-10-07 17:01:33
============================================================
=== [A] exit code 0 | 2026-10-07 17:01:35 ===
=== [A] TRAIN blk400_gin_L1_selk1_mask1_edges_sum_incgreedy_ojmd_s42 | 2026-10-07 17:01:35 ===
C:\Users\maria\Desktop\dissertation-bopo_introduction\.venv\Lib\site-packages\torch\jit\_script.py:1491: FutureWarning: `torch.jit.script` is deprecated. Please switch to `torch.compile` or `torch.export`.
  warnings.warn(
============================================================
[MAIN] Run started at 2026-10-07 17:01:48
[MAIN] mode=train
[MAIN] run_name=blk400_gin_L1_selk1_mask1_edges_sum_incgreedy_ojmd
[MAIN] representation(s)=['ojmd']
[MAIN] gnn_type=gin
[MAIN] overrides={'mask_option': 1, 'sel_k': 1, 'num_layers': 1, 'logp_norm': 'sum', 'exclude_greedy_from_loss': False, 'jm_design': 'edges'}
============================================================
[MAIN] Training representation=ojmd | seed=42 | run_name=blk400_gin_L1_selk1_mask1_edges_sum_incgreedy_ojmd_s42 | gnn_type=gin | overrides={'mask_option': 1, 'sel_k': 1, 'num_layers': 1, 'logp_norm': 'sum', 'exclude_greedy_from_loss': False, 'jm_design': 'edges'}
============================================================
[TRAIN] Training started at: 2026-10-07 17:01:48
[TRAIN] Hyperparams | max_steps=400 | new_freq=500
[TRAIN]             | n_cases=100 | B=64 | K=16 | use_greedy=True | lr=0.0005 (decaying to 1.00e-04)
[TRAIN]             | warm_start_steps=200 | checkpoint_smooth_window=3 | seed=42
[TRAIN]             | hidden_channels=128 | num_layers=1 | heads=3
[TRAIN]             | logp_norm=sum | exclude_greedy_from_loss=False
[TRAIN] Representation | ojmd | GNN | gin | jm_design | edges
[TRAIN] Problem size | jobs=[8,10] | machines=[5,10] | ops_per_job=[5,6] | max_proc=100
============================================================
[TRAIN] Output run folder: results\blocking\blk400_gin_L1_selk1_mask1_edges_sum_incgreedy_ojmd_s42
[TRAIN] Validation config | every=20 steps | instances=20 (representative subset)
[TRAIN] Blocking setting | buffers in=2 out=1 | instances={'range_jobs': (12, 15), 'range_machines': (4, 6), 'range_op_per_job': (5, 6), 'max_processing': 100, 'mas_per_ope_max': 3, 'n_bottlenecks': 1, 'bottleneck_prob': 0.7, 'bottleneck_factor': 2.0}
[TRAIN] Warm-start (behavior cloning vs. dispatch heuristic) | 200 step(s)...
[TRAIN][WARMSTART] step 10/200 | instance=74 | bc_loss=1.1282 | decisions=26
[TRAIN][WARMSTART] step 20/200 | instance=80 | bc_loss=0.6497 | decisions=34
[TRAIN][WARMSTART] step 30/200 | instance=76 | bc_loss=0.5529 | decisions=34
[TRAIN][WARMSTART] step 40/200 | instance=83 | bc_loss=0.7191 | decisions=41
[TRAIN][WARMSTART] step 50/200 | instance=68 | bc_loss=0.5822 | decisions=31
[TRAIN][WARMSTART] step 60/200 | instance=41 | bc_loss=0.7306 | decisions=36
[TRAIN][WARMSTART] step 70/200 | instance=15 | bc_loss=0.6391 | decisions=33
[TRAIN][WARMSTART] step 80/200 | instance=72 | bc_loss=0.5353 | decisions=38
[TRAIN][WARMSTART] step 90/200 | instance=27 | bc_loss=0.3474 | decisions=35
[TRAIN][WARMSTART] step 100/200 | instance=53 | bc_loss=0.4268 | decisions=26
[TRAIN][WARMSTART] step 110/200 | instance=28 | bc_loss=0.4243 | decisions=36
[TRAIN][WARMSTART] step 120/200 | instance=9 | bc_loss=0.3474 | decisions=35
[TRAIN][WARMSTART] step 130/200 | instance=21 | bc_loss=0.4692 | decisions=49
[TRAIN][WARMSTART] step 140/200 | instance=13 | bc_loss=0.2636 | decisions=36
[TRAIN][WARMSTART] step 150/200 | instance=56 | bc_loss=0.4675 | decisions=32
[TRAIN][WARMSTART] step 160/200 | instance=72 | bc_loss=0.4736 | decisions=38
[TRAIN][WARMSTART] step 170/200 | instance=43 | bc_loss=0.4275 | decisions=29
[TRAIN][WARMSTART] step 180/200 | instance=62 | bc_loss=0.5227 | decisions=36
[TRAIN][WARMSTART] step 190/200 | instance=40 | bc_loss=0.2681 | decisions=31
[TRAIN][WARMSTART] step 200/200 | instance=19 | bc_loss=0.3704 | decisions=31
[TRAIN] Warm-start complete, switching to BOPO preference optimization.
------------------------------------------------------------
[TRAIN] BOPO agent ready. Starting training loop for 400 step(s)...
------------------------------------------------------------
[TRAIN] Step 1/400 | 17:07:41
[TRAIN] Step 1 | Loss=0.016281 | Best makespan in group=1446.00
[TRAIN] Step 2/400 | 17:08:50
[TRAIN] Step 2 | Loss=0.007159 | Best makespan in group=1793.00
[TRAIN] Step 3/400 | 17:09:59
[TRAIN] Step 3 | Loss=0.006290 | Best makespan in group=2530.00
[TRAIN] Step 4/400 | 17:11:02
[TRAIN] Step 4 | Loss=0.002463 | Best makespan in group=1460.00
[TRAIN] Step 5/400 | 17:12:31
[TRAIN] Step 5 | Loss=0.736070 | Best makespan in group=2320.00
[TRAIN] Step 6/400 | 17:13:40
[TRAIN] Step 6 | Loss=1.675895 | Best makespan in group=3236.00
[TRAIN] Step 7/400 | 17:15:22
[TRAIN] Step 7 | Loss=0.668034 | Best makespan in group=1148.00
[TRAIN] Step 8/400 | 17:16:35
[TRAIN] Step 8 | Loss=5.131414 | Best makespan in group=2520.00
[TRAIN] Step 9/400 | 17:17:49
[TRAIN] Step 9 | Loss=2.115821 | Best makespan in group=2265.00
[TRAIN] Step 10/400 | 17:19:17
[TRAIN] Step 10 | Loss=11.208071 | Best makespan in group=2260.00
[TRAIN] Step 11/400 | 17:20:47
[TRAIN] Step 11 | Loss=0.000457 | Best makespan in group=1656.00
[TRAIN] Step 12/400 | 17:21:58
[TRAIN] Step 12 | Loss=1.666461 | Best makespan in group=1440.00
[TRAIN] Step 13/400 | 17:23:04
[TRAIN] Step 13 | Loss=6.069626 | Best makespan in group=1756.00
[TRAIN] Step 14/400 | 17:24:06
[TRAIN] Step 14 | Loss=0.000006 | Best makespan in group=1888.00
[TRAIN] Step 15/400 | 17:25:41
[TRAIN] Step 15 | Loss=2.694557 | Best makespan in group=2278.00
[TRAIN] Step 16/400 | 17:27:03
[TRAIN] Step 16 | Loss=4.671983 | Best makespan in group=1924.00
[TRAIN] Step 17/400 | 17:28:16
[TRAIN] Step 17 | Loss=5.325458 | Best makespan in group=1988.00
[TRAIN] Step 18/400 | 17:29:37
[TRAIN] Step 18 | Loss=5.658930 | Best makespan in group=2004.00
[TRAIN] Step 19/400 | 17:30:40
[TRAIN] Step 19 | Loss=2.383826 | Best makespan in group=1798.00
[TRAIN] Step 20/400 | 17:31:31
[TRAIN] Step 20 | Loss=4.018218 | Best makespan in group=2162.00
[TRAIN][VAL][ep 20] avg_gap=0.0961 | std_gap=0.1258 | q80_gap=0.1150 | n=20
[TRAIN][VAL][ep 20] blocked_events=459 | swaps=39 in 10 instance(s)
[TRAIN] Validation improved | smoothed_avg_gap=0.0961 (raw=0.0961) | saving candidate: 558326467416353.pth
[TRAIN] Step 21/400 | 17:33:03
[TRAIN] Step 21 | Loss=1.188416 | Best makespan in group=1120.00
[TRAIN] Step 22/400 | 17:33:55
[TRAIN] Step 22 | Loss=0.001494 | Best makespan in group=2236.00
[TRAIN] Step 23/400 | 17:35:08
[TRAIN] Step 23 | Loss=0.010922 | Best makespan in group=1582.00
[TRAIN] Step 24/400 | 17:35:59
[TRAIN] Step 24 | Loss=1.733934 | Best makespan in group=2048.00
[TRAIN] Step 25/400 | 17:37:09
[TRAIN] Step 25 | Loss=4.625337 | Best makespan in group=1848.00
[TRAIN] Step 26/400 | 17:38:16
[TRAIN] Step 26 | Loss=0.013398 | Best makespan in group=1134.00
[TRAIN] Step 27/400 | 17:39:18
[TRAIN] Step 27 | Loss=4.002809 | Best makespan in group=2008.00
[TRAIN] Step 28/400 | 17:40:27
[TRAIN] Step 28 | Loss=1.574008 | Best makespan in group=1776.00
[TRAIN] Step 29/400 | 17:41:45
[TRAIN] Step 29 | Loss=1.695752 | Best makespan in group=1814.00
[TRAIN] Step 30/400 | 17:42:47
[TRAIN] Step 30 | Loss=0.980255 | Best makespan in group=1966.00
[TRAIN] Step 31/400 | 17:44:01
[TRAIN] Step 31 | Loss=0.082547 | Best makespan in group=2394.00
[TRAIN] Step 32/400 | 17:45:09
[TRAIN] Step 32 | Loss=2.998871 | Best makespan in group=1270.00
[TRAIN] Step 33/400 | 17:46:10
[TRAIN] Step 33 | Loss=0.132901 | Best makespan in group=1882.00
[TRAIN] Step 34/400 | 17:47:03
[TRAIN] Step 34 | Loss=0.160835 | Best makespan in group=1160.00
[TRAIN] Step 35/400 | 17:47:54
[TRAIN] Step 35 | Loss=8.453544 | Best makespan in group=2154.00
[TRAIN] Step 36/400 | 17:49:11
[TRAIN] Step 36 | Loss=1.806442 | Best makespan in group=1166.00
[TRAIN] Step 37/400 | 17:50:29
[TRAIN] Step 37 | Loss=5.617522 | Best makespan in group=1774.00
[TRAIN] Step 38/400 | 17:51:37
[TRAIN] Step 38 | Loss=0.001192 | Best makespan in group=2006.00
[TRAIN] Step 39/400 | 17:52:38
[TRAIN] Step 39 | Loss=1.762181 | Best makespan in group=2498.00
[TRAIN] Step 40/400 | 17:53:49
[TRAIN] Step 40 | Loss=2.130949 | Best makespan in group=2376.00
[TRAIN][VAL][ep 40] avg_gap=0.0749 | std_gap=0.0718 | q80_gap=0.1244 | n=20
[TRAIN][VAL][ep 40] blocked_events=507 | swaps=29 in 11 instance(s)
[TRAIN] Validation improved | smoothed_avg_gap=0.0855 (raw=0.0749) | saving candidate: 243992179754853.pth
[TRAIN] Step 41/400 | 17:55:31
[TRAIN] Step 41 | Loss=8.048507 | Best makespan in group=2394.00
[TRAIN] Step 42/400 | 17:56:30
[TRAIN] Step 42 | Loss=0.163384 | Best makespan in group=1900.00
[TRAIN] Step 43/400 | 17:57:28
[TRAIN] Step 43 | Loss=0.069872 | Best makespan in group=1086.00
[TRAIN] Step 44/400 | 17:58:25
[TRAIN] Step 44 | Loss=0.050734 | Best makespan in group=1670.00
[TRAIN] Step 45/400 | 17:59:13
[TRAIN] Step 45 | Loss=3.504427 | Best makespan in group=1892.00
[TRAIN] Step 46/400 | 18:00:08
[TRAIN] Step 46 | Loss=0.000079 | Best makespan in group=1758.00
[TRAIN] Step 47/400 | 18:01:02
[TRAIN] Step 47 | Loss=4.152664 | Best makespan in group=2044.00
[TRAIN] Step 48/400 | 18:02:22
[TRAIN] Step 48 | Loss=0.032037 | Best makespan in group=2010.00
[TRAIN] Step 49/400 | 18:03:16
[TRAIN] Step 49 | Loss=3.521024 | Best makespan in group=1618.00
[TRAIN] Step 50/400 | 18:04:17
[TRAIN] Step 50 | Loss=4.261503 | Best makespan in group=2092.00
[TRAIN] Step 51/400 | 18:05:22
[TRAIN] Step 51 | Loss=1.702979 | Best makespan in group=2276.00
[TRAIN] Step 52/400 | 18:06:29
[TRAIN] Step 52 | Loss=0.372784 | Best makespan in group=1480.00
[TRAIN] Step 53/400 | 18:07:31
[TRAIN] Step 53 | Loss=3.473947 | Best makespan in group=1723.00
[TRAIN] Step 54/400 | 18:08:49
[TRAIN] Step 54 | Loss=4.992498 | Best makespan in group=2198.00
[TRAIN] Step 55/400 | 18:10:05
[TRAIN] Step 55 | Loss=0.219250 | Best makespan in group=2096.00
[TRAIN] Step 56/400 | 18:11:07
[TRAIN] Step 56 | Loss=0.039975 | Best makespan in group=2092.00
[TRAIN] Step 57/400 | 18:12:11
[TRAIN] Step 57 | Loss=6.323238 | Best makespan in group=1792.00
[TRAIN] Step 58/400 | 18:13:02
[TRAIN] Step 58 | Loss=1.880113 | Best makespan in group=2690.00
[TRAIN] Step 59/400 | 18:14:01
[TRAIN] Step 59 | Loss=8.316008 | Best makespan in group=1926.00
[TRAIN] Step 60/400 | 18:15:10
[TRAIN] Step 60 | Loss=10.236278 | Best makespan in group=1786.00
[TRAIN][VAL][ep 60] avg_gap=0.1244 | std_gap=0.1506 | q80_gap=0.2063 | n=20
[TRAIN][VAL][ep 60] blocked_events=520 | swaps=39 in 11 instance(s)
[TRAIN] Step 61/400 | 18:16:45
[TRAIN] Step 61 | Loss=0.026335 | Best makespan in group=1452.00
[TRAIN] Step 62/400 | 18:17:42
[TRAIN] Step 62 | Loss=4.306791 | Best makespan in group=1620.00
[TRAIN] Step 63/400 | 18:18:50
[TRAIN] Step 63 | Loss=2.505048 | Best makespan in group=1536.00
[TRAIN] Step 64/400 | 18:20:01
[TRAIN] Step 64 | Loss=2.853984 | Best makespan in group=1988.00
[TRAIN] Step 65/400 | 18:21:02
[TRAIN] Step 65 | Loss=0.000859 | Best makespan in group=1364.00
[TRAIN] Step 66/400 | 18:21:52
[TRAIN] Step 66 | Loss=4.326041 | Best makespan in group=2456.00
[TRAIN] Step 67/400 | 18:23:06
[TRAIN] Step 67 | Loss=0.937263 | Best makespan in group=1616.00
[TRAIN] Step 68/400 | 18:24:09
[TRAIN] Step 68 | Loss=0.000412 | Best makespan in group=1754.00
[TRAIN] Step 69/400 | 18:25:05
[TRAIN] Step 69 | Loss=8.251318 | Best makespan in group=2439.00
[TRAIN] Step 70/400 | 18:26:06
[TRAIN] Step 70 | Loss=0.096983 | Best makespan in group=1824.00
[TRAIN] Step 71/400 | 18:27:07
[TRAIN] Step 71 | Loss=0.012817 | Best makespan in group=1830.00
[TRAIN] Step 72/400 | 18:28:03
[TRAIN] Step 72 | Loss=0.561150 | Best makespan in group=2180.00
[TRAIN] Step 73/400 | 18:29:10
[TRAIN] Step 73 | Loss=8.725046 | Best makespan in group=1785.00
[TRAIN] Step 74/400 | 18:30:00
[TRAIN] Step 74 | Loss=0.029055 | Best makespan in group=2278.00
[TRAIN] Step 75/400 | 18:30:59
[TRAIN] Step 75 | Loss=3.544439 | Best makespan in group=1862.00
[TRAIN] Step 76/400 | 18:32:13
[TRAIN] Step 76 | Loss=0.001086 | Best makespan in group=1142.00
[TRAIN] Step 77/400 | 18:33:04
[TRAIN] Step 77 | Loss=2.274910 | Best makespan in group=2678.00
[TRAIN] Step 78/400 | 18:34:05
[TRAIN] Step 78 | Loss=14.635877 | Best makespan in group=2577.00
[TRAIN] Step 79/400 | 18:35:07
[TRAIN] Step 79 | Loss=0.005171 | Best makespan in group=1810.00
[TRAIN] Step 80/400 | 18:36:22
[TRAIN] Step 80 | Loss=3.551366 | Best makespan in group=1781.00
[TRAIN][VAL][ep 80] avg_gap=0.1106 | std_gap=0.1676 | q80_gap=0.1486 | n=20
[TRAIN][VAL][ep 80] blocked_events=506 | swaps=35 in 10 instance(s)
[TRAIN] Step 81/400 | 18:37:46
[TRAIN] Step 81 | Loss=3.925165 | Best makespan in group=2102.00
[TRAIN] Step 82/400 | 18:38:44
[TRAIN] Step 82 | Loss=0.030177 | Best makespan in group=1544.00
[TRAIN] Step 83/400 | 18:40:01
[TRAIN] Step 83 | Loss=2.825539 | Best makespan in group=3028.00
[TRAIN] Step 84/400 | 18:41:17
[TRAIN] Step 84 | Loss=1.197313 | Best makespan in group=1343.00
[TRAIN] Step 85/400 | 18:42:19
[TRAIN] Step 85 | Loss=5.398686 | Best makespan in group=2678.00
[TRAIN] Step 86/400 | 18:43:12
[TRAIN] Step 86 | Loss=0.005147 | Best makespan in group=1734.00
[TRAIN] Step 87/400 | 18:44:12
[TRAIN] Step 87 | Loss=2.698363 | Best makespan in group=2304.00
[TRAIN] Step 88/400 | 18:45:12
[TRAIN] Step 88 | Loss=0.009673 | Best makespan in group=1520.00
[TRAIN] Step 89/400 | 18:46:05
[TRAIN] Step 89 | Loss=1.082809 | Best makespan in group=1558.00
[TRAIN] Step 90/400 | 18:46:54
[TRAIN] Step 90 | Loss=7.949348 | Best makespan in group=1914.00
[TRAIN] Step 91/400 | 18:48:06
[TRAIN] Step 91 | Loss=0.220981 | Best makespan in group=2150.00
[TRAIN] Step 92/400 | 18:49:16
[TRAIN] Step 92 | Loss=0.068636 | Best makespan in group=1296.00
[TRAIN] Step 93/400 | 18:50:07
[TRAIN] Step 93 | Loss=0.256459 | Best makespan in group=1201.00
[TRAIN] Step 94/400 | 18:51:19
[TRAIN] Step 94 | Loss=0.230439 | Best makespan in group=1334.00
[TRAIN] Step 95/400 | 18:52:09
[TRAIN] Step 95 | Loss=1.466318 | Best makespan in group=1772.00
[TRAIN] Step 96/400 | 18:53:10
[TRAIN] Step 96 | Loss=2.757030 | Best makespan in group=1212.00
[TRAIN] Step 97/400 | 18:54:14
[TRAIN] Step 97 | Loss=0.732849 | Best makespan in group=2134.00
[TRAIN] Step 98/400 | 18:55:20
[TRAIN] Step 98 | Loss=0.506263 | Best makespan in group=729.00
[TRAIN] Step 99/400 | 18:56:10
[TRAIN] Step 99 | Loss=1.157492 | Best makespan in group=1520.00
[TRAIN] Step 100/400 | 18:57:08
[TRAIN] Step 100 | Loss=3.125197 | Best makespan in group=2034.00
[TRAIN][VAL][ep 100] avg_gap=0.1052 | std_gap=0.1634 | q80_gap=0.1371 | n=20
[TRAIN][VAL][ep 100] blocked_events=502 | swaps=36 in 11 instance(s)
[TRAIN] Step 101/400 | 18:58:30
[TRAIN] Step 101 | Loss=1.604549 | Best makespan in group=1882.00
[TRAIN] Step 102/400 | 18:59:23
[TRAIN] Step 102 | Loss=0.073325 | Best makespan in group=1824.00
[TRAIN] Step 103/400 | 19:00:26
[TRAIN] Step 103 | Loss=0.007444 | Best makespan in group=1830.00
[TRAIN] Step 104/400 | 19:01:18
[TRAIN] Step 104 | Loss=0.975321 | Best makespan in group=1544.00
[TRAIN] Step 105/400 | 19:02:35
[TRAIN] Step 105 | Loss=1.328037 | Best makespan in group=2048.00
[TRAIN] Step 106/400 | 19:03:45
[TRAIN] Step 106 | Loss=1.825150 | Best makespan in group=1792.00
[TRAIN] Step 107/400 | 19:04:39
[TRAIN] Step 107 | Loss=1.534713 | Best makespan in group=1626.00
[TRAIN] Step 108/400 | 19:05:42
[TRAIN] Step 108 | Loss=0.650571 | Best makespan in group=2134.00
[TRAIN] Step 109/400 | 19:06:43
[TRAIN] Step 109 | Loss=2.222458 | Best makespan in group=1620.00
[TRAIN] Step 110/400 | 19:07:49
[TRAIN] Step 110 | Loss=0.219639 | Best makespan in group=1460.00
[TRAIN] Step 111/400 | 19:09:02
[TRAIN] Step 111 | Loss=6.916887 | Best makespan in group=2077.00
[TRAIN] Step 112/400 | 19:10:05
[TRAIN] Step 112 | Loss=7.035254 | Best makespan in group=2102.00
[TRAIN] Step 113/400 | 19:11:04
[TRAIN] Step 113 | Loss=2.980831 | Best makespan in group=2394.00
[TRAIN] Step 114/400 | 19:12:03
[TRAIN] Step 114 | Loss=0.403563 | Best makespan in group=1786.00
[TRAIN] Step 115/400 | 19:13:16
[TRAIN] Step 115 | Loss=3.129787 | Best makespan in group=1770.00
[TRAIN] Step 116/400 | 19:14:14
[TRAIN] Step 116 | Loss=9.646419 | Best makespan in group=2418.00
[TRAIN] Step 117/400 | 19:15:16
[TRAIN] Step 117 | Loss=7.329152 | Best makespan in group=1900.00
[TRAIN] Step 118/400 | 19:16:21
[TRAIN] Step 118 | Loss=1.256313 | Best makespan in group=2034.00
[TRAIN] Step 119/400 | 19:17:18
[TRAIN] Step 119 | Loss=3.101874 | Best makespan in group=2180.00
[TRAIN] Step 120/400 | 19:18:23
[TRAIN] Step 120 | Loss=0.077994 | Best makespan in group=1754.00
[TRAIN][VAL][ep 120] avg_gap=0.1194 | std_gap=0.1673 | q80_gap=0.2267 | n=20
[TRAIN][VAL][ep 120] blocked_events=503 | swaps=33 in 9 instance(s)
[TRAIN] Step 121/400 | 19:19:49
[TRAIN] Step 121 | Loss=11.151603 | Best makespan in group=1748.00
[TRAIN] Step 122/400 | 19:20:40
[TRAIN] Step 122 | Loss=5.338048 | Best makespan in group=2624.00
[TRAIN] Step 123/400 | 19:21:50
[TRAIN] Step 123 | Loss=0.000359 | Best makespan in group=1758.00
[TRAIN] Step 124/400 | 19:22:42
[TRAIN] Step 124 | Loss=0.003125 | Best makespan in group=1086.00
[TRAIN] Step 125/400 | 19:23:46
[TRAIN] Step 125 | Loss=1.115359 | Best makespan in group=2092.00
[TRAIN] Step 126/400 | 19:24:51
[TRAIN] Step 126 | Loss=0.253897 | Best makespan in group=2678.00
[TRAIN] Step 127/400 | 19:25:54
[TRAIN] Step 127 | Loss=8.847471 | Best makespan in group=1782.00
[TRAIN] Step 128/400 | 19:27:02
[TRAIN] Step 128 | Loss=8.319188 | Best makespan in group=2229.00
[TRAIN] Step 129/400 | 19:28:20
[TRAIN] Step 129 | Loss=0.010436 | Best makespan in group=1734.00
[TRAIN] Step 130/400 | 19:29:21
[TRAIN] Step 130 | Loss=0.058109 | Best makespan in group=729.00
[TRAIN] Step 131/400 | 19:30:10
[TRAIN] Step 131 | Loss=0.016822 | Best makespan in group=2251.00
[TRAIN] Step 132/400 | 19:31:26
[TRAIN] Step 132 | Loss=0.584585 | Best makespan in group=1604.00
[TRAIN] Step 133/400 | 19:32:27
[TRAIN] Step 133 | Loss=0.680057 | Best makespan in group=2168.00
[TRAIN] Step 134/400 | 19:33:31
[TRAIN] Step 134 | Loss=0.000060 | Best makespan in group=1888.00
[TRAIN] Step 135/400 | 19:34:51
[TRAIN] Step 135 | Loss=12.953960 | Best makespan in group=2390.00
[TRAIN] Step 136/400 | 19:35:48
[TRAIN] Step 136 | Loss=0.049311 | Best makespan in group=1212.00
[TRAIN] Step 137/400 | 19:36:56
[TRAIN] Step 137 | Loss=4.930171 | Best makespan in group=1963.00
[TRAIN] Step 138/400 | 19:38:09
[TRAIN] Step 138 | Loss=0.279561 | Best makespan in group=1152.00
[TRAIN] Step 139/400 | 19:39:29
[TRAIN] Step 139 | Loss=1.029496 | Best makespan in group=2008.00
[TRAIN] Step 140/400 | 19:40:37
[TRAIN] Step 140 | Loss=3.521704 | Best makespan in group=2278.00
[TRAIN][VAL][ep 140] avg_gap=0.0736 | std_gap=0.1062 | q80_gap=0.1078 | n=20
[TRAIN][VAL][ep 140] blocked_events=477 | swaps=30 in 9 instance(s)
[TRAIN] Step 141/400 | 19:42:07
[TRAIN] Step 141 | Loss=0.029205 | Best makespan in group=1446.00
[TRAIN] Step 142/400 | 19:43:08
[TRAIN] Step 142 | Loss=0.044127 | Best makespan in group=2276.00
[TRAIN] Step 143/400 | 19:44:17
[TRAIN] Step 143 | Loss=0.010931 | Best makespan in group=2150.00
[TRAIN] Step 144/400 | 19:45:28
[TRAIN] Step 144 | Loss=0.012338 | Best makespan in group=1520.00
[TRAIN] Step 145/400 | 19:46:23
[TRAIN] Step 145 | Loss=0.638598 | Best makespan in group=1790.00
[TRAIN] Step 146/400 | 19:47:31
[TRAIN] Step 146 | Loss=0.152550 | Best makespan in group=2690.00
[TRAIN] Step 147/400 | 19:48:41
[TRAIN] Step 147 | Loss=0.077355 | Best makespan in group=1500.00
[TRAIN] Step 148/400 | 19:49:41
[TRAIN] Step 148 | Loss=0.000227 | Best makespan in group=2006.00
[TRAIN] Step 149/400 | 19:50:44
[TRAIN] Step 149 | Loss=0.325142 | Best makespan in group=1142.00
[TRAIN] Step 150/400 | 19:51:38
[TRAIN] Step 150 | Loss=0.000487 | Best makespan in group=1520.00
[TRAIN] Step 151/400 | 19:52:36
[TRAIN] Step 151 | Loss=1.543884 | Best makespan in group=1582.00
[TRAIN] Step 152/400 | 19:53:29
[TRAIN] Step 152 | Loss=0.671427 | Best makespan in group=2450.00
[TRAIN] Step 153/400 | 19:54:34
[TRAIN] Step 153 | Loss=1.039331 | Best makespan in group=3164.00
[TRAIN] Step 154/400 | 19:55:57
[TRAIN] Step 154 | Loss=0.000786 | Best makespan in group=1656.00
[TRAIN] Step 155/400 | 19:57:00
[TRAIN] Step 155 | Loss=2.154699 | Best makespan in group=1900.00
[TRAIN] Step 156/400 | 19:58:00
[TRAIN] Step 156 | Loss=7.419675 | Best makespan in group=2044.00
[TRAIN] Step 157/400 | 19:59:10
[TRAIN] Step 157 | Loss=0.100165 | Best makespan in group=2010.00
[TRAIN] Step 158/400 | 20:00:07
[TRAIN] Step 158 | Loss=0.020672 | Best makespan in group=1926.00
[TRAIN] Step 159/400 | 20:01:19
[TRAIN] Step 159 | Loss=9.264232 | Best makespan in group=2638.00
[TRAIN] Step 160/400 | 20:02:23
[TRAIN] Step 160 | Loss=0.000730 | Best makespan in group=1558.00
[TRAIN][VAL][ep 160] avg_gap=0.1017 | std_gap=0.1368 | q80_gap=0.2510 | n=20
[TRAIN][VAL][ep 160] blocked_events=507 | swaps=28 in 10 instance(s)
[TRAIN] Step 161/400 | 20:03:43
[TRAIN] Step 161 | Loss=0.013317 | Best makespan in group=1670.00
[TRAIN] Step 162/400 | 20:04:33
[TRAIN] Step 162 | Loss=5.541261 | Best makespan in group=2392.00
[TRAIN] Step 163/400 | 20:05:48
[TRAIN] Step 163 | Loss=0.000510 | Best makespan in group=1273.00
[TRAIN] Step 164/400 | 20:07:05
[TRAIN] Step 164 | Loss=0.005477 | Best makespan in group=1120.00
[TRAIN] Step 165/400 | 20:08:00
[TRAIN] Step 165 | Loss=4.811133 | Best makespan in group=1270.00
[TRAIN] Step 166/400 | 20:09:01
[TRAIN] Step 166 | Loss=0.001368 | Best makespan in group=1814.00
[TRAIN] Step 167/400 | 20:10:02
[TRAIN] Step 167 | Loss=0.021887 | Best makespan in group=2376.00
[TRAIN] Step 168/400 | 20:11:20
[TRAIN] Step 168 | Loss=0.678103 | Best makespan in group=1802.00
[TRAIN] Step 169/400 | 20:12:34
[TRAIN] Step 169 | Loss=0.015752 | Best makespan in group=2678.00
[TRAIN] Step 170/400 | 20:13:30
[TRAIN] Step 170 | Loss=0.141898 | Best makespan in group=2084.00
[TRAIN] Step 171/400 | 20:14:49
[TRAIN] Step 171 | Loss=10.335128 | Best makespan in group=2092.00
[TRAIN] Step 172/400 | 20:15:55
[TRAIN] Step 172 | Loss=1.325070 | Best makespan in group=1536.00
[TRAIN] Step 173/400 | 20:17:07
[TRAIN] Step 173 | Loss=0.402997 | Best makespan in group=1440.00
[TRAIN] Step 174/400 | 20:18:03
[TRAIN] Step 174 | Loss=0.296693 | Best makespan in group=1364.00
[TRAIN] Step 175/400 | 20:18:57
[TRAIN] Step 175 | Loss=2.049775 | Best makespan in group=1118.00
[TRAIN] Step 176/400 | 20:19:55
[TRAIN] Step 176 | Loss=1.551035 | Best makespan in group=2098.00
[TRAIN] Step 177/400 | 20:21:17
[TRAIN] Step 177 | Loss=1.567592 | Best makespan in group=1160.00
[TRAIN] Step 178/400 | 20:22:09
[TRAIN] Step 178 | Loss=0.105983 | Best makespan in group=1756.00
[TRAIN] Step 179/400 | 20:23:03
[TRAIN] Step 179 | Loss=0.003476 | Best makespan in group=1452.00
[TRAIN] Step 180/400 | 20:24:03
[TRAIN] Step 180 | Loss=4.322473 | Best makespan in group=1802.00
[TRAIN][VAL][ep 180] avg_gap=0.1031 | std_gap=0.1383 | q80_gap=0.2240 | n=20
[TRAIN][VAL][ep 180] blocked_events=480 | swaps=26 in 9 instance(s)
[TRAIN] Step 181/400 | 20:25:43
[TRAIN] Step 181 | Loss=0.663525 | Best makespan in group=1776.00
[TRAIN] Step 182/400 | 20:27:03
[TRAIN] Step 182 | Loss=0.427959 | Best makespan in group=1334.00
[TRAIN] Step 183/400 | 20:27:57
[TRAIN] Step 183 | Loss=0.714501 | Best makespan in group=1892.00
[TRAIN] Step 184/400 | 20:28:54
[TRAIN] Step 184 | Loss=5.001117 | Best makespan in group=1798.00
[TRAIN] Step 185/400 | 20:29:46
[TRAIN] Step 185 | Loss=0.014141 | Best makespan in group=3028.00
[TRAIN] Step 186/400 | 20:31:03
[TRAIN] Step 186 | Loss=0.571428 | Best makespan in group=2278.00
[TRAIN] Step 187/400 | 20:32:13
[TRAIN] Step 187 | Loss=9.845262 | Best makespan in group=2009.00
[TRAIN] Step 188/400 | 20:33:17
[TRAIN] Step 188 | Loss=0.249728 | Best makespan in group=2394.00
[TRAIN] Step 189/400 | 20:34:26
[TRAIN] Step 189 | Loss=5.294836 | Best makespan in group=1263.00
[TRAIN] Step 190/400 | 20:35:17
[TRAIN] Step 190 | Loss=0.246868 | Best makespan in group=1472.00
[TRAIN] Step 191/400 | 20:36:22
[TRAIN] Step 191 | Loss=3.849255 | Best makespan in group=2162.00
[TRAIN] Step 192/400 | 20:37:26
[TRAIN] Step 192 | Loss=10.679052 | Best makespan in group=2198.00
[TRAIN] Step 193/400 | 20:38:46
[TRAIN] Step 193 | Loss=0.375457 | Best makespan in group=1138.00
[TRAIN] Step 194/400 | 20:39:48
[TRAIN] Step 194 | Loss=9.036596 | Best makespan in group=1834.00
[TRAIN] Step 195/400 | 20:41:08
[TRAIN] Step 195 | Loss=1.807342 | Best makespan in group=2456.00
[TRAIN] Step 196/400 | 20:42:24
[TRAIN] Step 196 | Loss=5.866670 | Best makespan in group=1960.00
[TRAIN] Step 197/400 | 20:43:25
[TRAIN] Step 197 | Loss=3.514487 | Best makespan in group=1856.00
[TRAIN] Step 198/400 | 20:44:41
[TRAIN] Step 198 | Loss=0.650265 | Best makespan in group=2304.00
[TRAIN] Step 199/400 | 20:45:43
[TRAIN] Step 199 | Loss=2.892971 | Best makespan in group=1216.00
[TRAIN] Step 200/400 | 20:46:43
[TRAIN] Step 200 | Loss=0.459467 | Best makespan in group=1966.00
[TRAIN][VAL][ep 200] avg_gap=0.0845 | std_gap=0.1065 | q80_gap=0.1373 | n=20
[TRAIN][VAL][ep 200] blocked_events=462 | swaps=29 in 8 instance(s)
[TRAIN] Step 201/400 | 20:48:27
[TRAIN] Step 201 | Loss=0.322573 | Best makespan in group=729.00
[TRAIN] Step 202/400 | 20:49:17
[TRAIN] Step 202 | Loss=3.605188 | Best makespan in group=2084.00
[TRAIN] Step 203/400 | 20:50:19
[TRAIN] Step 203 | Loss=0.000174 | Best makespan in group=1900.00
[TRAIN] Step 204/400 | 20:51:17
[TRAIN] Step 204 | Loss=4.505926 | Best makespan in group=2376.00
[TRAIN] Step 205/400 | 20:52:32
[TRAIN] Step 205 | Loss=2.711893 | Best makespan in group=1882.00
[TRAIN] Step 206/400 | 20:53:24
[TRAIN] Step 206 | Loss=0.018825 | Best makespan in group=2276.00
[TRAIN] Step 207/400 | 20:54:33
[TRAIN] Step 207 | Loss=0.001391 | Best makespan in group=1452.00
[TRAIN] Step 208/400 | 20:55:31
[TRAIN] Step 208 | Loss=0.000385 | Best makespan in group=1758.00
[TRAIN] Step 209/400 | 20:56:21
[TRAIN] Step 209 | Loss=4.562971 | Best makespan in group=2450.00
[TRAIN] Step 210/400 | 20:57:24
[TRAIN] Step 210 | Loss=0.109722 | Best makespan in group=1824.00
[TRAIN] Step 211/400 | 20:58:27
[TRAIN] Step 211 | Loss=0.003575 | Best makespan in group=1520.00
[TRAIN] Step 212/400 | 20:59:21
[TRAIN] Step 212 | Loss=2.714409 | Best makespan in group=1878.00
[TRAIN] Step 213/400 | 21:00:24
[TRAIN] Step 213 | Loss=0.800693 | Best makespan in group=1429.00
[TRAIN] Step 214/400 | 21:01:27
[TRAIN] Step 214 | Loss=0.029166 | Best makespan in group=1814.00
[TRAIN] Step 215/400 | 21:02:29
[TRAIN] Step 215 | Loss=4.133434 | Best makespan in group=1756.00
[TRAIN] Step 216/400 | 21:03:23
[TRAIN] Step 216 | Loss=0.005305 | Best makespan in group=2304.00
[TRAIN] Step 217/400 | 21:04:22
[TRAIN] Step 217 | Loss=0.000019 | Best makespan in group=1960.00
[TRAIN] Step 218/400 | 21:05:22
[TRAIN] Step 218 | Loss=0.001566 | Best makespan in group=2092.00
[TRAIN] Step 219/400 | 21:06:27
[TRAIN] Step 219 | Loss=0.474989 | Best makespan in group=1334.00
[TRAIN] Step 220/400 | 21:07:16
[TRAIN] Step 220 | Loss=2.942718 | Best makespan in group=2076.00
[TRAIN][VAL][ep 220] avg_gap=0.0936 | std_gap=0.1049 | q80_gap=0.1618 | n=20
[TRAIN][VAL][ep 220] blocked_events=488 | swaps=33 in 9 instance(s)
[TRAIN] Step 221/400 | 21:09:03
[TRAIN] Step 221 | Loss=0.000848 | Best makespan in group=1460.00
[TRAIN] Step 222/400 | 21:10:16
[TRAIN] Step 222 | Loss=8.489620 | Best makespan in group=2048.00
[TRAIN] Step 223/400 | 21:11:27
[TRAIN] Step 223 | Loss=6.931599 | Best makespan in group=2004.00
[TRAIN] Step 224/400 | 21:12:32
[TRAIN] Step 224 | Loss=0.470960 | Best makespan in group=1345.00
[TRAIN] Step 225/400 | 21:13:34
[TRAIN] Step 225 | Loss=0.000015 | Best makespan in group=1888.00
[TRAIN] Step 226/400 | 21:14:49
[TRAIN] Step 226 | Loss=10.795031 | Best makespan in group=2188.00
[TRAIN] Step 227/400 | 21:16:04
[TRAIN] Step 227 | Loss=5.089118 | Best makespan in group=1142.00
[TRAIN] Step 228/400 | 21:16:56
[TRAIN] Step 228 | Loss=1.240770 | Best makespan in group=1734.00
[TRAIN] Step 229/400 | 21:17:57
[TRAIN] Step 229 | Loss=0.029643 | Best makespan in group=1215.00
[TRAIN] Step 230/400 | 21:19:11
[TRAIN] Step 230 | Loss=2.586966 | Best makespan in group=1536.00
[TRAIN] Step 231/400 | 21:20:26
[TRAIN] Step 231 | Loss=1.075545 | Best makespan in group=1902.00
[TRAIN] Step 232/400 | 21:21:30
[TRAIN] Step 232 | Loss=0.009918 | Best makespan in group=1926.00
[TRAIN] Step 233/400 | 21:22:40
[TRAIN] Step 233 | Loss=0.016328 | Best makespan in group=1544.00
[TRAIN] Step 234/400 | 21:23:57
[TRAIN] Step 234 | Loss=0.274816 | Best makespan in group=1120.00
[TRAIN] Step 235/400 | 21:24:50
[TRAIN] Step 235 | Loss=7.880101 | Best makespan in group=2044.00
[TRAIN] Step 236/400 | 21:26:00
[TRAIN] Step 236 | Loss=9.160233 | Best makespan in group=2150.00
[TRAIN] Step 237/400 | 21:27:08
[TRAIN] Step 237 | Loss=0.101332 | Best makespan in group=2278.00
[TRAIN] Step 238/400 | 21:28:12
[TRAIN] Step 238 | Loss=0.000113 | Best makespan in group=1280.00
[TRAIN] Step 239/400 | 21:29:03
[TRAIN] Step 239 | Loss=2.255399 | Best makespan in group=2672.00
[TRAIN] Step 240/400 | 21:30:07
[TRAIN] Step 240 | Loss=2.861556 | Best makespan in group=1154.00
[TRAIN][VAL][ep 240] avg_gap=0.1062 | std_gap=0.1217 | q80_gap=0.1803 | n=20
[TRAIN][VAL][ep 240] blocked_events=493 | swaps=35 in 9 instance(s)
[TRAIN] Step 241/400 | 21:31:36
[TRAIN] Step 241 | Loss=11.331760 | Best makespan in group=2164.00
[TRAIN] Step 242/400 | 21:32:58
[TRAIN] Step 242 | Loss=0.038578 | Best makespan in group=3028.00
[TRAIN] Step 243/400 | 21:34:13
[TRAIN] Step 243 | Loss=0.606680 | Best makespan in group=1110.00
[TRAIN] Step 244/400 | 21:35:31
[TRAIN] Step 244 | Loss=0.192041 | Best makespan in group=2394.00
[TRAIN] Step 245/400 | 21:36:28
[TRAIN] Step 245 | Loss=2.107581 | Best makespan in group=2456.00
[TRAIN] Step 246/400 | 21:37:46
[TRAIN] Step 246 | Loss=0.861816 | Best makespan in group=1966.00
[TRAIN] Step 247/400 | 21:39:02
[TRAIN] Step 247 | Loss=0.563418 | Best makespan in group=2008.00
[TRAIN] Step 248/400 | 21:40:12
[TRAIN] Step 248 | Loss=0.003349 | Best makespan in group=1364.00
[TRAIN] Step 249/400 | 21:41:05
[TRAIN] Step 249 | Loss=3.766309 | Best makespan in group=1757.00
[TRAIN] Step 250/400 | 21:42:04
[TRAIN] Step 250 | Loss=0.006118 | Best makespan in group=1830.00
[TRAIN] Step 251/400 | 21:42:58
[TRAIN] Step 251 | Loss=0.327072 | Best makespan in group=1954.00
[TRAIN] Step 252/400 | 21:44:09
[TRAIN] Step 252 | Loss=0.001098 | Best makespan in group=1446.00
[TRAIN] Step 253/400 | 21:45:10
[TRAIN] Step 253 | Loss=0.489104 | Best makespan in group=1160.00
[TRAIN] Step 254/400 | 21:46:02
[TRAIN] Step 254 | Loss=1.051602 | Best makespan in group=1760.00
[TRAIN] Step 255/400 | 21:47:11
[TRAIN] Step 255 | Loss=0.355035 | Best makespan in group=1056.00
[TRAIN] Step 256/400 | 21:48:15
[TRAIN] Step 256 | Loss=2.151616 | Best makespan in group=1786.00
[TRAIN] Step 257/400 | 21:49:29
[TRAIN] Step 257 | Loss=7.015900 | Best makespan in group=2218.00
[TRAIN] Step 258/400 | 21:50:47
[TRAIN] Step 258 | Loss=0.005741 | Best makespan in group=1440.00
[TRAIN] Step 259/400 | 21:51:43
[TRAIN] Step 259 | Loss=0.000228 | Best makespan in group=1212.00
[TRAIN] Step 260/400 | 21:52:47
[TRAIN] Step 260 | Loss=0.996615 | Best makespan in group=1798.00
[TRAIN][VAL][ep 260] avg_gap=0.1011 | std_gap=0.1038 | q80_gap=0.1556 | n=20
[TRAIN][VAL][ep 260] blocked_events=490 | swaps=32 in 10 instance(s)
[TRAIN] Step 261/400 | 21:54:07
[TRAIN] Step 261 | Loss=2.837191 | Best makespan in group=1772.00
[TRAIN] Step 262/400 | 21:55:08
[TRAIN] Step 262 | Loss=1.078500 | Best makespan in group=1558.00
[TRAIN] Step 263/400 | 21:56:00
[TRAIN] Step 263 | Loss=1.180260 | Best makespan in group=1620.00
[TRAIN] Step 264/400 | 21:57:07
[TRAIN] Step 264 | Loss=5.828104 | Best makespan in group=1726.00
[TRAIN] Step 265/400 | 21:57:58
[TRAIN] Step 265 | Loss=0.874243 | Best makespan in group=1570.00
[TRAIN] Step 266/400 | 21:59:01
[TRAIN] Step 266 | Loss=0.664559 | Best makespan in group=2678.00
[TRAIN] Step 267/400 | 21:59:55
[TRAIN] Step 267 | Loss=0.000716 | Best makespan in group=1671.00
[TRAIN] Step 268/400 | 22:01:12
[TRAIN] Step 268 | Loss=0.294345 | Best makespan in group=2180.00
[TRAIN] Step 269/400 | 22:02:17
[TRAIN] Step 269 | Loss=4.402854 | Best makespan in group=2102.00
[TRAIN] Step 270/400 | 22:03:16
[TRAIN] Step 270 | Loss=2.891831 | Best makespan in group=1856.00
[TRAIN] Step 271/400 | 22:04:32
[TRAIN] Step 271 | Loss=0.151476 | Best makespan in group=1520.00
[TRAIN] Step 272/400 | 22:05:29
[TRAIN] Step 272 | Loss=0.000004 | Best makespan in group=2006.00
[TRAIN] Step 273/400 | 22:06:30
[TRAIN] Step 273 | Loss=2.211533 | Best makespan in group=2394.00
[TRAIN] Step 274/400 | 22:07:38
[TRAIN] Step 274 | Loss=0.000082 | Best makespan in group=2269.00
[TRAIN] Step 275/400 | 22:08:50
[TRAIN] Step 275 | Loss=0.272811 | Best makespan in group=1786.00
[TRAIN] Step 276/400 | 22:10:00
[TRAIN] Step 276 | Loss=2.983493 | Best makespan in group=1500.00
[TRAIN] Step 277/400 | 22:10:59
[TRAIN] Step 277 | Loss=0.001680 | Best makespan in group=1754.00
[TRAIN] Step 278/400 | 22:11:58
[TRAIN] Step 278 | Loss=0.016286 | Best makespan in group=3164.00
[TRAIN] Step 279/400 | 22:13:20
[TRAIN] Step 279 | Loss=1.155529 | Best makespan in group=1670.00
[TRAIN] Step 280/400 | 22:14:11
[TRAIN] Step 280 | Loss=1.623815 | Best makespan in group=2678.00
[TRAIN][VAL][ep 280] avg_gap=0.1109 | std_gap=0.1090 | q80_gap=0.1976 | n=20
[TRAIN][VAL][ep 280] blocked_events=503 | swaps=31 in 11 instance(s)
[TRAIN] Step 281/400 | 22:15:46
[TRAIN] Step 281 | Loss=0.001819 | Best makespan in group=1656.00
[TRAIN] Step 282/400 | 22:16:46
[TRAIN] Step 282 | Loss=8.128388 | Best makespan in group=2690.00
[TRAIN] Step 283/400 | 22:17:47
[TRAIN] Step 283 | Loss=1.084536 | Best makespan in group=1892.00
[TRAIN] Step 284/400 | 22:18:43
[TRAIN] Step 284 | Loss=1.208584 | Best makespan in group=2162.00
[TRAIN] Step 285/400 | 22:19:48
[TRAIN] Step 285 | Loss=4.728566 | Best makespan in group=1122.00
[TRAIN] Step 286/400 | 22:20:46
[TRAIN] Step 286 | Loss=2.136436 | Best makespan in group=2404.00
[TRAIN] Step 287/400 | 22:21:50
[TRAIN] Step 287 | Loss=0.487612 | Best makespan in group=2010.00
[TRAIN] Step 288/400 | 22:22:45
[TRAIN] Step 288 | Loss=1.050063 | Best makespan in group=2092.00
[TRAIN] Step 289/400 | 22:23:49
[TRAIN] Step 289 | Loss=3.930967 | Best makespan in group=2390.00
[TRAIN] Step 290/400 | 22:24:46
[TRAIN] Step 290 | Loss=0.118410 | Best makespan in group=1776.00
[TRAIN] Step 291/400 | 22:26:07
[TRAIN] Step 291 | Loss=0.000214 | Best makespan in group=1582.00
[TRAIN] Step 292/400 | 22:26:59
[TRAIN] Step 292 | Loss=0.466482 | Best makespan in group=1608.00
[TRAIN] Step 293/400 | 22:28:02
[TRAIN] Step 293 | Loss=2.212529 | Best makespan in group=1792.00
[TRAIN] Step 294/400 | 22:28:57
[TRAIN] Step 294 | Loss=1.138489 | Best makespan in group=1248.00
[TRAIN] Step 295/400 | 22:29:57
[TRAIN] Step 295 | Loss=2.295627 | Best makespan in group=2034.00
[TRAIN] Step 296/400 | 22:30:53
[TRAIN] Step 296 | Loss=2.855782 | Best makespan in group=2134.00
[TRAIN] Step 297/400 | 22:31:54
[TRAIN] Step 297 | Loss=0.067843 | Best makespan in group=2278.00
[TRAIN] Step 298/400 | 22:33:07
[TRAIN] Step 298 | Loss=10.204171 | Best makespan in group=1810.00
[TRAIN] Step 299/400 | 22:34:18
[TRAIN] Step 299 | Loss=3.358128 | Best makespan in group=2565.00
[TRAIN] Step 300/400 | 22:35:29
[TRAIN] Step 300 | Loss=1.799471 | Best makespan in group=2198.00
[TRAIN][VAL][ep 300] avg_gap=0.0947 | std_gap=0.0974 | q80_gap=0.1556 | n=20
[TRAIN][VAL][ep 300] blocked_events=495 | swaps=33 in 10 instance(s)
[TRAIN] Step 301/400 | 22:37:15
[TRAIN] Step 301 | Loss=0.000020 | Best makespan in group=2006.00
[TRAIN] Step 302/400 | 22:38:16
[TRAIN] Step 302 | Loss=0.541187 | Best makespan in group=2004.00
[TRAIN] Step 303/400 | 22:39:22
[TRAIN] Step 303 | Loss=2.012396 | Best makespan in group=1342.00
[TRAIN] Step 304/400 | 22:40:25
[TRAIN] Step 304 | Loss=0.383639 | Best makespan in group=1670.00
[TRAIN] Step 305/400 | 22:41:13
[TRAIN] Step 305 | Loss=0.039606 | Best makespan in group=1985.00
[TRAIN] Step 306/400 | 22:42:26
[TRAIN] Step 306 | Loss=0.000112 | Best makespan in group=1364.00
[TRAIN] Step 307/400 | 22:43:17
[TRAIN] Step 307 | Loss=1.209040 | Best makespan in group=1232.00
[TRAIN] Step 308/400 | 22:44:16
[TRAIN] Step 308 | Loss=7.996491 | Best makespan in group=2102.00
[TRAIN] Step 309/400 | 22:45:16
[TRAIN] Step 309 | Loss=0.025888 | Best makespan in group=1536.00
[TRAIN] Step 310/400 | 22:46:27
[TRAIN] Step 310 | Loss=4.472177 | Best makespan in group=2450.00
[TRAIN] Step 311/400 | 22:47:31
[TRAIN] Step 311 | Loss=15.418394 | Best makespan in group=2390.00
[TRAIN] Step 312/400 | 22:48:29
[TRAIN] Step 312 | Loss=0.014924 | Best makespan in group=2678.00
[TRAIN] Step 313/400 | 22:49:23
[TRAIN] Step 313 | Loss=2.365382 | Best makespan in group=1734.00
[TRAIN] Step 314/400 | 22:50:23
[TRAIN] Step 314 | Loss=0.072409 | Best makespan in group=1160.00
[TRAIN] Step 315/400 | 22:51:16
[TRAIN] Step 315 | Loss=1.218809 | Best makespan in group=2394.00
[TRAIN] Step 316/400 | 22:52:16
[TRAIN] Step 316 | Loss=2.744058 | Best makespan in group=1792.00
[TRAIN] Step 317/400 | 22:53:10
[TRAIN] Step 317 | Loss=4.042502 | Best makespan in group=1776.00
[TRAIN] Step 318/400 | 22:54:30
[TRAIN] Step 318 | Loss=0.275880 | Best makespan in group=2092.00
[TRAIN] Step 319/400 | 22:55:33
[TRAIN] Step 319 | Loss=1.013098 | Best makespan in group=1960.00
[TRAIN] Step 320/400 | 22:56:34
[TRAIN] Step 320 | Loss=3.447248 | Best makespan in group=2236.00
[TRAIN][VAL][ep 320] avg_gap=0.1084 | std_gap=0.1161 | q80_gap=0.2268 | n=20
[TRAIN][VAL][ep 320] blocked_events=496 | swaps=35 in 10 instance(s)
[TRAIN] Step 321/400 | 22:58:13
[TRAIN] Step 321 | Loss=1.106796 | Best makespan in group=1966.00
[TRAIN] Step 322/400 | 22:59:22
[TRAIN] Step 322 | Loss=0.399293 | Best makespan in group=2278.00
[TRAIN] Step 323/400 | 23:00:23
[TRAIN] Step 323 | Loss=0.000306 | Best makespan in group=1900.00
[TRAIN] Step 324/400 | 23:01:21
[TRAIN] Step 324 | Loss=5.968710 | Best makespan in group=2084.00
[TRAIN] Step 325/400 | 23:02:24
[TRAIN] Step 325 | Loss=3.220846 | Best makespan in group=1120.00
[TRAIN] Step 326/400 | 23:03:43
[TRAIN] Step 326 | Loss=0.005499 | Best makespan in group=1786.00
[TRAIN] Step 327/400 | 23:04:52
[TRAIN] Step 327 | Loss=11.824611 | Best makespan in group=2276.00
[TRAIN] Step 328/400 | 23:06:00
[TRAIN] Step 328 | Loss=0.000074 | Best makespan in group=1888.00
[TRAIN] Step 329/400 | 23:07:18
[TRAIN] Step 329 | Loss=3.165704 | Best makespan in group=2634.00
[TRAIN] Step 330/400 | 23:08:22
[TRAIN] Step 330 | Loss=0.045733 | Best makespan in group=2394.00
[TRAIN] Step 331/400 | 23:09:35
[TRAIN] Step 331 | Loss=0.009889 | Best makespan in group=1334.00
[TRAIN] Step 332/400 | 23:10:21
[TRAIN] Step 332 | Loss=0.021250 | Best makespan in group=1446.00
[TRAIN] Step 333/400 | 23:11:18
[TRAIN] Step 333 | Loss=1.553598 | Best makespan in group=1768.00
[TRAIN] Step 334/400 | 23:12:05
[TRAIN] Step 334 | Loss=2.883457 | Best makespan in group=2180.00
[TRAIN] Step 335/400 | 23:13:06
[TRAIN] Step 335 | Loss=0.001337 | Best makespan in group=1671.00
[TRAIN] Step 336/400 | 23:14:16
[TRAIN] Step 336 | Loss=0.178613 | Best makespan in group=2690.00
[TRAIN] Step 337/400 | 23:15:12
[TRAIN] Step 337 | Loss=0.133937 | Best makespan in group=1814.00
[TRAIN] Step 338/400 | 23:16:06
[TRAIN] Step 338 | Loss=4.554814 | Best makespan in group=1212.00
[TRAIN] Step 339/400 | 23:17:06
[TRAIN] Step 339 | Loss=5.739330 | Best makespan in group=1866.00
[TRAIN] Step 340/400 | 23:18:11
[TRAIN] Step 340 | Loss=0.028468 | Best makespan in group=1620.00
[TRAIN][VAL][ep 340] avg_gap=0.0874 | std_gap=0.1067 | q80_gap=0.1631 | n=20
[TRAIN][VAL][ep 340] blocked_events=499 | swaps=30 in 9 instance(s)
[TRAIN] Step 341/400 | 23:19:37
[TRAIN] Step 341 | Loss=0.003808 | Best makespan in group=730.00
[TRAIN] Step 342/400 | 23:20:23
[TRAIN] Step 342 | Loss=0.021016 | Best makespan in group=1656.00
[TRAIN] Step 343/400 | 23:21:20
[TRAIN] Step 343 | Loss=1.791564 | Best makespan in group=1754.00
[TRAIN] Step 344/400 | 23:22:13
[TRAIN] Step 344 | Loss=0.184499 | Best makespan in group=3164.00
[TRAIN] Step 345/400 | 23:23:29
[TRAIN] Step 345 | Loss=2.193105 | Best makespan in group=1142.00
[TRAIN] Step 346/400 | 23:24:16
[TRAIN] Step 346 | Loss=2.107704 | Best makespan in group=1624.00
[TRAIN] Step 347/400 | 23:25:11
[TRAIN] Step 347 | Loss=0.000125 | Best makespan in group=1259.00
[TRAIN] Step 348/400 | 23:25:58
[TRAIN] Step 348 | Loss=0.756841 | Best makespan in group=1544.00
[TRAIN] Step 349/400 | 23:27:09
[TRAIN] Step 349 | Loss=0.198132 | Best makespan in group=1966.00
[TRAIN] Step 350/400 | 23:28:16
[TRAIN] Step 350 | Loss=1.307483 | Best makespan in group=1756.00
[TRAIN] Step 351/400 | 23:29:10
[TRAIN] Step 351 | Loss=3.083457 | Best makespan in group=2034.00
[TRAIN] Step 352/400 | 23:30:02
[TRAIN] Step 352 | Loss=0.104320 | Best makespan in group=1926.00
[TRAIN] Step 353/400 | 23:31:08
[TRAIN] Step 353 | Loss=5.388786 | Best makespan in group=1772.00
[TRAIN] Step 354/400 | 23:32:09
[TRAIN] Step 354 | Loss=0.000093 | Best makespan in group=1582.00
[TRAIN] Step 355/400 | 23:33:01
[TRAIN] Step 355 | Loss=2.929812 | Best makespan in group=2150.00
[TRAIN] Step 356/400 | 23:34:10
[TRAIN] Step 356 | Loss=0.541761 | Best makespan in group=1094.00
[TRAIN] Step 357/400 | 23:35:21
[TRAIN] Step 357 | Loss=0.801107 | Best makespan in group=2456.00
[TRAIN] Step 358/400 | 23:36:40
[TRAIN] Step 358 | Loss=3.198260 | Best makespan in group=1102.00
[TRAIN] Step 359/400 | 23:37:48
[TRAIN] Step 359 | Loss=0.003637 | Best makespan in group=1830.00
[TRAIN] Step 360/400 | 23:38:41
[TRAIN] Step 360 | Loss=1.930078 | Best makespan in group=1786.00
[TRAIN][VAL][ep 360] avg_gap=0.0807 | std_gap=0.0974 | q80_gap=0.1445 | n=20
[TRAIN][VAL][ep 360] blocked_events=498 | swaps=34 in 10 instance(s)
[TRAIN] Step 361/400 | 23:40:21
[TRAIN] Step 361 | Loss=4.199814 | Best makespan in group=1879.00
[TRAIN] Step 362/400 | 23:41:31
[TRAIN] Step 362 | Loss=0.029670 | Best makespan in group=2010.00
[TRAIN] Step 363/400 | 23:42:30
[TRAIN] Step 363 | Loss=8.515451 | Best makespan in group=1620.00
[TRAIN] Step 364/400 | 23:43:38
[TRAIN] Step 364 | Loss=7.258574 | Best makespan in group=2376.00
[TRAIN] Step 365/400 | 23:44:53
[TRAIN] Step 365 | Loss=1.792080 | Best makespan in group=2198.00
[TRAIN] Step 366/400 | 23:46:10
[TRAIN] Step 366 | Loss=0.014907 | Best makespan in group=2092.00
[TRAIN] Step 367/400 | 23:47:13
[TRAIN] Step 367 | Loss=7.849574 | Best makespan in group=2162.00
[TRAIN] Step 368/400 | 23:48:17
[TRAIN] Step 368 | Loss=1.587191 | Best makespan in group=1580.00
[TRAIN] Step 369/400 | 23:49:31
[TRAIN] Step 369 | Loss=1.038310 | Best makespan in group=2678.00
[TRAIN] Step 370/400 | 23:51:10
[TRAIN] Step 370 | Loss=0.217428 | Best makespan in group=2008.00
[TRAIN] Step 371/400 | 23:52:38
[TRAIN] Step 371 | Loss=0.081080 | Best makespan in group=1892.00
[TRAIN] Step 372/400 | 23:53:35
[TRAIN] Step 372 | Loss=0.000919 | Best makespan in group=1520.00
[TRAIN] Step 373/400 | 23:54:30
[TRAIN] Step 373 | Loss=0.000562 | Best makespan in group=1212.00
[TRAIN] Step 374/400 | 23:55:41
[TRAIN] Step 374 | Loss=1.248066 | Best makespan in group=1460.00
[TRAIN] Step 375/400 | 23:56:51
[TRAIN] Step 375 | Loss=0.024708 | Best makespan in group=1754.00
[TRAIN] Step 376/400 | 23:57:47
[TRAIN] Step 376 | Loss=1.292792 | Best makespan in group=2134.00
[TRAIN] Step 377/400 | 23:58:45
[TRAIN] Step 377 | Loss=0.168745 | Best makespan in group=1500.00
[TRAIN] Step 378/400 | 23:59:41
[TRAIN] Step 378 | Loss=0.001388 | Best makespan in group=1452.00
[TRAIN] Step 379/400 | 00:00:37
[TRAIN] Step 379 | Loss=0.017103 | Best makespan in group=2278.00
[TRAIN] Step 380/400 | 00:01:46
[TRAIN] Step 380 | Loss=2.610543 | Best makespan in group=2375.00
[TRAIN][VAL][ep 380] avg_gap=0.0705 | std_gap=0.0969 | q80_gap=0.1032 | n=20
[TRAIN][VAL][ep 380] blocked_events=487 | swaps=24 in 6 instance(s)
[TRAIN] Validation improved | smoothed_avg_gap=0.0795 (raw=0.0705) | saving candidate: 744057747352820.pth
[TRAIN] Step 381/400 | 00:03:14
[TRAIN] Step 381 | Loss=1.805821 | Best makespan in group=2473.00
[TRAIN] Step 382/400 | 00:04:26
[TRAIN] Step 382 | Loss=0.460995 | Best makespan in group=3028.00
[TRAIN] Step 383/400 | 00:05:40
[TRAIN] Step 383 | Loss=1.798830 | Best makespan in group=1775.00
[TRAIN] Step 384/400 | 00:06:30
[TRAIN] Step 384 | Loss=3.648495 | Best makespan in group=1872.00
[TRAIN] Step 385/400 | 00:07:46
[TRAIN] Step 385 | Loss=1.849366 | Best makespan in group=1514.00
[TRAIN] Step 386/400 | 00:08:49
[TRAIN] Step 386 | Loss=0.058856 | Best makespan in group=1882.00
[TRAIN] Step 387/400 | 00:09:40
[TRAIN] Step 387 | Loss=0.027398 | Best makespan in group=1440.00
[TRAIN] Step 388/400 | 00:10:34
[TRAIN] Step 388 | Loss=0.001510 | Best makespan in group=1824.00
[TRAIN] Step 389/400 | 00:11:36
[TRAIN] Step 389 | Loss=5.076904 | Best makespan in group=2182.00
[TRAIN] Step 390/400 | 00:12:50
[TRAIN] Step 390 | Loss=6.930769 | Best makespan in group=1120.00
[TRAIN] Step 391/400 | 00:13:41
[TRAIN] Step 391 | Loss=0.134549 | Best makespan in group=2266.00
[TRAIN] Step 392/400 | 00:14:52
[TRAIN] Step 392 | Loss=0.544957 | Best makespan in group=1558.00
[TRAIN] Step 393/400 | 00:15:40
[TRAIN] Step 393 | Loss=5.975527 | Best makespan in group=2048.00
[TRAIN] Step 394/400 | 00:16:48
[TRAIN] Step 394 | Loss=0.710326 | Best makespan in group=1150.00
[TRAIN] Step 395/400 | 00:17:47
[TRAIN] Step 395 | Loss=3.296236 | Best makespan in group=2083.00
[TRAIN] Step 396/400 | 00:19:04
[TRAIN] Step 396 | Loss=5.486986 | Best makespan in group=1944.00
[TRAIN] Step 397/400 | 00:20:23
[TRAIN] Step 397 | Loss=0.903995 | Best makespan in group=2304.00
[TRAIN] Step 398/400 | 00:21:20
[TRAIN] Step 398 | Loss=2.405254 | Best makespan in group=1917.00
[TRAIN] Step 399/400 | 00:22:23
[TRAIN] Step 399 | Loss=0.594750 | Best makespan in group=1520.00
[TRAIN] Step 400/400 | 00:23:16
[TRAIN] Step 400 | Loss=0.000509 | Best makespan in group=1758.00
[TRAIN][VAL][ep 400] avg_gap=0.0891 | std_gap=0.1308 | q80_gap=0.1500 | n=20
[TRAIN][VAL][ep 400] blocked_events=496 | swaps=22 in 6 instance(s)
[TRAIN] Evaluating best checkpoint (candidate_models\blocking\744057747352820.pth) on the held-out test split...
[TRAIN][TEST] avg_gap=0.1011 | std_gap=0.0914 | q80_gap=0.1832 | n=20
[TRAIN][TEST] blocked_events=421 | swaps=21 in 6 instance(s)
[TRAIN][00:24:55] Training ended. Validation history and plots updated.
[MAIN] Run finished at 2026-10-08 00:24:55
============================================================
=== [A] exit code 0 | 2026-10-08 00:24:57 ===
=== [A] LANE DONE | 2026-10-08 00:24:57 ===
