=== [B] TRAIN blk400_gin_L2_selk1_mask1_edges_sum_incgreedy_ojmf_s42 | 2026-10-08 00:30:16 ===
C:\Users\maria\Desktop\dissertation-bopo_introduction\.venv\Lib\site-packages\torch\jit\_script.py:1491: FutureWarning: `torch.jit.script` is deprecated. Please switch to `torch.compile` or `torch.export`.
  warnings.warn(
============================================================
[MAIN] Run started at 2026-10-08 00:30:28
[MAIN] mode=train
[MAIN] run_name=blk400_gin_L2_selk1_mask1_edges_sum_incgreedy_ojmf
[MAIN] representation(s)=['ojmf']
[MAIN] gnn_type=gin
[MAIN] overrides={'mask_option': 1, 'sel_k': 1, 'num_layers': 2, 'logp_norm': 'sum', 'exclude_greedy_from_loss': False, 'jm_design': 'edges'}
============================================================
[MAIN] Training representation=ojmf | seed=42 | run_name=blk400_gin_L2_selk1_mask1_edges_sum_incgreedy_ojmf_s42 | gnn_type=gin | overrides={'mask_option': 1, 'sel_k': 1, 'num_layers': 2, 'logp_norm': 'sum', 'exclude_greedy_from_loss': False, 'jm_design': 'edges'}
============================================================
[TRAIN] Training started at: 2026-10-08 00:30:28
[TRAIN] Hyperparams | max_steps=400 | new_freq=500
[TRAIN]             | n_cases=100 | B=64 | K=16 | use_greedy=True | lr=0.0005 (decaying to 1.00e-04)
[TRAIN]             | warm_start_steps=200 | checkpoint_smooth_window=3 | seed=42
[TRAIN]             | hidden_channels=128 | num_layers=2 | heads=3
[TRAIN]             | logp_norm=sum | exclude_greedy_from_loss=False
[TRAIN] Representation | ojmf | GNN | gin | jm_design | edges
[TRAIN] Problem size | jobs=[8,10] | machines=[5,10] | ops_per_job=[5,6] | max_proc=100
============================================================
[TRAIN] Output run folder: results\blocking\blk400_gin_L2_selk1_mask1_edges_sum_incgreedy_ojmf_s42
[TRAIN] Validation config | every=20 steps | instances=20 (representative subset)
[TRAIN] Blocking setting | buffers in=2 out=1 | instances={'range_jobs': (12, 15), 'range_machines': (4, 6), 'range_op_per_job': (5, 6), 'max_processing': 100, 'mas_per_ope_max': 3, 'n_bottlenecks': 1, 'bottleneck_prob': 0.7, 'bottleneck_factor': 2.0}
[TRAIN] Warm-start (behavior cloning vs. dispatch heuristic) | 200 step(s)...
[TRAIN][WARMSTART] step 10/200 | instance=74 | bc_loss=0.9678 | decisions=26
[TRAIN][WARMSTART] step 20/200 | instance=80 | bc_loss=0.3848 | decisions=34
[TRAIN][WARMSTART] step 30/200 | instance=76 | bc_loss=0.3645 | decisions=34
[TRAIN][WARMSTART] step 40/200 | instance=83 | bc_loss=0.5522 | decisions=41
[TRAIN][WARMSTART] step 50/200 | instance=68 | bc_loss=0.5869 | decisions=31
[TRAIN][WARMSTART] step 60/200 | instance=41 | bc_loss=0.5740 | decisions=36
[TRAIN][WARMSTART] step 70/200 | instance=15 | bc_loss=0.3026 | decisions=33
[TRAIN][WARMSTART] step 80/200 | instance=72 | bc_loss=0.5023 | decisions=38
[TRAIN][WARMSTART] step 90/200 | instance=27 | bc_loss=0.2330 | decisions=35
[TRAIN][WARMSTART] step 100/200 | instance=53 | bc_loss=0.1778 | decisions=26
[TRAIN][WARMSTART] step 110/200 | instance=28 | bc_loss=0.2775 | decisions=36
[TRAIN][WARMSTART] step 120/200 | instance=9 | bc_loss=0.3193 | decisions=35
[TRAIN][WARMSTART] step 130/200 | instance=21 | bc_loss=0.3474 | decisions=49
[TRAIN][WARMSTART] step 140/200 | instance=13 | bc_loss=0.1979 | decisions=36
[TRAIN][WARMSTART] step 150/200 | instance=56 | bc_loss=0.2686 | decisions=32
[TRAIN][WARMSTART] step 160/200 | instance=72 | bc_loss=0.5078 | decisions=38
[TRAIN][WARMSTART] step 170/200 | instance=43 | bc_loss=0.3777 | decisions=29
[TRAIN][WARMSTART] step 180/200 | instance=62 | bc_loss=0.3171 | decisions=36
[TRAIN][WARMSTART] step 190/200 | instance=40 | bc_loss=0.2074 | decisions=31
[TRAIN][WARMSTART] step 200/200 | instance=19 | bc_loss=0.3148 | decisions=31
[TRAIN] Warm-start complete, switching to BOPO preference optimization.
------------------------------------------------------------
[TRAIN] BOPO agent ready. Starting training loop for 400 step(s)...
------------------------------------------------------------
[TRAIN] Step 1/400 | 00:38:33
[TRAIN] Step 1 | Loss=1.777376 | Best makespan in group=1446.00
[TRAIN] Step 2/400 | 00:39:55
[TRAIN] Step 2 | Loss=0.293261 | Best makespan in group=1762.00
[TRAIN] Step 3/400 | 00:41:14
[TRAIN] Step 3 | Loss=5.333838 | Best makespan in group=2390.00
[TRAIN] Step 4/400 | 00:42:28
[TRAIN] Step 4 | Loss=0.000721 | Best makespan in group=1460.00
[TRAIN] Step 5/400 | 00:44:06
[TRAIN] Step 5 | Loss=1.201895 | Best makespan in group=2144.00
[TRAIN] Step 6/400 | 00:45:24
[TRAIN] Step 6 | Loss=0.421935 | Best makespan in group=3171.00
[TRAIN] Step 7/400 | 00:47:19
[TRAIN] Step 7 | Loss=3.465167 | Best makespan in group=1128.00
[TRAIN] Step 8/400 | 00:48:43
[TRAIN] Step 8 | Loss=5.820673 | Best makespan in group=2450.00
[TRAIN] Step 9/400 | 00:50:06
[TRAIN] Step 9 | Loss=10.009830 | Best makespan in group=2184.00
[TRAIN] Step 10/400 | 00:51:49
[TRAIN] Step 10 | Loss=0.826004 | Best makespan in group=2288.00
[TRAIN] Step 11/400 | 00:53:28
[TRAIN] Step 11 | Loss=0.276762 | Best makespan in group=1656.00
[TRAIN] Step 12/400 | 00:54:47
[TRAIN] Step 12 | Loss=7.480142 | Best makespan in group=1440.00
[TRAIN] Step 13/400 | 00:55:59
[TRAIN] Step 13 | Loss=0.069961 | Best makespan in group=1756.00
[TRAIN] Step 14/400 | 00:57:08
[TRAIN] Step 14 | Loss=0.000022 | Best makespan in group=1888.00
[TRAIN] Step 15/400 | 00:58:53
[TRAIN] Step 15 | Loss=0.799273 | Best makespan in group=2278.00
[TRAIN] Step 16/400 | 01:00:24
[TRAIN] Step 16 | Loss=1.486838 | Best makespan in group=1976.00
[TRAIN] Step 17/400 | 01:01:44
[TRAIN] Step 17 | Loss=0.747866 | Best makespan in group=2044.00
[TRAIN] Step 18/400 | 01:03:16
[TRAIN] Step 18 | Loss=2.532647 | Best makespan in group=2010.00
[TRAIN] Step 19/400 | 01:04:35
[TRAIN] Step 19 | Loss=0.617739 | Best makespan in group=1796.00
[TRAIN] Step 20/400 | 01:05:37
[TRAIN] Step 20 | Loss=4.817288 | Best makespan in group=2162.00
[TRAIN][VAL][ep 20] avg_gap=0.1020 | std_gap=0.1053 | q80_gap=0.1817 | n=20
[TRAIN][VAL][ep 20] blocked_events=487 | swaps=28 in 10 instance(s)
[TRAIN] Validation improved | smoothed_avg_gap=0.1020 (raw=0.1020) | saving candidate: 26782301300814.pth
[TRAIN] Step 21/400 | 01:07:33
[TRAIN] Step 21 | Loss=2.031041 | Best makespan in group=1120.00
[TRAIN] Step 22/400 | 01:08:37
[TRAIN] Step 22 | Loss=13.919500 | Best makespan in group=2394.00
[TRAIN] Step 23/400 | 01:10:10
[TRAIN] Step 23 | Loss=6.356050 | Best makespan in group=1582.00
[TRAIN] Step 24/400 | 01:11:17
[TRAIN] Step 24 | Loss=6.197592 | Best makespan in group=2048.00
[TRAIN] Step 25/400 | 01:12:46
[TRAIN] Step 25 | Loss=6.558985 | Best makespan in group=1853.00
[TRAIN] Step 26/400 | 01:14:14
[TRAIN] Step 26 | Loss=0.029402 | Best makespan in group=1188.00
[TRAIN] Step 27/400 | 01:15:35
[TRAIN] Step 27 | Loss=7.207182 | Best makespan in group=2008.00
[TRAIN] Step 28/400 | 01:17:04
[TRAIN] Step 28 | Loss=3.266706 | Best makespan in group=1776.00
[TRAIN] Step 29/400 | 01:18:46
[TRAIN] Step 29 | Loss=0.224672 | Best makespan in group=1814.00
[TRAIN] Step 30/400 | 01:20:02
[TRAIN] Step 30 | Loss=2.693835 | Best makespan in group=1966.00
[TRAIN] Step 31/400 | 01:21:38
[TRAIN] Step 31 | Loss=0.109648 | Best makespan in group=2394.00
[TRAIN] Step 32/400 | 01:23:04
[TRAIN] Step 32 | Loss=1.569996 | Best makespan in group=1212.00
[TRAIN] Step 33/400 | 01:24:23
[TRAIN] Step 33 | Loss=4.507249 | Best makespan in group=1882.00
[TRAIN] Step 34/400 | 01:25:29
[TRAIN] Step 34 | Loss=0.041398 | Best makespan in group=1160.00
[TRAIN] Step 35/400 | 01:26:33
[TRAIN] Step 35 | Loss=4.973833 | Best makespan in group=2182.00
[TRAIN] Step 36/400 | 01:28:19
[TRAIN] Step 36 | Loss=0.801261 | Best makespan in group=1138.00
[TRAIN] Step 37/400 | 01:30:05
[TRAIN] Step 37 | Loss=5.035307 | Best makespan in group=1798.00
[TRAIN] Step 38/400 | 01:31:38
[TRAIN] Step 38 | Loss=1.996702 | Best makespan in group=2006.00
[TRAIN] Step 39/400 | 01:32:57
[TRAIN] Step 39 | Loss=3.023893 | Best makespan in group=2661.00
[TRAIN] Step 40/400 | 01:34:28
[TRAIN] Step 40 | Loss=0.000044 | Best makespan in group=2376.00
[TRAIN][VAL][ep 40] avg_gap=0.0890 | std_gap=0.1457 | q80_gap=0.0912 | n=20
[TRAIN][VAL][ep 40] blocked_events=518 | swaps=33 in 10 instance(s)
[TRAIN] Validation improved | smoothed_avg_gap=0.0955 (raw=0.0890) | saving candidate: 129315804349341.pth
[TRAIN] Step 41/400 | 01:36:39
[TRAIN] Step 41 | Loss=1.945645 | Best makespan in group=2394.00
[TRAIN] Step 42/400 | 01:37:52
[TRAIN] Step 42 | Loss=0.005018 | Best makespan in group=1900.00
[TRAIN] Step 43/400 | 01:39:10
[TRAIN] Step 43 | Loss=2.681775 | Best makespan in group=1154.00
[TRAIN] Step 44/400 | 01:40:24
[TRAIN] Step 44 | Loss=0.000808 | Best makespan in group=1670.00
[TRAIN] Step 45/400 | 01:41:26
[TRAIN] Step 45 | Loss=6.344508 | Best makespan in group=1892.00
[TRAIN] Step 46/400 | 01:42:39
[TRAIN] Step 46 | Loss=0.000676 | Best makespan in group=1758.00
[TRAIN] Step 47/400 | 01:43:43
[TRAIN] Step 47 | Loss=6.724935 | Best makespan in group=2033.00
[TRAIN] Step 48/400 | 01:45:34
[TRAIN] Step 48 | Loss=0.048077 | Best makespan in group=2010.00
[TRAIN] Step 49/400 | 01:46:44
[TRAIN] Step 49 | Loss=0.001016 | Best makespan in group=1627.00
[TRAIN] Step 50/400 | 01:48:00
[TRAIN] Step 50 | Loss=3.435208 | Best makespan in group=2092.00
[TRAIN] Step 51/400 | 01:49:23
[TRAIN] Step 51 | Loss=1.672722 | Best makespan in group=2276.00
[TRAIN] Step 52/400 | 01:50:54
[TRAIN] Step 52 | Loss=0.007558 | Best makespan in group=1444.00
[TRAIN] Step 53/400 | 01:52:19
[TRAIN] Step 53 | Loss=7.541982 | Best makespan in group=1778.00
[TRAIN] Step 54/400 | 01:54:07
[TRAIN] Step 54 | Loss=8.980071 | Best makespan in group=2198.00
[TRAIN] Step 55/400 | 01:55:51
[TRAIN] Step 55 | Loss=1.697388 | Best makespan in group=2119.00
[TRAIN] Step 56/400 | 01:57:14
[TRAIN] Step 56 | Loss=10.074537 | Best makespan in group=2092.00
[TRAIN] Step 57/400 | 01:58:34
[TRAIN] Step 57 | Loss=0.010390 | Best makespan in group=1792.00
[TRAIN] Step 58/400 | 01:59:43
[TRAIN] Step 58 | Loss=4.879330 | Best makespan in group=2690.00
[TRAIN] Step 59/400 | 02:01:01
[TRAIN] Step 59 | Loss=0.107134 | Best makespan in group=1926.00
[TRAIN] Step 60/400 | 02:02:34
[TRAIN] Step 60 | Loss=0.267473 | Best makespan in group=1786.00
[TRAIN][VAL][ep 60] avg_gap=0.0932 | std_gap=0.1356 | q80_gap=0.1266 | n=20
[TRAIN][VAL][ep 60] blocked_events=464 | swaps=30 in 8 instance(s)
[TRAIN] Validation improved | smoothed_avg_gap=0.0948 (raw=0.0932) | saving candidate: 649881581961983.pth
[TRAIN] Step 61/400 | 02:04:38
[TRAIN] Step 61 | Loss=0.000645 | Best makespan in group=1452.00
[TRAIN] Step 62/400 | 02:05:53
[TRAIN] Step 62 | Loss=2.033878 | Best makespan in group=1620.00
[TRAIN] Step 63/400 | 02:07:17
[TRAIN] Step 63 | Loss=1.136959 | Best makespan in group=1536.00
[TRAIN] Step 64/400 | 02:08:48
[TRAIN] Step 64 | Loss=3.974866 | Best makespan in group=1924.00
[TRAIN] Step 65/400 | 02:10:09
[TRAIN] Step 65 | Loss=0.018993 | Best makespan in group=1364.00
[TRAIN] Step 66/400 | 02:11:13
[TRAIN] Step 66 | Loss=0.697199 | Best makespan in group=2456.00
[TRAIN] Step 67/400 | 02:12:48
[TRAIN] Step 67 | Loss=3.496639 | Best makespan in group=1538.00
[TRAIN] Step 68/400 | 02:14:08
[TRAIN] Step 68 | Loss=0.025750 | Best makespan in group=1754.00
[TRAIN] Step 69/400 | 02:15:23
[TRAIN] Step 69 | Loss=1.461678 | Best makespan in group=2425.00
[TRAIN] Step 70/400 | 02:16:42
[TRAIN] Step 70 | Loss=0.550640 | Best makespan in group=1824.00
[TRAIN] Step 71/400 | 02:18:04
[TRAIN] Step 71 | Loss=0.040372 | Best makespan in group=1830.00
[TRAIN] Step 72/400 | 02:19:12
[TRAIN] Step 72 | Loss=0.521223 | Best makespan in group=2180.00
[TRAIN] Step 73/400 | 02:20:37
[TRAIN] Step 73 | Loss=3.140071 | Best makespan in group=1788.00
[TRAIN] Step 74/400 | 02:21:40
[TRAIN] Step 74 | Loss=0.141547 | Best makespan in group=2278.00
[TRAIN] Step 75/400 | 02:22:56
[TRAIN] Step 75 | Loss=3.969929 | Best makespan in group=1790.00
[TRAIN] Step 76/400 | 02:24:35
[TRAIN] Step 76 | Loss=0.361461 | Best makespan in group=1148.00
[TRAIN] Step 77/400 | 02:25:42
[TRAIN] Step 77 | Loss=0.173522 | Best makespan in group=2678.00
[TRAIN] Step 78/400 | 02:27:04
[TRAIN] Step 78 | Loss=7.529685 | Best makespan in group=2554.00
[TRAIN] Step 79/400 | 02:28:27
[TRAIN] Step 79 | Loss=1.727462 | Best makespan in group=1810.00
[TRAIN] Step 80/400 | 02:30:04
[TRAIN] Step 80 | Loss=1.544218 | Best makespan in group=1781.00
[TRAIN][VAL][ep 80] avg_gap=0.0964 | std_gap=0.1221 | q80_gap=0.1540 | n=20
[TRAIN][VAL][ep 80] blocked_events=479 | swaps=27 in 10 instance(s)
[TRAIN] Validation improved | smoothed_avg_gap=0.0929 (raw=0.0964) | saving candidate: 301945509068928.pth
[TRAIN] Step 81/400 | 02:31:54
[TRAIN] Step 81 | Loss=1.144485 | Best makespan in group=2102.00
[TRAIN] Step 82/400 | 02:33:08
[TRAIN] Step 82 | Loss=1.779784 | Best makespan in group=1544.00
[TRAIN] Step 83/400 | 02:34:49
[TRAIN] Step 83 | Loss=0.000071 | Best makespan in group=3028.00
[TRAIN] Step 84/400 | 02:36:28
[TRAIN] Step 84 | Loss=0.012578 | Best makespan in group=1287.00
[TRAIN] Step 85/400 | 02:37:49
[TRAIN] Step 85 | Loss=0.062522 | Best makespan in group=2678.00
[TRAIN] Step 86/400 | 02:39:00
[TRAIN] Step 86 | Loss=0.004968 | Best makespan in group=1734.00
[TRAIN] Step 87/400 | 02:40:18
[TRAIN] Step 87 | Loss=0.786857 | Best makespan in group=2304.00
[TRAIN] Step 88/400 | 02:41:38
[TRAIN] Step 88 | Loss=0.006247 | Best makespan in group=1520.00
[TRAIN] Step 89/400 | 02:42:49
[TRAIN] Step 89 | Loss=0.001366 | Best makespan in group=1567.00
[TRAIN] Step 90/400 | 02:43:52
[TRAIN] Step 90 | Loss=4.637739 | Best makespan in group=2040.00
[TRAIN] Step 91/400 | 02:45:36
[TRAIN] Step 91 | Loss=0.000340 | Best makespan in group=2150.00
[TRAIN] Step 92/400 | 02:47:07
[TRAIN] Step 92 | Loss=0.047903 | Best makespan in group=1269.00
[TRAIN] Step 93/400 | 02:48:14
[TRAIN] Step 93 | Loss=0.131430 | Best makespan in group=1237.00
[TRAIN] Step 94/400 | 02:49:52
[TRAIN] Step 94 | Loss=0.000474 | Best makespan in group=1334.00
[TRAIN] Step 95/400 | 02:50:57
[TRAIN] Step 95 | Loss=1.553663 | Best makespan in group=1772.00
[TRAIN] Step 96/400 | 02:52:18
[TRAIN] Step 96 | Loss=7.946800 | Best makespan in group=1212.00
[TRAIN] Step 97/400 | 02:53:44
[TRAIN] Step 97 | Loss=0.000052 | Best makespan in group=2134.00
[TRAIN] Step 98/400 | 02:55:04
[TRAIN] Step 98 | Loss=2.916753 | Best makespan in group=729.00
[TRAIN] Step 99/400 | 02:56:09
[TRAIN] Step 99 | Loss=0.271051 | Best makespan in group=1520.00
[TRAIN] Step 100/400 | 02:57:24
[TRAIN] Step 100 | Loss=2.884737 | Best makespan in group=2034.00
[TRAIN][VAL][ep 100] avg_gap=0.1113 | std_gap=0.1187 | q80_gap=0.2128 | n=20
[TRAIN][VAL][ep 100] blocked_events=488 | swaps=28 in 11 instance(s)
[TRAIN] Step 101/400 | 02:59:12
[TRAIN] Step 101 | Loss=0.599568 | Best makespan in group=2617.00
[TRAIN] Step 102/400 | 03:00:35
[TRAIN] Step 102 | Loss=2.653113 | Best makespan in group=3028.00
[TRAIN] Step 103/400 | 03:02:16
[TRAIN] Step 103 | Loss=3.491674 | Best makespan in group=1201.00
[TRAIN] Step 104/400 | 03:03:59
[TRAIN] Step 104 | Loss=1.921073 | Best makespan in group=2349.00
[TRAIN] Step 105/400 | 03:05:37
[TRAIN] Step 105 | Loss=0.008242 | Best makespan in group=1536.00
[TRAIN] Step 106/400 | 03:07:11
[TRAIN] Step 106 | Loss=1.587311 | Best makespan in group=1930.00
[TRAIN] Step 107/400 | 03:08:35
[TRAIN] Step 107 | Loss=0.002789 | Best makespan in group=1758.00
[TRAIN] Step 108/400 | 03:09:40
[TRAIN] Step 108 | Loss=6.507235 | Best makespan in group=2299.00
[TRAIN] Step 109/400 | 03:11:19
[TRAIN] Step 109 | Loss=0.027848 | Best makespan in group=1544.00
[TRAIN] Step 110/400 | 03:12:59
[TRAIN] Step 110 | Loss=0.570312 | Best makespan in group=2690.00
[TRAIN] Step 111/400 | 03:14:17
[TRAIN] Step 111 | Loss=0.036609 | Best makespan in group=2456.00
[TRAIN] Step 112/400 | 03:15:57
[TRAIN] Step 112 | Loss=4.875980 | Best makespan in group=1786.00
[TRAIN] Step 113/400 | 03:17:29
[TRAIN] Step 113 | Loss=5.358701 | Best makespan in group=1616.00
[TRAIN] Step 114/400 | 03:18:48
[TRAIN] Step 114 | Loss=2.207444 | Best makespan in group=1892.00
[TRAIN] Step 115/400 | 03:20:00
[TRAIN] Step 115 | Loss=15.298312 | Best makespan in group=2035.00
[TRAIN] Step 116/400 | 03:21:49
[TRAIN] Step 116 | Loss=4.268184 | Best makespan in group=1757.00
[TRAIN] Step 117/400 | 03:23:02
[TRAIN] Step 117 | Loss=8.031950 | Best makespan in group=1990.00
[TRAIN] Step 118/400 | 03:24:22
[TRAIN] Step 118 | Loss=0.891376 | Best makespan in group=1882.00
[TRAIN] Step 119/400 | 03:25:29
[TRAIN] Step 119 | Loss=0.000410 | Best makespan in group=1120.00
[TRAIN] Step 120/400 | 03:26:35
[TRAIN] Step 120 | Loss=1.699685 | Best makespan in group=1770.00
[TRAIN][VAL][ep 120] avg_gap=0.1166 | std_gap=0.1386 | q80_gap=0.1818 | n=20
[TRAIN][VAL][ep 120] blocked_events=449 | swaps=30 in 13 instance(s)
[TRAIN] Step 121/400 | 03:28:40
[TRAIN] Step 121 | Loss=2.122770 | Best makespan in group=1334.00
[TRAIN] Step 122/400 | 03:29:44
[TRAIN] Step 122 | Loss=3.280570 | Best makespan in group=2267.00
[TRAIN] Step 123/400 | 03:31:25
[TRAIN] Step 123 | Loss=0.017000 | Best makespan in group=2006.00
[TRAIN] Step 124/400 | 03:32:44
[TRAIN] Step 124 | Loss=2.203662 | Best makespan in group=2390.00
[TRAIN] Step 125/400 | 03:33:56
[TRAIN] Step 125 | Loss=0.016994 | Best makespan in group=1315.00
[TRAIN] Step 126/400 | 03:35:17
[TRAIN] Step 126 | Loss=0.096109 | Best makespan in group=1792.00
[TRAIN] Step 127/400 | 03:36:25
[TRAIN] Step 127 | Loss=0.000474 | Best makespan in group=2450.00
[TRAIN] Step 128/400 | 03:37:54
[TRAIN] Step 128 | Loss=0.000881 | Best makespan in group=2376.00
[TRAIN] Step 129/400 | 03:39:31
[TRAIN] Step 129 | Loss=5.186258 | Best makespan in group=2402.00
[TRAIN] Step 130/400 | 03:40:54
[TRAIN] Step 130 | Loss=0.441719 | Best makespan in group=1452.00
[TRAIN] Step 131/400 | 03:42:11
[TRAIN] Step 131 | Loss=0.295811 | Best makespan in group=2678.00
[TRAIN] Step 132/400 | 03:43:20
[TRAIN] Step 132 | Loss=0.150232 | Best makespan in group=2010.00
[TRAIN] Step 133/400 | 03:44:31
[TRAIN] Step 133 | Loss=0.059851 | Best makespan in group=2008.00
[TRAIN] Step 134/400 | 03:45:57
[TRAIN] Step 134 | Loss=0.075119 | Best makespan in group=1242.00
[TRAIN] Step 135/400 | 03:47:32
[TRAIN] Step 135 | Loss=0.785214 | Best makespan in group=1460.00
[TRAIN] Step 136/400 | 03:49:08
[TRAIN] Step 136 | Loss=2.416556 | Best makespan in group=1656.00
[TRAIN] Step 137/400 | 03:50:26
[TRAIN] Step 137 | Loss=0.656648 | Best makespan in group=1670.00
[TRAIN] Step 138/400 | 03:51:25
[TRAIN] Step 138 | Loss=1.090230 | Best makespan in group=1482.00
[TRAIN] Step 139/400 | 03:52:48
[TRAIN] Step 139 | Loss=0.220576 | Best makespan in group=2180.00
[TRAIN] Step 140/400 | 03:54:10
[TRAIN] Step 140 | Loss=0.541063 | Best makespan in group=2206.00
[TRAIN][VAL][ep 140] avg_gap=0.1207 | std_gap=0.1444 | q80_gap=0.2104 | n=20
[TRAIN][VAL][ep 140] blocked_events=457 | swaps=30 in 13 instance(s)
[TRAIN] Step 141/400 | 03:56:26
[TRAIN] Step 141 | Loss=0.264190 | Best makespan in group=2278.00
[TRAIN] Step 142/400 | 03:57:43
[TRAIN] Step 142 | Loss=3.951092 | Best makespan in group=1757.00
[TRAIN] Step 143/400 | 03:59:24
[TRAIN] Step 143 | Loss=0.168547 | Best makespan in group=1210.00
[TRAIN] Step 144/400 | 04:00:42
[TRAIN] Step 144 | Loss=0.104046 | Best makespan in group=2048.00
[TRAIN] Step 145/400 | 04:02:14
[TRAIN] Step 145 | Loss=4.016079 | Best makespan in group=1937.00
[TRAIN] Step 146/400 | 04:03:52
[TRAIN] Step 146 | Loss=1.102225 | Best makespan in group=1120.00
[TRAIN] Step 147/400 | 04:05:06
[TRAIN] Step 147 | Loss=0.029047 | Best makespan in group=1776.00
[TRAIN] Step 148/400 | 04:06:48
[TRAIN] Step 148 | Loss=3.161296 | Best makespan in group=2092.00
[TRAIN] Step 149/400 | 04:08:10
[TRAIN] Step 149 | Loss=0.426661 | Best makespan in group=1768.00
[TRAIN] Step 150/400 | 04:09:15
[TRAIN] Step 150 | Loss=2.134840 | Best makespan in group=1440.00
[TRAIN] Step 151/400 | 04:10:23
[TRAIN] Step 151 | Loss=1.138598 | Best makespan in group=2076.00
[TRAIN] Step 152/400 | 04:12:09
[TRAIN] Step 152 | Loss=0.003430 | Best makespan in group=1814.00
[TRAIN] Step 153/400 | 04:13:25
[TRAIN] Step 153 | Loss=0.530128 | Best makespan in group=1082.00
[TRAIN] Step 154/400 | 04:14:48
[TRAIN] Step 154 | Loss=1.321826 | Best makespan in group=1212.00
[TRAIN] Step 155/400 | 04:16:12
[TRAIN] Step 155 | Loss=0.016822 | Best makespan in group=1734.00
[TRAIN] Step 156/400 | 04:17:32
[TRAIN] Step 156 | Loss=0.467425 | Best makespan in group=2004.00
[TRAIN] Step 157/400 | 04:18:53
[TRAIN] Step 157 | Loss=0.284836 | Best makespan in group=2304.00
[TRAIN] Step 158/400 | 04:20:09
[TRAIN] Step 158 | Loss=0.010345 | Best makespan in group=1772.00
[TRAIN] Step 159/400 | 04:21:26
[TRAIN] Step 159 | Loss=0.221608 | Best makespan in group=1620.00
[TRAIN] Step 160/400 | 04:22:51
[TRAIN] Step 160 | Loss=6.738926 | Best makespan in group=2467.00
[TRAIN][VAL][ep 160] avg_gap=0.1227 | std_gap=0.1548 | q80_gap=0.1949 | n=20
[TRAIN][VAL][ep 160] blocked_events=495 | swaps=44 in 9 instance(s)
[TRAIN] Step 161/400 | 04:24:57
[TRAIN] Step 161 | Loss=2.627497 | Best makespan in group=1673.00
[TRAIN] Step 162/400 | 04:26:30
[TRAIN] Step 162 | Loss=0.066656 | Best makespan in group=1520.00
[TRAIN] Step 163/400 | 04:27:45
[TRAIN] Step 163 | Loss=0.025007 | Best makespan in group=2034.00
[TRAIN] Step 164/400 | 04:28:56
[TRAIN] Step 164 | Loss=4.510827 | Best makespan in group=1926.00
[TRAIN] Step 165/400 | 04:30:30
[TRAIN] Step 165 | Loss=8.361081 | Best makespan in group=1860.00
[TRAIN] Step 166/400 | 04:32:10
[TRAIN] Step 166 | Loss=0.049673 | Best makespan in group=1830.00
[TRAIN] Step 167/400 | 04:33:18
[TRAIN] Step 167 | Loss=0.000027 | Best makespan in group=2278.00
[TRAIN] Step 168/400 | 04:34:48
[TRAIN] Step 168 | Loss=0.002380 | Best makespan in group=1582.00
[TRAIN] Step 169/400 | 04:35:55
[TRAIN] Step 169 | Loss=0.134139 | Best makespan in group=2394.00
[TRAIN] Step 170/400 | 04:37:20
[TRAIN] Step 170 | Loss=0.358917 | Best makespan in group=2150.00
[TRAIN] Step 171/400 | 04:38:49
[TRAIN] Step 171 | Loss=0.012838 | Best makespan in group=1142.00
[TRAIN] Step 172/400 | 04:39:58
[TRAIN] Step 172 | Loss=0.618226 | Best makespan in group=1500.00
[TRAIN] Step 173/400 | 04:41:14
[TRAIN] Step 173 | Loss=0.001723 | Best makespan in group=1592.00
[TRAIN] Step 174/400 | 04:42:35
[TRAIN] Step 174 | Loss=3.414213 | Best makespan in group=2394.00
[TRAIN] Step 175/400 | 04:43:50
[TRAIN] Step 175 | Loss=7.359222 | Best makespan in group=1756.00
[TRAIN] Step 176/400 | 04:44:56
[TRAIN] Step 176 | Loss=6.612909 | Best makespan in group=2678.00
[TRAIN] Step 177/400 | 04:46:19
[TRAIN] Step 177 | Loss=1.038255 | Best makespan in group=1558.00
[TRAIN] Step 178/400 | 04:47:23
[TRAIN] Step 178 | Loss=3.925193 | Best makespan in group=1966.00
[TRAIN] Step 179/400 | 04:48:56
[TRAIN] Step 179 | Loss=0.000048 | Best makespan in group=1960.00
[TRAIN] Step 180/400 | 04:50:15
[TRAIN] Step 180 | Loss=0.235139 | Best makespan in group=1754.00
[TRAIN][VAL][ep 180] avg_gap=0.0849 | std_gap=0.1117 | q80_gap=0.1331 | n=20
[TRAIN][VAL][ep 180] blocked_events=526 | swaps=31 in 10 instance(s)
[TRAIN] Step 181/400 | 04:52:06
[TRAIN] Step 181 | Loss=0.076903 | Best makespan in group=729.00
[TRAIN] Step 182/400 | 04:53:10
[TRAIN] Step 182 | Loss=0.634320 | Best makespan in group=1160.00
[TRAIN] Step 183/400 | 04:54:16
[TRAIN] Step 183 | Loss=4.578497 | Best makespan in group=2084.00
[TRAIN] Step 184/400 | 04:55:38
[TRAIN] Step 184 | Loss=0.033960 | Best makespan in group=2162.00
[TRAIN] Step 185/400 | 04:57:02
[TRAIN] Step 185 | Loss=0.034672 | Best makespan in group=1888.00
[TRAIN] Step 186/400 | 04:58:42
[TRAIN] Step 186 | Loss=0.789528 | Best makespan in group=1260.00
[TRAIN] Step 187/400 | 04:59:46
[TRAIN] Step 187 | Loss=1.805071 | Best makespan in group=2092.00
[TRAIN] Step 188/400 | 05:01:12
[TRAIN] Step 188 | Loss=0.288950 | Best makespan in group=2102.00
[TRAIN] Step 189/400 | 05:02:27
[TRAIN] Step 189 | Loss=0.142789 | Best makespan in group=2276.00
[TRAIN] Step 190/400 | 05:03:56
[TRAIN] Step 190 | Loss=1.171197 | Best makespan in group=1520.00
[TRAIN] Step 191/400 | 05:05:07
[TRAIN] Step 191 | Loss=6.048903 | Best makespan in group=1966.00
[TRAIN] Step 192/400 | 05:06:43
[TRAIN] Step 192 | Loss=1.219737 | Best makespan in group=2134.00
[TRAIN] Step 193/400 | 05:08:02
[TRAIN] Step 193 | Loss=0.000648 | Best makespan in group=1446.00
[TRAIN] Step 194/400 | 05:09:21
[TRAIN] Step 194 | Loss=0.214594 | Best makespan in group=1756.00
[TRAIN] Step 195/400 | 05:10:31
[TRAIN] Step 195 | Loss=0.167902 | Best makespan in group=3164.00
[TRAIN] Step 196/400 | 05:12:18
[TRAIN] Step 196 | Loss=0.265279 | Best makespan in group=1810.00
[TRAIN] Step 197/400 | 05:13:53
[TRAIN] Step 197 | Loss=0.108002 | Best makespan in group=1130.00
[TRAIN] Step 198/400 | 05:15:14
[TRAIN] Step 198 | Loss=0.403620 | Best makespan in group=1364.00
[TRAIN] Step 199/400 | 05:16:20
[TRAIN] Step 199 | Loss=2.269753 | Best makespan in group=1824.00
[TRAIN] Step 200/400 | 05:17:42
[TRAIN] Step 200 | Loss=1.215098 | Best makespan in group=1900.00
[TRAIN][VAL][ep 200] avg_gap=0.1007 | std_gap=0.1401 | q80_gap=0.1580 | n=20
[TRAIN][VAL][ep 200] blocked_events=522 | swaps=30 in 8 instance(s)
[TRAIN] Step 201/400 | 05:19:35
[TRAIN] Step 201 | Loss=0.017914 | Best makespan in group=1960.00
[TRAIN] Step 202/400 | 05:20:54
[TRAIN] Step 202 | Loss=0.296540 | Best makespan in group=1624.00
[TRAIN] Step 203/400 | 05:22:11
[TRAIN] Step 203 | Loss=0.078499 | Best makespan in group=1120.00
[TRAIN] Step 204/400 | 05:23:20
[TRAIN] Step 204 | Loss=3.849178 | Best makespan in group=1830.00
[TRAIN] Step 205/400 | 05:24:28
[TRAIN] Step 205 | Loss=0.033290 | Best makespan in group=1793.00
[TRAIN] Step 206/400 | 05:26:06
[TRAIN] Step 206 | Loss=0.004772 | Best makespan in group=1142.00
[TRAIN] Step 207/400 | 05:27:12
[TRAIN] Step 207 | Loss=0.149257 | Best makespan in group=1334.00
[TRAIN] Step 208/400 | 05:28:17
[TRAIN] Step 208 | Loss=5.755864 | Best makespan in group=1880.00
[TRAIN] Step 209/400 | 05:29:41
[TRAIN] Step 209 | Loss=0.012868 | Best makespan in group=1250.00
[TRAIN] Step 210/400 | 05:31:03
[TRAIN] Step 210 | Loss=0.147900 | Best makespan in group=1892.00
[TRAIN] Step 211/400 | 05:32:17
[TRAIN] Step 211 | Loss=15.612031 | Best makespan in group=1946.00
[TRAIN] Step 212/400 | 05:33:55
[TRAIN] Step 212 | Loss=1.115801 | Best makespan in group=1146.00
[TRAIN] Step 213/400 | 05:35:40
[TRAIN] Step 213 | Loss=1.450038 | Best makespan in group=2004.00
[TRAIN] Step 214/400 | 05:37:04
[TRAIN] Step 214 | Loss=9.910352 | Best makespan in group=1966.00
[TRAIN] Step 215/400 | 05:38:39
[TRAIN] Step 215 | Loss=0.002419 | Best makespan in group=1776.00
[TRAIN] Step 216/400 | 05:40:22
[TRAIN] Step 216 | Loss=0.556486 | Best makespan in group=1882.00
[TRAIN] Step 217/400 | 05:41:31
[TRAIN] Step 217 | Loss=0.160634 | Best makespan in group=1446.00
[TRAIN] Step 218/400 | 05:42:51
[TRAIN] Step 218 | Loss=0.126848 | Best makespan in group=1586.00
[TRAIN] Step 219/400 | 05:44:15
[TRAIN] Step 219 | Loss=0.252628 | Best makespan in group=2390.00
[TRAIN] Step 220/400 | 05:45:30
[TRAIN] Step 220 | Loss=0.130561 | Best makespan in group=1754.00
[TRAIN][VAL][ep 220] avg_gap=0.0901 | std_gap=0.1439 | q80_gap=0.1039 | n=20
[TRAIN][VAL][ep 220] blocked_events=504 | swaps=31 in 8 instance(s)
[TRAIN] Validation improved | smoothed_avg_gap=0.0919 (raw=0.0901) | saving candidate: 202355340494260.pth
[TRAIN] Step 221/400 | 05:47:25
[TRAIN] Step 221 | Loss=1.307542 | Best makespan in group=729.00
[TRAIN] Step 222/400 | 05:48:30
[TRAIN] Step 222 | Loss=0.124365 | Best makespan in group=2134.00
[TRAIN] Step 223/400 | 05:49:52
[TRAIN] Step 223 | Loss=0.014747 | Best makespan in group=1440.00
[TRAIN] Step 224/400 | 05:51:04
[TRAIN] Step 224 | Loss=0.719376 | Best makespan in group=2276.00
[TRAIN] Step 225/400 | 05:52:37
[TRAIN] Step 225 | Loss=0.987274 | Best makespan in group=1544.00
[TRAIN] Step 226/400 | 05:54:18
[TRAIN] Step 226 | Loss=7.162934 | Best makespan in group=1774.00
[TRAIN] Step 227/400 | 05:55:59
[TRAIN] Step 227 | Loss=0.000032 | Best makespan in group=2278.00
[TRAIN] Step 228/400 | 05:57:31
[TRAIN] Step 228 | Loss=3.555729 | Best makespan in group=1271.00
[TRAIN] Step 229/400 | 05:59:08
[TRAIN] Step 229 | Loss=0.036592 | Best makespan in group=2376.00
[TRAIN] Step 230/400 | 06:00:47
[TRAIN] Step 230 | Loss=0.002565 | Best makespan in group=1582.00
[TRAIN] Step 231/400 | 06:01:56
[TRAIN] Step 231 | Loss=0.000069 | Best makespan in group=1758.00
[TRAIN] Step 232/400 | 06:03:02
[TRAIN] Step 232 | Loss=2.394041 | Best makespan in group=1534.00
[TRAIN] Step 233/400 | 06:04:20
[TRAIN] Step 233 | Loss=1.500528 | Best makespan in group=1796.00
[TRAIN] Step 234/400 | 06:05:56
[TRAIN] Step 234 | Loss=1.037904 | Best makespan in group=2326.00
[TRAIN] Step 235/400 | 06:07:33
[TRAIN] Step 235 | Loss=0.012444 | Best makespan in group=1792.00
[TRAIN] Step 236/400 | 06:08:44
[TRAIN] Step 236 | Loss=0.942421 | Best makespan in group=1926.00
[TRAIN] Step 237/400 | 06:10:17
[TRAIN] Step 237 | Loss=2.281575 | Best makespan in group=2678.00
[TRAIN] Step 238/400 | 06:11:40
[TRAIN] Step 238 | Loss=1.805229 | Best makespan in group=2278.00
[TRAIN] Step 239/400 | 06:12:58
[TRAIN] Step 239 | Loss=0.000346 | Best makespan in group=1888.00
[TRAIN] Step 240/400 | 06:14:43
[TRAIN] Step 240 | Loss=2.961009 | Best makespan in group=2450.00
[TRAIN][VAL][ep 240] avg_gap=0.0949 | std_gap=0.1184 | q80_gap=0.1616 | n=20
[TRAIN][VAL][ep 240] blocked_events=511 | swaps=30 in 10 instance(s)
[TRAIN] Step 241/400 | 06:16:43
[TRAIN] Step 241 | Loss=0.069810 | Best makespan in group=1620.00
[TRAIN] Step 242/400 | 06:18:10
[TRAIN] Step 242 | Loss=0.002559 | Best makespan in group=1452.00
[TRAIN] Step 243/400 | 06:19:28
[TRAIN] Step 243 | Loss=4.105325 | Best makespan in group=1776.00
[TRAIN] Step 244/400 | 06:20:35
[TRAIN] Step 244 | Loss=1.031692 | Best makespan in group=1762.00
[TRAIN] Step 245/400 | 06:22:09
[TRAIN] Step 245 | Loss=2.409087 | Best makespan in group=2150.00
[TRAIN] Step 246/400 | 06:23:33
[TRAIN] Step 246 | Loss=0.000226 | Best makespan in group=1786.00
[TRAIN] Step 247/400 | 06:25:04
[TRAIN] Step 247 | Loss=1.551065 | Best makespan in group=1596.00
[TRAIN] Step 248/400 | 06:26:36
[TRAIN] Step 248 | Loss=0.000334 | Best makespan in group=2304.00
[TRAIN] Step 249/400 | 06:27:56
[TRAIN] Step 249 | Loss=0.000501 | Best makespan in group=1734.00
[TRAIN] Step 250/400 | 06:29:16
[TRAIN] Step 250 | Loss=0.301557 | Best makespan in group=1768.00
[TRAIN] Step 251/400 | 06:30:23
[TRAIN] Step 251 | Loss=1.154153 | Best makespan in group=1156.00
[TRAIN] Step 252/400 | 06:31:43
[TRAIN] Step 252 | Loss=2.216173 | Best makespan in group=3164.00
[TRAIN] Step 253/400 | 06:33:36
[TRAIN] Step 253 | Loss=3.473690 | Best makespan in group=1217.00
[TRAIN] Step 254/400 | 06:34:57
[TRAIN] Step 254 | Loss=0.000117 | Best makespan in group=2394.00
[TRAIN] Step 255/400 | 06:36:24
[TRAIN] Step 255 | Loss=0.004324 | Best makespan in group=1520.00
[TRAIN] Step 256/400 | 06:37:36
[TRAIN] Step 256 | Loss=0.106137 | Best makespan in group=2162.00
[TRAIN] Step 257/400 | 06:38:59
[TRAIN] Step 257 | Loss=1.830941 | Best makespan in group=1536.00
[TRAIN] Step 258/400 | 06:40:36
[TRAIN] Step 258 | Loss=4.898513 | Best makespan in group=1212.00
[TRAIN] Step 259/400 | 06:42:02
[TRAIN] Step 259 | Loss=7.132960 | Best makespan in group=2198.00
[TRAIN] Step 260/400 | 06:43:48
[TRAIN] Step 260 | Loss=1.017219 | Best makespan in group=2690.00
[TRAIN][VAL][ep 260] avg_gap=0.0937 | std_gap=0.1366 | q80_gap=0.1367 | n=20
[TRAIN][VAL][ep 260] blocked_events=513 | swaps=31 in 8 instance(s)
[TRAIN] Step 261/400 | 06:45:46
[TRAIN] Step 261 | Loss=0.000293 | Best makespan in group=1091.00
[TRAIN] Step 262/400 | 06:47:10
[TRAIN] Step 262 | Loss=0.103097 | Best makespan in group=2048.00
[TRAIN] Step 263/400 | 06:48:46
[TRAIN] Step 263 | Loss=0.018508 | Best makespan in group=2008.00
[TRAIN] Step 264/400 | 06:50:15
[TRAIN] Step 264 | Loss=0.228173 | Best makespan in group=1460.00
[TRAIN] Step 265/400 | 06:51:56
[TRAIN] Step 265 | Loss=0.132958 | Best makespan in group=2678.00
[TRAIN] Step 266/400 | 06:53:08
[TRAIN] Step 266 | Loss=3.194946 | Best makespan in group=1258.00
[TRAIN] Step 267/400 | 06:54:13
[TRAIN] Step 267 | Loss=0.345925 | Best makespan in group=2010.00
[TRAIN] Step 268/400 | 06:55:28
[TRAIN] Step 268 | Loss=9.080705 | Best makespan in group=2398.00
[TRAIN] Step 269/400 | 06:57:09
[TRAIN] Step 269 | Loss=0.031250 | Best makespan in group=2180.00
[TRAIN] Step 270/400 | 06:58:38
[TRAIN] Step 270 | Loss=5.877914 | Best makespan in group=2618.00
[TRAIN] Step 271/400 | 06:59:56
[TRAIN] Step 271 | Loss=0.003649 | Best makespan in group=2006.00
[TRAIN] Step 272/400 | 07:01:43
[TRAIN] Step 272 | Loss=0.488246 | Best makespan in group=1468.00
[TRAIN] Step 273/400 | 07:02:52
[TRAIN] Step 273 | Loss=0.000753 | Best makespan in group=1656.00
[TRAIN] Step 274/400 | 07:03:58
[TRAIN] Step 274 | Loss=3.643613 | Best makespan in group=2150.00
[TRAIN] Step 275/400 | 07:05:15
[TRAIN] Step 275 | Loss=0.003102 | Best makespan in group=1754.00
[TRAIN] Step 276/400 | 07:06:19
[TRAIN] Step 276 | Loss=0.022125 | Best makespan in group=2034.00
[TRAIN] Step 277/400 | 07:07:19
[TRAIN] Step 277 | Loss=0.390768 | Best makespan in group=1824.00
[TRAIN] Step 278/400 | 07:08:30
[TRAIN] Step 278 | Loss=0.352495 | Best makespan in group=1520.00
[TRAIN] Step 279/400 | 07:09:33
[TRAIN] Step 279 | Loss=6.792387 | Best makespan in group=2111.00
[TRAIN] Step 280/400 | 07:11:02
[TRAIN] Step 280 | Loss=3.372472 | Best makespan in group=1567.00
[TRAIN][VAL][ep 280] avg_gap=0.0866 | std_gap=0.1035 | q80_gap=0.1860 | n=20
[TRAIN][VAL][ep 280] blocked_events=495 | swaps=22 in 10 instance(s)
[TRAIN] Validation improved | smoothed_avg_gap=0.0917 (raw=0.0866) | saving candidate: 176251957287725.pth
[TRAIN] Step 281/400 | 07:12:30
[TRAIN] Step 281 | Loss=0.182937 | Best makespan in group=1102.00
[TRAIN] Step 282/400 | 07:13:33
[TRAIN] Step 282 | Loss=0.488800 | Best makespan in group=1772.00
[TRAIN] Step 283/400 | 07:14:40
[TRAIN] Step 283 | Loss=0.362477 | Best makespan in group=2102.00
[TRAIN] Step 284/400 | 07:15:43
[TRAIN] Step 284 | Loss=0.080607 | Best makespan in group=2394.00
[TRAIN] Step 285/400 | 07:16:47
[TRAIN] Step 285 | Loss=14.105722 | Best makespan in group=1911.00
[TRAIN] Step 286/400 | 07:17:58
[TRAIN] Step 286 | Loss=2.501955 | Best makespan in group=2462.00
[TRAIN] Step 287/400 | 07:19:17
[TRAIN] Step 287 | Loss=1.261900 | Best makespan in group=2456.00
[TRAIN] Step 288/400 | 07:20:42
[TRAIN] Step 288 | Loss=8.384587 | Best makespan in group=1900.00
[TRAIN] Step 289/400 | 07:21:46
[TRAIN] Step 289 | Loss=7.777537 | Best makespan in group=2076.00
[TRAIN] Step 290/400 | 07:23:14
[TRAIN] Step 290 | Loss=5.909091 | Best makespan in group=2413.00
[TRAIN] Step 291/400 | 07:24:23
[TRAIN] Step 291 | Loss=14.438761 | Best makespan in group=2056.00
[TRAIN] Step 292/400 | 07:25:55
[TRAIN] Step 292 | Loss=0.028280 | Best makespan in group=1756.00
[TRAIN] Step 293/400 | 07:26:59
[TRAIN] Step 293 | Loss=0.134757 | Best makespan in group=1670.00
[TRAIN] Step 294/400 | 07:27:51
[TRAIN] Step 294 | Loss=4.357183 | Best makespan in group=2092.00
[TRAIN] Step 295/400 | 07:29:00
[TRAIN] Step 295 | Loss=0.068442 | Best makespan in group=1160.00
[TRAIN] Step 296/400 | 07:29:55
[TRAIN] Step 296 | Loss=3.414506 | Best makespan in group=1966.00
[TRAIN] Step 297/400 | 07:31:18
[TRAIN] Step 297 | Loss=0.012066 | Best makespan in group=1364.00
[TRAIN] Step 298/400 | 07:32:18
[TRAIN] Step 298 | Loss=0.717155 | Best makespan in group=2092.00
[TRAIN] Step 299/400 | 07:33:31
[TRAIN] Step 299 | Loss=0.017083 | Best makespan in group=1814.00
[TRAIN] Step 300/400 | 07:34:38
[TRAIN] Step 300 | Loss=1.584511 | Best makespan in group=3028.00
[TRAIN][VAL][ep 300] avg_gap=0.0878 | std_gap=0.1055 | q80_gap=0.1580 | n=20
[TRAIN][VAL][ep 300] blocked_events=506 | swaps=30 in 10 instance(s)
[TRAIN] Validation improved | smoothed_avg_gap=0.0894 (raw=0.0878) | saving candidate: 633289134279239.pth
[TRAIN] Step 301/400 | 07:36:34
[TRAIN] Step 301 | Loss=4.021965 | Best makespan in group=1786.00
[TRAIN] Step 302/400 | 07:37:52
[TRAIN] Step 302 | Loss=0.744797 | Best makespan in group=1158.00
[TRAIN] Step 303/400 | 07:39:19
[TRAIN] Step 303 | Loss=1.595952 | Best makespan in group=1122.00
[TRAIN] Step 304/400 | 07:40:19
[TRAIN] Step 304 | Loss=0.444579 | Best makespan in group=1620.00
[TRAIN] Step 305/400 | 07:41:31
[TRAIN] Step 305 | Loss=0.260224 | Best makespan in group=1798.00
[TRAIN] Step 306/400 | 07:42:26
[TRAIN] Step 306 | Loss=3.045769 | Best makespan in group=2390.00
[TRAIN] Step 307/400 | 07:43:33
[TRAIN] Step 307 | Loss=1.012605 | Best makespan in group=1520.00
[TRAIN] Step 308/400 | 07:44:41
[TRAIN] Step 308 | Loss=7.190971 | Best makespan in group=2456.00
[TRAIN] Step 309/400 | 07:46:14
[TRAIN] Step 309 | Loss=2.878380 | Best makespan in group=1830.00
[TRAIN] Step 310/400 | 07:47:13
[TRAIN] Step 310 | Loss=8.781160 | Best makespan in group=2087.00
[TRAIN] Step 311/400 | 07:48:24
[TRAIN] Step 311 | Loss=1.095536 | Best makespan in group=1958.00
[TRAIN] Step 312/400 | 07:49:53
[TRAIN] Step 312 | Loss=1.630235 | Best makespan in group=2004.00
[TRAIN] Step 313/400 | 07:51:05
[TRAIN] Step 313 | Loss=0.300483 | Best makespan in group=1772.00
[TRAIN] Step 314/400 | 07:52:16
[TRAIN] Step 314 | Loss=0.082984 | Best makespan in group=729.00
[TRAIN] Step 315/400 | 07:53:09
[TRAIN] Step 315 | Loss=5.207862 | Best makespan in group=1237.00
[TRAIN] Step 316/400 | 07:54:30
[TRAIN] Step 316 | Loss=0.102517 | Best makespan in group=1567.00
[TRAIN] Step 317/400 | 07:55:24
[TRAIN] Step 317 | Loss=0.522687 | Best makespan in group=1160.00
[TRAIN] Step 318/400 | 07:56:19
[TRAIN] Step 318 | Loss=0.700695 | Best makespan in group=1105.00
[TRAIN] Step 319/400 | 07:57:26
[TRAIN] Step 319 | Loss=1.195787 | Best makespan in group=1756.00
[TRAIN] Step 320/400 | 07:58:18
[TRAIN] Step 320 | Loss=0.000498 | Best makespan in group=1926.00
[TRAIN][VAL][ep 320] avg_gap=0.0949 | std_gap=0.1194 | q80_gap=0.1616 | n=20
[TRAIN][VAL][ep 320] blocked_events=509 | swaps=29 in 10 instance(s)
[TRAIN] Step 321/400 | 08:00:08
[TRAIN] Step 321 | Loss=4.258032 | Best makespan in group=2034.00
[TRAIN] Step 322/400 | 08:01:09
[TRAIN] Step 322 | Loss=0.286561 | Best makespan in group=2092.00
[TRAIN] Step 323/400 | 08:02:22
[TRAIN] Step 323 | Loss=0.020252 | Best makespan in group=1888.00
[TRAIN] Step 324/400 | 08:03:50
[TRAIN] Step 324 | Loss=2.442157 | Best makespan in group=1790.00
[TRAIN] Step 325/400 | 08:05:11
[TRAIN] Step 325 | Loss=0.065602 | Best makespan in group=1364.00
[TRAIN] Step 326/400 | 08:06:08
[TRAIN] Step 326 | Loss=0.000267 | Best makespan in group=1758.00
[TRAIN] Step 327/400 | 08:07:04
[TRAIN] Step 327 | Loss=0.265229 | Best makespan in group=1477.00
[TRAIN] Step 328/400 | 08:08:14
[TRAIN] Step 328 | Loss=2.526560 | Best makespan in group=1904.00
[TRAIN] Step 329/400 | 08:09:25
[TRAIN] Step 329 | Loss=0.016841 | Best makespan in group=1446.00
[TRAIN] Step 330/400 | 08:10:31
[TRAIN] Step 330 | Loss=2.893198 | Best makespan in group=3164.00
[TRAIN] Step 331/400 | 08:12:03
[TRAIN] Step 331 | Loss=0.014499 | Best makespan in group=2394.00
[TRAIN] Step 332/400 | 08:13:05
[TRAIN] Step 332 | Loss=0.026852 | Best makespan in group=2376.00
[TRAIN] Step 333/400 | 08:14:26
[TRAIN] Step 333 | Loss=0.152703 | Best makespan in group=2010.00
[TRAIN] Step 334/400 | 08:15:27
[TRAIN] Step 334 | Loss=1.391901 | Best makespan in group=1235.00
[TRAIN] Step 335/400 | 08:16:36
[TRAIN] Step 335 | Loss=0.001401 | Best makespan in group=1824.00
[TRAIN] Step 336/400 | 08:17:45
[TRAIN] Step 336 | Loss=0.514973 | Best makespan in group=2276.00
[TRAIN] Step 337/400 | 08:19:01
[TRAIN] Step 337 | Loss=2.699377 | Best makespan in group=2300.00
[TRAIN] Step 338/400 | 08:20:24
[TRAIN] Step 338 | Loss=2.166641 | Best makespan in group=2045.00
[TRAIN] Step 339/400 | 08:21:51
[TRAIN] Step 339 | Loss=1.078844 | Best makespan in group=2518.00
[TRAIN] Step 340/400 | 08:23:01
[TRAIN] Step 340 | Loss=5.368571 | Best makespan in group=2198.00
[TRAIN][VAL][ep 340] avg_gap=0.0994 | std_gap=0.1150 | q80_gap=0.1660 | n=20
[TRAIN][VAL][ep 340] blocked_events=500 | swaps=32 in 11 instance(s)
[TRAIN] Step 341/400 | 08:25:01
[TRAIN] Step 341 | Loss=2.059459 | Best makespan in group=1966.00
[TRAIN] Step 342/400 | 08:26:18
[TRAIN] Step 342 | Loss=0.911603 | Best makespan in group=2092.00
[TRAIN] Step 343/400 | 08:27:28
[TRAIN] Step 343 | Loss=0.004304 | Best makespan in group=1520.00
[TRAIN] Step 344/400 | 08:28:25
[TRAIN] Step 344 | Loss=2.672623 | Best makespan in group=1602.00
[TRAIN] Step 345/400 | 08:29:28
[TRAIN] Step 345 | Loss=0.046770 | Best makespan in group=1276.00
[TRAIN] Step 346/400 | 08:30:27
[TRAIN] Step 346 | Loss=0.057516 | Best makespan in group=2008.00
[TRAIN] Step 347/400 | 08:31:39
[TRAIN] Step 347 | Loss=0.009715 | Best makespan in group=1960.00
[TRAIN] Step 348/400 | 08:32:47
[TRAIN] Step 348 | Loss=0.948454 | Best makespan in group=1212.00
[TRAIN] Step 349/400 | 08:33:55
[TRAIN] Step 349 | Loss=0.129104 | Best makespan in group=2150.00
[TRAIN] Step 350/400 | 08:35:10
[TRAIN] Step 350 | Loss=0.056313 | Best makespan in group=1670.00
[TRAIN] Step 351/400 | 08:36:02
[TRAIN] Step 351 | Loss=0.021967 | Best makespan in group=1440.00
[TRAIN] Step 352/400 | 08:36:59
[TRAIN] Step 352 | Loss=0.058236 | Best makespan in group=1120.00
[TRAIN] Step 353/400 | 08:37:55
[TRAIN] Step 353 | Loss=1.549574 | Best makespan in group=2678.00
[TRAIN] Step 354/400 | 08:38:54
[TRAIN] Step 354 | Loss=10.656037 | Best makespan in group=1951.00
[TRAIN] Step 355/400 | 08:40:22
[TRAIN] Step 355 | Loss=0.540368 | Best makespan in group=2006.00
[TRAIN] Step 356/400 | 08:41:30
[TRAIN] Step 356 | Loss=0.003287 | Best makespan in group=1776.00
[TRAIN] Step 357/400 | 08:42:59
[TRAIN] Step 357 | Loss=0.020286 | Best makespan in group=1754.00
[TRAIN] Step 358/400 | 08:44:00
[TRAIN] Step 358 | Loss=0.383620 | Best makespan in group=2278.00
[TRAIN] Step 359/400 | 08:45:04
[TRAIN] Step 359 | Loss=0.743075 | Best makespan in group=1234.00
[TRAIN] Step 360/400 | 08:46:12
[TRAIN] Step 360 | Loss=0.104784 | Best makespan in group=2450.00
[TRAIN][VAL][ep 360] avg_gap=0.0718 | std_gap=0.0897 | q80_gap=0.1389 | n=20
[TRAIN][VAL][ep 360] blocked_events=485 | swaps=25 in 9 instance(s)
[TRAIN] Validation improved | smoothed_avg_gap=0.0887 (raw=0.0718) | saving candidate: 458098061326176.pth
[TRAIN] Step 361/400 | 08:47:52
[TRAIN] Step 361 | Loss=0.023364 | Best makespan in group=1656.00
[TRAIN] Step 362/400 | 08:48:57
[TRAIN] Step 362 | Loss=2.275954 | Best makespan in group=1802.00
[TRAIN] Step 363/400 | 08:50:16
[TRAIN] Step 363 | Loss=2.290158 | Best makespan in group=2134.00
[TRAIN] Step 364/400 | 08:51:23
[TRAIN] Step 364 | Loss=0.116142 | Best makespan in group=1334.00
[TRAIN] Step 365/400 | 08:52:14
[TRAIN] Step 365 | Loss=3.742253 | Best makespan in group=1892.00
[TRAIN] Step 366/400 | 08:53:15
[TRAIN] Step 366 | Loss=0.003389 | Best makespan in group=1460.00
[TRAIN] Step 367/400 | 08:54:37
[TRAIN] Step 367 | Loss=1.740230 | Best makespan in group=2076.00
[TRAIN] Step 368/400 | 08:56:06
[TRAIN] Step 368 | Loss=1.893253 | Best makespan in group=2690.00
[TRAIN] Step 369/400 | 08:57:11
[TRAIN] Step 369 | Loss=3.016350 | Best makespan in group=1872.00
[TRAIN] Step 370/400 | 08:58:21
[TRAIN] Step 370 | Loss=0.000533 | Best makespan in group=2048.00
[TRAIN] Step 371/400 | 08:59:39
[TRAIN] Step 371 | Loss=0.327083 | Best makespan in group=2678.00
[TRAIN] Step 372/400 | 09:00:47
[TRAIN] Step 372 | Loss=0.311687 | Best makespan in group=1142.00
[TRAIN] Step 373/400 | 09:01:42
[TRAIN] Step 373 | Loss=2.405656 | Best makespan in group=3028.00
[TRAIN] Step 374/400 | 09:03:07
[TRAIN] Step 374 | Loss=1.368475 | Best makespan in group=2102.00
[TRAIN] Step 375/400 | 09:04:07
[TRAIN] Step 375 | Loss=0.026002 | Best makespan in group=1814.00
[TRAIN] Step 376/400 | 09:05:09
[TRAIN] Step 376 | Loss=0.528619 | Best makespan in group=1900.00
[TRAIN] Step 377/400 | 09:06:20
[TRAIN] Step 377 | Loss=3.946788 | Best makespan in group=2373.00
[TRAIN] Step 378/400 | 09:07:29
[TRAIN] Step 378 | Loss=7.410581 | Best makespan in group=2358.00
[TRAIN] Step 379/400 | 09:08:54
[TRAIN] Step 379 | Loss=0.000140 | Best makespan in group=1582.00
[TRAIN] Step 380/400 | 09:09:47
[TRAIN] Step 380 | Loss=1.598392 | Best makespan in group=2598.00
[TRAIN][VAL][ep 380] avg_gap=0.0811 | std_gap=0.1409 | q80_gap=0.0891 | n=20
[TRAIN][VAL][ep 380] blocked_events=477 | swaps=28 in 10 instance(s)
[TRAIN] Validation improved | smoothed_avg_gap=0.0841 (raw=0.0811) | saving candidate: 959456240455487.pth
[TRAIN] Step 381/400 | 09:11:40
[TRAIN] Step 381 | Loss=3.778757 | Best makespan in group=1068.00
[TRAIN] Step 382/400 | 09:12:51
[TRAIN] Step 382 | Loss=2.438128 | Best makespan in group=1966.00
[TRAIN] Step 383/400 | 09:14:10
[TRAIN] Step 383 | Loss=0.017244 | Best makespan in group=1792.00
[TRAIN] Step 384/400 | 09:15:08
[TRAIN] Step 384 | Loss=0.349360 | Best makespan in group=2162.00
[TRAIN] Step 385/400 | 09:16:17
[TRAIN] Step 385 | Loss=8.012819 | Best makespan in group=1756.00
[TRAIN] Step 386/400 | 09:17:16
[TRAIN] Step 386 | Loss=8.606011 | Best makespan in group=1536.00
[TRAIN] Step 387/400 | 09:18:33
[TRAIN] Step 387 | Loss=1.998119 | Best makespan in group=1882.00
[TRAIN] Step 388/400 | 09:19:27
[TRAIN] Step 388 | Loss=0.000374 | Best makespan in group=2278.00
[TRAIN] Step 389/400 | 09:20:41
[TRAIN] Step 389 | Loss=0.769294 | Best makespan in group=1594.00
[TRAIN] Step 390/400 | 09:21:46
[TRAIN] Step 390 | Loss=0.002247 | Best makespan in group=2180.00
[TRAIN] Step 391/400 | 09:22:56
[TRAIN] Step 391 | Loss=0.117755 | Best makespan in group=2394.00
[TRAIN] Step 392/400 | 09:24:08
[TRAIN] Step 392 | Loss=0.305969 | Best makespan in group=2304.00
[TRAIN] Step 393/400 | 09:25:11
[TRAIN] Step 393 | Loss=0.046004 | Best makespan in group=1734.00
[TRAIN] Step 394/400 | 09:26:17
[TRAIN] Step 394 | Loss=2.001638 | Best makespan in group=1514.00
[TRAIN] Step 395/400 | 09:27:23
[TRAIN] Step 395 | Loss=7.537244 | Best makespan in group=1739.00
[TRAIN] Step 396/400 | 09:28:50
[TRAIN] Step 396 | Loss=0.668531 | Best makespan in group=1580.00
[TRAIN] Step 397/400 | 09:30:07
[TRAIN] Step 397 | Loss=0.130117 | Best makespan in group=1754.00
[TRAIN] Step 398/400 | 09:31:15
[TRAIN] Step 398 | Loss=0.122520 | Best makespan in group=1752.00
[TRAIN] Step 399/400 | 09:32:32
[TRAIN] Step 399 | Loss=0.000463 | Best makespan in group=1544.00
[TRAIN] Step 400/400 | 09:33:55
[TRAIN] Step 400 | Loss=0.006450 | Best makespan in group=1452.00
[TRAIN][VAL][ep 400] avg_gap=0.0755 | std_gap=0.0865 | q80_gap=0.1513 | n=20
[TRAIN][VAL][ep 400] blocked_events=471 | swaps=23 in 11 instance(s)
[TRAIN] Validation improved | smoothed_avg_gap=0.0761 (raw=0.0755) | saving candidate: 389331865721337.pth
[TRAIN] Evaluating best checkpoint (candidate_models\blocking\389331865721337.pth) on the held-out test split...
[TRAIN][TEST] avg_gap=0.0806 | std_gap=0.0872 | q80_gap=0.1678 | n=20
[TRAIN][TEST] blocked_events=405 | swaps=8 in 5 instance(s)
[TRAIN][09:36:03] Training ended. Validation history and plots updated.
[MAIN] Run finished at 2026-10-08 09:36:03
============================================================
=== [B] exit code 0 | 2026-10-08 09:36:05 ===
=== [B] TRAIN blk400_gin_L2_selk1_mask1_edges_sum_incgreedy_ojm_blk_s42 | 2026-10-08 09:36:05 ===
C:\Users\maria\Desktop\dissertation-bopo_introduction\.venv\Lib\site-packages\torch\jit\_script.py:1491: FutureWarning: `torch.jit.script` is deprecated. Please switch to `torch.compile` or `torch.export`.
  warnings.warn(
============================================================
[MAIN] Run started at 2026-10-08 09:36:20
[MAIN] mode=train
[MAIN] run_name=blk400_gin_L2_selk1_mask1_edges_sum_incgreedy_ojm_blk
[MAIN] representation(s)=['ojm_blk']
[MAIN] gnn_type=gin
[MAIN] overrides={'mask_option': 1, 'sel_k': 1, 'num_layers': 2, 'logp_norm': 'sum', 'exclude_greedy_from_loss': False, 'jm_design': 'edges'}
============================================================
[MAIN] Training representation=ojm_blk | seed=42 | run_name=blk400_gin_L2_selk1_mask1_edges_sum_incgreedy_ojm_blk_s42 | gnn_type=gin | overrides={'mask_option': 1, 'sel_k': 1, 'num_layers': 2, 'logp_norm': 'sum', 'exclude_greedy_from_loss': False, 'jm_design': 'edges'}
============================================================
[TRAIN] Training started at: 2026-10-08 09:36:20
[TRAIN] Hyperparams | max_steps=400 | new_freq=500
[TRAIN]             | n_cases=100 | B=64 | K=16 | use_greedy=True | lr=0.0005 (decaying to 1.00e-04)
[TRAIN]             | warm_start_steps=200 | checkpoint_smooth_window=3 | seed=42
[TRAIN]             | hidden_channels=128 | num_layers=2 | heads=3
[TRAIN]             | logp_norm=sum | exclude_greedy_from_loss=False
[TRAIN] Representation | ojm_blk | GNN | gin | jm_design | edges
[TRAIN] Problem size | jobs=[8,10] | machines=[5,10] | ops_per_job=[5,6] | max_proc=100
============================================================
[TRAIN] Output run folder: results\blocking\blk400_gin_L2_selk1_mask1_edges_sum_incgreedy_ojm_blk_s42
[TRAIN] Validation config | every=20 steps | instances=20 (representative subset)
[TRAIN] Blocking setting | buffers in=2 out=1 | instances={'range_jobs': (12, 15), 'range_machines': (4, 6), 'range_op_per_job': (5, 6), 'max_processing': 100, 'mas_per_ope_max': 3, 'n_bottlenecks': 1, 'bottleneck_prob': 0.7, 'bottleneck_factor': 2.0}
[TRAIN] Warm-start (behavior cloning vs. dispatch heuristic) | 200 step(s)...
[TRAIN][WARMSTART] step 10/200 | instance=74 | bc_loss=0.9874 | decisions=26
[TRAIN][WARMSTART] step 20/200 | instance=80 | bc_loss=0.4937 | decisions=34
[TRAIN][WARMSTART] step 30/200 | instance=76 | bc_loss=0.4067 | decisions=34
[TRAIN][WARMSTART] step 40/200 | instance=83 | bc_loss=0.5166 | decisions=41
[TRAIN][WARMSTART] step 50/200 | instance=68 | bc_loss=0.5052 | decisions=31
[TRAIN][WARMSTART] step 60/200 | instance=41 | bc_loss=0.6816 | decisions=36
[TRAIN][WARMSTART] step 70/200 | instance=15 | bc_loss=0.3788 | decisions=33
[TRAIN][WARMSTART] step 80/200 | instance=72 | bc_loss=0.4794 | decisions=38
[TRAIN][WARMSTART] step 90/200 | instance=27 | bc_loss=0.2113 | decisions=35
[TRAIN][WARMSTART] step 100/200 | instance=53 | bc_loss=0.2507 | decisions=26
[TRAIN][WARMSTART] step 110/200 | instance=28 | bc_loss=0.2693 | decisions=36
[TRAIN][WARMSTART] step 120/200 | instance=9 | bc_loss=0.3978 | decisions=35
[TRAIN][WARMSTART] step 130/200 | instance=21 | bc_loss=0.4038 | decisions=49
[TRAIN][WARMSTART] step 140/200 | instance=13 | bc_loss=0.2866 | decisions=36
[TRAIN][WARMSTART] step 150/200 | instance=56 | bc_loss=0.4197 | decisions=32
[TRAIN][WARMSTART] step 160/200 | instance=72 | bc_loss=0.4618 | decisions=38
[TRAIN][WARMSTART] step 170/200 | instance=43 | bc_loss=0.3434 | decisions=29
[TRAIN][WARMSTART] step 180/200 | instance=62 | bc_loss=0.3201 | decisions=36
[TRAIN][WARMSTART] step 190/200 | instance=40 | bc_loss=0.2253 | decisions=31
[TRAIN][WARMSTART] step 200/200 | instance=19 | bc_loss=0.2380 | decisions=31
[TRAIN] Warm-start complete, switching to BOPO preference optimization.
------------------------------------------------------------
[TRAIN] BOPO agent ready. Starting training loop for 400 step(s)...
------------------------------------------------------------
[TRAIN] Step 1/400 | 09:43:45
[TRAIN] Step 1 | Loss=1.926232 | Best makespan in group=1446.00
[TRAIN] Step 2/400 | 09:44:46
[TRAIN] Step 2 | Loss=0.397016 | Best makespan in group=1762.00
[TRAIN] Step 3/400 | 09:45:45
[TRAIN] Step 3 | Loss=1.971409 | Best makespan in group=2390.00
[TRAIN] Step 4/400 | 09:46:39
[TRAIN] Step 4 | Loss=0.002712 | Best makespan in group=1460.00
[TRAIN] Step 5/400 | 09:47:54
[TRAIN] Step 5 | Loss=11.492525 | Best makespan in group=1969.00
[TRAIN] Step 6/400 | 09:48:59
[TRAIN] Step 6 | Loss=5.729180 | Best makespan in group=3236.00
[TRAIN] Step 7/400 | 09:50:21
[TRAIN] Step 7 | Loss=4.090905 | Best makespan in group=1056.00
[TRAIN] Step 8/400 | 09:51:22
[TRAIN] Step 8 | Loss=12.839570 | Best makespan in group=2450.00
[TRAIN] Step 9/400 | 09:52:25
[TRAIN] Step 9 | Loss=2.121607 | Best makespan in group=2106.00
[TRAIN] Step 10/400 | 09:53:43
[TRAIN] Step 10 | Loss=9.388813 | Best makespan in group=2255.00
[TRAIN] Step 11/400 | 09:55:00
[TRAIN] Step 11 | Loss=3.306553 | Best makespan in group=1656.00
[TRAIN] Step 12/400 | 09:56:03
[TRAIN] Step 12 | Loss=1.086866 | Best makespan in group=1440.00
[TRAIN] Step 13/400 | 09:56:59
[TRAIN] Step 13 | Loss=5.285604 | Best makespan in group=1756.00
[TRAIN] Step 14/400 | 09:57:56
[TRAIN] Step 14 | Loss=0.090128 | Best makespan in group=1888.00
[TRAIN] Step 15/400 | 09:59:19
[TRAIN] Step 15 | Loss=0.652900 | Best makespan in group=2278.00
[TRAIN] Step 16/400 | 10:00:33
[TRAIN] Step 16 | Loss=1.553010 | Best makespan in group=1932.00
[TRAIN] Step 17/400 | 10:01:40
[TRAIN] Step 17 | Loss=8.008272 | Best makespan in group=2044.00
[TRAIN] Step 18/400 | 10:02:57
[TRAIN] Step 18 | Loss=6.605523 | Best makespan in group=2004.00
[TRAIN] Step 19/400 | 10:04:04
[TRAIN] Step 19 | Loss=4.021355 | Best makespan in group=1798.00
[TRAIN] Step 20/400 | 10:04:58
[TRAIN] Step 20 | Loss=2.171897 | Best makespan in group=2162.00
[TRAIN][VAL][ep 20] avg_gap=0.1378 | std_gap=0.1477 | q80_gap=0.1842 | n=20
[TRAIN][VAL][ep 20] blocked_events=425 | swaps=36 in 10 instance(s)
[TRAIN] Validation improved | smoothed_avg_gap=0.1378 (raw=0.1378) | saving candidate: 105754509596594.pth
[TRAIN] Step 21/400 | 10:06:40
[TRAIN] Step 21 | Loss=4.450262 | Best makespan in group=1120.00
[TRAIN] Step 22/400 | 10:07:29
[TRAIN] Step 22 | Loss=0.978244 | Best makespan in group=2387.00
[TRAIN] Step 23/400 | 10:08:42
[TRAIN] Step 23 | Loss=1.488166 | Best makespan in group=1582.00
[TRAIN] Step 24/400 | 10:09:34
[TRAIN] Step 24 | Loss=0.050020 | Best makespan in group=2048.00
[TRAIN] Step 25/400 | 10:10:46
[TRAIN] Step 25 | Loss=7.941761 | Best makespan in group=1860.00
[TRAIN] Step 26/400 | 10:11:50
[TRAIN] Step 26 | Loss=0.000001 | Best makespan in group=1113.00
[TRAIN] Step 27/400 | 10:12:49
[TRAIN] Step 27 | Loss=3.727261 | Best makespan in group=2008.00
[TRAIN] Step 28/400 | 10:13:55
[TRAIN] Step 28 | Loss=0.204761 | Best makespan in group=1776.00
[TRAIN] Step 29/400 | 10:15:14
[TRAIN] Step 29 | Loss=0.606006 | Best makespan in group=1814.00
[TRAIN] Step 30/400 | 10:16:12
[TRAIN] Step 30 | Loss=2.161008 | Best makespan in group=1966.00
[TRAIN] Step 31/400 | 10:17:23
[TRAIN] Step 31 | Loss=0.950094 | Best makespan in group=2394.00
[TRAIN] Step 32/400 | 10:18:27
[TRAIN] Step 32 | Loss=2.764189 | Best makespan in group=1212.00
[TRAIN] Step 33/400 | 10:19:29
[TRAIN] Step 33 | Loss=8.679850 | Best makespan in group=1882.00
[TRAIN] Step 34/400 | 10:20:18
[TRAIN] Step 34 | Loss=0.043278 | Best makespan in group=1160.00
[TRAIN] Step 35/400 | 10:21:10
[TRAIN] Step 35 | Loss=2.078828 | Best makespan in group=2143.00
[TRAIN] Step 36/400 | 10:22:25
[TRAIN] Step 36 | Loss=2.731083 | Best makespan in group=1161.00
[TRAIN] Step 37/400 | 10:23:43
[TRAIN] Step 37 | Loss=8.120582 | Best makespan in group=1827.00
[TRAIN] Step 38/400 | 10:24:51
[TRAIN] Step 38 | Loss=0.687571 | Best makespan in group=2006.00
[TRAIN] Step 39/400 | 10:25:54
[TRAIN] Step 39 | Loss=5.543694 | Best makespan in group=2564.00
[TRAIN] Step 40/400 | 10:27:06
[TRAIN] Step 40 | Loss=3.660528 | Best makespan in group=2376.00
[TRAIN][VAL][ep 40] avg_gap=0.0891 | std_gap=0.1287 | q80_gap=0.1298 | n=20
[TRAIN][VAL][ep 40] blocked_events=548 | swaps=29 in 10 instance(s)
[TRAIN] Validation improved | smoothed_avg_gap=0.1135 (raw=0.0891) | saving candidate: 117031695866851.pth
[TRAIN] Step 41/400 | 10:28:53
[TRAIN] Step 41 | Loss=0.007961 | Best makespan in group=2394.00
[TRAIN] Step 42/400 | 10:29:51
[TRAIN] Step 42 | Loss=0.014472 | Best makespan in group=1900.00
[TRAIN] Step 43/400 | 10:30:48
[TRAIN] Step 43 | Loss=0.486233 | Best makespan in group=1102.00
[TRAIN] Step 44/400 | 10:31:49
[TRAIN] Step 44 | Loss=0.142446 | Best makespan in group=1670.00
[TRAIN] Step 45/400 | 10:32:38
[TRAIN] Step 45 | Loss=0.399405 | Best makespan in group=1892.00
[TRAIN] Step 46/400 | 10:33:35
[TRAIN] Step 46 | Loss=0.001860 | Best makespan in group=1758.00
[TRAIN] Step 47/400 | 10:34:27
[TRAIN] Step 47 | Loss=11.884006 | Best makespan in group=2249.00
[TRAIN] Step 48/400 | 10:35:50
[TRAIN] Step 48 | Loss=1.584043 | Best makespan in group=2010.00
[TRAIN] Step 49/400 | 10:36:46
[TRAIN] Step 49 | Loss=1.149789 | Best makespan in group=1627.00
[TRAIN] Step 50/400 | 10:37:44
[TRAIN] Step 50 | Loss=2.993985 | Best makespan in group=2092.00
[TRAIN] Step 51/400 | 10:38:47
[TRAIN] Step 51 | Loss=2.694770 | Best makespan in group=2280.00
[TRAIN] Step 52/400 | 10:39:59
[TRAIN] Step 52 | Loss=0.000162 | Best makespan in group=1450.00
[TRAIN] Step 53/400 | 10:41:04
[TRAIN] Step 53 | Loss=6.759316 | Best makespan in group=1743.00
[TRAIN] Step 54/400 | 10:42:22
[TRAIN] Step 54 | Loss=1.690553 | Best makespan in group=2198.00
[TRAIN] Step 55/400 | 10:43:42
[TRAIN] Step 55 | Loss=7.256850 | Best makespan in group=2095.00
[TRAIN] Step 56/400 | 10:44:47
[TRAIN] Step 56 | Loss=0.324252 | Best makespan in group=2092.00
[TRAIN] Step 57/400 | 10:45:52
[TRAIN] Step 57 | Loss=0.072963 | Best makespan in group=1792.00
[TRAIN] Step 58/400 | 10:46:45
[TRAIN] Step 58 | Loss=2.027746 | Best makespan in group=2690.00
[TRAIN] Step 59/400 | 10:47:48
[TRAIN] Step 59 | Loss=0.155654 | Best makespan in group=1926.00
[TRAIN] Step 60/400 | 10:49:00
[TRAIN] Step 60 | Loss=0.001667 | Best makespan in group=1786.00
[TRAIN][VAL][ep 60] avg_gap=0.0805 | std_gap=0.0909 | q80_gap=0.1365 | n=20
[TRAIN][VAL][ep 60] blocked_events=525 | swaps=28 in 8 instance(s)
[TRAIN] Validation improved | smoothed_avg_gap=0.1025 (raw=0.0805) | saving candidate: 96969735330863.pth
[TRAIN] Step 61/400 | 10:50:41
[TRAIN] Step 61 | Loss=0.001889 | Best makespan in group=1452.00
[TRAIN] Step 62/400 | 10:51:42
[TRAIN] Step 62 | Loss=1.873430 | Best makespan in group=1622.00
[TRAIN] Step 63/400 | 10:52:49
[TRAIN] Step 63 | Loss=0.172868 | Best makespan in group=1536.00
[TRAIN] Step 64/400 | 10:54:06
[TRAIN] Step 64 | Loss=0.131784 | Best makespan in group=1954.00
[TRAIN] Step 65/400 | 10:55:09
[TRAIN] Step 65 | Loss=0.024079 | Best makespan in group=1364.00
[TRAIN] Step 66/400 | 10:56:02
[TRAIN] Step 66 | Loss=4.499888 | Best makespan in group=2456.00
[TRAIN] Step 67/400 | 10:57:21
[TRAIN] Step 67 | Loss=1.469407 | Best makespan in group=1648.00
[TRAIN] Step 68/400 | 10:58:27
[TRAIN] Step 68 | Loss=0.014726 | Best makespan in group=1754.00
[TRAIN] Step 69/400 | 10:59:26
[TRAIN] Step 69 | Loss=4.262983 | Best makespan in group=2402.00
[TRAIN] Step 70/400 | 11:00:29
[TRAIN] Step 70 | Loss=1.066427 | Best makespan in group=1824.00
[TRAIN] Step 71/400 | 11:01:40
[TRAIN] Step 71 | Loss=0.007304 | Best makespan in group=1830.00
[TRAIN] Step 72/400 | 11:02:31
[TRAIN] Step 72 | Loss=0.007785 | Best makespan in group=2180.00
[TRAIN] Step 73/400 | 11:03:38
[TRAIN] Step 73 | Loss=4.855375 | Best makespan in group=1843.00
[TRAIN] Step 74/400 | 11:04:29
[TRAIN] Step 74 | Loss=0.084921 | Best makespan in group=2278.00
[TRAIN] Step 75/400 | 11:05:29
[TRAIN] Step 75 | Loss=4.089620 | Best makespan in group=1860.00
[TRAIN] Step 76/400 | 11:06:45
[TRAIN] Step 76 | Loss=2.779735 | Best makespan in group=1142.00
[TRAIN] Step 77/400 | 11:07:39
[TRAIN] Step 77 | Loss=5.805978 | Best makespan in group=2678.00
[TRAIN] Step 78/400 | 11:08:43
[TRAIN] Step 78 | Loss=1.219254 | Best makespan in group=2576.00
[TRAIN] Step 79/400 | 11:09:49
[TRAIN] Step 79 | Loss=2.443171 | Best makespan in group=1834.00
[TRAIN] Step 80/400 | 11:11:02
[TRAIN] Step 80 | Loss=1.305580 | Best makespan in group=1754.00
[TRAIN][VAL][ep 80] avg_gap=0.0979 | std_gap=0.1067 | q80_gap=0.1784 | n=20
[TRAIN][VAL][ep 80] blocked_events=559 | swaps=46 in 11 instance(s)
[TRAIN] Validation improved | smoothed_avg_gap=0.0892 (raw=0.0979) | saving candidate: 716025182390872.pth
[TRAIN] Step 81/400 | 11:12:28
[TRAIN] Step 81 | Loss=3.777146 | Best makespan in group=2102.00
[TRAIN] Step 82/400 | 11:13:25
[TRAIN] Step 82 | Loss=3.717721 | Best makespan in group=1544.00
[TRAIN] Step 83/400 | 11:14:41
[TRAIN] Step 83 | Loss=0.973621 | Best makespan in group=3028.00
[TRAIN] Step 84/400 | 11:15:57
[TRAIN] Step 84 | Loss=0.007041 | Best makespan in group=1349.00
[TRAIN] Step 85/400 | 11:16:57
[TRAIN] Step 85 | Loss=0.055556 | Best makespan in group=2678.00
[TRAIN] Step 86/400 | 11:17:51
[TRAIN] Step 86 | Loss=8.185046 | Best makespan in group=1734.00
[TRAIN] Step 87/400 | 11:18:47
[TRAIN] Step 87 | Loss=0.071217 | Best makespan in group=2304.00
[TRAIN] Step 88/400 | 11:19:46
[TRAIN] Step 88 | Loss=0.246166 | Best makespan in group=1520.00
[TRAIN] Step 89/400 | 11:20:39
[TRAIN] Step 89 | Loss=1.253946 | Best makespan in group=1558.00
[TRAIN] Step 90/400 | 11:21:27
[TRAIN] Step 90 | Loss=0.768297 | Best makespan in group=1969.00
[TRAIN] Step 91/400 | 11:22:41
[TRAIN] Step 91 | Loss=0.994331 | Best makespan in group=2150.00
[TRAIN] Step 92/400 | 11:23:50
[TRAIN] Step 92 | Loss=1.244163 | Best makespan in group=1278.00
[TRAIN] Step 93/400 | 11:24:38
[TRAIN] Step 93 | Loss=2.037027 | Best makespan in group=1225.00
[TRAIN] Step 94/400 | 11:25:50
[TRAIN] Step 94 | Loss=6.406581 | Best makespan in group=1334.00
[TRAIN] Step 95/400 | 11:26:40
[TRAIN] Step 95 | Loss=0.010658 | Best makespan in group=1772.00
[TRAIN] Step 96/400 | 11:27:40
[TRAIN] Step 96 | Loss=7.116585 | Best makespan in group=1212.00
[TRAIN] Step 97/400 | 11:28:42
[TRAIN] Step 97 | Loss=1.704036 | Best makespan in group=2134.00
[TRAIN] Step 98/400 | 11:29:42
[TRAIN] Step 98 | Loss=0.204178 | Best makespan in group=729.00
[TRAIN] Step 99/400 | 11:30:28
[TRAIN] Step 99 | Loss=0.031526 | Best makespan in group=1520.00
[TRAIN] Step 100/400 | 11:31:29
[TRAIN] Step 100 | Loss=1.628632 | Best makespan in group=2034.00
[TRAIN][VAL][ep 100] avg_gap=0.0812 | std_gap=0.0789 | q80_gap=0.1685 | n=20
[TRAIN][VAL][ep 100] blocked_events=500 | swaps=23 in 8 instance(s)
[TRAIN] Validation improved | smoothed_avg_gap=0.0866 (raw=0.0812) | saving candidate: 972371393363389.pth
[TRAIN] Step 101/400 | 11:32:55
[TRAIN] Step 101 | Loss=0.098789 | Best makespan in group=1520.00
[TRAIN] Step 102/400 | 11:33:48
[TRAIN] Step 102 | Loss=0.174383 | Best makespan in group=2048.00
[TRAIN] Step 103/400 | 11:34:58
[TRAIN] Step 103 | Loss=4.102377 | Best makespan in group=1824.00
[TRAIN] Step 104/400 | 11:36:00
[TRAIN] Step 104 | Loss=0.167584 | Best makespan in group=1160.00
[TRAIN] Step 105/400 | 11:36:48
[TRAIN] Step 105 | Loss=0.484611 | Best makespan in group=1634.00
[TRAIN] Step 106/400 | 11:37:52
[TRAIN] Step 106 | Loss=2.652461 | Best makespan in group=2488.00
[TRAIN] Step 107/400 | 11:38:55
[TRAIN] Step 107 | Loss=0.237971 | Best makespan in group=1754.00
[TRAIN] Step 108/400 | 11:39:53
[TRAIN] Step 108 | Loss=13.922758 | Best makespan in group=2321.00
[TRAIN] Step 109/400 | 11:41:05
[TRAIN] Step 109 | Loss=0.009682 | Best makespan in group=1192.00
[TRAIN] Step 110/400 | 11:42:21
[TRAIN] Step 110 | Loss=0.061185 | Best makespan in group=2092.00
[TRAIN] Step 111/400 | 11:43:27
[TRAIN] Step 111 | Loss=7.215013 | Best makespan in group=2394.00
[TRAIN] Step 112/400 | 11:44:24
[TRAIN] Step 112 | Loss=2.967274 | Best makespan in group=2092.00
[TRAIN] Step 113/400 | 11:45:29
[TRAIN] Step 113 | Loss=6.774966 | Best makespan in group=2052.00
[TRAIN] Step 114/400 | 11:46:40
[TRAIN] Step 114 | Loss=1.209354 | Best makespan in group=2376.00
[TRAIN] Step 115/400 | 11:47:56
[TRAIN] Step 115 | Loss=11.064985 | Best makespan in group=2429.00
[TRAIN] Step 116/400 | 11:49:12
[TRAIN] Step 116 | Loss=6.785960 | Best makespan in group=1934.00
[TRAIN] Step 117/400 | 11:50:26
[TRAIN] Step 117 | Loss=0.998792 | Best makespan in group=1334.00
[TRAIN] Step 118/400 | 11:51:12
[TRAIN] Step 118 | Loss=1.589592 | Best makespan in group=2210.00
[TRAIN] Step 119/400 | 11:52:19
[TRAIN] Step 119 | Loss=0.002932 | Best makespan in group=1142.00
[TRAIN] Step 120/400 | 11:53:10
[TRAIN] Step 120 | Loss=2.417676 | Best makespan in group=1776.00
[TRAIN][VAL][ep 120] avg_gap=0.0652 | std_gap=0.0736 | q80_gap=0.0940 | n=20
[TRAIN][VAL][ep 120] blocked_events=512 | swaps=30 in 10 instance(s)
[TRAIN] Validation improved | smoothed_avg_gap=0.0814 (raw=0.0652) | saving candidate: 91749879346081.pth
[TRAIN] Step 121/400 | 11:55:02
[TRAIN] Step 121 | Loss=3.830213 | Best makespan in group=2162.00
[TRAIN] Step 122/400 | 11:56:04
[TRAIN] Step 122 | Loss=0.004206 | Best makespan in group=1446.00
[TRAIN] Step 123/400 | 11:57:06
[TRAIN] Step 123 | Loss=3.302425 | Best makespan in group=1892.00
[TRAIN] Step 124/400 | 11:58:02
[TRAIN] Step 124 | Loss=3.441558 | Best makespan in group=1966.00
[TRAIN] Step 125/400 | 11:59:15
[TRAIN] Step 125 | Loss=3.582368 | Best makespan in group=2102.00
[TRAIN] Step 126/400 | 12:00:13
[TRAIN] Step 126 | Loss=0.175850 | Best makespan in group=1888.00
[TRAIN] Step 127/400 | 12:01:33
[TRAIN] Step 127 | Loss=1.906942 | Best makespan in group=1183.00
[TRAIN] Step 128/400 | 12:02:34
[TRAIN] Step 128 | Loss=0.000766 | Best makespan in group=1452.00
[TRAIN] Step 129/400 | 12:03:34
[TRAIN] Step 129 | Loss=0.061437 | Best makespan in group=1814.00
[TRAIN] Step 130/400 | 12:04:35
[TRAIN] Step 130 | Loss=3.418252 | Best makespan in group=1315.00
[TRAIN] Step 131/400 | 12:05:48
[TRAIN] Step 131 | Loss=8.904775 | Best makespan in group=2690.00
[TRAIN] Step 132/400 | 12:06:49
[TRAIN] Step 132 | Loss=2.046794 | Best makespan in group=2678.00
[TRAIN] Step 133/400 | 12:07:50
[TRAIN] Step 133 | Loss=2.744190 | Best makespan in group=2456.00
[TRAIN] Step 134/400 | 12:09:07
[TRAIN] Step 134 | Loss=10.337521 | Best makespan in group=2152.00
[TRAIN] Step 135/400 | 12:10:27
[TRAIN] Step 135 | Loss=8.085505 | Best makespan in group=1362.00
[TRAIN] Step 136/400 | 12:11:13
[TRAIN] Step 136 | Loss=1.902978 | Best makespan in group=1821.00
[TRAIN] Step 137/400 | 12:12:23
[TRAIN] Step 137 | Loss=3.145216 | Best makespan in group=2010.00
[TRAIN] Step 138/400 | 12:13:18
[TRAIN] Step 138 | Loss=0.865697 | Best makespan in group=2278.00
[TRAIN] Step 139/400 | 12:14:18
[TRAIN] Step 139 | Loss=2.478851 | Best makespan in group=1440.00
[TRAIN] Step 140/400 | 12:15:11
[TRAIN] Step 140 | Loss=0.005569 | Best makespan in group=1900.00
[TRAIN][VAL][ep 140] avg_gap=0.0703 | std_gap=0.0667 | q80_gap=0.1159 | n=20
[TRAIN][VAL][ep 140] blocked_events=524 | swaps=27 in 9 instance(s)
[TRAIN] Validation improved | smoothed_avg_gap=0.0723 (raw=0.0703) | saving candidate: 606785363172168.pth
[TRAIN] Step 141/400 | 12:16:46
[TRAIN] Step 141 | Loss=12.487323 | Best makespan in group=1926.00
[TRAIN] Step 142/400 | 12:17:56
[TRAIN] Step 142 | Loss=0.704172 | Best makespan in group=1064.00
[TRAIN] Step 143/400 | 12:18:58
[TRAIN] Step 143 | Loss=2.020720 | Best makespan in group=2180.00
[TRAIN] Step 144/400 | 12:20:04
[TRAIN] Step 144 | Loss=0.142156 | Best makespan in group=1630.00
[TRAIN] Step 145/400 | 12:21:07
[TRAIN] Step 145 | Loss=3.821987 | Best makespan in group=1768.00
[TRAIN] Step 146/400 | 12:21:58
[TRAIN] Step 146 | Loss=0.251497 | Best makespan in group=2276.00
[TRAIN] Step 147/400 | 12:23:06
[TRAIN] Step 147 | Loss=2.238697 | Best makespan in group=1792.00
[TRAIN] Step 148/400 | 12:24:00
[TRAIN] Step 148 | Loss=0.099150 | Best makespan in group=1337.00
[TRAIN] Step 149/400 | 12:25:01
[TRAIN] Step 149 | Loss=2.595161 | Best makespan in group=1566.00
[TRAIN] Step 150/400 | 12:26:00
[TRAIN] Step 150 | Loss=0.453742 | Best makespan in group=2004.00
[TRAIN] Step 151/400 | 12:27:01
[TRAIN] Step 151 | Loss=1.868745 | Best makespan in group=1882.00
[TRAIN] Step 152/400 | 12:27:54
[TRAIN] Step 152 | Loss=1.811267 | Best makespan in group=2150.00
[TRAIN] Step 153/400 | 12:29:04
[TRAIN] Step 153 | Loss=1.125380 | Best makespan in group=1810.00
[TRAIN] Step 154/400 | 12:30:17
[TRAIN] Step 154 | Loss=6.465377 | Best makespan in group=3028.00
[TRAIN] Step 155/400 | 12:31:38
[TRAIN] Step 155 | Loss=0.202467 | Best makespan in group=1168.00
[TRAIN] Step 156/400 | 12:32:35
[TRAIN] Step 156 | Loss=0.842602 | Best makespan in group=1526.00
[TRAIN] Step 157/400 | 12:33:30
[TRAIN] Step 157 | Loss=8.895352 | Best makespan in group=2034.00
[TRAIN] Step 158/400 | 12:34:29
[TRAIN] Step 158 | Loss=0.000042 | Best makespan in group=1544.00
[TRAIN] Step 159/400 | 12:35:44
[TRAIN] Step 159 | Loss=4.795705 | Best makespan in group=2635.00
[TRAIN] Step 160/400 | 12:36:54
[TRAIN] Step 160 | Loss=0.562602 | Best makespan in group=1120.00
[TRAIN][VAL][ep 160] avg_gap=0.0760 | std_gap=0.0923 | q80_gap=0.1240 | n=20
[TRAIN][VAL][ep 160] blocked_events=520 | swaps=23 in 8 instance(s)
[TRAIN] Validation improved | smoothed_avg_gap=0.0705 (raw=0.0760) | saving candidate: 477782964131276.pth
[TRAIN] Step 161/400 | 12:38:17
[TRAIN] Step 161 | Loss=0.003623 | Best makespan in group=1830.00
[TRAIN] Step 162/400 | 12:39:10
[TRAIN] Step 162 | Loss=3.676772 | Best makespan in group=2134.00
[TRAIN] Step 163/400 | 12:40:09
[TRAIN] Step 163 | Loss=0.666117 | Best makespan in group=1772.00
[TRAIN] Step 164/400 | 12:41:09
[TRAIN] Step 164 | Loss=0.005906 | Best makespan in group=1758.00
[TRAIN] Step 165/400 | 12:42:03
[TRAIN] Step 165 | Loss=3.230846 | Best makespan in group=2450.00
[TRAIN] Step 166/400 | 12:43:04
[TRAIN] Step 166 | Loss=2.684592 | Best makespan in group=1558.00
[TRAIN] Step 167/400 | 12:43:51
[TRAIN] Step 167 | Loss=0.078346 | Best makespan in group=1670.00
[TRAIN] Step 168/400 | 12:44:39
[TRAIN] Step 168 | Loss=0.001277 | Best makespan in group=1960.00
[TRAIN] Step 169/400 | 12:45:38
[TRAIN] Step 169 | Loss=0.000475 | Best makespan in group=2394.00
[TRAIN] Step 170/400 | 12:46:43
[TRAIN] Step 170 | Loss=3.155267 | Best makespan in group=1734.00
[TRAIN] Step 171/400 | 12:47:44
[TRAIN] Step 171 | Loss=0.010274 | Best makespan in group=1460.00
[TRAIN] Step 172/400 | 12:48:58
[TRAIN] Step 172 | Loss=2.171864 | Best makespan in group=3164.00
[TRAIN] Step 173/400 | 12:50:21
[TRAIN] Step 173 | Loss=12.794550 | Best makespan in group=2130.00
[TRAIN] Step 174/400 | 12:51:43
[TRAIN] Step 174 | Loss=2.531691 | Best makespan in group=1536.00
[TRAIN] Step 175/400 | 12:52:56
[TRAIN] Step 175 | Loss=0.015165 | Best makespan in group=1364.00
[TRAIN] Step 176/400 | 12:53:46
[TRAIN] Step 176 | Loss=0.000113 | Best makespan in group=1656.00
[TRAIN] Step 177/400 | 12:54:43
[TRAIN] Step 177 | Loss=11.441514 | Best makespan in group=1847.00
[TRAIN] Step 178/400 | 12:55:47
[TRAIN] Step 178 | Loss=0.006156 | Best makespan in group=1786.00
[TRAIN] Step 179/400 | 12:56:54
[TRAIN] Step 179 | Loss=0.281553 | Best makespan in group=2518.00
[TRAIN] Step 180/400 | 12:57:57
[TRAIN] Step 180 | Loss=0.013521 | Best makespan in group=1520.00
[TRAIN][VAL][ep 180] avg_gap=0.0999 | std_gap=0.1643 | q80_gap=0.1322 | n=20
[TRAIN][VAL][ep 180] blocked_events=534 | swaps=40 in 12 instance(s)
[TRAIN] Step 181/400 | 12:59:26
[TRAIN] Step 181 | Loss=0.147548 | Best makespan in group=1212.00
[TRAIN] Step 182/400 | 13:00:28
[TRAIN] Step 182 | Loss=3.437710 | Best makespan in group=2198.00
[TRAIN] Step 183/400 | 13:01:47
[TRAIN] Step 183 | Loss=0.868058 | Best makespan in group=1754.00
[TRAIN] Step 184/400 | 13:02:41
[TRAIN] Step 184 | Loss=5.482362 | Best makespan in group=1966.00
[TRAIN] Step 185/400 | 13:03:52
[TRAIN] Step 185 | Loss=2.910604 | Best makespan in group=1243.00
[TRAIN] Step 186/400 | 13:04:52
[TRAIN] Step 186 | Loss=1.279015 | Best makespan in group=2006.00
[TRAIN] Step 187/400 | 13:05:53
[TRAIN] Step 187 | Loss=0.618188 | Best makespan in group=2278.00
[TRAIN] Step 188/400 | 13:07:01
[TRAIN] Step 188 | Loss=0.254278 | Best makespan in group=1437.00
[TRAIN] Step 189/400 | 13:08:02
[TRAIN] Step 189 | Loss=0.214222 | Best makespan in group=2243.00
[TRAIN] Step 190/400 | 13:09:19
[TRAIN] Step 190 | Loss=0.882077 | Best makespan in group=1805.00
[TRAIN] Step 191/400 | 13:10:06
[TRAIN] Step 191 | Loss=0.582874 | Best makespan in group=2008.00
[TRAIN] Step 192/400 | 13:11:14
[TRAIN] Step 192 | Loss=4.006880 | Best makespan in group=1878.00
[TRAIN] Step 193/400 | 13:12:18
[TRAIN] Step 193 | Loss=0.838033 | Best makespan in group=1628.00
[TRAIN] Step 194/400 | 13:13:27
[TRAIN] Step 194 | Loss=13.070674 | Best makespan in group=2390.00
[TRAIN] Step 195/400 | 13:14:21
[TRAIN] Step 195 | Loss=1.122484 | Best makespan in group=1756.00
[TRAIN] Step 196/400 | 13:15:15
[TRAIN] Step 196 | Loss=0.020649 | Best makespan in group=1582.00
[TRAIN] Step 197/400 | 13:16:07
[TRAIN] Step 197 | Loss=0.483739 | Best makespan in group=2304.00
[TRAIN] Step 198/400 | 13:17:04
[TRAIN] Step 198 | Loss=0.199045 | Best makespan in group=2678.00
[TRAIN] Step 199/400 | 13:17:56
[TRAIN] Step 199 | Loss=1.075617 | Best makespan in group=1679.00
[TRAIN] Step 200/400 | 13:19:14
[TRAIN] Step 200 | Loss=0.097030 | Best makespan in group=729.00
[TRAIN][VAL][ep 200] avg_gap=0.0805 | std_gap=0.0797 | q80_gap=0.1304 | n=20
[TRAIN][VAL][ep 200] blocked_events=529 | swaps=30 in 9 instance(s)
[TRAIN] Step 201/400 | 13:20:34
[TRAIN] Step 201 | Loss=0.526818 | Best makespan in group=1858.00
[TRAIN] Step 202/400 | 13:21:47
[TRAIN] Step 202 | Loss=0.982585 | Best makespan in group=1339.00
[TRAIN] Step 203/400 | 13:22:50
[TRAIN] Step 203 | Loss=0.242735 | Best makespan in group=1465.00
[TRAIN] Step 204/400 | 13:23:53
[TRAIN] Step 204 | Loss=0.006554 | Best makespan in group=1446.00
[TRAIN] Step 205/400 | 13:24:53
[TRAIN] Step 205 | Loss=0.005837 | Best makespan in group=1092.00
[TRAIN] Step 206/400 | 13:26:02
[TRAIN] Step 206 | Loss=0.506411 | Best makespan in group=2278.00
[TRAIN] Step 207/400 | 13:27:04
[TRAIN] Step 207 | Loss=13.004147 | Best makespan in group=2607.00
[TRAIN] Step 208/400 | 13:28:14
[TRAIN] Step 208 | Loss=2.039529 | Best makespan in group=1142.00
[TRAIN] Step 209/400 | 13:29:05
[TRAIN] Step 209 | Loss=0.368077 | Best makespan in group=2004.00
[TRAIN] Step 210/400 | 13:30:09
[TRAIN] Step 210 | Loss=0.136295 | Best makespan in group=2048.00
[TRAIN] Step 211/400 | 13:31:22
[TRAIN] Step 211 | Loss=7.430082 | Best makespan in group=1744.00
[TRAIN] Step 212/400 | 13:32:17
[TRAIN] Step 212 | Loss=4.215789 | Best makespan in group=1901.00
[TRAIN] Step 213/400 | 13:33:21
[TRAIN] Step 213 | Loss=0.059876 | Best makespan in group=2678.00
[TRAIN] Step 214/400 | 13:34:16
[TRAIN] Step 214 | Loss=0.000688 | Best makespan in group=1754.00
[TRAIN] Step 215/400 | 13:35:16
[TRAIN] Step 215 | Loss=0.601132 | Best makespan in group=1734.00
[TRAIN] Step 216/400 | 13:36:17
[TRAIN] Step 216 | Loss=4.200246 | Best makespan in group=1882.00
[TRAIN] Step 217/400 | 13:37:07
[TRAIN] Step 217 | Loss=4.473802 | Best makespan in group=1966.00
[TRAIN] Step 218/400 | 13:38:21
[TRAIN] Step 218 | Loss=12.145173 | Best makespan in group=2157.00
[TRAIN] Step 219/400 | 13:39:47
[TRAIN] Step 219 | Loss=0.098186 | Best makespan in group=1452.00
[TRAIN] Step 220/400 | 13:40:44
[TRAIN] Step 220 | Loss=3.954726 | Best makespan in group=1628.00
[TRAIN][VAL][ep 220] avg_gap=0.1269 | std_gap=0.1733 | q80_gap=0.2083 | n=20
[TRAIN][VAL][ep 220] blocked_events=556 | swaps=39 in 13 instance(s)
[TRAIN] Step 221/400 | 13:42:14
[TRAIN] Step 221 | Loss=0.566101 | Best makespan in group=2180.00
[TRAIN] Step 222/400 | 13:43:19
[TRAIN] Step 222 | Loss=0.192122 | Best makespan in group=1558.00
[TRAIN] Step 223/400 | 13:44:22
[TRAIN] Step 223 | Loss=5.057371 | Best makespan in group=2576.00
[TRAIN] Step 224/400 | 13:45:26
[TRAIN] Step 224 | Loss=0.000681 | Best makespan in group=1776.00
[TRAIN] Step 225/400 | 13:46:45
[TRAIN] Step 225 | Loss=0.470019 | Best makespan in group=1558.00
[TRAIN] Step 226/400 | 13:47:35
[TRAIN] Step 226 | Loss=0.435637 | Best makespan in group=1772.00
[TRAIN] Step 227/400 | 13:48:33
[TRAIN] Step 227 | Loss=7.599890 | Best makespan in group=2394.00
[TRAIN] Step 228/400 | 13:49:31
[TRAIN] Step 228 | Loss=0.000183 | Best makespan in group=1670.00
[TRAIN] Step 229/400 | 13:50:21
[TRAIN] Step 229 | Loss=2.582280 | Best makespan in group=2295.00
[TRAIN] Step 230/400 | 13:51:34
[TRAIN] Step 230 | Loss=0.137837 | Best makespan in group=1116.00
[TRAIN] Step 231/400 | 13:52:34
[TRAIN] Step 231 | Loss=3.367611 | Best makespan in group=2456.00
[TRAIN] Step 232/400 | 13:53:48
[TRAIN] Step 232 | Loss=2.463526 | Best makespan in group=1754.00
[TRAIN] Step 233/400 | 13:54:47
[TRAIN] Step 233 | Loss=0.001129 | Best makespan in group=1974.00
[TRAIN] Step 234/400 | 13:55:48
[TRAIN] Step 234 | Loss=1.276940 | Best makespan in group=2242.00
[TRAIN] Step 235/400 | 13:57:07
[TRAIN] Step 235 | Loss=0.820050 | Best makespan in group=1160.00
[TRAIN] Step 236/400 | 13:57:58
[TRAIN] Step 236 | Loss=0.975673 | Best makespan in group=2034.00
[TRAIN] Step 237/400 | 13:58:54
[TRAIN] Step 237 | Loss=0.670167 | Best makespan in group=1460.00
[TRAIN] Step 238/400 | 14:00:09
[TRAIN] Step 238 | Loss=0.006755 | Best makespan in group=1582.00
[TRAIN] Step 239/400 | 14:01:04
[TRAIN] Step 239 | Loss=1.265298 | Best makespan in group=1520.00
[TRAIN] Step 240/400 | 14:01:59
[TRAIN] Step 240 | Loss=2.677407 | Best makespan in group=1786.00
[TRAIN][VAL][ep 240] avg_gap=0.1411 | std_gap=0.1613 | q80_gap=0.1708 | n=20
[TRAIN][VAL][ep 240] blocked_events=543 | swaps=36 in 14 instance(s)
[TRAIN] Step 241/400 | 14:03:40
[TRAIN] Step 241 | Loss=3.894467 | Best makespan in group=2678.00
[TRAIN] Step 242/400 | 14:04:42
[TRAIN] Step 242 | Loss=0.691417 | Best makespan in group=1756.00
[TRAIN] Step 243/400 | 14:05:34
[TRAIN] Step 243 | Loss=0.002970 | Best makespan in group=1768.00
[TRAIN] Step 244/400 | 14:06:27
[TRAIN] Step 244 | Loss=0.124081 | Best makespan in group=729.00
[TRAIN] Step 245/400 | 14:07:17
[TRAIN] Step 245 | Loss=2.510931 | Best makespan in group=1824.00
[TRAIN] Step 246/400 | 14:08:22
[TRAIN] Step 246 | Loss=1.233252 | Best makespan in group=1246.00
[TRAIN] Step 247/400 | 14:09:37
[TRAIN] Step 247 | Loss=0.002867 | Best makespan in group=1520.00
[TRAIN] Step 248/400 | 14:10:34
[TRAIN] Step 248 | Loss=0.280737 | Best makespan in group=2092.00
[TRAIN] Step 249/400 | 14:11:37
[TRAIN] Step 249 | Loss=3.891055 | Best makespan in group=1900.00
[TRAIN] Step 250/400 | 14:12:35
[TRAIN] Step 250 | Loss=2.433085 | Best makespan in group=2311.00
[TRAIN] Step 251/400 | 14:13:51
[TRAIN] Step 251 | Loss=2.337034 | Best makespan in group=1516.00
[TRAIN] Step 252/400 | 14:14:52
[TRAIN] Step 252 | Loss=2.685190 | Best makespan in group=1967.00
[TRAIN] Step 253/400 | 14:15:54
[TRAIN] Step 253 | Loss=4.601701 | Best makespan in group=3164.00
[TRAIN] Step 254/400 | 14:17:20
[TRAIN] Step 254 | Loss=0.000613 | Best makespan in group=1758.00
[TRAIN] Step 255/400 | 14:18:10
[TRAIN] Step 255 | Loss=0.533053 | Best makespan in group=1334.00
[TRAIN] Step 256/400 | 14:19:01
[TRAIN] Step 256 | Loss=1.098206 | Best makespan in group=2460.00
[TRAIN] Step 257/400 | 14:20:00
[TRAIN] Step 257 | Loss=6.080482 | Best makespan in group=1860.00
[TRAIN] Step 258/400 | 14:21:11
[TRAIN] Step 258 | Loss=0.190635 | Best makespan in group=2376.00
[TRAIN] Step 259/400 | 14:22:28
[TRAIN] Step 259 | Loss=1.811836 | Best makespan in group=1152.00
[TRAIN] Step 260/400 | 14:23:48
[TRAIN] Step 260 | Loss=0.028295 | Best makespan in group=1888.00
[TRAIN][VAL][ep 260] avg_gap=0.1042 | std_gap=0.1074 | q80_gap=0.1607 | n=20
[TRAIN][VAL][ep 260] blocked_events=536 | swaps=32 in 14 instance(s)
[TRAIN] Step 261/400 | 14:25:41
[TRAIN] Step 261 | Loss=3.636247 | Best makespan in group=1154.00
[TRAIN] Step 262/400 | 14:26:41
[TRAIN] Step 262 | Loss=0.341181 | Best makespan in group=1274.00
[TRAIN] Step 263/400 | 14:27:29
[TRAIN] Step 263 | Loss=1.326695 | Best makespan in group=2098.00
[TRAIN] Step 264/400 | 14:28:56
[TRAIN] Step 264 | Loss=0.504870 | Best makespan in group=2394.00
[TRAIN] Step 265/400 | 14:30:04
[TRAIN] Step 265 | Loss=1.265639 | Best makespan in group=1814.00
[TRAIN] Step 266/400 | 14:31:00
[TRAIN] Step 266 | Loss=9.555741 | Best makespan in group=1440.00
[TRAIN] Step 267/400 | 14:31:56
[TRAIN] Step 267 | Loss=0.735817 | Best makespan in group=1620.00
[TRAIN] Step 268/400 | 14:33:07
[TRAIN] Step 268 | Loss=0.076416 | Best makespan in group=2166.00
[TRAIN] Step 269/400 | 14:34:13
[TRAIN] Step 269 | Loss=2.699135 | Best makespan in group=1892.00
[TRAIN] Step 270/400 | 14:35:09
[TRAIN] Step 270 | Loss=6.336768 | Best makespan in group=2148.00
[TRAIN] Step 271/400 | 14:36:22
[TRAIN] Step 271 | Loss=3.431956 | Best makespan in group=2008.00
[TRAIN] Step 272/400 | 14:37:29
[TRAIN] Step 272 | Loss=1.447186 | Best makespan in group=1120.00
[TRAIN] Step 273/400 | 14:38:23
[TRAIN] Step 273 | Loss=3.084815 | Best makespan in group=2304.00
[TRAIN] Step 274/400 | 14:39:25
[TRAIN] Step 274 | Loss=5.961994 | Best makespan in group=2450.00
[TRAIN] Step 275/400 | 14:40:30
[TRAIN] Step 275 | Loss=2.871995 | Best makespan in group=3028.00
[TRAIN] Step 276/400 | 14:41:48
[TRAIN] Step 276 | Loss=0.000124 | Best makespan in group=1656.00
[TRAIN] Step 277/400 | 14:42:49
[TRAIN] Step 277 | Loss=0.019805 | Best makespan in group=2010.00
[TRAIN] Step 278/400 | 14:43:44
[TRAIN] Step 278 | Loss=1.155444 | Best makespan in group=2041.00
[TRAIN] Step 279/400 | 14:44:55
[TRAIN] Step 279 | Loss=7.635390 | Best makespan in group=1574.00
[TRAIN] Step 280/400 | 14:46:04
[TRAIN] Step 280 | Loss=1.345395 | Best makespan in group=2690.00
[TRAIN][VAL][ep 280] avg_gap=0.0950 | std_gap=0.1191 | q80_gap=0.1729 | n=20
[TRAIN][VAL][ep 280] blocked_events=532 | swaps=35 in 13 instance(s)
[TRAIN] Step 281/400 | 14:47:37
[TRAIN] Step 281 | Loss=3.021606 | Best makespan in group=1786.00
[TRAIN] Step 282/400 | 14:48:50
[TRAIN] Step 282 | Loss=4.584101 | Best makespan in group=2102.00
[TRAIN] Step 283/400 | 14:49:49
[TRAIN] Step 283 | Loss=2.349036 | Best makespan in group=2134.00
[TRAIN] Step 284/400 | 14:50:51
[TRAIN] Step 284 | Loss=1.584895 | Best makespan in group=1739.00
[TRAIN] Step 285/400 | 14:52:09
[TRAIN] Step 285 | Loss=0.128626 | Best makespan in group=2092.00
[TRAIN] Step 286/400 | 14:53:17
[TRAIN] Step 286 | Loss=0.231852 | Best makespan in group=1544.00
[TRAIN] Step 287/400 | 14:54:39
[TRAIN] Step 287 | Loss=0.068192 | Best makespan in group=1926.00
[TRAIN] Step 288/400 | 14:55:48
[TRAIN] Step 288 | Loss=0.000637 | Best makespan in group=1830.00
[TRAIN] Step 289/400 | 14:56:42
[TRAIN] Step 289 | Loss=1.348451 | Best makespan in group=2150.00
[TRAIN] Step 290/400 | 14:57:53
[TRAIN] Step 290 | Loss=3.875262 | Best makespan in group=2278.00
[TRAIN] Step 291/400 | 14:59:04
[TRAIN] Step 291 | Loss=0.172922 | Best makespan in group=1364.00
[TRAIN] Step 292/400 | 14:59:57
[TRAIN] Step 292 | Loss=1.654546 | Best makespan in group=2276.00
[TRAIN] Step 293/400 | 15:01:06
[TRAIN] Step 293 | Loss=2.029074 | Best makespan in group=2527.00
[TRAIN] Step 294/400 | 15:02:10
[TRAIN] Step 294 | Loss=4.684861 | Best makespan in group=2333.00
[TRAIN] Step 295/400 | 15:03:26
[TRAIN] Step 295 | Loss=0.062859 | Best makespan in group=1792.00
[TRAIN] Step 296/400 | 15:04:18
[TRAIN] Step 296 | Loss=9.940914 | Best makespan in group=1536.00
[TRAIN] Step 297/400 | 15:05:32
[TRAIN] Step 297 | Loss=0.997510 | Best makespan in group=1212.00
[TRAIN] Step 298/400 | 15:06:38
[TRAIN] Step 298 | Loss=0.530921 | Best makespan in group=2006.00
[TRAIN] Step 299/400 | 15:07:42
[TRAIN] Step 299 | Loss=2.603545 | Best makespan in group=1210.00
[TRAIN] Step 300/400 | 15:08:43
[TRAIN] Step 300 | Loss=6.132990 | Best makespan in group=2095.00
[TRAIN][VAL][ep 300] avg_gap=0.1005 | std_gap=0.0858 | q80_gap=0.1591 | n=20
[TRAIN][VAL][ep 300] blocked_events=555 | swaps=33 in 15 instance(s)
[TRAIN] Step 301/400 | 15:10:18
[TRAIN] Step 301 | Loss=0.004390 | Best makespan in group=2048.00
[TRAIN] Step 302/400 | 15:11:31
[TRAIN] Step 302 | Loss=5.058601 | Best makespan in group=2202.00
[TRAIN] Step 303/400 | 15:12:35
[TRAIN] Step 303 | Loss=1.066019 | Best makespan in group=2076.00
[TRAIN] Step 304/400 | 15:13:57
[TRAIN] Step 304 | Loss=5.164377 | Best makespan in group=1875.00
[TRAIN] Step 305/400 | 15:15:00
[TRAIN] Step 305 | Loss=2.956146 | Best makespan in group=3164.00
[TRAIN] Step 306/400 | 15:16:24
[TRAIN] Step 306 | Loss=0.022939 | Best makespan in group=1520.00
[TRAIN] Step 307/400 | 15:17:18
[TRAIN] Step 307 | Loss=1.091110 | Best makespan in group=1524.00
[TRAIN] Step 308/400 | 15:18:15
[TRAIN] Step 308 | Loss=0.001422 | Best makespan in group=2376.00
[TRAIN] Step 309/400 | 15:19:30
[TRAIN] Step 309 | Loss=0.003872 | Best makespan in group=1325.00
[TRAIN] Step 310/400 | 15:20:36
[TRAIN] Step 310 | Loss=0.464063 | Best makespan in group=2180.00
[TRAIN] Step 311/400 | 15:21:43
[TRAIN] Step 311 | Loss=0.924921 | Best makespan in group=1160.00
[TRAIN] Step 312/400 | 15:22:36
[TRAIN] Step 312 | Loss=10.580634 | Best makespan in group=2407.00
[TRAIN] Step 313/400 | 15:23:34
[TRAIN] Step 313 | Loss=0.729543 | Best makespan in group=1364.00
[TRAIN] Step 314/400 | 15:24:25
[TRAIN] Step 314 | Loss=2.633956 | Best makespan in group=2394.00
[TRAIN] Step 315/400 | 15:25:22
[TRAIN] Step 315 | Loss=6.759876 | Best makespan in group=2198.00
[TRAIN] Step 316/400 | 15:26:42
[TRAIN] Step 316 | Loss=0.029837 | Best makespan in group=1460.00
[TRAIN] Step 317/400 | 15:27:57
[TRAIN] Step 317 | Loss=0.000251 | Best makespan in group=1830.00
[TRAIN] Step 318/400 | 15:28:52
[TRAIN] Step 318 | Loss=5.175684 | Best makespan in group=1888.00
[TRAIN] Step 319/400 | 15:30:09
[TRAIN] Step 319 | Loss=3.193016 | Best makespan in group=1992.00
[TRAIN] Step 320/400 | 15:31:21
[TRAIN] Step 320 | Loss=0.673514 | Best makespan in group=2034.00
[TRAIN][VAL][ep 320] avg_gap=0.1038 | std_gap=0.1164 | q80_gap=0.1569 | n=20
[TRAIN][VAL][ep 320] blocked_events=555 | swaps=37 in 12 instance(s)
[TRAIN] Step 321/400 | 15:32:51
[TRAIN] Step 321 | Loss=0.865029 | Best makespan in group=1620.00
[TRAIN] Step 322/400 | 15:33:59
[TRAIN] Step 322 | Loss=0.807445 | Best makespan in group=1824.00
[TRAIN] Step 323/400 | 15:35:02
[TRAIN] Step 323 | Loss=0.583444 | Best makespan in group=1900.00
[TRAIN] Step 324/400 | 15:36:01
[TRAIN] Step 324 | Loss=0.002293 | Best makespan in group=1120.00
[TRAIN] Step 325/400 | 15:36:52
[TRAIN] Step 325 | Loss=0.058743 | Best makespan in group=1786.00
[TRAIN] Step 326/400 | 15:38:06
[TRAIN] Step 326 | Loss=1.658307 | Best makespan in group=1688.00
[TRAIN] Step 327/400 | 15:39:18
[TRAIN] Step 327 | Loss=0.614468 | Best makespan in group=1966.00
[TRAIN] Step 328/400 | 15:40:39
[TRAIN] Step 328 | Loss=13.901220 | Best makespan in group=2275.00
[TRAIN] Step 329/400 | 15:42:00
[TRAIN] Step 329 | Loss=0.867103 | Best makespan in group=1776.00
[TRAIN] Step 330/400 | 15:43:28
[TRAIN] Step 330 | Loss=0.777936 | Best makespan in group=1334.00
[TRAIN] Step 331/400 | 15:44:24
[TRAIN] Step 331 | Loss=0.000484 | Best makespan in group=1078.00
[TRAIN] Step 332/400 | 15:45:32
[TRAIN] Step 332 | Loss=0.239857 | Best makespan in group=1520.00
[TRAIN] Step 333/400 | 15:46:37
[TRAIN] Step 333 | Loss=0.040764 | Best makespan in group=1926.00
[TRAIN] Step 334/400 | 15:48:03
[TRAIN] Step 334 | Loss=0.000004 | Best makespan in group=1212.00
[TRAIN] Step 335/400 | 15:49:25
[TRAIN] Step 335 | Loss=0.001119 | Best makespan in group=1734.00
[TRAIN] Step 336/400 | 15:50:38
[TRAIN] Step 336 | Loss=0.790981 | Best makespan in group=1882.00
[TRAIN] Step 337/400 | 15:51:38
[TRAIN] Step 337 | Loss=0.000109 | Best makespan in group=1446.00
[TRAIN] Step 338/400 | 15:52:49
[TRAIN] Step 338 | Loss=2.230763 | Best makespan in group=729.00
[TRAIN] Step 339/400 | 15:53:47
[TRAIN] Step 339 | Loss=0.022241 | Best makespan in group=2394.00
[TRAIN] Step 340/400 | 15:55:05
[TRAIN] Step 340 | Loss=1.096506 | Best makespan in group=1855.00
[TRAIN][VAL][ep 340] avg_gap=0.1126 | std_gap=0.1139 | q80_gap=0.1591 | n=20
[TRAIN][VAL][ep 340] blocked_events=556 | swaps=40 in 15 instance(s)
[TRAIN] Step 341/400 | 15:57:06
[TRAIN] Step 341 | Loss=0.496810 | Best makespan in group=1142.00
[TRAIN] Step 342/400 | 15:58:06
[TRAIN] Step 342 | Loss=0.474839 | Best makespan in group=1856.00
[TRAIN] Step 343/400 | 15:59:19
[TRAIN] Step 343 | Loss=0.023488 | Best makespan in group=1246.00
[TRAIN] Step 344/400 | 16:00:15
[TRAIN] Step 344 | Loss=0.167998 | Best makespan in group=1254.00
[TRAIN] Step 345/400 | 16:01:24
[TRAIN] Step 345 | Loss=0.008581 | Best makespan in group=1888.00
[TRAIN] Step 346/400 | 16:02:58
[TRAIN] Step 346 | Loss=3.085377 | Best makespan in group=1990.00
[TRAIN] Step 347/400 | 16:04:24
[TRAIN] Step 347 | Loss=0.073068 | Best makespan in group=1132.00
[TRAIN] Step 348/400 | 16:05:56
[TRAIN] Step 348 | Loss=0.238206 | Best makespan in group=2004.00
[TRAIN] Step 349/400 | 16:07:10
[TRAIN] Step 349 | Loss=0.000589 | Best makespan in group=1768.00
[TRAIN] Step 350/400 | 16:08:06
[TRAIN] Step 350 | Loss=0.381858 | Best makespan in group=1960.00
[TRAIN] Step 351/400 | 16:09:17
[TRAIN] Step 351 | Loss=0.001971 | Best makespan in group=1136.00
[TRAIN] Step 352/400 | 16:10:29
[TRAIN] Step 352 | Loss=0.035742 | Best makespan in group=1792.00
[TRAIN] Step 353/400 | 16:11:33
[TRAIN] Step 353 | Loss=0.000511 | Best makespan in group=1452.00
[TRAIN] Step 354/400 | 16:12:42
[TRAIN] Step 354 | Loss=0.636363 | Best makespan in group=1614.00
[TRAIN] Step 355/400 | 16:13:56
[TRAIN] Step 355 | Loss=0.005559 | Best makespan in group=2006.00
[TRAIN] Step 356/400 | 16:15:07
[TRAIN] Step 356 | Loss=0.195152 | Best makespan in group=1616.00
[TRAIN] Step 357/400 | 16:16:16
[TRAIN] Step 357 | Loss=0.287711 | Best makespan in group=2092.00
[TRAIN] Step 358/400 | 16:17:32
[TRAIN] Step 358 | Loss=3.703039 | Best makespan in group=2611.00
[TRAIN] Step 359/400 | 16:18:54
[TRAIN] Step 359 | Loss=0.000499 | Best makespan in group=1758.00
[TRAIN] Step 360/400 | 16:19:54
[TRAIN] Step 360 | Loss=1.619915 | Best makespan in group=2456.00
[TRAIN][VAL][ep 360] avg_gap=0.1126 | std_gap=0.1139 | q80_gap=0.1591 | n=20
[TRAIN][VAL][ep 360] blocked_events=556 | swaps=40 in 15 instance(s)
[TRAIN] Step 361/400 | 16:21:57
[TRAIN] Step 361 | Loss=0.003374 | Best makespan in group=2150.00
[TRAIN] Step 362/400 | 16:23:17
[TRAIN] Step 362 | Loss=0.049950 | Best makespan in group=2008.00
[TRAIN] Step 363/400 | 16:24:37
[TRAIN] Step 363 | Loss=1.623077 | Best makespan in group=1892.00
[TRAIN] Step 364/400 | 16:25:39
[TRAIN] Step 364 | Loss=0.017105 | Best makespan in group=2678.00
[TRAIN] Step 365/400 | 16:26:53
[TRAIN] Step 365 | Loss=1.561143 | Best makespan in group=1872.00
[TRAIN] Step 366/400 | 16:27:51
[TRAIN] Step 366 | Loss=1.834974 | Best makespan in group=1558.00
[TRAIN] Step 367/400 | 16:28:45
[TRAIN] Step 367 | Loss=4.402611 | Best makespan in group=2162.00
[TRAIN] Step 368/400 | 16:29:58
[TRAIN] Step 368 | Loss=1.535294 | Best makespan in group=2092.00
[TRAIN] Step 369/400 | 16:31:10
[TRAIN] Step 369 | Loss=0.233204 | Best makespan in group=3028.00
[TRAIN] Step 370/400 | 16:32:42
[TRAIN] Step 370 | Loss=0.239213 | Best makespan in group=1544.00
[TRAIN] Step 371/400 | 16:34:11
[TRAIN] Step 371 | Loss=0.000243 | Best makespan in group=1670.00
[TRAIN] Step 372/400 | 16:35:17
[TRAIN] Step 372 | Loss=0.000287 | Best makespan in group=1656.00
[TRAIN] Step 373/400 | 16:36:25
[TRAIN] Step 373 | Loss=0.000055 | Best makespan in group=1782.00
[TRAIN] Step 374/400 | 16:37:48
[TRAIN] Step 374 | Loss=8.750260 | Best makespan in group=2690.00
[TRAIN] Step 375/400 | 16:38:58
[TRAIN] Step 375 | Loss=0.304664 | Best makespan in group=1154.00
[TRAIN] Step 376/400 | 16:39:57
[TRAIN] Step 376 | Loss=1.466280 | Best makespan in group=1763.00
[TRAIN] Step 377/400 | 16:40:57
[TRAIN] Step 377 | Loss=4.416290 | Best makespan in group=2443.00
[TRAIN] Step 378/400 | 16:42:03
[TRAIN] Step 378 | Loss=0.003797 | Best makespan in group=1754.00
[TRAIN] Step 379/400 | 16:43:04
[TRAIN] Step 379 | Loss=6.087127 | Best makespan in group=2304.00
[TRAIN] Step 380/400 | 16:44:09
[TRAIN] Step 380 | Loss=1.579033 | Best makespan in group=2190.00
[TRAIN][VAL][ep 380] avg_gap=0.0939 | std_gap=0.1146 | q80_gap=0.1552 | n=20
[TRAIN][VAL][ep 380] blocked_events=541 | swaps=33 in 13 instance(s)
[TRAIN] Step 381/400 | 16:45:58
[TRAIN] Step 381 | Loss=3.730382 | Best makespan in group=1212.00
[TRAIN] Step 382/400 | 16:47:04
[TRAIN] Step 382 | Loss=4.047721 | Best makespan in group=1786.00
[TRAIN] Step 383/400 | 16:48:19
[TRAIN] Step 383 | Loss=1.051394 | Best makespan in group=2278.00
[TRAIN] Step 384/400 | 16:49:31
[TRAIN] Step 384 | Loss=0.123425 | Best makespan in group=2010.00
[TRAIN] Step 385/400 | 16:50:28
[TRAIN] Step 385 | Loss=3.132027 | Best makespan in group=1461.00
[TRAIN] Step 386/400 | 16:51:33
[TRAIN] Step 386 | Loss=0.042878 | Best makespan in group=1772.00
[TRAIN] Step 387/400 | 16:52:35
[TRAIN] Step 387 | Loss=4.252130 | Best makespan in group=2059.00
[TRAIN] Step 388/400 | 16:53:57
[TRAIN] Step 388 | Loss=0.152637 | Best makespan in group=1756.00
[TRAIN] Step 389/400 | 16:54:53
[TRAIN] Step 389 | Loss=9.966175 | Best makespan in group=2450.00
[TRAIN] Step 390/400 | 16:55:56
[TRAIN] Step 390 | Loss=6.659509 | Best makespan in group=2303.00
[TRAIN] Step 391/400 | 16:57:15
[TRAIN] Step 391 | Loss=0.106807 | Best makespan in group=1814.00
[TRAIN] Step 392/400 | 16:58:15
[TRAIN] Step 392 | Loss=0.972439 | Best makespan in group=1536.00
[TRAIN] Step 393/400 | 16:59:28
[TRAIN] Step 393 | Loss=0.004569 | Best makespan in group=2678.00
[TRAIN] Step 394/400 | 17:00:26
[TRAIN] Step 394 | Loss=5.240764 | Best makespan in group=2276.00
[TRAIN] Step 395/400 | 17:01:38
[TRAIN] Step 395 | Loss=0.469558 | Best makespan in group=2278.00
[TRAIN] Step 396/400 | 17:02:40
[TRAIN] Step 396 | Loss=0.539161 | Best makespan in group=2134.00
[TRAIN] Step 397/400 | 17:03:41
[TRAIN] Step 397 | Loss=1.103665 | Best makespan in group=2566.00
[TRAIN] Step 398/400 | 17:04:47
[TRAIN] Step 398 | Loss=1.273576 | Best makespan in group=1440.00
[TRAIN] Step 399/400 | 17:05:42
[TRAIN] Step 399 | Loss=4.750630 | Best makespan in group=2102.00
[TRAIN] Step 400/400 | 17:06:38
[TRAIN] Step 400 | Loss=0.003488 | Best makespan in group=1582.00
[TRAIN][VAL][ep 400] avg_gap=0.0948 | std_gap=0.0832 | q80_gap=0.1552 | n=20
[TRAIN][VAL][ep 400] blocked_events=539 | swaps=33 in 14 instance(s)
[TRAIN] Evaluating best checkpoint (candidate_models\blocking\477782964131276.pth) on the held-out test split...
[TRAIN][TEST] avg_gap=0.0995 | std_gap=0.1115 | q80_gap=0.1911 | n=20
[TRAIN][TEST] blocked_events=445 | swaps=20 in 9 instance(s)
[TRAIN][17:08:36] Training ended. Validation history and plots updated.
[MAIN] Run finished at 2026-10-08 17:08:36
============================================================
=== [B] exit code 0 | 2026-10-08 17:08:38 ===
=== [B] LANE DONE | 2026-10-08 17:08:38 ===
