C:\Users\maria\Desktop\dissertation-bopo_introduction\.venv\Lib\site-packages\torch\jit\_script.py:1491: FutureWarning: `torch.jit.script` is deprecated. Please switch to `torch.compile` or `torch.export`.
  warnings.warn(
[EVAL] T0: 919325267709595.pth on test_dataset (40 instances) ...
[EVAL] T1: 938170885531610.pth on test_dataset (40 instances) ...
[EVAL] T2: 395743532226523.pth on test_dataset (40 instances) ...
[EVAL] T3: 37276962955561.pth on test_dataset (40 instances) ...
[EVAL] T4: 454674822147248.pth on test_dataset (40 instances) ...
[EVAL] T5: 864118998129655.pth on test_dataset (40 instances) ...
[EVAL] T8: 586618028367877.pth on test_dataset (40 instances) ...
[EVAL] T9: 483783179050747.pth on test_dataset (40 instances) ...
[EVAL] T10: 448058714343187.pth on test_dataset (40 instances) ...
[EVAL] T11: 572657104396319.pth on test_dataset (40 instances) ...
 trial  objective_last_val_q80  n_cases  batch_size        lr  hidden_channels  K  use_greedy  sel_k  best_val_avg_gap  test_avg_gap  test_q80_gap  runtime_min  eval_relative_error  eval_scheduling_score  eval_feasibility_rate
     5                  0.1259       40          64  0.004707              128 64       False      1           0.09476       0.09819        0.1332         54.7              0.09819                 0.9118                      1
     3                  0.1419       40          64  0.003293              256 64        True      1            0.1177        0.1338        0.1985         83.7               0.1338                 0.8844                      1
    11                  0.1789       80         128  0.001105              128 32       False      1            0.1548        0.1361        0.1785         67.7               0.1361                 0.8825                      1
     4                  0.4886       40         128 7.515e-05              128 64       False      1            0.4667        0.4312         0.602        89.95               0.4312                 0.7079                      1
     0                  0.7086       80          64 0.0001026              128 32        True      1            0.6346        0.5873         0.735        42.55               0.5873                 0.6389                      1
     8                  0.9395       80         128 0.0002256              128 32        True      1            0.8625        0.8211        0.9671        70.04               0.8211                 0.5583                      1
    10                   1.136       80          64  5.12e-05              128 64       False      1            0.9196         1.018         1.255        47.35                1.018                 0.5016                      1
     9                   1.239       80         128 0.0002144              256 64       False     10            0.9957         1.078         1.323        99.87                1.078                 0.5108                      1
     1                   1.871       40         128 0.0005604              128 32       False     10             1.092         1.164         2.006        72.11                1.164                 0.5516                      1
     2                   2.442       80          64 0.0008205              128 64        True     10              1.28          1.08         1.535        51.52                 1.08                 0.5627                      1

10 trials, 36 figures -> C:\Users\maria\Desktop\dissertation-bopo_introduction\results\compare_optuna_gat_L2_oldloss
