C:\Users\maria\Desktop\dissertation-bopo_introduction\.venv\Lib\site-packages\torch\jit\_script.py:1491: FutureWarning: `torch.jit.script` is deprecated. Please switch to `torch.compile` or `torch.export`.
  warnings.warn(
============================================================
[MAIN] Run started at 2026-09-29 13:42:20
[MAIN] mode=optuna
[MAIN] run_name=optuna_blocking_e30
[MAIN] representation(s)=['ojmb', 'ojmd', 'ojm_blk']
[MAIN] gnn_type=gat
[MAIN] overrides={'num_layers': 2}
============================================================
======================================================================
[PARAM] Hyperparameter tuning runner (Optuna)
[PARAM] Representations : ['OJMB', 'OJMD', 'OJM_BLK']
[PARAM] Trials          : 10
[PARAM] Max episodes    : 30
[PARAM] Objective       : min(last_val_gap_Q80)
[PARAM] Storage         : optuna_blocking_e30.log
======================================================================
[I 2026-09-29 13:42:20,482] A new study created in Journal with name: fjsp_tuning_ojmb_L2
[PARAM] Starting Optuna study for OJMB | gnn_type=gat | study_name=fjsp_tuning_ojmb_L2 | trials=10 | overrides={'num_layers': 2} | max_episodes=30 | objective=min(last_val_gap_Q80)
[PARAM] Critical params (OJMB): ['lr', 'hidden_channels', 'batch_size', 'num_layers', 'heads', 'n_cases', 'new_freq', 'K', 'use_greedy', 'mask_option', 'sel_k']
[PARAM][OJMB] Trial 0 | gnn_type=gat | episodes=30 | lr=1.03e-04 | hidden=128 | layers=2 | heads=3 | K=32 | use_greedy=True | tf=10
============================================================
[TRAIN] Training started at: 2026-09-29 13:42:20
[TRAIN] Hyperparams | max_steps=30 | new_freq=100
[TRAIN]             | n_cases=80 | B=64 | K=32 | use_greedy=True | lr=0.00010256691315437255 (decaying to 2.05e-05)
[TRAIN]             | warm_start_steps=100 | checkpoint_smooth_window=3 | seed=None
[TRAIN]             | hidden_channels=128 | num_layers=2 | heads=3
[TRAIN]             | logp_norm=mean | exclude_greedy_from_loss=True
[TRAIN] Representation | ojmb | GNN | gat | jm_design | baseline
[TRAIN] Problem size | jobs=[8,10] | machines=[5,10] | ops_per_job=[5,6] | max_proc=350
============================================================
[TRAIN] Output run folder: results\blocking\optuna_ojmb_gat_L2_1790685740\trial_0
[VALIDATION] Note: using the existing fixed validation dataset at val/validation_dataset_blocking.json (20 instances) - the requested sample_size=30 is ignored so every run stays comparable. Delete val/validation_dataset_blocking.json (and its paired val/test_dataset_blocking.json) to regenerate both splits at a new size.
[TRAIN] Validation config | every=10 steps | instances=20 (representative subset)
[TRAIN] Blocking setting | buffers in=2 out=1 | instances={'range_jobs': (12, 15), 'range_machines': (4, 6), 'range_op_per_job': (5, 6), 'max_processing': 100, 'mas_per_ope_max': 3, 'n_bottlenecks': 1, 'bottleneck_prob': 0.7, 'bottleneck_factor': 2.0}
[TRAIN] Warm-start (behavior cloning vs. dispatch heuristic) | 100 step(s)...
[TRAIN][WARMSTART] step 5/100 | instance=57 | bc_loss=1.6357 | decisions=33
[TRAIN][WARMSTART] step 10/100 | instance=43 | bc_loss=1.7641 | decisions=30
[TRAIN][WARMSTART] step 15/100 | instance=55 | bc_loss=1.5085 | decisions=37
[TRAIN][WARMSTART] step 20/100 | instance=21 | bc_loss=1.6170 | decisions=33
[TRAIN][WARMSTART] step 25/100 | instance=44 | bc_loss=1.4950 | decisions=34
[TRAIN][WARMSTART] step 30/100 | instance=73 | bc_loss=1.5257 | decisions=32
[TRAIN][WARMSTART] step 35/100 | instance=5 | bc_loss=1.6738 | decisions=39
[TRAIN][WARMSTART] step 40/100 | instance=47 | bc_loss=1.5359 | decisions=44
[TRAIN][WARMSTART] step 45/100 | instance=4 | bc_loss=1.2990 | decisions=27
[TRAIN][WARMSTART] step 50/100 | instance=44 | bc_loss=1.4740 | decisions=34
[TRAIN][WARMSTART] step 55/100 | instance=2 | bc_loss=1.1947 | decisions=30
[TRAIN][WARMSTART] step 60/100 | instance=45 | bc_loss=1.3901 | decisions=36
[TRAIN][WARMSTART] step 65/100 | instance=35 | bc_loss=1.2715 | decisions=27
[TRAIN][WARMSTART] step 70/100 | instance=73 | bc_loss=1.4658 | decisions=32
[TRAIN][WARMSTART] step 75/100 | instance=55 | bc_loss=1.4311 | decisions=37
[TRAIN][WARMSTART] step 80/100 | instance=11 | bc_loss=1.5355 | decisions=23
[TRAIN][WARMSTART] step 85/100 | instance=35 | bc_loss=1.2110 | decisions=27
[TRAIN][WARMSTART] step 90/100 | instance=17 | bc_loss=1.6149 | decisions=28
[TRAIN][WARMSTART] step 95/100 | instance=68 | bc_loss=1.3610 | decisions=33
[TRAIN][WARMSTART] step 100/100 | instance=39 | bc_loss=1.3505 | decisions=33
[TRAIN] Warm-start complete, switching to BOPO preference optimization.
------------------------------------------------------------
[TRAIN] BOPO agent ready. Starting training loop for 30 step(s)...
------------------------------------------------------------
[TRAIN] Step 1/30 | 13:47:54
