C:\Users\maria\Desktop\dissertation-bopo_introduction\.venv\Lib\site-packages\torch\jit\_script.py:1491: FutureWarning: `torch.jit.script` is deprecated. Please switch to `torch.compile` or `torch.export`.
  warnings.warn(
============================================================
[MAIN] Run started at 2026-09-26 12:20:12
[MAIN] mode=train
[MAIN] run_name=train_sel-k100_400_gin
[MAIN] representation(s)=['oo', 'om', 'ojm']
[MAIN] gnn_type=gin
============================================================
[MAIN] Training representation=oo | run_name=train_sel-k100_400_gin_oo | gnn_type=gin
============================================================
[TRAIN] Training started at: 2026-09-26 12:20:12
[TRAIN] Hyperparams | max_steps=100 | new_freq=500
[TRAIN]             | n_cases=100 | B=64 | K=16 | use_greedy=True | lr=0.0005 (decaying to 1.00e-04)
[TRAIN]             | warm_start_steps=200 | checkpoint_smooth_window=3 | seed=None
[TRAIN]             | hidden_channels=128 | num_layers=3 | heads=3
[TRAIN]             | logp_norm=mean | exclude_greedy_from_loss=True
[TRAIN] Representation | oo | GNN | gin | jm_design | baseline
[TRAIN] Problem size | jobs=[8,10] | machines=[5,10] | ops_per_job=[5,6] | max_proc=100
============================================================
[TRAIN] Output run folder: results\train_sel-k100_400_gin_oo
[VALIDATION] Note: using the existing fixed validation dataset at val/validation_dataset.json (40 instances) - the requested sample_size=20 is ignored so every run stays comparable. Delete val/validation_dataset.json (and its paired val/test_dataset.json) to regenerate both splits at a new size.
[TRAIN] Validation config | every=20 steps | instances=40 (representative subset)
[TRAIN] Warm-start (behavior cloning vs. dispatch heuristic) | 200 step(s)...
[TRAIN][WARMSTART] step 10/200 | instance=73 | bc_loss=1.9683 | decisions=52
[TRAIN][WARMSTART] step 20/200 | instance=31 | bc_loss=1.9627 | decisions=53
[TRAIN][WARMSTART] step 30/200 | instance=49 | bc_loss=1.7215 | decisions=41
[TRAIN][WARMSTART] step 40/200 | instance=43 | bc_loss=1.8146 | decisions=47
[TRAIN][WARMSTART] step 50/200 | instance=92 | bc_loss=1.6998 | decisions=50
[TRAIN][WARMSTART] step 60/200 | instance=12 | bc_loss=1.6935 | decisions=42
[TRAIN][WARMSTART] step 70/200 | instance=38 | bc_loss=1.6179 | decisions=44
[TRAIN][WARMSTART] step 80/200 | instance=32 | bc_loss=1.5110 | decisions=56
[TRAIN][WARMSTART] step 90/200 | instance=24 | bc_loss=1.2307 | decisions=43
[TRAIN][WARMSTART] step 100/200 | instance=27 | bc_loss=1.5265 | decisions=54
[TRAIN][WARMSTART] step 110/200 | instance=50 | bc_loss=1.5415 | decisions=54
[TRAIN][WARMSTART] step 120/200 | instance=0 | bc_loss=1.2093 | decisions=42
[TRAIN][WARMSTART] step 130/200 | instance=97 | bc_loss=0.8719 | decisions=43
[TRAIN][WARMSTART] step 140/200 | instance=77 | bc_loss=1.3279 | decisions=47
[TRAIN][WARMSTART] step 150/200 | instance=5 | bc_loss=1.4057 | decisions=55
[TRAIN][WARMSTART] step 160/200 | instance=16 | bc_loss=0.6183 | decisions=42
[TRAIN][WARMSTART] step 170/200 | instance=56 | bc_loss=0.6685 | decisions=54
[TRAIN][WARMSTART] step 180/200 | instance=53 | bc_loss=0.7621 | decisions=50
[TRAIN][WARMSTART] step 190/200 | instance=96 | bc_loss=0.7680 | decisions=49
[TRAIN][WARMSTART] step 200/200 | instance=72 | bc_loss=0.7824 | decisions=52
[TRAIN] Warm-start complete, switching to BOPO preference optimization.
------------------------------------------------------------
[TRAIN] BOPO agent ready. Starting training loop for 100 step(s)...
------------------------------------------------------------
[TRAIN] Step 1/100 | 12:23:37
[TRAIN] Step 1 | Loss=0.661911 | Best makespan in group=434.00
[TRAIN] Step 2/100 | 12:24:19
[TRAIN] Step 2 | Loss=0.689051 | Best makespan in group=439.00
[TRAIN] Step 3/100 | 12:24:41
[TRAIN] Step 3 | Loss=0.661492 | Best makespan in group=370.00
[TRAIN] Step 4/100 | 12:25:02
[TRAIN] Step 4 | Loss=0.743708 | Best makespan in group=320.00
[TRAIN] Step 5/100 | 12:25:23
[TRAIN] Step 5 | Loss=0.716945 | Best makespan in group=513.00
[TRAIN] Step 6/100 | 12:25:47
[TRAIN] Step 6 | Loss=0.695706 | Best makespan in group=586.00
[TRAIN] Step 7/100 | 12:26:17
[TRAIN] Step 7 | Loss=0.668751 | Best makespan in group=269.00
[TRAIN] Step 8/100 | 12:26:37
[TRAIN] Step 8 | Loss=0.624079 | Best makespan in group=571.00
[TRAIN] Step 9/100 | 12:27:03
[TRAIN] Step 9 | Loss=0.650354 | Best makespan in group=360.00
[TRAIN] Step 10/100 | 12:27:22
[TRAIN] Step 10 | Loss=0.601059 | Best makespan in group=351.00
[TRAIN] Step 11/100 | 12:27:47
[TRAIN] Step 11 | Loss=0.620210 | Best makespan in group=390.00
[TRAIN] Step 12/100 | 12:28:11
[TRAIN] Step 12 | Loss=0.688687 | Best makespan in group=445.00
[TRAIN] Step 13/100 | 12:28:41
[TRAIN] Step 13 | Loss=0.763323 | Best makespan in group=600.00
[TRAIN] Step 14/100 | 12:29:11
[TRAIN] Step 14 | Loss=0.738638 | Best makespan in group=412.00
[TRAIN] Step 15/100 | 12:29:30
[TRAIN] Step 15 | Loss=0.699707 | Best makespan in group=484.00
[TRAIN] Step 16/100 | 12:29:53
[TRAIN] Step 16 | Loss=0.826711 | Best makespan in group=350.00
[TRAIN] Step 17/100 | 12:30:13
[TRAIN] Step 17 | Loss=0.713197 | Best makespan in group=488.00
[TRAIN] Step 18/100 | 12:30:38
[TRAIN] Step 18 | Loss=0.738212 | Best makespan in group=428.00
[TRAIN] Step 19/100 | 12:31:02
[TRAIN] Step 19 | Loss=0.698352 | Best makespan in group=374.00
[TRAIN] Step 20/100 | 12:31:27
[TRAIN] Step 20 | Loss=0.827486 | Best makespan in group=374.00
[TRAIN][VAL][ep 20] avg_gap=0.1661 | std_gap=0.0802 | q80_gap=0.2219 | n=40
[TRAIN] Validation improved | smoothed_avg_gap=0.1661 (raw=0.1661) | saving candidate: 952256141097212.pth
[TRAIN] Step 21/100 | 12:32:27
[TRAIN] Step 21 | Loss=0.700175 | Best makespan in group=372.00
[TRAIN] Step 22/100 | 12:32:47
[TRAIN] Step 22 | Loss=0.750419 | Best makespan in group=585.00
[TRAIN] Step 23/100 | 12:33:16
[TRAIN] Step 23 | Loss=0.764686 | Best makespan in group=514.00
[TRAIN] Step 24/100 | 12:33:47
[TRAIN] Step 24 | Loss=0.741924 | Best makespan in group=602.00
[TRAIN] Step 25/100 | 12:34:19
[TRAIN] Step 25 | Loss=0.737817 | Best makespan in group=397.00
[TRAIN] Step 26/100 | 12:34:49
[TRAIN] Step 26 | Loss=0.777415 | Best makespan in group=356.00
[TRAIN] Step 27/100 | 12:35:12
[TRAIN] Step 27 | Loss=0.645880 | Best makespan in group=642.00
[TRAIN] Step 28/100 | 12:35:36
[TRAIN] Step 28 | Loss=0.715803 | Best makespan in group=432.00
[TRAIN] Step 29/100 | 12:36:01
[TRAIN] Step 29 | Loss=0.631591 | Best makespan in group=415.00
[TRAIN] Step 30/100 | 12:36:31
[TRAIN] Step 30 | Loss=0.616010 | Best makespan in group=369.00
[TRAIN] Step 31/100 | 12:36:55
[TRAIN] Step 31 | Loss=0.678916 | Best makespan in group=355.00
[TRAIN] Step 32/100 | 12:37:20
[TRAIN] Step 32 | Loss=0.621489 | Best makespan in group=390.00
[TRAIN] Step 33/100 | 12:37:47
[TRAIN] Step 33 | Loss=0.724644 | Best makespan in group=370.00
[TRAIN] Step 34/100 | 12:38:16
[TRAIN] Step 34 | Loss=0.639942 | Best makespan in group=356.00
[TRAIN] Step 35/100 | 12:38:37
[TRAIN] Step 35 | Loss=0.766580 | Best makespan in group=478.00
[TRAIN] Step 36/100 | 12:38:57
[TRAIN] Step 36 | Loss=0.682548 | Best makespan in group=381.00
[TRAIN] Step 37/100 | 12:39:15
[TRAIN] Step 37 | Loss=0.708233 | Best makespan in group=659.00
[TRAIN] Step 38/100 | 12:39:47
[TRAIN] Step 38 | Loss=0.683602 | Best makespan in group=361.00
[TRAIN] Step 39/100 | 12:40:11
[TRAIN] Step 39 | Loss=0.703862 | Best makespan in group=485.00
[TRAIN] Step 40/100 | 12:40:36
[TRAIN] Step 40 | Loss=0.682411 | Best makespan in group=524.00
[TRAIN][VAL][ep 40] avg_gap=0.1341 | std_gap=0.0649 | q80_gap=0.1894 | n=40
[TRAIN] Validation improved | smoothed_avg_gap=0.1501 (raw=0.1341) | saving candidate: 961533974316004.pth
[TRAIN] Step 41/100 | 12:41:33
[TRAIN] Step 41 | Loss=0.638300 | Best makespan in group=506.00
[TRAIN] Step 42/100 | 12:42:07
[TRAIN] Step 42 | Loss=0.732855 | Best makespan in group=555.00
[TRAIN] Step 43/100 | 12:42:37
[TRAIN] Step 43 | Loss=0.684294 | Best makespan in group=385.00
[TRAIN] Step 44/100 | 12:43:07
[TRAIN] Step 44 | Loss=0.680476 | Best makespan in group=398.00
[TRAIN] Step 45/100 | 12:43:26
[TRAIN] Step 45 | Loss=0.772950 | Best makespan in group=320.00
[TRAIN] Step 46/100 | 12:43:44
[TRAIN] Step 46 | Loss=0.722218 | Best makespan in group=336.00
[TRAIN] Step 47/100 | 12:44:09
[TRAIN] Step 47 | Loss=0.683475 | Best makespan in group=503.00
[TRAIN] Step 48/100 | 12:44:33
[TRAIN] Step 48 | Loss=0.672907 | Best makespan in group=441.00
[TRAIN] Step 49/100 | 12:44:54
[TRAIN] Step 49 | Loss=0.681790 | Best makespan in group=380.00
[TRAIN] Step 50/100 | 12:45:26
[TRAIN] Step 50 | Loss=0.695787 | Best makespan in group=377.00
[TRAIN] Step 51/100 | 12:45:57
[TRAIN] Step 51 | Loss=0.716804 | Best makespan in group=427.00
[TRAIN] Step 52/100 | 12:46:16
[TRAIN] Step 52 | Loss=0.738403 | Best makespan in group=462.00
[TRAIN] Step 53/100 | 12:46:46
[TRAIN] Step 53 | Loss=0.675631 | Best makespan in group=394.00
[TRAIN] Step 54/100 | 12:47:05
[TRAIN] Step 54 | Loss=0.719909 | Best makespan in group=547.00
[TRAIN] Step 55/100 | 12:47:24
[TRAIN] Step 55 | Loss=0.758821 | Best makespan in group=424.00
[TRAIN] Step 56/100 | 12:47:49
[TRAIN] Step 56 | Loss=0.718740 | Best makespan in group=347.00
[TRAIN] Step 57/100 | 12:48:09
[TRAIN] Step 57 | Loss=0.756496 | Best makespan in group=381.00
[TRAIN] Step 58/100 | 12:48:35
[TRAIN] Step 58 | Loss=0.642499 | Best makespan in group=497.00
[TRAIN] Step 59/100 | 12:48:54
[TRAIN] Step 59 | Loss=0.698638 | Best makespan in group=388.00
[TRAIN] Step 60/100 | 12:49:13
[TRAIN] Step 60 | Loss=0.653355 | Best makespan in group=442.00
[TRAIN][VAL][ep 60] avg_gap=0.1227 | std_gap=0.0725 | q80_gap=0.1726 | n=40
[TRAIN] Validation improved | smoothed_avg_gap=0.1410 (raw=0.1227) | saving candidate: 804006728723648.pth
[TRAIN] Step 61/100 | 12:50:00
[TRAIN] Step 61 | Loss=0.729610 | Best makespan in group=367.00
[TRAIN] Step 62/100 | 12:50:19
[TRAIN] Step 62 | Loss=0.683355 | Best makespan in group=514.00
[TRAIN] Step 63/100 | 12:50:49
[TRAIN] Step 63 | Loss=0.670686 | Best makespan in group=413.00
[TRAIN] Step 64/100 | 12:51:25
[TRAIN] Step 64 | Loss=0.718570 | Best makespan in group=281.00
[TRAIN] Step 65/100 | 12:51:45
[TRAIN] Step 65 | Loss=0.654143 | Best makespan in group=389.00
[TRAIN] Step 66/100 | 12:52:13
[TRAIN] Step 66 | Loss=0.773193 | Best makespan in group=471.00
[TRAIN] Step 67/100 | 12:52:36
[TRAIN] Step 67 | Loss=0.692376 | Best makespan in group=466.00
[TRAIN] Step 68/100 | 12:53:09
[TRAIN] Step 68 | Loss=0.702019 | Best makespan in group=342.00
[TRAIN] Step 69/100 | 12:53:29
[TRAIN] Step 69 | Loss=0.654575 | Best makespan in group=449.00
[TRAIN] Step 70/100 | 12:53:59
[TRAIN] Step 70 | Loss=0.712873 | Best makespan in group=390.00
[TRAIN] Step 71/100 | 12:54:30
[TRAIN] Step 71 | Loss=0.655433 | Best makespan in group=415.00
[TRAIN] Step 72/100 | 12:54:49
[TRAIN] Step 72 | Loss=0.724251 | Best makespan in group=436.00
[TRAIN] Step 73/100 | 12:55:15
[TRAIN] Step 73 | Loss=0.621928 | Best makespan in group=453.00
[TRAIN] Step 74/100 | 12:55:46
[TRAIN] Step 74 | Loss=0.737074 | Best makespan in group=335.00
[TRAIN] Step 75/100 | 12:56:06
[TRAIN] Step 75 | Loss=0.660904 | Best makespan in group=323.00
[TRAIN] Step 76/100 | 12:56:31
[TRAIN] Step 76 | Loss=0.698071 | Best makespan in group=333.00
[TRAIN] Step 77/100 | 12:56:49
[TRAIN] Step 77 | Loss=0.629664 | Best makespan in group=477.00
[TRAIN] Step 78/100 | 12:57:09
[TRAIN] Step 78 | Loss=0.701606 | Best makespan in group=650.00
[TRAIN] Step 79/100 | 12:57:43
[TRAIN] Step 79 | Loss=0.738574 | Best makespan in group=368.00
[TRAIN] Step 80/100 | 12:58:05
[TRAIN] Step 80 | Loss=0.691731 | Best makespan in group=557.00
[TRAIN][VAL][ep 80] avg_gap=0.1307 | std_gap=0.0778 | q80_gap=0.1893 | n=40
[TRAIN] Validation improved | smoothed_avg_gap=0.1292 (raw=0.1307) | saving candidate: 97259732354450.pth
[TRAIN] Step 81/100 | 12:59:01
[TRAIN] Step 81 | Loss=0.765640 | Best makespan in group=387.00
[TRAIN] Step 82/100 | 12:59:30
[TRAIN] Step 82 | Loss=0.601713 | Best makespan in group=375.00
[TRAIN] Step 83/100 | 12:59:57
[TRAIN] Step 83 | Loss=0.622615 | Best makespan in group=379.00
[TRAIN] Step 84/100 | 13:00:15
[TRAIN] Step 84 | Loss=0.676214 | Best makespan in group=285.00
[TRAIN] Step 85/100 | 13:00:33
[TRAIN] Step 85 | Loss=0.671045 | Best makespan in group=584.00
[TRAIN] Step 86/100 | 13:01:02
[TRAIN] Step 86 | Loss=0.745077 | Best makespan in group=332.00
[TRAIN] Step 87/100 | 13:01:23
[TRAIN] Step 87 | Loss=0.684062 | Best makespan in group=412.00
[TRAIN] Step 88/100 | 13:01:56
[TRAIN] Step 88 | Loss=0.703225 | Best makespan in group=444.00
[TRAIN] Step 89/100 | 13:02:20
[TRAIN] Step 89 | Loss=0.706104 | Best makespan in group=336.00
[TRAIN] Step 90/100 | 13:02:40
[TRAIN] Step 90 | Loss=0.729185 | Best makespan in group=337.00
[TRAIN] Step 91/100 | 13:02:59
[TRAIN] Step 91 | Loss=0.645064 | Best makespan in group=374.00
[TRAIN] Step 92/100 | 13:03:18
[TRAIN] Step 92 | Loss=0.650815 | Best makespan in group=411.00
[TRAIN] Step 93/100 | 13:03:38
[TRAIN] Step 93 | Loss=0.588194 | Best makespan in group=337.00
[TRAIN] Step 94/100 | 13:04:10
[TRAIN] Step 94 | Loss=0.663916 | Best makespan in group=541.00
[TRAIN] Step 95/100 | 13:04:38
[TRAIN] Step 95 | Loss=0.748815 | Best makespan in group=346.00
[TRAIN] Step 96/100 | 13:05:09
[TRAIN] Step 96 | Loss=0.778175 | Best makespan in group=352.00
[TRAIN] Step 97/100 | 13:05:32
[TRAIN] Step 97 | Loss=0.791413 | Best makespan in group=311.00
[TRAIN] Step 98/100 | 13:05:55
[TRAIN] Step 98 | Loss=0.625821 | Best makespan in group=453.00
[TRAIN] Step 99/100 | 13:06:22
[TRAIN] Step 99 | Loss=0.673085 | Best makespan in group=379.00
[TRAIN] Step 100/100 | 13:06:44
[TRAIN] Step 100 | Loss=0.730015 | Best makespan in group=379.00
[TRAIN][VAL][ep 100] avg_gap=0.1249 | std_gap=0.0725 | q80_gap=0.1981 | n=40
[TRAIN] Validation improved | smoothed_avg_gap=0.1261 (raw=0.1249) | saving candidate: 67062977924928.pth
[TRAIN] Evaluating best checkpoint (candidate_models/67062977924928.pth) on the held-out test split...
[TRAIN][TEST] avg_gap=0.1423 | std_gap=0.0853 | q80_gap=0.2198 | n=40
[TRAIN][13:08:13] Training ended. Validation history and plots updated.
[MAIN] Training representation=om | run_name=train_sel-k100_400_gin_om | gnn_type=gin
============================================================
[TRAIN] Training started at: 2026-09-26 13:08:13
[TRAIN] Hyperparams | max_steps=100 | new_freq=500
[TRAIN]             | n_cases=100 | B=64 | K=16 | use_greedy=True | lr=0.0005 (decaying to 1.00e-04)
[TRAIN]             | warm_start_steps=200 | checkpoint_smooth_window=3 | seed=None
[TRAIN]             | hidden_channels=128 | num_layers=3 | heads=3
[TRAIN]             | logp_norm=mean | exclude_greedy_from_loss=True
[TRAIN] Representation | om | GNN | gin | jm_design | baseline
[TRAIN] Problem size | jobs=[8,10] | machines=[5,10] | ops_per_job=[5,6] | max_proc=100
============================================================
[TRAIN] Output run folder: results\train_sel-k100_400_gin_om
[VALIDATION] Note: using the existing fixed validation dataset at val/validation_dataset.json (40 instances) - the requested sample_size=20 is ignored so every run stays comparable. Delete val/validation_dataset.json (and its paired val/test_dataset.json) to regenerate both splits at a new size.
[TRAIN] Validation config | every=20 steps | instances=40 (representative subset)
[TRAIN] Warm-start (behavior cloning vs. dispatch heuristic) | 200 step(s)...
[TRAIN][WARMSTART] step 10/200 | instance=13 | bc_loss=2.3214 | decisions=42
[TRAIN][WARMSTART] step 20/200 | instance=78 | bc_loss=2.4255 | decisions=43
[TRAIN][WARMSTART] step 30/200 | instance=33 | bc_loss=2.9658 | decisions=58
[TRAIN][WARMSTART] step 40/200 | instance=28 | bc_loss=2.1785 | decisions=50
[TRAIN][WARMSTART] step 50/200 | instance=80 | bc_loss=2.9298 | decisions=47
[TRAIN][WARMSTART] step 60/200 | instance=25 | bc_loss=2.9601 | decisions=50
[TRAIN][WARMSTART] step 70/200 | instance=68 | bc_loss=2.3822 | decisions=46
[TRAIN][WARMSTART] step 80/200 | instance=50 | bc_loss=2.2508 | decisions=56
[TRAIN][WARMSTART] step 90/200 | instance=97 | bc_loss=2.3892 | decisions=58
[TRAIN][WARMSTART] step 100/200 | instance=53 | bc_loss=1.7671 | decisions=53
[TRAIN][WARMSTART] step 110/200 | instance=33 | bc_loss=2.6904 | decisions=58
[TRAIN][WARMSTART] step 120/200 | instance=87 | bc_loss=1.7053 | decisions=54
[TRAIN][WARMSTART] step 130/200 | instance=5 | bc_loss=1.9836 | decisions=50
[TRAIN][WARMSTART] step 140/200 | instance=20 | bc_loss=1.8089 | decisions=53
[TRAIN][WARMSTART] step 150/200 | instance=97 | bc_loss=2.0141 | decisions=58
[TRAIN][WARMSTART] step 160/200 | instance=52 | bc_loss=1.4287 | decisions=55
[TRAIN][WARMSTART] step 170/200 | instance=93 | bc_loss=3.0236 | decisions=56
[TRAIN][WARMSTART] step 180/200 | instance=26 | bc_loss=2.3414 | decisions=51
[TRAIN][WARMSTART] step 190/200 | instance=1 | bc_loss=1.7175 | decisions=55
[TRAIN][WARMSTART] step 200/200 | instance=52 | bc_loss=1.3445 | decisions=55
[TRAIN] Warm-start complete, switching to BOPO preference optimization.
------------------------------------------------------------
[TRAIN] BOPO agent ready. Starting training loop for 100 step(s)...
------------------------------------------------------------
[TRAIN] Step 1/100 | 13:14:20
[TRAIN] Step 1 | Loss=0.763095 | Best makespan in group=443.00
[TRAIN] Step 2/100 | 13:15:01
[TRAIN] Step 2 | Loss=0.618651 | Best makespan in group=398.00
[TRAIN] Step 3/100 | 13:15:52
[TRAIN] Step 3 | Loss=0.545570 | Best makespan in group=505.00
[TRAIN] Step 4/100 | 13:16:43
[TRAIN] Step 4 | Loss=0.531324 | Best makespan in group=475.00
[TRAIN] Step 5/100 | 13:17:51
[TRAIN] Step 5 | Loss=0.679264 | Best makespan in group=390.00
[TRAIN] Step 6/100 | 13:18:29
[TRAIN] Step 6 | Loss=0.667241 | Best makespan in group=376.00
[TRAIN] Step 7/100 | 13:19:33
[TRAIN] Step 7 | Loss=0.683228 | Best makespan in group=382.00
[TRAIN] Step 8/100 | 13:20:23
[TRAIN] Step 8 | Loss=0.678175 | Best makespan in group=593.00
[TRAIN] Step 9/100 | 13:21:09
[TRAIN] Step 9 | Loss=0.622043 | Best makespan in group=434.00
[TRAIN] Step 10/100 | 13:22:00
[TRAIN] Step 10 | Loss=0.606926 | Best makespan in group=411.00
[TRAIN] Step 11/100 | 13:22:40
[TRAIN] Step 11 | Loss=0.613519 | Best makespan in group=407.00
[TRAIN] Step 12/100 | 13:23:48
[TRAIN] Step 12 | Loss=0.582158 | Best makespan in group=624.00
[TRAIN] Step 13/100 | 13:24:29
[TRAIN] Step 13 | Loss=0.627198 | Best makespan in group=614.00
[TRAIN] Step 14/100 | 13:25:14
[TRAIN] Step 14 | Loss=0.713737 | Best makespan in group=417.00
[TRAIN] Step 15/100 | 13:26:21
[TRAIN] Step 15 | Loss=0.642328 | Best makespan in group=525.00
[TRAIN] Step 16/100 | 13:27:00
[TRAIN] Step 16 | Loss=0.555737 | Best makespan in group=460.00
[TRAIN] Step 17/100 | 13:28:06
[TRAIN] Step 17 | Loss=0.500653 | Best makespan in group=333.00
[TRAIN] Step 18/100 | 13:28:41
[TRAIN] Step 18 | Loss=0.652146 | Best makespan in group=356.00
[TRAIN] Step 19/100 | 13:29:22
[TRAIN] Step 19 | Loss=0.663680 | Best makespan in group=426.00
[TRAIN] Step 20/100 | 13:30:21
[TRAIN] Step 20 | Loss=0.498567 | Best makespan in group=418.00
[TRAIN][VAL][ep 20] avg_gap=0.2493 | std_gap=0.1061 | q80_gap=0.3355 | n=40
[TRAIN] Validation improved | smoothed_avg_gap=0.2493 (raw=0.2493) | saving candidate: 750946202678777.pth
[TRAIN] Step 21/100 | 13:31:48
[TRAIN] Step 21 | Loss=0.572394 | Best makespan in group=476.00
[TRAIN] Step 22/100 | 13:32:27
[TRAIN] Step 22 | Loss=0.696127 | Best makespan in group=395.00
[TRAIN] Step 23/100 | 13:33:06
[TRAIN] Step 23 | Loss=0.817849 | Best makespan in group=490.00
[TRAIN] Step 24/100 | 13:33:53
[TRAIN] Step 24 | Loss=0.974664 | Best makespan in group=421.00
[TRAIN] Step 25/100 | 13:34:26
[TRAIN] Step 25 | Loss=0.717800 | Best makespan in group=457.00
[TRAIN] Step 26/100 | 13:35:11
[TRAIN] Step 26 | Loss=0.648781 | Best makespan in group=372.00
[TRAIN] Step 27/100 | 13:35:43
[TRAIN] Step 27 | Loss=0.604200 | Best makespan in group=414.00
[TRAIN] Step 28/100 | 13:36:23
[TRAIN] Step 28 | Loss=0.612855 | Best makespan in group=635.00
[TRAIN] Step 29/100 | 13:37:07
[TRAIN] Step 29 | Loss=0.607762 | Best makespan in group=426.00
[TRAIN] Step 30/100 | 13:37:40
[TRAIN] Step 30 | Loss=0.659556 | Best makespan in group=615.00
[TRAIN] Step 31/100 | 13:38:20
[TRAIN] Step 31 | Loss=0.681673 | Best makespan in group=461.00
[TRAIN] Step 32/100 | 13:39:05
[TRAIN] Step 32 | Loss=0.417320 | Best makespan in group=404.00
[TRAIN] Step 33/100 | 13:39:44
[TRAIN] Step 33 | Loss=0.529635 | Best makespan in group=489.00
[TRAIN] Step 34/100 | 13:40:45
[TRAIN] Step 34 | Loss=0.695180 | Best makespan in group=508.00
[TRAIN] Step 35/100 | 13:41:43
[TRAIN] Step 35 | Loss=0.458734 | Best makespan in group=477.00
[TRAIN] Step 36/100 | 13:42:29
[TRAIN] Step 36 | Loss=0.578120 | Best makespan in group=397.00
[TRAIN] Step 37/100 | 13:43:05
[TRAIN] Step 37 | Loss=0.727055 | Best makespan in group=580.00
[TRAIN] Step 38/100 | 13:43:43
[TRAIN] Step 38 | Loss=0.521196 | Best makespan in group=401.00
[TRAIN] Step 39/100 | 13:44:54
[TRAIN] Step 39 | Loss=0.592529 | Best makespan in group=384.00
[TRAIN] Step 40/100 | 13:46:02
[TRAIN] Step 40 | Loss=0.556072 | Best makespan in group=415.00
[TRAIN][VAL][ep 40] avg_gap=0.2308 | std_gap=0.0694 | q80_gap=0.2927 | n=40
[TRAIN] Validation improved | smoothed_avg_gap=0.2400 (raw=0.2308) | saving candidate: 471154096271135.pth
[TRAIN] Step 41/100 | 13:47:32
[TRAIN] Step 41 | Loss=0.632490 | Best makespan in group=433.00
[TRAIN] Step 42/100 | 13:48:28
[TRAIN] Step 42 | Loss=0.711908 | Best makespan in group=566.00
[TRAIN] Step 43/100 | 13:49:23
[TRAIN] Step 43 | Loss=0.745742 | Best makespan in group=474.00
[TRAIN] Step 44/100 | 13:49:58
[TRAIN] Step 44 | Loss=0.684074 | Best makespan in group=433.00
[TRAIN] Step 45/100 | 13:51:12
[TRAIN] Step 45 | Loss=0.598976 | Best makespan in group=549.00
[TRAIN] Step 46/100 | 13:52:18
[TRAIN] Step 46 | Loss=0.610722 | Best makespan in group=385.00
[TRAIN] Step 47/100 | 13:53:24
[TRAIN] Step 47 | Loss=0.660482 | Best makespan in group=379.00
[TRAIN] Step 48/100 | 13:54:04
[TRAIN] Step 48 | Loss=0.572692 | Best makespan in group=397.00
[TRAIN] Step 49/100 | 13:55:06
[TRAIN] Step 49 | Loss=0.640275 | Best makespan in group=379.00
[TRAIN] Step 50/100 | 13:55:49
[TRAIN] Step 50 | Loss=0.598220 | Best makespan in group=446.00
[TRAIN] Step 51/100 | 13:56:25
[TRAIN] Step 51 | Loss=0.669463 | Best makespan in group=463.00
[TRAIN] Step 52/100 | 13:57:02
[TRAIN] Step 52 | Loss=0.610506 | Best makespan in group=573.00
[TRAIN] Step 53/100 | 13:57:52
[TRAIN] Step 53 | Loss=0.557169 | Best makespan in group=541.00
[TRAIN] Step 54/100 | 13:58:39
[TRAIN] Step 54 | Loss=0.788495 | Best makespan in group=484.00
[TRAIN] Step 55/100 | 13:59:25
[TRAIN] Step 55 | Loss=0.427014 | Best makespan in group=433.00
[TRAIN] Step 56/100 | 14:00:18
[TRAIN] Step 56 | Loss=0.641155 | Best makespan in group=570.00
[TRAIN] Step 57/100 | 14:01:02
[TRAIN] Step 57 | Loss=0.704354 | Best makespan in group=391.00
[TRAIN] Step 58/100 | 14:01:42
[TRAIN] Step 58 | Loss=0.706855 | Best makespan in group=494.00
[TRAIN] Step 59/100 | 14:02:21
[TRAIN] Step 59 | Loss=0.479072 | Best makespan in group=346.00
[TRAIN] Step 60/100 | 14:03:01
[TRAIN] Step 60 | Loss=0.693107 | Best makespan in group=485.00
[TRAIN][VAL][ep 60] avg_gap=0.2103 | std_gap=0.0817 | q80_gap=0.2736 | n=40
[TRAIN] Validation improved | smoothed_avg_gap=0.2301 (raw=0.2103) | saving candidate: 748445439585347.pth
[TRAIN] Step 61/100 | 14:04:43
[TRAIN] Step 61 | Loss=0.579864 | Best makespan in group=528.00
[TRAIN] Step 62/100 | 14:05:30
[TRAIN] Step 62 | Loss=0.649568 | Best makespan in group=445.00
[TRAIN] Step 63/100 | 14:06:11
[TRAIN] Step 63 | Loss=0.681133 | Best makespan in group=388.00
[TRAIN] Step 64/100 | 14:07:20
[TRAIN] Step 64 | Loss=0.664318 | Best makespan in group=521.00
[TRAIN] Step 65/100 | 14:08:21
[TRAIN] Step 65 | Loss=0.780186 | Best makespan in group=406.00
[TRAIN] Step 66/100 | 14:09:16
[TRAIN] Step 66 | Loss=0.764923 | Best makespan in group=403.00
[TRAIN] Step 67/100 | 14:09:55
[TRAIN] Step 67 | Loss=0.856497 | Best makespan in group=631.00
[TRAIN] Step 68/100 | 14:10:38
[TRAIN] Step 68 | Loss=0.678687 | Best makespan in group=433.00
[TRAIN] Step 69/100 | 14:11:24
[TRAIN] Step 69 | Loss=0.586033 | Best makespan in group=388.00
[TRAIN] Step 70/100 | 14:12:25
[TRAIN] Step 70 | Loss=0.563506 | Best makespan in group=399.00
[TRAIN] Step 71/100 | 14:13:12
[TRAIN] Step 71 | Loss=0.591334 | Best makespan in group=409.00
[TRAIN] Step 72/100 | 14:14:22
[TRAIN] Step 72 | Loss=0.637669 | Best makespan in group=627.00
[TRAIN] Step 73/100 | 14:15:11
[TRAIN] Step 73 | Loss=0.682819 | Best makespan in group=526.00
[TRAIN] Step 74/100 | 14:16:01
[TRAIN] Step 74 | Loss=0.634975 | Best makespan in group=386.00
[TRAIN] Step 75/100 | 14:16:32
[TRAIN] Step 75 | Loss=0.568862 | Best makespan in group=468.00
[TRAIN] Step 76/100 | 14:17:17
[TRAIN] Step 76 | Loss=0.513387 | Best makespan in group=439.00
[TRAIN] Step 77/100 | 14:18:11
[TRAIN] Step 77 | Loss=0.681793 | Best makespan in group=380.00
[TRAIN] Step 78/100 | 14:19:15
[TRAIN] Step 78 | Loss=0.667022 | Best makespan in group=515.00
[TRAIN] Step 79/100 | 14:19:56
[TRAIN] Step 79 | Loss=0.447497 | Best makespan in group=400.00
[TRAIN] Step 80/100 | 14:20:38
[TRAIN] Step 80 | Loss=0.732484 | Best makespan in group=483.00
[TRAIN][VAL][ep 80] avg_gap=0.2134 | std_gap=0.0745 | q80_gap=0.2742 | n=40
[TRAIN] Validation improved | smoothed_avg_gap=0.2181 (raw=0.2134) | saving candidate: 733509043749577.pth
[TRAIN] Step 81/100 | 14:22:21
[TRAIN] Step 81 | Loss=0.673495 | Best makespan in group=458.00
[TRAIN] Step 82/100 | 14:22:51
[TRAIN] Step 82 | Loss=0.545299 | Best makespan in group=579.00
[TRAIN] Step 83/100 | 14:23:41
[TRAIN] Step 83 | Loss=0.687432 | Best makespan in group=377.00
[TRAIN] Step 84/100 | 14:24:49
[TRAIN] Step 84 | Loss=0.599137 | Best makespan in group=541.00
[TRAIN] Step 85/100 | 14:25:42
[TRAIN] Step 85 | Loss=0.613379 | Best makespan in group=467.00
[TRAIN] Step 86/100 | 14:26:15
[TRAIN] Step 86 | Loss=0.847980 | Best makespan in group=441.00
[TRAIN] Step 87/100 | 14:26:55
[TRAIN] Step 87 | Loss=0.622111 | Best makespan in group=478.00
[TRAIN] Step 88/100 | 14:27:45
[TRAIN] Step 88 | Loss=0.684765 | Best makespan in group=431.00
[TRAIN] Step 89/100 | 14:28:31
[TRAIN] Step 89 | Loss=0.690661 | Best makespan in group=412.00
[TRAIN] Step 90/100 | 14:29:12
[TRAIN] Step 90 | Loss=0.689687 | Best makespan in group=321.00
[TRAIN] Step 91/100 | 14:29:58
[TRAIN] Step 91 | Loss=0.698536 | Best makespan in group=320.00
[TRAIN] Step 92/100 | 14:30:38
[TRAIN] Step 92 | Loss=0.616870 | Best makespan in group=342.00
[TRAIN] Step 93/100 | 14:31:41
[TRAIN] Step 93 | Loss=0.729861 | Best makespan in group=367.00
[TRAIN] Step 94/100 | 14:32:27
[TRAIN] Step 94 | Loss=0.701542 | Best makespan in group=427.00
[TRAIN] Step 95/100 | 14:33:26
[TRAIN] Step 95 | Loss=0.629551 | Best makespan in group=398.00
[TRAIN] Step 96/100 | 14:34:33
[TRAIN] Step 96 | Loss=0.667790 | Best makespan in group=450.00
[TRAIN] Step 97/100 | 14:35:12
[TRAIN] Step 97 | Loss=0.612776 | Best makespan in group=374.00
[TRAIN] Step 98/100 | 14:36:23
[TRAIN] Step 98 | Loss=0.647674 | Best makespan in group=464.00
[TRAIN] Step 99/100 | 14:37:09
[TRAIN] Step 99 | Loss=0.651514 | Best makespan in group=325.00
[TRAIN] Step 100/100 | 14:37:50
[TRAIN] Step 100 | Loss=0.668289 | Best makespan in group=509.00
[TRAIN][VAL][ep 100] avg_gap=0.2378 | std_gap=0.1197 | q80_gap=0.2927 | n=40
[TRAIN] Evaluating best checkpoint (candidate_models/733509043749577.pth) on the held-out test split...
[TRAIN][TEST] avg_gap=0.2130 | std_gap=0.0919 | q80_gap=0.2660 | n=40
[TRAIN][14:40:24] Training ended. Validation history and plots updated.
[MAIN] Training representation=ojm | run_name=train_sel-k100_400_gin_ojm | gnn_type=gin
============================================================
[TRAIN] Training started at: 2026-09-26 14:40:24
[TRAIN] Hyperparams | max_steps=100 | new_freq=500
[TRAIN]             | n_cases=100 | B=64 | K=16 | use_greedy=True | lr=0.0005 (decaying to 1.00e-04)
[TRAIN]             | warm_start_steps=200 | checkpoint_smooth_window=3 | seed=None
[TRAIN]             | hidden_channels=128 | num_layers=3 | heads=3
[TRAIN]             | logp_norm=mean | exclude_greedy_from_loss=True
[TRAIN] Representation | ojm | GNN | gin | jm_design | baseline
[TRAIN] Problem size | jobs=[8,10] | machines=[5,10] | ops_per_job=[5,6] | max_proc=100
============================================================
[TRAIN] Output run folder: results\train_sel-k100_400_gin_ojm
[VALIDATION] Note: using the existing fixed validation dataset at val/validation_dataset.json (40 instances) - the requested sample_size=20 is ignored so every run stays comparable. Delete val/validation_dataset.json (and its paired val/test_dataset.json) to regenerate both splits at a new size.
[TRAIN] Validation config | every=20 steps | instances=40 (representative subset)
[TRAIN] Warm-start (behavior cloning vs. dispatch heuristic) | 200 step(s)...
[TRAIN][WARMSTART] step 10/200 | instance=15 | bc_loss=3.1209 | decisions=45
[TRAIN][WARMSTART] step 20/200 | instance=79 | bc_loss=2.7085 | decisions=52
[TRAIN][WARMSTART] step 30/200 | instance=48 | bc_loss=3.1563 | decisions=42
[TRAIN][WARMSTART] step 40/200 | instance=24 | bc_loss=2.4618 | decisions=45
[TRAIN][WARMSTART] step 50/200 | instance=97 | bc_loss=1.6032 | decisions=55
[TRAIN][WARMSTART] step 60/200 | instance=98 | bc_loss=2.3416 | decisions=58
[TRAIN][WARMSTART] step 70/200 | instance=30 | bc_loss=2.1301 | decisions=49
[TRAIN][WARMSTART] step 80/200 | instance=59 | bc_loss=2.3107 | decisions=48
[TRAIN][WARMSTART] step 90/200 | instance=97 | bc_loss=1.5030 | decisions=55
[TRAIN][WARMSTART] step 100/200 | instance=84 | bc_loss=2.5218 | decisions=57
[TRAIN][WARMSTART] step 110/200 | instance=12 | bc_loss=2.5914 | decisions=52
[TRAIN][WARMSTART] step 120/200 | instance=1 | bc_loss=1.9596 | decisions=50
[TRAIN][WARMSTART] step 130/200 | instance=84 | bc_loss=2.6706 | decisions=57
[TRAIN][WARMSTART] step 140/200 | instance=19 | bc_loss=2.2436 | decisions=45
[TRAIN][WARMSTART] step 150/200 | instance=45 | bc_loss=1.6227 | decisions=49
[TRAIN][WARMSTART] step 160/200 | instance=90 | bc_loss=1.3304 | decisions=51
[TRAIN][WARMSTART] step 170/200 | instance=80 | bc_loss=3.1438 | decisions=48
[TRAIN][WARMSTART] step 180/200 | instance=36 | bc_loss=1.7715 | decisions=42
[TRAIN][WARMSTART] step 190/200 | instance=40 | bc_loss=1.6768 | decisions=49
[TRAIN][WARMSTART] step 200/200 | instance=98 | bc_loss=1.7705 | decisions=58
[TRAIN] Warm-start complete, switching to BOPO preference optimization.
------------------------------------------------------------
[TRAIN] BOPO agent ready. Starting training loop for 100 step(s)...
------------------------------------------------------------
[TRAIN] Step 1/100 | 14:49:55
[TRAIN] Step 1 | Loss=0.649047 | Best makespan in group=427.00
[TRAIN] Step 2/100 | 14:51:18
[TRAIN] Step 2 | Loss=0.624823 | Best makespan in group=461.00
[TRAIN] Step 3/100 | 14:52:31
[TRAIN] Step 3 | Loss=0.806275 | Best makespan in group=478.00
[TRAIN] Step 4/100 | 14:53:27
[TRAIN] Step 4 | Loss=0.694846 | Best makespan in group=406.00
[TRAIN] Step 5/100 | 14:54:50
[TRAIN] Step 5 | Loss=0.654424 | Best makespan in group=374.00
[TRAIN] Step 6/100 | 14:56:15
[TRAIN] Step 6 | Loss=0.674357 | Best makespan in group=458.00
[TRAIN] Step 7/100 | 14:57:20
[TRAIN] Step 7 | Loss=0.814788 | Best makespan in group=390.00
[TRAIN] Step 8/100 | 14:58:17
[TRAIN] Step 8 | Loss=0.691907 | Best makespan in group=474.00
[TRAIN] Step 9/100 | 14:59:25
[TRAIN] Step 9 | Loss=0.742181 | Best makespan in group=447.00
[TRAIN] Step 10/100 | 15:00:56
[TRAIN] Step 10 | Loss=0.711910 | Best makespan in group=370.00
[TRAIN] Step 11/100 | 15:02:17
[TRAIN] Step 11 | Loss=0.592968 | Best makespan in group=416.00
[TRAIN] Step 12/100 | 15:03:17
[TRAIN] Step 12 | Loss=0.721763 | Best makespan in group=362.00
[TRAIN] Step 13/100 | 15:04:11
[TRAIN] Step 13 | Loss=0.858968 | Best makespan in group=465.00
[TRAIN] Step 14/100 | 15:05:31
[TRAIN] Step 14 | Loss=0.729705 | Best makespan in group=363.00
[TRAIN] Step 15/100 | 15:06:38
[TRAIN] Step 15 | Loss=0.561361 | Best makespan in group=479.00
[TRAIN] Step 16/100 | 15:07:30
[TRAIN] Step 16 | Loss=0.529674 | Best makespan in group=512.00
[TRAIN] Step 17/100 | 15:08:17
[TRAIN] Step 17 | Loss=0.568990 | Best makespan in group=436.00
[TRAIN] Step 18/100 | 15:09:10
[TRAIN] Step 18 | Loss=0.599243 | Best makespan in group=458.00
[TRAIN] Step 19/100 | 15:10:22
[TRAIN] Step 19 | Loss=0.710338 | Best makespan in group=364.00
[TRAIN] Step 20/100 | 15:11:54
[TRAIN] Step 20 | Loss=0.553102 | Best makespan in group=476.00
[TRAIN][VAL][ep 20] avg_gap=0.9938 | std_gap=1.6996 | q80_gap=1.1870 | n=40
[TRAIN] Validation improved | smoothed_avg_gap=0.9938 (raw=0.9938) | saving candidate: 671220099208850.pth
[TRAIN] Step 21/100 | 15:14:59
[TRAIN] Step 21 | Loss=0.559217 | Best makespan in group=427.00
[TRAIN] Step 22/100 | 15:15:52
[TRAIN] Step 22 | Loss=0.612746 | Best makespan in group=341.00
[TRAIN] Step 23/100 | 15:16:47
[TRAIN] Step 23 | Loss=0.518920 | Best makespan in group=436.00
[TRAIN] Step 24/100 | 15:17:55
[TRAIN] Step 24 | Loss=0.796026 | Best makespan in group=446.00
[TRAIN] Step 25/100 | 15:18:41
[TRAIN] Step 25 | Loss=0.694699 | Best makespan in group=553.00
[TRAIN] Step 26/100 | 15:19:45
[TRAIN] Step 26 | Loss=0.500246 | Best makespan in group=651.00
[TRAIN] Step 27/100 | 15:20:55
[TRAIN] Step 27 | Loss=0.752008 | Best makespan in group=395.00
[TRAIN] Step 28/100 | 15:22:27
[TRAIN] Step 28 | Loss=0.665284 | Best makespan in group=395.00
[TRAIN] Step 29/100 | 15:23:22
[TRAIN] Step 29 | Loss=0.679018 | Best makespan in group=534.00
[TRAIN] Step 30/100 | 15:24:29
[TRAIN] Step 30 | Loss=0.746909 | Best makespan in group=379.00
[TRAIN] Step 31/100 | 15:25:32
[TRAIN] Step 31 | Loss=0.660363 | Best makespan in group=431.00
[TRAIN] Step 32/100 | 15:26:42
[TRAIN] Step 32 | Loss=0.519161 | Best makespan in group=520.00
[TRAIN] Step 33/100 | 15:27:41
[TRAIN] Step 33 | Loss=0.875831 | Best makespan in group=379.00
[TRAIN] Step 34/100 | 15:29:08
[TRAIN] Step 34 | Loss=0.427582 | Best makespan in group=552.00
[TRAIN] Step 35/100 | 15:30:16
[TRAIN] Step 35 | Loss=0.552293 | Best makespan in group=425.00
[TRAIN] Step 36/100 | 15:31:17
[TRAIN] Step 36 | Loss=0.470176 | Best makespan in group=417.00
[TRAIN] Step 37/100 | 15:32:20
[TRAIN] Step 37 | Loss=0.618290 | Best makespan in group=398.00
[TRAIN] Step 38/100 | 15:33:58
[TRAIN] Step 38 | Loss=0.685483 | Best makespan in group=395.00
[TRAIN] Step 39/100 | 15:35:24
[TRAIN] Step 39 | Loss=0.548964 | Best makespan in group=396.00
[TRAIN] Step 40/100 | 15:36:48
[TRAIN] Step 40 | Loss=0.589032 | Best makespan in group=435.00
[TRAIN][VAL][ep 40] avg_gap=1.0379 | std_gap=1.2715 | q80_gap=1.9381 | n=40
[TRAIN] Step 41/100 | 15:39:33
[TRAIN] Step 41 | Loss=0.671391 | Best makespan in group=371.00
[TRAIN] Step 42/100 | 15:40:25
[TRAIN] Step 42 | Loss=0.535971 | Best makespan in group=436.00
[TRAIN] Step 43/100 | 15:41:27
[TRAIN] Step 43 | Loss=0.642818 | Best makespan in group=364.00
[TRAIN] Step 44/100 | 15:42:42
[TRAIN] Step 44 | Loss=0.698072 | Best makespan in group=393.00
[TRAIN] Step 45/100 | 15:43:32
[TRAIN] Step 45 | Loss=0.623333 | Best makespan in group=386.00
[TRAIN] Step 46/100 | 15:44:35
[TRAIN] Step 46 | Loss=0.700725 | Best makespan in group=378.00
[TRAIN] Step 47/100 | 15:45:28
[TRAIN] Step 47 | Loss=0.532128 | Best makespan in group=528.00
[TRAIN] Step 48/100 | 15:46:16
[TRAIN] Step 48 | Loss=0.705617 | Best makespan in group=448.00
[TRAIN] Step 49/100 | 15:47:06
[TRAIN] Step 49 | Loss=0.617426 | Best makespan in group=460.00
[TRAIN] Step 50/100 | 15:47:56
[TRAIN] Step 50 | Loss=0.708350 | Best makespan in group=352.00
[TRAIN] Step 51/100 | 15:49:00
[TRAIN] Step 51 | Loss=0.530386 | Best makespan in group=428.00
[TRAIN] Step 52/100 | 15:49:50
[TRAIN] Step 52 | Loss=0.606781 | Best makespan in group=469.00
[TRAIN] Step 53/100 | 15:50:47
[TRAIN] Step 53 | Loss=0.590535 | Best makespan in group=369.00
[TRAIN] Step 54/100 | 15:51:51
[TRAIN] Step 54 | Loss=0.738712 | Best makespan in group=523.00
[TRAIN] Step 55/100 | 15:53:10
[TRAIN] Step 55 | Loss=0.656921 | Best makespan in group=447.00
[TRAIN] Step 56/100 | 15:54:13
[TRAIN] Step 56 | Loss=0.555238 | Best makespan in group=365.00
[TRAIN] Step 57/100 | 15:55:04
[TRAIN] Step 57 | Loss=0.536282 | Best makespan in group=516.00
[TRAIN] Step 58/100 | 15:56:17
[TRAIN] Step 58 | Loss=0.639275 | Best makespan in group=493.00
[TRAIN] Step 59/100 | 15:57:29
[TRAIN] Step 59 | Loss=0.670530 | Best makespan in group=373.00
[TRAIN] Step 60/100 | 15:58:30
[TRAIN] Step 60 | Loss=0.542830 | Best makespan in group=373.00
[TRAIN][VAL][ep 60] avg_gap=1.0689 | std_gap=1.3912 | q80_gap=1.7456 | n=40
[TRAIN] Step 61/100 | 16:01:13
[TRAIN] Step 61 | Loss=0.703805 | Best makespan in group=513.00
[TRAIN] Step 62/100 | 16:02:17
[TRAIN] Step 62 | Loss=0.596667 | Best makespan in group=317.00
[TRAIN] Step 63/100 | 16:03:53
[TRAIN] Step 63 | Loss=0.579361 | Best makespan in group=638.00
[TRAIN] Step 64/100 | 16:04:56
[TRAIN] Step 64 | Loss=0.555262 | Best makespan in group=460.00
[TRAIN] Step 65/100 | 16:05:59
[TRAIN] Step 65 | Loss=0.600823 | Best makespan in group=439.00
[TRAIN] Step 66/100 | 16:07:25
[TRAIN] Step 66 | Loss=0.840915 | Best makespan in group=401.00
[TRAIN] Step 67/100 | 16:08:30
[TRAIN] Step 67 | Loss=0.775223 | Best makespan in group=495.00
[TRAIN] Step 68/100 | 16:09:25
[TRAIN] Step 68 | Loss=0.694595 | Best makespan in group=330.00
[TRAIN] Step 69/100 | 16:10:41
[TRAIN] Step 69 | Loss=0.554971 | Best makespan in group=568.00
[TRAIN] Step 70/100 | 16:11:45
[TRAIN] Step 70 | Loss=0.604190 | Best makespan in group=386.00
[TRAIN] Step 71/100 | 16:13:29
[TRAIN] Step 71 | Loss=0.809778 | Best makespan in group=427.00
[TRAIN] Step 72/100 | 16:14:40
[TRAIN] Step 72 | Loss=0.576440 | Best makespan in group=456.00
[TRAIN] Step 73/100 | 16:15:55
[TRAIN] Step 73 | Loss=0.786387 | Best makespan in group=437.00
[TRAIN] Step 74/100 | 16:16:46
[TRAIN] Step 74 | Loss=0.495614 | Best makespan in group=437.00
[TRAIN] Step 75/100 | 16:17:50
[TRAIN] Step 75 | Loss=0.747667 | Best makespan in group=409.00
[TRAIN] Step 76/100 | 16:18:57
[TRAIN] Step 76 | Loss=0.803718 | Best makespan in group=362.00
[TRAIN] Step 77/100 | 16:20:27
[TRAIN] Step 77 | Loss=0.521680 | Best makespan in group=487.00
[TRAIN] Step 78/100 | 16:21:26
[TRAIN] Step 78 | Loss=0.814300 | Best makespan in group=328.00
[TRAIN] Step 79/100 | 16:22:38
[TRAIN] Step 79 | Loss=0.538737 | Best makespan in group=443.00
[TRAIN] Step 80/100 | 16:23:54
[TRAIN] Step 80 | Loss=0.483658 | Best makespan in group=382.00
[TRAIN][VAL][ep 80] avg_gap=1.3480 | std_gap=1.7138 | q80_gap=2.2523 | n=40
[TRAIN] Step 81/100 | 16:26:42
[TRAIN] Step 81 | Loss=0.578621 | Best makespan in group=341.00
[TRAIN] Step 82/100 | 16:27:36
[TRAIN] Step 82 | Loss=0.700365 | Best makespan in group=372.00
[TRAIN] Step 83/100 | 16:29:01
[TRAIN] Step 83 | Loss=0.565805 | Best makespan in group=506.00
[TRAIN] Step 84/100 | 16:29:56
[TRAIN] Step 84 | Loss=0.613774 | Best makespan in group=462.00
[TRAIN] Step 85/100 | 16:31:06
[TRAIN] Step 85 | Loss=0.558600 | Best makespan in group=499.00
[TRAIN] Step 86/100 | 16:31:55
[TRAIN] Step 86 | Loss=0.584608 | Best makespan in group=467.00
[TRAIN] Step 87/100 | 16:33:06
[TRAIN] Step 87 | Loss=0.572603 | Best makespan in group=455.00
[TRAIN] Step 88/100 | 16:33:57
[TRAIN] Step 88 | Loss=0.584595 | Best makespan in group=396.00
[TRAIN] Step 89/100 | 16:35:05
[TRAIN] Step 89 | Loss=0.673160 | Best makespan in group=269.00
[TRAIN] Step 90/100 | 16:36:04
[TRAIN] Step 90 | Loss=0.631942 | Best makespan in group=340.00
[TRAIN] Step 91/100 | 16:37:02
[TRAIN] Step 91 | Loss=0.675961 | Best makespan in group=422.00
[TRAIN] Step 92/100 | 16:38:04
[TRAIN] Step 92 | Loss=0.664183 | Best makespan in group=374.00
[TRAIN] Step 93/100 | 16:38:52
[TRAIN] Step 93 | Loss=0.633306 | Best makespan in group=405.00
[TRAIN] Step 94/100 | 16:40:02
[TRAIN] Step 94 | Loss=0.587273 | Best makespan in group=401.00
[TRAIN] Step 95/100 | 16:41:09
[TRAIN] Step 95 | Loss=0.573693 | Best makespan in group=371.00
[TRAIN] Step 96/100 | 16:42:33
[TRAIN] Step 96 | Loss=0.627782 | Best makespan in group=508.00
[TRAIN] Step 97/100 | 16:43:34
[TRAIN] Step 97 | Loss=0.609068 | Best makespan in group=476.00
[TRAIN] Step 98/100 | 16:44:44
[TRAIN] Step 98 | Loss=0.611091 | Best makespan in group=370.00
[TRAIN] Step 99/100 | 16:46:07
[TRAIN] Step 99 | Loss=0.481484 | Best makespan in group=309.00
[TRAIN] Step 100/100 | 16:47:19
[TRAIN] Step 100 | Loss=0.621842 | Best makespan in group=556.00
[TRAIN][VAL][ep 100] avg_gap=1.2790 | std_gap=1.7904 | q80_gap=2.1785 | n=40
[TRAIN] Evaluating best checkpoint (candidate_models/671220099208850.pth) on the held-out test split...
[TRAIN][TEST] avg_gap=0.9047 | std_gap=1.3729 | q80_gap=1.2196 | n=40
[TRAIN][16:52:02] Training ended. Validation history and plots updated.
[MAIN] Run finished at 2026-09-26 16:52:02
============================================================
