C:\Users\maria\Desktop\dissertation-bopo_introduction\.venv\Lib\site-packages\torch\jit\_script.py:1491: FutureWarning: `torch.jit.script` is deprecated. Please switch to `torch.compile` or `torch.export`.
  warnings.warn(
============================================================
[MAIN] Run started at 2026-09-26 16:52:17
[MAIN] mode=train
[MAIN] run_name=train_sel-k100_400_trans
[MAIN] representation(s)=['oo', 'om', 'ojm']
[MAIN] gnn_type=transformer
============================================================
[MAIN] Training representation=oo | run_name=train_sel-k100_400_trans_oo | gnn_type=transformer
============================================================
[TRAIN] Training started at: 2026-09-26 16:52:17
[TRAIN] Hyperparams | max_steps=100 | new_freq=500
[TRAIN]             | n_cases=100 | B=64 | K=16 | use_greedy=True | lr=0.0005 (decaying to 1.00e-04)
[TRAIN]             | warm_start_steps=200 | checkpoint_smooth_window=3 | seed=None
[TRAIN]             | hidden_channels=128 | num_layers=3 | heads=3
[TRAIN]             | logp_norm=mean | exclude_greedy_from_loss=True
[TRAIN] Representation | oo | GNN | transformer | jm_design | baseline
[TRAIN] Problem size | jobs=[8,10] | machines=[5,10] | ops_per_job=[5,6] | max_proc=100
============================================================
[TRAIN] Output run folder: results\train_sel-k100_400_trans_oo
[VALIDATION] Note: using the existing fixed validation dataset at val/validation_dataset.json (40 instances) - the requested sample_size=20 is ignored so every run stays comparable. Delete val/validation_dataset.json (and its paired val/test_dataset.json) to regenerate both splits at a new size.
[TRAIN] Validation config | every=20 steps | instances=40 (representative subset)
[TRAIN] Warm-start (behavior cloning vs. dispatch heuristic) | 200 step(s)...
[TRAIN][WARMSTART] step 10/200 | instance=55 | bc_loss=1.8678 | decisions=50
[TRAIN][WARMSTART] step 20/200 | instance=31 | bc_loss=1.9781 | decisions=53
[TRAIN][WARMSTART] step 30/200 | instance=63 | bc_loss=1.5863 | decisions=54
[TRAIN][WARMSTART] step 40/200 | instance=19 | bc_loss=1.0104 | decisions=46
[TRAIN][WARMSTART] step 50/200 | instance=90 | bc_loss=0.9746 | decisions=56
[TRAIN][WARMSTART] step 60/200 | instance=44 | bc_loss=0.6047 | decisions=42
[TRAIN][WARMSTART] step 70/200 | instance=34 | bc_loss=0.6300 | decisions=51
[TRAIN][WARMSTART] step 80/200 | instance=61 | bc_loss=0.4121 | decisions=55
[TRAIN][WARMSTART] step 90/200 | instance=92 | bc_loss=0.4768 | decisions=55
[TRAIN][WARMSTART] step 100/200 | instance=99 | bc_loss=0.2947 | decisions=44
[TRAIN][WARMSTART] step 110/200 | instance=53 | bc_loss=0.1866 | decisions=44
[TRAIN][WARMSTART] step 120/200 | instance=63 | bc_loss=0.2533 | decisions=54
[TRAIN][WARMSTART] step 130/200 | instance=1 | bc_loss=0.2354 | decisions=43
[TRAIN][WARMSTART] step 140/200 | instance=49 | bc_loss=0.1363 | decisions=44
[TRAIN][WARMSTART] step 150/200 | instance=85 | bc_loss=0.2301 | decisions=44
[TRAIN][WARMSTART] step 160/200 | instance=35 | bc_loss=0.1957 | decisions=57
[TRAIN][WARMSTART] step 170/200 | instance=82 | bc_loss=0.2766 | decisions=47
[TRAIN][WARMSTART] step 180/200 | instance=75 | bc_loss=0.1904 | decisions=55
[TRAIN][WARMSTART] step 190/200 | instance=88 | bc_loss=0.5279 | decisions=47
[TRAIN][WARMSTART] step 200/200 | instance=47 | bc_loss=0.1705 | decisions=40
[TRAIN] Warm-start complete, switching to BOPO preference optimization.
------------------------------------------------------------
[TRAIN] BOPO agent ready. Starting training loop for 100 step(s)...
------------------------------------------------------------
[TRAIN] Step 1/100 | 16:57:26
[TRAIN] Step 1 | Loss=0.770365 | Best makespan in group=449.00
[TRAIN] Step 2/100 | 16:57:54
[TRAIN] Step 2 | Loss=0.708442 | Best makespan in group=402.00
[TRAIN] Step 3/100 | 16:58:45
[TRAIN] Step 3 | Loss=0.751905 | Best makespan in group=370.00
[TRAIN] Step 4/100 | 16:59:32
[TRAIN] Step 4 | Loss=0.746653 | Best makespan in group=520.00
[TRAIN] Step 5/100 | 17:00:00
[TRAIN] Step 5 | Loss=0.679644 | Best makespan in group=437.00
[TRAIN] Step 6/100 | 17:00:46
[TRAIN] Step 6 | Loss=0.676309 | Best makespan in group=470.00
[TRAIN] Step 7/100 | 17:01:38
[TRAIN] Step 7 | Loss=0.722273 | Best makespan in group=455.00
[TRAIN] Step 8/100 | 17:02:09
[TRAIN] Step 8 | Loss=0.698428 | Best makespan in group=437.00
[TRAIN] Step 9/100 | 17:02:47
[TRAIN] Step 9 | Loss=0.679636 | Best makespan in group=385.00
[TRAIN] Step 10/100 | 17:03:31
[TRAIN] Step 10 | Loss=0.687095 | Best makespan in group=347.00
[TRAIN] Step 11/100 | 17:04:14
[TRAIN] Step 11 | Loss=0.670835 | Best makespan in group=328.00
[TRAIN] Step 12/100 | 17:04:55
[TRAIN] Step 12 | Loss=0.648229 | Best makespan in group=484.00
[TRAIN] Step 13/100 | 17:05:42
[TRAIN] Step 13 | Loss=0.698949 | Best makespan in group=386.00
[TRAIN] Step 14/100 | 17:06:30
[TRAIN] Step 14 | Loss=0.776495 | Best makespan in group=441.00
[TRAIN] Step 15/100 | 17:07:17
[TRAIN] Step 15 | Loss=0.669513 | Best makespan in group=412.00
[TRAIN] Step 16/100 | 17:07:50
[TRAIN] Step 16 | Loss=0.755224 | Best makespan in group=357.00
[TRAIN] Step 17/100 | 17:08:18
[TRAIN] Step 17 | Loss=0.674594 | Best makespan in group=302.00
[TRAIN] Step 18/100 | 17:08:54
[TRAIN] Step 18 | Loss=0.656427 | Best makespan in group=372.00
[TRAIN] Step 19/100 | 17:09:22
[TRAIN] Step 19 | Loss=0.652129 | Best makespan in group=399.00
[TRAIN] Step 20/100 | 17:09:52
[TRAIN] Step 20 | Loss=0.811948 | Best makespan in group=387.00
[TRAIN][VAL][ep 20] avg_gap=0.1088 | std_gap=0.0561 | q80_gap=0.1551 | n=40
[TRAIN] Validation improved | smoothed_avg_gap=0.1088 (raw=0.1088) | saving candidate: 787049828612618.pth
[TRAIN] Step 21/100 | 17:11:28
[TRAIN] Step 21 | Loss=0.760021 | Best makespan in group=298.00
[TRAIN] Step 22/100 | 17:11:53
[TRAIN] Step 22 | Loss=0.671273 | Best makespan in group=572.00
[TRAIN] Step 23/100 | 17:12:23
[TRAIN] Step 23 | Loss=0.683567 | Best makespan in group=381.00
[TRAIN] Step 24/100 | 17:12:58
[TRAIN] Step 24 | Loss=0.732234 | Best makespan in group=520.00
[TRAIN] Step 25/100 | 17:13:46
[TRAIN] Step 25 | Loss=0.663994 | Best makespan in group=367.00
[TRAIN] Step 26/100 | 17:14:34
[TRAIN] Step 26 | Loss=0.673439 | Best makespan in group=477.00
[TRAIN] Step 27/100 | 17:15:07
[TRAIN] Step 27 | Loss=0.670576 | Best makespan in group=567.00
[TRAIN] Step 28/100 | 17:15:43
[TRAIN] Step 28 | Loss=0.772430 | Best makespan in group=583.00
[TRAIN] Step 29/100 | 17:16:17
[TRAIN] Step 29 | Loss=0.655532 | Best makespan in group=405.00
[TRAIN] Step 30/100 | 17:16:59
[TRAIN] Step 30 | Loss=0.638582 | Best makespan in group=337.00
[TRAIN] Step 31/100 | 17:17:36
[TRAIN] Step 31 | Loss=0.683992 | Best makespan in group=363.00
[TRAIN] Step 32/100 | 17:18:04
[TRAIN] Step 32 | Loss=0.789393 | Best makespan in group=385.00
[TRAIN] Step 33/100 | 17:18:38
[TRAIN] Step 33 | Loss=0.718179 | Best makespan in group=381.00
[TRAIN] Step 34/100 | 17:19:08
[TRAIN] Step 34 | Loss=0.705045 | Best makespan in group=515.00
[TRAIN] Step 35/100 | 17:19:45
[TRAIN] Step 35 | Loss=0.643193 | Best makespan in group=463.00
[TRAIN] Step 36/100 | 17:20:20
[TRAIN] Step 36 | Loss=0.659145 | Best makespan in group=371.00
[TRAIN] Step 37/100 | 17:20:50
[TRAIN] Step 37 | Loss=0.774940 | Best makespan in group=378.00
[TRAIN] Step 38/100 | 17:21:22
[TRAIN] Step 38 | Loss=0.702587 | Best makespan in group=435.00
[TRAIN] Step 39/100 | 17:21:52
[TRAIN] Step 39 | Loss=0.708869 | Best makespan in group=441.00
[TRAIN] Step 40/100 | 17:22:23
[TRAIN] Step 40 | Loss=0.699522 | Best makespan in group=368.00
[TRAIN][VAL][ep 40] avg_gap=0.1117 | std_gap=0.0508 | q80_gap=0.1371 | n=40
[TRAIN] Step 41/100 | 17:23:46
[TRAIN] Step 41 | Loss=0.713284 | Best makespan in group=425.00
[TRAIN] Step 42/100 | 17:24:18
[TRAIN] Step 42 | Loss=0.748807 | Best makespan in group=473.00
[TRAIN] Step 43/100 | 17:24:59
[TRAIN] Step 43 | Loss=0.700085 | Best makespan in group=482.00
[TRAIN] Step 44/100 | 17:25:30
[TRAIN] Step 44 | Loss=0.741845 | Best makespan in group=441.00
[TRAIN] Step 45/100 | 17:26:00
[TRAIN] Step 45 | Loss=0.703113 | Best makespan in group=439.00
[TRAIN] Step 46/100 | 17:26:48
[TRAIN] Step 46 | Loss=0.636585 | Best makespan in group=385.00
[TRAIN] Step 47/100 | 17:27:25
[TRAIN] Step 47 | Loss=0.671705 | Best makespan in group=612.00
[TRAIN] Step 48/100 | 17:28:11
[TRAIN] Step 48 | Loss=0.724412 | Best makespan in group=322.00
[TRAIN] Step 49/100 | 17:28:48
[TRAIN] Step 49 | Loss=0.766084 | Best makespan in group=386.00
[TRAIN] Step 50/100 | 17:29:25
[TRAIN] Step 50 | Loss=0.735707 | Best makespan in group=335.00
[TRAIN] Step 51/100 | 17:29:55
[TRAIN] Step 51 | Loss=0.755739 | Best makespan in group=365.00
[TRAIN] Step 52/100 | 17:30:24
[TRAIN] Step 52 | Loss=0.642102 | Best makespan in group=425.00
[TRAIN] Step 53/100 | 17:31:00
[TRAIN] Step 53 | Loss=0.621685 | Best makespan in group=554.00
[TRAIN] Step 54/100 | 17:31:46
[TRAIN] Step 54 | Loss=0.757292 | Best makespan in group=433.00
[TRAIN] Step 55/100 | 17:32:23
[TRAIN] Step 55 | Loss=0.726992 | Best makespan in group=545.00
[TRAIN] Step 56/100 | 17:33:05
[TRAIN] Step 56 | Loss=0.691733 | Best makespan in group=543.00
[TRAIN] Step 57/100 | 17:33:45
[TRAIN] Step 57 | Loss=0.664355 | Best makespan in group=421.00
[TRAIN] Step 58/100 | 17:34:21
[TRAIN] Step 58 | Loss=0.784001 | Best makespan in group=351.00
[TRAIN] Step 59/100 | 17:35:00
[TRAIN] Step 59 | Loss=0.761160 | Best makespan in group=578.00
[TRAIN] Step 60/100 | 17:35:45
[TRAIN] Step 60 | Loss=0.739088 | Best makespan in group=478.00
[TRAIN][VAL][ep 60] avg_gap=0.1059 | std_gap=0.0548 | q80_gap=0.1558 | n=40
[TRAIN] Validation improved | smoothed_avg_gap=0.1088 (raw=0.1059) | saving candidate: 824130058320415.pth
[TRAIN] Step 61/100 | 17:36:56
[TRAIN] Step 61 | Loss=0.672597 | Best makespan in group=377.00
[TRAIN] Step 62/100 | 17:37:42
[TRAIN] Step 62 | Loss=0.748340 | Best makespan in group=348.00
[TRAIN] Step 63/100 | 17:38:11
[TRAIN] Step 63 | Loss=0.668284 | Best makespan in group=437.00
[TRAIN] Step 64/100 | 17:38:58
[TRAIN] Step 64 | Loss=0.791982 | Best makespan in group=440.00
[TRAIN] Step 65/100 | 17:39:36
[TRAIN] Step 65 | Loss=0.700132 | Best makespan in group=370.00
[TRAIN] Step 66/100 | 17:40:04
[TRAIN] Step 66 | Loss=0.676820 | Best makespan in group=356.00
[TRAIN] Step 67/100 | 17:40:32
[TRAIN] Step 67 | Loss=0.685694 | Best makespan in group=347.00
[TRAIN] Step 68/100 | 17:41:06
[TRAIN] Step 68 | Loss=0.673616 | Best makespan in group=527.00
[TRAIN] Step 69/100 | 17:41:36
[TRAIN] Step 69 | Loss=0.679628 | Best makespan in group=352.00
[TRAIN] Step 70/100 | 17:42:14
[TRAIN] Step 70 | Loss=0.670057 | Best makespan in group=339.00
[TRAIN] Step 71/100 | 17:42:48
[TRAIN] Step 71 | Loss=0.676483 | Best makespan in group=518.00
[TRAIN] Step 72/100 | 17:43:36
[TRAIN] Step 72 | Loss=0.834693 | Best makespan in group=507.00
[TRAIN] Step 73/100 | 17:44:15
[TRAIN] Step 73 | Loss=0.736166 | Best makespan in group=395.00
[TRAIN] Step 74/100 | 17:44:48
[TRAIN] Step 74 | Loss=0.661382 | Best makespan in group=374.00
[TRAIN] Step 75/100 | 17:45:27
[TRAIN] Step 75 | Loss=0.662237 | Best makespan in group=613.00
[TRAIN] Step 76/100 | 17:46:01
[TRAIN] Step 76 | Loss=0.802421 | Best makespan in group=336.00
[TRAIN] Step 77/100 | 17:46:46
[TRAIN] Step 77 | Loss=0.678068 | Best makespan in group=429.00
[TRAIN] Step 78/100 | 17:47:17
[TRAIN] Step 78 | Loss=0.713098 | Best makespan in group=345.00
[TRAIN] Step 79/100 | 17:47:54
[TRAIN] Step 79 | Loss=0.707094 | Best makespan in group=304.00
[TRAIN] Step 80/100 | 17:48:23
[TRAIN] Step 80 | Loss=0.654925 | Best makespan in group=544.00
[TRAIN][VAL][ep 80] avg_gap=0.1099 | std_gap=0.0522 | q80_gap=0.1537 | n=40
[TRAIN] Step 81/100 | 17:49:47
[TRAIN] Step 81 | Loss=0.698800 | Best makespan in group=411.00
[TRAIN] Step 82/100 | 17:50:25
[TRAIN] Step 82 | Loss=0.848013 | Best makespan in group=403.00
[TRAIN] Step 83/100 | 17:50:54
[TRAIN] Step 83 | Loss=0.770387 | Best makespan in group=411.00
[TRAIN] Step 84/100 | 17:51:25
[TRAIN] Step 84 | Loss=0.736426 | Best makespan in group=405.00
[TRAIN] Step 85/100 | 17:51:58
[TRAIN] Step 85 | Loss=0.664390 | Best makespan in group=402.00
[TRAIN] Step 86/100 | 17:52:58
[TRAIN] Step 86 | Loss=0.642410 | Best makespan in group=502.00
[TRAIN] Step 87/100 | 17:53:35
[TRAIN] Step 87 | Loss=0.700804 | Best makespan in group=585.00
[TRAIN] Step 88/100 | 17:54:25
[TRAIN] Step 88 | Loss=0.672158 | Best makespan in group=530.00
[TRAIN] Step 89/100 | 17:55:00
[TRAIN] Step 89 | Loss=0.731033 | Best makespan in group=425.00
[TRAIN] Step 90/100 | 17:55:38
[TRAIN] Step 90 | Loss=0.667075 | Best makespan in group=288.00
[TRAIN] Step 91/100 | 17:56:08
[TRAIN] Step 91 | Loss=0.727843 | Best makespan in group=492.00
[TRAIN] Step 92/100 | 17:56:44
[TRAIN] Step 92 | Loss=0.655825 | Best makespan in group=529.00
[TRAIN] Step 93/100 | 17:57:18
[TRAIN] Step 93 | Loss=0.727685 | Best makespan in group=418.00
[TRAIN] Step 94/100 | 17:57:45
[TRAIN] Step 94 | Loss=0.653874 | Best makespan in group=460.00
[TRAIN] Step 95/100 | 17:58:21
[TRAIN] Step 95 | Loss=0.693482 | Best makespan in group=396.00
[TRAIN] Step 96/100 | 17:59:09
[TRAIN] Step 96 | Loss=0.691420 | Best makespan in group=422.00
[TRAIN] Step 97/100 | 17:59:39
[TRAIN] Step 97 | Loss=0.671304 | Best makespan in group=362.00
[TRAIN] Step 98/100 | 18:00:17
[TRAIN] Step 98 | Loss=0.748046 | Best makespan in group=407.00
[TRAIN] Step 99/100 | 18:01:11
[TRAIN] Step 99 | Loss=0.698705 | Best makespan in group=422.00
[TRAIN] Step 100/100 | 18:01:46
[TRAIN] Step 100 | Loss=0.735234 | Best makespan in group=464.00
[TRAIN][VAL][ep 100] avg_gap=0.1095 | std_gap=0.0521 | q80_gap=0.1450 | n=40
[TRAIN] Validation improved | smoothed_avg_gap=0.1085 (raw=0.1095) | saving candidate: 520180790465307.pth
[TRAIN] Evaluating best checkpoint (candidate_models/520180790465307.pth) on the held-out test split...
[TRAIN][TEST] avg_gap=0.1092 | std_gap=0.0562 | q80_gap=0.1669 | n=40
[TRAIN][18:03:48] Training ended. Validation history and plots updated.
[MAIN] Training representation=om | run_name=train_sel-k100_400_trans_om | gnn_type=transformer
============================================================
[TRAIN] Training started at: 2026-09-26 18:03:48
[TRAIN] Hyperparams | max_steps=100 | new_freq=500
[TRAIN]             | n_cases=100 | B=64 | K=16 | use_greedy=True | lr=0.0005 (decaying to 1.00e-04)
[TRAIN]             | warm_start_steps=200 | checkpoint_smooth_window=3 | seed=None
[TRAIN]             | hidden_channels=128 | num_layers=3 | heads=3
[TRAIN]             | logp_norm=mean | exclude_greedy_from_loss=True
[TRAIN] Representation | om | GNN | transformer | jm_design | baseline
[TRAIN] Problem size | jobs=[8,10] | machines=[5,10] | ops_per_job=[5,6] | max_proc=100
============================================================
[TRAIN] Output run folder: results\train_sel-k100_400_trans_om
[VALIDATION] Note: using the existing fixed validation dataset at val/validation_dataset.json (40 instances) - the requested sample_size=20 is ignored so every run stays comparable. Delete val/validation_dataset.json (and its paired val/test_dataset.json) to regenerate both splits at a new size.
[TRAIN] Validation config | every=20 steps | instances=40 (representative subset)
[TRAIN] Warm-start (behavior cloning vs. dispatch heuristic) | 200 step(s)...
[TRAIN][WARMSTART] step 10/200 | instance=79 | bc_loss=1.7953 | decisions=47
[TRAIN][WARMSTART] step 20/200 | instance=67 | bc_loss=1.6087 | decisions=49
[TRAIN][WARMSTART] step 30/200 | instance=11 | bc_loss=2.0547 | decisions=41
[TRAIN][WARMSTART] step 40/200 | instance=81 | bc_loss=2.3131 | decisions=55
[TRAIN][WARMSTART] step 50/200 | instance=67 | bc_loss=1.4240 | decisions=49
[TRAIN][WARMSTART] step 60/200 | instance=75 | bc_loss=1.6886 | decisions=45
[TRAIN][WARMSTART] step 70/200 | instance=41 | bc_loss=1.8300 | decisions=49
[TRAIN][WARMSTART] step 80/200 | instance=55 | bc_loss=2.7199 | decisions=45
[TRAIN][WARMSTART] step 90/200 | instance=81 | bc_loss=2.2478 | decisions=55
[TRAIN][WARMSTART] step 100/200 | instance=54 | bc_loss=2.5127 | decisions=43
[TRAIN][WARMSTART] step 110/200 | instance=12 | bc_loss=2.0809 | decisions=48
[TRAIN][WARMSTART] step 120/200 | instance=9 | bc_loss=1.4195 | decisions=42
[TRAIN][WARMSTART] step 130/200 | instance=14 | bc_loss=2.3236 | decisions=44
[TRAIN][WARMSTART] step 140/200 | instance=92 | bc_loss=1.7086 | decisions=57
[TRAIN][WARMSTART] step 150/200 | instance=0 | bc_loss=1.5646 | decisions=46
[TRAIN][WARMSTART] step 160/200 | instance=4 | bc_loss=1.4955 | decisions=50
[TRAIN][WARMSTART] step 170/200 | instance=14 | bc_loss=2.3779 | decisions=44
[TRAIN][WARMSTART] step 180/200 | instance=75 | bc_loss=1.5367 | decisions=45
[TRAIN][WARMSTART] step 190/200 | instance=63 | bc_loss=1.5462 | decisions=49
[TRAIN][WARMSTART] step 200/200 | instance=21 | bc_loss=2.1297 | decisions=55
[TRAIN] Warm-start complete, switching to BOPO preference optimization.
------------------------------------------------------------
[TRAIN] BOPO agent ready. Starting training loop for 100 step(s)...
------------------------------------------------------------
[TRAIN] Step 1/100 | 18:13:36
[TRAIN] Step 1 | Loss=0.651257 | Best makespan in group=399.00
[TRAIN] Step 2/100 | 18:14:59
[TRAIN] Step 2 | Loss=0.728018 | Best makespan in group=408.00
[TRAIN] Step 3/100 | 18:16:30
[TRAIN] Step 3 | Loss=0.667307 | Best makespan in group=393.00
[TRAIN] Step 4/100 | 18:17:30
[TRAIN] Step 4 | Loss=0.637807 | Best makespan in group=396.00
[TRAIN] Step 5/100 | 18:18:33
[TRAIN] Step 5 | Loss=0.596861 | Best makespan in group=367.00
[TRAIN] Step 6/100 | 18:19:47
[TRAIN] Step 6 | Loss=0.655152 | Best makespan in group=409.00
[TRAIN] Step 7/100 | 18:21:53
[TRAIN] Step 7 | Loss=0.711149 | Best makespan in group=420.00
[TRAIN] Step 8/100 | 18:23:32
[TRAIN] Step 8 | Loss=0.518910 | Best makespan in group=430.00
[TRAIN] Step 9/100 | 18:25:38
[TRAIN] Step 9 | Loss=0.693551 | Best makespan in group=402.00
[TRAIN] Step 10/100 | 18:27:01
[TRAIN] Step 10 | Loss=0.676763 | Best makespan in group=405.00
[TRAIN] Step 11/100 | 18:28:25
[TRAIN] Step 11 | Loss=0.586702 | Best makespan in group=298.00
[TRAIN] Step 12/100 | 18:29:23
[TRAIN] Step 12 | Loss=0.673203 | Best makespan in group=396.00
[TRAIN] Step 13/100 | 18:31:15
[TRAIN] Step 13 | Loss=0.614472 | Best makespan in group=457.00
[TRAIN] Step 14/100 | 18:32:28
[TRAIN] Step 14 | Loss=0.667099 | Best makespan in group=312.00
[TRAIN] Step 15/100 | 18:33:30
[TRAIN] Step 15 | Loss=0.694441 | Best makespan in group=346.00
[TRAIN] Step 16/100 | 18:35:04
[TRAIN] Step 16 | Loss=0.620578 | Best makespan in group=456.00
[TRAIN] Step 17/100 | 18:35:51
[TRAIN] Step 17 | Loss=0.547678 | Best makespan in group=461.00
[TRAIN] Step 18/100 | 18:36:43
[TRAIN] Step 18 | Loss=0.808050 | Best makespan in group=332.00
[TRAIN] Step 19/100 | 18:37:43
[TRAIN] Step 19 | Loss=0.539331 | Best makespan in group=313.00
[TRAIN] Step 20/100 | 18:38:51
[TRAIN] Step 20 | Loss=0.646471 | Best makespan in group=489.00
[TRAIN][VAL][ep 20] avg_gap=0.2148 | std_gap=0.0782 | q80_gap=0.2822 | n=40
[TRAIN] Validation improved | smoothed_avg_gap=0.2148 (raw=0.2148) | saving candidate: 340348315347634.pth
[TRAIN] Step 21/100 | 18:41:10
[TRAIN] Step 21 | Loss=0.784882 | Best makespan in group=412.00
[TRAIN] Step 22/100 | 18:42:20
[TRAIN] Step 22 | Loss=0.595140 | Best makespan in group=347.00
[TRAIN] Step 23/100 | 18:43:13
[TRAIN] Step 23 | Loss=0.714013 | Best makespan in group=348.00
[TRAIN] Step 24/100 | 18:44:34
[TRAIN] Step 24 | Loss=0.545733 | Best makespan in group=437.00
[TRAIN] Step 25/100 | 18:45:27
[TRAIN] Step 25 | Loss=0.684379 | Best makespan in group=347.00
[TRAIN] Step 26/100 | 18:46:36
[TRAIN] Step 26 | Loss=0.699267 | Best makespan in group=391.00
[TRAIN] Step 27/100 | 18:47:53
[TRAIN] Step 27 | Loss=0.825371 | Best makespan in group=368.00
[TRAIN] Step 28/100 | 18:49:03
[TRAIN] Step 28 | Loss=0.736144 | Best makespan in group=359.00
[TRAIN] Step 29/100 | 18:51:24
[TRAIN] Step 29 | Loss=0.563181 | Best makespan in group=375.00
[TRAIN] Step 30/100 | 18:52:55
[TRAIN] Step 30 | Loss=0.544883 | Best makespan in group=415.00
[TRAIN] Step 31/100 | 18:54:51
[TRAIN] Step 31 | Loss=0.538741 | Best makespan in group=402.00
[TRAIN] Step 32/100 | 18:56:18
[TRAIN] Step 32 | Loss=0.564690 | Best makespan in group=416.00
[TRAIN] Step 33/100 | 18:57:17
[TRAIN] Step 33 | Loss=0.858069 | Best makespan in group=447.00
[TRAIN] Step 34/100 | 18:58:33
[TRAIN] Step 34 | Loss=0.556638 | Best makespan in group=391.00
[TRAIN] Step 35/100 | 19:00:42
[TRAIN] Step 35 | Loss=0.662452 | Best makespan in group=367.00
[TRAIN] Step 36/100 | 19:02:35
[TRAIN] Step 36 | Loss=0.534554 | Best makespan in group=525.00
[TRAIN] Step 37/100 | 19:03:38
[TRAIN] Step 37 | Loss=0.788831 | Best makespan in group=440.00
[TRAIN] Step 38/100 | 19:04:28
[TRAIN] Step 38 | Loss=0.685316 | Best makespan in group=486.00
[TRAIN] Step 39/100 | 19:05:36
[TRAIN] Step 39 | Loss=0.515413 | Best makespan in group=473.00
[TRAIN] Step 40/100 | 19:06:40
[TRAIN] Step 40 | Loss=0.617439 | Best makespan in group=378.00
[TRAIN][VAL][ep 40] avg_gap=0.1820 | std_gap=0.0471 | q80_gap=0.2239 | n=40
[TRAIN] Validation improved | smoothed_avg_gap=0.1984 (raw=0.1820) | saving candidate: 743007149793350.pth
[TRAIN] Step 41/100 | 19:10:23
[TRAIN] Step 41 | Loss=0.484795 | Best makespan in group=327.00
[TRAIN] Step 42/100 | 19:12:35
[TRAIN] Step 42 | Loss=0.493021 | Best makespan in group=452.00
[TRAIN] Step 43/100 | 19:13:34
[TRAIN] Step 43 | Loss=0.701398 | Best makespan in group=420.00
[TRAIN] Step 44/100 | 19:15:12
[TRAIN] Step 44 | Loss=0.688374 | Best makespan in group=427.00
[TRAIN] Step 45/100 | 19:16:29
[TRAIN] Step 45 | Loss=0.737260 | Best makespan in group=353.00
[TRAIN] Step 46/100 | 19:17:44
[TRAIN] Step 46 | Loss=0.778835 | Best makespan in group=310.00
[TRAIN] Step 47/100 | 19:19:38
[TRAIN] Step 47 | Loss=0.522508 | Best makespan in group=461.00
[TRAIN] Step 48/100 | 19:21:19
[TRAIN] Step 48 | Loss=0.595098 | Best makespan in group=408.00
[TRAIN] Step 49/100 | 19:23:33
[TRAIN] Step 49 | Loss=0.655291 | Best makespan in group=370.00
[TRAIN] Step 50/100 | 19:25:07
[TRAIN] Step 50 | Loss=0.592231 | Best makespan in group=464.00
[TRAIN] Step 51/100 | 19:26:31
[TRAIN] Step 51 | Loss=0.527354 | Best makespan in group=412.00
[TRAIN] Step 52/100 | 19:27:45
[TRAIN] Step 52 | Loss=0.633667 | Best makespan in group=490.00
[TRAIN] Step 53/100 | 19:28:29
[TRAIN] Step 53 | Loss=0.942391 | Best makespan in group=396.00
[TRAIN] Step 54/100 | 19:29:48
[TRAIN] Step 54 | Loss=0.614196 | Best makespan in group=422.00
[TRAIN] Step 55/100 | 19:31:04
[TRAIN] Step 55 | Loss=0.670825 | Best makespan in group=416.00
[TRAIN] Step 56/100 | 19:32:11
[TRAIN] Step 56 | Loss=0.823335 | Best makespan in group=429.00
[TRAIN] Step 57/100 | 19:34:16
[TRAIN] Step 57 | Loss=0.637502 | Best makespan in group=451.00
[TRAIN] Step 58/100 | 19:35:15
[TRAIN] Step 58 | Loss=0.819684 | Best makespan in group=431.00
[TRAIN] Step 59/100 | 19:36:40
[TRAIN] Step 59 | Loss=0.533690 | Best makespan in group=418.00
[TRAIN] Step 60/100 | 19:37:31
[TRAIN] Step 60 | Loss=0.857809 | Best makespan in group=597.00
[TRAIN][VAL][ep 60] avg_gap=0.1903 | std_gap=0.0558 | q80_gap=0.2151 | n=40
[TRAIN] Validation improved | smoothed_avg_gap=0.1957 (raw=0.1903) | saving candidate: 540909225352874.pth
[TRAIN] Step 61/100 | 19:40:06
[TRAIN] Step 61 | Loss=0.801300 | Best makespan in group=395.00
[TRAIN] Step 62/100 | 19:41:10
[TRAIN] Step 62 | Loss=0.593476 | Best makespan in group=436.00
[TRAIN] Step 63/100 | 19:42:19
[TRAIN] Step 63 | Loss=0.607886 | Best makespan in group=489.00
[TRAIN] Step 64/100 | 19:43:27
[TRAIN] Step 64 | Loss=0.613192 | Best makespan in group=333.00
[TRAIN] Step 65/100 | 19:45:34
[TRAIN] Step 65 | Loss=0.588677 | Best makespan in group=365.00
[TRAIN] Step 66/100 | 19:46:43
[TRAIN] Step 66 | Loss=0.518930 | Best makespan in group=396.00
[TRAIN] Step 67/100 | 19:48:59
[TRAIN] Step 67 | Loss=0.643702 | Best makespan in group=499.00
[TRAIN] Step 68/100 | 19:50:09
[TRAIN] Step 68 | Loss=0.798992 | Best makespan in group=360.00
[TRAIN] Step 69/100 | 19:51:16
[TRAIN] Step 69 | Loss=0.558193 | Best makespan in group=357.00
[TRAIN] Step 70/100 | 19:53:19
[TRAIN] Step 70 | Loss=0.700584 | Best makespan in group=374.00
[TRAIN] Step 71/100 | 19:54:58
[TRAIN] Step 71 | Loss=0.625889 | Best makespan in group=365.00
[TRAIN] Step 72/100 | 19:55:57
[TRAIN] Step 72 | Loss=0.712677 | Best makespan in group=446.00
[TRAIN] Step 73/100 | 19:56:58
[TRAIN] Step 73 | Loss=0.717854 | Best makespan in group=498.00
[TRAIN] Step 74/100 | 19:57:57
[TRAIN] Step 74 | Loss=0.777121 | Best makespan in group=324.00
[TRAIN] Step 75/100 | 19:59:16
[TRAIN] Step 75 | Loss=0.705382 | Best makespan in group=419.00
[TRAIN] Step 76/100 | 20:00:03
[TRAIN] Step 76 | Loss=0.735046 | Best makespan in group=482.00
[TRAIN] Step 77/100 | 20:00:54
[TRAIN] Step 77 | Loss=0.789211 | Best makespan in group=340.00
[TRAIN] Step 78/100 | 20:01:53
[TRAIN] Step 78 | Loss=0.906528 | Best makespan in group=347.00
[TRAIN] Step 79/100 | 20:03:15
[TRAIN] Step 79 | Loss=0.700354 | Best makespan in group=349.00
[TRAIN] Step 80/100 | 20:04:25
[TRAIN] Step 80 | Loss=0.631162 | Best makespan in group=344.00
[TRAIN][VAL][ep 80] avg_gap=0.1718 | std_gap=0.0545 | q80_gap=0.2130 | n=40
[TRAIN] Validation improved | smoothed_avg_gap=0.1814 (raw=0.1718) | saving candidate: 824251147473044.pth
[TRAIN] Step 81/100 | 20:07:07
[TRAIN] Step 81 | Loss=0.555600 | Best makespan in group=371.00
[TRAIN] Step 82/100 | 20:09:16
[TRAIN] Step 82 | Loss=0.742051 | Best makespan in group=372.00
[TRAIN] Step 83/100 | 20:11:31
[TRAIN] Step 83 | Loss=0.587789 | Best makespan in group=369.00
[TRAIN] Step 84/100 | 20:12:43
[TRAIN] Step 84 | Loss=0.628708 | Best makespan in group=505.00
[TRAIN] Step 85/100 | 20:14:09
[TRAIN] Step 85 | Loss=0.509955 | Best makespan in group=354.00
[TRAIN] Step 86/100 | 20:15:27
[TRAIN] Step 86 | Loss=0.558864 | Best makespan in group=456.00
[TRAIN] Step 87/100 | 20:16:30
[TRAIN] Step 87 | Loss=0.575623 | Best makespan in group=347.00
[TRAIN] Step 88/100 | 20:18:25
[TRAIN] Step 88 | Loss=0.594437 | Best makespan in group=382.00
[TRAIN] Step 89/100 | 20:20:15
[TRAIN] Step 89 | Loss=0.602302 | Best makespan in group=527.00
[TRAIN] Step 90/100 | 20:20:58
[TRAIN] Step 90 | Loss=0.600616 | Best makespan in group=395.00
[TRAIN] Step 91/100 | 20:21:46
[TRAIN] Step 91 | Loss=0.637868 | Best makespan in group=474.00
[TRAIN] Step 92/100 | 20:22:33
[TRAIN] Step 92 | Loss=0.583247 | Best makespan in group=355.00
[TRAIN] Step 93/100 | 20:24:05
[TRAIN] Step 93 | Loss=0.659175 | Best makespan in group=403.00
[TRAIN] Step 94/100 | 20:25:32
[TRAIN] Step 94 | Loss=0.621746 | Best makespan in group=457.00
[TRAIN] Step 95/100 | 20:26:35
[TRAIN] Step 95 | Loss=0.786066 | Best makespan in group=380.00
[TRAIN] Step 96/100 | 20:28:16
[TRAIN] Step 96 | Loss=0.902686 | Best makespan in group=385.00
[TRAIN] Step 97/100 | 20:29:26
[TRAIN] Step 97 | Loss=0.726377 | Best makespan in group=473.00
[TRAIN] Step 98/100 | 20:30:14
[TRAIN] Step 98 | Loss=0.686582 | Best makespan in group=444.00
[TRAIN] Step 99/100 | 20:31:07
[TRAIN] Step 99 | Loss=0.639569 | Best makespan in group=402.00
[TRAIN] Step 100/100 | 20:32:38
[TRAIN] Step 100 | Loss=0.801233 | Best makespan in group=363.00
[TRAIN][VAL][ep 100] avg_gap=0.1708 | std_gap=0.0444 | q80_gap=0.2168 | n=40
[TRAIN] Validation improved | smoothed_avg_gap=0.1776 (raw=0.1708) | saving candidate: 828719321786980.pth
[TRAIN] Evaluating best checkpoint (candidate_models/828719321786980.pth) on the held-out test split...
[TRAIN][TEST] avg_gap=0.1876 | std_gap=0.0541 | q80_gap=0.2153 | n=40
[TRAIN][20:36:21] Training ended. Validation history and plots updated.
[MAIN] Training representation=ojm | run_name=train_sel-k100_400_trans_ojm | gnn_type=transformer
============================================================
[TRAIN] Training started at: 2026-09-26 20:36:21
[TRAIN] Hyperparams | max_steps=100 | new_freq=500
[TRAIN]             | n_cases=100 | B=64 | K=16 | use_greedy=True | lr=0.0005 (decaying to 1.00e-04)
[TRAIN]             | warm_start_steps=200 | checkpoint_smooth_window=3 | seed=None
[TRAIN]             | hidden_channels=128 | num_layers=3 | heads=3
[TRAIN]             | logp_norm=mean | exclude_greedy_from_loss=True
[TRAIN] Representation | ojm | GNN | transformer | jm_design | baseline
[TRAIN] Problem size | jobs=[8,10] | machines=[5,10] | ops_per_job=[5,6] | max_proc=100
============================================================
[TRAIN] Output run folder: results\train_sel-k100_400_trans_ojm
[VALIDATION] Note: using the existing fixed validation dataset at val/validation_dataset.json (40 instances) - the requested sample_size=20 is ignored so every run stays comparable. Delete val/validation_dataset.json (and its paired val/test_dataset.json) to regenerate both splits at a new size.
[TRAIN] Validation config | every=20 steps | instances=40 (representative subset)
[TRAIN] Warm-start (behavior cloning vs. dispatch heuristic) | 200 step(s)...
[TRAIN][WARMSTART] step 10/200 | instance=15 | bc_loss=2.4182 | decisions=45
[TRAIN][WARMSTART] step 20/200 | instance=79 | bc_loss=2.2384 | decisions=45
[TRAIN][WARMSTART] step 30/200 | instance=14 | bc_loss=2.1497 | decisions=42
[TRAIN][WARMSTART] step 40/200 | instance=83 | bc_loss=2.4337 | decisions=49
[TRAIN][WARMSTART] step 50/200 | instance=72 | bc_loss=2.2366 | decisions=54
[TRAIN][WARMSTART] step 60/200 | instance=80 | bc_loss=2.1548 | decisions=55
[TRAIN][WARMSTART] step 70/200 | instance=63 | bc_loss=1.4272 | decisions=48
[TRAIN][WARMSTART] step 80/200 | instance=47 | bc_loss=1.3655 | decisions=43
[TRAIN][WARMSTART] step 90/200 | instance=97 | bc_loss=1.4103 | decisions=43
[TRAIN][WARMSTART] step 100/200 | instance=70 | bc_loss=2.3839 | decisions=43
[TRAIN][WARMSTART] step 110/200 | instance=44 | bc_loss=1.6199 | decisions=43
[TRAIN][WARMSTART] step 120/200 | instance=29 | bc_loss=2.0928 | decisions=43
[TRAIN][WARMSTART] step 130/200 | instance=35 | bc_loss=2.1702 | decisions=52
[TRAIN][WARMSTART] step 140/200 | instance=95 | bc_loss=1.9068 | decisions=56
[TRAIN][WARMSTART] step 150/200 | instance=59 | bc_loss=1.6776 | decisions=54
[TRAIN][WARMSTART] step 160/200 | instance=12 | bc_loss=1.5000 | decisions=49
[TRAIN][WARMSTART] step 170/200 | instance=98 | bc_loss=1.6386 | decisions=55
[TRAIN][WARMSTART] step 180/200 | instance=74 | bc_loss=1.5551 | decisions=54
[TRAIN][WARMSTART] step 190/200 | instance=71 | bc_loss=2.5441 | decisions=48
[TRAIN][WARMSTART] step 200/200 | instance=97 | bc_loss=1.2185 | decisions=43
[TRAIN] Warm-start complete, switching to BOPO preference optimization.
------------------------------------------------------------
[TRAIN] BOPO agent ready. Starting training loop for 100 step(s)...
------------------------------------------------------------
[TRAIN] Step 1/100 | 20:51:14
[TRAIN] Step 1 | Loss=0.558271 | Best makespan in group=430.00
[TRAIN] Step 2/100 | 20:52:28
[TRAIN] Step 2 | Loss=0.762437 | Best makespan in group=447.00
[TRAIN] Step 3/100 | 20:55:01
[TRAIN] Step 3 | Loss=0.599562 | Best makespan in group=478.00
[TRAIN] Step 4/100 | 20:56:22
[TRAIN] Step 4 | Loss=0.565763 | Best makespan in group=365.00
[TRAIN] Step 5/100 | 20:58:41
[TRAIN] Step 5 | Loss=0.608182 | Best makespan in group=444.00
[TRAIN] Step 6/100 | 20:59:53
[TRAIN] Step 6 | Loss=0.715949 | Best makespan in group=416.00
[TRAIN] Step 7/100 | 21:02:20
[TRAIN] Step 7 | Loss=0.810415 | Best makespan in group=410.00
[TRAIN] Step 8/100 | 21:03:29
[TRAIN] Step 8 | Loss=0.604297 | Best makespan in group=416.00
[TRAIN] Step 9/100 | 21:05:11
[TRAIN] Step 9 | Loss=0.748713 | Best makespan in group=421.00
[TRAIN] Step 10/100 | 21:07:59
[TRAIN] Step 10 | Loss=0.738767 | Best makespan in group=419.00
[TRAIN] Step 11/100 | 21:10:53
[TRAIN] Step 11 | Loss=0.599723 | Best makespan in group=396.00
[TRAIN] Step 12/100 | 21:13:33
[TRAIN] Step 12 | Loss=0.598865 | Best makespan in group=352.00
[TRAIN] Step 13/100 | 21:16:01
[TRAIN] Step 13 | Loss=0.618990 | Best makespan in group=388.00
[TRAIN] Step 14/100 | 21:18:48
[TRAIN] Step 14 | Loss=0.577569 | Best makespan in group=380.00
[TRAIN] Step 15/100 | 21:21:53
[TRAIN] Step 15 | Loss=0.707741 | Best makespan in group=381.00
[TRAIN] Step 16/100 | 21:23:16
[TRAIN] Step 16 | Loss=0.596555 | Best makespan in group=431.00
[TRAIN] Step 17/100 | 21:24:58
[TRAIN] Step 17 | Loss=0.654140 | Best makespan in group=342.00
[TRAIN] Step 18/100 | 21:27:30
[TRAIN] Step 18 | Loss=0.675542 | Best makespan in group=512.00
[TRAIN] Step 19/100 | 21:29:47
[TRAIN] Step 19 | Loss=0.775327 | Best makespan in group=375.00
[TRAIN] Step 20/100 | 21:31:47
[TRAIN] Step 20 | Loss=0.644192 | Best makespan in group=442.00
[TRAIN][VAL][ep 20] avg_gap=0.2423 | std_gap=0.0945 | q80_gap=0.3442 | n=40
[TRAIN] Validation improved | smoothed_avg_gap=0.2423 (raw=0.2423) | saving candidate: 58835097019962.pth
[TRAIN] Step 21/100 | 21:35:39
[TRAIN] Step 21 | Loss=0.773628 | Best makespan in group=391.00
[TRAIN] Step 22/100 | 21:37:39
[TRAIN] Step 22 | Loss=0.822115 | Best makespan in group=619.00
[TRAIN] Step 23/100 | 21:39:43
[TRAIN] Step 23 | Loss=0.756818 | Best makespan in group=373.00
[TRAIN] Step 24/100 | 21:41:52
[TRAIN] Step 24 | Loss=0.719294 | Best makespan in group=349.00
[TRAIN] Step 25/100 | 21:43:52
[TRAIN] Step 25 | Loss=0.663511 | Best makespan in group=403.00
[TRAIN] Step 26/100 | 21:46:48
[TRAIN] Step 26 | Loss=0.701951 | Best makespan in group=453.00
[TRAIN] Step 27/100 | 21:48:32
[TRAIN] Step 27 | Loss=0.730528 | Best makespan in group=351.00
[TRAIN] Step 28/100 | 21:51:49
[TRAIN] Step 28 | Loss=0.753536 | Best makespan in group=408.00
[TRAIN] Step 29/100 | 21:55:40
[TRAIN] Step 29 | Loss=0.737972 | Best makespan in group=391.00
[TRAIN] Step 30/100 | 21:57:47
[TRAIN] Step 30 | Loss=0.727674 | Best makespan in group=376.00
[TRAIN] Step 31/100 | 21:59:05
[TRAIN] Step 31 | Loss=0.762632 | Best makespan in group=313.00
[TRAIN] Step 32/100 | 22:01:02
[TRAIN] Step 32 | Loss=0.721284 | Best makespan in group=327.00
[TRAIN] Step 33/100 | 22:03:54
[TRAIN] Step 33 | Loss=0.760841 | Best makespan in group=544.00
[TRAIN] Step 34/100 | 22:06:34
[TRAIN] Step 34 | Loss=0.746851 | Best makespan in group=325.00
[TRAIN] Step 35/100 | 22:08:35
[TRAIN] Step 35 | Loss=0.693285 | Best makespan in group=410.00
[TRAIN] Step 36/100 | 22:09:51
[TRAIN] Step 36 | Loss=0.747509 | Best makespan in group=350.00
[TRAIN] Step 37/100 | 22:11:10
[TRAIN] Step 37 | Loss=0.795201 | Best makespan in group=372.00
[TRAIN] Step 38/100 | 22:12:59
[TRAIN] Step 38 | Loss=0.599726 | Best makespan in group=401.00
[TRAIN] Step 39/100 | 22:15:14
[TRAIN] Step 39 | Loss=0.695866 | Best makespan in group=470.00
[TRAIN] Step 40/100 | 22:17:57
[TRAIN] Step 40 | Loss=0.697191 | Best makespan in group=444.00
[TRAIN][VAL][ep 40] avg_gap=0.1705 | std_gap=0.0556 | q80_gap=0.2153 | n=40
[TRAIN] Validation improved | smoothed_avg_gap=0.2064 (raw=0.1705) | saving candidate: 379256626291969.pth
[TRAIN] Step 41/100 | 22:22:44
[TRAIN] Step 41 | Loss=0.585994 | Best makespan in group=359.00
[TRAIN] Step 42/100 | 22:24:42
[TRAIN] Step 42 | Loss=0.607384 | Best makespan in group=532.00
[TRAIN] Step 43/100 | 22:26:41
[TRAIN] Step 43 | Loss=0.523076 | Best makespan in group=412.00
[TRAIN] Step 44/100 | 22:28:50
[TRAIN] Step 44 | Loss=0.491287 | Best makespan in group=365.00
[TRAIN] Step 45/100 | 22:32:26
[TRAIN] Step 45 | Loss=0.699422 | Best makespan in group=409.00
[TRAIN] Step 46/100 | 22:34:55
[TRAIN] Step 46 | Loss=0.633582 | Best makespan in group=450.00
[TRAIN] Step 47/100 | 22:36:39
[TRAIN] Step 47 | Loss=0.704267 | Best makespan in group=405.00
[TRAIN] Step 48/100 | 22:38:52
[TRAIN] Step 48 | Loss=0.540505 | Best makespan in group=346.00
[TRAIN] Step 49/100 | 22:41:12
[TRAIN] Step 49 | Loss=0.689819 | Best makespan in group=322.00
[TRAIN] Step 50/100 | 22:43:48
[TRAIN] Step 50 | Loss=0.726980 | Best makespan in group=372.00
[TRAIN] Step 51/100 | 22:46:15
[TRAIN] Step 51 | Loss=0.595178 | Best makespan in group=496.00
[TRAIN] Step 52/100 | 22:47:53
[TRAIN] Step 52 | Loss=0.571960 | Best makespan in group=487.00
[TRAIN] Step 53/100 | 22:51:17
[TRAIN] Step 53 | Loss=0.738992 | Best makespan in group=357.00
[TRAIN] Step 54/100 | 22:55:16
[TRAIN] Step 54 | Loss=0.647470 | Best makespan in group=524.00
[TRAIN] Step 55/100 | 22:57:14
[TRAIN] Step 55 | Loss=0.669043 | Best makespan in group=480.00
[TRAIN] Step 56/100 | 22:59:49
[TRAIN] Step 56 | Loss=0.698322 | Best makespan in group=503.00
[TRAIN] Step 57/100 | 23:01:11
[TRAIN] Step 57 | Loss=0.672858 | Best makespan in group=376.00
[TRAIN] Step 58/100 | 23:03:30
[TRAIN] Step 58 | Loss=0.712465 | Best makespan in group=385.00
[TRAIN] Step 59/100 | 23:07:08
[TRAIN] Step 59 | Loss=1.019277 | Best makespan in group=377.00
[TRAIN] Step 60/100 | 23:10:04
[TRAIN] Step 60 | Loss=0.663233 | Best makespan in group=359.00
[TRAIN][VAL][ep 60] avg_gap=0.1416 | std_gap=0.0497 | q80_gap=0.1633 | n=40
[TRAIN] Validation improved | smoothed_avg_gap=0.1848 (raw=0.1416) | saving candidate: 991604713537307.pth
[TRAIN] Step 61/100 | 23:14:52
[TRAIN] Step 61 | Loss=0.638211 | Best makespan in group=414.00
[TRAIN] Step 62/100 | 23:18:14
[TRAIN] Step 62 | Loss=0.682429 | Best makespan in group=319.00
[TRAIN] Step 63/100 | 23:19:34
[TRAIN] Step 63 | Loss=0.655133 | Best makespan in group=445.00
[TRAIN] Step 64/100 | 23:21:52
[TRAIN] Step 64 | Loss=0.689753 | Best makespan in group=401.00
[TRAIN] Step 65/100 | 23:23:42
[TRAIN] Step 65 | Loss=0.532629 | Best makespan in group=432.00
[TRAIN] Step 66/100 | 23:26:20
[TRAIN] Step 66 | Loss=0.574778 | Best makespan in group=352.00
[TRAIN] Step 67/100 | 23:29:13
[TRAIN] Step 67 | Loss=0.654157 | Best makespan in group=450.00
[TRAIN] Step 68/100 | 23:30:56
[TRAIN] Step 68 | Loss=0.510529 | Best makespan in group=359.00
[TRAIN] Step 69/100 | 23:33:33
[TRAIN] Step 69 | Loss=0.635728 | Best makespan in group=414.00
[TRAIN] Step 70/100 | 23:34:51
[TRAIN] Step 70 | Loss=0.585569 | Best makespan in group=453.00
[TRAIN] Step 71/100 | 23:36:37
[TRAIN] Step 71 | Loss=0.667266 | Best makespan in group=405.00
[TRAIN] Step 72/100 | 23:39:22
[TRAIN] Step 72 | Loss=0.702301 | Best makespan in group=351.00
[TRAIN] Step 73/100 | 23:40:54
[TRAIN] Step 73 | Loss=0.626861 | Best makespan in group=349.00
[TRAIN] Step 74/100 | 23:42:23
[TRAIN] Step 74 | Loss=0.623065 | Best makespan in group=370.00
[TRAIN] Step 75/100 | 23:45:06
[TRAIN] Step 75 | Loss=0.811541 | Best makespan in group=413.00
[TRAIN] Step 76/100 | 23:47:10
[TRAIN] Step 76 | Loss=0.597053 | Best makespan in group=371.00
[TRAIN] Step 77/100 | 23:49:10
[TRAIN] Step 77 | Loss=0.717795 | Best makespan in group=512.00
[TRAIN] Step 78/100 | 23:51:21
[TRAIN] Step 78 | Loss=0.715731 | Best makespan in group=458.00
[TRAIN] Step 79/100 | 23:53:47
[TRAIN] Step 79 | Loss=0.578153 | Best makespan in group=412.00
[TRAIN] Step 80/100 | 23:56:24
[TRAIN] Step 80 | Loss=0.683857 | Best makespan in group=366.00
[TRAIN][VAL][ep 80] avg_gap=0.1339 | std_gap=0.0321 | q80_gap=0.1624 | n=40
[TRAIN] Validation improved | smoothed_avg_gap=0.1487 (raw=0.1339) | saving candidate: 175486180460903.pth
[TRAIN] Step 81/100 | 00:01:48
[TRAIN] Step 81 | Loss=0.519924 | Best makespan in group=473.00
[TRAIN] Step 82/100 | 00:03:12
[TRAIN] Step 82 | Loss=0.701441 | Best makespan in group=426.00
[TRAIN] Step 83/100 | 00:05:04
[TRAIN] Step 83 | Loss=0.700099 | Best makespan in group=404.00
[TRAIN] Step 84/100 | 00:07:19
[TRAIN] Step 84 | Loss=0.654725 | Best makespan in group=499.00
[TRAIN] Step 85/100 | 00:09:45
[TRAIN] Step 85 | Loss=0.558523 | Best makespan in group=342.00
[TRAIN] Step 86/100 | 00:12:08
[TRAIN] Step 86 | Loss=0.557169 | Best makespan in group=337.00
[TRAIN] Step 87/100 | 00:14:33
[TRAIN] Step 87 | Loss=0.693199 | Best makespan in group=378.00
[TRAIN] Step 88/100 | 00:15:50
[TRAIN] Step 88 | Loss=0.707118 | Best makespan in group=481.00
[TRAIN] Step 89/100 | 00:18:11
[TRAIN] Step 89 | Loss=0.658805 | Best makespan in group=521.00
[TRAIN] Step 90/100 | 00:20:19
[TRAIN] Step 90 | Loss=0.484153 | Best makespan in group=328.00
[TRAIN] Step 91/100 | 00:22:11
[TRAIN] Step 91 | Loss=0.584972 | Best makespan in group=415.00
[TRAIN] Step 92/100 | 00:24:48
[TRAIN] Step 92 | Loss=0.570067 | Best makespan in group=332.00
[TRAIN] Step 93/100 | 00:27:09
[TRAIN] Step 93 | Loss=0.756029 | Best makespan in group=430.00
[TRAIN] Step 94/100 | 00:28:54
[TRAIN] Step 94 | Loss=0.623999 | Best makespan in group=331.00
[TRAIN] Step 95/100 | 00:30:28
[TRAIN] Step 95 | Loss=0.633415 | Best makespan in group=324.00
[TRAIN] Step 96/100 | 00:33:09
[TRAIN] Step 96 | Loss=0.718838 | Best makespan in group=410.00
[TRAIN] Step 97/100 | 00:35:35
[TRAIN] Step 97 | Loss=0.541545 | Best makespan in group=331.00
[TRAIN] Step 98/100 | 00:37:41
[TRAIN] Step 98 | Loss=0.722524 | Best makespan in group=409.00
[TRAIN] Step 99/100 | 00:40:17
[TRAIN] Step 99 | Loss=0.607589 | Best makespan in group=386.00
[TRAIN] Step 100/100 | 00:41:48
[TRAIN] Step 100 | Loss=0.698580 | Best makespan in group=380.00
[TRAIN][VAL][ep 100] avg_gap=0.1241 | std_gap=0.0318 | q80_gap=0.1455 | n=40
[TRAIN] Validation improved | smoothed_avg_gap=0.1332 (raw=0.1241) | saving candidate: 257604283185094.pth
[TRAIN] Evaluating best checkpoint (candidate_models/257604283185094.pth) on the held-out test split...
[TRAIN][TEST] avg_gap=0.1455 | std_gap=0.0663 | q80_gap=0.1677 | n=40
[TRAIN][00:48:57] Training ended. Validation history and plots updated.
[MAIN] Run finished at 2026-09-27 00:48:57
============================================================
